[09:51:57.998] [OK] filters loaded
[09:52:00.495] [INFO] START_CLICK received enabled=True api_ready=True running=False
[09:52:00.497] [INFO] START_SETTINGS live_enabled=True guard_mode=FAST entry_mode=AGGRESSIVE exit_engine=True order_size=5000.0
[09:52:00.498] [INFO] START_PROFILE guard=FAST/True entry=AGGRESSIVE/repr=True exit=eng:True,timeout:3000 taker=True/2600 order=5000.0 spread=min:5.0,target:3.0
[09:52:01.027] [EXCHANGE] symbol=BTCU base=BTC quote=U status=TRADING permissions=[]
[09:52:01.032] [OK] START
[09:52:01.036] [OK] START_OK runtime_started
[09:52:01.349] [INFO] [EXEC] LIVE ON
[09:52:01.350] [INFO] [EXEC] WAIT READY
[09:52:01.350] [WARNING] [HEALTH] block spread_too_young lifetime=0
[09:52:01.351] [WARNING] [HEALTH] unstable_spread lifetime=0
[09:52:01.352] [WARNING] [EXEC] BLOCK_BUY reason=ws_stale mode=FAST ws_age=None spread=5.70 stable=1/1 mid_delta=0.00 bid_delta=0.00
[09:52:01.881] [WS] primary url=wss://stream.binance.com:9443/ws/btcu@bookTicker
[09:52:01.882] [WS] connecting primary
[09:52:02.891] [WS] connected
[09:52:05.169] [INFO] [EXEC] SELL ACCOUNTING RESET new_cycle
[09:52:05.174] [OK] [EXEC] BUY ORDER SENT orderId=385038678 price=80857.28 qty=0.061830
[09:52:05.176] [OK] [EXEC] PLACE BUY price=80857.28 qty=0.061830
[09:52:06.187] [OK] [EXEC] BUY FILL UPDATE delta=0.061830 avg=80857.28
[09:52:06.191] [OK] [EXEC] CHUNK ADD qty=0.061830 entry=80857.28
[09:52:06.194] [INFO] [EXEC] CHUNK COUNT n=1
[09:52:06.197] [OK] [EXEC] INVENTORY qty=0.061830
[09:52:06.203] [OK] [EXEC] SELL REQUIRED inventory=0.061830
[09:52:06.204] [OK] [EXEC] BUY PARTIAL delta=0.061830 total=0.061830
[09:52:06.205] [OK] [EXEC] BUY REMAINING qty=0.000000
[09:52:06.206] [OK] [EXEC] BUY FILLED id=385038678
[09:52:06.750] [OK] [SYNC] order filled detected
[09:52:06.751] [OK] [SYNC] BUY filled on exchange
[09:52:07.748] [INFO] [EXEC] SELL CHECK inventory=0.061830 reported=0.000000 remaining=0.061830 chunks=1
[09:52:07.750] [OK] [EXEC] PLACE SELL price=80857.30 qty=0.061830
[09:52:08.015] [OK] [EXEC] SELL ORDER SENT orderId=385038842
[09:52:10.969] [WARNING] [EXEC] TAKER_EXIT_TRIGGER reason=timeout_after_ms age=2960 qty=0.061830
[09:52:10.972] [WARNING] [EXEC] TAKER_EXIT_CANCEL_MAKER orderId=385038842
[09:52:12.092] [WARNING] [EXEC] TAKER_EXIT_ORDER_SENT id=385038909 price=80852.26 qty=0.061830
[09:52:13.124] [WARNING] [SYNC] desync fixed
[09:52:13.246] [INFO] [EXEC] EXIT RECOVERY inventory_no_sell qty=0.061830
[09:52:13.832] [INFO] [EXEC] SELL CHECK inventory=0.061830 reported=0.000000 remaining=0.061830 chunks=1
[09:52:13.837] [OK] [EXEC] PLACE SELL price=80857.30 qty=0.061830
[09:52:14.121] [OK] [EXEC] SELL ORDER SENT orderId=385038983
[09:52:18.329] [INFO] [EXEC] SELL_WATCHDOG_SYNC orderId=385038983 status=NEW
[09:52:18.333] [WARNING] [EXEC] SELL_WATCHDOG_FAR_CANCEL orderId=385038983 price=80857.30 ask=80856.77 dist_ticks=52
[09:52:19.608] [INFO] [EXEC] SELL CHECK inventory=0.061830 reported=0.000000 remaining=0.061830 chunks=1
[09:52:19.611] [OK] [EXEC] PLACE SELL price=80857.30 qty=0.061830
[09:52:19.875] [OK] [EXEC] SELL ORDER SENT orderId=385039204
[09:52:20.594] [OK] [SYNC] order filled detected
[09:52:20.595] [OK] [SYNC] SELL filled on exchange
[09:52:20.595] [OK] [EXEC] FIFO CLOSE qty=0.061830 entry=80857.28 exit=80857.29 pnl=+0.000618
[09:52:20.596] [INFO] [EXEC] CHUNK DRAINED
[09:52:20.598] [OK] [EXEC] REALIZED pnl=+0.000618
[09:52:20.599] [INFO] [EXEC] SELL ACCOUNTING RESET flat
[09:52:20.601] [OK] [EXEC] CYCLE CLOSED pnl=+0.000618
[09:52:20.601] [INFO] [EXEC] SESSION realized=+0.000618 wins=1 losses=0
[09:52:28.105] [INFO] [HEALTH] state=GOOD
[09:52:28.367] [INFO] [EXEC] SELL ACCOUNTING RESET new_cycle
[09:52:28.371] [OK] [EXEC] BUY ORDER SENT orderId=385039294 price=80854.58 qty=0.061830
[09:52:28.372] [OK] [EXEC] PLACE BUY price=80854.58 qty=0.061830
[09:52:29.387] [INFO] [EXEC] ENTRY_REPRICE reason=wide_spread_cross old=80854.58 new=80859.31 count=1
[09:52:29.919] [OK] [EXEC] ENTRY_PLACE price=80859.31 qty=0.061830
[09:52:30.467] [OK] [SYNC] order filled detected
[09:52:30.470] [OK] [SYNC] BUY filled on exchange
[09:52:30.471] [OK] [EXEC] BUY FILL UPDATE delta=0.061830 avg=80859.20
[09:52:30.472] [OK] [EXEC] CHUNK ADD qty=0.061830 entry=80859.20
[09:52:30.474] [INFO] [EXEC] CHUNK COUNT n=1
[09:52:30.475] [OK] [EXEC] INVENTORY qty=0.061830
[09:52:30.476] [OK] [EXEC] SELL REQUIRED inventory=0.061830
[09:52:31.226] [INFO] [EXEC] SELL CHECK inventory=0.061830 reported=0.000000 remaining=0.061830 chunks=1
[09:52:31.228] [OK] [EXEC] PLACE SELL price=80864.99 qty=0.061830
[09:52:31.492] [OK] [EXEC] SELL ORDER SENT orderId=385039402
[09:52:34.955] [INFO] [EXEC] SELL_WATCHDOG_SYNC orderId=385039402 status=NEW
[09:52:34.958] [WARNING] [EXEC] SELL_WATCHDOG_FAR_CANCEL orderId=385039402 price=80864.99 ask=80859.43 dist_ticks=556
[09:52:36.306] [INFO] [EXEC] SELL CHECK inventory=0.061830 reported=0.000000 remaining=0.061830 chunks=1
[09:52:36.307] [OK] [EXEC] PLACE SELL price=80859.22 qty=0.061830
[09:52:36.587] [OK] [EXEC] SELL ORDER SENT orderId=385039470
[09:52:39.281] [OK] [SYNC] order filled detected
[09:52:39.283] [OK] [SYNC] SELL filled on exchange
[09:52:39.284] [OK] [EXEC] FIFO CLOSE qty=0.061830 entry=80859.20 exit=80859.21 pnl=+0.000862
[09:52:39.287] [INFO] [EXEC] CHUNK DRAINED
[09:52:39.290] [OK] [EXEC] REALIZED pnl=+0.000862
[09:52:39.293] [INFO] [EXEC] SELL ACCOUNTING RESET flat
[09:52:39.296] [OK] [EXEC] CYCLE CLOSED pnl=+0.000862
[09:52:39.299] [INFO] [EXEC] SESSION realized=+0.001480 wins=2 losses=0
[09:52:48.659] [INFO] [HEALTH] state=GOOD
[09:52:48.955] [INFO] [EXEC] SELL ACCOUNTING RESET new_cycle
[09:52:48.959] [OK] [EXEC] BUY ORDER SENT orderId=385039679 price=80851.60 qty=0.061840
[09:52:48.960] [OK] [EXEC] PLACE BUY price=80851.60 qty=0.061840
[09:52:49.959] [INFO] [EXEC] ENTRY_REPRICE reason=wide_spread_cross old=80851.60 new=80857.23 count=1
[09:52:50.479] [OK] [EXEC] ENTRY_PLACE price=80857.23 qty=0.061840
[09:52:51.446] [WARNING] [EXEC] BUY TIMEOUT orderId=385039766
[09:52:51.450] [WARNING] [EXEC] CANCEL BUY orderId=385039766
[09:52:51.714] [OK] [EXEC] BUY CANCELED confirmed
[09:52:51.976] [INFO] [EXEC] BUY FINAL STATUS status=CANCELED orderId=385039766
[09:52:51.979] [WARNING] [EXEC] BLOCK reason=buy_not_filled
[09:52:53.211] [INFO] [EXEC] SELL ACCOUNTING RESET new_cycle
[09:52:53.215] [OK] [EXEC] BUY ORDER SENT orderId=385039810 price=80851.00 qty=0.061840
[09:52:53.215] [OK] [EXEC] PLACE BUY price=80851.00 qty=0.061840
[09:52:54.223] [INFO] [EXEC] ENTRY_REPRICE reason=wide_spread_cross old=80851.00 new=80854.50 count=1
[09:52:54.752] [OK] [EXEC] ENTRY_PLACE price=80854.50 qty=0.061840
[09:52:55.290] [OK] [SYNC] order filled detected
[09:52:55.291] [OK] [SYNC] BUY filled on exchange
[09:52:55.292] [OK] [EXEC] BUY FILL UPDATE delta=0.061840 avg=80854.50
[09:52:55.293] [OK] [EXEC] CHUNK ADD qty=0.061840 entry=80854.50
[09:52:55.294] [INFO] [EXEC] CHUNK COUNT n=1
[09:52:55.295] [OK] [EXEC] INVENTORY qty=0.061840
[09:52:55.296] [OK] [EXEC] SELL REQUIRED inventory=0.061840
[09:52:56.026] [INFO] [EXEC] SELL CHECK inventory=0.061840 reported=0.000000 remaining=0.061830 chunks=1
[09:52:56.028] [OK] [EXEC] PLACE SELL price=80854.52 qty=0.061830
[09:52:56.317] [OK] [EXEC] SELL ORDER SENT orderId=385039913
[09:52:57.532] [INFO] [EXEC] SELL UPSIZE old=0.061830 new=0.061840
[09:52:57.535] [WARNING] [EXEC] SELL TIMEOUT orderId=385039913
[09:52:57.536] [WARNING] [EXEC] CANCEL SELL orderId=385039913
[09:52:58.159] [INFO] [EXEC] SELL FINAL STATUS status=CANCELED orderId=385039913
[09:52:58.162] [INFO] [EXEC] SELL TIMEOUT check fast_exit
[09:52:58.167] [WARNING] [EXEC] FORCE EXIT hard_sl_triggered
[09:52:58.169] [ERROR] [EXEC] HARD SL triggered
[09:52:58.172] [WARNING] [EXEC] PANIC EXIT sl_mode
[09:52:58.444] [WARNING] [EXEC] FORCE EXIT price=80853.17
[09:52:58.447] [OK] [EXEC] PLACE SELL price=80853.17 qty=0.061830
[09:52:58.717] [WARNING] [EXEC] PANIC START price=80853.17
[09:52:58.721] [OK] [EXEC] SELL ORDER SENT orderId=385039917
[09:52:59.591] [INFO] [EXEC] SELL_UPSIZE_SKIPPED reason=exit_or_panic_active
[09:53:00.555] [INFO] [EXEC] SELL_WATCHDOG_SYNC orderId=385039917 status=NEW
[09:53:00.559] [WARNING] [EXEC] SELL_WATCHDOG_FAR_CANCEL orderId=385039917 price=80853.17 ask=80850.87 dist_ticks=230
[09:53:01.893] [INFO] [EXEC] SELL CHECK inventory=0.061840 reported=0.000000 remaining=0.061830 chunks=1
[09:53:01.896] [OK] [EXEC] PLACE SELL price=80854.52 qty=0.061830
[09:53:02.183] [OK] [EXEC] SELL ORDER SENT orderId=385040054
[09:53:05.377] [INFO] [EXEC] SELL_WATCHDOG_SYNC orderId=385040054 status=NEW
[09:53:05.382] [WARNING] [EXEC] SELL_WATCHDOG_FAR_CANCEL orderId=385040054 price=80854.52 ask=80849.42 dist_ticks=510
[09:53:06.692] [INFO] [EXEC] SELL CHECK inventory=0.061840 reported=0.000000 remaining=0.061830 chunks=1
[09:53:06.694] [OK] [EXEC] PLACE SELL price=80854.52 qty=0.061830
[09:53:06.987] [OK] [EXEC] SELL ORDER SENT orderId=385040133
[09:53:10.798] [INFO] [EXEC] SELL_WATCHDOG_SYNC orderId=385040133 status=NEW
[09:53:10.802] [WARNING] [EXEC] SELL_WATCHDOG_FAR_CANCEL orderId=385040133 price=80854.52 ask=80848.99 dist_ticks=552
[09:53:12.038] [INFO] [EXEC] SELL CHECK inventory=0.061840 reported=0.000000 remaining=0.061830 chunks=1
[09:53:12.041] [OK] [EXEC] PLACE SELL price=80854.52 qty=0.061830
[09:53:12.310] [OK] [EXEC] SELL ORDER SENT orderId=385040214
[09:53:15.387] [INFO] [EXEC] SELL_WATCHDOG_SYNC orderId=385040214 status=NEW
[09:53:15.391] [WARNING] [EXEC] SELL_WATCHDOG_FAR_CANCEL orderId=385040214 price=80854.52 ask=80849.57 dist_ticks=494
[09:53:16.607] [INFO] [EXEC] SELL CHECK inventory=0.061840 reported=0.000000 remaining=0.061830 chunks=1
[09:53:16.610] [OK] [EXEC] PLACE SELL price=80854.52 qty=0.061830
[09:53:16.906] [OK] [EXEC] SELL ORDER SENT orderId=385040287
[09:53:16.911] [OK] [PLAN] HOT entry=80843.91 exit=80848.57 profit=0.288174 age=1986ms
[09:53:18.155] [OK] [PLAN] READY entry=80844.94 exit=80848.99 profit=0.250452 age=3802ms
[09:53:20.199] [INFO] [EXEC] SELL_WATCHDOG_SYNC orderId=385040287 status=NEW
[09:53:20.203] [WARNING] [EXEC] SELL_WATCHDOG_FAR_CANCEL orderId=385040287 price=80854.52 ask=80850.00 dist_ticks=452
[09:53:21.531] [INFO] [EXEC] SELL CHECK inventory=0.061840 reported=0.000000 remaining=0.061830 chunks=1
[09:53:21.533] [OK] [EXEC] PLACE SELL price=80854.52 qty=0.061830
[09:53:21.811] [OK] [EXEC] SELL ORDER SENT orderId=385040394
[09:53:22.846] [OK] [PLAN] HOT entry=80847.74 exit=80853.51 profit=0.356817 age=1600ms
[09:53:25.762] [INFO] [EXEC] SELL_WATCHDOG_SYNC orderId=385040394 status=NEW
[09:53:25.766] [WARNING] [EXEC] SELL_WATCHDOG_FAR_CANCEL orderId=385040394 price=80854.52 ask=80851.74 dist_ticks=277
[09:53:27.093] [INFO] [EXEC] SELL CHECK inventory=0.061840 reported=0.000000 remaining=0.061830 chunks=1
[09:53:27.096] [OK] [EXEC] PLACE SELL price=80854.52 qty=0.061830
[09:53:27.366] [OK] [EXEC] SELL ORDER SENT orderId=385040500
[09:53:31.131] [INFO] [EXEC] SELL_WATCHDOG_SYNC orderId=385040500 status=NEW
[09:53:31.135] [WARNING] [EXEC] SELL_WATCHDOG_FAR_CANCEL orderId=385040500 price=80854.52 ask=80851.74 dist_ticks=277
[09:53:32.384] [INFO] [EXEC] SELL CHECK inventory=0.061840 reported=0.000000 remaining=0.061830 chunks=1
[09:53:32.386] [OK] [EXEC] PLACE SELL price=80854.52 qty=0.061830
[09:53:32.651] [OK] [EXEC] SELL ORDER SENT orderId=385040601
[09:53:35.673] [INFO] [EXEC] SELL_WATCHDOG_SYNC orderId=385040601 status=NEW
[09:53:35.677] [WARNING] [EXEC] SELL_WATCHDOG_FAR_CANCEL orderId=385040601 price=80854.52 ask=80852.75 dist_ticks=177
[09:53:36.979] [INFO] [EXEC] SELL CHECK inventory=0.061840 reported=0.000000 remaining=0.061830 chunks=1
[09:53:36.981] [OK] [EXEC] PLACE SELL price=80854.52 qty=0.061830
[09:53:37.276] [OK] [EXEC] SELL ORDER SENT orderId=385040675
[09:53:40.977] [INFO] [EXEC] SELL_WATCHDOG_SYNC orderId=385040675 status=NEW
[09:53:40.980] [WARNING] [EXEC] SELL_WATCHDOG_FAR_CANCEL orderId=385040675 price=80854.52 ask=80852.02 dist_ticks=250
[09:53:42.251] [INFO] [EXEC] SELL CHECK inventory=0.061840 reported=0.000000 remaining=0.061830 chunks=1
[09:53:42.254] [OK] [EXEC] PLACE SELL price=80854.52 qty=0.061830
[09:53:42.520] [OK] [EXEC] SELL ORDER SENT orderId=385040747
[09:53:45.019] [OK] [PLAN] READY entry=80838.40 exit=80841.76 profit=0.207816 age=1510ms
[09:53:46.013] [INFO] [EXEC] SELL_WATCHDOG_SYNC orderId=385040747 status=NEW
[09:53:46.017] [WARNING] [EXEC] SELL_WATCHDOG_FAR_CANCEL orderId=385040747 price=80854.52 ask=80842.28 dist_ticks=1224
[09:53:47.385] [INFO] [EXEC] SELL CHECK inventory=0.061840 reported=0.000000 remaining=0.061830 chunks=1
[09:53:47.388] [OK] [EXEC] PLACE SELL price=80854.52 qty=0.061830
[09:53:47.649] [OK] [EXEC] SELL ORDER SENT orderId=385040993
[09:53:49.572] [OK] [PLAN] READY entry=80838.87 exit=80841.94 profit=0.189880 age=995ms
[09:53:51.574] [INFO] [EXEC] SELL_WATCHDOG_SYNC orderId=385040993 status=NEW
[09:53:51.578] [WARNING] [EXEC] SELL_WATCHDOG_FAR_CANCEL orderId=385040993 price=80854.52 ask=80839.86 dist_ticks=1466
[09:53:52.845] [INFO] [EXEC] SELL CHECK inventory=0.061840 reported=0.000000 remaining=0.061830 chunks=1
[09:53:52.848] [OK] [EXEC] PLACE SELL price=80854.52 qty=0.061830
[09:53:53.112] [OK] [EXEC] SELL ORDER SENT orderId=385041213
[09:53:56.132] [INFO] [EXEC] SELL_WATCHDOG_SYNC orderId=385041213 status=NEW
[09:53:56.135] [WARNING] [EXEC] SELL_WATCHDOG_FAR_CANCEL orderId=385041213 price=80854.52 ask=80844.51 dist_ticks=1001
[09:53:57.951] [INFO] [EXEC] SELL CHECK inventory=0.061840 reported=0.000000 remaining=0.061830 chunks=1
[09:53:57.953] [OK] [EXEC] PLACE SELL price=80854.52 qty=0.061830
[09:53:58.215] [OK] [EXEC] SELL ORDER SENT orderId=385041449
[09:54:01.709] [INFO] [EXEC] SELL_WATCHDOG_SYNC orderId=385041449 status=NEW
[09:54:01.713] [WARNING] [EXEC] SELL_WATCHDOG_FAR_CANCEL orderId=385041449 price=80854.52 ask=80826.64 dist_ticks=2788
[09:54:03.002] [INFO] [EXEC] SELL CHECK inventory=0.061840 reported=0.000000 remaining=0.061830 chunks=1
[09:54:03.004] [OK] [EXEC] PLACE SELL price=80854.52 qty=0.061830
[09:54:03.276] [OK] [EXEC] SELL ORDER SENT orderId=385041777
[09:54:03.283] [OK] [PLAN] HOT entry=80820.42 exit=80825.87 profit=0.337137 age=1020ms
[09:54:04.263] [OK] [PLAN] READY entry=80809.44 exit=80812.88 profit=0.212833 age=2549ms
[09:54:05.249] [OK] [PLAN] HOT entry=80806.59 exit=80814.31 profit=0.477636 age=3533ms
[09:54:06.286] [INFO] [EXEC] SELL_WATCHDOG_SYNC orderId=385041777 status=NEW
[09:54:06.289] [WARNING] [EXEC] SELL_WATCHDOG_FAR_CANCEL orderId=385041777 price=80854.52 ask=80815.31 dist_ticks=3921
[09:54:07.666] [INFO] [EXEC] SELL CHECK inventory=0.061840 reported=0.000000 remaining=0.061830 chunks=1
[09:54:07.668] [OK] [EXEC] PLACE SELL price=80854.52 qty=0.061830
[09:54:07.934] [OK] [EXEC] SELL ORDER SENT orderId=385042078
[09:54:11.931] [INFO] [EXEC] SELL_WATCHDOG_SYNC orderId=385042078 status=NEW
[09:54:11.935] [WARNING] [EXEC] SELL_WATCHDOG_FAR_CANCEL orderId=385042078 price=80854.52 ask=80814.22 dist_ticks=4030
[09:54:13.166] [INFO] [EXEC] SELL CHECK inventory=0.061840 reported=0.000000 remaining=0.061830 chunks=1
[09:54:13.169] [OK] [EXEC] PLACE SELL price=80854.52 qty=0.061830
[09:54:13.442] [OK] [EXEC] SELL ORDER SENT orderId=385042183
[09:54:17.221] [INFO] [EXEC] SELL_WATCHDOG_SYNC orderId=385042183 status=NEW
[09:54:17.225] [WARNING] [EXEC] SELL_WATCHDOG_FAR_CANCEL orderId=385042183 price=80854.52 ask=80818.31 dist_ticks=3621
[09:54:18.792] [INFO] [EXEC] SELL CHECK inventory=0.061840 reported=0.000000 remaining=0.061830 chunks=1
[09:54:18.795] [OK] [EXEC] PLACE SELL price=80854.52 qty=0.061830
[09:54:19.064] [OK] [EXEC] SELL ORDER SENT orderId=385042305
[09:54:21.038] [OK] [PLAN] HOT entry=80803.56 exit=80815.21 profit=0.720785 age=1001ms
[09:54:22.075] [INFO] [EXEC] SELL_WATCHDOG_SYNC orderId=385042305 status=NEW
[09:54:22.078] [WARNING] [EXEC] SELL_WATCHDOG_FAR_CANCEL orderId=385042305 price=80854.52 ask=80804.67 dist_ticks=4985
[09:54:23.352] [INFO] [EXEC] SELL CHECK inventory=0.061840 reported=0.000000 remaining=0.061830 chunks=1
[09:54:23.354] [OK] [EXEC] PLACE SELL price=80854.52 qty=0.061830
[09:54:23.616] [OK] [EXEC] SELL ORDER SENT orderId=385042546
[09:54:23.621] [OK] [PLAN] READY entry=80801.77 exit=80805.17 profit=0.210358 age=3016ms
[09:54:27.674] [INFO] [EXEC] SELL_WATCHDOG_SYNC orderId=385042546 status=NEW
[09:54:27.677] [WARNING] [EXEC] SELL_WATCHDOG_FAR_CANCEL orderId=385042546 price=80854.52 ask=80810.00 dist_ticks=4452
[09:54:28.840] [INFO] [EXEC] SELL CHECK inventory=0.061840 reported=0.000000 remaining=0.061830 chunks=1
[09:54:28.842] [OK] [EXEC] PLACE SELL price=80854.52 qty=0.061830
[09:54:29.112] [OK] [EXEC] SELL ORDER SENT orderId=385042698
[09:54:32.117] [INFO] [EXEC] SELL_WATCHDOG_SYNC orderId=385042698 status=NEW
[09:54:32.122] [WARNING] [EXEC] SELL_WATCHDOG_FAR_CANCEL orderId=385042698 price=80854.52 ask=80809.99 dist_ticks=4452
[09:54:33.392] [INFO] [EXEC] SELL CHECK inventory=0.061840 reported=0.000000 remaining=0.061830 chunks=1
[09:54:33.394] [OK] [EXEC] PLACE SELL price=80854.52 qty=0.061830
[09:54:33.652] [OK] [EXEC] SELL ORDER SENT orderId=385042832
[09:54:34.675] [OK] [PLAN] READY entry=80807.79 exit=80812.14 profit=0.269134 age=1541ms
[09:54:36.726] [INFO] [EXEC] SELL_WATCHDOG_SYNC orderId=385042832 status=NEW
[09:54:36.729] [WARNING] [EXEC] SELL_WATCHDOG_FAR_CANCEL orderId=385042832 price=80854.52 ask=80813.14 dist_ticks=4138
[09:54:38.488] [INFO] [EXEC] SELL CHECK inventory=0.061840 reported=0.000000 remaining=0.061830 chunks=1
[09:54:38.490] [OK] [EXEC] PLACE SELL price=80854.52 qty=0.061830
[09:54:38.755] [OK] [EXEC] SELL ORDER SENT orderId=385042957
[09:54:41.751] [OK] [PLAN] HOT entry=80805.59 exit=80811.91 profit=0.391018 age=8612ms
[09:54:42.757] [INFO] [EXEC] SELL_WATCHDOG_SYNC orderId=385042957 status=NEW
[09:54:42.761] [WARNING] [EXEC] SELL_WATCHDOG_FAR_CANCEL orderId=385042957 price=80854.52 ask=80812.48 dist_ticks=4204
[09:54:44.110] [INFO] [EXEC] SELL CHECK inventory=0.061840 reported=0.000000 remaining=0.061830 chunks=1
[09:54:44.112] [OK] [EXEC] PLACE SELL price=80854.52 qty=0.061830
[09:54:44.379] [OK] [EXEC] SELL ORDER SENT orderId=385043058
[09:54:44.384] [OK] [PLAN] READY entry=80807.14 exit=80811.03 profit=0.240674 age=10661ms
[09:54:47.622] [INFO] [EXEC] SELL_WATCHDOG_SYNC orderId=385043058 status=NEW
[09:54:47.626] [WARNING] [EXEC] SELL_WATCHDOG_FAR_CANCEL orderId=385043058 price=80854.52 ask=80813.16 dist_ticks=4136
[09:54:48.883] [INFO] [EXEC] SELL CHECK inventory=0.061840 reported=0.000000 remaining=0.061830 chunks=1
[09:54:48.885] [OK] [EXEC] PLACE SELL price=80854.52 qty=0.061830
[09:54:49.161] [OK] [EXEC] SELL ORDER SENT orderId=385043144
[09:54:49.164] [OK] [PLAN] HOT entry=80807.33 exit=80812.16 profit=0.298832 age=15484ms
[09:54:50.162] [OK] [PLAN] READY entry=80803.01 exit=80806.47 profit=0.214070 age=17022ms
[09:54:52.197] [INFO] [EXEC] SELL_WATCHDOG_SYNC orderId=385043144 status=NEW
[09:54:52.201] [WARNING] [EXEC] SELL_WATCHDOG_FAR_CANCEL orderId=385043144 price=80854.52 ask=80806.82 dist_ticks=4769
[09:54:52.769] [INFO] START_CLICK received enabled=True api_ready=True running=True
[09:54:53.098] [WARNING] cancel all requested
[09:54:53.101] [WARNING] [EXEC] STOP_SAFE_MANUAL inventory=0.061840 active_order=0
[09:54:53.104] [WARNING] STOP
