[07:32:05.000] [OK] filters loaded
[07:32:05.390] [INFO] [EXEC] STREAM_STATS_UI cycles=0 wins=0 losses=0 pnl=+0.000000 winrate=0.00%
[07:32:07.046] [INFO] START_CLICK received enabled=True api_ready=True running=False
[07:32:07.046] [INFO] START_SETTINGS live_enabled=True guard_mode=FAST entry_mode=AGGRESSIVE exit_engine=True order_size=222.0
[07:32:07.046] [INFO] START_PROFILE order_size=222.0 min_spread=6.0 guard_mode=FAST entry_mode=AGGRESSIVE sell_timeout=2200 far_sell_ticks=80 taker_exit_after_ms=2500
[07:32:07.062] [INFO] SETTINGS_MERGE_PRESERVE existing_values=true missing_added=0
[07:32:07.529] [EXCHANGE] symbol=BTCU base=BTC quote=U status=TRADING permissions=[]
[07:32:07.529] [OK] START
[07:32:07.529] [OK] START_OK runtime_started
[07:32:07.529] [INFO] [EXEC] STREAMS_ENABLED count=20 range_ticks=200 step_ticks=10
[07:32:07.529] [INFO] [EXEC] GRID_BUDGET_SOURCE source=max_exposure_u budget=5000.00
[07:32:07.545] [INFO] [EXEC] STREAM_CREATE stream_id=1 buy_price=80905.90000000 budget=250.00 qty=0.00309000
[07:32:07.545] [INFO] [EXEC] STREAM_CREATE stream_id=2 buy_price=80905.81000000 budget=250.00 qty=0.00309000
[07:32:07.545] [INFO] [EXEC] STREAM_CREATE stream_id=3 buy_price=80905.70000000 budget=250.00 qty=0.00309000
[07:32:07.545] [INFO] [EXEC] STREAM_CREATE stream_id=4 buy_price=80905.61000000 budget=250.00 qty=0.00309000
[07:32:07.545] [INFO] [EXEC] STREAM_CREATE stream_id=5 buy_price=80905.51000000 budget=250.00 qty=0.00309000
[07:32:07.545] [INFO] [EXEC] STREAM_CREATE stream_id=6 buy_price=80905.40000000 budget=250.00 qty=0.00309000
[07:32:07.545] [INFO] [EXEC] STREAM_CREATE stream_id=7 buy_price=80905.31000000 budget=250.00 qty=0.00309000
[07:32:07.545] [INFO] [EXEC] STREAM_CREATE stream_id=8 buy_price=80905.20000000 budget=250.00 qty=0.00309000
[07:32:07.545] [INFO] [EXEC] STREAM_CREATE stream_id=9 buy_price=80905.11000000 budget=250.00 qty=0.00309000
[07:32:07.545] [INFO] [EXEC] STREAM_CREATE stream_id=10 buy_price=80905.01000000 budget=250.00 qty=0.00309000
[07:32:07.545] [INFO] [EXEC] STREAM_CREATE stream_id=11 buy_price=80904.90000000 budget=250.00 qty=0.00309000
[07:32:07.545] [INFO] [EXEC] STREAM_CREATE stream_id=12 buy_price=80904.81000000 budget=250.00 qty=0.00309000
[07:32:07.545] [INFO] [EXEC] STREAM_CREATE stream_id=13 buy_price=80904.70000000 budget=250.00 qty=0.00309000
[07:32:07.561] [INFO] [EXEC] STREAM_CREATE stream_id=14 buy_price=80904.61000000 budget=250.00 qty=0.00309000
[07:32:07.561] [INFO] [EXEC] STREAM_CREATE stream_id=15 buy_price=80904.51000000 budget=250.00 qty=0.00309000
[07:32:07.561] [INFO] [EXEC] STREAM_CREATE stream_id=16 buy_price=80904.40000000 budget=250.00 qty=0.00309000
[07:32:07.561] [INFO] [EXEC] STREAM_CREATE stream_id=17 buy_price=80904.31000000 budget=250.00 qty=0.00309000
[07:32:07.561] [INFO] [EXEC] STREAM_CREATE stream_id=18 buy_price=80904.20000000 budget=250.00 qty=0.00309000
[07:32:07.561] [INFO] [EXEC] STREAM_CREATE stream_id=19 buy_price=80904.11000000 budget=250.00 qty=0.00309000
[07:32:07.561] [INFO] [EXEC] STREAM_CREATE stream_id=20 buy_price=80904.01000000 budget=250.00 qty=0.00309000
[07:32:07.561] [INFO] [EXEC] STREAM_CREATE_DONE count=20 budget=5000.00 step_ticks=10
[07:32:08.277] [INFO] [EXEC] LIVE ON
[07:32:08.277] [INFO] [EXEC] WAIT READY
[07:32:08.277] [WARNING] [HEALTH] block spread_too_young lifetime=0
[07:32:08.277] [WARNING] [HEALTH] unstable_spread lifetime=0
[07:32:08.277] [INFO] [EXEC] STREAM_GUARD_SIMPLE_PASS
[07:32:08.277] [INFO] [EXEC] STREAM_MODE_ACTIVE_SKIP_SINGLE_ENTRY
[07:32:08.796] [INFO] [EXEC] STREAM_BUY_PLACED level_id=1 order_id=388027194
[07:32:08.796] [OK] [EXEC] PLACE BUY price=80905.90 qty=0.003090
[07:32:09.062] [INFO] [EXEC] STREAM_BUY_PLACED level_id=2 order_id=388027226
[07:32:09.077] [OK] [EXEC] PLACE BUY price=80905.81 qty=0.003090
[07:32:09.338] [INFO] [EXEC] STREAM_BUY_PLACED level_id=3 order_id=388027231
[07:32:09.345] [OK] [EXEC] PLACE BUY price=80905.70 qty=0.003090
[07:32:09.350] [WS] primary url=wss://stream.binance.com:9443/ws/btcu@bookTicker
[07:32:09.351] [WS] connecting primary
[07:32:09.355] [WS] connected
[07:32:10.045] [INFO] [EXEC] STREAM_BUY_FILLED level_id=1
[07:32:10.061] [OK] [EXEC] CHUNK ADD qty=0.003090 entry=80905.90
[07:32:10.061] [INFO] [EXEC] CHUNK COUNT n=1
[07:32:10.061] [INFO] [EXEC] STREAM_TARGET_USED ticks=80 sell_price=80906.70
[07:32:10.329] [INFO] [EXEC] STREAM_SELL_PLACED stream_id=1 chunk_id=2898101514176 order_id=388027260 price=80906.70 qty=0.003090
[07:32:10.593] [INFO] [EXEC] STREAM_BUY_FILLED level_id=2
[07:32:10.593] [OK] [EXEC] CHUNK ADD qty=0.003090 entry=80905.81
[07:32:10.593] [INFO] [EXEC] CHUNK COUNT n=2
[07:32:10.593] [INFO] [EXEC] STREAM_TARGET_USED ticks=80 sell_price=80906.61
[07:32:10.859] [INFO] [EXEC] STREAM_SELL_PLACED stream_id=2 chunk_id=2898101503040 order_id=388027266 price=80906.61 qty=0.003090
[07:32:11.124] [INFO] [EXEC] STREAM_BUY_FILLED level_id=3
[07:32:11.124] [OK] [EXEC] CHUNK ADD qty=0.003090 entry=80905.70
[07:32:11.124] [INFO] [EXEC] CHUNK COUNT n=3
[07:32:11.134] [INFO] [EXEC] STREAM_TARGET_USED ticks=80 sell_price=80906.50
[07:32:11.389] [INFO] [EXEC] STREAM_SELL_PLACED stream_id=3 chunk_id=2898152496768 order_id=388027280 price=80906.50 qty=0.003090
[07:32:11.654] [INFO] [EXEC] STREAM_SELL_STATUS stream_id=1 chunk_id=2898101514176 order_id=388027260 status=NEW
[07:32:11.920] [INFO] [EXEC] STREAM_SELL_STATUS stream_id=2 chunk_id=2898101503040 order_id=388027266 status=NEW
[07:32:12.179] [INFO] [EXEC] STREAM_SELL_STATUS stream_id=3 chunk_id=2898152496768 order_id=388027280 status=NEW
[07:32:12.179] [INFO] [EXEC] STREAM_REPAIR_SKIP reason=stream_owned_inventory
[07:32:12.179] [INFO] [EXEC] STREAM_GLOBAL_SELL_SKIP reason=exit_recovery_inventory_no_sell
[07:32:12.195] [INFO] [EXEC] STREAM_GLOBAL_SELL_SKIP reason=place_sell
[07:32:12.451] [INFO] [EXEC] STREAM_STATS_UI cycles=0 wins=0 losses=0 pnl=+0.000000 winrate=0.00%
[07:32:13.076] [INFO] [EXEC] STREAM_SELL_STATUS stream_id=1 chunk_id=2898101514176 order_id=388027260 status=NEW
[07:32:13.337] [INFO] [EXEC] STREAM_SELL_STATUS stream_id=2 chunk_id=2898101503040 order_id=388027266 status=NEW
[07:32:13.590] [INFO] [EXEC] STREAM_SELL_STATUS stream_id=3 chunk_id=2898152496768 order_id=388027280 status=NEW
[07:32:13.606] [INFO] [EXEC] STREAM_REPAIR_SKIP reason=stream_owned_inventory
[07:32:14.358] [INFO] [EXEC] STREAM_SELL_STATUS stream_id=1 chunk_id=2898101514176 order_id=388027260 status=NEW
[07:32:14.608] [INFO] [EXEC] STREAM_SELL_STATUS stream_id=2 chunk_id=2898101503040 order_id=388027266 status=NEW
[07:32:14.874] [INFO] [EXEC] STREAM_SELL_STATUS stream_id=3 chunk_id=2898152496768 order_id=388027280 status=NEW
[07:32:14.874] [INFO] [EXEC] STREAM_REPAIR_SKIP reason=stream_owned_inventory
[07:32:14.874] [INFO] [EXEC] STREAM_GLOBAL_SELL_SKIP reason=exit_recovery_inventory_no_sell
[07:32:14.889] [INFO] [EXEC] STREAM_GLOBAL_SELL_SKIP reason=place_sell
[07:32:15.623] [INFO] [EXEC] STREAM_SELL_STATUS stream_id=1 chunk_id=2898101514176 order_id=388027260 status=NEW
[07:32:15.889] [INFO] [EXEC] STREAM_SELL_STATUS stream_id=2 chunk_id=2898101503040 order_id=388027266 status=NEW
[07:32:16.156] [INFO] [EXEC] STREAM_SELL_STATUS stream_id=3 chunk_id=2898152496768 order_id=388027280 status=NEW
[07:32:16.161] [INFO] [EXEC] STREAM_REPAIR_SKIP reason=stream_owned_inventory
[07:32:17.128] [INFO] [EXEC] STREAM_SELL_STATUS stream_id=1 chunk_id=2898101514176 order_id=388027260 status=NEW
[07:32:17.389] [INFO] [EXEC] STREAM_SELL_STATUS stream_id=2 chunk_id=2898101503040 order_id=388027266 status=NEW
[07:32:17.654] [INFO] [EXEC] STREAM_SELL_STATUS stream_id=3 chunk_id=2898152496768 order_id=388027280 status=NEW
[07:32:17.654] [INFO] [EXEC] STREAM_REPAIR_SKIP reason=stream_owned_inventory
[07:32:17.654] [INFO] [EXEC] STREAM_GLOBAL_SELL_SKIP reason=exit_recovery_inventory_no_sell
[07:32:17.654] [INFO] [EXEC] STREAM_GLOBAL_SELL_SKIP reason=place_sell
[07:32:17.654] [INFO] [EXEC] STREAM_STATS_UI cycles=0 wins=0 losses=0 pnl=+0.000000 winrate=0.00%
[07:32:18.421] [INFO] [EXEC] STREAM_SELL_STATUS stream_id=1 chunk_id=2898101514176 order_id=388027260 status=NEW
[07:32:18.671] [INFO] [EXEC] STREAM_SELL_STATUS stream_id=2 chunk_id=2898101503040 order_id=388027266 status=NEW
[07:32:19.412] [INFO] [EXEC] STREAM_SELL_STATUS stream_id=3 chunk_id=2898152496768 order_id=388027280 status=NEW
[07:32:19.412] [INFO] [EXEC] STREAM_REPAIR_SKIP reason=stream_owned_inventory
[07:32:19.958] [INFO] [EXEC] STREAM_SELL_STATUS stream_id=1 chunk_id=2898101514176 order_id=388027260 status=NEW
[07:32:20.223] [INFO] [EXEC] STREAM_SELL_STATUS stream_id=2 chunk_id=2898101503040 order_id=388027266 status=NEW
[07:32:20.950] [INFO] [EXEC] STREAM_SELL_STATUS stream_id=3 chunk_id=2898152496768 order_id=388027280 status=NEW
[07:32:20.966] [INFO] [EXEC] STREAM_REPAIR_SKIP reason=stream_owned_inventory
[07:32:20.966] [INFO] [EXEC] STREAM_GLOBAL_SELL_SKIP reason=exit_recovery_inventory_no_sell
[07:32:20.966] [INFO] [EXEC] STREAM_GLOBAL_SELL_SKIP reason=place_sell
[07:32:21.706] [INFO] [EXEC] STREAM_SELL_STATUS stream_id=1 chunk_id=2898101514176 order_id=388027260 status=NEW
[07:32:21.972] [INFO] [EXEC] STREAM_SELL_STATUS stream_id=2 chunk_id=2898101503040 order_id=388027266 status=NEW
[07:32:22.245] [INFO] [EXEC] STREAM_SELL_STATUS stream_id=3 chunk_id=2898152496768 order_id=388027280 status=NEW
[07:32:22.250] [INFO] [EXEC] STREAM_REPAIR_SKIP reason=stream_owned_inventory
[07:32:23.208] [INFO] [EXEC] STREAM_SELL_STATUS stream_id=1 chunk_id=2898101514176 order_id=388027260 status=NEW
[07:32:23.473] [INFO] [EXEC] STREAM_SELL_STATUS stream_id=2 chunk_id=2898101503040 order_id=388027266 status=NEW
[07:32:23.723] [INFO] [EXEC] STREAM_SELL_STATUS stream_id=3 chunk_id=2898152496768 order_id=388027280 status=NEW
[07:32:23.739] [INFO] [EXEC] STREAM_REPAIR_SKIP reason=stream_owned_inventory
[07:32:23.739] [INFO] [EXEC] STREAM_GLOBAL_SELL_SKIP reason=exit_recovery_inventory_no_sell
[07:32:23.739] [INFO] [EXEC] STREAM_GLOBAL_SELL_SKIP reason=place_sell
[07:32:23.739] [INFO] [EXEC] STREAM_STATS_UI cycles=0 wins=0 losses=0 pnl=+0.000000 winrate=0.00%
[07:32:24.457] [INFO] [EXEC] STREAM_SELL_STATUS stream_id=1 chunk_id=2898101514176 order_id=388027260 status=NEW
[07:32:24.723] [INFO] [EXEC] STREAM_SELL_STATUS stream_id=2 chunk_id=2898101503040 order_id=388027266 status=NEW
[07:32:24.988] [INFO] [EXEC] STREAM_SELL_STATUS stream_id=3 chunk_id=2898152496768 order_id=388027280 status=NEW
[07:32:25.004] [INFO] [EXEC] STREAM_REPAIR_SKIP reason=stream_owned_inventory
[07:32:25.707] [INFO] [EXEC] STREAM_SELL_STATUS stream_id=1 chunk_id=2898101514176 order_id=388027260 status=NEW
[07:32:25.972] [INFO] [EXEC] STREAM_SELL_STATUS stream_id=2 chunk_id=2898101503040 order_id=388027266 status=NEW
[07:32:26.251] [INFO] [EXEC] STREAM_SELL_STATUS stream_id=3 chunk_id=2898152496768 order_id=388027280 status=NEW
[07:32:26.253] [INFO] [EXEC] STREAM_REPAIR_SKIP reason=stream_owned_inventory
[07:32:26.258] [INFO] [EXEC] STREAM_GLOBAL_SELL_SKIP reason=exit_recovery_inventory_no_sell
[07:32:26.258] [INFO] [EXEC] STREAM_GLOBAL_SELL_SKIP reason=place_sell
[07:32:27.441] [INFO] [EXEC] STREAM_SELL_STATUS stream_id=1 chunk_id=2898101514176 order_id=388027260 status=NEW
[07:32:27.707] [INFO] [EXEC] STREAM_SELL_STATUS stream_id=2 chunk_id=2898101503040 order_id=388027266 status=NEW
[07:32:27.973] [INFO] [EXEC] STREAM_SELL_STATUS stream_id=3 chunk_id=2898152496768 order_id=388027280 status=NEW
[07:32:27.973] [INFO] [EXEC] STREAM_REPAIR_SKIP reason=stream_owned_inventory
[07:32:28.988] [INFO] [EXEC] STREAM_SELL_STATUS stream_id=1 chunk_id=2898101514176 order_id=388027260 status=NEW
[07:32:28.988] [WARNING] [EXEC] STREAM_SELL_TIMEOUT stream_id=1 chunk_id=2898101514176 order_id=388027260 age_ms=18944 timeout_ms=18000
[07:32:29.257] [INFO] [EXEC] STREAM_SELL_CANCEL_OLD stream_id=1 chunk_id=2898101514176 order_id=388027260
[07:32:29.259] [WARNING] [EXEC] STREAM_STOP_LOSS_EXIT stream_id=1 chunk_id=2898101514176 order_id=388027260 stop_price=80896.97 retry_count=0 retry_max=5
[07:32:30.258] [INFO] [EXEC] STREAM_SELL_STATUS stream_id=2 chunk_id=2898101503040 order_id=388027266 status=NEW
[07:32:30.258] [WARNING] [EXEC] STREAM_SELL_TIMEOUT stream_id=2 chunk_id=2898101503040 order_id=388027266 age_ms=18944 timeout_ms=18000
[07:32:30.519] [INFO] [EXEC] STREAM_SELL_CANCEL_OLD stream_id=2 chunk_id=2898101503040 order_id=388027266
[07:32:30.519] [WARNING] [EXEC] STREAM_STOP_LOSS_EXIT stream_id=2 chunk_id=2898101503040 order_id=388027266 stop_price=80896.97 retry_count=0 retry_max=5
[07:32:31.034] [INFO] [EXEC] STREAM_SELL_STATUS stream_id=3 chunk_id=2898152496768 order_id=388027280 status=FILLED
[07:32:31.034] [INFO] [EXEC] STREAM_SELL_FILLED stream_id=3 chunk_id=2898152496768 order_id=388027280
[07:32:31.034] [OK] [EXEC] FIFO CLOSE qty=0.003090 entry=80905.70 exit=80906.50 pnl=+0.002472
[07:32:31.034] [INFO] [EXEC] STREAM_PNL stream_id=3 pnl=+0.002472
[07:32:31.050] [INFO] [EXEC] STREAM_RECYCLED level_id=3
[07:32:31.050] [INFO] [EXEC] STREAM_RECYCLED stream_id=3
[07:32:31.050] [INFO] [EXEC] STREAM_REPAIR_SKIP reason=stream_owned_inventory
[07:32:31.050] [INFO] [EXEC] STREAM_GLOBAL_SELL_SKIP reason=exit_recovery_inventory_no_sell
[07:32:31.050] [INFO] [EXEC] STREAM_GLOBAL_SELL_SKIP reason=place_sell
[07:32:31.050] [INFO] [EXEC] STREAM_STATS_UI cycles=1 wins=1 losses=0 pnl=+0.002472 winrate=100.00%
[07:32:31.753] [INFO] [EXEC] STREAM_SELL_STATUS stream_id=1 chunk_id=2898101514176 order_id=388027670 status=FILLED
[07:32:31.753] [INFO] [EXEC] STREAM_SELL_FILLED stream_id=1 chunk_id=2898101514176 order_id=388027670
[07:32:31.753] [OK] [EXEC] FIFO CLOSE qty=0.003090 entry=80905.90 exit=80896.97 pnl=-0.027594
[07:32:31.753] [INFO] [EXEC] STREAM_PNL stream_id=1 pnl=-0.027594
[07:32:31.753] [WARNING] [EXEC] STREAM_LOSS_COOLDOWN stream_id=1 cooldown_ms=8000
[07:32:31.753] [INFO] [EXEC] STREAM_RECYCLED level_id=1
[07:32:31.753] [INFO] [EXEC] STREAM_RECYCLED stream_id=1
[07:32:32.019] [INFO] [EXEC] STREAM_SELL_STATUS stream_id=2 chunk_id=2898101503040 order_id=388027739 status=FILLED
[07:32:32.019] [INFO] [EXEC] STREAM_SELL_FILLED stream_id=2 chunk_id=2898101503040 order_id=388027739
[07:32:32.019] [OK] [EXEC] FIFO CLOSE qty=0.003090 entry=80905.81 exit=80896.97 pnl=-0.027316
[07:32:32.019] [INFO] [EXEC] STREAM_PNL stream_id=2 pnl=-0.027316
[07:32:32.019] [WARNING] [EXEC] STREAM_LOSS_COOLDOWN stream_id=2 cooldown_ms=8000
[07:32:32.019] [INFO] [EXEC] STREAM_RECYCLED level_id=2
[07:32:32.019] [INFO] [EXEC] STREAM_RECYCLED stream_id=2
[07:32:32.019] [INFO] [HEALTH] state=GOOD
[07:32:32.019] [INFO] [EXEC] STREAM_GUARD_SIMPLE_BLOCK reason=cooldown_active
[07:32:32.034] [WARNING] [EXEC] BLOCK_BUY reason=cooldown_active mode=FAST ws_age=859 spread=10.98 stable=1/1 mid_delta=0.00 bid_delta=0.00
[07:32:32.034] [OK] [PLAN] READY entry=80911.20 exit=80922.18 profit=0.030085 age=23210ms
[07:32:32.503] [INFO] [EXEC] STREAM_GUARD_SIMPLE_BLOCK reason=cooldown_active
[07:32:34.487] [WARNING] [EXEC] BLOCK_BUY reason=cooldown_active mode=FAST ws_age=155 spread=4.74 stable=1/1 mid_delta=0.00 bid_delta=0.00
[07:32:34.986] [INFO] [EXEC] STREAM_GUARD_SIMPLE_BLOCK reason=cooldown_active
[07:32:35.486] [WARNING] [HEALTH] block spread_too_young lifetime=0
[07:32:35.486] [WARNING] [HEALTH] unstable_spread lifetime=0
[07:32:35.486] [INFO] [EXEC] STREAM_GUARD_SIMPLE_BLOCK reason=cooldown_active
[07:32:36.502] [INFO] [EXEC] STREAM_STATS_UI cycles=3 wins=1 losses=2 pnl=-0.052437 winrate=33.33%
[07:32:36.502] [INFO] [EXEC] STREAM_GUARD_SIMPLE_BLOCK reason=cooldown_active
[07:32:37.534] [WARNING] [EXEC] BLOCK_BUY reason=cooldown_active mode=FAST ws_age=202 spread=5.19 stable=1/1 mid_delta=0.00 bid_delta=0.00
[07:32:38.050] [INFO] [EXEC] STREAM_GUARD_SIMPLE_BLOCK reason=cooldown_active
[07:32:39.549] [INFO] [EXEC] STREAM_GUARD_SIMPLE_PASS
[07:32:39.549] [INFO] [EXEC] STREAM_MODE_ACTIVE_SKIP_SINGLE_ENTRY
[07:32:39.815] [INFO] [EXEC] STREAM_BUY_PLACED level_id=1 order_id=388028015
[07:32:39.815] [OK] [EXEC] PLACE BUY price=80905.90 qty=0.003090
[07:32:40.080] [INFO] [EXEC] STREAM_BUY_PLACED level_id=2 order_id=388028016
[07:32:40.080] [OK] [EXEC] PLACE BUY price=80905.81 qty=0.003090
[07:32:40.352] [INFO] [EXEC] STREAM_BUY_PLACED level_id=3 order_id=388028017
[07:32:40.354] [OK] [EXEC] PLACE BUY price=80905.70 qty=0.003090
[07:32:41.846] [WARNING] [HEALTH] block spread_too_young lifetime=0
[07:32:41.846] [WARNING] [HEALTH] unstable_spread lifetime=0
[07:32:41.846] [INFO] [EXEC] STREAM_GUARD_SIMPLE_PASS
[07:32:42.112] [INFO] [EXEC] STREAM_BUY_PLACED level_id=4 order_id=388028109
[07:32:42.116] [OK] [EXEC] PLACE BUY price=80905.61 qty=0.003090
[07:32:42.377] [INFO] [EXEC] STREAM_BUY_PLACED level_id=5 order_id=388028111
[07:32:42.377] [OK] [EXEC] PLACE BUY price=80905.51 qty=0.003090
[07:32:42.643] [INFO] [EXEC] STREAM_BUY_PLACED level_id=6 order_id=388028120
[07:32:42.643] [OK] [EXEC] PLACE BUY price=80905.40 qty=0.003090
[07:32:42.643] [INFO] [EXEC] STREAM_STATS_UI cycles=3 wins=1 losses=2 pnl=-0.052437 winrate=33.33%
[07:32:44.658] [INFO] [EXEC] STREAM_GUARD_SIMPLE_PASS
[07:32:44.923] [INFO] [EXEC] STREAM_BUY_PLACED level_id=7 order_id=388028161
[07:32:44.923] [OK] [EXEC] PLACE BUY price=80905.31 qty=0.003090
[07:32:45.174] [INFO] [EXEC] STREAM_BUY_PLACED level_id=8 order_id=388028164
[07:32:45.190] [OK] [EXEC] PLACE BUY price=80905.20 qty=0.003090
[07:32:45.439] [INFO] [EXEC] STREAM_BUY_PLACED level_id=9 order_id=388028165
[07:32:45.455] [OK] [EXEC] PLACE BUY price=80905.11 qty=0.003090
[07:32:48.377] [INFO] [EXEC] STREAM_GUARD_SIMPLE_PASS
[07:32:48.377] [INFO] [EXEC] STREAM_MODE_ACTIVE_SKIP_SINGLE_ENTRY
[07:32:49.123] [INFO] [EXEC] STREAM_BUY_PLACED level_id=10 order_id=388028235
[07:32:49.123] [OK] [EXEC] PLACE BUY price=80905.01 qty=0.003090
[07:32:49.393] [INFO] [EXEC] STREAM_BUY_PLACED level_id=11 order_id=388028257
[07:32:49.393] [OK] [EXEC] PLACE BUY price=80904.90 qty=0.003090
[07:32:49.643] [INFO] [EXEC] STREAM_BUY_PLACED level_id=12 order_id=388028262
[07:32:49.658] [OK] [EXEC] PLACE BUY price=80904.81 qty=0.003090
[07:32:49.921] [INFO] [EXEC] STREAM_STATS_UI cycles=3 wins=1 losses=2 pnl=-0.052437 winrate=33.33%
[07:32:50.407] [INFO] [EXEC] STREAM_BUY_FILLED level_id=1
[07:32:50.407] [OK] [EXEC] CHUNK ADD qty=0.003090 entry=80905.90
[07:32:50.422] [INFO] [EXEC] CHUNK COUNT n=1
[07:32:50.422] [INFO] [EXEC] STREAM_TARGET_USED ticks=80 sell_price=80906.70
[07:32:50.673] [INFO] [EXEC] STREAM_SELL_PLACED stream_id=1 chunk_id=2898101517824 order_id=388028407 price=80906.70 qty=0.003090
[07:32:51.423] [INFO] [EXEC] STREAM_BUY_FILLED level_id=2
[07:32:51.423] [OK] [EXEC] CHUNK ADD qty=0.003090 entry=80905.81
[07:32:51.423] [INFO] [EXEC] CHUNK COUNT n=2
[07:32:51.423] [INFO] [EXEC] STREAM_TARGET_USED ticks=80 sell_price=80906.61
[07:32:51.689] [INFO] [EXEC] STREAM_SELL_PLACED stream_id=2 chunk_id=2898101510528 order_id=388028483 price=80906.61 qty=0.003090
[07:32:51.939] [INFO] [EXEC] STREAM_BUY_FILLED level_id=3
[07:32:51.954] [OK] [EXEC] CHUNK ADD qty=0.003090 entry=80905.70
[07:32:51.954] [INFO] [EXEC] CHUNK COUNT n=3
[07:32:51.954] [INFO] [EXEC] STREAM_TARGET_USED ticks=80 sell_price=80906.50
[07:32:52.205] [INFO] [EXEC] STREAM_SELL_PLACED stream_id=3 chunk_id=2898101512880 order_id=388028496 price=80906.50 qty=0.003090
[07:32:52.469] [INFO] [EXEC] STREAM_BUY_FILLED level_id=4
[07:32:52.484] [OK] [EXEC] CHUNK ADD qty=0.003090 entry=80905.61
[07:32:52.484] [INFO] [EXEC] CHUNK COUNT n=4
[07:32:52.484] [INFO] [EXEC] STREAM_TARGET_USED ticks=80 sell_price=80906.41
[07:32:52.750] [INFO] [EXEC] STREAM_SELL_PLACED stream_id=4 chunk_id=2898152492736 order_id=388028521 price=80906.41 qty=0.003090
[07:32:53.000] [INFO] [EXEC] STREAM_BUY_FILLED level_id=5
[07:32:53.016] [OK] [EXEC] CHUNK ADD qty=0.003090 entry=80905.51
[07:32:53.016] [INFO] [EXEC] CHUNK COUNT n=5
[07:32:53.016] [INFO] [EXEC] STREAM_TARGET_USED ticks=80 sell_price=80906.31
[07:32:53.278] [INFO] [EXEC] STREAM_SELL_PLACED stream_id=5 chunk_id=2898152498688 order_id=388028526 price=80906.31 qty=0.003090
[07:32:54.031] [INFO] [EXEC] STREAM_BUY_FILLED level_id=6
[07:32:54.031] [OK] [EXEC] CHUNK ADD qty=0.003090 entry=80905.40
[07:32:54.031] [INFO] [EXEC] CHUNK COUNT n=6
[07:32:54.031] [INFO] [EXEC] STREAM_TARGET_USED ticks=80 sell_price=80906.20
[07:32:54.293] [INFO] [EXEC] STREAM_SELL_PLACED stream_id=6 chunk_id=2898152499840 order_id=388028537 price=80906.20 qty=0.003090
[07:32:54.563] [INFO] [EXEC] STREAM_BUY_FILLED level_id=7
[07:32:54.563] [OK] [EXEC] CHUNK ADD qty=0.003090 entry=80905.31
[07:32:54.563] [INFO] [EXEC] CHUNK COUNT n=7
[07:32:54.563] [INFO] [EXEC] STREAM_TARGET_USED ticks=80 sell_price=80906.11
[07:32:54.829] [INFO] [EXEC] STREAM_SELL_PLACED stream_id=7 chunk_id=2898152501712 order_id=388028538 price=80906.11 qty=0.003090
[07:32:55.094] [INFO] [EXEC] STREAM_BUY_FILLED level_id=8
[07:32:55.094] [OK] [EXEC] CHUNK ADD qty=0.003090 entry=80905.20
[07:32:55.094] [INFO] [EXEC] CHUNK COUNT n=8
[07:32:55.094] [INFO] [EXEC] STREAM_TARGET_USED ticks=80 sell_price=80906.00
[07:32:55.359] [INFO] [EXEC] STREAM_SELL_PLACED stream_id=8 chunk_id=2898152499984 order_id=388028540 price=80906.00 qty=0.003090
[07:32:55.625] [INFO] [EXEC] STREAM_BUY_FILLED level_id=9
[07:32:55.625] [OK] [EXEC] CHUNK ADD qty=0.003090 entry=80905.11
[07:32:55.625] [INFO] [EXEC] CHUNK COUNT n=9
[07:32:55.625] [INFO] [EXEC] STREAM_TARGET_USED ticks=80 sell_price=80905.91
[07:32:55.890] [INFO] [EXEC] STREAM_SELL_PLACED stream_id=9 chunk_id=2898101514608 order_id=388028542 price=80905.91 qty=0.003090
[07:32:56.149] [INFO] [EXEC] STREAM_BUY_FILLED level_id=10
[07:32:56.149] [OK] [EXEC] CHUNK ADD qty=0.003090 entry=80905.01
[07:32:56.155] [INFO] [EXEC] CHUNK COUNT n=10
[07:32:56.155] [INFO] [EXEC] STREAM_TARGET_USED ticks=80 sell_price=80905.81
[07:32:56.422] [INFO] [EXEC] STREAM_SELL_PLACED stream_id=10 chunk_id=2898152498400 order_id=388028544 price=80905.81 qty=0.003090
[07:32:56.672] [INFO] [EXEC] STREAM_BUY_FILLED level_id=11
[07:32:56.672] [OK] [EXEC] CHUNK ADD qty=0.003090 entry=80904.90
[07:32:56.687] [INFO] [EXEC] CHUNK COUNT n=11
[07:32:56.687] [INFO] [EXEC] STREAM_TARGET_USED ticks=80 sell_price=80905.70
[07:32:56.937] [INFO] [EXEC] STREAM_SELL_PLACED stream_id=11 chunk_id=2898152494224 order_id=388028546 price=80905.70 qty=0.003090
[07:32:57.204] [INFO] [EXEC] STREAM_BUY_FILLED level_id=12
[07:32:57.204] [OK] [EXEC] CHUNK ADD qty=0.003090 entry=80904.81
[07:32:57.204] [INFO] [EXEC] CHUNK COUNT n=12
[07:32:57.204] [INFO] [EXEC] STREAM_TARGET_USED ticks=80 sell_price=80905.61
[07:32:57.468] [INFO] [EXEC] STREAM_SELL_PLACED stream_id=12 chunk_id=2898152501232 order_id=388028554 price=80905.61 qty=0.003090
[07:32:57.734] [INFO] [EXEC] STREAM_SELL_STATUS stream_id=1 chunk_id=2898101517824 order_id=388028407 status=NEW
[07:32:57.984] [INFO] [EXEC] STREAM_SELL_STATUS stream_id=2 chunk_id=2898101510528 order_id=388028483 status=NEW
[07:32:58.253] [INFO] [EXEC] STREAM_SELL_STATUS stream_id=3 chunk_id=2898101512880 order_id=388028496 status=FILLED
[07:32:58.253] [INFO] [EXEC] STREAM_SELL_FILLED stream_id=3 chunk_id=2898101512880 order_id=388028496
[07:32:58.259] [OK] [EXEC] FIFO CLOSE qty=0.003090 entry=80905.70 exit=80906.50 pnl=+0.002472
[07:32:58.259] [INFO] [EXEC] STREAM_PNL stream_id=3 pnl=+0.002472
[07:32:58.259] [INFO] [EXEC] STREAM_RECYCLED level_id=3
[07:32:58.259] [INFO] [EXEC] STREAM_RECYCLED stream_id=3
[07:32:58.514] [INFO] [EXEC] STREAM_SELL_STATUS stream_id=4 chunk_id=2898152492736 order_id=388028521 status=FILLED
[07:32:58.514] [INFO] [EXEC] STREAM_SELL_FILLED stream_id=4 chunk_id=2898152492736 order_id=388028521
[07:32:58.530] [OK] [EXEC] FIFO CLOSE qty=0.003090 entry=80905.61 exit=80906.41 pnl=+0.002472
[07:32:58.530] [INFO] [EXEC] STREAM_PNL stream_id=4 pnl=+0.002472
[07:32:58.530] [INFO] [EXEC] STREAM_RECYCLED level_id=4
[07:32:58.530] [INFO] [EXEC] STREAM_RECYCLED stream_id=4
[07:32:58.795] [INFO] [EXEC] STREAM_SELL_STATUS stream_id=5 chunk_id=2898152498688 order_id=388028526 status=FILLED
[07:32:58.795] [INFO] [EXEC] STREAM_SELL_FILLED stream_id=5 chunk_id=2898152498688 order_id=388028526
[07:32:58.795] [OK] [EXEC] FIFO CLOSE qty=0.003090 entry=80905.51 exit=80906.31 pnl=+0.002472
[07:32:58.795] [INFO] [EXEC] STREAM_PNL stream_id=5 pnl=+0.002472
[07:32:58.795] [INFO] [EXEC] STREAM_RECYCLED level_id=5
[07:32:58.795] [INFO] [EXEC] STREAM_RECYCLED stream_id=5
[07:32:59.545] [INFO] [EXEC] STREAM_SELL_STATUS stream_id=6 chunk_id=2898152499840 order_id=388028537 status=FILLED
[07:32:59.545] [INFO] [EXEC] STREAM_SELL_FILLED stream_id=6 chunk_id=2898152499840 order_id=388028537
[07:32:59.545] [OK] [EXEC] FIFO CLOSE qty=0.003090 entry=80905.40 exit=80906.20 pnl=+0.002472
[07:32:59.561] [INFO] [EXEC] STREAM_PNL stream_id=6 pnl=+0.002472
[07:32:59.561] [INFO] [EXEC] STREAM_RECYCLED level_id=6
[07:32:59.561] [INFO] [EXEC] STREAM_RECYCLED stream_id=6
[07:32:59.827] [INFO] [EXEC] STREAM_SELL_STATUS stream_id=7 chunk_id=2898152501712 order_id=388028538 status=FILLED
[07:32:59.827] [INFO] [EXEC] STREAM_SELL_FILLED stream_id=7 chunk_id=2898152501712 order_id=388028538
[07:32:59.827] [OK] [EXEC] FIFO CLOSE qty=0.003090 entry=80905.31 exit=80906.11 pnl=+0.002472
[07:32:59.827] [INFO] [EXEC] STREAM_PNL stream_id=7 pnl=+0.002472
[07:32:59.827] [INFO] [EXEC] STREAM_RECYCLED level_id=7
[07:32:59.827] [INFO] [EXEC] STREAM_RECYCLED stream_id=7
[07:33:00.092] [INFO] [EXEC] STREAM_SELL_STATUS stream_id=8 chunk_id=2898152499984 order_id=388028540 status=FILLED
[07:33:00.092] [INFO] [EXEC] STREAM_SELL_FILLED stream_id=8 chunk_id=2898152499984 order_id=388028540
[07:33:00.092] [OK] [EXEC] FIFO CLOSE qty=0.003090 entry=80905.20 exit=80906.00 pnl=+0.002472
[07:33:00.092] [INFO] [EXEC] STREAM_PNL stream_id=8 pnl=+0.002472
[07:33:00.092] [INFO] [EXEC] STREAM_RECYCLED level_id=8
[07:33:00.092] [INFO] [EXEC] STREAM_RECYCLED stream_id=8
[07:33:00.357] [INFO] [EXEC] STREAM_SELL_STATUS stream_id=9 chunk_id=2898101514608 order_id=388028542 status=FILLED
[07:33:00.357] [INFO] [EXEC] STREAM_SELL_FILLED stream_id=9 chunk_id=2898101514608 order_id=388028542
[07:33:00.357] [OK] [EXEC] FIFO CLOSE qty=0.003090 entry=80905.11 exit=80905.91 pnl=+0.002472
[07:33:00.357] [INFO] [EXEC] STREAM_PNL stream_id=9 pnl=+0.002472
[07:33:00.372] [INFO] [EXEC] STREAM_RECYCLED level_id=9
[07:33:00.372] [INFO] [EXEC] STREAM_RECYCLED stream_id=9
[07:33:00.622] [INFO] [EXEC] STREAM_SELL_STATUS stream_id=10 chunk_id=2898152498400 order_id=388028544 status=FILLED
[07:33:00.638] [INFO] [EXEC] STREAM_SELL_FILLED stream_id=10 chunk_id=2898152498400 order_id=388028544
[07:33:00.638] [OK] [EXEC] FIFO CLOSE qty=0.003090 entry=80905.01 exit=80905.81 pnl=+0.002472
[07:33:00.638] [INFO] [EXEC] STREAM_PNL stream_id=10 pnl=+0.002472
[07:33:00.638] [INFO] [EXEC] STREAM_RECYCLED level_id=10
[07:33:00.638] [INFO] [EXEC] STREAM_RECYCLED stream_id=10
[07:33:01.375] [INFO] [EXEC] STREAM_SELL_STATUS stream_id=11 chunk_id=2898152494224 order_id=388028546 status=FILLED
[07:33:01.375] [INFO] [EXEC] STREAM_SELL_FILLED stream_id=11 chunk_id=2898152494224 order_id=388028546
[07:33:01.390] [OK] [EXEC] FIFO CLOSE qty=0.003090 entry=80904.90 exit=80905.70 pnl=+0.002472
[07:33:01.390] [INFO] [EXEC] STREAM_PNL stream_id=11 pnl=+0.002472
[07:33:01.390] [INFO] [EXEC] STREAM_RECYCLED level_id=11
[07:33:01.390] [INFO] [EXEC] STREAM_RECYCLED stream_id=11
[07:33:01.656] [INFO] [EXEC] STREAM_SELL_STATUS stream_id=12 chunk_id=2898152501232 order_id=388028554 status=FILLED
[07:33:01.656] [INFO] [EXEC] STREAM_SELL_FILLED stream_id=12 chunk_id=2898152501232 order_id=388028554
[07:33:01.656] [OK] [EXEC] FIFO CLOSE qty=0.003090 entry=80904.81 exit=80905.61 pnl=+0.002472
[07:33:01.656] [INFO] [EXEC] STREAM_PNL stream_id=12 pnl=+0.002472
[07:33:01.656] [INFO] [EXEC] STREAM_RECYCLED level_id=12
[07:33:01.656] [INFO] [EXEC] STREAM_RECYCLED stream_id=12
[07:33:01.672] [INFO] [EXEC] STREAM_REPAIR_SKIP reason=stream_owned_inventory
[07:33:01.672] [INFO] [EXEC] STREAM_GLOBAL_SELL_SKIP reason=exit_recovery_inventory_no_sell
[07:33:01.672] [INFO] [EXEC] STREAM_GLOBAL_SELL_SKIP reason=place_sell
[07:33:02.421] [INFO] [EXEC] STREAM_STATS_UI cycles=13 wins=11 losses=2 pnl=-0.027717 winrate=84.62%
[07:33:03.421] [INFO] [EXEC] STREAM_SELL_STATUS stream_id=1 chunk_id=2898101517824 order_id=388028407 status=FILLED
[07:33:03.421] [INFO] [EXEC] STREAM_SELL_FILLED stream_id=1 chunk_id=2898101517824 order_id=388028407
[07:33:03.437] [OK] [EXEC] FIFO CLOSE qty=0.003090 entry=80905.90 exit=80906.70 pnl=+0.002472
[07:33:03.437] [INFO] [EXEC] STREAM_PNL stream_id=1 pnl=+0.002472
[07:33:03.437] [INFO] [EXEC] STREAM_RECYCLED level_id=1
[07:33:03.437] [INFO] [EXEC] STREAM_RECYCLED stream_id=1
[07:33:03.703] [INFO] [EXEC] STREAM_SELL_STATUS stream_id=2 chunk_id=2898101510528 order_id=388028483 status=FILLED
[07:33:03.703] [INFO] [EXEC] STREAM_SELL_FILLED stream_id=2 chunk_id=2898101510528 order_id=388028483
[07:33:03.703] [OK] [EXEC] FIFO CLOSE qty=0.003090 entry=80905.81 exit=80906.61 pnl=+0.002472
[07:33:03.703] [INFO] [EXEC] STREAM_PNL stream_id=2 pnl=+0.002472
[07:33:03.719] [INFO] [EXEC] STREAM_RECYCLED level_id=2
[07:33:03.719] [INFO] [EXEC] STREAM_RECYCLED stream_id=2
[07:33:03.719] [INFO] [HEALTH] state=DANGER
[07:33:03.719] [INFO] [EXEC] STREAM_GUARD_SIMPLE_PASS
[07:33:03.719] [INFO] [EXEC] STREAM_MODE_ACTIVE_SKIP_SINGLE_ENTRY
[07:33:03.969] [INFO] [EXEC] STREAM_BUY_PLACED level_id=1 order_id=388028860
[07:33:03.984] [OK] [EXEC] PLACE BUY price=80905.90 qty=0.003090
[07:33:04.248] [INFO] [EXEC] STREAM_BUY_PLACED level_id=2 order_id=388028872
[07:33:04.252] [OK] [EXEC] PLACE BUY price=80905.81 qty=0.003090
[07:33:04.499] [INFO] [EXEC] STREAM_BUY_PLACED level_id=3 order_id=388028873
[07:33:04.515] [OK] [EXEC] PLACE BUY price=80905.70 qty=0.003090
[07:33:05.421] [INFO] [EXEC] STREAM_BUY_FILLED level_id=1
[07:33:05.421] [OK] [EXEC] CHUNK ADD qty=0.003090 entry=80905.90
[07:33:05.421] [INFO] [EXEC] CHUNK COUNT n=1
[07:33:05.421] [INFO] [EXEC] STREAM_TARGET_USED ticks=80 sell_price=80906.70
[07:33:05.687] [INFO] [EXEC] STREAM_SELL_PLACED stream_id=1 chunk_id=2898152500080 order_id=388028935 price=80906.70 qty=0.003090
[07:33:06.436] [INFO] [EXEC] STREAM_BUY_FILLED level_id=2
[07:33:06.436] [OK] [EXEC] CHUNK ADD qty=0.003090 entry=80905.81
[07:33:06.436] [INFO] [EXEC] CHUNK COUNT n=2
[07:33:06.436] [INFO] [EXEC] STREAM_TARGET_USED ticks=80 sell_price=80906.61
[07:33:06.702] [INFO] [EXEC] STREAM_SELL_PLACED stream_id=2 chunk_id=2898101511104 order_id=388028941 price=80906.61 qty=0.003090
[07:33:07.452] [INFO] [EXEC] STREAM_BUY_FILLED level_id=3
[07:33:07.452] [OK] [EXEC] CHUNK ADD qty=0.003090 entry=80905.70
[07:33:07.452] [INFO] [EXEC] CHUNK COUNT n=3
[07:33:07.452] [INFO] [EXEC] STREAM_TARGET_USED ticks=80 sell_price=80906.50
[07:33:07.717] [INFO] [EXEC] STREAM_SELL_PLACED stream_id=3 chunk_id=2898152502288 order_id=388028977 price=80906.50 qty=0.003090
[07:33:07.967] [INFO] [EXEC] STREAM_SELL_STATUS stream_id=1 chunk_id=2898152500080 order_id=388028935 status=NEW
[07:33:08.239] [INFO] [EXEC] STREAM_SELL_STATUS stream_id=2 chunk_id=2898101511104 order_id=388028941 status=NEW
[07:33:08.497] [INFO] [EXEC] STREAM_SELL_STATUS stream_id=3 chunk_id=2898152502288 order_id=388028977 status=NEW
[07:33:08.497] [INFO] [EXEC] STREAM_REPAIR_SKIP reason=stream_owned_inventory
[07:33:08.497] [INFO] [EXEC] STREAM_GLOBAL_SELL_SKIP reason=exit_recovery_inventory_no_sell
[07:33:08.497] [INFO] [EXEC] STREAM_GLOBAL_SELL_SKIP reason=place_sell
[07:33:08.497] [INFO] [EXEC] STREAM_STATS_UI cycles=15 wins=13 losses=2 pnl=-0.022773 winrate=86.67%
[07:33:09.655] [INFO] [EXEC] STREAM_SELL_STATUS stream_id=1 chunk_id=2898152500080 order_id=388028935 status=NEW
[07:33:09.920] [INFO] [EXEC] STREAM_SELL_STATUS stream_id=2 chunk_id=2898101511104 order_id=388028941 status=NEW
[07:33:10.194] [INFO] [EXEC] STREAM_SELL_STATUS stream_id=3 chunk_id=2898152502288 order_id=388028977 status=NEW
[07:33:10.194] [INFO] [EXEC] STREAM_REPAIR_SKIP reason=stream_owned_inventory
[07:33:11.194] [INFO] [EXEC] STREAM_SELL_STATUS stream_id=1 chunk_id=2898152500080 order_id=388028935 status=NEW
[07:33:11.466] [INFO] [EXEC] STREAM_SELL_STATUS stream_id=2 chunk_id=2898101511104 order_id=388028941 status=NEW
[07:33:11.732] [INFO] [EXEC] STREAM_SELL_STATUS stream_id=3 chunk_id=2898152502288 order_id=388028977 status=NEW
[07:33:11.732] [INFO] [EXEC] STREAM_REPAIR_SKIP reason=stream_owned_inventory
[07:33:11.732] [INFO] [EXEC] STREAM_GLOBAL_SELL_SKIP reason=exit_recovery_inventory_no_sell
[07:33:11.732] [INFO] [EXEC] STREAM_GLOBAL_SELL_SKIP reason=place_sell
[07:33:12.451] [INFO] [EXEC] STREAM_SELL_STATUS stream_id=1 chunk_id=2898152500080 order_id=388028935 status=NEW
[07:33:12.716] [INFO] [EXEC] STREAM_SELL_STATUS stream_id=2 chunk_id=2898101511104 order_id=388028941 status=NEW
[07:33:13.457] [INFO] [EXEC] STREAM_SELL_STATUS stream_id=3 chunk_id=2898152502288 order_id=388028977 status=NEW
[07:33:13.473] [INFO] [EXEC] STREAM_REPAIR_SKIP reason=stream_owned_inventory
[07:33:13.661] [INFO] [EXEC] STREAM_STATS_UI cycles=15 wins=13 losses=2 pnl=-0.022773 winrate=86.67%
[07:33:14.209] [INFO] [EXEC] STREAM_SELL_STATUS stream_id=1 chunk_id=2898152500080 order_id=388028935 status=FILLED
[07:33:14.217] [INFO] [EXEC] STREAM_SELL_FILLED stream_id=1 chunk_id=2898152500080 order_id=388028935
[07:33:14.217] [OK] [EXEC] FIFO CLOSE qty=0.003090 entry=80905.90 exit=80906.70 pnl=+0.002472
[07:33:14.217] [INFO] [EXEC] STREAM_PNL stream_id=1 pnl=+0.002472
[07:33:14.222] [INFO] [EXEC] STREAM_RECYCLED level_id=1
[07:33:14.223] [INFO] [EXEC] STREAM_RECYCLED stream_id=1
[07:33:14.473] [INFO] [EXEC] STREAM_SELL_STATUS stream_id=2 chunk_id=2898101511104 order_id=388028941 status=FILLED
[07:33:14.473] [INFO] [EXEC] STREAM_SELL_FILLED stream_id=2 chunk_id=2898101511104 order_id=388028941
[07:33:14.489] [OK] [EXEC] FIFO CLOSE qty=0.003090 entry=80905.81 exit=80906.61 pnl=+0.002472
[07:33:14.489] [INFO] [EXEC] STREAM_PNL stream_id=2 pnl=+0.002472
[07:33:14.489] [INFO] [EXEC] STREAM_RECYCLED level_id=2
[07:33:14.489] [INFO] [EXEC] STREAM_RECYCLED stream_id=2
[07:33:14.754] [INFO] [EXEC] STREAM_SELL_STATUS stream_id=3 chunk_id=2898152502288 order_id=388028977 status=FILLED
[07:33:14.754] [INFO] [EXEC] STREAM_SELL_FILLED stream_id=3 chunk_id=2898152502288 order_id=388028977
[07:33:14.754] [OK] [EXEC] FIFO CLOSE qty=0.003090 entry=80905.70 exit=80906.50 pnl=+0.002472
[07:33:14.754] [INFO] [EXEC] STREAM_PNL stream_id=3 pnl=+0.002472
[07:33:14.754] [INFO] [EXEC] STREAM_RECYCLED level_id=3
[07:33:14.754] [INFO] [EXEC] STREAM_RECYCLED stream_id=3
[07:33:14.754] [WARNING] [HEALTH] block spread_too_young lifetime=0
[07:33:14.770] [WARNING] [HEALTH] unstable_spread lifetime=0
[07:33:14.770] [INFO] [EXEC] STREAM_GUARD_SIMPLE_PASS
[07:33:14.770] [INFO] [EXEC] STREAM_MODE_ACTIVE_SKIP_SINGLE_ENTRY
[07:33:15.035] [INFO] [EXEC] STREAM_BUY_PLACED level_id=1 order_id=388029110
[07:33:15.035] [OK] [EXEC] PLACE BUY price=80905.90 qty=0.003090
[07:33:15.291] [INFO] [EXEC] STREAM_BUY_PLACED level_id=2 order_id=388029116
[07:33:15.291] [OK] [EXEC] PLACE BUY price=80905.81 qty=0.003090
[07:33:15.565] [INFO] [EXEC] STREAM_BUY_PLACED level_id=3 order_id=388029132
[07:33:15.565] [OK] [EXEC] PLACE BUY price=80905.70 qty=0.003090
[07:33:17.193] [INFO] [EXEC] STREAM_GUARD_SIMPLE_PASS
[07:33:17.457] [INFO] [EXEC] STREAM_BUY_PLACED level_id=4 order_id=388029159
[07:33:17.473] [OK] [EXEC] PLACE BUY price=80905.61 qty=0.003090
[07:33:17.723] [INFO] [EXEC] STREAM_BUY_PLACED level_id=5 order_id=388029167
[07:33:17.739] [OK] [EXEC] PLACE BUY price=80905.51 qty=0.003090
[07:33:17.988] [INFO] [EXEC] STREAM_BUY_PLACED level_id=6 order_id=388029170
[07:33:17.988] [OK] [EXEC] PLACE BUY price=80905.40 qty=0.003090
[07:33:20.305] [INFO] [EXEC] STREAM_GUARD_SIMPLE_PASS
[07:33:20.305] [INFO] [EXEC] STREAM_MODE_ACTIVE_SKIP_SINGLE_ENTRY
[07:33:20.566] [INFO] [EXEC] STREAM_BUY_PLACED level_id=7 order_id=388029269
[07:33:20.566] [OK] [EXEC] PLACE BUY price=80905.31 qty=0.003090
[07:33:20.832] [INFO] [EXEC] STREAM_BUY_PLACED level_id=8 order_id=388029277
[07:33:20.832] [OK] [EXEC] PLACE BUY price=80905.20 qty=0.003090
[07:33:21.097] [INFO] [EXEC] STREAM_BUY_PLACED level_id=9 order_id=388029279
[07:33:21.097] [OK] [EXEC] PLACE BUY price=80905.11 qty=0.003090
[07:33:21.097] [INFO] [EXEC] STREAM_STATS_UI cycles=18 wins=16 losses=2 pnl=-0.015357 winrate=88.89%
[07:33:24.274] [INFO] [HEALTH] state=DANGER
[07:33:24.274] [INFO] [EXEC] STREAM_GUARD_SIMPLE_PASS
[07:33:24.535] [INFO] [EXEC] STREAM_BUY_PLACED level_id=10 order_id=388029437
[07:33:24.535] [OK] [EXEC] PLACE BUY price=80905.01 qty=0.003090
[07:33:24.801] [INFO] [EXEC] STREAM_BUY_PLACED level_id=11 order_id=388029438
[07:33:24.801] [OK] [EXEC] PLACE BUY price=80904.90 qty=0.003090
[07:33:25.533] [INFO] [EXEC] STREAM_BUY_PLACED level_id=12 order_id=388029445
[07:33:25.549] [OK] [EXEC] PLACE BUY price=80904.81 qty=0.003090
[07:33:29.348] [WARNING] [HEALTH] block spread_too_young lifetime=0
[07:33:29.348] [WARNING] [HEALTH] unstable_spread lifetime=0
[07:33:29.353] [INFO] [EXEC] STREAM_GUARD_SIMPLE_PASS
[07:33:29.354] [INFO] [EXEC] STREAM_MODE_ACTIVE_SKIP_SINGLE_ENTRY
[07:33:29.611] [INFO] [EXEC] STREAM_BUY_PLACED level_id=13 order_id=388029531
[07:33:29.611] [OK] [EXEC] PLACE BUY price=80904.70 qty=0.003090
[07:33:29.876] [INFO] [EXEC] STREAM_BUY_PLACED level_id=14 order_id=388029537
[07:33:29.876] [OK] [EXEC] PLACE BUY price=80904.61 qty=0.003090
[07:33:30.139] [INFO] [EXEC] STREAM_BUY_PLACED level_id=15 order_id=388029544
[07:33:30.146] [OK] [EXEC] PLACE BUY price=80904.51 qty=0.003090
[07:33:30.146] [INFO] [EXEC] STREAM_STATS_UI cycles=18 wins=16 losses=2 pnl=-0.015357 winrate=88.89%
[07:33:34.632] [INFO] [EXEC] STREAM_GUARD_SIMPLE_PASS
[07:33:34.632] [INFO] [EXEC] STREAM_MODE_ACTIVE_SKIP_SINGLE_ENTRY
[07:33:34.898] [INFO] [EXEC] STREAM_BUY_PLACED level_id=16 order_id=388029664
[07:33:34.898] [OK] [EXEC] PLACE BUY price=80904.40 qty=0.003090
[07:33:35.160] [INFO] [EXEC] STREAM_BUY_PLACED level_id=17 order_id=388029673
[07:33:35.175] [OK] [EXEC] PLACE BUY price=80904.31 qty=0.003090
[07:33:35.424] [INFO] [EXEC] STREAM_BUY_PLACED level_id=18 order_id=388029688
[07:33:35.439] [OK] [EXEC] PLACE BUY price=80904.20 qty=0.003090
[07:33:35.439] [INFO] [EXEC] STREAM_STATS_UI cycles=18 wins=16 losses=2 pnl=-0.015357 winrate=88.89%
[07:33:40.690] [INFO] [HEALTH] state=GOOD
[07:33:40.690] [INFO] [EXEC] STREAM_GUARD_SIMPLE_PASS
[07:33:40.690] [INFO] [EXEC] STREAM_MODE_ACTIVE_SKIP_SINGLE_ENTRY
[07:33:40.955] [INFO] [EXEC] STREAM_BUY_PLACED level_id=19 order_id=388029800
[07:33:40.955] [OK] [EXEC] PLACE BUY price=80904.11 qty=0.003090
[07:33:41.235] [INFO] [EXEC] STREAM_BUY_PLACED level_id=20 order_id=388029807
[07:33:41.235] [OK] [EXEC] PLACE BUY price=80904.01 qty=0.003090
[07:33:41.241] [INFO] [EXEC] STREAM_STATS_UI cycles=18 wins=16 losses=2 pnl=-0.015357 winrate=88.89%
[07:33:48.094] [INFO] [HEALTH] state=DANGER
[07:33:48.094] [INFO] [EXEC] STREAM_GUARD_SIMPLE_PASS
[07:33:48.094] [INFO] [EXEC] STREAM_MODE_ACTIVE_SKIP_SINGLE_ENTRY
[07:33:48.142] [INFO] [EXEC] STREAM_STATS_UI cycles=18 wins=16 losses=2 pnl=-0.015357 winrate=88.89%
[07:33:54.469] [INFO] [HEALTH] state=DANGER
[07:33:54.469] [INFO] [EXEC] STREAM_GUARD_SIMPLE_PASS
[07:33:54.484] [INFO] [EXEC] STREAM_MODE_ACTIVE_SKIP_SINGLE_ENTRY
[07:33:54.484] [INFO] [EXEC] STREAM_STATS_UI cycles=18 wins=16 losses=2 pnl=-0.015357 winrate=88.89%
[07:34:00.252] [INFO] [HEALTH] state=DANGER
[07:34:00.254] [INFO] [EXEC] STREAM_GUARD_SIMPLE_PASS
[07:34:00.258] [INFO] [EXEC] STREAM_MODE_ACTIVE_SKIP_SINGLE_ENTRY
[07:34:00.259] [INFO] [EXEC] STREAM_STATS_UI cycles=18 wins=16 losses=2 pnl=-0.015357 winrate=88.89%
[07:34:08.076] [INFO] [HEALTH] state=DANGER
[07:34:08.076] [INFO] [EXEC] STREAM_GUARD_SIMPLE_PASS
[07:34:08.076] [INFO] [EXEC] STREAM_MODE_ACTIVE_SKIP_SINGLE_ENTRY
[07:34:10.989] [INFO] [EXEC] STREAM_BUY_FILLED level_id=5
[07:34:10.989] [OK] [EXEC] CHUNK ADD qty=0.003090 entry=80905.51
[07:34:10.989] [INFO] [EXEC] CHUNK COUNT n=1
[07:34:10.989] [INFO] [EXEC] STREAM_TARGET_USED ticks=80 sell_price=80906.31
[07:34:11.256] [INFO] [EXEC] STREAM_SELL_PLACED stream_id=5 chunk_id=2898101511488 order_id=388030471 price=80906.31 qty=0.003090
[07:34:13.291] [INFO] [EXEC] STREAM_BUY_FILLED level_id=11
[07:34:13.291] [OK] [EXEC] CHUNK ADD qty=0.003090 entry=80904.90
[07:34:13.306] [INFO] [EXEC] CHUNK COUNT n=2
[07:34:13.306] [INFO] [EXEC] STREAM_TARGET_USED ticks=80 sell_price=80905.70
[07:34:13.568] [INFO] [EXEC] STREAM_SELL_PLACED stream_id=11 chunk_id=2898152503104 order_id=388030538 price=80905.70 qty=0.003090
[07:34:13.833] [INFO] [EXEC] STREAM_BUY_FILLED level_id=12
[07:34:13.833] [OK] [EXEC] CHUNK ADD qty=0.003090 entry=80904.81
[07:34:13.833] [INFO] [EXEC] CHUNK COUNT n=3
[07:34:13.833] [INFO] [EXEC] STREAM_TARGET_USED ticks=80 sell_price=80905.61
[07:34:14.099] [INFO] [EXEC] STREAM_SELL_PLACED stream_id=12 chunk_id=2898101517824 order_id=388030561 price=80905.61 qty=0.003090
[07:34:14.361] [INFO] [EXEC] STREAM_BUY_FILLED level_id=13
[07:34:14.361] [OK] [EXEC] CHUNK ADD qty=0.003090 entry=80904.70
[07:34:14.361] [INFO] [EXEC] CHUNK COUNT n=4
[07:34:14.361] [INFO] [EXEC] STREAM_TARGET_USED ticks=80 sell_price=80905.50
[07:34:14.626] [INFO] [EXEC] STREAM_SELL_PLACED stream_id=13 chunk_id=2898101511584 order_id=388030580 price=80905.50 qty=0.003090
[07:34:14.892] [INFO] [EXEC] STREAM_BUY_FILLED level_id=14
[07:34:14.892] [OK] [EXEC] CHUNK ADD qty=0.003090 entry=80904.61
[07:34:14.892] [INFO] [EXEC] CHUNK COUNT n=5
[07:34:14.892] [INFO] [EXEC] STREAM_TARGET_USED ticks=80 sell_price=80905.41
[07:34:15.154] [INFO] [EXEC] STREAM_SELL_PLACED stream_id=14 chunk_id=2898152491200 order_id=388030605 price=80905.41 qty=0.003090
[07:34:15.409] [INFO] [EXEC] STREAM_BUY_FILLED level_id=15
[07:34:15.425] [OK] [EXEC] CHUNK ADD qty=0.003090 entry=80904.51
[07:34:15.425] [INFO] [EXEC] CHUNK COUNT n=6
[07:34:15.425] [INFO] [EXEC] STREAM_TARGET_USED ticks=80 sell_price=80905.31
[07:34:15.690] [INFO] [EXEC] STREAM_SELL_PLACED stream_id=15 chunk_id=2898152504064 order_id=388030618 price=80905.31 qty=0.003090
[07:34:15.956] [INFO] [EXEC] STREAM_BUY_FILLED level_id=16
[07:34:15.956] [OK] [EXEC] CHUNK ADD qty=0.003090 entry=80904.40
[07:34:15.956] [INFO] [EXEC] CHUNK COUNT n=7
[07:34:15.956] [INFO] [EXEC] STREAM_TARGET_USED ticks=80 sell_price=80905.20
[07:34:16.208] [INFO] [EXEC] STREAM_SELL_PLACED stream_id=16 chunk_id=2898101513840 order_id=388030643 price=80905.20 qty=0.003090
[07:34:16.472] [INFO] [EXEC] STREAM_BUY_FILLED level_id=17
[07:34:16.472] [OK] [EXEC] CHUNK ADD qty=0.003090 entry=80904.31
[07:34:16.472] [INFO] [EXEC] CHUNK COUNT n=8
[07:34:16.472] [INFO] [EXEC] STREAM_TARGET_USED ticks=80 sell_price=80905.11
[07:34:16.738] [INFO] [EXEC] STREAM_SELL_PLACED stream_id=17 chunk_id=2898101508800 order_id=388030651 price=80905.11 qty=0.003090
[07:34:17.004] [INFO] [EXEC] STREAM_BUY_FILLED level_id=18
[07:34:17.004] [OK] [EXEC] CHUNK ADD qty=0.003090 entry=80904.20
[07:34:17.004] [INFO] [EXEC] CHUNK COUNT n=9
[07:34:17.004] [INFO] [EXEC] STREAM_TARGET_USED ticks=80 sell_price=80905.00
[07:34:17.274] [INFO] [EXEC] STREAM_SELL_PLACED stream_id=18 chunk_id=2898152504256 order_id=388030654 price=80905.00 qty=0.003090
[07:34:17.534] [INFO] [EXEC] STREAM_BUY_FILLED level_id=19
[07:34:17.534] [OK] [EXEC] CHUNK ADD qty=0.003090 entry=80904.11
[07:34:17.534] [INFO] [EXEC] CHUNK COUNT n=10
[07:34:17.534] [INFO] [EXEC] STREAM_TARGET_USED ticks=80 sell_price=80904.91
[07:34:18.275] [INFO] [EXEC] STREAM_SELL_PLACED stream_id=19 chunk_id=2898101511104 order_id=388030660 price=80904.91 qty=0.003090
[07:34:18.535] [INFO] [EXEC] STREAM_BUY_FILLED level_id=20
[07:34:18.550] [OK] [EXEC] CHUNK ADD qty=0.003090 entry=80904.01
[07:34:18.550] [INFO] [EXEC] CHUNK COUNT n=11
[07:34:18.550] [INFO] [EXEC] STREAM_TARGET_USED ticks=80 sell_price=80904.81
[07:34:18.831] [INFO] [EXEC] STREAM_SELL_PLACED stream_id=20 chunk_id=2898101503712 order_id=388030675 price=80904.81 qty=0.003090
[07:34:19.097] [INFO] [EXEC] STREAM_SELL_STATUS stream_id=5 chunk_id=2898101511488 order_id=388030471 status=FILLED
[07:34:19.097] [INFO] [EXEC] STREAM_SELL_FILLED stream_id=5 chunk_id=2898101511488 order_id=388030471
[07:34:19.097] [OK] [EXEC] FIFO CLOSE qty=0.003090 entry=80905.51 exit=80906.31 pnl=+0.002472
[07:34:19.097] [INFO] [EXEC] STREAM_PNL stream_id=5 pnl=+0.002472
[07:34:19.097] [INFO] [EXEC] STREAM_RECYCLED level_id=5
[07:34:19.097] [INFO] [EXEC] STREAM_RECYCLED stream_id=5
[07:34:19.362] [INFO] [EXEC] STREAM_SELL_STATUS stream_id=11 chunk_id=2898152503104 order_id=388030538 status=FILLED
[07:34:19.362] [INFO] [EXEC] STREAM_SELL_FILLED stream_id=11 chunk_id=2898152503104 order_id=388030538
[07:34:19.362] [OK] [EXEC] FIFO CLOSE qty=0.003090 entry=80904.90 exit=80905.70 pnl=+0.002472
[07:34:19.378] [INFO] [EXEC] STREAM_PNL stream_id=11 pnl=+0.002472
[07:34:19.378] [INFO] [EXEC] STREAM_RECYCLED level_id=11
[07:34:19.378] [INFO] [EXEC] STREAM_RECYCLED stream_id=11
[07:34:19.644] [INFO] [EXEC] STREAM_SELL_STATUS stream_id=12 chunk_id=2898101517824 order_id=388030561 status=FILLED
[07:34:19.644] [INFO] [EXEC] STREAM_SELL_FILLED stream_id=12 chunk_id=2898101517824 order_id=388030561
[07:34:19.644] [OK] [EXEC] FIFO CLOSE qty=0.003090 entry=80904.81 exit=80905.61 pnl=+0.002472
[07:34:19.644] [INFO] [EXEC] STREAM_PNL stream_id=12 pnl=+0.002472
[07:34:19.659] [INFO] [EXEC] STREAM_RECYCLED level_id=12
[07:34:19.659] [INFO] [EXEC] STREAM_RECYCLED stream_id=12
[07:34:19.909] [INFO] [EXEC] STREAM_SELL_STATUS stream_id=13 chunk_id=2898101511584 order_id=388030580 status=FILLED
[07:34:19.925] [INFO] [EXEC] STREAM_SELL_FILLED stream_id=13 chunk_id=2898101511584 order_id=388030580
[07:34:19.925] [OK] [EXEC] FIFO CLOSE qty=0.003090 entry=80904.70 exit=80905.50 pnl=+0.002472
[07:34:19.925] [INFO] [EXEC] STREAM_PNL stream_id=13 pnl=+0.002472
[07:34:19.925] [INFO] [EXEC] STREAM_RECYCLED level_id=13
[07:34:19.925] [INFO] [EXEC] STREAM_RECYCLED stream_id=13
[07:34:20.191] [INFO] [EXEC] STREAM_SELL_STATUS stream_id=14 chunk_id=2898152491200 order_id=388030605 status=FILLED
[07:34:20.191] [INFO] [EXEC] STREAM_SELL_FILLED stream_id=14 chunk_id=2898152491200 order_id=388030605
[07:34:20.191] [OK] [EXEC] FIFO CLOSE qty=0.003090 entry=80904.61 exit=80905.41 pnl=+0.002472
[07:34:20.191] [INFO] [EXEC] STREAM_PNL stream_id=14 pnl=+0.002472
[07:34:20.191] [INFO] [EXEC] STREAM_RECYCLED level_id=14
[07:34:20.207] [INFO] [EXEC] STREAM_RECYCLED stream_id=14
[07:34:20.472] [INFO] [EXEC] STREAM_SELL_STATUS stream_id=15 chunk_id=2898152504064 order_id=388030618 status=FILLED
[07:34:20.472] [INFO] [EXEC] STREAM_SELL_FILLED stream_id=15 chunk_id=2898152504064 order_id=388030618
[07:34:20.472] [OK] [EXEC] FIFO CLOSE qty=0.003090 entry=80904.51 exit=80905.31 pnl=+0.002472
[07:34:20.472] [INFO] [EXEC] STREAM_PNL stream_id=15 pnl=+0.002472
[07:34:20.472] [INFO] [EXEC] STREAM_RECYCLED level_id=15
[07:34:20.487] [INFO] [EXEC] STREAM_RECYCLED stream_id=15
[07:34:20.737] [INFO] [EXEC] STREAM_SELL_STATUS stream_id=16 chunk_id=2898101513840 order_id=388030643 status=FILLED
[07:34:20.737] [INFO] [EXEC] STREAM_SELL_FILLED stream_id=16 chunk_id=2898101513840 order_id=388030643
[07:34:20.753] [OK] [EXEC] FIFO CLOSE qty=0.003090 entry=80904.40 exit=80905.20 pnl=+0.002472
[07:34:20.753] [INFO] [EXEC] STREAM_PNL stream_id=16 pnl=+0.002472
[07:34:20.753] [INFO] [EXEC] STREAM_RECYCLED level_id=16
[07:34:20.753] [INFO] [EXEC] STREAM_RECYCLED stream_id=16
[07:34:21.003] [INFO] [EXEC] STREAM_SELL_STATUS stream_id=17 chunk_id=2898101508800 order_id=388030651 status=FILLED
[07:34:21.003] [INFO] [EXEC] STREAM_SELL_FILLED stream_id=17 chunk_id=2898101508800 order_id=388030651
[07:34:21.018] [OK] [EXEC] FIFO CLOSE qty=0.003090 entry=80904.31 exit=80905.11 pnl=+0.002472
[07:34:21.018] [INFO] [EXEC] STREAM_PNL stream_id=17 pnl=+0.002472
[07:34:21.018] [INFO] [EXEC] STREAM_RECYCLED level_id=17
[07:34:21.018] [INFO] [EXEC] STREAM_RECYCLED stream_id=17
[07:34:21.274] [INFO] [EXEC] STREAM_SELL_STATUS stream_id=18 chunk_id=2898152504256 order_id=388030654 status=FILLED
[07:34:21.289] [INFO] [EXEC] STREAM_SELL_FILLED stream_id=18 chunk_id=2898152504256 order_id=388030654
[07:34:21.289] [OK] [EXEC] FIFO CLOSE qty=0.003090 entry=80904.20 exit=80905.00 pnl=+0.002472
[07:34:21.289] [INFO] [EXEC] STREAM_PNL stream_id=18 pnl=+0.002472
[07:34:21.289] [INFO] [EXEC] STREAM_RECYCLED level_id=18
[07:34:21.289] [INFO] [EXEC] STREAM_RECYCLED stream_id=18
[07:34:21.550] [INFO] [EXEC] STREAM_SELL_STATUS stream_id=19 chunk_id=2898101511104 order_id=388030660 status=FILLED
[07:34:21.565] [INFO] [EXEC] STREAM_SELL_FILLED stream_id=19 chunk_id=2898101511104 order_id=388030660
[07:34:21.565] [OK] [EXEC] FIFO CLOSE qty=0.003090 entry=80904.11 exit=80904.91 pnl=+0.002472
[07:34:21.565] [INFO] [EXEC] STREAM_PNL stream_id=19 pnl=+0.002472
[07:34:21.565] [INFO] [EXEC] STREAM_RECYCLED level_id=19
[07:34:21.565] [INFO] [EXEC] STREAM_RECYCLED stream_id=19
[07:34:21.831] [INFO] [EXEC] STREAM_SELL_STATUS stream_id=20 chunk_id=2898101503712 order_id=388030675 status=FILLED
[07:34:21.831] [INFO] [EXEC] STREAM_SELL_FILLED stream_id=20 chunk_id=2898101503712 order_id=388030675
[07:34:21.831] [OK] [EXEC] FIFO CLOSE qty=0.003090 entry=80904.01 exit=80904.81 pnl=+0.002472
[07:34:21.831] [INFO] [EXEC] STREAM_PNL stream_id=20 pnl=+0.002472
[07:34:21.831] [INFO] [EXEC] STREAM_RECYCLED level_id=20
[07:34:21.831] [INFO] [EXEC] STREAM_RECYCLED stream_id=20
[07:34:21.831] [INFO] [HEALTH] state=DANGER
[07:34:21.831] [INFO] [EXEC] STREAM_GUARD_SIMPLE_PASS
[07:34:21.831] [INFO] [EXEC] STREAM_MODE_ACTIVE_SKIP_SINGLE_ENTRY
[07:34:22.096] [INFO] [EXEC] STREAM_BUY_PLACED level_id=5 order_id=388030816
[07:34:22.096] [OK] [EXEC] PLACE BUY price=80905.51 qty=0.003090
[07:34:22.362] [INFO] [EXEC] STREAM_BUY_PLACED level_id=11 order_id=388030817
[07:34:22.362] [OK] [EXEC] PLACE BUY price=80904.90 qty=0.003090
[07:34:22.627] [INFO] [EXEC] STREAM_BUY_PLACED level_id=12 order_id=388030819
[07:34:22.627] [OK] [EXEC] PLACE BUY price=80904.81 qty=0.003090
[07:34:23.144] [INFO] [EXEC] STREAM_STATS_UI cycles=29 wins=27 losses=2 pnl=+0.011835 winrate=93.10%
[07:34:23.956] [INFO] [EXEC] STREAM_BUY_FILLED level_id=1
[07:34:23.956] [OK] [EXEC] CHUNK ADD qty=0.003090 entry=80905.90
[07:34:23.956] [INFO] [EXEC] CHUNK COUNT n=1
[07:34:23.956] [INFO] [EXEC] STREAM_TARGET_USED ticks=80 sell_price=80906.70
[07:34:24.231] [INFO] [EXEC] STREAM_SELL_PLACED stream_id=1 chunk_id=2898152498448 order_id=388030827 price=80906.70 qty=0.003090
[07:34:24.487] [INFO] [EXEC] STREAM_BUY_FILLED level_id=2
[07:34:24.487] [OK] [EXEC] CHUNK ADD qty=0.003090 entry=80905.81
[07:34:24.487] [INFO] [EXEC] CHUNK COUNT n=2
[07:34:24.487] [INFO] [EXEC] STREAM_TARGET_USED ticks=80 sell_price=80906.61
[07:34:24.768] [INFO] [EXEC] STREAM_SELL_PLACED stream_id=2 chunk_id=2898152497536 order_id=388030829 price=80906.61 qty=0.003090
[07:34:25.034] [INFO] [EXEC] STREAM_BUY_FILLED level_id=3
[07:34:25.034] [OK] [EXEC] CHUNK ADD qty=0.003090 entry=80905.70
[07:34:25.034] [INFO] [EXEC] CHUNK COUNT n=3
[07:34:25.034] [INFO] [EXEC] STREAM_TARGET_USED ticks=80 sell_price=80906.50
[07:34:25.304] [INFO] [EXEC] STREAM_SELL_PLACED stream_id=3 chunk_id=2898152500848 order_id=388030831 price=80906.50 qty=0.003090
[07:34:25.565] [INFO] [EXEC] STREAM_BUY_FILLED level_id=4
[07:34:25.565] [OK] [EXEC] CHUNK ADD qty=0.003090 entry=80905.61
[07:34:25.565] [INFO] [EXEC] CHUNK COUNT n=4
[07:34:25.565] [INFO] [EXEC] STREAM_TARGET_USED ticks=80 sell_price=80906.41
[07:34:25.831] [INFO] [EXEC] STREAM_SELL_PLACED stream_id=4 chunk_id=2898152502912 order_id=388030832 price=80906.41 qty=0.003090
[07:34:26.361] [INFO] [EXEC] STREAM_BUY_FILLED level_id=6
[07:34:26.361] [OK] [EXEC] CHUNK ADD qty=0.003090 entry=80905.40
[07:34:26.361] [INFO] [EXEC] CHUNK COUNT n=5
[07:34:26.361] [INFO] [EXEC] STREAM_TARGET_USED ticks=80 sell_price=80906.20
[07:34:26.627] [INFO] [EXEC] STREAM_SELL_PLACED stream_id=6 chunk_id=2898152496000 order_id=388030889 price=80906.20 qty=0.003090
[07:34:26.893] [INFO] [EXEC] STREAM_BUY_FILLED level_id=7
[07:34:26.893] [OK] [EXEC] CHUNK ADD qty=0.003090 entry=80905.31
[07:34:26.893] [INFO] [EXEC] CHUNK COUNT n=6
[07:34:26.893] [INFO] [EXEC] STREAM_TARGET_USED ticks=80 sell_price=80906.11
[07:34:27.159] [INFO] [EXEC] STREAM_SELL_PLACED stream_id=7 chunk_id=2898152495808 order_id=388030900 price=80906.11 qty=0.003090
[07:34:27.409] [INFO] [EXEC] STREAM_BUY_FILLED level_id=8
[07:34:27.424] [OK] [EXEC] CHUNK ADD qty=0.003090 entry=80905.20
[07:34:27.424] [INFO] [EXEC] CHUNK COUNT n=7
[07:34:27.424] [INFO] [EXEC] STREAM_TARGET_USED ticks=80 sell_price=80906.00
[07:34:27.690] [INFO] [EXEC] STREAM_SELL_PLACED stream_id=8 chunk_id=2898152495952 order_id=388030905 price=80906.00 qty=0.003090
[07:34:27.940] [INFO] [EXEC] STREAM_BUY_FILLED level_id=9
[07:34:27.955] [OK] [EXEC] CHUNK ADD qty=0.003090 entry=80905.11
[07:34:27.955] [INFO] [EXEC] CHUNK COUNT n=8
[07:34:27.955] [INFO] [EXEC] STREAM_TARGET_USED ticks=80 sell_price=80905.91
[07:34:28.221] [INFO] [EXEC] STREAM_SELL_PLACED stream_id=9 chunk_id=2898101516096 order_id=388030907 price=80905.91 qty=0.003090
[07:34:28.471] [INFO] [EXEC] STREAM_BUY_FILLED level_id=10
[07:34:28.486] [OK] [EXEC] CHUNK ADD qty=0.003090 entry=80905.01
[07:34:28.486] [INFO] [EXEC] CHUNK COUNT n=9
[07:34:28.486] [INFO] [EXEC] STREAM_TARGET_USED ticks=80 sell_price=80905.81
[07:34:28.752] [INFO] [EXEC] STREAM_SELL_PLACED stream_id=10 chunk_id=2898152505264 order_id=388030916 price=80905.81 qty=0.003090
[07:34:29.533] [INFO] [EXEC] STREAM_SELL_STATUS stream_id=1 chunk_id=2898152498448 order_id=388030827 status=FILLED
[07:34:29.533] [INFO] [EXEC] STREAM_SELL_FILLED stream_id=1 chunk_id=2898152498448 order_id=388030827
[07:34:29.533] [OK] [EXEC] FIFO CLOSE qty=0.003090 entry=80905.90 exit=80906.70 pnl=+0.002472
[07:34:29.549] [INFO] [EXEC] STREAM_PNL stream_id=1 pnl=+0.002472
[07:34:29.549] [INFO] [EXEC] STREAM_RECYCLED level_id=1
[07:34:29.549] [INFO] [EXEC] STREAM_RECYCLED stream_id=1
[07:34:29.799] [INFO] [EXEC] STREAM_SELL_STATUS stream_id=2 chunk_id=2898152497536 order_id=388030829 status=FILLED
[07:34:29.815] [INFO] [EXEC] STREAM_SELL_FILLED stream_id=2 chunk_id=2898152497536 order_id=388030829
[07:34:29.815] [OK] [EXEC] FIFO CLOSE qty=0.003090 entry=80905.81 exit=80906.61 pnl=+0.002472
[07:34:29.815] [INFO] [EXEC] STREAM_PNL stream_id=2 pnl=+0.002472
[07:34:29.815] [INFO] [EXEC] STREAM_RECYCLED level_id=2
[07:34:29.815] [INFO] [EXEC] STREAM_RECYCLED stream_id=2
[07:34:30.080] [INFO] [EXEC] STREAM_SELL_STATUS stream_id=3 chunk_id=2898152500848 order_id=388030831 status=FILLED
[07:34:30.080] [INFO] [EXEC] STREAM_SELL_FILLED stream_id=3 chunk_id=2898152500848 order_id=388030831
[07:34:30.080] [OK] [EXEC] FIFO CLOSE qty=0.003090 entry=80905.70 exit=80906.50 pnl=+0.002472
[07:34:30.080] [INFO] [EXEC] STREAM_PNL stream_id=3 pnl=+0.002472
[07:34:30.096] [INFO] [EXEC] STREAM_RECYCLED level_id=3
[07:34:30.096] [INFO] [EXEC] STREAM_RECYCLED stream_id=3
[07:34:30.360] [INFO] [EXEC] STREAM_SELL_STATUS stream_id=4 chunk_id=2898152502912 order_id=388030832 status=FILLED
[07:34:30.361] [INFO] [EXEC] STREAM_SELL_FILLED stream_id=4 chunk_id=2898152502912 order_id=388030832
[07:34:30.361] [OK] [EXEC] FIFO CLOSE qty=0.003090 entry=80905.61 exit=80906.41 pnl=+0.002472
[07:34:30.361] [INFO] [EXEC] STREAM_PNL stream_id=4 pnl=+0.002472
[07:34:30.361] [INFO] [EXEC] STREAM_RECYCLED level_id=4
[07:34:30.361] [INFO] [EXEC] STREAM_RECYCLED stream_id=4
[07:34:30.627] [INFO] [EXEC] STREAM_SELL_STATUS stream_id=6 chunk_id=2898152496000 order_id=388030889 status=FILLED
[07:34:30.627] [INFO] [EXEC] STREAM_SELL_FILLED stream_id=6 chunk_id=2898152496000 order_id=388030889
[07:34:30.627] [OK] [EXEC] FIFO CLOSE qty=0.003090 entry=80905.40 exit=80906.20 pnl=+0.002472
[07:34:30.627] [INFO] [EXEC] STREAM_PNL stream_id=6 pnl=+0.002472
[07:34:30.627] [INFO] [EXEC] STREAM_RECYCLED level_id=6
[07:34:30.627] [INFO] [EXEC] STREAM_RECYCLED stream_id=6
[07:34:30.893] [INFO] [EXEC] STREAM_SELL_STATUS stream_id=7 chunk_id=2898152495808 order_id=388030900 status=FILLED
[07:34:30.893] [INFO] [EXEC] STREAM_SELL_FILLED stream_id=7 chunk_id=2898152495808 order_id=388030900
[07:34:30.893] [OK] [EXEC] FIFO CLOSE qty=0.003090 entry=80905.31 exit=80906.11 pnl=+0.002472
[07:34:30.908] [INFO] [EXEC] STREAM_PNL stream_id=7 pnl=+0.002472
[07:34:30.908] [INFO] [EXEC] STREAM_RECYCLED level_id=7
[07:34:30.908] [INFO] [EXEC] STREAM_RECYCLED stream_id=7
[07:34:31.173] [INFO] [EXEC] STREAM_SELL_STATUS stream_id=8 chunk_id=2898152495952 order_id=388030905 status=FILLED
[07:34:31.173] [INFO] [EXEC] STREAM_SELL_FILLED stream_id=8 chunk_id=2898152495952 order_id=388030905
[07:34:31.173] [OK] [EXEC] FIFO CLOSE qty=0.003090 entry=80905.20 exit=80906.00 pnl=+0.002472
[07:34:31.173] [INFO] [EXEC] STREAM_PNL stream_id=8 pnl=+0.002472
[07:34:31.173] [INFO] [EXEC] STREAM_RECYCLED level_id=8
[07:34:31.173] [INFO] [EXEC] STREAM_RECYCLED stream_id=8
[07:34:31.423] [INFO] [EXEC] STREAM_SELL_STATUS stream_id=9 chunk_id=2898101516096 order_id=388030907 status=FILLED
[07:34:31.438] [INFO] [EXEC] STREAM_SELL_FILLED stream_id=9 chunk_id=2898101516096 order_id=388030907
[07:34:31.438] [OK] [EXEC] FIFO CLOSE qty=0.003090 entry=80905.11 exit=80905.91 pnl=+0.002472
[07:34:31.438] [INFO] [EXEC] STREAM_PNL stream_id=9 pnl=+0.002472
[07:34:31.438] [INFO] [EXEC] STREAM_RECYCLED level_id=9
[07:34:31.438] [INFO] [EXEC] STREAM_RECYCLED stream_id=9
[07:34:31.704] [INFO] [EXEC] STREAM_SELL_STATUS stream_id=10 chunk_id=2898152505264 order_id=388030916 status=FILLED
[07:34:31.704] [INFO] [EXEC] STREAM_SELL_FILLED stream_id=10 chunk_id=2898152505264 order_id=388030916
[07:34:31.704] [OK] [EXEC] FIFO CLOSE qty=0.003090 entry=80905.01 exit=80905.81 pnl=+0.002472
[07:34:31.704] [INFO] [EXEC] STREAM_PNL stream_id=10 pnl=+0.002472
[07:34:31.704] [INFO] [EXEC] STREAM_RECYCLED level_id=10
[07:34:31.719] [INFO] [EXEC] STREAM_RECYCLED stream_id=10
[07:34:31.719] [INFO] [HEALTH] state=DANGER
[07:34:31.719] [INFO] [EXEC] STREAM_GUARD_SIMPLE_PASS
[07:34:31.719] [INFO] [EXEC] STREAM_MODE_ACTIVE_SKIP_SINGLE_ENTRY
[07:34:31.969] [INFO] [EXEC] STREAM_BUY_PLACED level_id=1 order_id=388030999
[07:34:31.969] [OK] [EXEC] PLACE BUY price=80905.90 qty=0.003090
[07:34:32.240] [INFO] [EXEC] STREAM_BUY_PLACED level_id=2 order_id=388031003
[07:34:32.240] [OK] [EXEC] PLACE BUY price=80905.81 qty=0.003090
[07:34:32.502] [INFO] [EXEC] STREAM_BUY_PLACED level_id=3 order_id=388031014
[07:34:32.502] [OK] [EXEC] PLACE BUY price=80905.70 qty=0.003090
[07:34:32.548] [INFO] [EXEC] STREAM_STATS_UI cycles=38 wins=36 losses=2 pnl=+0.034083 winrate=94.74%
[07:34:35.765] [INFO] [HEALTH] state=DANGER
[07:34:35.765] [INFO] [EXEC] STREAM_GUARD_SIMPLE_PASS
[07:34:35.765] [INFO] [EXEC] STREAM_MODE_ACTIVE_SKIP_SINGLE_ENTRY
[07:34:36.031] [INFO] [EXEC] STREAM_BUY_PLACED level_id=4 order_id=388031088
[07:34:36.031] [OK] [EXEC] PLACE BUY price=80905.61 qty=0.003090
[07:34:36.300] [INFO] [EXEC] STREAM_BUY_PLACED level_id=6 order_id=388031095
[07:34:36.300] [OK] [EXEC] PLACE BUY price=80905.40 qty=0.003090
[07:34:36.563] [INFO] [EXEC] STREAM_BUY_PLACED level_id=7 order_id=388031099
[07:34:36.563] [OK] [EXEC] PLACE BUY price=80905.31 qty=0.003090
[07:34:39.391] [INFO] [EXEC] STREAM_GUARD_SIMPLE_PASS
[07:34:39.657] [INFO] [EXEC] STREAM_BUY_PLACED level_id=8 order_id=388031125
[07:34:39.657] [OK] [EXEC] PLACE BUY price=80905.20 qty=0.003090
[07:34:39.922] [INFO] [EXEC] STREAM_BUY_PLACED level_id=9 order_id=388031136
[07:34:39.922] [OK] [EXEC] PLACE BUY price=80905.11 qty=0.003090
[07:34:40.173] [INFO] [EXEC] STREAM_BUY_PLACED level_id=10 order_id=388031148
[07:34:40.189] [OK] [EXEC] PLACE BUY price=80905.01 qty=0.003090
[07:34:40.438] [INFO] [EXEC] STREAM_STATS_UI cycles=38 wins=36 losses=2 pnl=+0.034083 winrate=94.74%
[07:34:44.219] [INFO] [HEALTH] state=DANGER
[07:34:44.225] [INFO] [EXEC] STREAM_GUARD_SIMPLE_PASS
[07:34:44.227] [INFO] [EXEC] STREAM_MODE_ACTIVE_SKIP_SINGLE_ENTRY
[07:34:44.484] [INFO] [EXEC] STREAM_BUY_PLACED level_id=13 order_id=388031214
[07:34:44.484] [OK] [EXEC] PLACE BUY price=80904.70 qty=0.003090
[07:34:44.766] [INFO] [EXEC] STREAM_BUY_PLACED level_id=14 order_id=388031225
[07:34:44.766] [OK] [EXEC] PLACE BUY price=80904.61 qty=0.003090
[07:34:45.031] [INFO] [EXEC] STREAM_BUY_PLACED level_id=15 order_id=388031233
[07:34:45.031] [OK] [EXEC] PLACE BUY price=80904.51 qty=0.003090
[07:34:49.277] [WARNING] [HEALTH] block spread_too_young lifetime=0
[07:34:49.277] [WARNING] [HEALTH] unstable_spread lifetime=0
[07:34:49.277] [INFO] [EXEC] STREAM_GUARD_SIMPLE_PASS
[07:34:49.293] [INFO] [EXEC] STREAM_MODE_ACTIVE_SKIP_SINGLE_ENTRY
[07:34:49.546] [INFO] [EXEC] STREAM_BUY_PLACED level_id=16 order_id=388031264
[07:34:49.546] [OK] [EXEC] PLACE BUY price=80904.40 qty=0.003090
[07:34:49.812] [INFO] [EXEC] STREAM_BUY_PLACED level_id=17 order_id=388031265
[07:34:49.812] [OK] [EXEC] PLACE BUY price=80904.31 qty=0.003090
[07:34:50.077] [INFO] [EXEC] STREAM_BUY_PLACED level_id=18 order_id=388031267
[07:34:50.077] [OK] [EXEC] PLACE BUY price=80904.20 qty=0.003090
[07:34:50.077] [INFO] [EXEC] STREAM_STATS_UI cycles=38 wins=36 losses=2 pnl=+0.034083 winrate=94.74%
[07:34:55.546] [INFO] [HEALTH] state=DANGER
[07:34:55.546] [INFO] [EXEC] STREAM_GUARD_SIMPLE_PASS
[07:34:55.546] [INFO] [EXEC] STREAM_MODE_ACTIVE_SKIP_SINGLE_ENTRY
[07:34:55.811] [INFO] [EXEC] STREAM_BUY_PLACED level_id=19 order_id=388031394
[07:34:55.811] [OK] [EXEC] PLACE BUY price=80904.11 qty=0.003090
[07:34:56.077] [INFO] [EXEC] STREAM_BUY_PLACED level_id=20 order_id=388031395
[07:34:56.077] [OK] [EXEC] PLACE BUY price=80904.01 qty=0.003090
[07:34:56.092] [INFO] [EXEC] STREAM_STATS_UI cycles=38 wins=36 losses=2 pnl=+0.034083 winrate=94.74%
[07:35:02.060] [INFO] [HEALTH] state=DANGER
[07:35:02.060] [INFO] [EXEC] STREAM_GUARD_SIMPLE_PASS
[07:35:02.060] [INFO] [EXEC] STREAM_MODE_ACTIVE_SKIP_SINGLE_ENTRY
[07:35:02.060] [INFO] [EXEC] STREAM_STATS_UI cycles=38 wins=36 losses=2 pnl=+0.034083 winrate=94.74%
[07:35:04.192] [INFO] [EXEC] STREAM_BUY_FILLED level_id=2
[07:35:04.192] [OK] [EXEC] CHUNK ADD qty=0.003090 entry=80905.81
[07:35:04.192] [INFO] [EXEC] CHUNK COUNT n=1
[07:35:04.192] [INFO] [EXEC] STREAM_TARGET_USED ticks=80 sell_price=80906.61
[07:35:04.457] [INFO] [EXEC] STREAM_SELL_PLACED stream_id=2 chunk_id=2898152500464 order_id=388031674 price=80906.61 qty=0.003090
[07:35:05.191] [INFO] [EXEC] STREAM_BUY_FILLED level_id=3
[07:35:05.207] [OK] [EXEC] CHUNK ADD qty=0.003090 entry=80905.70
[07:35:05.207] [INFO] [EXEC] CHUNK COUNT n=2
[07:35:05.207] [INFO] [EXEC] STREAM_TARGET_USED ticks=80 sell_price=80906.50
[07:35:05.473] [INFO] [EXEC] STREAM_SELL_PLACED stream_id=3 chunk_id=2898101513840 order_id=388031725 price=80906.50 qty=0.003090
[07:35:05.723] [INFO] [EXEC] STREAM_BUY_FILLED level_id=4
[07:35:05.723] [OK] [EXEC] CHUNK ADD qty=0.003090 entry=80905.61
[07:35:05.739] [INFO] [EXEC] CHUNK COUNT n=3
[07:35:05.739] [INFO] [EXEC] STREAM_TARGET_USED ticks=80 sell_price=80906.41
[07:35:05.989] [INFO] [EXEC] STREAM_SELL_PLACED stream_id=4 chunk_id=2898152500176 order_id=388031735 price=80906.41 qty=0.003090
[07:35:06.256] [INFO] [EXEC] STREAM_BUY_FILLED level_id=5
[07:35:06.256] [OK] [EXEC] CHUNK ADD qty=0.003090 entry=80905.51
[07:35:06.256] [INFO] [EXEC] CHUNK COUNT n=4
[07:35:06.256] [INFO] [EXEC] STREAM_TARGET_USED ticks=80 sell_price=80906.31
[07:35:06.520] [INFO] [EXEC] STREAM_SELL_PLACED stream_id=5 chunk_id=2898152496864 order_id=388031739 price=80906.31 qty=0.003090
[07:35:06.770] [INFO] [EXEC] STREAM_BUY_FILLED level_id=6
[07:35:06.786] [OK] [EXEC] CHUNK ADD qty=0.003090 entry=80905.40
[07:35:06.786] [INFO] [EXEC] CHUNK COUNT n=5
[07:35:06.786] [INFO] [EXEC] STREAM_TARGET_USED ticks=80 sell_price=80906.20
[07:35:07.051] [INFO] [EXEC] STREAM_SELL_PLACED stream_id=6 chunk_id=2898152497200 order_id=388031742 price=80906.20 qty=0.003090
[07:35:07.305] [INFO] [EXEC] STREAM_BUY_FILLED level_id=7
[07:35:07.324] [OK] [EXEC] CHUNK ADD qty=0.003090 entry=80905.31
[07:35:07.327] [INFO] [EXEC] CHUNK COUNT n=6
[07:35:07.329] [INFO] [EXEC] STREAM_TARGET_USED ticks=80 sell_price=80906.11
[07:35:07.582] [INFO] [EXEC] STREAM_SELL_PLACED stream_id=7 chunk_id=2898101511104 order_id=388031745 price=80906.11 qty=0.003090
[07:35:07.847] [INFO] [EXEC] STREAM_BUY_FILLED level_id=8
[07:35:07.847] [OK] [EXEC] CHUNK ADD qty=0.003090 entry=80905.20
[07:35:07.847] [INFO] [EXEC] CHUNK COUNT n=7
[07:35:07.847] [INFO] [EXEC] STREAM_TARGET_USED ticks=80 sell_price=80906.00
[07:35:08.118] [INFO] [EXEC] STREAM_SELL_PLACED stream_id=8 chunk_id=2898101502272 order_id=388031751 price=80906.00 qty=0.003090
[07:35:08.378] [INFO] [EXEC] STREAM_BUY_FILLED level_id=9
[07:35:08.378] [OK] [EXEC] CHUNK ADD qty=0.003090 entry=80905.11
[07:35:08.378] [INFO] [EXEC] CHUNK COUNT n=8
[07:35:08.378] [INFO] [EXEC] STREAM_TARGET_USED ticks=80 sell_price=80905.91
[07:35:08.643] [INFO] [EXEC] STREAM_SELL_PLACED stream_id=9 chunk_id=2898101512736 order_id=388031752 price=80905.91 qty=0.003090
[07:35:08.909] [INFO] [EXEC] STREAM_BUY_FILLED level_id=10
[07:35:08.909] [OK] [EXEC] CHUNK ADD qty=0.003090 entry=80905.01
[07:35:08.909] [INFO] [EXEC] CHUNK COUNT n=9
[07:35:08.909] [INFO] [EXEC] STREAM_TARGET_USED ticks=80 sell_price=80905.81
[07:35:09.175] [INFO] [EXEC] STREAM_SELL_PLACED stream_id=10 chunk_id=2898152493600 order_id=388031753 price=80905.81 qty=0.003090
[07:35:09.439] [INFO] [EXEC] STREAM_BUY_FILLED level_id=11
[07:35:09.439] [OK] [EXEC] CHUNK ADD qty=0.003090 entry=80904.90
[07:35:09.454] [INFO] [EXEC] CHUNK COUNT n=10
[07:35:09.454] [INFO] [EXEC] STREAM_TARGET_USED ticks=80 sell_price=80905.70
[07:35:09.720] [INFO] [EXEC] STREAM_SELL_PLACED stream_id=11 chunk_id=2898152502240 order_id=388031754 price=80905.70 qty=0.003090
[07:35:09.985] [INFO] [EXEC] STREAM_BUY_FILLED level_id=12
[07:35:09.985] [OK] [EXEC] CHUNK ADD qty=0.003090 entry=80904.81
[07:35:10.001] [INFO] [EXEC] CHUNK COUNT n=11
[07:35:10.001] [INFO] [EXEC] STREAM_TARGET_USED ticks=80 sell_price=80905.61
[07:35:10.258] [INFO] [EXEC] STREAM_SELL_PLACED stream_id=12 chunk_id=2898101504144 order_id=388031774 price=80905.61 qty=0.003090
[07:35:10.517] [INFO] [EXEC] STREAM_BUY_FILLED level_id=13
[07:35:10.517] [OK] [EXEC] CHUNK ADD qty=0.003090 entry=80904.70
[07:35:10.517] [INFO] [EXEC] CHUNK COUNT n=12
[07:35:10.517] [INFO] [EXEC] STREAM_TARGET_USED ticks=80 sell_price=80905.50
[07:35:10.783] [INFO] [EXEC] STREAM_SELL_PLACED stream_id=13 chunk_id=2898101514032 order_id=388031780 price=80905.50 qty=0.003090
[07:35:11.048] [INFO] [EXEC] STREAM_BUY_FILLED level_id=14
[07:35:11.048] [OK] [EXEC] CHUNK ADD qty=0.003090 entry=80904.61
[07:35:11.048] [INFO] [EXEC] CHUNK COUNT n=13
[07:35:11.064] [INFO] [EXEC] STREAM_TARGET_USED ticks=80 sell_price=80905.41
[07:35:11.326] [INFO] [EXEC] STREAM_SELL_PLACED stream_id=14 chunk_id=2898101503712 order_id=388031792 price=80905.41 qty=0.003090
[07:35:11.582] [INFO] [EXEC] STREAM_BUY_FILLED level_id=15
[07:35:11.582] [OK] [EXEC] CHUNK ADD qty=0.003090 entry=80904.51
[07:35:11.582] [INFO] [EXEC] CHUNK COUNT n=14
[07:35:11.582] [INFO] [EXEC] STREAM_TARGET_USED ticks=80 sell_price=80905.31
[07:35:11.847] [INFO] [EXEC] STREAM_SELL_PLACED stream_id=15 chunk_id=2898101334144 order_id=388031799 price=80905.31 qty=0.003090
[07:35:12.118] [INFO] [EXEC] STREAM_BUY_FILLED level_id=16
[07:35:12.118] [OK] [EXEC] CHUNK ADD qty=0.003090 entry=80904.40
[07:35:12.118] [INFO] [EXEC] CHUNK COUNT n=15
[07:35:12.123] [INFO] [EXEC] STREAM_TARGET_USED ticks=80 sell_price=80905.20
[07:35:12.378] [INFO] [EXEC] STREAM_SELL_PLACED stream_id=16 chunk_id=2898101511488 order_id=388031804 price=80905.20 qty=0.003090
[07:35:12.644] [INFO] [EXEC] STREAM_BUY_FILLED level_id=17
[07:35:12.644] [OK] [EXEC] CHUNK ADD qty=0.003090 entry=80904.31
[07:35:12.644] [INFO] [EXEC] CHUNK COUNT n=16
[07:35:12.644] [INFO] [EXEC] STREAM_TARGET_USED ticks=80 sell_price=80905.11
[07:35:12.909] [INFO] [EXEC] STREAM_SELL_PLACED stream_id=17 chunk_id=2898152889360 order_id=388031805 price=80905.11 qty=0.003090
[07:35:13.175] [INFO] [EXEC] STREAM_BUY_FILLED level_id=18
[07:35:13.175] [OK] [EXEC] CHUNK ADD qty=0.003090 entry=80904.20
[07:35:13.175] [INFO] [EXEC] CHUNK COUNT n=17
[07:35:13.175] [INFO] [EXEC] STREAM_TARGET_USED ticks=80 sell_price=80905.00
[07:35:13.440] [INFO] [EXEC] STREAM_SELL_PLACED stream_id=18 chunk_id=2898152492352 order_id=388031812 price=80905.00 qty=0.003090
[07:35:13.706] [INFO] [EXEC] STREAM_BUY_FILLED level_id=19
[07:35:13.706] [OK] [EXEC] CHUNK ADD qty=0.003090 entry=80904.11
[07:35:13.706] [INFO] [EXEC] CHUNK COUNT n=18
[07:35:13.706] [INFO] [EXEC] STREAM_TARGET_USED ticks=80 sell_price=80904.91
[07:35:13.972] [INFO] [EXEC] STREAM_SELL_PLACED stream_id=19 chunk_id=2898101514176 order_id=388031813 price=80904.91 qty=0.003090
[07:35:14.237] [INFO] [EXEC] STREAM_BUY_FILLED level_id=20
[07:35:14.243] [OK] [EXEC] CHUNK ADD qty=0.003090 entry=80904.01
[07:35:14.243] [INFO] [EXEC] CHUNK COUNT n=19
[07:35:14.243] [INFO] [EXEC] STREAM_TARGET_USED ticks=80 sell_price=80904.81
[07:35:14.503] [INFO] [EXEC] STREAM_SELL_PLACED stream_id=20 chunk_id=2898152502144 order_id=388031824 price=80904.81 qty=0.003090
[07:35:14.784] [INFO] [EXEC] STREAM_SELL_STATUS stream_id=2 chunk_id=2898152500464 order_id=388031674 status=NEW
[07:35:15.050] [INFO] [EXEC] STREAM_SELL_STATUS stream_id=3 chunk_id=2898101513840 order_id=388031725 status=NEW
[07:35:15.305] [INFO] [EXEC] STREAM_SELL_STATUS stream_id=4 chunk_id=2898152500176 order_id=388031735 status=NEW
[07:35:15.565] [INFO] [EXEC] STREAM_SELL_STATUS stream_id=5 chunk_id=2898152496864 order_id=388031739 status=NEW
[07:35:15.831] [INFO] [EXEC] STREAM_SELL_STATUS stream_id=6 chunk_id=2898152497200 order_id=388031742 status=NEW
[07:35:16.096] [INFO] [EXEC] STREAM_SELL_STATUS stream_id=7 chunk_id=2898101511104 order_id=388031745 status=NEW
[07:35:16.361] [INFO] [EXEC] STREAM_SELL_STATUS stream_id=8 chunk_id=2898101502272 order_id=388031751 status=NEW
[07:35:16.612] [INFO] [EXEC] STREAM_SELL_STATUS stream_id=9 chunk_id=2898101512736 order_id=388031752 status=NEW
[07:35:16.878] [INFO] [EXEC] STREAM_SELL_STATUS stream_id=10 chunk_id=2898152493600 order_id=388031753 status=NEW
[07:35:17.145] [INFO] [EXEC] STREAM_SELL_STATUS stream_id=11 chunk_id=2898152502240 order_id=388031754 status=NEW
[07:35:17.409] [INFO] [EXEC] STREAM_SELL_STATUS stream_id=12 chunk_id=2898101504144 order_id=388031774 status=NEW
[07:35:17.675] [INFO] [EXEC] STREAM_SELL_STATUS stream_id=13 chunk_id=2898101514032 order_id=388031780 status=NEW
[07:35:17.940] [INFO] [EXEC] STREAM_SELL_STATUS stream_id=14 chunk_id=2898101503712 order_id=388031792 status=NEW
[07:35:18.205] [INFO] [EXEC] STREAM_SELL_STATUS stream_id=15 chunk_id=2898101334144 order_id=388031799 status=NEW
[07:35:18.455] [INFO] [EXEC] STREAM_SELL_STATUS stream_id=16 chunk_id=2898101511488 order_id=388031804 status=NEW
[07:35:18.721] [INFO] [EXEC] STREAM_SELL_STATUS stream_id=17 chunk_id=2898152889360 order_id=388031805 status=NEW
[07:35:18.987] [INFO] [EXEC] STREAM_SELL_STATUS stream_id=18 chunk_id=2898152492352 order_id=388031812 status=NEW
[07:35:19.257] [INFO] [EXEC] STREAM_SELL_STATUS stream_id=19 chunk_id=2898101514176 order_id=388031813 status=NEW
[07:35:19.533] [INFO] [EXEC] STREAM_SELL_STATUS stream_id=20 chunk_id=2898152502144 order_id=388031824 status=NEW
[07:35:19.533] [INFO] [EXEC] STREAM_REPAIR_SKIP reason=stream_owned_inventory
[07:35:19.533] [INFO] [EXEC] STREAM_GLOBAL_SELL_SKIP reason=exit_recovery_inventory_no_sell
[07:35:19.533] [INFO] [EXEC] STREAM_GLOBAL_SELL_SKIP reason=place_sell
[07:35:20.033] [INFO] [EXEC] STREAM_STATS_UI cycles=38 wins=36 losses=2 pnl=+0.034083 winrate=94.74%
[07:35:20.705] [INFO] [EXEC] STREAM LOCKED BTC locked=0.058710 STREAM OPEN SELLS=19
[07:35:20.970] [INFO] [EXEC] STREAM_BUY_FILLED level_id=1
[07:35:20.970] [OK] [EXEC] CHUNK ADD qty=0.003090 entry=80905.90
[07:35:20.970] [INFO] [EXEC] CHUNK COUNT n=20
[07:35:20.970] [INFO] [EXEC] STREAM_TARGET_USED ticks=80 sell_price=80906.70
[07:35:21.242] [INFO] [EXEC] STREAM_SELL_PLACED stream_id=1 chunk_id=2898152495952 order_id=388032016 price=80906.70 qty=0.003090
[07:35:21.503] [INFO] [EXEC] STREAM_SELL_STATUS stream_id=2 chunk_id=2898152500464 order_id=388031674 status=NEW
[07:35:21.503] [WARNING] [EXEC] STREAM_SELL_TIMEOUT stream_id=2 chunk_id=2898152500464 order_id=388031674 age_ms=18015 timeout_ms=18000
[07:35:21.768] [INFO] [EXEC] STREAM_SELL_CANCEL_OLD stream_id=2 chunk_id=2898152500464 order_id=388031674
[07:35:21.768] [WARNING] [EXEC] STREAM_STOP_LOSS_EXIT stream_id=2 chunk_id=2898152500464 order_id=388031674 stop_price=80892.35 retry_count=0 retry_max=5
[07:35:22.313] [INFO] [EXEC] STREAM_SELL_STATUS stream_id=3 chunk_id=2898101513840 order_id=388031725 status=NEW
[07:35:22.318] [WARNING] [EXEC] STREAM_SELL_TIMEOUT stream_id=3 chunk_id=2898101513840 order_id=388031725 age_ms=18015 timeout_ms=18000
[07:35:22.579] [INFO] [EXEC] STREAM_SELL_CANCEL_OLD stream_id=3 chunk_id=2898101513840 order_id=388031725
[07:35:22.579] [WARNING] [EXEC] STREAM_STOP_LOSS_EXIT stream_id=3 chunk_id=2898101513840 order_id=388031725 stop_price=80892.35 retry_count=0 retry_max=5
[07:35:23.095] [INFO] [EXEC] STREAM_SELL_STATUS stream_id=4 chunk_id=2898152500176 order_id=388031735 status=NEW
[07:35:23.095] [WARNING] [EXEC] STREAM_SELL_TIMEOUT stream_id=4 chunk_id=2898152500176 order_id=388031735 age_ms=18015 timeout_ms=18000
[07:35:23.361] [INFO] [EXEC] STREAM_SELL_CANCEL_OLD stream_id=4 chunk_id=2898152500176 order_id=388031735
[07:35:23.361] [WARNING] [EXEC] STREAM_STOP_LOSS_EXIT stream_id=4 chunk_id=2898152500176 order_id=388031735 stop_price=80892.35 retry_count=0 retry_max=5
[07:35:23.892] [INFO] [EXEC] STREAM_SELL_STATUS stream_id=5 chunk_id=2898152496864 order_id=388031739 status=NEW
[07:35:23.892] [WARNING] [EXEC] STREAM_SELL_TIMEOUT stream_id=5 chunk_id=2898152496864 order_id=388031739 age_ms=18015 timeout_ms=18000
[07:35:24.158] [INFO] [EXEC] STREAM_SELL_CANCEL_OLD stream_id=5 chunk_id=2898152496864 order_id=388031739
[07:35:24.158] [WARNING] [EXEC] STREAM_STOP_LOSS_EXIT stream_id=5 chunk_id=2898152496864 order_id=388031739 stop_price=80892.35 retry_count=0 retry_max=5
[07:35:24.673] [INFO] [EXEC] STREAM_SELL_STATUS stream_id=6 chunk_id=2898152497200 order_id=388031742 status=NEW
[07:35:24.689] [WARNING] [EXEC] STREAM_SELL_TIMEOUT stream_id=6 chunk_id=2898152497200 order_id=388031742 age_ms=18015 timeout_ms=18000
[07:35:24.955] [INFO] [EXEC] STREAM_SELL_CANCEL_OLD stream_id=6 chunk_id=2898152497200 order_id=388031742
[07:35:24.955] [WARNING] [EXEC] STREAM_STOP_LOSS_EXIT stream_id=6 chunk_id=2898152497200 order_id=388031742 stop_price=80892.35 retry_count=0 retry_max=5
[07:35:25.468] [INFO] [EXEC] STREAM_SELL_STATUS stream_id=7 chunk_id=2898101511104 order_id=388031745 status=NEW
[07:35:25.468] [WARNING] [EXEC] STREAM_SELL_TIMEOUT stream_id=7 chunk_id=2898101511104 order_id=388031745 age_ms=18015 timeout_ms=18000
[07:35:25.734] [INFO] [EXEC] STREAM_SELL_CANCEL_OLD stream_id=7 chunk_id=2898101511104 order_id=388031745
[07:35:25.734] [WARNING] [EXEC] STREAM_STOP_LOSS_EXIT stream_id=7 chunk_id=2898101511104 order_id=388031745 stop_price=80892.35 retry_count=0 retry_max=5
[07:35:26.263] [INFO] [EXEC] STREAM_SELL_STATUS stream_id=8 chunk_id=2898101502272 order_id=388031751 status=NEW
[07:35:26.263] [WARNING] [EXEC] STREAM_SELL_TIMEOUT stream_id=8 chunk_id=2898101502272 order_id=388031751 age_ms=18015 timeout_ms=18000
[07:35:26.533] [INFO] [EXEC] STREAM_SELL_CANCEL_OLD stream_id=8 chunk_id=2898101502272 order_id=388031751
[07:35:26.533] [WARNING] [EXEC] STREAM_STOP_LOSS_EXIT stream_id=8 chunk_id=2898101502272 order_id=388031751 stop_price=80892.35 retry_count=0 retry_max=5
[07:35:27.049] [INFO] [EXEC] STREAM_SELL_STATUS stream_id=9 chunk_id=2898101512736 order_id=388031752 status=NEW
[07:35:27.049] [WARNING] [EXEC] STREAM_SELL_TIMEOUT stream_id=9 chunk_id=2898101512736 order_id=388031752 age_ms=18015 timeout_ms=18000
[07:35:27.319] [INFO] [EXEC] STREAM_SELL_CANCEL_OLD stream_id=9 chunk_id=2898101512736 order_id=388031752
[07:35:27.324] [WARNING] [EXEC] STREAM_STOP_LOSS_EXIT stream_id=9 chunk_id=2898101512736 order_id=388031752 stop_price=80892.35 retry_count=0 retry_max=5
[07:35:27.845] [INFO] [EXEC] STREAM_SELL_STATUS stream_id=10 chunk_id=2898152493600 order_id=388031753 status=NEW
[07:35:27.845] [WARNING] [EXEC] STREAM_SELL_TIMEOUT stream_id=10 chunk_id=2898152493600 order_id=388031753 age_ms=18015 timeout_ms=18000
[07:35:28.116] [INFO] [EXEC] STREAM_SELL_CANCEL_OLD stream_id=10 chunk_id=2898152493600 order_id=388031753
[07:35:28.116] [WARNING] [EXEC] STREAM_STOP_LOSS_EXIT stream_id=10 chunk_id=2898152493600 order_id=388031753 stop_price=80892.35 retry_count=0 retry_max=5
[07:35:28.626] [INFO] [EXEC] STREAM_SELL_STATUS stream_id=11 chunk_id=2898152502240 order_id=388031754 status=NEW
[07:35:28.642] [WARNING] [EXEC] STREAM_SELL_TIMEOUT stream_id=11 chunk_id=2898152502240 order_id=388031754 age_ms=18015 timeout_ms=18000
[07:35:28.892] [INFO] [EXEC] STREAM_SELL_CANCEL_OLD stream_id=11 chunk_id=2898152502240 order_id=388031754
[07:35:28.892] [WARNING] [EXEC] STREAM_STOP_LOSS_EXIT stream_id=11 chunk_id=2898152502240 order_id=388031754 stop_price=80892.35 retry_count=0 retry_max=5
[07:35:29.423] [INFO] [EXEC] STREAM_SELL_STATUS stream_id=12 chunk_id=2898101504144 order_id=388031774 status=NEW
[07:35:29.423] [WARNING] [EXEC] STREAM_SELL_TIMEOUT stream_id=12 chunk_id=2898101504144 order_id=388031774 age_ms=18015 timeout_ms=18000
[07:35:29.689] [INFO] [EXEC] STREAM_SELL_CANCEL_OLD stream_id=12 chunk_id=2898101504144 order_id=388031774
[07:35:29.689] [WARNING] [EXEC] STREAM_STOP_LOSS_EXIT stream_id=12 chunk_id=2898101504144 order_id=388031774 stop_price=80892.35 retry_count=0 retry_max=5
[07:35:30.219] [INFO] [EXEC] STREAM_SELL_STATUS stream_id=13 chunk_id=2898101514032 order_id=388031780 status=NEW
[07:35:30.219] [WARNING] [EXEC] STREAM_SELL_TIMEOUT stream_id=13 chunk_id=2898101514032 order_id=388031780 age_ms=18015 timeout_ms=18000
[07:35:30.486] [INFO] [EXEC] STREAM_SELL_CANCEL_OLD stream_id=13 chunk_id=2898101514032 order_id=388031780
[07:35:30.486] [WARNING] [EXEC] STREAM_STOP_LOSS_EXIT stream_id=13 chunk_id=2898101514032 order_id=388031780 stop_price=80892.35 retry_count=0 retry_max=5
[07:35:31.002] [INFO] [EXEC] STREAM_SELL_STATUS stream_id=14 chunk_id=2898101503712 order_id=388031792 status=NEW
[07:35:31.017] [WARNING] [EXEC] STREAM_SELL_TIMEOUT stream_id=14 chunk_id=2898101503712 order_id=388031792 age_ms=18015 timeout_ms=18000
[07:35:31.278] [INFO] [EXEC] STREAM_SELL_CANCEL_OLD stream_id=14 chunk_id=2898101503712 order_id=388031792
[07:35:31.278] [WARNING] [EXEC] STREAM_STOP_LOSS_EXIT stream_id=14 chunk_id=2898101503712 order_id=388031792 stop_price=80892.35 retry_count=0 retry_max=5
[07:35:31.799] [INFO] [EXEC] STREAM_SELL_STATUS stream_id=15 chunk_id=2898101334144 order_id=388031799 status=NEW
[07:35:31.799] [WARNING] [EXEC] STREAM_SELL_TIMEOUT stream_id=15 chunk_id=2898101334144 order_id=388031799 age_ms=18015 timeout_ms=18000
[07:35:32.064] [INFO] [EXEC] STREAM_SELL_CANCEL_OLD stream_id=15 chunk_id=2898101334144 order_id=388031799
[07:35:32.064] [WARNING] [EXEC] STREAM_STOP_LOSS_EXIT stream_id=15 chunk_id=2898101334144 order_id=388031799 stop_price=80892.35 retry_count=0 retry_max=5
[07:35:32.594] [INFO] [EXEC] STREAM_SELL_STATUS stream_id=16 chunk_id=2898101511488 order_id=388031804 status=NEW
[07:35:32.594] [WARNING] [EXEC] STREAM_SELL_TIMEOUT stream_id=16 chunk_id=2898101511488 order_id=388031804 age_ms=18015 timeout_ms=18000
[07:35:32.855] [INFO] [EXEC] STREAM_SELL_CANCEL_OLD stream_id=16 chunk_id=2898101511488 order_id=388031804
[07:35:32.855] [WARNING] [EXEC] STREAM_STOP_LOSS_EXIT stream_id=16 chunk_id=2898101511488 order_id=388031804 stop_price=80892.35 retry_count=0 retry_max=5
[07:35:33.375] [INFO] [EXEC] STREAM_SELL_STATUS stream_id=17 chunk_id=2898152889360 order_id=388031805 status=NEW
[07:35:33.391] [WARNING] [EXEC] STREAM_SELL_TIMEOUT stream_id=17 chunk_id=2898152889360 order_id=388031805 age_ms=18015 timeout_ms=18000
[07:35:33.656] [INFO] [EXEC] STREAM_SELL_CANCEL_OLD stream_id=17 chunk_id=2898152889360 order_id=388031805
[07:35:33.656] [WARNING] [EXEC] STREAM_STOP_LOSS_EXIT stream_id=17 chunk_id=2898152889360 order_id=388031805 stop_price=80892.35 retry_count=0 retry_max=5
[07:35:34.171] [INFO] [EXEC] STREAM_SELL_STATUS stream_id=18 chunk_id=2898152492352 order_id=388031812 status=NEW
[07:35:34.187] [WARNING] [EXEC] STREAM_SELL_TIMEOUT stream_id=18 chunk_id=2898152492352 order_id=388031812 age_ms=18015 timeout_ms=18000
[07:35:34.454] [INFO] [EXEC] STREAM_SELL_CANCEL_OLD stream_id=18 chunk_id=2898152492352 order_id=388031812
[07:35:34.454] [WARNING] [EXEC] STREAM_STOP_LOSS_EXIT stream_id=18 chunk_id=2898152492352 order_id=388031812 stop_price=80892.35 retry_count=0 retry_max=5
[07:35:34.969] [INFO] [EXEC] STREAM_SELL_STATUS stream_id=19 chunk_id=2898101514176 order_id=388031813 status=NEW
[07:35:34.969] [WARNING] [EXEC] STREAM_SELL_TIMEOUT stream_id=19 chunk_id=2898101514176 order_id=388031813 age_ms=18015 timeout_ms=18000
[07:35:35.246] [INFO] [EXEC] STREAM_SELL_CANCEL_OLD stream_id=19 chunk_id=2898101514176 order_id=388031813
[07:35:35.247] [WARNING] [EXEC] STREAM_STOP_LOSS_EXIT stream_id=19 chunk_id=2898101514176 order_id=388031813 stop_price=80892.35 retry_count=0 retry_max=5
[07:35:35.765] [INFO] [EXEC] STREAM_SELL_STATUS stream_id=20 chunk_id=2898152502144 order_id=388031824 status=NEW
[07:35:35.765] [WARNING] [EXEC] STREAM_SELL_TIMEOUT stream_id=20 chunk_id=2898152502144 order_id=388031824 age_ms=18015 timeout_ms=18000
[07:35:36.031] [INFO] [EXEC] STREAM_SELL_CANCEL_OLD stream_id=20 chunk_id=2898152502144 order_id=388031824
[07:35:36.031] [WARNING] [EXEC] STREAM_STOP_LOSS_EXIT stream_id=20 chunk_id=2898152502144 order_id=388031824 stop_price=80892.35 retry_count=0 retry_max=5
[07:35:36.594] [INFO] [EXEC] STREAM_SELL_STATUS stream_id=1 chunk_id=2898152495952 order_id=388032016 status=NEW
[07:35:36.594] [INFO] [EXEC] STREAM_REPAIR_SKIP reason=stream_owned_inventory
[07:35:36.594] [INFO] [EXEC] STREAM_GLOBAL_SELL_SKIP reason=exit_recovery_inventory_no_sell
[07:35:36.594] [INFO] [EXEC] STREAM_GLOBAL_SELL_SKIP reason=place_sell
[07:35:37.094] [INFO] [EXEC] STREAM_STATS_UI cycles=38 wins=36 losses=2 pnl=+0.034083 winrate=94.74%
[07:35:37.391] [INFO] START_CLICK received enabled=True api_ready=True running=True
[07:35:37.688] [WARNING] cancel all requested
[07:35:58.388] [WARNING] [EXEC] STOP_SAFE_MANUAL inventory=0.061800 active_order=0
[07:35:58.388] [WARNING] [EXEC] STREAM_STOP_OPEN_INVENTORY qty=0.061800 locked=0.000000 free=0.000007
[07:35:58.388] [WARNING] STOP
[07:35:58.404] [INFO] [EXEC] STREAM_STATS_UI cycles=38 wins=36 losses=2 pnl=+0.034083 winrate=94.74%
[07:35:58.674] [INFO] [EXEC] STREAM_REPAIR_SKIP reason=stream_owned_inventory
[07:36:03.529] [INFO] [EXEC] STREAM_STATS_UI cycles=38 wins=36 losses=2 pnl=+0.034083 winrate=94.74%
[07:36:04.279] [INFO] [EXEC] STREAM_REPAIR_SKIP reason=stream_owned_inventory
[07:36:08.543] [INFO] [EXEC] STREAM_STATS_UI cycles=38 wins=36 losses=2 pnl=+0.034083 winrate=94.74%
[07:36:08.591] [INFO] [EXEC] STREAM_REPAIR_SKIP reason=stream_owned_inventory
[07:36:13.581] [INFO] [EXEC] STREAM_STATS_UI cycles=38 wins=36 losses=2 pnl=+0.034083 winrate=94.74%
[07:36:14.187] [INFO] [EXEC] STREAM_REPAIR_SKIP reason=stream_owned_inventory
[07:36:18.965] [INFO] [EXEC] STREAM_STATS_UI cycles=38 wins=36 losses=2 pnl=+0.034083 winrate=94.74%
[07:36:18.981] [INFO] [EXEC] STREAM_REPAIR_SKIP reason=stream_owned_inventory
[07:36:24.058] [INFO] [EXEC] STREAM_STATS_UI cycles=38 wins=36 losses=2 pnl=+0.034083 winrate=94.74%
[07:36:24.636] [INFO] [EXEC] STREAM_REPAIR_SKIP reason=stream_owned_inventory
[07:36:29.544] [INFO] [EXEC] STREAM_STATS_UI cycles=38 wins=36 losses=2 pnl=+0.034083 winrate=94.74%
[07:36:29.683] [INFO] [EXEC] STREAM_REPAIR_SKIP reason=stream_owned_inventory
[07:36:34.616] [INFO] [EXEC] STREAM_STATS_UI cycles=38 wins=36 losses=2 pnl=+0.034083 winrate=94.74%
[07:36:35.280] [INFO] [EXEC] STREAM_REPAIR_SKIP reason=stream_owned_inventory
[07:36:39.620] [INFO] [EXEC] STREAM_STATS_UI cycles=38 wins=36 losses=2 pnl=+0.034083 winrate=94.74%
[07:36:40.390] [INFO] [EXEC] STREAM_REPAIR_SKIP reason=stream_owned_inventory
