[11:54:29.290] [OK] filters loaded
[11:54:49.697] [INFO] START_CLICK received enabled=True api_ready=True running=False
[11:54:49.697] [INFO] START_SETTINGS live_enabled=True guard_mode=FAST entry_mode=AGGRESSIVE exit_engine=True order_size=10000.0
[11:54:49.697] [INFO] START_PROFILE order_size=10000.0 min_spread=7.0 guard_mode=FAST entry_mode=AGGRESSIVE sell_timeout=2200 far_sell_ticks=30 taker_exit_after_ms=1600
[11:54:49.697] [INFO] SETTINGS_MERGE_PRESERVE existing_values=true missing_added=0
[11:54:50.181] [EXCHANGE] symbol=BTCU base=BTC quote=U status=TRADING permissions=[]
[11:54:50.181] [OK] START
[11:54:50.181] [OK] START_OK runtime_started
[11:54:50.666] [INFO] [EXEC] LIVE ON
[11:54:50.666] [INFO] [EXEC] WAIT READY
[11:54:50.938] [WS] primary url=wss://stream.binance.com:9443/ws/btcu@bookTicker
[11:54:50.938] [WS] connecting primary
[11:54:51.011] [WS] connected
[11:54:57.730] [WARNING] [HEALTH] block spread_too_young lifetime=0
[11:54:57.734] [WARNING] [HEALTH] unstable_spread lifetime=0
[11:54:57.736] [WARNING] [EXEC] BLOCK_BUY reason=spread_too_young mode=FAST ws_age=108 spread=10.30 stable=1/1 mid_delta=0.00 bid_delta=0.00
[11:54:58.838] [INFO] [EXEC] SELL ACCOUNTING RESET new_cycle
[11:54:58.838] [OK] [EXEC] BUY ORDER SENT orderId=385290013 price=80747.01 qty=0.123840
[11:54:58.838] [OK] [EXEC] PLACE BUY price=80747.01 qty=0.123840
[11:54:58.838] [OK] [PLAN] HOT entry=80747.01 exit=80755.81 profit=1.089792 age=580ms
[11:54:59.808] [INFO] [EXEC] ENTRY_REPRICE reason=bid_moved_up old=80747.01 new=80748.96 count=1
[11:55:00.322] [OK] [EXEC] ENTRY_PLACE price=80748.96 qty=0.123840
[11:55:00.865] [OK] [SYNC] order filled detected
[11:55:00.867] [OK] [SYNC] BUY filled on exchange
[11:55:00.867] [OK] [EXEC] BUY FILL UPDATE delta=0.123840 avg=80748.95
[11:55:00.869] [OK] [EXEC] CHUNK ADD qty=0.123840 entry=80748.95
[11:55:00.873] [INFO] [EXEC] CHUNK COUNT n=1
[11:55:00.876] [OK] [EXEC] INVENTORY qty=0.123840
[11:55:00.878] [OK] [EXEC] SELL REQUIRED inventory=0.123840
[11:55:01.558] [INFO] [EXEC] SELL CHECK inventory=0.123840 reported=0.000000 remaining=0.123840 chunks=1
[11:55:01.561] [INFO] [EXEC] PLACE_SELL_SOURCE source=plan price=80753.50
[11:55:01.562] [OK] [EXEC] PLACE SELL price=80753.50 qty=0.123840
[11:55:01.829] [OK] [EXEC] SELL ORDER SENT orderId=385290120
[11:55:03.820] [INFO] [EXEC] SELL_WATCHDOG_SYNC orderId=385290120 status=NEW
[11:55:03.821] [WARNING] [EXEC] TAKER_EXIT_TRIGGER reason=force_flat_after_ms age=1995 qty=0.123840
[11:55:03.821] [WARNING] [EXEC] TAKER_EXIT_CANCEL_MAKER orderId=385290120
[11:55:04.634] [INFO] [EXEC] PLACE_SELL_SOURCE source=taker price=80750.94
[11:55:04.903] [WARNING] [EXEC] TAKER_EXIT_ORDER_SENT id=385290159 price=80750.94 qty=0.123840
[11:55:05.444] [WARNING] [SYNC] desync fixed
[11:55:06.590] [INFO] [EXEC] EXIT RECOVERY inventory_no_sell qty=0.123840
[11:55:06.592] [WARNING] [EXEC] SELL_PENDING_WITHOUT_ORDER_FIXED
[11:55:07.119] [INFO] [EXEC] SELL CHECK inventory=0.123840 reported=0.000000 remaining=0.123840 chunks=1
[11:55:07.119] [INFO] [EXEC] PLACE_SELL_SOURCE source=plan price=80752.50
[11:55:07.119] [OK] [EXEC] PLACE SELL price=80752.50 qty=0.123840
[11:55:07.384] [OK] [EXEC] SELL ORDER SENT orderId=385290211
[11:55:08.117] [OK] [SYNC] order filled detected
[11:55:08.119] [OK] [SYNC] SELL filled on exchange
[11:55:08.119] [OK] [EXEC] FIFO CLOSE qty=0.123840 entry=80748.95 exit=80752.50 pnl=+0.439632
[11:55:08.119] [INFO] [EXEC] CHUNK DRAINED
[11:55:08.119] [OK] [EXEC] REALIZED pnl=+0.439632
[11:55:08.119] [INFO] [EXEC] SELL ACCOUNTING RESET flat
[11:55:08.119] [OK] [EXEC] CYCLE CLOSED pnl=+0.439632
[11:55:08.119] [INFO] [EXEC] SESSION realized=+0.439632 wins=1 losses=0
[11:55:12.159] [INFO] [HEALTH] state=GOOD
[11:55:12.426] [INFO] [EXEC] SELL ACCOUNTING RESET new_cycle
[11:55:12.430] [OK] [EXEC] BUY ORDER SENT orderId=385290298 price=80747.01 qty=0.123840
[11:55:12.431] [OK] [EXEC] PLACE BUY price=80747.01 qty=0.123840
[11:55:13.431] [INFO] [EXEC] ENTRY_REPRICE reason=bid_moved_up old=80747.01 new=80750.95 count=1
[11:55:13.965] [OK] [EXEC] ENTRY_PLACE price=80750.95 qty=0.123840
[11:55:14.981] [INFO] [EXEC] BUY_WATCHDOG_SYNC orderId=385290309 status=NEW
[11:55:14.985] [WARNING] [EXEC] BUY TIMEOUT orderId=385290309
[11:55:14.987] [WARNING] [EXEC] CANCEL BUY orderId=385290309
[11:55:15.255] [OK] [EXEC] BUY CANCELED confirmed
[11:55:15.525] [INFO] [EXEC] BUY FINAL STATUS status=CANCELED orderId=385290309
[11:55:15.525] [WARNING] [EXEC] BLOCK reason=buy_not_filled
[11:55:20.384] [INFO] [HEALTH] state=GOOD
[11:55:20.634] [INFO] [EXEC] SELL ACCOUNTING RESET new_cycle
[11:55:20.653] [OK] [EXEC] BUY ORDER SENT orderId=385290393 price=80739.33 qty=0.123850
[11:55:20.656] [OK] [EXEC] PLACE BUY price=80739.33 qty=0.123850
[11:55:21.683] [INFO] [EXEC] ENTRY_REPRICE reason=bid_moved_up old=80739.33 new=80747.62 count=1
[11:55:22.227] [OK] [EXEC] ENTRY_PLACE price=80747.62 qty=0.123850
[11:55:22.761] [OK] [SYNC] order filled detected
[11:55:22.761] [OK] [SYNC] BUY filled on exchange
[11:55:22.761] [OK] [EXEC] BUY FILL UPDATE delta=0.123850 avg=80747.62
[11:55:22.761] [OK] [EXEC] CHUNK ADD qty=0.123850 entry=80747.62
[11:55:22.761] [INFO] [EXEC] CHUNK COUNT n=1
[11:55:22.761] [OK] [EXEC] INVENTORY qty=0.123850
[11:55:22.761] [OK] [EXEC] SELL REQUIRED inventory=0.123850
[11:55:23.990] [INFO] [EXEC] SELL CHECK inventory=0.123850 reported=0.000000 remaining=0.123850 chunks=1
[11:55:23.990] [INFO] [EXEC] PLACE_SELL_SOURCE source=plan price=80747.64
[11:55:23.990] [OK] [EXEC] PLACE SELL price=80747.64 qty=0.123850
[11:55:24.264] [OK] [EXEC] SELL ORDER SENT orderId=385290534
[11:55:26.251] [INFO] [EXEC] SELL_WATCHDOG_SYNC orderId=385290534 status=NEW
[11:55:26.255] [WARNING] [EXEC] TAKER_EXIT_TRIGGER reason=force_flat_after_ms age=1999 qty=0.123850
[11:55:26.258] [WARNING] [EXEC] TAKER_EXIT_CANCEL_MAKER orderId=385290534
[11:55:27.057] [INFO] [EXEC] PLACE_SELL_SOURCE source=taker price=80743.39
[11:55:27.799] [WARNING] [EXEC] TAKER_EXIT_ORDER_SENT id=385290599 price=80743.39 qty=0.123850
[11:55:28.978] [WARNING] [SYNC] desync fixed
[11:55:28.985] [INFO] [EXEC] EXIT RECOVERY inventory_no_sell qty=0.123850
[11:55:28.989] [WARNING] [EXEC] SELL_PENDING_WITHOUT_ORDER_FIXED
[11:55:29.521] [WARNING] [EXEC] SELL_QTY_CLAMP inventory=0.123850 free=0.087117 final=0.087117
[11:55:29.523] [INFO] [EXEC] SELL CHECK inventory=0.123850 reported=0.000000 remaining=0.087117 chunks=1
[11:55:29.524] [INFO] [EXEC] PLACE_SELL_SOURCE source=plan price=80747.64
[11:55:29.526] [OK] [EXEC] PLACE SELL price=80747.64 qty=0.087117
[11:55:29.791] [OK] [EXEC] SELL ORDER SENT orderId=385290669
[11:55:31.507] [OK] [EXEC] FIFO CLOSE qty=0.087110 entry=80747.62 exit=80747.64 pnl=+0.001742
[11:55:31.509] [OK] [EXEC] REALIZED pnl=+0.001742
[11:55:31.509] [OK] [EXEC] SELL PARTIAL delta=0.087110
[11:55:31.509] [OK] [EXEC] INVENTORY remaining=0.036740
[11:55:31.509] [OK] [EXEC] EXIT_FILLED
[11:55:31.509] [OK] [EXEC] SELL FILLED id=385290669
[11:55:31.509] [OK] [EXEC] SELL FILLED qty=0.087110 remaining=0.036740
[11:55:32.540] [INFO] [EXEC] SELL CHECK inventory=0.036740 reported=0.000000 remaining=0.000000 chunks=1
[11:55:32.540] [WARNING] [EXEC] SELL ACCOUNTING STALE RESET
[11:55:32.540] [WARNING] [EXEC] EXIT_BLOCKED_NO_SELLABLE_QTY inventory=0.036740 free=0.000007 safe=0.000000 reason=dust_or_locked_balance
[11:55:33.040] [INFO] [EXEC] EXIT RECOVERY inventory_no_sell qty=0.036740
[11:55:33.570] [INFO] [EXEC] SELL CHECK inventory=0.036740 reported=0.000000 remaining=0.000000 chunks=1
[11:55:33.572] [WARNING] [EXEC] SELL ACCOUNTING STALE RESET
[11:55:33.573] [WARNING] [EXEC] EXIT_BLOCKED_NO_SELLABLE_QTY inventory=0.036740 free=0.000007 safe=0.000000 reason=dust_or_locked_balance
[11:55:34.316] [WARNING] [EXEC] PLACE_SELL_STUCK_RECOVERY qty=0.000000
[11:55:34.855] [INFO] [EXEC] SELL CHECK inventory=0.036740 reported=0.000000 remaining=0.000000 chunks=1
[11:55:34.857] [WARNING] [EXEC] SELL ACCOUNTING STALE RESET
[11:55:34.858] [WARNING] [EXEC] EXIT_BLOCKED_NO_SELLABLE_QTY inventory=0.036740 free=0.000007 safe=0.000000 reason=dust_or_locked_balance
[11:55:36.083] [INFO] [EXEC] SELL CHECK inventory=0.036740 reported=0.000000 remaining=0.000000 chunks=1
[11:55:36.086] [WARNING] [EXEC] SELL ACCOUNTING STALE RESET
[11:55:36.089] [WARNING] [EXEC] EXIT_BLOCKED_NO_SELLABLE_QTY inventory=0.036740 free=0.000007 safe=0.000000 reason=dust_or_locked_balance
[11:55:36.551] [INFO] [EXEC] EXIT RECOVERY inventory_no_sell qty=0.036740
[11:55:37.089] [INFO] [EXEC] SELL CHECK inventory=0.036740 reported=0.000000 remaining=0.000000 chunks=1
[11:55:37.091] [WARNING] [EXEC] SELL ACCOUNTING STALE RESET
[11:55:37.092] [WARNING] [EXEC] EXIT_BLOCKED_NO_SELLABLE_QTY inventory=0.036740 free=0.000007 safe=0.000000 reason=dust_or_locked_balance
[11:55:37.806] [WARNING] [EXEC] PLACE_SELL_STUCK_RECOVERY qty=0.000000
[11:55:38.338] [INFO] [EXEC] SELL CHECK inventory=0.036740 reported=0.000000 remaining=0.000000 chunks=1
[11:55:38.338] [WARNING] [EXEC] SELL ACCOUNTING STALE RESET
[11:55:38.338] [WARNING] [EXEC] EXIT_BLOCKED_NO_SELLABLE_QTY inventory=0.036740 free=0.000007 safe=0.000000 reason=dust_or_locked_balance
[11:55:39.306] [INFO] [EXEC] SELL CHECK inventory=0.036740 reported=0.000000 remaining=0.000000 chunks=1
[11:55:39.306] [WARNING] [EXEC] SELL ACCOUNTING STALE RESET
[11:55:39.306] [WARNING] [EXEC] EXIT_BLOCKED_NO_SELLABLE_QTY inventory=0.036740 free=0.000007 safe=0.000000 reason=dust_or_locked_balance
[11:55:39.822] [INFO] [EXEC] EXIT RECOVERY inventory_no_sell qty=0.036740
[11:55:40.353] [INFO] [EXEC] SELL CHECK inventory=0.036740 reported=0.000000 remaining=0.000000 chunks=1
[11:55:40.353] [WARNING] [EXEC] SELL ACCOUNTING STALE RESET
[11:55:40.353] [WARNING] [EXEC] EXIT_BLOCKED_NO_SELLABLE_QTY inventory=0.036740 free=0.000007 safe=0.000000 reason=dust_or_locked_balance
[11:55:41.353] [INFO] [EXEC] SELL CHECK inventory=0.036740 reported=0.000000 remaining=0.000000 chunks=1
[11:55:41.353] [WARNING] [EXEC] SELL ACCOUNTING STALE RESET
[11:55:41.353] [WARNING] [EXEC] EXIT_BLOCKED_NO_SELLABLE_QTY inventory=0.036740 free=0.000007 safe=0.000000 reason=dust_or_locked_balance
[11:55:42.588] [WARNING] [EXEC] PLACE_SELL_STUCK_RECOVERY qty=0.000000
[11:55:43.134] [INFO] [EXEC] SELL CHECK inventory=0.036740 reported=0.000000 remaining=0.000000 chunks=1
[11:55:43.134] [WARNING] [EXEC] SELL ACCOUNTING STALE RESET
[11:55:43.134] [WARNING] [EXEC] EXIT_BLOCKED_NO_SELLABLE_QTY inventory=0.036740 free=0.000007 safe=0.000000 reason=dust_or_locked_balance
[11:55:43.650] [INFO] [EXEC] EXIT RECOVERY inventory_no_sell qty=0.036740
[11:55:44.182] [INFO] [EXEC] SELL CHECK inventory=0.036740 reported=0.000000 remaining=0.000000 chunks=1
[11:55:44.184] [WARNING] [EXEC] SELL ACCOUNTING STALE RESET
[11:55:44.185] [WARNING] [EXEC] EXIT_BLOCKED_NO_SELLABLE_QTY inventory=0.036740 free=0.000007 safe=0.000000 reason=dust_or_locked_balance
[11:55:45.198] [INFO] [EXEC] SELL CHECK inventory=0.036740 reported=0.000000 remaining=0.000000 chunks=1
[11:55:45.202] [WARNING] [EXEC] SELL ACCOUNTING STALE RESET
[11:55:45.204] [WARNING] [EXEC] EXIT_BLOCKED_NO_SELLABLE_QTY inventory=0.036740 free=0.000007 safe=0.000000 reason=dust_or_locked_balance
[11:55:45.951] [WARNING] [EXEC] PLACE_SELL_STUCK_RECOVERY qty=0.000000
[11:55:46.476] [INFO] [EXEC] SELL CHECK inventory=0.036740 reported=0.000000 remaining=0.000000 chunks=1
[11:55:46.478] [WARNING] [EXEC] SELL ACCOUNTING STALE RESET
[11:55:46.480] [WARNING] [EXEC] EXIT_BLOCKED_NO_SELLABLE_QTY inventory=0.036740 free=0.000007 safe=0.000000 reason=dust_or_locked_balance
[11:55:47.495] [INFO] [EXEC] EXIT RECOVERY inventory_no_sell qty=0.036740
[11:55:48.518] [INFO] [EXEC] SELL CHECK inventory=0.036740 reported=0.000000 remaining=0.000000 chunks=1
[11:55:48.520] [WARNING] [EXEC] SELL ACCOUNTING STALE RESET
[11:55:48.521] [WARNING] [EXEC] EXIT_BLOCKED_NO_SELLABLE_QTY inventory=0.036740 free=0.000007 safe=0.000000 reason=dust_or_locked_balance
[11:55:48.529] [INFO] START_CLICK received enabled=True api_ready=True running=True
[11:55:48.812] [WARNING] cancel all requested
[11:55:48.815] [WARNING] [EXEC] STOP_SAFE_MANUAL inventory=0.036740 active_order=0
[11:55:48.816] [WARNING] STOP
