[14:37:17.226] [OK] filters loaded
[14:37:19.443] [OK] [PLAN] HOT entry=80692.01 exit=80699.60 profit=0.940553 age=331ms
[14:37:24.004] [OK] [PLAN] READY entry=80708.03 exit=80711.99 profit=0.490644 age=778ms
[14:37:24.837] [INFO] [SETTINGS] imported path=C:/Users/Art/Desktop/UB/settings_export.json
[14:37:26.266] [OK] [SETTINGS] settings saved
[14:37:26.605] [OK] [PLAN] HOT entry=80723.10 exit=80727.99 profit=0.605773 age=293ms
[14:37:28.639] [OK] [PLAN] HOT entry=80724.51 exit=80735.41 profit=1.350183 age=354ms
[14:37:29.256] [OK] [PLAN] READY entry=80734.07 exit=80738.00 profit=0.486770 age=975ms
[14:37:30.574] [OK] [PLAN] HOT entry=80732.02 exit=80740.03 profit=0.992119 age=2292ms
[14:37:34.344] [OK] [PLAN] READY entry=80732.75 exit=80736.00 profit=0.402545 age=6059ms
[14:37:35.385] [OK] [PLAN] HOT entry=80729.50 exit=80734.62 profit=0.634214 age=7102ms
[14:37:39.651] [OK] [SETTINGS] settings saved
[14:37:39.913] [OK] [PLAN] HOT entry=80737.09 exit=80742.96 profit=0.072671 age=279ms
[14:37:41.403] [EXCHANGE] symbol=BTCU base=BTC quote=U status=TRADING permissions=[]
[14:37:41.407] [OK] START
[14:37:41.411] [INFO] [EXEC] LIVE ON
[14:37:41.413] [INFO] [EXEC] WAIT READY
[14:37:42.154] [WS] primary url=wss://stream.binance.com:9443/ws/btcu@bookTicker
[14:37:42.154] [WS] connecting primary
[14:37:42.711] [OK] [EXEC] BUY ORDER SENT orderId=382339851 price=80732.00 qty=0.012380
[14:37:42.714] [OK] [EXEC] PLACE BUY price=80732.00 qty=0.012380
[14:37:43.275] [OK] [SYNC] order filled detected
[14:37:43.278] [OK] [SYNC] BUY filled on exchange
[14:37:43.773] [WS] connected
[14:37:43.773] [WS] LIVE bid=80730.01 ask=80737.84
[14:37:44.162] [OK] [EXEC] PLACE SELL price=80732.04 qty=0.012380
[14:37:44.438] [OK] [EXEC] SELL ORDER SENT orderId=382340051
[14:37:44.978] [WARNING] [EXEC] CANCEL SELL orderId=382340051
[14:37:45.256] [ERROR] [EXEC] HARD SL triggered
[14:37:45.256] [WARNING] [EXEC] PANIC EXIT sl_mode
[14:37:45.256] [WARNING] [EXEC] FORCE EXIT price=80729.00
[14:37:45.256] [OK] [EXEC] PLACE SELL price=80729.00 qty=0.012380
[14:37:45.542] [OK] [EXEC] SELL ORDER SENT orderId=382340130
[14:37:46.583] [OK] [SYNC] order filled detected
[14:37:46.586] [OK] [SYNC] SELL filled on exchange
[14:37:46.587] [OK] [EXEC] REALIZED pnl=-0.025324
[14:37:47.396] [WS] LIVE bid=80722.00 ask=80737.41
[14:37:47.772] [OK] [EXEC] BUY ORDER SENT orderId=382340275 price=80724.01 qty=0.012380
[14:37:47.788] [OK] [EXEC] PLACE BUY price=80724.01 qty=0.012380
[14:37:49.351] [OK] [EXEC] BUY PARTIAL filled=0.012380 total=0.012380
[14:37:49.367] [OK] [EXEC] BUY REMAINING qty=0.000000
[14:37:49.368] [OK] [EXEC] POSITION qty=0.012380
[14:37:49.370] [OK] [EXEC] BUY FILLED id=382340275
[14:37:49.372] [OK] [PLAN] READY entry=80726.01 exit=80729.46 profit=0.042711 age=1576ms
[14:37:50.387] [OK] [SYNC] order filled detected
[14:37:50.388] [OK] [SYNC] BUY filled on exchange
[14:37:51.528] [OK] [EXEC] PLACE SELL price=80734.75 qty=0.012380
[14:37:52.357] [OK] [EXEC] SELL ORDER SENT orderId=382340546
[14:37:52.384] [WS] LIVE bid=80722.00 ask=80734.75
[14:37:52.524] [WARNING] [EXEC] CANCEL SELL orderId=382340546
[14:37:52.834] [ERROR] [EXEC] HARD SL triggered
[14:37:52.838] [WARNING] [EXEC] PANIC EXIT sl_mode
[14:37:52.841] [WARNING] [EXEC] FORCE EXIT price=80733.74
[14:37:52.844] [OK] [EXEC] PLACE SELL price=80733.74 qty=0.012380
[14:37:53.703] [OK] [EXEC] SELL ORDER SENT orderId=382340711
[14:37:54.730] [OK] [SYNC] order filled detected
[14:37:54.731] [OK] [SYNC] SELL filled on exchange
[14:37:54.731] [OK] [EXEC] REALIZED pnl=+0.120457
[14:37:56.226] [OK] [EXEC] BUY ORDER SENT orderId=382340946 price=80732.46 qty=0.012380
[14:37:56.230] [OK] [EXEC] PLACE BUY price=80732.46 qty=0.012380
[14:37:56.557] [OK] [EXEC] BUY PARTIAL filled=0.012380 total=0.012380
[14:37:56.559] [OK] [EXEC] BUY REMAINING qty=0.000000
[14:37:56.560] [OK] [EXEC] POSITION qty=0.012380
[14:37:56.561] [OK] [EXEC] BUY FILLED id=382340946
[14:37:56.563] [OK] [PLAN] READY entry=80734.46 exit=80738.06 profit=0.044568 age=356ms
[14:37:58.287] [OK] [SYNC] order filled detected
[14:37:58.287] [OK] [SYNC] BUY filled on exchange
[14:37:58.287] [OK] [EXEC] PLACE SELL price=80737.67 qty=0.012380
[14:37:58.550] [OK] [EXEC] SELL ORDER SENT orderId=382341147
[14:37:58.553] [OK] [PLAN] HOT entry=80728.40 exit=80737.67 profit=0.114763 age=2353ms
[14:37:59.123] [WS] LIVE bid=80730.00 ask=80736.29
[14:37:59.144] [WARNING] [EXEC] CANCEL SELL orderId=382341147
[14:37:59.397] [ERROR] [EXEC] HARD SL triggered
[14:37:59.397] [WARNING] [EXEC] PANIC EXIT sl_mode
[14:37:59.397] [WARNING] [EXEC] FORCE EXIT price=80735.33
[14:37:59.414] [OK] [EXEC] PLACE SELL price=80735.33 qty=0.012380
[14:38:00.161] [OK] [EXEC] SELL ORDER SENT orderId=382341268
[14:38:01.288] [OK] [SYNC] order filled detected
[14:38:01.292] [OK] [SYNC] SELL filled on exchange
[14:38:01.293] [OK] [EXEC] REALIZED pnl=+0.071622
[14:38:01.898] [OK] [EXEC] BUY ORDER SENT orderId=382341464 price=80724.01 qty=0.012380
[14:38:01.898] [OK] [EXEC] PLACE BUY price=80724.01 qty=0.012380
[14:38:03.281] [WS] LIVE bid=80727.33 ask=80732.57
[14:38:05.954] [WARNING] [EXEC] BUY TIMEOUT orderId=382341464
[14:38:05.958] [WARNING] [EXEC] CANCEL BUY orderId=382341464
[14:38:06.243] [OK] [EXEC] BUY CANCELED confirmed
[14:38:06.507] [INFO] [EXEC] BUY FINAL STATUS status=CANCELED orderId=382341464
[14:38:06.507] [WARNING] [EXEC] BLOCK reason=buy_not_filled
[14:38:07.531] [WS] LIVE bid=80749.85 ask=80760.34
[14:38:09.585] [OK] [EXEC] BUY ORDER SENT orderId=382342389 price=80756.97 qty=0.012380
[14:38:09.585] [OK] [EXEC] PLACE BUY price=80756.97 qty=0.012380
[14:38:11.494] [OK] [PLAN] READY entry=80772.00 exit=80775.99 profit=0.049396 age=1881ms
[14:38:13.437] [OK] [EXEC] BUY PARTIAL filled=0.012380 total=0.012380
[14:38:13.437] [OK] [EXEC] BUY REMAINING qty=0.000000
[14:38:13.443] [OK] [EXEC] POSITION qty=0.012380
[14:38:13.444] [OK] [EXEC] BUY FILLED id=382342389
[14:38:13.448] [OK] [PLAN] HOT entry=80743.01 exit=80757.90 profit=0.184338 age=3850ms
[14:38:13.448] [WS] LIVE bid=80757.38 ask=80763.99
[14:38:13.983] [OK] [SYNC] order filled detected
[14:38:13.984] [OK] [SYNC] BUY filled on exchange
[14:38:13.985] [OK] [EXEC] PLACE SELL price=80757.01 qty=0.012380
[14:38:14.247] [OK] [EXEC] SELL ORDER SENT orderId=382343082
[14:38:15.389] [OK] [SYNC] order filled detected
[14:38:15.392] [OK] [SYNC] SELL filled on exchange
[14:38:15.392] [OK] [EXEC] REALIZED pnl=+0.000495
[14:38:15.665] [OK] [EXEC] BUY ORDER SENT orderId=382343305 price=80748.77 qty=0.012380
[14:38:15.667] [OK] [EXEC] PLACE BUY price=80748.77 qty=0.012380
[14:38:16.823] [OK] [SYNC] order filled detected
[14:38:16.825] [OK] [SYNC] BUY filled on exchange
[14:38:17.443] [OK] [EXEC] PLACE SELL price=80757.00 qty=0.012380
[14:38:17.709] [OK] [EXEC] SELL ORDER SENT orderId=382343580
[14:38:17.725] [WS] LIVE bid=80759.32 ask=80764.00
[14:38:18.646] [OK] [EXEC] SELL FILLED id=382343580
[14:38:18.649] [OK] [EXEC] SELL FILLED qty=0.012380 remaining=0.000000
[14:38:18.651] [OK] [EXEC] REALIZED pnl=+0.130733
[14:38:19.410] [OK] [EXEC] BUY ORDER SENT orderId=382343751 price=80764.74 qty=0.012380
[14:38:19.414] [OK] [EXEC] PLACE BUY price=80764.74 qty=0.012380
[14:38:21.303] [OK] [PLAN] HOT entry=80766.75 exit=80775.05 profit=0.102754 age=1891ms
[14:38:24.031] [WS] LIVE bid=80769.91 ask=80775.85
[14:38:24.569] [OK] [SYNC] order filled detected
[14:38:24.569] [OK] [SYNC] BUY filled on exchange
[14:38:24.585] [OK] [EXEC] PLACE SELL price=80770.68 qty=0.012380
[14:38:24.851] [OK] [EXEC] SELL ORDER SENT orderId=382344391
[14:38:26.065] [OK] [SYNC] order filled detected
[14:38:26.068] [OK] [SYNC] SELL filled on exchange
[14:38:26.069] [OK] [EXEC] REALIZED pnl=+0.073537
[14:38:26.963] [OK] [EXEC] BUY ORDER SENT orderId=382344609 price=80757.36 qty=0.012380
[14:38:26.967] [OK] [EXEC] PLACE BUY price=80757.36 qty=0.012380
[14:38:28.092] [OK] [SYNC] order filled detected
[14:38:28.093] [OK] [SYNC] BUY filled on exchange
[14:38:28.095] [WS] LIVE bid=80754.73 ask=80761.98
[14:38:28.521] [OK] [EXEC] PLACE SELL price=80759.99 qty=0.012380
[14:38:28.783] [OK] [EXEC] SELL ORDER SENT orderId=382344803
[14:38:28.786] [OK] [PLAN] READY entry=80756.02 exit=80759.99 profit=0.049149 age=1826ms
[14:38:29.767] [OK] [EXEC] SELL FILLED id=382344803
[14:38:29.769] [OK] [EXEC] SELL FILLED qty=0.012380 remaining=0.000000
[14:38:29.770] [OK] [EXEC] REALIZED pnl=+0.032559
[14:38:31.602] [OK] [EXEC] BUY ORDER SENT orderId=382344955 price=80761.14 qty=0.012380
[14:38:31.604] [OK] [EXEC] PLACE BUY price=80761.14 qty=0.012380
[14:38:33.180] [OK] [EXEC] BUY PARTIAL filled=0.012380 total=0.012380
[14:38:33.183] [OK] [EXEC] BUY REMAINING qty=0.000000
[14:38:33.185] [OK] [EXEC] POSITION qty=0.012380
[14:38:33.187] [OK] [EXEC] BUY FILLED id=382344955
[14:38:33.715] [OK] [SYNC] order filled detected
[14:38:33.716] [OK] [SYNC] BUY filled on exchange
[14:38:33.717] [WS] LIVE bid=80747.36 ask=80756.28
[14:38:34.757] [OK] [EXEC] PLACE SELL price=80761.18 qty=0.012380
[14:38:35.026] [OK] [EXEC] SELL ORDER SENT orderId=382345274
[14:38:35.170] [WARNING] [EXEC] CANCEL SELL orderId=382345274
[14:38:35.434] [ERROR] [EXEC] HARD SL triggered
[14:38:35.441] [WARNING] [EXEC] PANIC EXIT sl_mode
[14:38:35.441] [WARNING] [EXEC] FORCE EXIT price=80760.17
[14:38:35.448] [OK] [EXEC] PLACE SELL price=80760.17 qty=0.012380
[14:38:35.722] [OK] [EXEC] SELL ORDER SENT orderId=382345307
[14:38:36.252] [OK] [SYNC] order filled detected
[14:38:36.253] [OK] [SYNC] SELL filled on exchange
[14:38:36.253] [OK] [EXEC] REALIZED pnl=-0.012009
[14:38:37.001] [OK] [EXEC] BUY ORDER SENT orderId=382345485 price=80769.61 qty=0.012380
[14:38:37.003] [OK] [EXEC] PLACE BUY price=80769.61 qty=0.012380
[14:38:37.004] [OK] [PLAN] READY entry=80769.61 exit=80772.82 profit=0.039740 age=1970ms
[14:38:37.999] [WS] LIVE bid=80769.62 ask=80774.94
[14:38:38.641] [OK] [SYNC] order filled detected
[14:38:38.644] [OK] [SYNC] BUY filled on exchange
[14:38:38.646] [OK] [EXEC] PLACE SELL price=80774.69 qty=0.012380
[14:38:38.914] [OK] [EXEC] SELL ORDER SENT orderId=382345633
[14:38:38.919] [OK] [PLAN] HOT entry=80762.26 exit=80774.69 profit=0.153883 age=3889ms
[14:38:43.105] [WARNING] [EXEC] SELL TIMEOUT orderId=382345633
[14:38:43.106] [WARNING] [EXEC] CANCEL SELL orderId=382345633
[14:38:43.634] [INFO] [EXEC] SELL FINAL STATUS status=CANCELED orderId=382345633
[14:38:43.635] [WARNING] [EXEC] PANIC EXIT final_recover_place_sell
[14:38:43.636] [WARNING] [EXEC] PANIC EXIT panic_final_recover
[14:38:43.637] [WARNING] [EXEC] FORCE EXIT price=80768.99
[14:38:43.638] [OK] [EXEC] PLACE SELL price=80768.99 qty=0.012380
[14:38:43.905] [OK] [EXEC] SELL ORDER SENT orderId=382345968
[14:38:44.430] [OK] [SYNC] order filled detected
[14:38:44.431] [OK] [SYNC] SELL filled on exchange
[14:38:44.431] [OK] [EXEC] REALIZED pnl=-0.007676
[14:38:44.433] [WS] LIVE bid=80762.01 ask=80769.99
[14:38:45.100] [OK] [EXEC] BUY ORDER SENT orderId=382346032 price=80768.01 qty=0.012380
[14:38:45.117] [OK] [EXEC] PLACE BUY price=80768.01 qty=0.012380
[14:38:46.137] [OK] [SYNC] order filled detected
[14:38:46.138] [OK] [SYNC] BUY filled on exchange
[14:38:46.827] [OK] [EXEC] PLACE SELL price=80768.09 qty=0.012380
[14:38:47.088] [OK] [EXEC] SELL ORDER SENT orderId=382346261
[14:38:47.091] [OK] [PLAN] HOT entry=80759.78 exit=80768.09 profit=0.102878 age=1977ms
[14:38:47.917] [OK] [PLAN] READY entry=80756.01 exit=80759.99 profit=0.049272 age=2817ms
[14:38:48.962] [WS] LIVE bid=80750.69 ask=80759.56
[14:38:49.500] [OK] [PLAN] HOT entry=80742.01 exit=80748.06 profit=0.074899 age=4379ms
[14:38:51.050] [WARNING] [EXEC] SELL TIMEOUT orderId=382346261
[14:38:51.056] [WARNING] [EXEC] CANCEL SELL orderId=382346261
[14:38:51.578] [INFO] [EXEC] SELL FINAL STATUS status=CANCELED orderId=382346261
[14:38:51.585] [WARNING] [EXEC] PANIC EXIT final_recover_place_sell
[14:38:51.585] [WARNING] [EXEC] PANIC EXIT panic_final_recover
[14:38:51.585] [WARNING] [EXEC] FORCE EXIT price=80744.36
[14:38:51.592] [OK] [EXEC] PLACE SELL price=80744.36 qty=0.012380
[14:38:51.857] [OK] [EXEC] SELL ORDER SENT orderId=382346761
[14:38:51.861] [OK] [PLAN] READY entry=80740.01 exit=80743.36 profit=0.041473 age=5945ms
[14:38:54.094] [WARNING] [EXEC] SELL TIMEOUT orderId=382346761
[14:38:54.095] [WARNING] [EXEC] CANCEL SELL orderId=382346761
[14:38:54.636] [INFO] [EXEC] SELL FINAL STATUS status=CANCELED orderId=382346761
[14:38:54.638] [WARNING] [EXEC] PANIC EXIT final_recover_place_sell
[14:38:54.638] [WARNING] [EXEC] PANIC EXIT panic_final_recover
[14:38:54.639] [WARNING] [EXEC] FORCE EXIT price=80736.51
[14:38:54.640] [OK] [EXEC] PLACE SELL price=80736.51 qty=0.012380
[14:38:54.898] [OK] [EXEC] SELL ORDER SENT orderId=382347114
[14:38:54.898] [WS] LIVE bid=80726.40 ask=80742.00
[14:38:57.444] [OK] [SYNC] order filled detected
[14:38:57.444] [OK] [SYNC] SELL filled on exchange
[14:38:57.444] [OK] [EXEC] REALIZED pnl=-0.389970
[14:38:57.719] [OK] [EXEC] BUY ORDER SENT orderId=382347345 price=80729.27 qty=0.012380
[14:38:57.724] [OK] [EXEC] PLACE BUY price=80729.27 qty=0.012380
[14:38:58.383] [OK] [SYNC] order filled detected
[14:38:58.386] [OK] [SYNC] BUY filled on exchange
[14:38:58.936] [OK] [EXEC] PLACE SELL price=80735.99 qty=0.012380
[14:38:59.210] [OK] [EXEC] SELL ORDER SENT orderId=382347510
[14:38:59.217] [OK] [PLAN] HOT entry=80724.01 exit=80735.99 profit=0.148312 age=1492ms
[14:38:59.220] [WS] LIVE bid=80722.37 ask=80737.38
[14:38:59.785] [OK] [SYNC] order filled detected
[14:38:59.787] [OK] [SYNC] SELL filled on exchange
[14:38:59.788] [OK] [EXEC] REALIZED pnl=+0.094459
[14:39:00.064] [OK] [EXEC] BUY ORDER SENT orderId=382347593 price=80729.53 qty=0.012380
[14:39:00.066] [OK] [EXEC] PLACE BUY price=80729.53 qty=0.012380
[14:39:00.068] [OK] [PLAN] READY entry=80729.53 exit=80733.36 profit=0.047415 age=2346ms
[14:39:01.101] [OK] [EXEC] BUY PARTIAL filled=0.012380 total=0.012380
[14:39:01.117] [OK] [EXEC] BUY REMAINING qty=0.000000
[14:39:01.120] [OK] [EXEC] POSITION qty=0.012380
[14:39:01.122] [OK] [EXEC] BUY FILLED id=382347593
[14:39:01.128] [OK] [PLAN] HOT entry=80714.78 exit=80721.91 profit=0.088269 age=3407ms
[14:39:02.148] [OK] [SYNC] order filled detected
[14:39:02.148] [OK] [SYNC] BUY filled on exchange
[14:39:02.886] [OK] [EXEC] PLACE SELL price=80738.00 qty=0.012380
[14:39:03.153] [OK] [EXEC] SELL ORDER SENT orderId=382347989
[14:39:03.747] [OK] [SYNC] order filled detected
[14:39:03.749] [OK] [SYNC] SELL filled on exchange
[14:39:03.750] [OK] [EXEC] REALIZED pnl=+0.104859
[14:39:03.753] [WS] LIVE bid=80731.61 ask=80739.98
[14:39:04.715] [OK] [EXEC] BUY ORDER SENT orderId=382348113 price=80728.94 qty=0.012380
[14:39:04.718] [OK] [EXEC] PLACE BUY price=80728.94 qty=0.012380
[14:39:05.542] [OK] [PLAN] READY entry=80734.57 exit=80737.99 profit=0.042340 age=828ms
[14:39:07.210] [OK] [PLAN] HOT entry=80733.21 exit=80743.99 profit=0.133456 age=2383ms
[14:39:08.256] [WS] LIVE bid=80734.23 ask=80739.69
[14:39:08.646] [WARNING] [EXEC] BUY TIMEOUT orderId=382348113
[14:39:08.647] [WARNING] [EXEC] CANCEL BUY orderId=382348113
[14:39:08.907] [OK] [EXEC] BUY CANCELED confirmed
[14:39:09.188] [INFO] [EXEC] BUY FINAL STATUS status=CANCELED orderId=382348113
[14:39:09.191] [WARNING] [EXEC] BLOCK reason=buy_not_filled
[14:39:10.507] [OK] [EXEC] BUY ORDER SENT orderId=382348547 price=80732.01 qty=0.012380
[14:39:10.524] [OK] [EXEC] PLACE BUY price=80732.01 qty=0.012380
[14:39:13.232] [WS] LIVE bid=80738.49 ask=80745.03
[14:39:14.914] [WARNING] [EXEC] BUY TIMEOUT orderId=382348547
[14:39:14.920] [WARNING] [EXEC] CANCEL BUY orderId=382348547
[14:39:15.210] [OK] [EXEC] BUY CANCELED confirmed
[14:39:15.487] [INFO] [EXEC] BUY FINAL STATUS status=CANCELED orderId=382348547
[14:39:15.491] [WARNING] [EXEC] BLOCK reason=buy_not_filled
[14:39:18.591] [OK] [EXEC] BUY ORDER SENT orderId=382349494 price=80774.85 qty=0.012380
[14:39:18.595] [OK] [EXEC] PLACE BUY price=80774.85 qty=0.012380
[14:39:18.598] [WS] LIVE bid=80781.47 ask=80786.95
[14:39:19.033] [OK] [PLAN] HOT entry=80776.92 exit=80797.06 profit=0.249132 age=406ms
[14:39:21.727] [OK] [PLAN] READY entry=80793.53 exit=80797.45 profit=0.048490 age=3135ms
[14:39:22.672] [WARNING] [EXEC] BUY TIMEOUT orderId=382349494
[14:39:22.675] [WARNING] [EXEC] CANCEL BUY orderId=382349494
[14:39:22.964] [OK] [EXEC] BUY CANCELED confirmed
[14:39:23.230] [INFO] [EXEC] BUY FINAL STATUS status=CANCELED orderId=382349494
[14:39:23.234] [WARNING] [EXEC] BLOCK reason=buy_not_filled
[14:39:23.714] [WS] LIVE bid=80797.15 ask=80809.36
[14:39:24.004] [OK] [EXEC] BUY ORDER SENT orderId=382350270 price=80802.15 qty=0.012370
[14:39:24.008] [OK] [EXEC] PLACE BUY price=80802.15 qty=0.012370
[14:39:25.849] [OK] [PLAN] HOT entry=80804.31 exit=80820.05 profit=0.194704 age=1843ms
[14:39:27.855] [OK] [SYNC] order filled detected
[14:39:27.858] [OK] [SYNC] BUY filled on exchange
[14:39:28.133] [OK] [EXEC] PLACE SELL price=80817.51 qty=0.012370
[14:39:28.428] [OK] [EXEC] SELL ORDER SENT orderId=382350912
[14:39:29.630] [OK] [SYNC] order filled detected
[14:39:29.633] [OK] [SYNC] SELL filled on exchange
[14:39:29.634] [OK] [EXEC] REALIZED pnl=+0.190003
[14:39:29.640] [WS] LIVE bid=80802.93 ask=80819.11
[14:39:30.710] [OK] [EXEC] BUY ORDER SENT orderId=382351236 price=80813.35 qty=0.012370
[14:39:30.728] [OK] [EXEC] PLACE BUY price=80813.35 qty=0.012370
[14:39:30.732] [OK] [PLAN] HOT entry=80813.35 exit=80823.99 profit=0.131617 age=2325ms
[14:39:34.449] [WS] LIVE bid=80818.00 ask=80832.77
[14:39:35.844] [WARNING] [EXEC] BUY TIMEOUT orderId=382351236
[14:39:35.847] [WARNING] [EXEC] CANCEL BUY orderId=382351236
[14:39:36.112] [OK] [EXEC] BUY CANCELED confirmed
[14:39:36.382] [INFO] [EXEC] BUY FINAL STATUS status=CANCELED orderId=382351236
[14:39:36.382] [WARNING] [EXEC] BLOCK reason=buy_not_filled
[14:39:37.821] [OK] [EXEC] BUY ORDER SENT orderId=382352177 price=80855.71 qty=0.012360
[14:39:37.826] [OK] [EXEC] PLACE BUY price=80855.71 qty=0.012360
[14:39:38.836] [OK] [SYNC] order filled detected
[14:39:38.838] [OK] [SYNC] BUY filled on exchange
[14:39:38.842] [WS] LIVE bid=80852.79 ask=80864.28
[14:39:39.121] [OK] [EXEC] PLACE SELL price=80863.99 qty=0.012360
[14:39:39.386] [OK] [EXEC] SELL ORDER SENT orderId=382352333
[14:39:39.386] [OK] [PLAN] HOT entry=80854.78 exit=80863.99 profit=0.113836 age=1568ms
[14:39:40.679] [WARNING] [EXEC] CANCEL SELL orderId=382352333
[14:39:40.944] [ERROR] [EXEC] HARD SL triggered
[14:39:40.947] [WARNING] [EXEC] PANIC EXIT sl_mode
[14:39:40.949] [WARNING] [EXEC] FORCE EXIT price=80856.99
[14:39:40.950] [OK] [EXEC] PLACE SELL price=80856.99 qty=0.012360
[14:39:41.224] [OK] [EXEC] SELL ORDER SENT orderId=382352605
[14:39:43.683] [WS] LIVE bid=80837.18 ask=80847.23
[14:39:44.241] [OK] [SYNC] order filled detected
[14:39:44.241] [OK] [SYNC] SELL filled on exchange
[14:39:44.241] [OK] [EXEC] REALIZED pnl=+0.015821
[14:39:45.100] [OK] [EXEC] BUY ORDER SENT orderId=382353101 price=80849.57 qty=0.012360
[14:39:45.100] [OK] [EXEC] PLACE BUY price=80849.57 qty=0.012360
[14:39:49.271] [WS] LIVE bid=80870.06 ask=80878.83
[14:39:50.667] [WARNING] [EXEC] BUY TIMEOUT orderId=382353101
[14:39:50.670] [WARNING] [EXEC] CANCEL BUY orderId=382353101
[14:39:50.939] [OK] [EXEC] BUY CANCELED confirmed
[14:39:51.251] [INFO] [EXEC] BUY FINAL STATUS status=CANCELED orderId=382353101
[14:39:51.253] [WARNING] [EXEC] BLOCK reason=buy_not_filled
[14:39:52.640] [OK] [EXEC] BUY ORDER SENT orderId=382353904 price=80869.32 qty=0.012360
[14:39:52.644] [OK] [EXEC] PLACE BUY price=80869.32 qty=0.012360
[14:39:53.514] [OK] [PLAN] HOT entry=80871.33 exit=80876.76 profit=0.067115 age=869ms
[14:39:54.671] [OK] [SYNC] order filled detected
[14:39:54.672] [OK] [SYNC] BUY filled on exchange
[14:39:54.674] [WS] LIVE bid=80869.32 ask=80878.23
[14:39:59.812] [ERROR] REST lost
[14:39:59.816] [OK] [EXEC] PLACE SELL price=80869.36 qty=0.012360
[14:40:11.614] [WS] LIVE bid=80852.79 ask=80870.51
[14:40:11.614] [WS] error ping/pong timed out
[14:40:11.726] [OK] [EXEC] PLACE SELL price=80869.36 qty=0.012360
[14:40:11.996] [OK] [EXEC] SELL ORDER SENT orderId=382356480
[14:40:12.693] [OK] REST restored
[14:40:13.226] [WS] stale/lost
[14:40:14.629] [WS] primary url=wss://stream.binance.com:9443/ws/btcu@bookTicker
[14:40:14.629] [WS] connecting primary
[14:40:15.605] [WARNING] [EXEC] SELL TIMEOUT orderId=382356480
[14:40:15.608] [WARNING] [EXEC] CANCEL SELL orderId=382356480
[14:40:16.163] [INFO] [EXEC] SELL FINAL STATUS status=CANCELED orderId=382356480
[14:40:16.163] [WARNING] [EXEC] PANIC EXIT final_recover_place_sell
[14:40:16.163] [WARNING] [EXEC] PANIC EXIT panic_final_recover
[14:40:16.163] [WARNING] [EXEC] FORCE EXIT price=80848.89
[14:40:16.178] [OK] [EXEC] PLACE SELL price=80848.89 qty=0.012360
[14:40:16.506] [OK] [EXEC] SELL ORDER SENT orderId=382356828
[14:40:17.133] [WS] connected
[14:40:17.134] [WS] LIVE bid=80844.47 ask=80849.68
[14:40:17.613] [OK] [EXEC] SELL FILLED id=382356828
[14:40:17.615] [OK] [EXEC] SELL FILLED qty=0.012360 remaining=0.000000
[14:40:17.617] [OK] [EXEC] REALIZED pnl=-0.252515
[14:40:20.132] [OK] [EXEC] BUY ORDER SENT orderId=382357166 price=80844.01 qty=0.012360
[14:40:20.137] [OK] [EXEC] PLACE BUY price=80844.01 qty=0.012360
[14:40:20.978] [OK] [SYNC] order filled detected
[14:40:20.978] [OK] [SYNC] BUY filled on exchange
[14:40:21.568] [OK] [EXEC] PLACE SELL price=80846.81 qty=0.012360
[14:40:21.832] [OK] [EXEC] SELL ORDER SENT orderId=382357260
[14:40:21.838] [WS] LIVE bid=80844.01 ask=80848.82
[14:40:22.819] [OK] [EXEC] SELL FILLED id=382357260
[14:40:22.827] [OK] [EXEC] SELL FILLED qty=0.012360 remaining=0.000000
[14:40:22.831] [OK] [EXEC] REALIZED pnl=+0.034608
[14:40:24.258] [OK] [EXEC] BUY ORDER SENT orderId=382357612 price=80848.43 qty=0.012360
[14:40:24.277] [OK] [EXEC] PLACE BUY price=80848.43 qty=0.012360
[14:40:24.803] [OK] [SYNC] order filled detected
[14:40:24.803] [OK] [SYNC] BUY filled on exchange
[14:40:24.897] [OK] [EXEC] PLACE SELL price=80855.99 qty=0.012360
[14:40:25.165] [OK] [EXEC] SELL ORDER SENT orderId=382357717
[14:40:25.172] [OK] [PLAN] HOT entry=80844.01 exit=80855.99 profit=0.148073 age=889ms
[14:40:26.210] [OK] [SYNC] order filled detected
[14:40:26.210] [OK] [SYNC] SELL filled on exchange
[14:40:26.210] [OK] [EXEC] REALIZED pnl=+0.093442
[14:40:26.225] [WS] LIVE bid=80846.72 ask=80853.25
[14:40:26.727] [OK] [EXEC] BUY ORDER SENT orderId=382357896 price=80844.01 qty=0.012360
[14:40:26.731] [OK] [EXEC] PLACE BUY price=80844.01 qty=0.012360
[14:40:28.735] [OK] [EXEC] BUY PARTIAL filled=0.012360 total=0.012360
[14:40:28.738] [OK] [EXEC] BUY REMAINING qty=0.000000
[14:40:28.740] [OK] [EXEC] POSITION qty=0.012360
[14:40:28.740] [OK] [EXEC] BUY FILLED id=382357896
[14:40:29.274] [OK] [SYNC] order filled detected
[14:40:29.276] [OK] [SYNC] BUY filled on exchange
[14:40:29.304] [OK] [EXEC] PLACE SELL price=80850.63 qty=0.012360
[14:40:29.568] [OK] [EXEC] SELL ORDER SENT orderId=382358143
[14:40:29.569] [OK] [PLAN] READY entry=80847.45 exit=80850.63 profit=0.039305 age=5296ms
[14:40:30.887] [WS] LIVE bid=80837.18 ask=80847.10
[14:40:32.079] [WARNING] [EXEC] CANCEL SELL orderId=382358143
[14:40:32.364] [ERROR] [EXEC] HARD SL triggered
[14:40:32.369] [WARNING] [EXEC] PANIC EXIT sl_mode
[14:40:32.372] [WARNING] [EXEC] FORCE EXIT price=80843.59
[14:40:32.374] [OK] [EXEC] PLACE SELL price=80843.59 qty=0.012360
[14:40:32.646] [OK] [EXEC] SELL ORDER SENT orderId=382358474
[14:40:33.021] [OK] [PLAN] HOT entry=80822.01 exit=80833.42 profit=0.141142 age=8703ms
[14:40:34.313] [OK] [SYNC] order filled detected
[14:40:34.316] [OK] [SYNC] SELL filled on exchange
[14:40:34.317] [OK] [EXEC] REALIZED pnl=-0.005191
[14:40:35.826] [OK] [EXEC] BUY ORDER SENT orderId=382358779 price=80836.01 qty=0.012370
[14:40:35.829] [OK] [EXEC] PLACE BUY price=80836.01 qty=0.012370
[14:40:36.824] [WS] LIVE bid=80834.00 ask=80844.84
[14:40:37.889] [OK] [PLAN] READY entry=80840.53 exit=80843.70 profit=0.039213 age=2045ms
[14:40:39.914] [OK] [SYNC] order filled detected
[14:40:39.915] [OK] [SYNC] BUY filled on exchange
[14:40:40.481] [OK] [EXEC] PLACE SELL price=80836.05 qty=0.012370
[14:40:40.744] [OK] [EXEC] SELL ORDER SENT orderId=382359076
[14:40:41.236] [WS] LIVE bid=80826.51 ask=80832.98
[14:40:43.826] [WARNING] [EXEC] SELL TIMEOUT orderId=382359076
[14:40:43.830] [WARNING] [EXEC] CANCEL SELL orderId=382359076
[14:40:44.841] [INFO] [EXEC] SELL FINAL STATUS status=CANCELED orderId=382359076
[14:40:44.843] [WARNING] [EXEC] PANIC EXIT final_recover_place_sell
[14:40:44.844] [WARNING] [EXEC] PANIC EXIT panic_final_recover
[14:40:44.845] [WARNING] [EXEC] FORCE EXIT price=80828.69
[14:40:44.846] [OK] [EXEC] PLACE SELL price=80828.69 qty=0.012370
[14:40:45.108] [OK] [EXEC] SELL ORDER SENT orderId=382359448
[14:40:45.113] [OK] [PLAN] HOT entry=80820.00 exit=80827.69 profit=0.095125 age=2033ms
[14:40:46.897] [WS] LIVE bid=80814.55 ask=80828.59
[14:40:47.442] [WARNING] [EXEC] SELL TIMEOUT orderId=382359448
[14:40:47.446] [WARNING] [EXEC] CANCEL SELL orderId=382359448
[14:40:47.974] [INFO] [EXEC] SELL FINAL STATUS status=CANCELED orderId=382359448
[14:40:47.976] [WARNING] [EXEC] PANIC EXIT final_recover_place_sell
[14:40:47.977] [WARNING] [EXEC] PANIC EXIT panic_final_recover
[14:40:47.978] [WARNING] [EXEC] FORCE EXIT price=80822.10
[14:40:47.979] [OK] [EXEC] PLACE SELL price=80822.10 qty=0.012370
[14:40:48.246] [OK] [EXEC] SELL ORDER SENT orderId=382359670
[14:40:49.255] [OK] [SYNC] order filled detected
[14:40:49.257] [OK] [SYNC] SELL filled on exchange
[14:40:49.258] [OK] [EXEC] REALIZED pnl=-0.172067
[14:40:49.946] [OK] [EXEC] BUY ORDER SENT orderId=382359798 price=80812.07 qty=0.012370
[14:40:49.948] [OK] [EXEC] PLACE BUY price=80812.07 qty=0.012370
[14:40:52.052] [WS] LIVE bid=80820.49 ask=80837.17
[14:40:54.929] [WARNING] [EXEC] BUY TIMEOUT orderId=382359798
[14:40:54.933] [WARNING] [EXEC] CANCEL BUY orderId=382359798
[14:40:55.216] [OK] [EXEC] BUY CANCELED confirmed
[14:40:55.481] [INFO] [EXEC] BUY FINAL STATUS status=CANCELED orderId=382359798
[14:40:55.485] [WARNING] [EXEC] BLOCK reason=buy_not_filled
[14:40:56.803] [OK] [EXEC] BUY ORDER SENT orderId=382360441 price=80840.27 qty=0.012370
[14:40:56.818] [OK] [EXEC] PLACE BUY price=80840.27 qty=0.012370
[14:40:56.825] [WS] LIVE bid=80842.11 ask=80851.33
[14:40:57.210] [OK] [EXEC] BUY PARTIAL filled=0.012370 total=0.012370
[14:40:57.210] [OK] [EXEC] BUY REMAINING qty=0.000000
[14:40:57.210] [OK] [EXEC] POSITION qty=0.012370
[14:40:57.210] [OK] [EXEC] BUY FILLED id=382360441
[14:40:57.228] [OK] [PLAN] HOT entry=80836.04 exit=80851.88 profit=0.195941 age=439ms
[14:40:57.757] [OK] [SYNC] order filled detected
[14:40:57.757] [OK] [SYNC] BUY filled on exchange
[14:40:59.078] [OK] [EXEC] PLACE SELL price=80840.31 qty=0.012370
[14:40:59.335] [OK] [EXEC] SELL ORDER SENT orderId=382360812
[14:40:59.506] [WARNING] [EXEC] CANCEL SELL orderId=382360812
[14:40:59.772] [ERROR] [EXEC] HARD SL triggered
[14:40:59.772] [WARNING] [EXEC] PANIC EXIT sl_mode
[14:40:59.772] [WARNING] [EXEC] FORCE EXIT price=80831.47
[14:40:59.772] [OK] [EXEC] PLACE SELL price=80831.47 qty=0.012370
[14:41:00.043] [OK] [EXEC] SELL ORDER SENT orderId=382360842
[14:41:01.334] [WS] LIVE bid=80817.58 ask=80827.47
[14:41:01.899] [OK] [SYNC] order filled detected
[14:41:01.902] [OK] [SYNC] SELL filled on exchange
[14:41:01.902] [OK] [EXEC] REALIZED pnl=-0.108856
[14:41:02.168] [OK] [EXEC] BUY ORDER SENT orderId=382361174 price=80821.27 qty=0.012370
[14:41:02.171] [OK] [EXEC] PLACE BUY price=80821.27 qty=0.012370
[14:41:06.415] [WARNING] [EXEC] BUY TIMEOUT orderId=382361174
[14:41:06.419] [WARNING] [EXEC] CANCEL BUY orderId=382361174
[14:41:06.678] [OK] [EXEC] BUY CANCELED confirmed
[14:41:06.948] [INFO] [EXEC] BUY FINAL STATUS status=CANCELED orderId=382361174
[14:41:06.951] [WARNING] [EXEC] BLOCK reason=buy_not_filled
[14:41:06.954] [OK] [PLAN] READY entry=80827.01 exit=80831.08 profit=0.050346 age=4227ms
[14:41:07.429] [WS] LIVE bid=80826.01 ask=80833.08
[14:41:09.617] [OK] [EXEC] BUY ORDER SENT orderId=382361710 price=80818.13 qty=0.012370
[14:41:09.620] [OK] [EXEC] PLACE BUY price=80818.13 qty=0.012370
[14:41:10.154] [OK] [SYNC] order filled detected
[14:41:10.157] [OK] [SYNC] BUY filled on exchange
[14:41:10.523] [OK] [EXEC] PLACE SELL price=80827.96 qty=0.012370
[14:41:10.788] [OK] [EXEC] SELL ORDER SENT orderId=382361838
[14:41:10.788] [OK] [PLAN] READY entry=80823.48 exit=80827.96 profit=0.055418 age=1165ms
[14:41:12.287] [WS] LIVE bid=80820.08 ask=80826.00
[14:41:14.660] [WARNING] [EXEC] SELL TIMEOUT orderId=382361838
[14:41:14.662] [WARNING] [EXEC] CANCEL SELL orderId=382361838
[14:41:15.186] [INFO] [EXEC] SELL FINAL STATUS status=CANCELED orderId=382361838
[14:41:15.188] [WARNING] [EXEC] PANIC EXIT final_recover_place_sell
[14:41:15.189] [WARNING] [EXEC] PANIC EXIT panic_final_recover
[14:41:15.190] [WARNING] [EXEC] FORCE EXIT price=80824.99
[14:41:15.192] [OK] [EXEC] PLACE SELL price=80824.99 qty=0.012370
[14:41:15.458] [OK] [EXEC] SELL ORDER SENT orderId=382362141
[14:41:16.079] [WS] LIVE bid=80821.35 ask=80824.98
[14:41:16.414] [OK] [EXEC] SELL FILLED id=382362141
[14:41:16.417] [OK] [EXEC] SELL FILLED qty=0.012370 remaining=0.000000
[14:41:16.420] [OK] [EXEC] REALIZED pnl=+0.084858
[14:41:18.632] [OK] [EXEC] BUY ORDER SENT orderId=382362457 price=80820.00 qty=0.012370
[14:41:18.635] [OK] [EXEC] PLACE BUY price=80820.00 qty=0.012370
[14:41:19.748] [OK] [SYNC] order filled detected
[14:41:19.753] [OK] [SYNC] BUY filled on exchange
[14:41:20.246] [OK] [EXEC] PLACE SELL price=80820.04 qty=0.012370
[14:41:20.506] [OK] [EXEC] SELL ORDER SENT orderId=382362577
[14:41:21.067] [OK] [SYNC] order filled detected
[14:41:21.070] [OK] [SYNC] SELL filled on exchange
[14:41:21.072] [OK] [EXEC] REALIZED pnl=+0.000371
[14:41:21.699] [WS] LIVE bid=80810.00 ask=80830.64
[14:41:22.068] [OK] [EXEC] BUY ORDER SENT orderId=382362759 price=80820.00 qty=0.012370
[14:41:22.073] [OK] [EXEC] PLACE BUY price=80820.00 qty=0.012370
[14:41:23.838] [OK] [SYNC] order filled detected
[14:41:23.840] [OK] [SYNC] BUY filled on exchange
[14:41:23.842] [OK] [EXEC] PLACE SELL price=80827.07 qty=0.012370
[14:41:24.100] [OK] [EXEC] SELL ORDER SENT orderId=382362949
[14:41:26.318] [WS] LIVE bid=80810.00 ask=80815.78
[14:41:27.305] [WARNING] [EXEC] SELL TIMEOUT orderId=382362949
[14:41:27.308] [WARNING] [EXEC] CANCEL SELL orderId=382362949
[14:41:27.851] [INFO] [EXEC] SELL FINAL STATUS status=CANCELED orderId=382362949
[14:41:27.855] [WARNING] [EXEC] PANIC EXIT final_recover_place_sell
[14:41:27.858] [WARNING] [EXEC] PANIC EXIT panic_final_recover
[14:41:27.859] [WARNING] [EXEC] FORCE EXIT price=80814.43
[14:41:27.860] [OK] [EXEC] PLACE SELL price=80814.43 qty=0.012370
[14:41:28.115] [OK] [EXEC] SELL ORDER SENT orderId=382363209
[14:41:28.662] [OK] [SYNC] order filled detected
[14:41:28.677] [OK] [SYNC] SELL filled on exchange
[14:41:28.677] [OK] [EXEC] REALIZED pnl=-0.068901
[14:41:30.559] [OK] [EXEC] BUY ORDER SENT orderId=382363384 price=80826.92 qty=0.012370
[14:41:30.564] [OK] [EXEC] PLACE BUY price=80826.92 qty=0.012370
[14:41:31.609] [WS] LIVE bid=80826.92 ask=80829.79
[14:41:32.254] [OK] [SYNC] order filled detected
[14:41:32.256] [OK] [SYNC] BUY filled on exchange
[14:41:32.256] [OK] [EXEC] PLACE SELL price=80830.37 qty=0.012370
[14:41:32.522] [OK] [EXEC] SELL ORDER SENT orderId=382363611
[14:41:32.522] [OK] [PLAN] HOT entry=80812.00 exit=80830.37 profit=0.227237 age=1966ms
[14:41:33.803] [OK] [PLAN] READY entry=80809.84 exit=80813.92 profit=0.050470 age=3258ms
[14:41:35.836] [WARNING] [EXEC] SELL TIMEOUT orderId=382363611
[14:41:35.837] [WARNING] [EXEC] CANCEL SELL orderId=382363611
[14:41:36.380] [INFO] [EXEC] SELL FINAL STATUS status=CANCELED orderId=382363611
[14:41:36.383] [WARNING] [EXEC] PANIC EXIT final_recover_place_sell
[14:41:36.387] [WARNING] [EXEC] PANIC EXIT panic_final_recover
[14:41:36.390] [WARNING] [EXEC] FORCE EXIT price=80814.68
[14:41:36.393] [OK] [EXEC] PLACE SELL price=80814.68 qty=0.012370
[14:41:36.655] [OK] [EXEC] SELL ORDER SENT orderId=382363931
[14:41:36.670] [WS] LIVE bid=80810.65 ask=80818.00
[14:41:37.226] [OK] [SYNC] order filled detected
[14:41:37.227] [OK] [SYNC] SELL filled on exchange
[14:41:37.228] [OK] [EXEC] REALIZED pnl=-0.151409
[14:41:39.072] [OK] [EXEC] BUY ORDER SENT orderId=382364108 price=80812.00 qty=0.012370
[14:41:39.077] [OK] [EXEC] PLACE BUY price=80812.00 qty=0.012370
[14:41:39.366] [OK] [EXEC] BUY PARTIAL filled=0.012370 total=0.012370
[14:41:39.366] [OK] [EXEC] BUY REMAINING qty=0.000000
[14:41:39.366] [OK] [EXEC] POSITION qty=0.012370
[14:41:39.366] [OK] [EXEC] BUY FILLED id=382364108
[14:41:39.399] [OK] [EXEC] PLACE SELL price=80812.04 qty=0.012370
[14:41:39.665] [OK] [EXEC] SELL ORDER SENT orderId=382364171
[14:41:41.600] [WARNING] [EXEC] CANCEL SELL orderId=382364171
[14:41:41.869] [ERROR] [EXEC] HARD SL triggered
[14:41:41.871] [WARNING] [EXEC] PANIC EXIT sl_mode
[14:41:41.874] [WARNING] [EXEC] FORCE EXIT price=80805.38
[14:41:41.876] [OK] [EXEC] PLACE SELL price=80805.38 qty=0.012370
[14:41:42.131] [OK] [EXEC] SELL ORDER SENT orderId=382364414
[14:41:43.147] [OK] [SYNC] order filled detected
[14:41:43.163] [OK] [SYNC] SELL filled on exchange
[14:41:43.163] [OK] [EXEC] REALIZED pnl=-0.081889
[14:41:43.163] [WS] LIVE bid=80800.70 ask=80806.38
[14:41:43.163] [WS] stale/lost
