[14:18:09.300] [OK] filters loaded
[14:18:11.403] [OK] [PLAN] HOT entry=81054.78 exit=81063.58 profit=1.628528 age=687ms
[14:18:18.603] [OK] [SETTINGS] settings saved
[14:18:20.398] [EXCHANGE] symbol=BTCU base=BTC quote=U status=TRADING permissions=[]
[14:18:20.413] [OK] START
[14:18:20.417] [INFO] [EXEC] LIVE ON
[14:18:20.419] [INFO] [EXEC] WAIT READY
[14:18:21.194] [WS] primary url=wss://stream.binance.com:9443/ws/btcu@bookTicker
[14:18:21.194] [WS] connecting primary
[14:18:22.111] [OK] [EXEC] BUY ORDER SENT orderId=382227899 price=81044.18 qty=0.000180
[14:18:22.116] [OK] [EXEC] PLACE BUY price=81044.18 qty=0.000180
[14:18:23.897] [OK] [PLAN] HOT entry=81048.86 exit=81054.19 profit=0.000959 age=2171ms
[14:18:24.444] [OK] [SYNC] order filled detected
[14:18:24.444] [OK] [SYNC] BUY filled on exchange
[14:18:24.600] [OK] [EXEC] PLACE SELL price=81054.19 qty=0.000180
[14:18:24.865] [OK] [EXEC] SELL ORDER SENT orderId=382228073
[14:18:27.718] [OK] [EXEC] SELL FILLED id=382228073
[14:18:27.721] [OK] [EXEC] SELL FILLED qty=0.000180 remaining=0.000000
[14:18:27.723] [OK] [EXEC] REALIZED pnl=+0.001802
[14:18:30.575] [OK] [EXEC] BUY ORDER SENT orderId=382228374 price=81047.38 qty=0.000180
[14:18:30.579] [OK] [EXEC] PLACE BUY price=81047.38 qty=0.000180
[14:18:31.125] [OK] [SYNC] order filled detected
[14:18:31.127] [OK] [SYNC] BUY filled on exchange
[14:18:31.179] [OK] [EXEC] PLACE SELL price=81052.51 qty=0.000180
[14:18:31.459] [OK] [EXEC] SELL ORDER SENT orderId=382228435
[14:18:31.459] [OK] [PLAN] HOT entry=81047.38 exit=81052.51 profit=0.000923 age=923ms
[14:18:33.256] [WARNING] [EXEC] CANCEL SELL orderId=382228435
[14:18:33.538] [ERROR] [EXEC] HARD SL triggered
[14:18:33.538] [WARNING] [EXEC] PANIC EXIT sl_mode
[14:18:33.538] [WARNING] [EXEC] FORCE EXIT price=81049.00
[14:18:33.538] [OK] [EXEC] PLACE SELL price=81049.00 qty=0.000180
[14:18:33.808] [OK] [EXEC] SELL ORDER SENT orderId=382228492
[14:18:35.989] [OK] [SYNC] order filled detected
[14:18:35.989] [OK] [SYNC] SELL filled on exchange
[14:18:35.989] [OK] [EXEC] REALIZED pnl=+0.000292
[14:18:37.427] [OK] [EXEC] BUY ORDER SENT orderId=382228594 price=81046.39 qty=0.000180
[14:18:37.429] [OK] [EXEC] PLACE BUY price=81046.39 qty=0.000180
[14:18:38.524] [OK] [SYNC] order filled detected
[14:18:38.527] [OK] [SYNC] BUY filled on exchange
[14:18:39.398] [OK] [EXEC] PLACE SELL price=81050.72 qty=0.000180
[14:18:39.675] [OK] [EXEC] SELL ORDER SENT orderId=382228641
[14:18:39.679] [OK] [PLAN] READY entry=81046.73 exit=81050.72 profit=0.000718 age=2236ms
[14:18:41.000] [OK] [EXEC] SELL FILLED id=382228641
[14:18:41.003] [OK] [EXEC] SELL FILLED qty=0.000180 remaining=0.000000
[14:18:41.004] [OK] [EXEC] REALIZED pnl=+0.000779
[14:18:41.429] [WS] error [WinError 10060] Попытка установить соединение была безуспешной, т.к. от другого компьютера за требуемое время не получен нужный отклик, или было разорвано уже установленное соединение из-за неверного отклика уже подключенного компьютера
[14:18:41.431] [WS] stale/lost
[14:18:42.533] [OK] [EXEC] BUY ORDER SENT orderId=382228704 price=81045.10 qty=0.000180
[14:18:42.536] [OK] [EXEC] PLACE BUY price=81045.10 qty=0.000180
[14:18:43.445] [OK] [PLAN] HOT entry=81045.10 exit=81052.18 profit=0.001274 age=922ms
[14:18:44.459] [WS] primary url=wss://stream.binance.com:9443/ws/btcu@bookTicker
[14:18:44.459] [WS] connecting primary
[14:18:47.600] [WARNING] [EXEC] BUY TIMEOUT orderId=382228704
[14:18:47.600] [WARNING] [EXEC] CANCEL BUY orderId=382228704
[14:18:47.879] [OK] [EXEC] BUY CANCELED confirmed
[14:18:48.149] [INFO] [EXEC] BUY FINAL STATUS status=CANCELED orderId=382228704
[14:18:48.152] [WARNING] [EXEC] BLOCK reason=buy_not_filled
[14:18:51.558] [OK] [EXEC] BUY ORDER SENT orderId=382229296 price=81072.24 qty=0.000180
[14:18:51.561] [OK] [EXEC] PLACE BUY price=81072.24 qty=0.000180
[14:18:55.451] [WARNING] [EXEC] BUY TIMEOUT orderId=382229296
[14:18:55.455] [WARNING] [EXEC] CANCEL BUY orderId=382229296
[14:18:55.722] [OK] [EXEC] BUY CANCELED confirmed
[14:18:56.004] [INFO] [EXEC] BUY FINAL STATUS status=CANCELED orderId=382229296
[14:18:56.007] [WARNING] [EXEC] BLOCK reason=buy_not_filled
[14:18:57.658] [OK] [EXEC] BUY ORDER SENT orderId=382229744 price=81090.19 qty=0.000180
[14:18:57.662] [OK] [EXEC] PLACE BUY price=81090.19 qty=0.000180
[14:18:58.268] [OK] [SYNC] order filled detected
[14:18:58.271] [OK] [SYNC] BUY filled on exchange
[14:18:58.351] [OK] [EXEC] PLACE SELL price=81094.16 qty=0.000180
[14:18:58.647] [OK] [EXEC] SELL ORDER SENT orderId=382229763
[14:18:58.647] [OK] [PLAN] READY entry=81090.19 exit=81094.16 profit=0.000715 age=985ms
[14:19:02.194] [WARNING] [EXEC] SELL TIMEOUT orderId=382229763
[14:19:02.198] [WARNING] [EXEC] CANCEL SELL orderId=382229763
[14:19:02.815] [INFO] [EXEC] SELL FINAL STATUS status=CANCELED orderId=382229763
[14:19:02.818] [WARNING] [EXEC] PANIC EXIT final_recover_place_sell
[14:19:02.819] [WARNING] [EXEC] PANIC EXIT panic_final_recover
[14:19:02.819] [WARNING] [EXEC] FORCE EXIT price=81091.96
[14:19:02.819] [OK] [EXEC] PLACE SELL price=81091.96 qty=0.000180
[14:19:03.141] [OK] [EXEC] SELL ORDER SENT orderId=382230049
[14:19:04.633] [OK] [PLAN] READY entry=81087.80 exit=81090.96 profit=0.000569 age=2461ms
[14:19:05.679] [WS] error [WinError 10060] Попытка установить соединение была безуспешной, т.к. от другого компьютера за требуемое время не получен нужный отклик, или было разорвано уже установленное соединение из-за неверного отклика уже подключенного компьютера
[14:19:05.680] [WS] stale/lost
[14:19:06.588] [WARNING] [EXEC] SELL TIMEOUT orderId=382230049
[14:19:06.591] [WARNING] [EXEC] CANCEL SELL orderId=382230049
[14:19:07.131] [INFO] [EXEC] SELL FINAL STATUS status=CANCELED orderId=382230049
[14:19:07.131] [WARNING] [EXEC] PANIC EXIT final_recover_place_sell
[14:19:07.131] [WARNING] [EXEC] PANIC EXIT panic_final_recover
[14:19:07.131] [WARNING] [EXEC] FORCE EXIT price=81088.98
[14:19:07.131] [OK] [EXEC] PLACE SELL price=81088.98 qty=0.000180
[14:19:07.410] [OK] [EXEC] SELL ORDER SENT orderId=382230271
[14:19:07.914] [WS] primary url=wss://stream.binance.com:9443/ws/btcu@bookTicker
[14:19:07.916] [WS] connecting primary
[14:19:10.007] [WARNING] [EXEC] SELL TIMEOUT orderId=382230271
[14:19:10.007] [WARNING] [EXEC] CANCEL SELL orderId=382230271
[14:19:10.623] [INFO] [EXEC] SELL FINAL STATUS status=CANCELED orderId=382230271
[14:19:10.627] [WARNING] [EXEC] PANIC EXIT final_recover_place_sell
[14:19:10.628] [WARNING] [EXEC] PANIC EXIT panic_final_recover
[14:19:10.629] [WARNING] [EXEC] FORCE EXIT price=81077.41
[14:19:10.631] [OK] [EXEC] PLACE SELL price=81077.41 qty=0.000180
[14:19:10.881] [OK] [EXEC] SELL ORDER SENT orderId=382230487
[14:19:12.803] [WARNING] [EXEC] SELL TIMEOUT orderId=382230487
[14:19:12.819] [WARNING] [EXEC] CANCEL SELL orderId=382230487
[14:19:13.350] [INFO] [EXEC] SELL FINAL STATUS status=CANCELED orderId=382230487
[14:19:13.365] [WARNING] [EXEC] PANIC EXIT final_recover_place_sell
[14:19:13.365] [WARNING] [EXEC] PANIC EXIT panic_final_recover
[14:19:13.365] [WARNING] [EXEC] FORCE EXIT price=81075.41
[14:19:13.365] [OK] [EXEC] PLACE SELL price=81075.41 qty=0.000180
[14:19:13.645] [OK] [EXEC] SELL ORDER SENT orderId=382230655
[14:19:16.319] [OK] [EXEC] SELL FILLED id=382230655
[14:19:16.336] [OK] [EXEC] SELL FILLED qty=0.000180 remaining=0.000000
[14:19:16.339] [OK] [EXEC] REALIZED pnl=-0.002660
[14:19:17.585] [OK] [EXEC] BUY ORDER SENT orderId=382230768 price=81075.21 qty=0.000180
[14:19:17.601] [OK] [EXEC] PLACE BUY price=81075.21 qty=0.000180
[14:19:18.662] [OK] [SYNC] order filled detected
[14:19:18.662] [OK] [SYNC] BUY filled on exchange
[14:19:19.241] [OK] [EXEC] PLACE SELL price=81078.07 qty=0.000180
[14:19:19.530] [OK] [EXEC] SELL ORDER SENT orderId=382230838
[14:19:19.535] [OK] [PLAN] READY entry=81074.75 exit=81078.07 profit=0.000598 age=1905ms
[14:19:23.646] [WARNING] [EXEC] SELL TIMEOUT orderId=382230838
[14:19:23.646] [WARNING] [EXEC] CANCEL SELL orderId=382230838
[14:19:24.195] [INFO] [EXEC] SELL FINAL STATUS status=CANCELED orderId=382230838
[14:19:24.198] [WARNING] [EXEC] PANIC EXIT final_recover_place_sell
[14:19:24.201] [WARNING] [EXEC] PANIC EXIT panic_final_recover
[14:19:24.203] [WARNING] [EXEC] FORCE EXIT price=81075.86
[14:19:24.205] [OK] [EXEC] PLACE SELL price=81075.86 qty=0.000180
[14:19:24.480] [OK] [EXEC] SELL ORDER SENT orderId=382231000
[14:19:24.991] [WS] connected
[14:19:24.991] [WS] LIVE bid=81069.78 ask=81076.86
[14:19:25.937] [OK] [EXEC] SELL FILLED id=382231000
[14:19:25.941] [OK] [EXEC] SELL FILLED qty=0.000180 remaining=0.000000
[14:19:25.944] [OK] [EXEC] REALIZED pnl=+0.000117
[14:19:25.948] [OK] [PLAN] HOT entry=81076.53 exit=81086.95 profit=0.001876 age=2277ms
[14:19:28.449] [OK] [EXEC] BUY ORDER SENT orderId=382231308 price=81086.61 qty=0.000180
[14:19:28.453] [OK] [EXEC] PLACE BUY price=81086.61 qty=0.000180
[14:19:29.288] [WS] LIVE bid=81090.69 ask=81097.99
[14:19:32.382] [OK] [EXEC] BUY FILLED id=382231308
[14:19:32.387] [OK] [PLAN] READY entry=81091.75 exit=81095.55 profit=0.000684 age=908ms
[14:19:33.395] [OK] [SYNC] order filled detected
[14:19:33.397] [OK] [SYNC] BUY filled on exchange
[14:19:33.399] [WS] LIVE bid=81052.79 ask=81061.74
[14:19:33.678] [OK] [EXEC] PLACE SELL price=81086.65 qty=0.000180
[14:19:33.950] [OK] [EXEC] SELL ORDER SENT orderId=382231669
[14:19:33.956] [OK] [PLAN] HOT entry=81054.93 exit=81059.73 profit=0.000864 age=2485ms
[14:19:34.601] [WARNING] [EXEC] CANCEL SELL orderId=382231669
[14:19:34.869] [ERROR] [EXEC] HARD SL triggered
[14:19:34.874] [WARNING] [EXEC] PANIC EXIT sl_mode
[14:19:34.877] [WARNING] [EXEC] FORCE EXIT price=81064.77
[14:19:34.880] [OK] [EXEC] PLACE SELL price=81064.77 qty=0.000180
[14:19:35.131] [OK] [EXEC] SELL ORDER SENT orderId=382231759
[14:19:36.989] [OK] [EXEC] SELL FILLED id=382231759
[14:19:36.993] [OK] [EXEC] SELL FILLED qty=0.000180 remaining=0.000000
[14:19:36.995] [OK] [EXEC] REALIZED pnl=-0.003931
[14:19:36.997] [OK] [PLAN] READY entry=81059.33 exit=81062.76 profit=0.000617 age=5532ms
[14:19:38.584] [WS] LIVE bid=81059.72 ask=81065.99
[14:19:41.010] [OK] [EXEC] BUY ORDER SENT orderId=382232051 price=81055.37 qty=0.000180
[14:19:41.015] [OK] [EXEC] PLACE BUY price=81055.37 qty=0.000180
[14:19:42.526] [OK] [PLAN] HOT entry=81060.01 exit=81070.77 profit=0.001937 age=1523ms
[14:19:43.396] [OK] [PLAN] READY entry=81063.18 exit=81066.30 profit=0.000562 age=2399ms
[14:19:44.471] [WS] LIVE bid=81061.64 ask=81072.78
[14:19:44.991] [WARNING] [EXEC] BUY TIMEOUT orderId=382232051
[14:19:45.008] [WARNING] [EXEC] CANCEL BUY orderId=382232051
[14:19:45.292] [OK] [EXEC] BUY CANCELED confirmed
[14:19:45.557] [INFO] [EXEC] BUY FINAL STATUS status=CANCELED orderId=382232051
[14:19:45.560] [WARNING] [EXEC] BLOCK reason=buy_not_filled
[14:19:46.866] [OK] [EXEC] BUY ORDER SENT orderId=382232427 price=81075.93 qty=0.000180
[14:19:46.872] [OK] [EXEC] PLACE BUY price=81075.93 qty=0.000180
[14:19:46.872] [OK] [PLAN] HOT entry=81075.93 exit=81081.27 profit=0.000961 age=5852ms
[14:19:48.882] [OK] [EXEC] BUY FILLED id=382232427
[14:19:49.694] [WS] LIVE bid=81077.31 ask=81083.28
[14:19:50.067] [WARNING] cancel all requested
[14:19:50.889] [OK] [SYNC] order filled detected
[14:19:50.889] [OK] [SYNC] BUY filled on exchange
[14:19:50.889] [WARNING] STOP
[14:19:51.701] [WS] stale/lost
[14:19:52.690] [OK] [PLAN] READY entry=81075.58 exit=81079.59 profit=0.000722 age=1784ms
