[13:43:50.127] [OK] filters loaded
[13:43:53.136] [OK] [PLAN] READY entry=81134.30 exit=81138.21 profit=0.240934 age=314ms
[13:43:53.752] [OK] [PLAN] HOT entry=81127.00 exit=81141.85 profit=0.915206 age=932ms
[13:43:54.768] [OK] [PLAN] READY entry=81130.21 exit=81134.16 profit=0.243399 age=1946ms
[13:43:57.553] [OK] [PLAN] HOT entry=81132.09 exit=81137.31 profit=0.321656 age=4734ms
[13:44:03.167] [OK] [PLAN] HOT entry=81128.04 exit=81133.90 profit=0.361152 age=73ms
[13:44:05.897] [OK] [PLAN] READY entry=81132.00 exit=81135.99 profit=0.245864 age=2807ms
[13:44:12.459] [OK] [PLAN] HOT entry=81124.63 exit=81135.76 profit=0.685942 age=697ms
[13:44:14.725] [OK] [PLAN] READY entry=81116.00 exit=81119.27 profit=0.201563 age=2963ms
[13:44:15.483] [OK] [PLAN] HOT entry=81116.00 exit=81127.99 profit=0.739064 age=3718ms
[13:44:24.932] [OK] [PLAN] HOT entry=81104.48 exit=81117.26 profit=0.787759 age=313ms
[13:44:30.257] [OK] [PLAN] HOT entry=81097.58 exit=81103.21 profit=0.347089 age=20ms
[13:44:31.070] [OK] [PLAN] READY entry=81094.79 exit=81097.89 profit=0.191115 age=842ms
[13:44:31.862] [OK] [PLAN] HOT entry=81094.79 exit=81099.53 profit=0.292221 age=1641ms
[13:44:34.966] [OK] [PLAN] HOT entry=81079.98 exit=81091.18 profit=0.690592 age=136ms
[13:44:37.668] [OK] [PLAN] READY entry=81084.01 exit=81087.06 profit=0.188063 age=2837ms
[13:44:40.164] [OK] [PLAN] HOT entry=81082.60 exit=81088.00 profit=0.332964 age=5319ms
[13:44:42.738] [OK] [PLAN] HOT entry=81051.38 exit=81062.06 profit=0.658742 age=277ms
[13:44:44.172] [OK] [PLAN] READY entry=81060.00 exit=81063.81 profit=0.235001 age=1709ms
[13:44:44.469] [OK] [SETTINGS] settings saved
[13:44:45.452] [OK] [PLAN] HOT entry=81056.76 exit=81061.30 profit=0.392029 age=2990ms
[13:44:46.268] [EXCHANGE] symbol=BTCU base=BTC quote=U status=TRADING permissions=[]
[13:44:46.272] [OK] START
[13:44:46.272] [INFO] [EXEC] LIVE ON
[13:44:46.272] [INFO] [EXEC] WAIT READY
[13:44:46.844] [OK] [EXEC] BUY ORDER SENT orderId=382068333 price=81056.76 qty=0.086350
[13:44:46.848] [OK] [EXEC] PLACE BUY price=81056.76 qty=0.086350
[13:44:47.882] [OK] [SYNC] order filled detected
[13:44:47.882] [OK] [SYNC] BUY filled on exchange
[13:44:47.882] [WS] primary url=wss://stream.binance.com:9443/ws/btcu@bookTicker
[13:44:47.882] [WS] connecting primary
[13:44:47.882] [WS] connected
[13:44:47.882] [WS] LIVE bid=81056.77 ask=81066.00
[13:44:48.461] [OK] [EXEC] PLACE SELL price=81057.55 qty=0.086350
[13:44:48.740] [OK] [EXEC] SELL ORDER SENT orderId=382068499
[13:44:49.271] [OK] [SYNC] order filled detected
[13:44:49.274] [OK] [SYNC] SELL filled on exchange
[13:44:49.275] [OK] [EXEC] REALIZED pnl=+0.068216
[13:44:49.881] [OK] [EXEC] BUY ORDER SENT orderId=382068610 price=81052.02 qty=0.086360
[13:44:49.881] [OK] [EXEC] PLACE BUY price=81052.02 qty=0.086360
[13:44:53.227] [WS] LIVE bid=81060.57 ask=81069.01
[13:44:54.241] [WARNING] [EXEC] BUY TIMEOUT orderId=382068610
[13:44:54.243] [WARNING] [EXEC] CANCEL BUY orderId=382068610
[13:44:54.539] [OK] [EXEC] BUY CANCELED confirmed
[13:44:54.838] [INFO] [EXEC] BUY FINAL STATUS status=CANCELED orderId=382068610
[13:44:54.840] [WARNING] [EXEC] BLOCK reason=buy_not_filled
[13:44:54.843] [OK] [PLAN] READY entry=81070.50 exit=81074.90 profit=0.379896 age=2033ms
[13:44:56.007] [OK] [EXEC] BUY ORDER SENT orderId=382069229 price=81068.01 qty=0.086340
[13:44:56.022] [OK] [EXEC] PLACE BUY price=81068.01 qty=0.086340
[13:44:56.022] [OK] [PLAN] HOT entry=81068.01 exit=81079.99 profit=1.034353 age=3796ms
[13:44:56.561] [OK] [SYNC] order filled detected
[13:44:56.564] [OK] [SYNC] BUY filled on exchange
[13:44:57.272] [WS] LIVE bid=81058.01 ask=81065.48
[13:44:57.296] [OK] [EXEC] PLACE SELL price=81068.05 qty=0.086340
[13:44:57.563] [OK] [EXEC] SELL ORDER SENT orderId=382069370
[13:44:57.568] [OK] [PLAN] READY entry=81060.00 exit=81063.48 profit=0.300498 age=5352ms
[13:44:58.867] [WARNING] [EXEC] CANCEL SELL orderId=382069370
[13:44:59.135] [ERROR] [EXEC] HARD SL triggered
[13:44:59.138] [WARNING] [EXEC] PANIC EXIT sl_mode
[13:44:59.141] [WARNING] [EXEC] FORCE EXIT price=81060.58
[13:44:59.143] [OK] [EXEC] PLACE SELL price=81060.58 qty=0.086340
[13:44:59.424] [OK] [EXEC] SELL ORDER SENT orderId=382069496
[13:45:00.499] [OK] [SYNC] order filled detected
[13:45:00.502] [OK] [SYNC] SELL filled on exchange
[13:45:00.502] [OK] [EXEC] REALIZED pnl=-0.641506
[13:45:01.350] [OK] [EXEC] BUY ORDER SENT orderId=382069722 price=81064.60 qty=0.086350
[13:45:01.354] [OK] [EXEC] PLACE BUY price=81064.60 qty=0.086350
[13:45:02.797] [OK] [PLAN] HOT entry=81087.93 exit=81097.91 profit=0.861474 age=1449ms
[13:45:03.333] [WS] LIVE bid=81079.68 ask=81099.99
[13:45:05.459] [WARNING] [EXEC] BUY TIMEOUT orderId=382069722
[13:45:05.459] [WARNING] [EXEC] CANCEL BUY orderId=382069722
[13:45:05.726] [OK] [EXEC] BUY CANCELED confirmed
[13:45:05.991] [INFO] [EXEC] BUY FINAL STATUS status=CANCELED orderId=382069722
[13:45:06.010] [WARNING] [EXEC] BLOCK reason=buy_not_filled
[13:45:07.803] [OK] [EXEC] BUY ORDER SENT orderId=382070949 price=81076.01 qty=0.086330
[13:45:07.803] [OK] [EXEC] PLACE BUY price=81076.01 qty=0.086330
[13:45:08.350] [WS] LIVE bid=81074.00 ask=81080.61
[13:45:12.654] [WS] LIVE bid=81084.67 ask=81090.00
[13:45:13.006] [WARNING] [EXEC] BUY TIMEOUT orderId=382070949
[13:45:13.024] [WARNING] [EXEC] CANCEL BUY orderId=382070949
[13:45:13.286] [OK] [EXEC] BUY CANCELED confirmed
[13:45:13.555] [INFO] [EXEC] BUY FINAL STATUS status=CANCELED orderId=382070949
[13:45:13.558] [WARNING] [EXEC] BLOCK reason=buy_not_filled
[13:45:14.607] [OK] [EXEC] BUY ORDER SENT orderId=382071629 price=81083.15 qty=0.086330
[13:45:14.612] [OK] [EXEC] PLACE BUY price=81083.15 qty=0.086330
[13:45:16.376] [OK] [SYNC] order filled detected
[13:45:16.379] [OK] [SYNC] BUY filled on exchange
[13:45:16.523] [OK] [EXEC] PLACE SELL price=81087.99 qty=0.086330
[13:45:16.796] [OK] [EXEC] SELL ORDER SENT orderId=382071805
[13:45:16.803] [OK] [PLAN] HOT entry=81076.01 exit=81087.99 profit=1.034233 age=2179ms
[13:45:17.865] [OK] [SYNC] order filled detected
[13:45:17.868] [OK] [SYNC] SELL filled on exchange
[13:45:17.869] [OK] [EXEC] REALIZED pnl=+0.417837
[13:45:17.875] [WS] LIVE bid=81082.11 ask=81087.98
[13:45:18.930] [OK] [EXEC] BUY ORDER SENT orderId=382071927 price=81081.40 qty=0.086330
[13:45:18.936] [OK] [EXEC] PLACE BUY price=81081.40 qty=0.086330
[13:45:18.941] [OK] [PLAN] READY entry=81081.40 exit=81084.97 profit=0.308198 age=4322ms
[13:45:19.319] [OK] [EXEC] BUY FILLED id=382071927
[13:45:19.326] [OK] [PLAN] HOT entry=81072.00 exit=81081.60 profit=0.828864 age=4713ms
[13:45:20.353] [OK] [SYNC] order filled detected
[13:45:20.356] [OK] [SYNC] BUY filled on exchange
[13:45:20.616] [OK] [EXEC] PLACE SELL price=81086.75 qty=0.086330
[13:45:20.913] [OK] [EXEC] SELL ORDER SENT orderId=382072172
[13:45:20.918] [OK] [PLAN] READY entry=81083.26 exit=81086.75 profit=0.301292 age=6273ms
[13:45:22.995] [WARNING] [EXEC] CANCEL SELL orderId=382072172
[13:45:23.256] [ERROR] [EXEC] HARD SL triggered
[13:45:23.274] [WARNING] [EXEC] PANIC EXIT sl_mode
[13:45:23.276] [WARNING] [EXEC] FORCE EXIT price=81085.74
[13:45:23.277] [OK] [EXEC] PLACE SELL price=81085.74 qty=0.086330
[13:45:23.539] [OK] [EXEC] SELL ORDER SENT orderId=382072401
[13:45:23.544] [WS] LIVE bid=81062.19 ask=81086.69
[13:45:24.881] [OK] [PLAN] HOT entry=81077.59 exit=81082.27 profit=0.404024 age=10281ms
[13:45:26.459] [WARNING] [EXEC] SELL TIMEOUT orderId=382072401
[13:45:26.459] [WARNING] [EXEC] CANCEL SELL orderId=382072401
[13:45:27.938] [INFO] [EXEC] SELL FINAL STATUS status=CANCELED orderId=382072401
[13:45:27.943] [WARNING] [EXEC] PANIC EXIT final_recover_place_sell
[13:45:27.944] [WARNING] [EXEC] PANIC EXIT panic_final_recover
[13:45:27.944] [WARNING] [EXEC] FORCE EXIT price=81084.21
[13:45:27.944] [OK] [EXEC] PLACE SELL price=81084.21 qty=0.086330
[13:45:28.208] [OK] [EXEC] SELL ORDER SENT orderId=382072956
[13:45:28.217] [OK] [PLAN] READY entry=81079.41 exit=81083.21 profit=0.328054 age=11853ms
[13:45:28.222] [WS] LIVE bid=81041.23 ask=81051.94
[13:45:30.631] [WARNING] [EXEC] SELL TIMEOUT orderId=382072956
[13:45:30.632] [WARNING] [EXEC] CANCEL SELL orderId=382072956
[13:45:31.170] [INFO] [EXEC] SELL FINAL STATUS status=CANCELED orderId=382072956
[13:45:31.174] [WARNING] [EXEC] PANIC EXIT final_recover_place_sell
[13:45:31.175] [WARNING] [EXEC] PANIC EXIT panic_final_recover
[13:45:31.176] [WARNING] [EXEC] FORCE EXIT price=81053.22
[13:45:31.177] [OK] [EXEC] PLACE SELL price=81053.22 qty=0.086330
[13:45:31.441] [OK] [EXEC] SELL ORDER SENT orderId=382073215
[13:45:32.477] [OK] [SYNC] order filled detected
[13:45:32.479] [OK] [SYNC] SELL filled on exchange
[13:45:32.480] [OK] [EXEC] REALIZED pnl=-2.432779
[13:45:32.851] [OK] [EXEC] BUY ORDER SENT orderId=382073276 price=81049.42 qty=0.086360
[13:45:32.858] [OK] [EXEC] PLACE BUY price=81049.42 qty=0.086360
[13:45:33.874] [WS] LIVE bid=81049.42 ask=81054.69
[13:45:36.967] [WARNING] [EXEC] BUY TIMEOUT orderId=382073276
[13:45:36.970] [WARNING] [EXEC] CANCEL BUY orderId=382073276
[13:45:37.238] [OK] [EXEC] BUY CANCELED confirmed
[13:45:37.509] [INFO] [EXEC] BUY FINAL STATUS status=CANCELED orderId=382073276
[13:45:37.512] [WARNING] [EXEC] BLOCK reason=buy_not_filled
[13:45:38.029] [WS] LIVE bid=81066.00 ask=81071.00
[13:45:38.475] [OK] [EXEC] BUY ORDER SENT orderId=382073959 price=81068.01 qty=0.086340
[13:45:38.475] [OK] [EXEC] PLACE BUY price=81068.01 qty=0.086340
[13:45:42.874] [WARNING] [EXEC] BUY TIMEOUT orderId=382073959
[13:45:42.874] [WARNING] [EXEC] CANCEL BUY orderId=382073959
[13:45:43.147] [OK] [EXEC] BUY CANCELED confirmed
[13:45:43.414] [INFO] [EXEC] BUY FINAL STATUS status=CANCELED orderId=382073959
[13:45:43.414] [WARNING] [EXEC] BLOCK reason=buy_not_filled
[13:45:44.200] [WS] LIVE bid=81085.54 ask=81090.00
[13:45:45.710] [OK] [EXEC] BUY ORDER SENT orderId=382074624 price=81084.00 qty=0.086330
[13:45:45.710] [OK] [EXEC] PLACE BUY price=81084.00 qty=0.086330
[13:45:47.584] [OK] [PLAN] HOT entry=81086.00 exit=81090.81 profit=0.415199 age=1867ms
[13:45:48.115] [OK] [SYNC] order filled detected
[13:45:48.115] [OK] [SYNC] BUY filled on exchange
[13:45:48.162] [WS] LIVE bid=81082.00 ask=81096.79
[13:45:48.288] [OK] [EXEC] PLACE SELL price=81094.79 qty=0.086330
[13:45:48.552] [OK] [EXEC] SELL ORDER SENT orderId=382074839
[13:45:50.977] [OK] [PLAN] READY entry=81068.77 exit=81072.39 profit=0.312551 age=5264ms
[13:45:51.398] [WARNING] [EXEC] SELL TIMEOUT orderId=382074839
[13:45:51.402] [WARNING] [EXEC] CANCEL SELL orderId=382074839
[13:45:51.934] [INFO] [EXEC] SELL FINAL STATUS status=CANCELED orderId=382074839
[13:45:51.938] [WARNING] [EXEC] PANIC EXIT final_recover_place_sell
[13:45:51.941] [WARNING] [EXEC] PANIC EXIT panic_final_recover
[13:45:51.942] [WARNING] [EXEC] FORCE EXIT price=81076.16
[13:45:51.943] [OK] [EXEC] PLACE SELL price=81076.16 qty=0.086330
[13:45:52.210] [OK] [EXEC] SELL ORDER SENT orderId=382075210
[13:45:52.215] [OK] [PLAN] HOT entry=81068.96 exit=81075.16 profit=0.535308 age=5676ms
[13:45:52.737] [OK] [SYNC] order filled detected
[13:45:52.740] [OK] [SYNC] SELL filled on exchange
[13:45:52.741] [OK] [EXEC] REALIZED pnl=-0.676827
[13:45:53.244] [WS] LIVE bid=81060.00 ask=81077.55
[13:45:53.632] [OK] [EXEC] BUY ORDER SENT orderId=382075410 price=81055.71 qty=0.086360
[13:45:53.638] [OK] [EXEC] PLACE BUY price=81055.71 qty=0.086360
[13:45:54.635] [OK] [SYNC] order filled detected
[13:45:54.635] [OK] [SYNC] BUY filled on exchange
[13:45:54.930] [OK] [EXEC] PLACE SELL price=81055.93 qty=0.086360
[13:45:55.192] [OK] [EXEC] SELL ORDER SENT orderId=382075584
[13:45:58.212] [OK] [SYNC] order filled detected
[13:45:58.215] [OK] [SYNC] SELL filled on exchange
[13:45:58.216] [OK] [EXEC] REALIZED pnl=+0.018999
[13:45:58.221] [WS] LIVE bid=81047.97 ask=81056.45
[13:45:58.634] [OK] [EXEC] BUY ORDER SENT orderId=382075778 price=81049.97 qty=0.086360
[13:45:58.637] [OK] [EXEC] PLACE BUY price=81049.97 qty=0.086360
[13:45:59.657] [OK] [SYNC] order filled detected
[13:45:59.660] [OK] [SYNC] BUY filled on exchange
[13:46:00.420] [OK] [EXEC] PLACE SELL price=81050.01 qty=0.086360
[13:46:00.679] [OK] [EXEC] SELL ORDER SENT orderId=382075980
[13:46:00.679] [OK] [PLAN] HOT entry=81037.18 exit=81049.04 profit=1.024467 age=2053ms
[13:46:02.179] [OK] [PLAN] READY entry=81027.63 exit=81032.02 profit=0.379252 age=3546ms
[13:46:03.523] [WARNING] [EXEC] SELL TIMEOUT orderId=382075980
[13:46:03.527] [WARNING] [EXEC] CANCEL SELL orderId=382075980
[13:46:04.065] [INFO] [EXEC] SELL FINAL STATUS status=CANCELED orderId=382075980
[13:46:04.066] [WARNING] [EXEC] PANIC EXIT final_recover_place_sell
[13:46:04.071] [WARNING] [EXEC] PANIC EXIT panic_final_recover
[13:46:04.074] [WARNING] [EXEC] FORCE EXIT price=81033.00
[13:46:04.076] [OK] [EXEC] PLACE SELL price=81033.00 qty=0.086360
[13:46:04.335] [OK] [EXEC] SELL ORDER SENT orderId=382076371
[13:46:05.116] [WS] LIVE bid=81018.31 ask=81034.00
[13:46:05.709] [OK] [SYNC] order filled detected
[13:46:05.712] [OK] [SYNC] SELL filled on exchange
[13:46:05.714] [OK] [EXEC] REALIZED pnl=-1.465529
[13:46:05.990] [OK] [EXEC] BUY ORDER SENT orderId=382076556 price=81038.20 qty=0.086370
[13:46:05.990] [OK] [EXEC] PLACE BUY price=81038.20 qty=0.086370
[13:46:07.350] [OK] [SYNC] order filled detected
[13:46:07.350] [OK] [SYNC] BUY filled on exchange
[13:46:07.350] [OK] [EXEC] PLACE SELL price=81044.14 qty=0.086370
[13:46:07.627] [OK] [EXEC] SELL ORDER SENT orderId=382076772
[13:46:07.632] [OK] [PLAN] HOT entry=81034.76 exit=81044.14 profit=0.810244 age=8983ms
[13:46:08.202] [WS] LIVE bid=81028.93 ask=81042.00
[13:46:12.251] [WARNING] [EXEC] SELL TIMEOUT orderId=382076772
[13:46:12.254] [WARNING] [EXEC] CANCEL SELL orderId=382076772
[13:46:12.794] [INFO] [EXEC] SELL FINAL STATUS status=CANCELED orderId=382076772
[13:46:12.796] [WARNING] [EXEC] PANIC EXIT final_recover_place_sell
[13:46:12.797] [WARNING] [EXEC] PANIC EXIT panic_final_recover
[13:46:12.798] [WARNING] [EXEC] FORCE EXIT price=81032.99
[13:46:12.799] [OK] [EXEC] PLACE SELL price=81032.99 qty=0.086370
[13:46:13.064] [OK] [EXEC] SELL ORDER SENT orderId=382077258
[13:46:13.631] [WS] LIVE bid=81021.33 ask=81029.79
[13:46:15.038] [OK] [SYNC] order filled detected
[13:46:15.041] [OK] [SYNC] SELL filled on exchange
[13:46:15.042] [OK] [EXEC] REALIZED pnl=-0.449988
[13:46:16.315] [OK] [EXEC] BUY ORDER SENT orderId=382077612 price=81034.09 qty=0.086380
[13:46:16.320] [OK] [EXEC] PLACE BUY price=81034.09 qty=0.086380
[13:46:16.881] [OK] [SYNC] order filled detected
[13:46:16.881] [OK] [SYNC] BUY filled on exchange
[13:46:16.902] [OK] [EXEC] PLACE SELL price=81035.28 qty=0.086380
[13:46:17.163] [OK] [EXEC] SELL ORDER SENT orderId=382077720
[13:46:17.163] [OK] [PLAN] HOT entry=81028.01 exit=81035.28 profit=0.627983 age=871ms
[13:46:18.180] [OK] [SYNC] order filled detected
[13:46:18.183] [OK] [SYNC] SELL filled on exchange
[13:46:18.184] [OK] [EXEC] REALIZED pnl=+0.121093
[13:46:18.836] [OK] [EXEC] BUY ORDER SENT orderId=382077863 price=81031.24 qty=0.086380
[13:46:18.839] [OK] [EXEC] PLACE BUY price=81031.24 qty=0.086380
[13:46:19.368] [WS] LIVE bid=81029.24 ask=81042.00
[13:46:19.652] [OK] [EXEC] BUY FILLED id=382077863
[13:46:20.711] [OK] [SYNC] order filled detected
[13:46:20.714] [OK] [SYNC] BUY filled on exchange
[13:46:20.964] [OK] [EXEC] PLACE SELL price=81037.31 qty=0.086380
[13:46:21.246] [OK] [EXEC] SELL ORDER SENT orderId=382078043
[13:46:23.053] [WARNING] [EXEC] CANCEL SELL orderId=382078043
[13:46:23.321] [ERROR] [EXEC] HARD SL triggered
[13:46:23.324] [WARNING] [EXEC] PANIC EXIT sl_mode
[13:46:23.326] [WARNING] [EXEC] FORCE EXIT price=81019.66
[13:46:23.328] [OK] [EXEC] PLACE SELL price=81019.66 qty=0.086380
[13:46:23.598] [OK] [EXEC] SELL ORDER SENT orderId=382078260
[13:46:24.162] [WS] LIVE bid=81012.34 ask=81025.07
[13:46:27.193] [WARNING] [EXEC] SELL TIMEOUT orderId=382078260
[13:46:27.193] [WARNING] [EXEC] CANCEL SELL orderId=382078260
[13:46:27.739] [INFO] [EXEC] SELL FINAL STATUS status=CANCELED orderId=382078260
[13:46:27.740] [WARNING] [EXEC] PANIC EXIT final_recover_place_sell
[13:46:27.740] [WARNING] [EXEC] PANIC EXIT panic_final_recover
[13:46:27.740] [WARNING] [EXEC] FORCE EXIT price=81012.38
[13:46:27.740] [OK] [EXEC] PLACE SELL price=81012.38 qty=0.086380
[13:46:28.007] [OK] [EXEC] SELL ORDER SENT orderId=382078638
[13:46:29.025] [OK] [SYNC] order filled detected
[13:46:29.028] [OK] [SYNC] SELL filled on exchange
[13:46:29.029] [OK] [EXEC] REALIZED pnl=-1.629127
[13:46:29.035] [WS] LIVE bid=81002.31 ask=81018.00
[13:46:29.820] [OK] [EXEC] BUY ORDER SENT orderId=382078973 price=81017.91 qty=0.086400
[13:46:29.824] [OK] [EXEC] PLACE BUY price=81017.91 qty=0.086400
[13:46:29.828] [OK] [PLAN] HOT entry=81017.91 exit=81029.07 profit=0.964224 age=2620ms
[13:46:30.381] [OK] [SYNC] order filled detected
[13:46:30.381] [OK] [SYNC] BUY filled on exchange
[13:46:30.413] [OK] [EXEC] PLACE SELL price=81030.78 qty=0.086400
[13:46:30.678] [OK] [EXEC] SELL ORDER SENT orderId=382079107
[13:46:33.819] [WARNING] [EXEC] SELL TIMEOUT orderId=382079107
[13:46:33.819] [WARNING] [EXEC] CANCEL SELL orderId=382079107
[13:46:34.358] [INFO] [EXEC] SELL FINAL STATUS status=CANCELED orderId=382079107
[13:46:34.361] [WARNING] [EXEC] PANIC EXIT final_recover_place_sell
[13:46:34.362] [WARNING] [EXEC] PANIC EXIT panic_final_recover
[13:46:34.363] [WARNING] [EXEC] FORCE EXIT price=81025.78
[13:46:34.364] [OK] [EXEC] PLACE SELL price=81025.78 qty=0.086400
[13:46:34.639] [OK] [EXEC] SELL ORDER SENT orderId=382079575
[13:46:36.006] [WS] LIVE bid=81020.14 ask=81026.77
[13:46:36.903] [OK] [EXEC] SELL FILLED id=382079575
[13:46:36.906] [OK] [EXEC] SELL FILLED qty=0.086400 remaining=0.000000
[13:46:36.907] [OK] [EXEC] REALIZED pnl=+0.679968
[13:46:37.632] [OK] [EXEC] BUY ORDER SENT orderId=382080038 price=81004.61 qty=0.086410
[13:46:37.632] [OK] [EXEC] PLACE BUY price=81004.61 qty=0.086410
[13:46:37.632] [OK] [PLAN] HOT entry=81004.61 exit=81018.19 profit=1.173448 age=758ms
[13:46:38.647] [OK] [SYNC] order filled detected
[13:46:38.662] [OK] [SYNC] BUY filled on exchange
[13:46:38.689] [WS] LIVE bid=81002.00 ask=81008.79
[13:46:38.930] [OK] [EXEC] PLACE SELL price=81004.65 qty=0.086410
[13:46:39.201] [OK] [EXEC] SELL ORDER SENT orderId=382080164
[13:46:40.179] [OK] [SYNC] order filled detected
[13:46:40.179] [OK] [SYNC] SELL filled on exchange
[13:46:40.194] [OK] [EXEC] REALIZED pnl=+0.003456
[13:46:41.414] [OK] [EXEC] BUY ORDER SENT orderId=382080307 price=81004.01 qty=0.086410
[13:46:41.418] [OK] [EXEC] PLACE BUY price=81004.01 qty=0.086410
[13:46:45.084] [WS] LIVE bid=81011.52 ask=81025.52
[13:46:46.474] [WARNING] [EXEC] BUY TIMEOUT orderId=382080307
[13:46:46.474] [WARNING] [EXEC] CANCEL BUY orderId=382080307
[13:46:46.757] [OK] [EXEC] BUY CANCELED confirmed
[13:46:47.029] [INFO] [EXEC] BUY FINAL STATUS status=CANCELED orderId=382080307
[13:46:47.033] [WARNING] [EXEC] BLOCK reason=buy_not_filled
[13:46:48.974] [OK] [EXEC] BUY ORDER SENT orderId=382081045 price=81005.89 qty=0.086410
[13:46:48.976] [OK] [EXEC] PLACE BUY price=81005.89 qty=0.086410
[13:46:49.491] [WS] LIVE bid=81006.44 ask=81011.84
[13:46:49.881] [OK] [EXEC] BUY FILLED id=382081045
[13:46:49.896] [OK] [PLAN] HOT entry=81004.01 exit=81009.01 profit=0.432050 age=953ms
[13:46:50.913] [OK] [SYNC] order filled detected
[13:46:50.913] [OK] [SYNC] BUY filled on exchange
[13:46:51.702] [OK] [EXEC] PLACE SELL price=81019.81 qty=0.086410
[13:46:51.967] [OK] [EXEC] SELL ORDER SENT orderId=382081299
[13:46:52.508] [OK] [SYNC] order filled detected
[13:46:52.510] [OK] [SYNC] SELL filled on exchange
[13:46:52.511] [OK] [EXEC] REALIZED pnl=+1.202827
[13:46:53.634] [OK] [EXEC] BUY ORDER SENT orderId=382081473 price=81015.94 qty=0.086400
[13:46:53.639] [OK] [EXEC] PLACE BUY price=81015.94 qty=0.086400
[13:46:54.963] [OK] [SYNC] order filled detected
[13:46:54.966] [OK] [SYNC] BUY filled on exchange
[13:46:55.245] [WS] LIVE bid=81019.42 ask=81032.76
[13:46:55.260] [OK] [EXEC] PLACE SELL price=81021.61 qty=0.086400
[13:46:55.523] [OK] [EXEC] SELL ORDER SENT orderId=382081612
[13:46:55.838] [OK] [EXEC] SELL FILLED id=382081612
[13:46:55.843] [OK] [EXEC] SELL FILLED qty=0.086400 remaining=0.000000
[13:46:55.846] [OK] [EXEC] REALIZED pnl=+0.489888
[13:46:58.320] [OK] [EXEC] BUY ORDER SENT orderId=382081830 price=81012.01 qty=0.086400
[13:46:58.325] [OK] [EXEC] PLACE BUY price=81012.01 qty=0.086400
[13:46:58.702] [OK] [EXEC] BUY FILLED id=382081830
[13:46:58.722] [OK] [EXEC] PLACE SELL price=81013.25 qty=0.086400
[13:46:59.003] [OK] [EXEC] SELL ORDER SENT orderId=382081907
[13:47:00.056] [WS] LIVE bid=81002.01 ask=81009.28
[13:47:00.758] [WARNING] [EXEC] CANCEL SELL orderId=382081907
[13:47:01.036] [ERROR] [EXEC] HARD SL triggered
[13:47:01.038] [WARNING] [EXEC] PANIC EXIT sl_mode
[13:47:01.043] [WARNING] [EXEC] FORCE EXIT price=81031.68
[13:47:01.046] [OK] [EXEC] PLACE SELL price=81031.68 qty=0.086400
[13:47:01.312] [ERROR] [EXEC] PANIC SELL FAILED reason=Binance request failed status=400 code=-2010 msg=Account has insufficient balance for requested action. body={"code":-2010,"msg":"Account has insufficient balance for requested action."}
[13:47:01.847] [OK] [SYNC] order filled detected
[13:47:01.850] [OK] [SYNC] SELL filled on exchange
[13:47:01.851] [OK] [EXEC] REALIZED pnl=+0.107136
[13:47:02.163] [OK] [EXEC] BUY ORDER SENT orderId=382082363 price=81028.76 qty=0.086380
[13:47:02.163] [OK] [EXEC] PLACE BUY price=81028.76 qty=0.086380
[13:47:02.178] [OK] [PLAN] READY entry=81028.76 exit=81032.00 profit=0.279871 age=1140ms
[13:47:03.739] [WS] LIVE bid=81026.19 ask=81033.13
[13:47:04.554] [OK] [EXEC] BUY FILLED id=382082363
[13:47:05.083] [OK] [SYNC] order filled detected
[13:47:05.084] [OK] [SYNC] BUY filled on exchange
[13:47:05.383] [OK] [EXEC] PLACE SELL price=81028.80 qty=0.086380
[13:47:05.647] [OK] [EXEC] SELL ORDER SENT orderId=382082607
[13:47:05.652] [OK] [PLAN] READY entry=81020.00 exit=81024.00 profit=0.345560 age=1089ms
[13:47:07.273] [WARNING] [EXEC] CANCEL SELL orderId=382082607
[13:47:07.538] [ERROR] [EXEC] HARD SL triggered
[13:47:07.538] [WARNING] [EXEC] PANIC EXIT sl_mode
[13:47:07.538] [WARNING] [EXEC] FORCE EXIT price=81027.78
[13:47:07.538] [OK] [EXEC] PLACE SELL price=81027.78 qty=0.086380
[13:47:07.820] [OK] [EXEC] SELL ORDER SENT orderId=382082815
[13:47:09.789] [OK] [SYNC] order filled detected
[13:47:09.806] [OK] [SYNC] SELL filled on exchange
[13:47:09.806] [OK] [EXEC] REALIZED pnl=-0.084652
[13:47:09.811] [WS] LIVE bid=81015.73 ask=81022.73
[13:47:10.383] [OK] [EXEC] BUY ORDER SENT orderId=382083192 price=81021.71 qty=0.086390
[13:47:10.387] [OK] [EXEC] PLACE BUY price=81021.71 qty=0.086390
[13:47:11.459] [OK] [SYNC] order filled detected
[13:47:11.459] [OK] [SYNC] BUY filled on exchange
[13:47:11.678] [OK] [EXEC] PLACE SELL price=81032.00 qty=0.086390
[13:47:11.941] [OK] [EXEC] SELL ORDER SENT orderId=382083394
[13:47:11.946] [OK] [PLAN] HOT entry=81020.20 exit=81032.00 profit=1.019402 age=1577ms
[13:47:14.820] [WS] LIVE bid=81018.00 ask=81026.03
[13:47:15.076] [OK] [EXEC] SELL FILLED id=382083394
[13:47:15.093] [OK] [EXEC] SELL FILLED qty=0.086390 remaining=0.000000
[13:47:15.097] [OK] [EXEC] REALIZED pnl=+0.888953
[13:47:16.993] [OK] [EXEC] BUY ORDER SENT orderId=382083760 price=81032.58 qty=0.086380
[13:47:16.998] [OK] [EXEC] PLACE BUY price=81032.58 qty=0.086380
[13:47:18.051] [OK] [SYNC] order filled detected
[13:47:18.054] [OK] [SYNC] BUY filled on exchange
[13:47:18.303] [OK] [EXEC] PLACE SELL price=81033.61 qty=0.086380
[13:47:18.568] [OK] [EXEC] SELL ORDER SENT orderId=382083846
[13:47:19.584] [WS] LIVE bid=81022.72 ask=81033.61
[13:47:21.149] [OK] [SYNC] order filled detected
[13:47:21.152] [OK] [SYNC] SELL filled on exchange
[13:47:21.152] [OK] [EXEC] REALIZED pnl=+0.088971
[13:47:23.615] [OK] [EXEC] BUY ORDER SENT orderId=382084260 price=81010.15 qty=0.086400
[13:47:23.615] [OK] [EXEC] PLACE BUY price=81010.15 qty=0.086400
[13:47:24.163] [WS] LIVE bid=81010.88 ask=81025.97
[13:47:26.045] [OK] [PLAN] HOT entry=81012.88 exit=81023.75 profit=0.939168 age=2426ms
[13:47:29.498] [WARNING] [EXEC] BUY TIMEOUT orderId=382084260
[13:47:29.502] [WARNING] [EXEC] CANCEL BUY orderId=382084260
[13:47:29.756] [OK] [EXEC] BUY CANCELED confirmed
[13:47:30.032] [INFO] [EXEC] BUY FINAL STATUS status=CANCELED orderId=382084260
[13:47:30.036] [WARNING] [EXEC] BLOCK reason=buy_not_filled
[13:47:30.771] [WS] LIVE bid=81012.07 ask=81018.54
[13:47:32.475] [OK] [EXEC] BUY ORDER SENT orderId=382085210 price=81014.53 qty=0.086400
[13:47:32.480] [OK] [EXEC] PLACE BUY price=81014.53 qty=0.086400
[13:47:34.077] [OK] [PLAN] READY entry=81016.54 exit=81020.68 profit=0.357696 age=1578ms
[13:47:35.447] [WS] LIVE bid=81014.54 ask=81019.40
[13:47:36.334] [OK] [EXEC] BUY FILLED id=382085210
[13:47:36.334] [OK] [PLAN] HOT entry=81012.21 exit=81023.52 profit=0.977184 age=3812ms
[13:47:36.888] [OK] [SYNC] order filled detected
[13:47:36.888] [OK] [SYNC] BUY filled on exchange
[13:47:36.919] [OK] [EXEC] PLACE SELL price=81024.00 qty=0.086400
[13:47:37.178] [OK] [EXEC] SELL ORDER SENT orderId=382085651
[13:47:38.222] [OK] [SYNC] order filled detected
[13:47:38.225] [OK] [SYNC] SELL filled on exchange
[13:47:38.227] [OK] [EXEC] REALIZED pnl=+1.246642
[13:47:39.361] [WS] LIVE bid=81034.21 ask=81051.54
[13:47:39.710] [OK] [EXEC] BUY ORDER SENT orderId=382086159 price=81045.07 qty=0.086370
[13:47:39.715] [OK] [EXEC] PLACE BUY price=81045.07 qty=0.086370
[13:47:40.787] [OK] [SYNC] order filled detected
[13:47:40.790] [OK] [SYNC] BUY filled on exchange
[13:47:41.038] [OK] [EXEC] PLACE SELL price=81045.11 qty=0.086370
[13:47:41.305] [OK] [EXEC] SELL ORDER SENT orderId=382086367
[13:47:43.075] [WARNING] [EXEC] CANCEL SELL orderId=382086367
[13:47:43.344] [ERROR] [EXEC] HARD SL triggered
[13:47:43.347] [WARNING] [EXEC] PANIC EXIT sl_mode
[13:47:43.349] [WARNING] [EXEC] FORCE EXIT price=81033.69
[13:47:43.350] [OK] [EXEC] PLACE SELL price=81033.69 qty=0.086370
[13:47:43.615] [OK] [EXEC] SELL ORDER SENT orderId=382086397
[13:47:44.150] [OK] [SYNC] order filled detected
[13:47:44.151] [OK] [SYNC] SELL filled on exchange
[13:47:44.152] [OK] [EXEC] REALIZED pnl=-0.983754
[13:47:44.473] [OK] [EXEC] BUY ORDER SENT orderId=382086459 price=81036.39 qty=0.086380
[13:47:44.476] [OK] [EXEC] PLACE BUY price=81036.39 qty=0.086380
[13:47:44.476] [WS] LIVE bid=81034.39 ask=81041.86
[13:47:45.077] [OK] [EXEC] BUY FILLED id=382086459
[13:47:45.083] [OK] [PLAN] HOT entry=81038.40 exit=81047.08 profit=0.749692 age=596ms
[13:47:46.100] [OK] [SYNC] order filled detected
[13:47:46.100] [OK] [SYNC] BUY filled on exchange
[13:47:46.553] [OK] [EXEC] PLACE SELL price=81037.14 qty=0.086380
[13:47:46.835] [OK] [EXEC] SELL ORDER SENT orderId=382086642
[13:47:47.352] [WARNING] [EXEC] CANCEL SELL orderId=382086642
[13:47:47.600] [ERROR] [EXEC] HARD SL triggered
[13:47:47.616] [WARNING] [EXEC] PANIC EXIT sl_mode
[13:47:47.617] [WARNING] [EXEC] FORCE EXIT price=81035.57
[13:47:47.618] [OK] [EXEC] PLACE SELL price=81035.57 qty=0.086380
[13:47:47.901] [OK] [EXEC] SELL ORDER SENT orderId=382086693
[13:47:48.930] [OK] [SYNC] order filled detected
[13:47:48.933] [OK] [SYNC] SELL filled on exchange
[13:47:48.933] [OK] [EXEC] REALIZED pnl=-0.070832
[13:47:49.845] [WS] LIVE bid=81034.23 ask=81048.96
[13:47:52.941] [OK] [EXEC] BUY ORDER SENT orderId=382087138 price=81036.31 qty=0.086380
[13:47:52.945] [OK] [EXEC] PLACE BUY price=81036.31 qty=0.086380
[13:47:53.475] [OK] [SYNC] order filled detected
[13:47:53.475] [OK] [SYNC] BUY filled on exchange
[13:47:54.380] [OK] [EXEC] PLACE SELL price=81037.85 qty=0.086380
[13:47:54.650] [OK] [EXEC] SELL ORDER SENT orderId=382087285
[13:47:54.912] [WS] LIVE bid=81033.11 ask=81039.85
[13:47:58.392] [WARNING] [EXEC] SELL TIMEOUT orderId=382087285
[13:47:58.395] [WARNING] [EXEC] CANCEL SELL orderId=382087285
[13:47:58.926] [INFO] [EXEC] SELL FINAL STATUS status=CANCELED orderId=382087285
[13:47:58.930] [WARNING] [EXEC] PANIC EXIT final_recover_place_sell
[13:47:58.931] [WARNING] [EXEC] PANIC EXIT panic_final_recover
[13:47:58.932] [WARNING] [EXEC] FORCE EXIT price=81034.70
[13:47:58.933] [OK] [EXEC] PLACE SELL price=81034.70 qty=0.086380
[13:47:59.194] [OK] [EXEC] SELL ORDER SENT orderId=382087569
[13:48:00.234] [WS] LIVE bid=81013.44 ask=81022.22
[13:48:01.078] [WARNING] [EXEC] SELL TIMEOUT orderId=382087569
[13:48:01.078] [WARNING] [EXEC] CANCEL SELL orderId=382087569
[13:48:01.617] [INFO] [EXEC] SELL FINAL STATUS status=CANCELED orderId=382087569
[13:48:01.617] [WARNING] [EXEC] PANIC EXIT final_recover_place_sell
[13:48:01.617] [WARNING] [EXEC] PANIC EXIT panic_final_recover
[13:48:01.617] [WARNING] [EXEC] FORCE EXIT price=81020.23
[13:48:01.617] [OK] [EXEC] PLACE SELL price=81020.23 qty=0.086380
[13:48:01.904] [OK] [EXEC] SELL ORDER SENT orderId=382087780
[13:48:04.335] [WARNING] [EXEC] SELL TIMEOUT orderId=382087780
[13:48:04.335] [WARNING] [EXEC] CANCEL SELL orderId=382087780
[13:48:04.872] [INFO] [EXEC] SELL FINAL STATUS status=CANCELED orderId=382087780
[13:48:04.876] [WARNING] [EXEC] PANIC EXIT final_recover_place_sell
[13:48:04.877] [WARNING] [EXEC] PANIC EXIT panic_final_recover
[13:48:04.878] [WARNING] [EXEC] FORCE EXIT price=81006.37
[13:48:04.879] [OK] [EXEC] PLACE SELL price=81006.37 qty=0.086380
[13:48:05.176] [OK] [EXEC] SELL ORDER SENT orderId=382088029
[13:48:06.477] [WS] LIVE bid=80999.75 ask=81006.54
[13:48:06.875] [WARNING] [EXEC] SELL TIMEOUT orderId=382088029
[13:48:06.878] [WARNING] [EXEC] CANCEL SELL orderId=382088029
[13:48:07.397] [INFO] [EXEC] SELL FINAL STATUS status=CANCELED orderId=382088029
[13:48:07.413] [WARNING] [EXEC] PANIC EXIT final_recover_place_sell
[13:48:07.414] [WARNING] [EXEC] PANIC EXIT panic_final_recover
[13:48:07.415] [WARNING] [EXEC] FORCE EXIT price=80983.38
[13:48:07.416] [OK] [EXEC] PLACE SELL price=80983.38 qty=0.086380
[13:48:07.681] [OK] [EXEC] SELL ORDER SENT orderId=382088313
[13:48:09.523] [WARNING] [EXEC] SELL TIMEOUT orderId=382088313
[13:48:09.526] [WARNING] [EXEC] CANCEL SELL orderId=382088313
[13:48:10.056] [INFO] [EXEC] SELL FINAL STATUS status=CANCELED orderId=382088313
[13:48:10.060] [WARNING] [EXEC] PANIC EXIT final_recover_place_sell
[13:48:10.063] [WARNING] [EXEC] PANIC EXIT panic_final_recover
[13:48:10.066] [WARNING] [EXEC] FORCE EXIT price=80976.99
[13:48:10.068] [OK] [EXEC] PLACE SELL price=80976.99 qty=0.086380
[13:48:10.335] [OK] [EXEC] SELL ORDER SENT orderId=382088629
[13:48:10.875] [WS] LIVE bid=80965.93 ask=80970.00
[13:48:13.596] [WARNING] [EXEC] SELL TIMEOUT orderId=382088629
[13:48:13.599] [WARNING] [EXEC] CANCEL SELL orderId=382088629
[13:48:14.131] [INFO] [EXEC] SELL FINAL STATUS status=CANCELED orderId=382088629
[13:48:14.131] [WARNING] [EXEC] PANIC EXIT final_recover_place_sell
[13:48:14.131] [WARNING] [EXEC] PANIC EXIT panic_final_recover
[13:48:14.131] [WARNING] [EXEC] FORCE EXIT price=80961.42
[13:48:14.131] [OK] [EXEC] PLACE SELL price=80961.42 qty=0.086380
[13:48:14.398] [OK] [EXEC] SELL ORDER SENT orderId=382088947
[13:48:16.021] [WS] LIVE bid=80932.78 ask=80942.82
[13:48:16.335] [WARNING] [EXEC] SELL TIMEOUT orderId=382088947
[13:48:16.335] [WARNING] [EXEC] CANCEL SELL orderId=382088947
[13:48:16.890] [INFO] [EXEC] SELL FINAL STATUS status=CANCELED orderId=382088947
[13:48:16.890] [WARNING] [EXEC] PANIC EXIT final_recover_place_sell
[13:48:16.890] [WARNING] [EXEC] PANIC EXIT panic_final_recover
[13:48:16.890] [WARNING] [EXEC] FORCE EXIT price=80945.00
[13:48:16.890] [OK] [EXEC] PLACE SELL price=80945.00 qty=0.086380
[13:48:17.167] [OK] [EXEC] SELL ORDER SENT orderId=382089251
[13:48:18.203] [OK] [SYNC] order filled detected
[13:48:18.205] [OK] [SYNC] SELL filled on exchange
[13:48:18.206] [OK] [EXEC] REALIZED pnl=-7.874822
[13:48:18.522] [OK] [EXEC] BUY ORDER SENT orderId=382089474 price=80940.01 qty=0.086480
[13:48:18.522] [OK] [EXEC] PLACE BUY price=80940.01 qty=0.086480
[13:48:18.522] [OK] [PLAN] HOT entry=80940.01 exit=80954.53 profit=1.255690 age=2189ms
[13:48:21.037] [OK] [PLAN] READY entry=80944.79 exit=80948.57 profit=0.326857 age=4219ms
[13:48:21.572] [WS] LIVE bid=80940.02 ask=80950.50
[13:48:21.991] [OK] [PLAN] HOT entry=80942.01 exit=80951.98 profit=0.862206 age=5661ms
[13:48:23.475] [OK] [SYNC] order filled detected
[13:48:23.475] [OK] [SYNC] BUY filled on exchange
[13:48:23.663] [OK] [EXEC] PLACE SELL price=80941.36 qty=0.086480
[13:48:23.940] [OK] [EXEC] SELL ORDER SENT orderId=382089921
[13:48:25.240] [WS] LIVE bid=80930.01 ask=80937.86
[13:48:26.675] [OK] [EXEC] SELL FILLED id=382089921
[13:48:26.679] [OK] [EXEC] SELL FILLED qty=0.086480 remaining=0.000000
[13:48:26.683] [OK] [EXEC] REALIZED pnl=+0.116748
[13:48:27.052] [OK] [EXEC] BUY ORDER SENT orderId=382090261 price=80929.38 qty=0.086490
[13:48:27.056] [OK] [EXEC] PLACE BUY price=80929.38 qty=0.086490
[13:48:31.212] [WS] LIVE bid=80940.91 ask=80945.99
[13:48:32.209] [WARNING] [EXEC] BUY TIMEOUT orderId=382090261
[13:48:32.209] [WARNING] [EXEC] CANCEL BUY orderId=382090261
[13:48:32.494] [OK] [EXEC] BUY CANCELED confirmed
[13:48:32.759] [INFO] [EXEC] BUY FINAL STATUS status=CANCELED orderId=382090261
[13:48:32.761] [WARNING] [EXEC] BLOCK reason=buy_not_filled
[13:48:33.663] [OK] [EXEC] BUY ORDER SENT orderId=382090968 price=80957.59 qty=0.086460
[13:48:33.667] [OK] [EXEC] PLACE BUY price=80957.59 qty=0.086460
[13:48:35.209] [OK] [PLAN] READY entry=80964.00 exit=80967.99 profit=0.344936 age=1558ms
[13:48:36.226] [OK] [SYNC] order filled detected
[13:48:36.226] [OK] [SYNC] BUY filled on exchange
[13:48:36.226] [WS] LIVE bid=80962.00 ask=80967.11
[13:48:36.554] [WARNING] cancel all requested
[13:48:36.572] [WARNING] STOP
[13:48:37.349] [WS] stale/lost
