[14:28:53.398] [OK] filters loaded
[14:28:54.912] [EXCHANGE] symbol=BTCU base=BTC quote=U status=TRADING permissions=[]
[14:28:54.912] [OK] START
[14:28:55.703] [INFO] [EXEC] LIVE ON
[14:28:55.705] [INFO] [EXEC] WAIT READY
[14:28:55.708] [WS] primary url=wss://stream.binance.com:9443/ws/btcu@bookTicker
[14:28:55.709] [WS] connecting primary
[14:28:56.041] [WS] connected
[14:28:57.842] [OK] [EXEC] BUY ORDER SENT orderId=382271781 price=80828.00 qty=0.123710
[14:28:57.845] [OK] [EXEC] PLACE BUY price=80828.00 qty=0.123710
[14:28:57.849] [WS] LIVE bid=80834.84 ask=80842.00
[14:28:58.741] [OK] [EXEC] BUY PARTIAL filled=0.123710 total=0.123710
[14:28:58.741] [OK] [EXEC] BUY REMAINING qty=0.000000
[14:28:58.741] [OK] [EXEC] POSITION qty=0.123710
[14:28:58.741] [OK] [EXEC] BUY FILLED id=382271781
[14:28:59.781] [OK] [SYNC] order filled detected
[14:28:59.784] [OK] [SYNC] BUY filled on exchange
[14:28:59.897] [OK] [EXEC] PLACE SELL price=80840.00 qty=0.123710
[14:29:00.165] [OK] [EXEC] SELL ORDER SENT orderId=382271967
[14:29:01.647] [OK] [SYNC] order filled detected
[14:29:01.647] [OK] [SYNC] SELL filled on exchange
[14:29:01.647] [OK] [EXEC] REALIZED pnl=+1.484520
[14:29:01.662] [WS] LIVE bid=80834.00 ask=80849.99
[14:29:02.459] [OK] [EXEC] BUY ORDER SENT orderId=382272094 price=80836.48 qty=0.123700
[14:29:02.459] [OK] [EXEC] PLACE BUY price=80836.48 qty=0.123700
[14:29:02.476] [OK] [PLAN] HOT entry=80836.48 exit=80847.99 profit=1.423787 age=2280ms
[14:29:04.631] [OK] [SYNC] order filled detected
[14:29:04.631] [OK] [SYNC] BUY filled on exchange
[14:29:05.725] [OK] [EXEC] PLACE SELL price=80836.52 qty=0.123700
[14:29:05.995] [OK] [EXEC] SELL ORDER SENT orderId=382272462
[14:29:06.000] [OK] [PLAN] READY entry=80820.00 exit=80824.00 profit=0.494920 age=5828ms
[14:29:07.688] [WARNING] [EXEC] CANCEL SELL orderId=382272462
[14:29:07.959] [ERROR] [EXEC] HARD SL triggered
[14:29:07.960] [WARNING] [EXEC] PANIC EXIT sl_mode
[14:29:07.961] [WARNING] [EXEC] FORCE EXIT price=80828.58
[14:29:07.962] [OK] [EXEC] PLACE SELL price=80828.58 qty=0.123700
[14:29:08.224] [OK] [EXEC] SELL ORDER SENT orderId=382272527
[14:29:08.224] [WS] LIVE bid=80818.00 ask=80830.33
[14:29:08.832] [OK] [SYNC] order filled detected
[14:29:08.834] [OK] [SYNC] SELL filled on exchange
[14:29:08.835] [OK] [EXEC] REALIZED pnl=-0.977230
[14:29:09.928] [OK] [EXEC] BUY ORDER SENT orderId=382272784 price=80838.35 qty=0.123700
[14:29:09.943] [OK] [EXEC] PLACE BUY price=80838.35 qty=0.123700
[14:29:11.974] [OK] [EXEC] BUY PARTIAL filled=0.123700 total=0.123700
[14:29:11.990] [OK] [EXEC] BUY REMAINING qty=0.000000
[14:29:11.991] [OK] [EXEC] POSITION qty=0.123700
[14:29:11.994] [OK] [EXEC] BUY FILLED id=382272784
[14:29:11.999] [OK] [PLAN] HOT entry=80837.75 exit=80843.46 profit=0.706327 age=2046ms
[14:29:12.541] [OK] [SYNC] order filled detected
[14:29:12.544] [OK] [SYNC] BUY filled on exchange
[14:29:12.809] [WS] LIVE bid=80835.51 ask=80845.46
[14:29:12.842] [OK] [EXEC] PLACE SELL price=80841.69 qty=0.123700
[14:29:13.124] [OK] [EXEC] SELL ORDER SENT orderId=382272931
[14:29:13.147] [WARNING] [EXEC] CANCEL SELL orderId=382272931
[14:29:13.413] [ERROR] [EXEC] HARD SL triggered
[14:29:13.417] [WARNING] [EXEC] PANIC EXIT sl_mode
[14:29:13.419] [WARNING] [EXEC] FORCE EXIT price=80840.68
[14:29:13.420] [OK] [EXEC] PLACE SELL price=80840.68 qty=0.123700
[14:29:13.680] [OK] [EXEC] SELL ORDER SENT orderId=382272960
[14:29:15.474] [OK] [PLAN] READY entry=80832.36 exit=80836.47 profit=0.508448 age=5532ms
[14:29:16.989] [WARNING] [EXEC] SELL TIMEOUT orderId=382272960
[14:29:16.989] [WARNING] [EXEC] CANCEL SELL orderId=382272960
[14:29:17.522] [INFO] [EXEC] SELL FINAL STATUS status=CANCELED orderId=382272960
[14:29:17.522] [WARNING] [EXEC] PANIC EXIT final_recover_place_sell
[14:29:17.522] [WARNING] [EXEC] PANIC EXIT panic_final_recover
[14:29:17.522] [WARNING] [EXEC] FORCE EXIT price=80832.99
[14:29:17.522] [OK] [EXEC] PLACE SELL price=80832.99 qty=0.123700
[14:29:17.799] [OK] [EXEC] SELL ORDER SENT orderId=382273215
[14:29:18.318] [WS] LIVE bid=80827.12 ask=80834.00
[14:29:19.913] [OK] [SYNC] order filled detected
[14:29:19.915] [OK] [SYNC] SELL filled on exchange
[14:29:19.916] [OK] [EXEC] REALIZED pnl=-0.663032
[14:29:20.987] [OK] [EXEC] BUY ORDER SENT orderId=382273410 price=80831.28 qty=0.123710
[14:29:20.987] [OK] [EXEC] PLACE BUY price=80831.28 qty=0.123710
[14:29:21.549] [OK] [SYNC] order filled detected
[14:29:21.552] [OK] [SYNC] BUY filled on exchange
[14:29:21.630] [OK] [EXEC] PLACE SELL price=80831.99 qty=0.123710
[14:29:21.902] [OK] [EXEC] SELL ORDER SENT orderId=382273448
[14:29:23.178] [OK] [SYNC] order filled detected
[14:29:23.194] [OK] [SYNC] SELL filled on exchange
[14:29:23.194] [OK] [EXEC] REALIZED pnl=+0.087834
[14:29:23.194] [WS] LIVE bid=80827.45 ask=80838.04
[14:29:23.476] [OK] [EXEC] BUY ORDER SENT orderId=382273535 price=80833.43 qty=0.123710
[14:29:23.476] [OK] [EXEC] PLACE BUY price=80833.43 qty=0.123710
[14:29:25.912] [OK] [EXEC] BUY PARTIAL filled=0.123710 total=0.123710
[14:29:25.915] [OK] [EXEC] BUY REMAINING qty=0.000000
[14:29:25.918] [OK] [EXEC] POSITION qty=0.123710
[14:29:25.921] [OK] [EXEC] BUY FILLED id=382273535
[14:29:25.923] [OK] [PLAN] READY entry=80836.36 exit=80839.99 profit=0.449031 age=2401ms
[14:29:26.019] [OK] [EXEC] PLACE SELL price=80833.84 qty=0.123710
[14:29:26.304] [OK] [EXEC] SELL ORDER SENT orderId=382273698
[14:29:26.311] [OK] [PLAN] HOT entry=80828.00 exit=80833.84 profit=0.722466 age=2803ms
[14:29:27.325] [WS] LIVE bid=80818.65 ask=80826.94
[14:29:27.600] [WARNING] [EXEC] CANCEL SELL orderId=382273698
[14:29:27.867] [ERROR] [EXEC] HARD SL triggered
[14:29:27.870] [WARNING] [EXEC] PANIC EXIT sl_mode
[14:29:27.871] [WARNING] [EXEC] FORCE EXIT price=80825.94
[14:29:27.872] [OK] [EXEC] PLACE SELL price=80825.94 qty=0.123710
[14:29:28.133] [OK] [EXEC] SELL ORDER SENT orderId=382273817
[14:29:29.166] [OK] [SYNC] order filled detected
[14:29:29.169] [OK] [SYNC] SELL filled on exchange
[14:29:29.170] [OK] [EXEC] REALIZED pnl=-0.926588
[14:29:30.036] [OK] [EXEC] BUY ORDER SENT orderId=382273942 price=80828.01 qty=0.123710
[14:29:30.041] [OK] [EXEC] PLACE BUY price=80828.01 qty=0.123710
[14:29:30.047] [OK] [PLAN] READY entry=80828.01 exit=80831.29 profit=0.405769 age=6558ms
[14:29:30.569] [OK] [SYNC] order filled detected
[14:29:30.569] [OK] [SYNC] BUY filled on exchange
[14:29:30.725] [OK] [EXEC] PLACE SELL price=80828.78 qty=0.123710
[14:29:31.023] [OK] [EXEC] SELL ORDER SENT orderId=382274004
[14:29:32.062] [OK] [SYNC] order filled detected
[14:29:32.065] [OK] [SYNC] SELL filled on exchange
[14:29:32.066] [OK] [EXEC] REALIZED pnl=+0.095257
[14:29:32.913] [OK] [EXEC] BUY ORDER SENT orderId=382274135 price=80834.79 qty=0.123700
[14:29:32.931] [OK] [EXEC] PLACE BUY price=80834.79 qty=0.123700
[14:29:33.470] [OK] [SYNC] order filled detected
[14:29:33.472] [OK] [SYNC] BUY filled on exchange
[14:29:33.987] [WS] LIVE bid=80833.28 ask=80840.57
[14:29:34.272] [OK] [EXEC] PLACE SELL price=80838.14 qty=0.123700
[14:29:34.537] [OK] [EXEC] SELL ORDER SENT orderId=382274203
[14:29:35.584] [OK] [SYNC] order filled detected
[14:29:35.584] [OK] [SYNC] SELL filled on exchange
[14:29:35.584] [OK] [EXEC] REALIZED pnl=+0.414395
[14:29:37.055] [OK] [EXEC] BUY ORDER SENT orderId=382274384 price=80830.25 qty=0.123710
[14:29:37.061] [OK] [EXEC] PLACE BUY price=80830.25 qty=0.123710
[14:29:38.138] [WS] LIVE bid=80830.26 ask=80836.83
[14:29:39.116] [OK] [EXEC] BUY PARTIAL filled=0.123710 total=0.123710
[14:29:39.134] [OK] [EXEC] BUY REMAINING qty=0.000000
[14:29:39.137] [OK] [EXEC] POSITION qty=0.123710
[14:29:39.139] [OK] [EXEC] BUY FILLED id=382274384
[14:29:39.145] [OK] [PLAN] READY entry=80828.01 exit=80831.24 profit=0.399583 age=2062ms
[14:29:39.709] [OK] [SYNC] order filled detected
[14:29:39.709] [OK] [SYNC] BUY filled on exchange
[14:29:40.266] [OK] [EXEC] PLACE SELL price=80832.00 qty=0.123710
[14:29:40.554] [OK] [EXEC] SELL ORDER SENT orderId=382274633
[14:29:41.132] [OK] [SYNC] order filled detected
[14:29:41.134] [OK] [SYNC] SELL filled on exchange
[14:29:41.135] [OK] [EXEC] REALIZED pnl=+0.216492
[14:29:41.474] [OK] [EXEC] BUY ORDER SENT orderId=382274700 price=80828.00 qty=0.123710
[14:29:41.494] [OK] [EXEC] PLACE BUY price=80828.00 qty=0.123710
[14:29:43.038] [WS] LIVE bid=80818.00 ask=80823.61
[14:29:43.374] [OK] [EXEC] BUY PARTIAL filled=0.123710 total=0.123710
[14:29:43.378] [OK] [EXEC] BUY REMAINING qty=0.000000
[14:29:43.379] [OK] [EXEC] POSITION qty=0.123710
[14:29:43.380] [OK] [EXEC] BUY FILLED id=382274700
[14:29:43.383] [OK] [PLAN] HOT entry=80820.01 exit=80830.27 profit=1.269470 age=6343ms
[14:29:44.426] [OK] [SYNC] order filled detected
[14:29:44.429] [OK] [SYNC] BUY filled on exchange
[14:29:44.680] [OK] [EXEC] PLACE SELL price=80828.04 qty=0.123710
[14:29:44.950] [OK] [EXEC] SELL ORDER SENT orderId=382275010
[14:29:44.956] [OK] [PLAN] READY entry=80814.78 exit=80818.67 profit=0.481310 age=7908ms
[14:29:46.241] [WARNING] [EXEC] CANCEL SELL orderId=382275010
[14:29:46.538] [ERROR] [EXEC] HARD SL triggered
[14:29:46.542] [WARNING] [EXEC] PANIC EXIT sl_mode
[14:29:46.545] [WARNING] [EXEC] FORCE EXIT price=80797.16
[14:29:46.547] [OK] [EXEC] PLACE SELL price=80797.16 qty=0.123710
[14:29:46.927] [OK] [EXEC] SELL ORDER SENT orderId=382275231
[14:29:48.348] [OK] [SYNC] order filled detected
[14:29:48.351] [OK] [SYNC] SELL filled on exchange
[14:29:48.352] [OK] [EXEC] REALIZED pnl=-3.815216
[14:29:48.357] [WS] LIVE bid=80794.00 ask=80801.99
[14:29:48.757] [OK] [EXEC] BUY ORDER SENT orderId=382275372 price=80796.00 qty=0.123760
[14:29:48.775] [OK] [EXEC] PLACE BUY price=80796.00 qty=0.123760
[14:29:49.948] [OK] [SYNC] order filled detected
[14:29:49.948] [OK] [SYNC] BUY filled on exchange
[14:29:49.953] [OK] [EXEC] PLACE SELL price=80798.71 qty=0.123760
[14:29:50.221] [OK] [EXEC] SELL ORDER SENT orderId=382275436
[14:29:51.585] [OK] [EXEC] SELL FILLED id=382275436
[14:29:51.585] [OK] [EXEC] SELL FILLED qty=0.123760 remaining=0.000000
[14:29:51.585] [OK] [EXEC] REALIZED pnl=+0.335390
[14:29:52.725] [OK] [EXEC] BUY ORDER SENT orderId=382275923 price=80742.02 qty=0.123850
[14:29:52.728] [OK] [EXEC] PLACE BUY price=80742.02 qty=0.123850
[14:29:52.733] [OK] [PLAN] HOT entry=80742.02 exit=80754.57 profit=1.554318 age=1589ms
[14:29:54.061] [OK] [SYNC] order filled detected
[14:29:54.063] [OK] [SYNC] BUY filled on exchange
[14:29:54.069] [WS] LIVE bid=80730.76 ask=80752.61
[14:29:54.194] [OK] [EXEC] PLACE SELL price=80755.25 qty=0.123850
[14:29:54.466] [OK] [EXEC] SELL ORDER SENT orderId=382276386
[14:29:58.002] [WARNING] [EXEC] SELL TIMEOUT orderId=382276386
[14:29:58.006] [WARNING] [EXEC] CANCEL SELL orderId=382276386
[14:29:58.565] [INFO] [EXEC] SELL FINAL STATUS status=CANCELED orderId=382276386
[14:29:58.568] [WARNING] [EXEC] PANIC EXIT final_recover_place_sell
[14:29:58.569] [WARNING] [EXEC] PANIC EXIT panic_final_recover
[14:29:58.569] [WARNING] [EXEC] FORCE EXIT price=80744.21
[14:29:58.569] [OK] [EXEC] PLACE SELL price=80744.21 qty=0.123850
[14:29:58.834] [OK] [EXEC] SELL ORDER SENT orderId=382276763
[14:29:59.397] [WS] LIVE bid=80738.02 ask=80745.94
[14:30:00.751] [OK] [EXEC] SELL FILLED id=382276763
[14:30:00.755] [OK] [EXEC] SELL FILLED qty=0.123850 remaining=0.000000
[14:30:00.757] [OK] [EXEC] REALIZED pnl=+0.271232
[14:30:01.396] [OK] [EXEC] BUY ORDER SENT orderId=382277326 price=80737.11 qty=0.123850
[14:30:01.400] [OK] [EXEC] PLACE BUY price=80737.11 qty=0.123850
[14:30:01.959] [OK] [SYNC] order filled detected
[14:30:01.960] [OK] [SYNC] BUY filled on exchange
[14:30:04.230] [OK] [EXEC] PLACE SELL price=80737.15 qty=0.123850
[14:30:04.491] [OK] [EXEC] SELL ORDER SENT orderId=382277926
[14:30:04.491] [WS] LIVE bid=80703.60 ask=80717.12
[14:30:05.506] [OK] [SYNC] order filled detected
[14:30:05.506] [OK] [SYNC] SELL filled on exchange
[14:30:05.506] [OK] [EXEC] REALIZED pnl=+0.004954
[14:30:05.781] [OK] [EXEC] BUY ORDER SENT orderId=382278325 price=80714.78 qty=0.123890
[14:30:05.783] [OK] [EXEC] PLACE BUY price=80714.78 qty=0.123890
[14:30:08.766] [WS] LIVE bid=80724.37 ask=80732.36
[14:30:09.849] [WARNING] [EXEC] BUY TIMEOUT orderId=382278325
[14:30:09.851] [WARNING] [EXEC] CANCEL BUY orderId=382278325
[14:30:10.129] [OK] [EXEC] BUY CANCELED confirmed
[14:30:10.382] [INFO] [EXEC] BUY FINAL STATUS status=CANCELED orderId=382278325
[14:30:10.382] [WARNING] [EXEC] BLOCK reason=buy_not_filled
[14:30:11.191] [OK] [EXEC] BUY ORDER SENT orderId=382278985 price=80732.01 qty=0.123860
[14:30:11.195] [OK] [EXEC] PLACE BUY price=80732.01 qty=0.123860
[14:30:11.198] [OK] [PLAN] READY entry=80732.01 exit=80735.99 profit=0.492963 age=20082ms
[14:30:12.775] [OK] [PLAN] HOT entry=80755.58 exit=80768.36 profit=1.582547 age=21659ms
[14:30:13.788] [WS] LIVE bid=80740.00 ask=80753.99
[14:30:16.388] [WARNING] [EXEC] BUY TIMEOUT orderId=382278985
[14:30:16.394] [WARNING] [EXEC] CANCEL BUY orderId=382278985
[14:30:16.676] [OK] [EXEC] BUY CANCELED confirmed
[14:30:16.942] [INFO] [EXEC] BUY FINAL STATUS status=CANCELED orderId=382278985
[14:30:16.945] [WARNING] [EXEC] BLOCK reason=buy_not_filled
[14:30:17.785] [OK] [EXEC] BUY ORDER SENT orderId=382280156 price=80764.00 qty=0.123810
[14:30:17.788] [OK] [EXEC] PLACE BUY price=80764.00 qty=0.123810
[14:30:17.788] [OK] [PLAN] READY entry=80764.00 exit=80767.99 profit=0.494002 age=26675ms
[14:30:18.318] [OK] [SYNC] order filled detected
[14:30:18.318] [OK] [SYNC] BUY filled on exchange
[14:30:18.864] [WS] LIVE bid=80754.01 ask=80768.25
[14:30:19.077] [OK] [EXEC] PLACE SELL price=80776.66 qty=0.123810
[14:30:19.334] [OK] [EXEC] SELL ORDER SENT orderId=382280365
[14:30:19.354] [OK] [PLAN] HOT entry=80770.93 exit=80776.66 profit=0.709374 age=28230ms
[14:30:20.431] [OK] [SYNC] order filled detected
[14:30:20.434] [OK] [SYNC] SELL filled on exchange
[14:30:20.435] [OK] [EXEC] REALIZED pnl=+1.567435
[14:30:21.351] [OK] [EXEC] BUY ORDER SENT orderId=382280604 price=80776.11 qty=0.123790
[14:30:21.355] [OK] [EXEC] PLACE BUY price=80776.11 qty=0.123790
[14:30:23.606] [WS] LIVE bid=80786.00 ask=80791.35
[14:30:24.368] [OK] [PLAN] READY entry=80780.10 exit=80784.58 profit=0.554579 age=33254ms
[14:30:24.888] [OK] [SYNC] order filled detected
[14:30:24.891] [OK] [SYNC] BUY filled on exchange
[14:30:25.163] [OK] [EXEC] PLACE SELL price=80776.15 qty=0.123790
[14:30:25.436] [OK] [EXEC] SELL ORDER SENT orderId=382281165
[14:30:25.441] [OK] [PLAN] HOT entry=80764.36 exit=80773.00 profit=1.069718 age=34316ms
[14:30:26.265] [OK] [EXEC] SELL FILLED id=382281165
[14:30:26.268] [OK] [EXEC] SELL FILLED qty=0.123790 remaining=0.000000
[14:30:26.271] [OK] [EXEC] REALIZED pnl=+0.004952
[14:30:28.374] [OK] [EXEC] BUY ORDER SENT orderId=382281490 price=80772.05 qty=0.123800
[14:30:28.378] [OK] [EXEC] PLACE BUY price=80772.05 qty=0.123800
[14:30:28.942] [WS] LIVE bid=80773.02 ask=80781.65
[14:30:29.491] [OK] [SYNC] order filled detected
[14:30:29.491] [OK] [SYNC] BUY filled on exchange
[14:30:29.491] [OK] [EXEC] PLACE SELL price=80784.00 qty=0.123800
[14:30:29.797] [OK] [EXEC] SELL ORDER SENT orderId=382281674
[14:30:32.209] [OK] [EXEC] SELL FILLED id=382281674
[14:30:32.209] [OK] [EXEC] SELL FILLED qty=0.123800 remaining=0.000000
[14:30:32.209] [OK] [EXEC] REALIZED pnl=+1.479410
[14:30:33.788] [OK] [EXEC] BUY ORDER SENT orderId=382282255 price=80794.33 qty=0.123770
[14:30:33.788] [OK] [EXEC] PLACE BUY price=80794.33 qty=0.123770
[14:30:33.788] [OK] [PLAN] READY entry=80794.33 exit=80797.51 profit=0.393589 age=1573ms
[14:30:34.859] [OK] [SYNC] order filled detected
[14:30:34.864] [OK] [SYNC] BUY filled on exchange
[14:30:34.866] [WS] LIVE bid=80792.33 ask=80800.79
[14:30:35.107] [OK] [EXEC] PLACE SELL price=80794.37 qty=0.123770
[14:30:35.379] [OK] [EXEC] SELL ORDER SENT orderId=382282515
[14:30:35.385] [OK] [PLAN] HOT entry=80775.03 exit=80787.80 profit=1.580926 age=3157ms
[14:30:36.962] [OK] [PLAN] READY entry=80788.00 exit=80791.99 profit=0.493882 age=4729ms
[14:30:37.991] [OK] [SYNC] order filled detected
[14:30:37.991] [OK] [SYNC] SELL filled on exchange
[14:30:37.991] [OK] [EXEC] REALIZED pnl=+0.004951
[14:30:38.966] [OK] [EXEC] BUY ORDER SENT orderId=382282739 price=80785.98 qty=0.123780
[14:30:38.969] [OK] [EXEC] PLACE BUY price=80785.98 qty=0.123780
[14:30:39.518] [WS] LIVE bid=80783.97 ask=80791.43
[14:30:41.374] [OK] [PLAN] HOT entry=80788.01 exit=80795.55 profit=0.933301 age=9151ms
[14:30:43.809] [OK] [SYNC] order filled detected
[14:30:43.812] [OK] [SYNC] BUY filled on exchange
[14:30:43.814] [OK] [EXEC] PLACE SELL price=80786.02 qty=0.123780
[14:30:44.084] [OK] [EXEC] SELL ORDER SENT orderId=382283331
[14:30:44.084] [WS] LIVE bid=80784.17 ask=80797.03
[14:30:44.544] [OK] [EXEC] SELL FILLED id=382283331
[14:30:44.548] [OK] [EXEC] SELL FILLED qty=0.123780 remaining=0.000000
[14:30:44.550] [OK] [EXEC] REALIZED pnl=+0.003713
[14:30:45.765] [OK] [EXEC] BUY ORDER SENT orderId=382283557 price=80780.00 qty=0.123790
[14:30:45.769] [OK] [EXEC] PLACE BUY price=80780.00 qty=0.123790
[14:30:46.584] [OK] [EXEC] BUY PARTIAL filled=0.123790 total=0.123790
[14:30:46.588] [OK] [EXEC] BUY REMAINING qty=0.000000
[14:30:46.589] [OK] [EXEC] POSITION qty=0.123790
[14:30:46.590] [OK] [EXEC] BUY FILLED id=382283557
[14:30:47.116] [OK] [SYNC] order filled detected
[14:30:47.116] [OK] [SYNC] BUY filled on exchange
[14:30:47.820] [OK] [EXEC] PLACE SELL price=80780.04 qty=0.123790
[14:30:48.084] [OK] [EXEC] SELL ORDER SENT orderId=382283729
[14:30:48.757] [WS] LIVE bid=80762.36 ask=80771.49
[14:30:49.303] [WARNING] [EXEC] CANCEL SELL orderId=382283729
[14:30:49.580] [ERROR] [EXEC] HARD SL triggered
[14:30:49.583] [WARNING] [EXEC] PANIC EXIT sl_mode
[14:30:49.585] [WARNING] [EXEC] FORCE EXIT price=80763.35
[14:30:49.585] [OK] [EXEC] PLACE SELL price=80763.35 qty=0.123790
[14:30:49.858] [OK] [EXEC] SELL ORDER SENT orderId=382283948
[14:30:50.397] [OK] [SYNC] order filled detected
[14:30:50.397] [OK] [SYNC] SELL filled on exchange
[14:30:50.397] [OK] [EXEC] REALIZED pnl=-2.061104
[14:30:50.785] [OK] [EXEC] BUY ORDER SENT orderId=382284033 price=80758.86 qty=0.123820
[14:30:50.791] [OK] [EXEC] PLACE BUY price=80758.86 qty=0.123820
[14:30:50.797] [OK] [PLAN] HOT entry=80758.86 exit=80765.81 profit=0.860549 age=1203ms
[14:30:54.710] [WARNING] [EXEC] BUY TIMEOUT orderId=382284033
[14:30:54.710] [WARNING] [EXEC] CANCEL BUY orderId=382284033
[14:30:54.975] [OK] [EXEC] BUY CANCELED confirmed
[14:30:55.247] [INFO] [EXEC] BUY FINAL STATUS status=CANCELED orderId=382284033
[14:30:55.251] [WARNING] [EXEC] BLOCK reason=buy_not_filled
[14:30:55.742] [WS] LIVE bid=80758.87 ask=80771.86
[14:30:56.334] [OK] [EXEC] BUY ORDER SENT orderId=382284484 price=80764.00 qty=0.123810
[14:30:56.334] [OK] [EXEC] PLACE BUY price=80764.00 qty=0.123810
[14:30:57.349] [OK] [PLAN] HOT entry=80766.01 exit=80774.08 profit=0.999147 age=1016ms
[14:30:59.970] [WS] LIVE bid=80777.39 ask=80786.00
[14:31:00.522] [WARNING] [EXEC] BUY TIMEOUT orderId=382284484
[14:31:00.522] [WARNING] [EXEC] CANCEL BUY orderId=382284484
[14:31:00.849] [OK] [EXEC] BUY CANCELED confirmed
[14:31:01.132] [INFO] [EXEC] BUY FINAL STATUS status=CANCELED orderId=382284484
[14:31:01.132] [WARNING] [EXEC] BLOCK reason=buy_not_filled
[14:31:02.569] [OK] [EXEC] BUY ORDER SENT orderId=382285251 price=80762.01 qty=0.123820
[14:31:02.569] [OK] [EXEC] PLACE BUY price=80762.01 qty=0.123820
[14:31:05.049] [WS] LIVE bid=80764.42 ask=80785.99
[14:31:07.137] [WARNING] [EXEC] BUY TIMEOUT orderId=382285251
[14:31:07.140] [WARNING] [EXEC] CANCEL BUY orderId=382285251
[14:31:07.423] [OK] [EXEC] BUY CANCELED confirmed
[14:31:07.694] [INFO] [EXEC] BUY FINAL STATUS status=CANCELED orderId=382285251
[14:31:07.694] [WARNING] [EXEC] BLOCK reason=buy_not_filled
[14:31:09.009] [OK] [EXEC] BUY ORDER SENT orderId=382286097 price=80797.64 qty=0.123760
[14:31:09.013] [OK] [EXEC] PLACE BUY price=80797.64 qty=0.123760
[14:31:09.592] [OK] [SYNC] order filled detected
[14:31:09.595] [OK] [SYNC] BUY filled on exchange
[14:31:10.070] [WS] LIVE bid=80792.78 ask=80803.08
[14:31:10.334] [OK] [EXEC] PLACE SELL price=80800.00 qty=0.123760
[14:31:10.608] [OK] [EXEC] SELL ORDER SENT orderId=382286289
[14:31:14.601] [WARNING] [EXEC] SELL TIMEOUT orderId=382286289
[14:31:14.605] [WARNING] [EXEC] CANCEL SELL orderId=382286289
[14:31:15.126] [INFO] [EXEC] SELL FINAL STATUS status=CANCELED orderId=382286289
[14:31:15.129] [WARNING] [EXEC] PANIC EXIT final_recover_place_sell
[14:31:15.132] [WARNING] [EXEC] PANIC EXIT panic_final_recover
[14:31:15.135] [WARNING] [EXEC] FORCE EXIT price=80785.00
[14:31:15.137] [OK] [EXEC] PLACE SELL price=80785.00 qty=0.123760
[14:31:15.397] [OK] [EXEC] SELL ORDER SENT orderId=382286730
[14:31:15.915] [WS] LIVE bid=80778.87 ask=80785.99
[14:31:16.794] [OK] [EXEC] SELL FILLED id=382286730
[14:31:16.798] [OK] [EXEC] SELL FILLED qty=0.123760 remaining=0.000000
[14:31:16.801] [OK] [EXEC] REALIZED pnl=-1.564326
[14:31:17.566] [OK] [EXEC] BUY ORDER SENT orderId=382286891 price=80777.01 qty=0.123790
[14:31:17.569] [OK] [EXEC] PLACE BUY price=80777.01 qty=0.123790
[14:31:17.571] [OK] [PLAN] READY entry=80777.01 exit=80781.10 profit=0.506301 age=785ms
[14:31:19.428] [OK] [PLAN] HOT entry=80783.86 exit=80792.00 profit=1.007569 age=2663ms
[14:31:19.912] [WS] LIVE bid=80785.55 ask=80791.28
[14:31:21.644] [WARNING] [EXEC] BUY TIMEOUT orderId=382286891
[14:31:21.647] [WARNING] [EXEC] CANCEL BUY orderId=382286891
[14:31:21.927] [OK] [EXEC] BUY CANCELED confirmed
[14:31:22.191] [INFO] [EXEC] BUY FINAL STATUS status=CANCELED orderId=382286891
[14:31:22.194] [WARNING] [EXEC] BLOCK reason=buy_not_filled
[14:31:24.302] [WS] LIVE bid=80789.01 ask=80798.14
[14:31:24.773] [OK] [EXEC] BUY ORDER SENT orderId=382287594 price=80786.51 qty=0.123780
[14:31:24.790] [OK] [EXEC] PLACE BUY price=80786.51 qty=0.123780
[14:31:25.819] [OK] [SYNC] order filled detected
[14:31:25.839] [OK] [SYNC] BUY filled on exchange
[14:31:26.693] [OK] [EXEC] PLACE SELL price=80789.64 qty=0.123780
[14:31:26.963] [OK] [EXEC] SELL ORDER SENT orderId=382287885
[14:31:26.970] [OK] [PLAN] HOT entry=80781.88 exit=80789.64 profit=0.960610 age=2179ms
[14:31:29.819] [WARNING] [EXEC] SELL TIMEOUT orderId=382287885
[14:31:29.819] [WARNING] [EXEC] CANCEL SELL orderId=382287885
[14:31:30.367] [INFO] [EXEC] SELL FINAL STATUS status=CANCELED orderId=382287885
[14:31:30.367] [WARNING] [EXEC] PANIC EXIT final_recover_place_sell
[14:31:30.367] [WARNING] [EXEC] PANIC EXIT panic_final_recover
[14:31:30.367] [WARNING] [EXEC] FORCE EXIT price=80759.38
[14:31:30.382] [OK] [EXEC] PLACE SELL price=80759.38 qty=0.123780
[14:31:30.646] [OK] [EXEC] SELL ORDER SENT orderId=382288392
[14:31:30.655] [WS] LIVE bid=80770.00 ask=80774.89
[14:31:31.079] [OK] [EXEC] SELL FILLED id=382288392
[14:31:31.082] [OK] [EXEC] SELL FILLED qty=0.123780 remaining=0.000000
[14:31:31.084] [OK] [EXEC] REALIZED pnl=-3.358151
[14:31:31.086] [OK] [PLAN] READY entry=80756.01 exit=80760.00 profit=0.494042 age=6291ms
[14:31:32.591] [OK] [EXEC] BUY ORDER SENT orderId=382288597 price=80772.40 qty=0.123800
[14:31:32.596] [OK] [EXEC] PLACE BUY price=80772.40 qty=0.123800
[14:31:33.654] [OK] [SYNC] order filled detected
[14:31:33.657] [OK] [SYNC] BUY filled on exchange
[14:31:33.928] [OK] [EXEC] PLACE SELL price=80805.31 qty=0.123800
[14:31:34.199] [OK] [EXEC] SELL ORDER SENT orderId=382289005
[14:31:34.205] [OK] [PLAN] HOT entry=80787.12 exit=80805.31 profit=2.251558 age=9414ms
[14:31:35.248] [WS] LIVE bid=80785.32 ask=80794.00
[14:31:36.836] [OK] [SYNC] order filled detected
[14:31:36.839] [OK] [SYNC] SELL filled on exchange
[14:31:36.840] [OK] [EXEC] REALIZED pnl=+4.074258
[14:31:37.349] [OK] [EXEC] BUY ORDER SENT orderId=382289303 price=80796.01 qty=0.123760
[14:31:37.353] [OK] [EXEC] PLACE BUY price=80796.01 qty=0.123760
[14:31:38.369] [OK] [SYNC] order filled detected
[14:31:38.372] [OK] [SYNC] BUY filled on exchange
[14:31:39.116] [OK] [EXEC] PLACE SELL price=80796.05 qty=0.123760
[14:31:39.601] [OK] [EXEC] SELL ORDER SENT orderId=382289852
[14:31:40.191] [WS] LIVE bid=80700.00 ask=80730.01
[14:31:42.605] [WARNING] [EXEC] SELL TIMEOUT orderId=382289852
[14:31:42.609] [WARNING] [EXEC] CANCEL SELL orderId=382289852
[14:31:43.131] [INFO] [EXEC] SELL FINAL STATUS status=CANCELED orderId=382289852
[14:31:43.131] [WARNING] [EXEC] PANIC EXIT final_recover_place_sell
[14:31:43.131] [WARNING] [EXEC] PANIC EXIT panic_final_recover
[14:31:43.131] [WARNING] [EXEC] FORCE EXIT price=80652.00
[14:31:43.131] [OK] [EXEC] PLACE SELL price=80652.00 qty=0.123760
[14:31:43.419] [OK] [EXEC] SELL ORDER SENT orderId=382291438
[14:31:44.424] [WS] LIVE bid=80592.81 ask=80609.71
[14:31:46.908] [WARNING] [EXEC] SELL TIMEOUT orderId=382291438
[14:31:46.912] [WARNING] [EXEC] CANCEL SELL orderId=382291438
[14:31:47.439] [INFO] [EXEC] SELL FINAL STATUS status=CANCELED orderId=382291438
[14:31:47.443] [WARNING] [EXEC] PANIC EXIT final_recover_place_sell
[14:31:47.446] [WARNING] [EXEC] PANIC EXIT panic_final_recover
[14:31:47.449] [WARNING] [EXEC] FORCE EXIT price=80571.77
[14:31:47.451] [OK] [EXEC] PLACE SELL price=80571.77 qty=0.123760
[14:31:47.717] [OK] [EXEC] SELL ORDER SENT orderId=382292966
[14:31:48.247] [OK] [SYNC] order filled detected
[14:31:48.250] [OK] [SYNC] SELL filled on exchange
[14:31:48.250] [OK] [EXEC] REALIZED pnl=-27.751942
[14:31:48.646] [OK] [EXEC] BUY ORDER SENT orderId=382293236 price=80542.13 qty=0.124150
[14:31:48.646] [OK] [EXEC] PLACE BUY price=80542.13 qty=0.124150
[14:31:49.738] [OK] [SYNC] order filled detected
[14:31:49.741] [OK] [SYNC] BUY filled on exchange
[14:31:49.747] [WS] LIVE bid=80542.14 ask=80564.23
[14:31:49.966] [OK] [EXEC] PLACE SELL price=80567.48 qty=0.124150
[14:31:50.252] [OK] [EXEC] SELL ORDER SENT orderId=382293600
[14:31:51.310] [OK] [SYNC] order filled detected
[14:31:51.313] [OK] [SYNC] SELL filled on exchange
[14:31:51.314] [OK] [EXEC] REALIZED pnl=+3.147203
[14:31:51.786] [OK] [EXEC] BUY ORDER SENT orderId=382293914 price=80565.09 qty=0.124120
[14:31:51.791] [OK] [EXEC] PLACE BUY price=80565.09 qty=0.124120
[14:31:54.166] [WS] LIVE bid=80594.28 ask=80612.74
[14:31:55.857] [WARNING] [EXEC] BUY TIMEOUT orderId=382293914
[14:31:55.860] [WARNING] [EXEC] CANCEL BUY orderId=382293914
[14:31:56.115] [OK] [EXEC] BUY CANCELED confirmed
[14:31:56.381] [INFO] [EXEC] BUY FINAL STATUS status=CANCELED orderId=382293914
[14:31:56.398] [WARNING] [EXEC] BLOCK reason=buy_not_filled
[14:31:56.401] [OK] [PLAN] READY entry=80588.01 exit=80592.00 profit=0.495079 age=31071ms
[14:31:58.468] [OK] [EXEC] BUY ORDER SENT orderId=382295037 price=80580.00 qty=0.124100
[14:31:58.472] [OK] [EXEC] PLACE BUY price=80580.00 qty=0.124100
[14:31:58.477] [OK] [PLAN] HOT entry=80580.00 exit=80597.99 profit=2.232559 age=33209ms
[14:32:00.338] [WS] LIVE bid=80591.82 ask=80602.00
[14:32:00.875] [OK] [EXEC] BUY PARTIAL filled=0.124100 total=0.124100
[14:32:00.879] [OK] [EXEC] BUY REMAINING qty=0.000000
[14:32:00.881] [OK] [EXEC] POSITION qty=0.124100
[14:32:00.881] [OK] [EXEC] BUY FILLED id=382295037
[14:32:01.882] [OK] [SYNC] order filled detected
[14:32:01.899] [OK] [SYNC] BUY filled on exchange
[14:32:02.321] [OK] [EXEC] PLACE SELL price=80580.04 qty=0.124100
[14:32:02.604] [OK] [EXEC] SELL ORDER SENT orderId=382296155
[14:32:04.201] [WS] LIVE bid=80442.71 ask=80466.37
[14:32:05.310] [WARNING] [EXEC] CANCEL SELL orderId=382296155
[14:32:05.577] [ERROR] [EXEC] HARD SL triggered
[14:32:05.580] [WARNING] [EXEC] PANIC EXIT sl_mode
[14:32:05.582] [WARNING] [EXEC] FORCE EXIT price=80462.06
[14:32:05.584] [OK] [EXEC] PLACE SELL price=80462.06 qty=0.124100
[14:32:05.862] [OK] [EXEC] SELL ORDER SENT orderId=382297273
[14:32:06.194] [OK] [EXEC] SELL FILLED id=382297273
[14:32:06.194] [OK] [EXEC] SELL FILLED qty=0.124100 remaining=0.000000
[14:32:06.210] [OK] [EXEC] REALIZED pnl=-14.636354
[14:32:06.528] [OK] [EXEC] BUY ORDER SENT orderId=382297457 price=80447.38 qty=0.124300
[14:32:06.533] [OK] [EXEC] PLACE BUY price=80447.38 qty=0.124300
[14:32:09.553] [WS] LIVE bid=80498.00 ask=80519.01
[14:32:11.592] [WARNING] [EXEC] BUY TIMEOUT orderId=382297457
[14:32:11.596] [WARNING] [EXEC] CANCEL BUY orderId=382297457
[14:32:11.859] [OK] [EXEC] BUY CANCELED confirmed
[14:32:12.123] [INFO] [EXEC] BUY FINAL STATUS status=CANCELED orderId=382297457
[14:32:12.127] [WARNING] [EXEC] BLOCK reason=buy_not_filled
[14:32:13.455] [OK] [EXEC] BUY ORDER SENT orderId=382299219 price=80485.70 qty=0.124240
[14:32:13.459] [OK] [EXEC] PLACE BUY price=80485.70 qty=0.124240
[14:32:14.510] [WS] LIVE bid=80513.42 ask=80538.07
[14:32:17.601] [OK] [PLAN] READY entry=80532.01 exit=80536.00 profit=0.495438 age=52315ms
[14:32:18.492] [WARNING] [EXEC] BUY TIMEOUT orderId=382299219
[14:32:18.496] [WARNING] [EXEC] CANCEL BUY orderId=382299219
[14:32:19.250] [OK] [EXEC] BUY CANCELED confirmed
[14:32:19.516] [INFO] [EXEC] BUY FINAL STATUS status=CANCELED orderId=382299219
[14:32:19.520] [WARNING] [EXEC] BLOCK reason=buy_not_filled
[14:32:19.523] [OK] [PLAN] HOT entry=80514.78 exit=80529.58 profit=1.838160 age=53712ms
[14:32:20.314] [WS] LIVE bid=80539.06 ask=80560.00
[14:32:21.116] [OK] [EXEC] BUY ORDER SENT orderId=382300962 price=80603.99 qty=0.124060
[14:32:21.116] [OK] [EXEC] PLACE BUY price=80603.99 qty=0.124060
[14:32:21.116] [OK] [PLAN] READY entry=80603.99 exit=80607.98 profit=0.494999 age=56342ms
[14:32:21.678] [OK] [SYNC] order filled detected
[14:32:21.678] [OK] [SYNC] BUY filled on exchange
[14:32:21.757] [OK] [EXEC] PLACE SELL price=80604.03 qty=0.124060
[14:32:22.022] [OK] [EXEC] SELL ORDER SENT orderId=382301265
[14:32:22.022] [OK] [PLAN] HOT entry=80564.15 exit=80583.93 profit=2.455094 age=57243ms
[14:32:24.680] [WS] LIVE bid=80563.03 ask=80577.85
[14:32:24.970] [WARNING] cancel all requested
[14:32:25.771] [WARNING] [SYNC] desync fixed
[14:32:25.771] [WARNING] STOP
[14:32:26.546] [WS] stale/lost
[14:32:41.238] [OK] [PLAN] READY entry=80614.78 exit=80618.00 profit=0.399409 age=76722ms
[14:32:44.058] [OK] [PLAN] HOT entry=80594.79 exit=80604.89 profit=1.253107 age=95ms
[14:32:44.966] [OK] [PLAN] READY entry=80596.01 exit=80600.00 profit=0.495039 age=1002ms
[14:32:45.678] [OK] [PLAN] HOT entry=80582.39 exit=80607.43 profit=3.107214 age=1701ms
[14:32:50.533] [INFO] [SETTINGS] exported path=C:/Users/Art/Desktop/UB/settings_export.json
[14:32:55.713] [OK] [PLAN] HOT entry=80590.47 exit=80600.90 profit=1.294154 age=65ms
[14:32:58.349] [OK] [PLAN] READY entry=80572.01 exit=80575.59 profit=0.444314 age=2702ms
[14:32:59.319] [OK] [PLAN] HOT entry=80573.71 exit=80581.62 profit=0.981631 age=3674ms
