[18:18:39.593] [OK] filters loaded
[18:18:41.280] [INFO] START_CLICK received enabled=True api_ready=True running=False
[18:18:41.281] [INFO] START_SETTINGS live_enabled=True guard_mode=FAST entry_mode=AGGRESSIVE exit_engine=True order_size=222.0
[18:18:41.281] [INFO] START_PROFILE order_size=222.0 min_spread=6.0 guard_mode=FAST entry_mode=AGGRESSIVE sell_timeout=900 far_sell_ticks=80 taker_exit_after_ms=850
[18:18:41.281] [INFO] SETTINGS_MERGE_PRESERVE existing_values=true missing_added=2
[18:18:41.722] [EXCHANGE] symbol=BTCU base=BTC quote=U status=TRADING permissions=[]
[18:18:41.725] [OK] START
[18:18:41.727] [OK] START_OK runtime_started
[18:18:41.727] [INFO] [EXEC] STREAMS_ENABLED count=20 range_ticks=200 step_ticks=10
[18:18:41.728] [INFO] [EXEC] GRID_BUDGET_SOURCE source=max_exposure_u budget=5000.00
[18:18:41.728] [INFO] [EXEC] STREAM_CREATE stream_id=1 buy_price=80505.90000000 budget=250.00 qty=0.00310000
[18:18:41.728] [INFO] [EXEC] STREAM_CREATE stream_id=2 buy_price=80505.81000000 budget=250.00 qty=0.00310000
[18:18:41.728] [INFO] [EXEC] STREAM_CREATE stream_id=3 buy_price=80505.70000000 budget=250.00 qty=0.00310000
[18:18:41.728] [INFO] [EXEC] STREAM_CREATE stream_id=4 buy_price=80505.61000000 budget=250.00 qty=0.00310000
[18:18:41.728] [INFO] [EXEC] STREAM_CREATE stream_id=5 buy_price=80505.51000000 budget=250.00 qty=0.00310000
[18:18:41.728] [INFO] [EXEC] STREAM_CREATE stream_id=6 buy_price=80505.40000000 budget=250.00 qty=0.00310000
[18:18:41.728] [INFO] [EXEC] STREAM_CREATE stream_id=7 buy_price=80505.31000000 budget=250.00 qty=0.00310000
[18:18:41.728] [INFO] [EXEC] STREAM_CREATE stream_id=8 buy_price=80505.20000000 budget=250.00 qty=0.00310000
[18:18:41.728] [INFO] [EXEC] STREAM_CREATE stream_id=9 buy_price=80505.11000000 budget=250.00 qty=0.00310000
[18:18:41.728] [INFO] [EXEC] STREAM_CREATE stream_id=10 buy_price=80505.01000000 budget=250.00 qty=0.00310000
[18:18:41.728] [INFO] [EXEC] STREAM_CREATE stream_id=11 buy_price=80504.90000000 budget=250.00 qty=0.00310000
[18:18:41.728] [INFO] [EXEC] STREAM_CREATE stream_id=12 buy_price=80504.81000000 budget=250.00 qty=0.00310000
[18:18:41.728] [INFO] [EXEC] STREAM_CREATE stream_id=13 buy_price=80504.70000000 budget=250.00 qty=0.00310000
[18:18:41.728] [INFO] [EXEC] STREAM_CREATE stream_id=14 buy_price=80504.61000000 budget=250.00 qty=0.00310000
[18:18:41.728] [INFO] [EXEC] STREAM_CREATE stream_id=15 buy_price=80504.51000000 budget=250.00 qty=0.00310000
[18:18:41.728] [INFO] [EXEC] STREAM_CREATE stream_id=16 buy_price=80504.40000000 budget=250.00 qty=0.00310000
[18:18:41.728] [INFO] [EXEC] STREAM_CREATE stream_id=17 buy_price=80504.31000000 budget=250.00 qty=0.00310000
[18:18:41.728] [INFO] [EXEC] STREAM_CREATE stream_id=18 buy_price=80504.20000000 budget=250.00 qty=0.00310000
[18:18:41.728] [INFO] [EXEC] STREAM_CREATE stream_id=19 buy_price=80504.11000000 budget=250.00 qty=0.00310000
[18:18:41.728] [INFO] [EXEC] STREAM_CREATE stream_id=20 buy_price=80504.01000000 budget=250.00 qty=0.00310000
[18:18:41.728] [INFO] [EXEC] STREAM_CREATE_DONE count=20 budget=5000.00 step_ticks=10
[18:18:42.042] [INFO] [EXEC] LIVE ON
[18:18:42.045] [INFO] [EXEC] WAIT READY
[18:18:42.046] [WARNING] [HEALTH] block spread_too_young lifetime=0
[18:18:42.047] [WARNING] [HEALTH] unstable_spread lifetime=0
[18:18:42.048] [INFO] [EXEC] STREAM_GUARD_BYPASS reason=ws_stale_rest_ok
[18:18:42.049] [INFO] [EXEC] STREAM_MODE_ACTIVE_SKIP_SINGLE_ENTRY
[18:18:42.597] [INFO] [EXEC] STREAM_BUY_PLACED level_id=1 order_id=386709001
[18:18:42.600] [OK] [EXEC] PLACE BUY price=80505.90 qty=0.003100
[18:18:42.887] [INFO] [EXEC] STREAM_BUY_PLACED level_id=2 order_id=386709026
[18:18:42.890] [OK] [EXEC] PLACE BUY price=80505.81 qty=0.003100
[18:18:43.150] [INFO] [EXEC] STREAM_BUY_PLACED level_id=3 order_id=386709034
[18:18:43.150] [OK] [EXEC] PLACE BUY price=80505.70 qty=0.003100
[18:18:43.713] [WS] primary url=wss://stream.binance.com:9443/ws/btcu@bookTicker
[18:18:43.713] [WS] connecting primary
[18:18:43.713] [WS] connected
[18:18:44.427] [INFO] [EXEC] STREAM_BUY_FILLED level_id=1
[18:18:44.431] [OK] [EXEC] CHUNK ADD qty=0.003100 entry=80505.90
[18:18:44.432] [INFO] [EXEC] CHUNK COUNT n=1
[18:18:44.698] [INFO] [EXEC] STREAM_SELL_PLACED stream_id=1 chunk_id=1253314191552 order_id=386709058 price=80506.20 qty=0.003100
[18:18:44.967] [INFO] [EXEC] STREAM_BUY_FILLED level_id=2
[18:18:44.971] [OK] [EXEC] CHUNK ADD qty=0.003100 entry=80505.81
[18:18:44.972] [INFO] [EXEC] CHUNK COUNT n=2
[18:18:45.246] [INFO] [EXEC] STREAM_SELL_PLACED stream_id=2 chunk_id=1253314098096 order_id=386709089 price=80506.11 qty=0.003100
[18:18:45.507] [INFO] [EXEC] STREAM_BUY_FILLED level_id=3
[18:18:45.509] [OK] [EXEC] CHUNK ADD qty=0.003100 entry=80505.70
[18:18:45.510] [INFO] [EXEC] CHUNK COUNT n=3
[18:18:45.786] [INFO] [EXEC] STREAM_SELL_PLACED stream_id=3 chunk_id=1253314092144 order_id=386709105 price=80506.00 qty=0.003100
[18:18:46.050] [INFO] [EXEC] STREAM_SELL_STATUS stream_id=1 chunk_id=1253314191552 order_id=386709058 status=FILLED
[18:18:46.053] [INFO] [EXEC] STREAM_SELL_FILLED stream_id=1 chunk_id=1253314191552 order_id=386709058
[18:18:46.055] [OK] [EXEC] FIFO CLOSE qty=0.003100 entry=80505.90 exit=80506.20 pnl=+0.000930
[18:18:46.056] [INFO] [EXEC] STREAM_PNL stream_id=1 pnl=+0.000930
[18:18:46.057] [INFO] [EXEC] STREAM_RECYCLED level_id=1
[18:18:46.058] [INFO] [EXEC] STREAM_RECYCLED stream_id=1
[18:18:46.323] [INFO] [EXEC] STREAM_SELL_STATUS stream_id=2 chunk_id=1253314098096 order_id=386709089 status=FILLED
[18:18:46.323] [INFO] [EXEC] STREAM_SELL_FILLED stream_id=2 chunk_id=1253314098096 order_id=386709089
[18:18:46.323] [OK] [EXEC] FIFO CLOSE qty=0.003100 entry=80505.81 exit=80506.11 pnl=+0.000930
[18:18:46.323] [INFO] [EXEC] STREAM_PNL stream_id=2 pnl=+0.000930
[18:18:46.323] [INFO] [EXEC] STREAM_RECYCLED level_id=2
[18:18:46.323] [INFO] [EXEC] STREAM_RECYCLED stream_id=2
[18:18:46.598] [INFO] [EXEC] STREAM_SELL_STATUS stream_id=3 chunk_id=1253314092144 order_id=386709105 status=FILLED
[18:18:46.601] [INFO] [EXEC] STREAM_SELL_FILLED stream_id=3 chunk_id=1253314092144 order_id=386709105
[18:18:46.603] [OK] [EXEC] FIFO CLOSE qty=0.003100 entry=80505.70 exit=80506.00 pnl=+0.000930
[18:18:46.603] [INFO] [EXEC] STREAM_PNL stream_id=3 pnl=+0.000930
[18:18:46.603] [INFO] [EXEC] STREAM_RECYCLED level_id=3
[18:18:46.603] [INFO] [EXEC] STREAM_RECYCLED stream_id=3
[18:18:46.603] [WARNING] [EXEC] BLOCK_BUY reason=ws_stale mode=FAST ws_age=2875 spread=8.18 stable=1/1 mid_delta=0.00 bid_delta=0.00
[18:18:46.603] [OK] [PLAN] READY entry=80502.45 exit=80510.64 profit=0.022523 age=2122ms
[18:18:46.956] [INFO] [EXEC] STREAM_MODE_ACTIVE_SKIP_SINGLE_ENTRY
[18:18:47.713] [INFO] [EXEC] STREAM_BUY_PLACED level_id=1 order_id=386709166
[18:18:47.714] [OK] [EXEC] PLACE BUY price=80505.90 qty=0.003100
[18:18:47.974] [INFO] [EXEC] STREAM_BUY_PLACED level_id=2 order_id=386709169
[18:18:47.981] [OK] [EXEC] PLACE BUY price=80505.81 qty=0.003100
[18:18:48.244] [INFO] [EXEC] STREAM_BUY_PLACED level_id=3 order_id=386709170
[18:18:48.244] [OK] [EXEC] PLACE BUY price=80505.70 qty=0.003100
[18:18:49.119] [INFO] [EXEC] STREAM_BUY_FILLED level_id=1
[18:18:49.135] [OK] [EXEC] CHUNK ADD qty=0.003100 entry=80505.90
[18:18:49.135] [INFO] [EXEC] CHUNK COUNT n=1
[18:18:49.462] [INFO] [EXEC] STREAM_SELL_PLACED stream_id=1 chunk_id=1253314195872 order_id=386709222 price=80506.20 qty=0.003100
[18:18:49.713] [INFO] [EXEC] STREAM_BUY_FILLED level_id=2
[18:18:49.713] [OK] [EXEC] CHUNK ADD qty=0.003100 entry=80505.81
[18:18:49.713] [INFO] [EXEC] CHUNK COUNT n=2
[18:18:49.992] [INFO] [EXEC] STREAM_SELL_PLACED stream_id=2 chunk_id=1253314098000 order_id=386709276 price=80506.11 qty=0.003100
[18:18:50.258] [INFO] [EXEC] STREAM_BUY_FILLED level_id=3
[18:18:50.259] [OK] [EXEC] CHUNK ADD qty=0.003100 entry=80505.70
[18:18:50.259] [INFO] [EXEC] CHUNK COUNT n=3
[18:18:50.528] [INFO] [EXEC] STREAM_SELL_PLACED stream_id=3 chunk_id=1253314191264 order_id=386709284 price=80506.00 qty=0.003100
[18:18:51.322] [INFO] [EXEC] STREAM_SELL_STATUS stream_id=1 chunk_id=1253314195872 order_id=386709222 status=NEW
[18:18:51.620] [INFO] [EXEC] STREAM_SELL_STATUS stream_id=2 chunk_id=1253314098000 order_id=386709276 status=NEW
[18:18:51.892] [INFO] [EXEC] STREAM_SELL_STATUS stream_id=3 chunk_id=1253314191264 order_id=386709284 status=NEW
[18:18:51.892] [WARNING] [EXEC] STATE REPAIR reason=inventory_cannot_be_flat
[18:18:51.892] [INFO] [EXEC] STREAM_GLOBAL_SELL_SKIP reason=exit_recovery_inventory_no_sell
[18:18:51.892] [INFO] [EXEC] STREAM_GLOBAL_SELL_SKIP reason=place_sell
[18:18:52.276] [WARNING] [EXEC] SELL_QTY_CLAMP inventory=0.009300 free=0.000047 final=0.000047
[18:18:52.610] [INFO] [EXEC] STREAM_SELL_STATUS stream_id=1 chunk_id=1253314195872 order_id=386709222 status=NEW
[18:18:52.936] [INFO] [EXEC] STREAM_SELL_STATUS stream_id=2 chunk_id=1253314098000 order_id=386709276 status=NEW
[18:18:53.208] [INFO] [EXEC] STREAM_SELL_STATUS stream_id=3 chunk_id=1253314191264 order_id=386709284 status=NEW
[18:18:53.212] [INFO] [EXEC] STREAM_GLOBAL_SELL_SKIP reason=exit_recovery_inventory_no_sell
[18:18:53.212] [INFO] [EXEC] STREAM_GLOBAL_SELL_SKIP reason=place_sell
[18:18:53.864] [INFO] [EXEC] STREAM_SELL_STATUS stream_id=1 chunk_id=1253314195872 order_id=386709222 status=NEW
[18:18:54.666] [INFO] [EXEC] STREAM_SELL_STATUS stream_id=2 chunk_id=1253314098000 order_id=386709276 status=NEW
[18:18:55.043] [INFO] [EXEC] STREAM_SELL_STATUS stream_id=3 chunk_id=1253314191264 order_id=386709284 status=NEW
[18:18:55.047] [INFO] [EXEC] STREAM_GLOBAL_SELL_SKIP reason=exit_recovery_inventory_no_sell
[18:18:55.048] [INFO] [EXEC] STREAM_GLOBAL_SELL_SKIP reason=place_sell
[18:18:55.539] [WARNING] [EXEC] SELL_QTY_CLAMP inventory=0.009300 free=0.000047 final=0.000047
[18:18:55.807] [INFO] [EXEC] STREAM_SELL_STATUS stream_id=1 chunk_id=1253314195872 order_id=386709222 status=NEW
[18:18:56.936] [INFO] [EXEC] STREAM_SELL_STATUS stream_id=2 chunk_id=1253314098000 order_id=386709276 status=NEW
[18:18:57.249] [INFO] [EXEC] STREAM_SELL_STATUS stream_id=3 chunk_id=1253314191264 order_id=386709284 status=NEW
[18:18:57.254] [INFO] [EXEC] STREAM_GLOBAL_SELL_SKIP reason=exit_recovery_inventory_no_sell
[18:18:57.256] [INFO] [EXEC] STREAM_GLOBAL_SELL_SKIP reason=place_sell
[18:18:58.290] [INFO] [EXEC] STREAM_SELL_STATUS stream_id=1 chunk_id=1253314195872 order_id=386709222 status=NEW
[18:18:58.571] [INFO] [EXEC] STREAM_SELL_STATUS stream_id=2 chunk_id=1253314098000 order_id=386709276 status=NEW
[18:18:58.864] [INFO] [EXEC] STREAM_SELL_STATUS stream_id=3 chunk_id=1253314191264 order_id=386709284 status=NEW
[18:18:58.868] [INFO] [EXEC] STREAM_GLOBAL_SELL_SKIP reason=exit_recovery_inventory_no_sell
[18:18:58.870] [INFO] [EXEC] STREAM_GLOBAL_SELL_SKIP reason=place_sell
[18:18:59.572] [INFO] [EXEC] STREAM LOCKED BTC locked=0.009300 STREAM OPEN SELLS=3
[18:18:59.858] [INFO] [EXEC] STREAM_SELL_STATUS stream_id=1 chunk_id=1253314195872 order_id=386709222 status=NEW
[18:19:00.212] [INFO] [EXEC] STREAM_SELL_STATUS stream_id=2 chunk_id=1253314098000 order_id=386709276 status=NEW
[18:19:00.613] [INFO] [EXEC] STREAM_SELL_STATUS stream_id=3 chunk_id=1253314191264 order_id=386709284 status=NEW
[18:19:00.615] [INFO] [EXEC] STREAM_GLOBAL_SELL_SKIP reason=exit_recovery_inventory_no_sell
[18:19:00.616] [INFO] [EXEC] STREAM_GLOBAL_SELL_SKIP reason=place_sell
[18:19:01.389] [INFO] [EXEC] STREAM_SELL_STATUS stream_id=1 chunk_id=1253314195872 order_id=386709222 status=NEW
[18:19:01.727] [INFO] [EXEC] STREAM_SELL_STATUS stream_id=2 chunk_id=1253314098000 order_id=386709276 status=NEW
[18:19:02.381] [INFO] [EXEC] STREAM_SELL_STATUS stream_id=3 chunk_id=1253314191264 order_id=386709284 status=NEW
[18:19:02.386] [INFO] [EXEC] STREAM_GLOBAL_SELL_SKIP reason=exit_recovery_inventory_no_sell
[18:19:02.387] [INFO] [EXEC] STREAM_GLOBAL_SELL_SKIP reason=place_sell
[18:19:03.396] [INFO] [EXEC] STREAM LOCKED BTC locked=0.009300 STREAM OPEN SELLS=3
[18:19:03.723] [INFO] [EXEC] STREAM_SELL_STATUS stream_id=1 chunk_id=1253314195872 order_id=386709222 status=NEW
[18:19:03.989] [INFO] [EXEC] STREAM_SELL_STATUS stream_id=2 chunk_id=1253314098000 order_id=386709276 status=FILLED
[18:19:03.989] [INFO] [EXEC] STREAM_SELL_FILLED stream_id=2 chunk_id=1253314098000 order_id=386709276
[18:19:03.995] [OK] [EXEC] FIFO CLOSE qty=0.003100 entry=80505.81 exit=80506.11 pnl=+0.000930
[18:19:03.996] [INFO] [EXEC] STREAM_PNL stream_id=2 pnl=+0.000930
[18:19:03.997] [INFO] [EXEC] STREAM_RECYCLED level_id=2
[18:19:03.998] [INFO] [EXEC] STREAM_RECYCLED stream_id=2
[18:19:04.265] [INFO] [EXEC] STREAM_SELL_STATUS stream_id=3 chunk_id=1253314191264 order_id=386709284 status=FILLED
[18:19:04.268] [INFO] [EXEC] STREAM_SELL_FILLED stream_id=3 chunk_id=1253314191264 order_id=386709284
[18:19:04.269] [OK] [EXEC] FIFO CLOSE qty=0.003100 entry=80505.70 exit=80506.00 pnl=+0.000930
[18:19:04.270] [INFO] [EXEC] STREAM_PNL stream_id=3 pnl=+0.000930
[18:19:04.271] [INFO] [EXEC] STREAM_RECYCLED level_id=3
[18:19:04.272] [INFO] [EXEC] STREAM_RECYCLED stream_id=3
[18:19:04.274] [INFO] [EXEC] STREAM_GLOBAL_SELL_SKIP reason=exit_recovery_inventory_no_sell
[18:19:04.275] [INFO] [EXEC] STREAM_GLOBAL_SELL_SKIP reason=place_sell
[18:19:04.662] [INFO] [EXEC] STREAM LOCKED BTC locked=0.009300 STREAM OPEN SELLS=1
[18:19:04.983] [INFO] [EXEC] STREAM_SELL_STATUS stream_id=1 chunk_id=1253314195872 order_id=386709222 status=FILLED
[18:19:04.985] [INFO] [EXEC] STREAM_SELL_FILLED stream_id=1 chunk_id=1253314195872 order_id=386709222
[18:19:04.986] [OK] [EXEC] FIFO CLOSE qty=0.003100 entry=80505.90 exit=80506.20 pnl=+0.000930
[18:19:04.988] [INFO] [EXEC] STREAM_PNL stream_id=1 pnl=+0.000930
[18:19:04.989] [INFO] [EXEC] STREAM_RECYCLED level_id=1
[18:19:04.990] [INFO] [EXEC] STREAM_RECYCLED stream_id=1
[18:19:04.992] [WARNING] [EXEC] STATE REPAIR reason=zero_inventory_not_flat
[18:19:04.993] [INFO] [HEALTH] state=GOOD
[18:19:04.993] [INFO] [EXEC] STREAM_MODE_ACTIVE_SKIP_SINGLE_ENTRY
[18:19:05.354] [INFO] [EXEC] STREAM_BUY_PLACED level_id=1 order_id=386709756
[18:19:05.358] [OK] [EXEC] PLACE BUY price=80505.90 qty=0.003100
[18:19:05.684] [INFO] [EXEC] STREAM_BUY_PLACED level_id=2 order_id=386709763
[18:19:05.687] [OK] [EXEC] PLACE BUY price=80505.81 qty=0.003100
[18:19:05.980] [INFO] [EXEC] STREAM_BUY_PLACED level_id=3 order_id=386709766
[18:19:05.982] [OK] [EXEC] PLACE BUY price=80505.70 qty=0.003100
[18:19:06.712] [INFO] [EXEC] STREAM_BUY_FILLED level_id=1
[18:19:06.728] [OK] [EXEC] CHUNK ADD qty=0.003100 entry=80505.90
[18:19:06.729] [INFO] [EXEC] CHUNK COUNT n=1
[18:19:06.995] [INFO] [EXEC] STREAM_SELL_PLACED stream_id=1 chunk_id=1253364880144 order_id=386709870 price=80506.20 qty=0.003100
[18:19:07.269] [INFO] [EXEC] STREAM_BUY_FILLED level_id=2
[18:19:07.272] [OK] [EXEC] CHUNK ADD qty=0.003100 entry=80505.81
[18:19:07.273] [INFO] [EXEC] CHUNK COUNT n=2
[18:19:07.525] [INFO] [EXEC] STREAM_SELL_PLACED stream_id=2 chunk_id=1253314089840 order_id=386709887 price=80506.11 qty=0.003100
[18:19:07.806] [INFO] [EXEC] STREAM_BUY_FILLED level_id=3
[18:19:07.821] [OK] [EXEC] CHUNK ADD qty=0.003100 entry=80505.70
[18:19:07.821] [INFO] [EXEC] CHUNK COUNT n=3
[18:19:08.149] [INFO] [EXEC] STREAM_SELL_PLACED stream_id=3 chunk_id=1253364880720 order_id=386709903 price=80506.00 qty=0.003100
[18:19:08.424] [INFO] [EXEC] STREAM_SELL_STATUS stream_id=1 chunk_id=1253364880144 order_id=386709870 status=FILLED
[18:19:08.427] [INFO] [EXEC] STREAM_SELL_FILLED stream_id=1 chunk_id=1253364880144 order_id=386709870
[18:19:08.428] [OK] [EXEC] FIFO CLOSE qty=0.003100 entry=80505.90 exit=80506.20 pnl=+0.000930
[18:19:08.430] [INFO] [EXEC] STREAM_PNL stream_id=1 pnl=+0.000930
[18:19:08.431] [INFO] [EXEC] STREAM_RECYCLED level_id=1
[18:19:08.433] [INFO] [EXEC] STREAM_RECYCLED stream_id=1
[18:19:08.697] [INFO] [EXEC] STREAM_SELL_STATUS stream_id=2 chunk_id=1253314089840 order_id=386709887 status=FILLED
[18:19:08.697] [INFO] [EXEC] STREAM_SELL_FILLED stream_id=2 chunk_id=1253314089840 order_id=386709887
[18:19:08.697] [OK] [EXEC] FIFO CLOSE qty=0.003100 entry=80505.81 exit=80506.11 pnl=+0.000930
[18:19:08.697] [INFO] [EXEC] STREAM_PNL stream_id=2 pnl=+0.000930
[18:19:08.697] [INFO] [EXEC] STREAM_RECYCLED level_id=2
[18:19:08.697] [INFO] [EXEC] STREAM_RECYCLED stream_id=2
[18:19:09.001] [INFO] [EXEC] STREAM_SELL_STATUS stream_id=3 chunk_id=1253364880720 order_id=386709903 status=FILLED
[18:19:09.004] [INFO] [EXEC] STREAM_SELL_FILLED stream_id=3 chunk_id=1253364880720 order_id=386709903
[18:19:09.005] [OK] [EXEC] FIFO CLOSE qty=0.003100 entry=80505.70 exit=80506.00 pnl=+0.000930
[18:19:09.006] [INFO] [EXEC] STREAM_PNL stream_id=3 pnl=+0.000930
[18:19:09.008] [INFO] [EXEC] STREAM_RECYCLED level_id=3
[18:19:09.009] [INFO] [EXEC] STREAM_RECYCLED stream_id=3
[18:19:09.010] [WARNING] [EXEC] BLOCK_BUY reason=ws_stale mode=FAST ws_age=2875 spread=11.89 stable=1/1 mid_delta=0.00 bid_delta=0.00
[18:19:10.165] [INFO] [HEALTH] state=DANGER
[18:19:10.165] [WARNING] [EXEC] BLOCK_BUY reason=market_health_bad mode=FAST ws_age=859 spread=5.63 stable=1/1 mid_delta=0.00 bid_delta=0.00
[18:19:11.198] [WARNING] [HEALTH] block spread_too_young lifetime=0
[18:19:11.199] [WARNING] [HEALTH] unstable_spread lifetime=0
[18:19:11.200] [WARNING] [EXEC] BLOCK_BUY reason=spread_too_young mode=FAST ws_age=234 spread=8.86 stable=1/1 mid_delta=0.00 bid_delta=0.00
[18:19:11.729] [INFO] [EXEC] STREAM_MODE_ACTIVE_SKIP_SINGLE_ENTRY
[18:19:11.990] [INFO] [EXEC] STREAM_BUY_PLACED level_id=1 order_id=386709965
[18:19:11.993] [OK] [EXEC] PLACE BUY price=80505.90 qty=0.003100
[18:19:12.260] [INFO] [EXEC] STREAM_BUY_PLACED level_id=2 order_id=386709970
[18:19:12.275] [OK] [EXEC] PLACE BUY price=80505.81 qty=0.003100
[18:19:12.535] [INFO] [EXEC] STREAM_BUY_PLACED level_id=3 order_id=386709987
[18:19:12.538] [OK] [EXEC] PLACE BUY price=80505.70 qty=0.003100
[18:19:13.877] [WARNING] [EXEC] BLOCK_BUY reason=market_health_bad mode=FAST ws_age=1047 spread=4.97 stable=1/1 mid_delta=0.00 bid_delta=0.00
[18:19:15.165] [WARNING] [HEALTH] block spread_too_young lifetime=0
[18:19:15.165] [WARNING] [HEALTH] unstable_spread lifetime=0
[18:19:15.165] [WARNING] [EXEC] BLOCK_BUY reason=spread_too_young mode=FAST ws_age=984 spread=7.50 stable=1/1 mid_delta=0.00 bid_delta=0.00
[18:19:16.383] [WARNING] [EXEC] BLOCK_BUY reason=market_health_bad mode=FAST ws_age=922 spread=5.00 stable=1/1 mid_delta=0.00 bid_delta=0.00
[18:19:20.730] [WARNING] [HEALTH] block spread_too_young lifetime=0
[18:19:20.733] [WARNING] [HEALTH] unstable_spread lifetime=0
[18:19:20.734] [WARNING] [EXEC] BLOCK_BUY reason=spread_too_young mode=FAST ws_age=827 spread=7.35 stable=1/1 mid_delta=0.00 bid_delta=0.00
[18:19:21.721] [INFO] [EXEC] STREAM_BUY_FILLED level_id=2
[18:19:21.724] [OK] [EXEC] CHUNK ADD qty=0.003100 entry=80505.81
[18:19:21.725] [INFO] [EXEC] CHUNK COUNT n=1
[18:19:21.994] [INFO] [EXEC] STREAM_SELL_PLACED stream_id=2 chunk_id=1253364876400 order_id=386710342 price=80506.11 qty=0.003100
[18:19:23.794] [INFO] [EXEC] STREAM_SELL_STATUS stream_id=2 chunk_id=1253364876400 order_id=386710342 status=FILLED
[18:19:23.798] [INFO] [EXEC] STREAM_SELL_FILLED stream_id=2 chunk_id=1253364876400 order_id=386710342
[18:19:23.802] [OK] [EXEC] FIFO CLOSE qty=0.003100 entry=80505.81 exit=80506.11 pnl=+0.000930
[18:19:23.804] [INFO] [EXEC] STREAM_PNL stream_id=2 pnl=+0.000930
[18:19:23.806] [INFO] [EXEC] STREAM_RECYCLED level_id=2
[18:19:23.806] [INFO] [EXEC] STREAM_RECYCLED stream_id=2
[18:19:23.806] [WARNING] [EXEC] BLOCK_BUY reason=ws_stale mode=FAST ws_age=2827 spread=7.33 stable=1/1 mid_delta=0.00 bid_delta=0.00
[18:19:24.556] [INFO] [EXEC] STREAM_BUY_FILLED level_id=1
[18:19:24.575] [OK] [EXEC] CHUNK ADD qty=0.003100 entry=80505.90
[18:19:24.576] [INFO] [EXEC] CHUNK COUNT n=1
[18:19:24.838] [INFO] [EXEC] STREAM_SELL_PLACED stream_id=1 chunk_id=1253364886624 order_id=386710556 price=80506.20 qty=0.003100
[18:19:25.880] [INFO] [EXEC] STREAM_SELL_STATUS stream_id=1 chunk_id=1253364886624 order_id=386710556 status=FILLED
[18:19:25.881] [INFO] [EXEC] STREAM_SELL_FILLED stream_id=1 chunk_id=1253364886624 order_id=386710556
[18:19:25.882] [OK] [EXEC] FIFO CLOSE qty=0.003100 entry=80505.90 exit=80506.20 pnl=+0.000930
[18:19:25.882] [INFO] [EXEC] STREAM_PNL stream_id=1 pnl=+0.000930
[18:19:25.883] [INFO] [EXEC] STREAM_RECYCLED level_id=1
[18:19:25.883] [INFO] [EXEC] STREAM_RECYCLED stream_id=1
[18:19:25.884] [WARNING] [EXEC] BLOCK_BUY reason=market_health_bad mode=FAST ws_age=1594 spread=5.37 stable=1/1 mid_delta=0.00 bid_delta=0.00
[18:19:27.076] [WARNING] [HEALTH] block spread_too_young lifetime=0
[18:19:27.078] [WARNING] [HEALTH] unstable_spread lifetime=0
[18:19:27.080] [WARNING] [EXEC] BLOCK_BUY reason=spread_too_young mode=FAST ws_age=906 spread=6.78 stable=1/1 mid_delta=0.00 bid_delta=0.00
[18:19:28.338] [INFO] [EXEC] STREAM_MODE_ACTIVE_SKIP_SINGLE_ENTRY
[18:19:28.615] [INFO] [EXEC] STREAM_BUY_PLACED level_id=1 order_id=386710608
[18:19:28.618] [OK] [EXEC] PLACE BUY price=80505.90 qty=0.003100
[18:19:28.886] [INFO] [EXEC] STREAM_BUY_PLACED level_id=2 order_id=386710609
[18:19:28.893] [OK] [EXEC] PLACE BUY price=80505.81 qty=0.003100
[18:19:29.163] [INFO] [EXEC] STREAM_BUY_PLACED level_id=4 order_id=386710632
[18:19:29.169] [OK] [EXEC] PLACE BUY price=80505.61 qty=0.003100
[18:19:31.743] [WARNING] [EXEC] BLOCK_BUY reason=market_health_bad mode=FAST ws_age=1640 spread=5.41 stable=1/1 mid_delta=0.00 bid_delta=0.00
[18:19:33.272] [WARNING] [HEALTH] block spread_too_young lifetime=0
[18:19:33.274] [WARNING] [HEALTH] unstable_spread lifetime=0
[18:19:33.276] [WARNING] [EXEC] BLOCK_BUY reason=spread_too_young mode=FAST ws_age=1530 spread=6.09 stable=1/1 mid_delta=0.00 bid_delta=0.00
[18:19:35.256] [INFO] [EXEC] STREAM_MODE_ACTIVE_SKIP_SINGLE_ENTRY
[18:19:35.525] [INFO] [EXEC] STREAM_BUY_PLACED level_id=5 order_id=386710783
[18:19:35.543] [OK] [EXEC] PLACE BUY price=80505.51 qty=0.003100
[18:19:35.821] [INFO] [EXEC] STREAM_BUY_PLACED level_id=6 order_id=386710784
[18:19:35.821] [OK] [EXEC] PLACE BUY price=80505.40 qty=0.003100
[18:19:36.185] [INFO] [EXEC] STREAM_BUY_PLACED level_id=7 order_id=386710791
[18:19:36.189] [OK] [EXEC] PLACE BUY price=80505.31 qty=0.003100
[18:19:38.907] [WARNING] [EXEC] BLOCK_BUY reason=ws_stale mode=FAST ws_age=2719 spread=6.09 stable=1/1 mid_delta=0.00 bid_delta=0.00
[18:19:42.025] [INFO] [HEALTH] state=DANGER
[18:19:44.969] [WARNING] [EXEC] BLOCK_BUY reason=ws_stale mode=FAST ws_age=2922 spread=5.29 stable=1/1 mid_delta=0.00 bid_delta=0.00
[18:19:47.157] [INFO] [HEALTH] state=DANGER
[18:19:47.157] [WARNING] [EXEC] BLOCK_BUY reason=market_health_bad mode=FAST ws_age=2187 spread=5.55 stable=1/1 mid_delta=0.00 bid_delta=0.00
[18:19:47.837] [INFO] [EXEC] STREAM_BUY_FILLED level_id=1
[18:19:47.837] [OK] [EXEC] CHUNK ADD qty=0.003100 entry=80505.90
[18:19:47.837] [INFO] [EXEC] CHUNK COUNT n=1
[18:19:48.126] [INFO] [EXEC] STREAM_SELL_PLACED stream_id=1 chunk_id=1253364886624 order_id=386710959 price=80506.20 qty=0.003100
[18:19:48.416] [INFO] [EXEC] STREAM_BUY_FILLED level_id=2
[18:19:48.416] [OK] [EXEC] CHUNK ADD qty=0.003100 entry=80505.81
[18:19:48.416] [INFO] [EXEC] CHUNK COUNT n=2
[18:19:48.666] [INFO] [EXEC] STREAM_SELL_PLACED stream_id=2 chunk_id=1253364880192 order_id=386710995 price=80506.11 qty=0.003100
[18:19:48.939] [INFO] [EXEC] STREAM_BUY_FILLED level_id=3
[18:19:48.939] [OK] [EXEC] CHUNK ADD qty=0.003100 entry=80505.70
[18:19:48.939] [INFO] [EXEC] CHUNK COUNT n=3
[18:19:49.213] [INFO] [EXEC] STREAM_SELL_PLACED stream_id=3 chunk_id=1253364884656 order_id=386711018 price=80506.00 qty=0.003100
[18:19:49.484] [INFO] [EXEC] STREAM_BUY_FILLED level_id=4
[18:19:49.488] [OK] [EXEC] CHUNK ADD qty=0.003100 entry=80505.61
[18:19:49.491] [INFO] [EXEC] CHUNK COUNT n=4
[18:19:49.756] [INFO] [EXEC] STREAM_SELL_PLACED stream_id=4 chunk_id=1253364882352 order_id=386711030 price=80505.91 qty=0.003100
[18:19:50.060] [INFO] [EXEC] STREAM_BUY_FILLED level_id=5
[18:19:50.064] [OK] [EXEC] CHUNK ADD qty=0.003100 entry=80505.51
[18:19:50.065] [INFO] [EXEC] CHUNK COUNT n=5
[18:19:50.326] [INFO] [EXEC] STREAM_SELL_PLACED stream_id=5 chunk_id=1253314086288 order_id=386711040 price=80505.81 qty=0.003100
[18:19:50.587] [INFO] [EXEC] STREAM_BUY_FILLED level_id=6
[18:19:50.587] [OK] [EXEC] CHUNK ADD qty=0.003100 entry=80505.40
[18:19:50.587] [INFO] [EXEC] CHUNK COUNT n=6
[18:19:50.881] [INFO] [EXEC] STREAM_SELL_PLACED stream_id=6 chunk_id=1253314094928 order_id=386711062 price=80505.70 qty=0.003100
[18:19:51.135] [INFO] [EXEC] STREAM_BUY_FILLED level_id=7
[18:19:51.153] [OK] [EXEC] CHUNK ADD qty=0.003100 entry=80505.31
[18:19:51.156] [INFO] [EXEC] CHUNK COUNT n=7
[18:19:51.428] [INFO] [EXEC] STREAM_SELL_PLACED stream_id=7 chunk_id=1253314096416 order_id=386711087 price=80505.61 qty=0.003100
[18:19:51.697] [INFO] [EXEC] STREAM_SELL_STATUS stream_id=1 chunk_id=1253364886624 order_id=386710959 status=FILLED
[18:19:51.697] [INFO] [EXEC] STREAM_SELL_FILLED stream_id=1 chunk_id=1253364886624 order_id=386710959
[18:19:51.697] [OK] [EXEC] FIFO CLOSE qty=0.003100 entry=80505.90 exit=80506.20 pnl=+0.000930
[18:19:51.697] [INFO] [EXEC] STREAM_PNL stream_id=1 pnl=+0.000930
[18:19:51.697] [INFO] [EXEC] STREAM_RECYCLED level_id=1
[18:19:51.697] [INFO] [EXEC] STREAM_RECYCLED stream_id=1
[18:19:51.965] [INFO] [EXEC] STREAM_SELL_STATUS stream_id=2 chunk_id=1253364880192 order_id=386710995 status=FILLED
[18:19:51.967] [INFO] [EXEC] STREAM_SELL_FILLED stream_id=2 chunk_id=1253364880192 order_id=386710995
[18:19:51.968] [OK] [EXEC] FIFO CLOSE qty=0.003100 entry=80505.81 exit=80506.11 pnl=+0.000930
[18:19:51.969] [INFO] [EXEC] STREAM_PNL stream_id=2 pnl=+0.000930
[18:19:51.970] [INFO] [EXEC] STREAM_RECYCLED level_id=2
[18:19:51.971] [INFO] [EXEC] STREAM_RECYCLED stream_id=2
[18:19:52.228] [INFO] [EXEC] STREAM_SELL_STATUS stream_id=3 chunk_id=1253364884656 order_id=386711018 status=FILLED
[18:19:52.228] [INFO] [EXEC] STREAM_SELL_FILLED stream_id=3 chunk_id=1253364884656 order_id=386711018
[18:19:52.228] [OK] [EXEC] FIFO CLOSE qty=0.003100 entry=80505.70 exit=80506.00 pnl=+0.000930
[18:19:52.228] [INFO] [EXEC] STREAM_PNL stream_id=3 pnl=+0.000930
[18:19:52.228] [INFO] [EXEC] STREAM_RECYCLED level_id=3
[18:19:52.244] [INFO] [EXEC] STREAM_RECYCLED stream_id=3
[18:19:52.509] [INFO] [EXEC] STREAM_SELL_STATUS stream_id=4 chunk_id=1253364882352 order_id=386711030 status=FILLED
[18:19:52.509] [INFO] [EXEC] STREAM_SELL_FILLED stream_id=4 chunk_id=1253364882352 order_id=386711030
[18:19:52.509] [OK] [EXEC] FIFO CLOSE qty=0.003100 entry=80505.61 exit=80505.91 pnl=+0.000930
[18:19:52.525] [INFO] [EXEC] STREAM_PNL stream_id=4 pnl=+0.000930
[18:19:52.525] [INFO] [EXEC] STREAM_RECYCLED level_id=4
[18:19:52.525] [INFO] [EXEC] STREAM_RECYCLED stream_id=4
[18:19:52.825] [INFO] [EXEC] STREAM_SELL_STATUS stream_id=5 chunk_id=1253314086288 order_id=386711040 status=FILLED
[18:19:52.829] [INFO] [EXEC] STREAM_SELL_FILLED stream_id=5 chunk_id=1253314086288 order_id=386711040
[18:19:52.830] [OK] [EXEC] FIFO CLOSE qty=0.003100 entry=80505.51 exit=80505.81 pnl=+0.000930
[18:19:52.831] [INFO] [EXEC] STREAM_PNL stream_id=5 pnl=+0.000930
[18:19:52.832] [INFO] [EXEC] STREAM_RECYCLED level_id=5
[18:19:52.833] [INFO] [EXEC] STREAM_RECYCLED stream_id=5
[18:19:53.092] [INFO] [EXEC] STREAM_SELL_STATUS stream_id=6 chunk_id=1253314094928 order_id=386711062 status=FILLED
[18:19:53.094] [INFO] [EXEC] STREAM_SELL_FILLED stream_id=6 chunk_id=1253314094928 order_id=386711062
[18:19:53.094] [OK] [EXEC] FIFO CLOSE qty=0.003100 entry=80505.40 exit=80505.70 pnl=+0.000930
[18:19:53.094] [INFO] [EXEC] STREAM_PNL stream_id=6 pnl=+0.000930
[18:19:53.094] [INFO] [EXEC] STREAM_RECYCLED level_id=6
[18:19:53.094] [INFO] [EXEC] STREAM_RECYCLED stream_id=6
[18:19:53.353] [INFO] [EXEC] STREAM_SELL_STATUS stream_id=7 chunk_id=1253314096416 order_id=386711087 status=FILLED
[18:19:53.371] [INFO] [EXEC] STREAM_SELL_FILLED stream_id=7 chunk_id=1253314096416 order_id=386711087
[18:19:53.374] [OK] [EXEC] FIFO CLOSE qty=0.003100 entry=80505.31 exit=80505.61 pnl=+0.000930
[18:19:53.375] [INFO] [EXEC] STREAM_PNL stream_id=7 pnl=+0.000930
[18:19:53.377] [INFO] [EXEC] STREAM_RECYCLED level_id=7
[18:19:53.378] [INFO] [EXEC] STREAM_RECYCLED stream_id=7
[18:19:53.379] [WARNING] [HEALTH] block spread_too_young lifetime=0
[18:19:53.380] [WARNING] [HEALTH] unstable_spread lifetime=0
[18:19:53.380] [WARNING] [EXEC] BLOCK_BUY reason=ws_stale mode=FAST ws_age=6203 spread=6.02 stable=1/1 mid_delta=0.00 bid_delta=0.00
[18:19:54.790] [INFO] [HEALTH] state=GOOD
[18:19:54.793] [INFO] [EXEC] STREAM_MODE_ACTIVE_SKIP_SINGLE_ENTRY
[18:19:55.065] [INFO] [EXEC] STREAM_BUY_PLACED level_id=1 order_id=386711233
[18:19:55.067] [OK] [EXEC] PLACE BUY price=80505.90 qty=0.003100
[18:19:55.322] [INFO] [EXEC] STREAM_BUY_PLACED level_id=2 order_id=386711295
[18:19:55.340] [OK] [EXEC] PLACE BUY price=80505.81 qty=0.003100
[18:19:55.604] [INFO] [EXEC] STREAM_BUY_PLACED level_id=3 order_id=386711318
[18:19:55.604] [OK] [EXEC] PLACE BUY price=80505.70 qty=0.003100
[18:19:56.336] [INFO] [EXEC] STREAM_BUY_FILLED level_id=1
[18:19:56.340] [OK] [EXEC] CHUNK ADD qty=0.003100 entry=80505.90
[18:19:56.342] [INFO] [EXEC] CHUNK COUNT n=1
[18:19:56.604] [INFO] [EXEC] STREAM_SELL_PLACED stream_id=1 chunk_id=1253364882928 order_id=386711344 price=80506.20 qty=0.003100
[18:19:56.924] [INFO] [EXEC] STREAM_BUY_FILLED level_id=2
[18:19:56.928] [OK] [EXEC] CHUNK ADD qty=0.003100 entry=80505.81
[18:19:56.930] [INFO] [EXEC] CHUNK COUNT n=2
[18:19:57.197] [INFO] [EXEC] STREAM_SELL_PLACED stream_id=2 chunk_id=1253314098096 order_id=386711349 price=80506.11 qty=0.003100
[18:19:57.495] [INFO] [EXEC] STREAM_BUY_FILLED level_id=3
[18:19:57.497] [OK] [EXEC] CHUNK ADD qty=0.003100 entry=80505.70
[18:19:57.499] [INFO] [EXEC] CHUNK COUNT n=3
[18:19:57.807] [INFO] [EXEC] STREAM_SELL_PLACED stream_id=3 chunk_id=1253314086960 order_id=386711351 price=80506.00 qty=0.003100
[18:19:58.077] [INFO] [EXEC] STREAM_SELL_STATUS stream_id=1 chunk_id=1253364882928 order_id=386711344 status=NEW
[18:19:58.354] [INFO] [EXEC] STREAM_SELL_STATUS stream_id=2 chunk_id=1253314098096 order_id=386711349 status=NEW
[18:19:58.662] [INFO] [EXEC] STREAM_SELL_STATUS stream_id=3 chunk_id=1253314086960 order_id=386711351 status=NEW
[18:19:58.666] [WARNING] [EXEC] STATE REPAIR reason=inventory_cannot_be_flat
[18:19:58.666] [INFO] [EXEC] STREAM_GLOBAL_SELL_SKIP reason=exit_recovery_inventory_no_sell
[18:19:58.666] [INFO] [EXEC] STREAM_GLOBAL_SELL_SKIP reason=place_sell
[18:19:59.390] [INFO] [EXEC] STREAM LOCKED BTC locked=0.009300 STREAM OPEN SELLS=3
[18:19:59.681] [INFO] [EXEC] STREAM_SELL_STATUS stream_id=1 chunk_id=1253364882928 order_id=386711344 status=NEW
[18:19:59.951] [INFO] [EXEC] STREAM_SELL_STATUS stream_id=2 chunk_id=1253314098096 order_id=386711349 status=NEW
[18:20:00.197] [INFO] [EXEC] STREAM_SELL_STATUS stream_id=3 chunk_id=1253314086960 order_id=386711351 status=NEW
[18:20:00.216] [INFO] [EXEC] STREAM_GLOBAL_SELL_SKIP reason=exit_recovery_inventory_no_sell
[18:20:00.218] [INFO] [EXEC] STREAM_GLOBAL_SELL_SKIP reason=place_sell
[18:20:00.932] [INFO] [EXEC] STREAM_SELL_STATUS stream_id=1 chunk_id=1253364882928 order_id=386711344 status=NEW
[18:20:01.260] [INFO] [EXEC] STREAM_SELL_STATUS stream_id=2 chunk_id=1253314098096 order_id=386711349 status=NEW
[18:20:01.611] [INFO] [EXEC] STREAM_SELL_STATUS stream_id=3 chunk_id=1253314086960 order_id=386711351 status=NEW
[18:20:01.614] [INFO] [EXEC] STREAM_GLOBAL_SELL_SKIP reason=exit_recovery_inventory_no_sell
[18:20:01.616] [INFO] [EXEC] STREAM_GLOBAL_SELL_SKIP reason=place_sell
[18:20:02.416] [INFO] [EXEC] STREAM_SELL_STATUS stream_id=1 chunk_id=1253364882928 order_id=386711344 status=NEW
[18:20:02.822] [INFO] [EXEC] STREAM_SELL_STATUS stream_id=2 chunk_id=1253314098096 order_id=386711349 status=NEW
[18:20:03.103] [INFO] [EXEC] STREAM_SELL_STATUS stream_id=3 chunk_id=1253314086960 order_id=386711351 status=NEW
[18:20:03.106] [INFO] [EXEC] STREAM_GLOBAL_SELL_SKIP reason=exit_recovery_inventory_no_sell
[18:20:03.109] [INFO] [EXEC] STREAM_GLOBAL_SELL_SKIP reason=place_sell
[18:20:03.494] [INFO] [EXEC] STREAM LOCKED BTC locked=0.009300 STREAM OPEN SELLS=3
[18:20:03.813] [INFO] [EXEC] STREAM_SELL_STATUS stream_id=1 chunk_id=1253364882928 order_id=386711344 status=NEW
[18:20:04.084] [INFO] [EXEC] STREAM_SELL_STATUS stream_id=2 chunk_id=1253314098096 order_id=386711349 status=NEW
[18:20:04.338] [INFO] [EXEC] STREAM_SELL_STATUS stream_id=3 chunk_id=1253314086960 order_id=386711351 status=NEW
[18:20:04.338] [INFO] [EXEC] STREAM_GLOBAL_SELL_SKIP reason=exit_recovery_inventory_no_sell
[18:20:04.338] [INFO] [EXEC] STREAM_GLOBAL_SELL_SKIP reason=place_sell
[18:20:05.060] [INFO] [EXEC] STREAM_SELL_STATUS stream_id=1 chunk_id=1253364882928 order_id=386711344 status=NEW
[18:20:05.339] [INFO] [EXEC] STREAM_SELL_STATUS stream_id=2 chunk_id=1253314098096 order_id=386711349 status=NEW
[18:20:05.626] [INFO] [EXEC] STREAM_SELL_STATUS stream_id=3 chunk_id=1253314086960 order_id=386711351 status=NEW
[18:20:05.630] [INFO] [EXEC] STREAM_GLOBAL_SELL_SKIP reason=exit_recovery_inventory_no_sell
[18:20:05.631] [INFO] [EXEC] STREAM_GLOBAL_SELL_SKIP reason=place_sell
[18:20:06.338] [INFO] [EXEC] STREAM_SELL_STATUS stream_id=1 chunk_id=1253364882928 order_id=386711344 status=NEW
[18:20:06.651] [INFO] [EXEC] STREAM_SELL_STATUS stream_id=2 chunk_id=1253314098096 order_id=386711349 status=NEW
[18:20:06.921] [INFO] [EXEC] STREAM_SELL_STATUS stream_id=3 chunk_id=1253314086960 order_id=386711351 status=NEW
[18:20:06.921] [INFO] [EXEC] STREAM_GLOBAL_SELL_SKIP reason=exit_recovery_inventory_no_sell
[18:20:06.921] [INFO] [EXEC] STREAM_GLOBAL_SELL_SKIP reason=place_sell
[18:20:07.368] [INFO] [EXEC] STREAM LOCKED BTC locked=0.009300 STREAM OPEN SELLS=3
[18:20:07.666] [INFO] [EXEC] STREAM_SELL_STATUS stream_id=1 chunk_id=1253364882928 order_id=386711344 status=NEW
[18:20:07.932] [INFO] [EXEC] STREAM_SELL_STATUS stream_id=2 chunk_id=1253314098096 order_id=386711349 status=NEW
[18:20:08.197] [INFO] [EXEC] STREAM_SELL_STATUS stream_id=3 chunk_id=1253314086960 order_id=386711351 status=NEW
[18:20:08.197] [INFO] [EXEC] STREAM_GLOBAL_SELL_SKIP reason=exit_recovery_inventory_no_sell
[18:20:08.197] [INFO] [EXEC] STREAM_GLOBAL_SELL_SKIP reason=place_sell
[18:20:09.197] [INFO] [EXEC] STREAM_SELL_STATUS stream_id=1 chunk_id=1253364882928 order_id=386711344 status=NEW
[18:20:09.479] [INFO] [EXEC] STREAM_SELL_STATUS stream_id=2 chunk_id=1253314098096 order_id=386711349 status=NEW
[18:20:09.863] [INFO] [EXEC] STREAM_SELL_STATUS stream_id=3 chunk_id=1253314086960 order_id=386711351 status=NEW
[18:20:09.868] [INFO] [EXEC] STREAM_GLOBAL_SELL_SKIP reason=exit_recovery_inventory_no_sell
[18:20:09.868] [INFO] [EXEC] STREAM_GLOBAL_SELL_SKIP reason=place_sell
[18:20:10.537] [INFO] [EXEC] STREAM_SELL_STATUS stream_id=1 chunk_id=1253364882928 order_id=386711344 status=FILLED
[18:20:10.541] [INFO] [EXEC] STREAM_SELL_FILLED stream_id=1 chunk_id=1253364882928 order_id=386711344
[18:20:10.542] [OK] [EXEC] FIFO CLOSE qty=0.003100 entry=80505.90 exit=80506.20 pnl=+0.000930
[18:20:10.543] [INFO] [EXEC] STREAM_PNL stream_id=1 pnl=+0.000930
[18:20:10.544] [INFO] [EXEC] STREAM_RECYCLED level_id=1
[18:20:10.545] [INFO] [EXEC] STREAM_RECYCLED stream_id=1
[18:20:10.806] [INFO] [EXEC] STREAM_SELL_STATUS stream_id=2 chunk_id=1253314098096 order_id=386711349 status=FILLED
[18:20:10.807] [INFO] [EXEC] STREAM_SELL_FILLED stream_id=2 chunk_id=1253314098096 order_id=386711349
[18:20:10.808] [OK] [EXEC] FIFO CLOSE qty=0.003100 entry=80505.81 exit=80506.11 pnl=+0.000930
[18:20:10.808] [INFO] [EXEC] STREAM_PNL stream_id=2 pnl=+0.000930
[18:20:10.809] [INFO] [EXEC] STREAM_RECYCLED level_id=2
[18:20:10.809] [INFO] [EXEC] STREAM_RECYCLED stream_id=2
[18:20:11.070] [INFO] [EXEC] STREAM_SELL_STATUS stream_id=3 chunk_id=1253314086960 order_id=386711351 status=FILLED
[18:20:11.076] [INFO] [EXEC] STREAM_SELL_FILLED stream_id=3 chunk_id=1253314086960 order_id=386711351
[18:20:11.077] [OK] [EXEC] FIFO CLOSE qty=0.003100 entry=80505.70 exit=80506.00 pnl=+0.000930
[18:20:11.078] [INFO] [EXEC] STREAM_PNL stream_id=3 pnl=+0.000930
[18:20:11.078] [INFO] [EXEC] STREAM_RECYCLED level_id=3
[18:20:11.079] [INFO] [EXEC] STREAM_RECYCLED stream_id=3
[18:20:11.080] [WARNING] [EXEC] STATE REPAIR reason=zero_inventory_not_flat
[18:20:11.080] [INFO] [HEALTH] state=GOOD
[18:20:11.080] [INFO] [EXEC] STREAM_MODE_ACTIVE_SKIP_SINGLE_ENTRY
[18:20:11.339] [INFO] [EXEC] STREAM_BUY_PLACED level_id=1 order_id=386711596
[18:20:11.341] [OK] [EXEC] PLACE BUY price=80505.90 qty=0.003100
[18:20:11.634] [INFO] [EXEC] STREAM_BUY_PLACED level_id=2 order_id=386711609
[18:20:11.635] [OK] [EXEC] PLACE BUY price=80505.81 qty=0.003100
[18:20:11.931] [INFO] [EXEC] STREAM_BUY_PLACED level_id=3 order_id=386711631
[18:20:11.931] [OK] [EXEC] PLACE BUY price=80505.70 qty=0.003100
[18:20:12.494] [INFO] [EXEC] STREAM_BUY_FILLED level_id=1
[18:20:12.494] [OK] [EXEC] CHUNK ADD qty=0.003100 entry=80505.90
[18:20:12.494] [INFO] [EXEC] CHUNK COUNT n=1
[18:20:12.763] [INFO] [EXEC] STREAM_SELL_PLACED stream_id=1 chunk_id=1253364889888 order_id=386711644 price=80506.20 qty=0.003100
[18:20:13.033] [INFO] [EXEC] STREAM_BUY_FILLED level_id=2
[18:20:13.034] [OK] [EXEC] CHUNK ADD qty=0.003100 entry=80505.81
[18:20:13.035] [INFO] [EXEC] CHUNK COUNT n=2
[18:20:13.306] [INFO] [EXEC] STREAM_SELL_PLACED stream_id=2 chunk_id=1253314086432 order_id=386711650 price=80506.11 qty=0.003100
[18:20:13.571] [INFO] [EXEC] STREAM_BUY_FILLED level_id=3
[18:20:13.573] [OK] [EXEC] CHUNK ADD qty=0.003100 entry=80505.70
[18:20:13.573] [INFO] [EXEC] CHUNK COUNT n=3
[18:20:13.838] [INFO] [EXEC] STREAM_SELL_PLACED stream_id=3 chunk_id=1253314094928 order_id=386711656 price=80506.00 qty=0.003100
[18:20:14.118] [INFO] [EXEC] STREAM_SELL_STATUS stream_id=1 chunk_id=1253364889888 order_id=386711644 status=NEW
[18:20:14.385] [INFO] [EXEC] STREAM_SELL_STATUS stream_id=2 chunk_id=1253314086432 order_id=386711650 status=NEW
[18:20:14.659] [INFO] [EXEC] STREAM_SELL_STATUS stream_id=3 chunk_id=1253314094928 order_id=386711656 status=NEW
[18:20:14.663] [WARNING] [EXEC] STATE REPAIR reason=inventory_cannot_be_flat
[18:20:14.664] [INFO] [EXEC] STREAM_GLOBAL_SELL_SKIP reason=exit_recovery_inventory_no_sell
[18:20:14.665] [INFO] [EXEC] STREAM_GLOBAL_SELL_SKIP reason=place_sell
[18:20:14.927] [INFO] [EXEC] STREAM LOCKED BTC locked=0.009300 STREAM OPEN SELLS=3
[18:20:15.197] [INFO] [EXEC] STREAM_SELL_STATUS stream_id=1 chunk_id=1253364889888 order_id=386711644 status=NEW
[18:20:15.462] [INFO] [EXEC] STREAM_SELL_STATUS stream_id=2 chunk_id=1253314086432 order_id=386711650 status=NEW
[18:20:15.770] [INFO] [EXEC] STREAM_SELL_STATUS stream_id=3 chunk_id=1253314094928 order_id=386711656 status=NEW
[18:20:15.775] [INFO] [EXEC] STREAM_GLOBAL_SELL_SKIP reason=exit_recovery_inventory_no_sell
[18:20:15.778] [INFO] [EXEC] STREAM_GLOBAL_SELL_SKIP reason=place_sell
[18:20:16.447] [INFO] [EXEC] STREAM_SELL_STATUS stream_id=1 chunk_id=1253364889888 order_id=386711644 status=NEW
[18:20:16.728] [INFO] [EXEC] STREAM_SELL_STATUS stream_id=2 chunk_id=1253314086432 order_id=386711650 status=NEW
[18:20:16.993] [INFO] [EXEC] STREAM_SELL_STATUS stream_id=3 chunk_id=1253314094928 order_id=386711656 status=NEW
[18:20:16.993] [INFO] [EXEC] STREAM_GLOBAL_SELL_SKIP reason=exit_recovery_inventory_no_sell
[18:20:17.013] [INFO] [EXEC] STREAM_GLOBAL_SELL_SKIP reason=place_sell
[18:20:17.720] [INFO] [EXEC] STREAM_SELL_STATUS stream_id=1 chunk_id=1253364889888 order_id=386711644 status=NEW
[18:20:17.993] [INFO] [EXEC] STREAM_SELL_STATUS stream_id=2 chunk_id=1253314086432 order_id=386711650 status=NEW
[18:20:18.259] [INFO] [EXEC] STREAM_SELL_STATUS stream_id=3 chunk_id=1253314094928 order_id=386711656 status=NEW
[18:20:18.274] [INFO] [EXEC] STREAM_GLOBAL_SELL_SKIP reason=exit_recovery_inventory_no_sell
[18:20:18.274] [INFO] [EXEC] STREAM_GLOBAL_SELL_SKIP reason=place_sell
[18:20:18.911] [INFO] [EXEC] STREAM LOCKED BTC locked=0.009300 STREAM OPEN SELLS=3
[18:20:19.182] [INFO] [EXEC] STREAM_SELL_STATUS stream_id=1 chunk_id=1253364889888 order_id=386711644 status=NEW
[18:20:19.501] [INFO] [EXEC] STREAM_SELL_STATUS stream_id=2 chunk_id=1253314086432 order_id=386711650 status=NEW
[18:20:19.780] [INFO] [EXEC] STREAM_SELL_STATUS stream_id=3 chunk_id=1253314094928 order_id=386711656 status=NEW
[18:20:19.782] [INFO] [EXEC] STREAM_GLOBAL_SELL_SKIP reason=exit_recovery_inventory_no_sell
[18:20:19.783] [INFO] [EXEC] STREAM_GLOBAL_SELL_SKIP reason=place_sell
[18:20:20.549] [INFO] [EXEC] STREAM_SELL_STATUS stream_id=1 chunk_id=1253364889888 order_id=386711644 status=NEW
[18:20:20.868] [INFO] [EXEC] STREAM_SELL_STATUS stream_id=2 chunk_id=1253314086432 order_id=386711650 status=NEW
[18:20:21.150] [INFO] [EXEC] STREAM_SELL_STATUS stream_id=3 chunk_id=1253314094928 order_id=386711656 status=NEW
[18:20:21.150] [INFO] [EXEC] STREAM_GLOBAL_SELL_SKIP reason=exit_recovery_inventory_no_sell
[18:20:21.150] [INFO] [EXEC] STREAM_GLOBAL_SELL_SKIP reason=place_sell
[18:20:21.775] [INFO] [EXEC] STREAM_SELL_STATUS stream_id=1 chunk_id=1253364889888 order_id=386711644 status=NEW
[18:20:22.050] [INFO] [EXEC] STREAM_SELL_STATUS stream_id=2 chunk_id=1253314086432 order_id=386711650 status=NEW
[18:20:22.315] [INFO] [EXEC] STREAM_SELL_STATUS stream_id=3 chunk_id=1253314094928 order_id=386711656 status=NEW
[18:20:22.315] [INFO] [EXEC] STREAM_GLOBAL_SELL_SKIP reason=exit_recovery_inventory_no_sell
[18:20:22.315] [INFO] [EXEC] STREAM_GLOBAL_SELL_SKIP reason=place_sell
[18:20:22.774] [INFO] [EXEC] STREAM LOCKED BTC locked=0.009300 STREAM OPEN SELLS=3
[18:20:23.038] [INFO] [EXEC] STREAM_SELL_STATUS stream_id=1 chunk_id=1253364889888 order_id=386711644 status=NEW
[18:20:23.291] [INFO] [EXEC] STREAM_SELL_STATUS stream_id=2 chunk_id=1253314086432 order_id=386711650 status=NEW
[18:20:23.556] [INFO] [EXEC] STREAM_SELL_STATUS stream_id=3 chunk_id=1253314094928 order_id=386711656 status=NEW
[18:20:23.572] [INFO] [EXEC] STREAM_GLOBAL_SELL_SKIP reason=exit_recovery_inventory_no_sell
[18:20:23.573] [INFO] [EXEC] STREAM_GLOBAL_SELL_SKIP reason=place_sell
[18:20:24.796] [INFO] [EXEC] STREAM_SELL_STATUS stream_id=1 chunk_id=1253364889888 order_id=386711644 status=FILLED
[18:20:24.800] [INFO] [EXEC] STREAM_SELL_FILLED stream_id=1 chunk_id=1253364889888 order_id=386711644
[18:20:24.801] [OK] [EXEC] FIFO CLOSE qty=0.003100 entry=80505.90 exit=80506.20 pnl=+0.000930
[18:20:24.802] [INFO] [EXEC] STREAM_PNL stream_id=1 pnl=+0.000930
[18:20:24.805] [INFO] [EXEC] STREAM_RECYCLED level_id=1
[18:20:24.808] [INFO] [EXEC] STREAM_RECYCLED stream_id=1
[18:20:25.076] [INFO] [EXEC] STREAM_SELL_STATUS stream_id=2 chunk_id=1253314086432 order_id=386711650 status=FILLED
[18:20:25.077] [INFO] [EXEC] STREAM_SELL_FILLED stream_id=2 chunk_id=1253314086432 order_id=386711650
[18:20:25.078] [OK] [EXEC] FIFO CLOSE qty=0.003100 entry=80505.81 exit=80506.11 pnl=+0.000930
[18:20:25.079] [INFO] [EXEC] STREAM_PNL stream_id=2 pnl=+0.000930
[18:20:25.080] [INFO] [EXEC] STREAM_RECYCLED level_id=2
[18:20:25.081] [INFO] [EXEC] STREAM_RECYCLED stream_id=2
[18:20:25.853] [INFO] [EXEC] STREAM_SELL_STATUS stream_id=3 chunk_id=1253314094928 order_id=386711656 status=FILLED
[18:20:25.853] [INFO] [EXEC] STREAM_SELL_FILLED stream_id=3 chunk_id=1253314094928 order_id=386711656
[18:20:25.853] [OK] [EXEC] FIFO CLOSE qty=0.003100 entry=80505.70 exit=80506.00 pnl=+0.000930
[18:20:25.853] [INFO] [EXEC] STREAM_PNL stream_id=3 pnl=+0.000930
[18:20:25.853] [INFO] [EXEC] STREAM_RECYCLED level_id=3
[18:20:25.853] [INFO] [EXEC] STREAM_RECYCLED stream_id=3
[18:20:25.853] [WARNING] [EXEC] STATE REPAIR reason=zero_inventory_not_flat
[18:20:25.868] [INFO] [HEALTH] state=GOOD
[18:20:25.868] [INFO] [EXEC] STREAM_MODE_ACTIVE_SKIP_SINGLE_ENTRY
[18:20:26.215] [INFO] [EXEC] STREAM_BUY_PLACED level_id=1 order_id=386711812
[18:20:26.219] [OK] [EXEC] PLACE BUY price=80505.90 qty=0.003100
[18:20:26.505] [INFO] [EXEC] STREAM_BUY_PLACED level_id=2 order_id=386711822
[18:20:26.508] [OK] [EXEC] PLACE BUY price=80505.81 qty=0.003100
[18:20:26.791] [INFO] [EXEC] STREAM_BUY_PLACED level_id=3 order_id=386711832
[18:20:26.791] [OK] [EXEC] PLACE BUY price=80505.70 qty=0.003100
[18:20:27.655] [INFO] [EXEC] STREAM_BUY_FILLED level_id=1
[18:20:27.658] [OK] [EXEC] CHUNK ADD qty=0.003100 entry=80505.90
[18:20:27.660] [INFO] [EXEC] CHUNK COUNT n=1
[18:20:28.251] [INFO] [EXEC] STREAM_SELL_PLACED stream_id=1 chunk_id=1253364879232 order_id=386711887 price=80506.20 qty=0.003100
[18:20:28.584] [INFO] [EXEC] STREAM_BUY_FILLED level_id=2
[18:20:28.588] [OK] [EXEC] CHUNK ADD qty=0.003100 entry=80505.81
[18:20:28.588] [INFO] [EXEC] CHUNK COUNT n=2
[18:20:28.866] [INFO] [EXEC] STREAM_SELL_PLACED stream_id=2 chunk_id=1253314098000 order_id=386711900 price=80506.11 qty=0.003100
[18:20:29.134] [INFO] [EXEC] STREAM_BUY_FILLED level_id=3
[18:20:29.134] [OK] [EXEC] CHUNK ADD qty=0.003100 entry=80505.70
[18:20:29.134] [INFO] [EXEC] CHUNK COUNT n=3
[18:20:29.401] [INFO] [EXEC] STREAM_SELL_PLACED stream_id=3 chunk_id=1253314086720 order_id=386711910 price=80506.00 qty=0.003100
[18:20:30.160] [INFO] [EXEC] STREAM_SELL_STATUS stream_id=1 chunk_id=1253364879232 order_id=386711887 status=FILLED
[18:20:30.164] [INFO] [EXEC] STREAM_SELL_FILLED stream_id=1 chunk_id=1253364879232 order_id=386711887
[18:20:30.166] [OK] [EXEC] FIFO CLOSE qty=0.003100 entry=80505.90 exit=80506.20 pnl=+0.000930
[18:20:30.167] [INFO] [EXEC] STREAM_PNL stream_id=1 pnl=+0.000930
[18:20:30.169] [INFO] [EXEC] STREAM_RECYCLED level_id=1
[18:20:30.170] [INFO] [EXEC] STREAM_RECYCLED stream_id=1
[18:20:30.431] [INFO] [EXEC] STREAM_SELL_STATUS stream_id=2 chunk_id=1253314098000 order_id=386711900 status=FILLED
[18:20:30.431] [INFO] [EXEC] STREAM_SELL_FILLED stream_id=2 chunk_id=1253314098000 order_id=386711900
[18:20:30.431] [OK] [EXEC] FIFO CLOSE qty=0.003100 entry=80505.81 exit=80506.11 pnl=+0.000930
[18:20:30.431] [INFO] [EXEC] STREAM_PNL stream_id=2 pnl=+0.000930
[18:20:30.431] [INFO] [EXEC] STREAM_RECYCLED level_id=2
[18:20:30.447] [INFO] [EXEC] STREAM_RECYCLED stream_id=2
[18:20:30.715] [INFO] [EXEC] STREAM_SELL_STATUS stream_id=3 chunk_id=1253314086720 order_id=386711910 status=FILLED
[18:20:30.719] [INFO] [EXEC] STREAM_SELL_FILLED stream_id=3 chunk_id=1253314086720 order_id=386711910
[18:20:30.721] [OK] [EXEC] FIFO CLOSE qty=0.003100 entry=80505.70 exit=80506.00 pnl=+0.000930
[18:20:30.723] [INFO] [EXEC] STREAM_PNL stream_id=3 pnl=+0.000930
[18:20:30.724] [INFO] [EXEC] STREAM_RECYCLED level_id=3
[18:20:30.726] [INFO] [EXEC] STREAM_RECYCLED stream_id=3
[18:20:30.728] [WARNING] [EXEC] BLOCK_BUY reason=ws_stale mode=FAST ws_age=3875 spread=6.86 stable=1/1 mid_delta=0.00 bid_delta=0.00
[18:20:31.391] [INFO] [HEALTH] state=DANGER
[18:20:31.392] [WARNING] [EXEC] BLOCK_BUY reason=market_health_bad mode=FAST ws_age=407 spread=2.92 stable=1/1 mid_delta=0.00 bid_delta=0.00
[18:20:32.104] [WARNING] [HEALTH] block spread_too_young lifetime=0
[18:20:32.106] [WARNING] [HEALTH] unstable_spread lifetime=0
[18:20:32.107] [WARNING] [EXEC] BLOCK_BUY reason=spread_too_young mode=FAST ws_age=92 spread=7.17 stable=1/1 mid_delta=0.00 bid_delta=0.00
[18:20:32.620] [INFO] [EXEC] STREAM_MODE_ACTIVE_SKIP_SINGLE_ENTRY
[18:20:32.879] [INFO] [EXEC] STREAM_BUY_PLACED level_id=1 order_id=386712102
[18:20:32.886] [OK] [EXEC] PLACE BUY price=80505.90 qty=0.003100
[18:20:33.141] [INFO] [EXEC] STREAM_BUY_PLACED level_id=2 order_id=386712111
[18:20:33.141] [OK] [EXEC] PLACE BUY price=80505.81 qty=0.003100
[18:20:33.432] [INFO] [EXEC] STREAM_BUY_PLACED level_id=3 order_id=386712124
[18:20:33.432] [OK] [EXEC] PLACE BUY price=80505.70 qty=0.003100
[18:20:35.006] [INFO] [EXEC] STREAM_BUY_PLACED level_id=4 order_id=386712221
[18:20:35.006] [OK] [EXEC] PLACE BUY price=80505.61 qty=0.003100
[18:20:35.275] [INFO] [EXEC] STREAM_BUY_PLACED level_id=5 order_id=386712234
[18:20:35.275] [OK] [EXEC] PLACE BUY price=80505.51 qty=0.003100
[18:20:35.556] [INFO] [EXEC] STREAM_BUY_PLACED level_id=6 order_id=386712235
[18:20:35.556] [OK] [EXEC] PLACE BUY price=80505.40 qty=0.003100
[18:20:37.790] [INFO] [EXEC] STREAM_BUY_PLACED level_id=7 order_id=386712255
[18:20:37.806] [OK] [EXEC] PLACE BUY price=80505.31 qty=0.003100
[18:20:38.098] [INFO] [EXEC] STREAM_BUY_PLACED level_id=8 order_id=386712265
[18:20:38.103] [OK] [EXEC] PLACE BUY price=80505.20 qty=0.003100
[18:20:38.411] [INFO] [EXEC] STREAM_BUY_PLACED level_id=9 order_id=386712286
[18:20:38.414] [OK] [EXEC] PLACE BUY price=80505.11 qty=0.003100
[18:20:43.237] [INFO] [HEALTH] state=GOOD
[18:20:43.238] [WARNING] [EXEC] BLOCK_BUY reason=ws_stale mode=FAST ws_age=4217 spread=7.49 stable=1/1 mid_delta=0.00 bid_delta=0.00
[18:20:46.447] [WARNING] [EXEC] BLOCK_BUY reason=ws_stale mode=FAST ws_age=3202 spread=8.14 stable=1/1 mid_delta=0.00 bid_delta=0.00
[18:20:49.351] [INFO] [HEALTH] state=GOOD
[18:20:49.353] [WARNING] [EXEC] BLOCK_BUY reason=ws_stale mode=FAST ws_age=2875 spread=9.45 stable=1/1 mid_delta=0.00 bid_delta=0.00
[18:20:52.728] [WARNING] [EXEC] BLOCK_BUY reason=ws_stale mode=FAST ws_age=3077 spread=9.16 stable=1/1 mid_delta=0.00 bid_delta=0.00
[18:20:55.728] [INFO] [HEALTH] state=GOOD
[18:20:55.728] [WARNING] [EXEC] BLOCK_BUY reason=ws_stale mode=FAST ws_age=2890 spread=7.83 stable=1/1 mid_delta=0.00 bid_delta=0.00
[18:21:01.790] [INFO] [HEALTH] state=GOOD
[18:21:01.790] [WARNING] [EXEC] BLOCK_BUY reason=ws_stale mode=FAST ws_age=2890 spread=8.56 stable=1/1 mid_delta=0.00 bid_delta=0.00
[18:21:07.853] [INFO] [HEALTH] state=GOOD
[18:21:07.853] [WARNING] [EXEC] BLOCK_BUY reason=ws_stale mode=FAST ws_age=3140 spread=6.36 stable=1/1 mid_delta=0.00 bid_delta=0.00
[18:21:10.669] [WARNING] [EXEC] BLOCK_BUY reason=ws_stale mode=FAST ws_age=2827 spread=6.55 stable=1/1 mid_delta=0.00 bid_delta=0.00
[18:21:13.619] [INFO] [HEALTH] state=DANGER
[18:21:16.806] [WARNING] [HEALTH] block spread_too_young lifetime=0
[18:21:16.806] [WARNING] [HEALTH] unstable_spread lifetime=0
[18:21:16.806] [WARNING] [EXEC] BLOCK_BUY reason=ws_stale mode=FAST ws_age=2827 spread=10.24 stable=1/1 mid_delta=0.00 bid_delta=0.00
[18:21:19.737] [WARNING] [EXEC] BLOCK_BUY reason=ws_stale mode=FAST ws_age=2625 spread=10.35 stable=1/1 mid_delta=0.00 bid_delta=0.00
[18:21:23.291] [INFO] [HEALTH] state=GOOD
[18:21:23.306] [WARNING] [EXEC] BLOCK_BUY reason=ws_stale mode=FAST ws_age=2936 spread=9.03 stable=1/1 mid_delta=0.00 bid_delta=0.00
[18:21:23.322] [INFO] START_CLICK received enabled=True api_ready=True running=True
[18:21:23.667] [WARNING] cancel all requested
[18:21:36.798] [WARNING] [EXEC] BALANCE_EXTERNAL_BTC free=0.000047 locked=0.000000
[18:21:36.801] [INFO] [EXEC] SELL ACCOUNTING RESET reconcile_stop
[18:21:36.803] [INFO] [EXEC] RECONCILE_FLAT reason=inventory_empty_safe_qty_zero
[18:21:36.807] [WARNING] STOP
