[18:13:54.883] [OK] filters loaded
[18:13:56.096] [OK] [PLAN] READY entry=82009.39 exit=82013.04 profit=0.890126 age=322ms
[18:13:57.423] [EXCHANGE] symbol=BTCU base=BTC quote=U status=TRADING permissions=[]
[18:13:57.428] [OK] START
[18:13:57.433] [INFO] [EXEC] LIVE ON
[18:13:57.435] [INFO] [EXEC] WAIT READY
[18:13:57.436] [WARNING] [HEALTH] block spread_too_young lifetime=0
[18:13:57.437] [WARNING] [HEALTH] unstable_spread lifetime=0
[18:13:57.438] [WARNING] [EXEC] BLOCK reason=market_health_bad
[18:13:58.188] [WS] primary url=wss://stream.binance.com:9443/ws/btcu@bookTicker
[18:13:58.190] [WS] connecting primary
[18:13:58.283] [WARNING] [HEALTH] block falling_market bid_ticks=-417.00 mid_ticks=-387.00
[18:13:58.287] [WARNING] [HEALTH] unstable_bid delta_ticks=-417.00
[18:13:58.289] [WARNING] [HEALTH] negative_momentum ticks=-387.00
[18:13:58.291] [WARNING] [EXEC] BLOCK reason=market_health_bad
[18:13:59.309] [INFO] [EXEC] SELL ACCOUNTING RESET new_cycle
[18:13:59.311] [OK] [EXEC] BUY ORDER SENT orderId=383200394 price=82005.22 qty=0.243880
[18:13:59.314] [OK] [EXEC] PLACE BUY price=82005.22 qty=0.243880
[18:13:59.829] [WS] connected
[18:13:59.830] [WS] LIVE bid=82004.09 ask=82011.47
[18:14:00.110] [OK] [PLAN] HOT entry=82007.23 exit=82014.68 profit=1.816906 age=4070ms
[18:14:01.880] [OK] [SYNC] order filled detected
[18:14:01.883] [OK] [SYNC] BUY filled on exchange
[18:14:01.884] [OK] [EXEC] BUY FILL UPDATE delta=0.243880 avg=82005.22
[18:14:01.885] [OK] [EXEC] CHUNK ADD qty=0.243880 entry=82005.22
[18:14:01.886] [INFO] [EXEC] CHUNK COUNT n=1
[18:14:01.888] [OK] [EXEC] INVENTORY qty=0.243880
[18:14:01.889] [OK] [EXEC] SELL REQUIRED inventory=0.243880
[18:14:02.176] [INFO] [EXEC] SELL CHECK inventory=0.243880 reported=0.000000 remaining=0.243880 chunks=1
[18:14:02.180] [OK] [EXEC] PLACE SELL price=82015.99 qty=0.243880
[18:14:02.496] [OK] [EXEC] SELL ORDER SENT orderId=383200689
[18:14:02.501] [OK] [PLAN] READY entry=82012.18 exit=82015.99 profit=0.929107 age=6119ms
[18:14:03.635] [INFO] [EXEC] RECOVERY WAIT hard_sl_pending_recovery
[18:14:04.703] [WS] LIVE bid=81993.62 ask=81999.25
[18:14:05.356] [INFO] [EXEC] RECOVERY WAIT hard_sl_pending_recovery
[18:14:05.632] [WARNING] [EXEC] SELL TIMEOUT orderId=383200689
[18:14:05.636] [WARNING] [EXEC] CANCEL SELL orderId=383200689
[18:14:06.170] [INFO] [EXEC] SELL FINAL STATUS status=CANCELED orderId=383200689
[18:14:06.174] [INFO] [EXEC] SELL TIMEOUT check fast_exit
[18:14:06.176] [WARNING] [EXEC] FORCE EXIT hard_sl_triggered
[18:14:06.177] [ERROR] [EXEC] HARD SL triggered
[18:14:06.177] [WARNING] [EXEC] PANIC EXIT sl_mode
[18:14:06.178] [WARNING] [EXEC] FORCE EXIT price=81983.19
[18:14:06.179] [OK] [EXEC] PLACE SELL price=81983.19 qty=0.243880
[18:14:06.482] [WARNING] [EXEC] PANIC START price=81983.19
[18:14:06.485] [OK] [EXEC] SELL ORDER SENT orderId=383201070
[18:14:06.488] [WARNING] [EXEC] BLOCK reason=balance_low
[18:14:09.382] [WARNING] [EXEC] PANIC WAIT still_open orderId=383201070
[18:14:09.387] [WARNING] [EXEC] PANIC HOLD active orderId=383201070
[18:14:09.896] [WS] LIVE bid=81970.01 ask=81979.36
[18:14:10.418] [WARNING] [EXEC] PANIC HOLD active orderId=383201070
[18:14:12.431] [WARNING] [EXEC] PANIC WAIT still_open orderId=383201070
[18:14:12.435] [WARNING] [EXEC] PANIC HOLD active orderId=383201070
[18:14:14.732] [WS] LIVE bid=81969.13 ask=81977.86
[18:14:15.103] [WARNING] [EXEC] PANIC HOLD active orderId=383201070
[18:14:15.422] [WARNING] [EXEC] BLOCK reason=balance_low
[18:14:17.459] [WARNING] [EXEC] PANIC WAIT still_open orderId=383201070
[18:14:17.462] [WARNING] [EXEC] PANIC HOLD active orderId=383201070
[18:14:19.504] [WS] LIVE bid=81973.69 ask=81981.77
[18:14:19.799] [WARNING] [EXEC] PANIC HOLD active orderId=383201070
[18:14:21.800] [OK] [EXEC] FIFO CLOSE qty=0.243880 entry=82005.22 exit=81983.19 pnl=-5.372676
[18:14:21.804] [INFO] [EXEC] CHUNK DRAINED
[18:14:21.807] [OK] [EXEC] REALIZED pnl=-5.372676
[18:14:21.809] [INFO] [EXEC] SELL ACCOUNTING RESET flat
[18:14:21.812] [OK] [EXEC] CYCLE CLOSED pnl=-5.372676
[18:14:21.814] [INFO] [EXEC] SESSION realized=-5.372676 wins=0 losses=1
[18:14:21.815] [INFO] [EXEC] SELL ACCOUNTING RESET flat
[18:14:21.817] [INFO] [EXEC] CYCLE SKIP no_fifo_pnl
[18:14:21.818] [OK] [EXEC] SELL FILLED id=383201070
[18:14:21.819] [OK] [EXEC] SELL FILLED qty=0.243880 remaining=0.000000
[18:14:21.820] [INFO] [EXEC] SELL ACCOUNTING RESET inventory_drained
[18:14:21.822] [INFO] [EXEC] INVENTORY DRAINED epsilon_cleanup qty=0.000000
[18:14:21.823] [INFO] [EXEC] SELL ACCOUNTING RESET flat
[18:14:21.824] [INFO] [EXEC] CYCLE SKIP no_fifo_pnl
[18:14:23.865] [INFO] [HEALTH] state=GOOD
[18:14:24.162] [INFO] [EXEC] SELL ACCOUNTING RESET new_cycle
[18:14:24.166] [OK] [EXEC] BUY ORDER SENT orderId=383201906 price=81964.01 qty=0.244000
[18:14:24.170] [OK] [EXEC] PLACE BUY price=81964.01 qty=0.244000
[18:14:25.234] [OK] [SYNC] order filled detected
[18:14:25.237] [OK] [SYNC] BUY filled on exchange
[18:14:25.237] [OK] [EXEC] BUY FILL UPDATE delta=0.244000 avg=81964.01
[18:14:25.239] [OK] [EXEC] CHUNK ADD qty=0.244000 entry=81964.01
[18:14:25.240] [INFO] [EXEC] CHUNK COUNT n=1
[18:14:25.241] [OK] [EXEC] INVENTORY qty=0.244000
[18:14:25.242] [OK] [EXEC] SELL REQUIRED inventory=0.244000
[18:14:25.244] [WS] LIVE bid=81962.22 ask=81969.80
[18:14:25.732] [INFO] [EXEC] SELL CHECK inventory=0.244000 reported=0.000000 remaining=0.244000 chunks=1
[18:14:25.736] [OK] [EXEC] PLACE SELL price=81965.27 qty=0.244000
[18:14:25.998] [OK] [EXEC] SELL ORDER SENT orderId=383202131
[18:14:26.003] [OK] [PLAN] HOT entry=81959.13 exit=81965.27 profit=1.498283 age=1598ms
[18:14:28.278] [INFO] [EXEC] RECOVERY WAIT hard_sl_pending_recovery
[18:14:28.555] [WARNING] [EXEC] SELL TIMEOUT orderId=383202131
[18:14:28.558] [WARNING] [EXEC] CANCEL SELL orderId=383202131
[18:14:29.087] [INFO] [EXEC] SELL FINAL STATUS status=CANCELED orderId=383202131
[18:14:29.091] [INFO] [EXEC] SELL TIMEOUT check fast_exit
[18:14:29.093] [WARNING] [EXEC] FORCE EXIT hard_sl_triggered
[18:14:29.096] [ERROR] [EXEC] HARD SL triggered
[18:14:29.098] [WARNING] [EXEC] PANIC EXIT sl_mode
[18:14:29.100] [WARNING] [EXEC] FORCE EXIT price=81964.27
[18:14:29.100] [OK] [EXEC] PLACE SELL price=81964.27 qty=0.244000
[18:14:29.388] [WARNING] [EXEC] PANIC START price=81964.27
[18:14:29.392] [OK] [EXEC] SELL ORDER SENT orderId=383202228
[18:14:29.398] [WS] LIVE bid=81959.61 ask=81965.26
[18:14:31.054] [WARNING] [EXEC] PANIC WAIT still_open orderId=383202228
[18:14:31.058] [WARNING] [EXEC] PANIC HOLD active orderId=383202228
[18:14:35.173] [WS] LIVE bid=81955.65 ask=81964.26
[18:14:36.521] [WARNING] [EXEC] PANIC WAIT still_open orderId=383202228
[18:14:36.525] [WARNING] [EXEC] PANIC HOLD active orderId=383202228
[18:14:36.528] [WARNING] [EXEC] BLOCK reason=balance_low
[18:14:37.913] [WARNING] [EXEC] PANIC HOLD active orderId=383202228
[18:14:39.475] [WARNING] [EXEC] PANIC WAIT still_open orderId=383202228
[18:14:39.478] [WARNING] [EXEC] PANIC HOLD active orderId=383202228
[18:14:40.532] [WS] LIVE bid=81946.50 ask=81958.24
[18:14:42.035] [WARNING] [EXEC] PANIC HOLD active orderId=383202228
[18:14:43.402] [WARNING] [EXEC] PANIC WAIT still_open orderId=383202228
[18:14:43.405] [WARNING] [EXEC] PANIC HOLD active orderId=383202228
[18:14:45.151] [WS] LIVE bid=81943.58 ask=81953.99
[18:14:45.425] [WARNING] [EXEC] PANIC HOLD active orderId=383202228
[18:14:46.930] [WARNING] cancel all requested
[18:14:46.932] [WARNING] [EXEC] STOP canceled panic order, position remains open
[18:14:47.762] [WARNING] [SYNC] desync fixed
[18:14:47.765] [WARNING] [EXEC] STOP with open inventory qty=0.244000
[18:14:47.768] [WARNING] STOP
[18:14:48.631] [WS] stale/lost
