[18:53:33.155] [OK] filters loaded
[18:53:37.296] [INFO] START_CLICK received enabled=True api_ready=True running=False
[18:53:37.297] [INFO] START_SETTINGS live_enabled=True guard_mode=FAST entry_mode=AGGRESSIVE exit_engine=True order_size=222.0
[18:53:37.298] [INFO] START_PROFILE order_size=222.0 min_spread=7.0 guard_mode=FAST entry_mode=AGGRESSIVE sell_timeout=2200 far_sell_ticks=30 taker_exit_after_ms=1600
[18:53:37.299] [INFO] SETTINGS_MERGE_PRESERVE existing_values=true missing_added=0
[18:53:37.798] [EXCHANGE] symbol=BTCU base=BTC quote=U status=TRADING permissions=[]
[18:53:37.806] [OK] START
[18:53:37.810] [OK] START_OK runtime_started
[18:53:37.810] [INFO] [EXEC] STREAMS_ENABLED count=20 range_ticks=200 step_ticks=10
[18:53:37.812] [INFO] [EXEC] GRID_BUDGET_SOURCE source=max_exposure_u budget=5000.00
[18:53:37.814] [INFO] [EXEC] STREAM_CREATE stream_id=1 buy_price=80705.90000000 budget=250.00 qty=0.00309000
[18:53:37.815] [INFO] [EXEC] STREAM_CREATE stream_id=2 buy_price=80705.80000000 budget=250.00 qty=0.00309000
[18:53:37.816] [INFO] [EXEC] STREAM_CREATE stream_id=3 buy_price=80705.70000000 budget=250.00 qty=0.00309000
[18:53:37.817] [INFO] [EXEC] STREAM_CREATE stream_id=4 buy_price=80705.60000000 budget=250.00 qty=0.00309000
[18:53:37.818] [INFO] [EXEC] STREAM_CREATE stream_id=5 buy_price=80705.50000000 budget=250.00 qty=0.00309000
[18:53:37.819] [INFO] [EXEC] STREAM_CREATE stream_id=6 buy_price=80705.40000000 budget=250.00 qty=0.00309000
[18:53:37.820] [INFO] [EXEC] STREAM_CREATE stream_id=7 buy_price=80705.30000000 budget=250.00 qty=0.00309000
[18:53:37.821] [INFO] [EXEC] STREAM_CREATE stream_id=8 buy_price=80705.20000000 budget=250.00 qty=0.00309000
[18:53:37.823] [INFO] [EXEC] STREAM_CREATE stream_id=9 buy_price=80705.10000000 budget=250.00 qty=0.00309000
[18:53:37.824] [INFO] [EXEC] STREAM_CREATE stream_id=10 buy_price=80705.00000000 budget=250.00 qty=0.00309000
[18:53:37.825] [INFO] [EXEC] STREAM_CREATE stream_id=11 buy_price=80704.90000000 budget=250.00 qty=0.00309000
[18:53:37.826] [INFO] [EXEC] STREAM_CREATE stream_id=12 buy_price=80704.80000000 budget=250.00 qty=0.00309000
[18:53:37.827] [INFO] [EXEC] STREAM_CREATE stream_id=13 buy_price=80704.70000000 budget=250.00 qty=0.00309000
[18:53:37.828] [INFO] [EXEC] STREAM_CREATE stream_id=14 buy_price=80704.60000000 budget=250.00 qty=0.00309000
[18:53:37.829] [INFO] [EXEC] STREAM_CREATE stream_id=15 buy_price=80704.50000000 budget=250.00 qty=0.00309000
[18:53:37.830] [INFO] [EXEC] STREAM_CREATE stream_id=16 buy_price=80704.40000000 budget=250.00 qty=0.00309000
[18:53:37.831] [INFO] [EXEC] STREAM_CREATE stream_id=17 buy_price=80704.30000000 budget=250.00 qty=0.00309000
[18:53:37.832] [INFO] [EXEC] STREAM_CREATE stream_id=18 buy_price=80704.20000000 budget=250.00 qty=0.00309000
[18:53:37.833] [INFO] [EXEC] STREAM_CREATE stream_id=19 buy_price=80704.10000000 budget=250.00 qty=0.00309000
[18:53:37.834] [INFO] [EXEC] STREAM_CREATE stream_id=20 buy_price=80704.00000000 budget=250.00 qty=0.00309000
[18:53:37.835] [INFO] [EXEC] STREAM_CREATE_DONE count=20 budget=5000.00 step_ticks=10
[18:53:38.113] [INFO] [EXEC] LIVE ON
[18:53:38.115] [INFO] [EXEC] WAIT READY
[18:53:38.116] [INFO] [HEALTH] state=DANGER
[18:53:38.116] [INFO] [EXEC] STREAM_GUARD_SIMPLE_PASS
[18:53:38.117] [INFO] [EXEC] STREAM_MODE_ACTIVE_SKIP_SINGLE_ENTRY
[18:53:38.704] [INFO] [EXEC] STREAM_BUY_PLACED level_id=1 order_id=386798736
[18:53:38.707] [OK] [EXEC] PLACE BUY price=80705.90 qty=0.003090
[18:53:39.017] [INFO] [EXEC] STREAM_BUY_PLACED level_id=2 order_id=386798737
[18:53:39.021] [OK] [EXEC] PLACE BUY price=80705.80 qty=0.003090
[18:53:39.299] [INFO] [EXEC] STREAM_BUY_PLACED level_id=3 order_id=386798756
[18:53:39.302] [OK] [EXEC] PLACE BUY price=80705.70 qty=0.003090
[18:53:40.129] [WS] primary url=wss://stream.binance.com:9443/ws/btcu@bookTicker
[18:53:40.129] [WS] connecting primary
[18:53:40.130] [WS] connected
[18:53:41.295] [INFO] [EXEC] STREAM_GUARD_SIMPLE_PASS
[18:53:41.572] [INFO] [EXEC] STREAM_BUY_PLACED level_id=4 order_id=386798811
[18:53:41.576] [OK] [EXEC] PLACE BUY price=80705.60 qty=0.003090
[18:53:41.912] [INFO] [EXEC] STREAM_BUY_PLACED level_id=5 order_id=386798830
[18:53:41.914] [OK] [EXEC] PLACE BUY price=80705.50 qty=0.003090
[18:53:42.211] [INFO] [EXEC] STREAM_BUY_PLACED level_id=6 order_id=386798832
[18:53:42.216] [OK] [EXEC] PLACE BUY price=80705.40 qty=0.003090
[18:53:44.407] [INFO] [EXEC] STREAM_GUARD_SIMPLE_PASS
[18:53:44.408] [INFO] [EXEC] STREAM_MODE_ACTIVE_SKIP_SINGLE_ENTRY
[18:53:44.671] [INFO] [EXEC] STREAM_BUY_PLACED level_id=7 order_id=386799016
[18:53:44.675] [OK] [EXEC] PLACE BUY price=80705.30 qty=0.003090
[18:53:44.957] [INFO] [EXEC] STREAM_BUY_PLACED level_id=8 order_id=386799067
[18:53:44.961] [OK] [EXEC] PLACE BUY price=80705.20 qty=0.003090
[18:53:45.229] [INFO] [EXEC] STREAM_BUY_PLACED level_id=9 order_id=386799125
[18:53:45.233] [OK] [EXEC] PLACE BUY price=80705.10 qty=0.003090
[18:53:49.013] [WARNING] [HEALTH] block spread_too_young lifetime=0
[18:53:49.014] [WARNING] [HEALTH] unstable_spread lifetime=0
[18:53:49.014] [INFO] [EXEC] STREAM_GUARD_SIMPLE_PASS
[18:53:49.283] [INFO] [EXEC] STREAM_BUY_PLACED level_id=10 order_id=386799743
[18:53:49.284] [OK] [EXEC] PLACE BUY price=80705.00 qty=0.003090
[18:53:49.556] [INFO] [EXEC] STREAM_BUY_PLACED level_id=11 order_id=386799769
[18:53:49.560] [OK] [EXEC] PLACE BUY price=80704.90 qty=0.003090
[18:53:49.828] [INFO] [EXEC] STREAM_BUY_PLACED level_id=12 order_id=386799788
[18:53:49.829] [OK] [EXEC] PLACE BUY price=80704.80 qty=0.003090
[18:53:54.255] [INFO] [EXEC] STREAM_GUARD_SIMPLE_PASS
[18:53:54.259] [INFO] [EXEC] STREAM_MODE_ACTIVE_SKIP_SINGLE_ENTRY
[18:53:54.535] [INFO] [EXEC] STREAM_BUY_PLACED level_id=13 order_id=386800168
[18:53:54.538] [OK] [EXEC] PLACE BUY price=80704.70 qty=0.003090
[18:53:54.806] [INFO] [EXEC] STREAM_BUY_PLACED level_id=14 order_id=386800180
[18:53:54.808] [OK] [EXEC] PLACE BUY price=80704.60 qty=0.003090
[18:53:55.079] [INFO] [EXEC] STREAM_BUY_PLACED level_id=15 order_id=386800188
[18:53:55.083] [OK] [EXEC] PLACE BUY price=80704.50 qty=0.003090
[18:53:56.334] [INFO] [EXEC] STREAM_BUY_FILLED level_id=1
[18:53:56.337] [OK] [EXEC] CHUNK ADD qty=0.003090 entry=80705.90
[18:53:56.340] [INFO] [EXEC] CHUNK COUNT n=1
[18:53:56.343] [INFO] [EXEC] STREAM_TARGET_USED ticks=80 sell_price=80706.70
[18:53:56.630] [INFO] [EXEC] STREAM_SELL_PLACED stream_id=1 chunk_id=1605815952656 order_id=386800292 price=80706.70 qty=0.003090
[18:53:56.898] [INFO] [EXEC] STREAM_BUY_FILLED level_id=2
[18:53:56.899] [OK] [EXEC] CHUNK ADD qty=0.003090 entry=80705.80
[18:53:56.900] [INFO] [EXEC] CHUNK COUNT n=2
[18:53:56.901] [INFO] [EXEC] STREAM_TARGET_USED ticks=80 sell_price=80706.60
[18:53:57.165] [INFO] [EXEC] STREAM_SELL_PLACED stream_id=2 chunk_id=1605815954384 order_id=386800327 price=80706.60 qty=0.003090
[18:53:57.436] [INFO] [EXEC] STREAM_BUY_FILLED level_id=3
[18:53:57.438] [OK] [EXEC] CHUNK ADD qty=0.003090 entry=80705.70
[18:53:57.439] [INFO] [EXEC] CHUNK COUNT n=3
[18:53:57.441] [INFO] [EXEC] STREAM_TARGET_USED ticks=80 sell_price=80706.50
[18:53:57.716] [INFO] [EXEC] STREAM_SELL_PLACED stream_id=3 chunk_id=1605815948288 order_id=386800410 price=80706.50 qty=0.003090
[18:53:58.020] [INFO] [EXEC] STREAM_BUY_FILLED level_id=4
[18:53:58.024] [OK] [EXEC] CHUNK ADD qty=0.003090 entry=80705.60
[18:53:58.026] [INFO] [EXEC] CHUNK COUNT n=4
[18:53:58.028] [INFO] [EXEC] STREAM_TARGET_USED ticks=80 sell_price=80706.40
[18:53:58.301] [INFO] [EXEC] STREAM_SELL_PLACED stream_id=4 chunk_id=1605815430528 order_id=386800431 price=80706.40 qty=0.003090
[18:53:58.568] [INFO] [EXEC] STREAM_BUY_FILLED level_id=5
[18:53:58.572] [OK] [EXEC] CHUNK ADD qty=0.003090 entry=80705.50
[18:53:58.574] [INFO] [EXEC] CHUNK COUNT n=5
[18:53:58.579] [INFO] [EXEC] STREAM_TARGET_USED ticks=80 sell_price=80706.30
[18:53:58.849] [INFO] [EXEC] STREAM_SELL_PLACED stream_id=5 chunk_id=1605815959232 order_id=386800451 price=80706.30 qty=0.003090
[18:53:59.131] [INFO] [EXEC] STREAM_BUY_FILLED level_id=6
[18:53:59.135] [OK] [EXEC] CHUNK ADD qty=0.003090 entry=80705.40
[18:53:59.138] [INFO] [EXEC] CHUNK COUNT n=6
[18:53:59.142] [INFO] [EXEC] STREAM_TARGET_USED ticks=80 sell_price=80706.20
[18:53:59.415] [INFO] [EXEC] STREAM_SELL_PLACED stream_id=6 chunk_id=1605815957024 order_id=386800486 price=80706.20 qty=0.003090
[18:53:59.710] [INFO] [EXEC] STREAM_BUY_FILLED level_id=7
[18:53:59.715] [OK] [EXEC] CHUNK ADD qty=0.003090 entry=80705.30
[18:53:59.718] [INFO] [EXEC] CHUNK COUNT n=7
[18:53:59.721] [INFO] [EXEC] STREAM_TARGET_USED ticks=80 sell_price=80706.10
[18:54:00.003] [INFO] [EXEC] STREAM_SELL_PLACED stream_id=7 chunk_id=1605815429856 order_id=386800526 price=80706.10 qty=0.003090
[18:54:00.279] [INFO] [EXEC] STREAM_BUY_FILLED level_id=8
[18:54:00.281] [OK] [EXEC] CHUNK ADD qty=0.003090 entry=80705.20
[18:54:00.282] [INFO] [EXEC] CHUNK COUNT n=8
[18:54:00.283] [INFO] [EXEC] STREAM_TARGET_USED ticks=80 sell_price=80706.00
[18:54:00.552] [INFO] [EXEC] STREAM_SELL_PLACED stream_id=8 chunk_id=1605815430384 order_id=386800540 price=80706.00 qty=0.003090
[18:54:00.827] [INFO] [EXEC] STREAM_BUY_FILLED level_id=9
[18:54:00.830] [OK] [EXEC] CHUNK ADD qty=0.003090 entry=80705.10
[18:54:00.831] [INFO] [EXEC] CHUNK COUNT n=9
[18:54:00.832] [INFO] [EXEC] STREAM_TARGET_USED ticks=80 sell_price=80705.90
[18:54:01.095] [INFO] [EXEC] STREAM_SELL_PLACED stream_id=9 chunk_id=1605815958896 order_id=386800584 price=80705.90 qty=0.003090
[18:54:01.362] [INFO] [EXEC] STREAM_BUY_FILLED level_id=10
[18:54:01.364] [OK] [EXEC] CHUNK ADD qty=0.003090 entry=80705.00
[18:54:01.366] [INFO] [EXEC] CHUNK COUNT n=10
[18:54:01.367] [INFO] [EXEC] STREAM_TARGET_USED ticks=80 sell_price=80705.80
[18:54:01.641] [INFO] [EXEC] STREAM_SELL_PLACED stream_id=10 chunk_id=1605815946032 order_id=386800703 price=80705.80 qty=0.003090
[18:54:01.908] [INFO] [EXEC] STREAM_BUY_FILLED level_id=11
[18:54:01.912] [OK] [EXEC] CHUNK ADD qty=0.003090 entry=80704.90
[18:54:01.913] [INFO] [EXEC] CHUNK COUNT n=11
[18:54:01.915] [INFO] [EXEC] STREAM_TARGET_USED ticks=80 sell_price=80705.70
[18:54:02.185] [INFO] [EXEC] STREAM_SELL_PLACED stream_id=11 chunk_id=1605815945024 order_id=386800735 price=80705.70 qty=0.003090
[18:54:02.457] [INFO] [EXEC] STREAM_BUY_FILLED level_id=12
[18:54:02.460] [OK] [EXEC] CHUNK ADD qty=0.003090 entry=80704.80
[18:54:02.461] [INFO] [EXEC] CHUNK COUNT n=12
[18:54:02.462] [INFO] [EXEC] STREAM_TARGET_USED ticks=80 sell_price=80705.60
[18:54:02.727] [INFO] [EXEC] STREAM_SELL_PLACED stream_id=12 chunk_id=1605815946800 order_id=386800821 price=80705.60 qty=0.003090
[18:54:03.006] [INFO] [EXEC] STREAM_BUY_FILLED level_id=13
[18:54:03.008] [OK] [EXEC] CHUNK ADD qty=0.003090 entry=80704.70
[18:54:03.009] [INFO] [EXEC] CHUNK COUNT n=13
[18:54:03.010] [INFO] [EXEC] STREAM_TARGET_USED ticks=80 sell_price=80705.50
[18:54:03.276] [INFO] [EXEC] STREAM_SELL_PLACED stream_id=13 chunk_id=1605816086080 order_id=386800878 price=80705.50 qty=0.003090
[18:54:03.547] [INFO] [EXEC] STREAM_BUY_FILLED level_id=14
[18:54:03.549] [OK] [EXEC] CHUNK ADD qty=0.003090 entry=80704.60
[18:54:03.551] [INFO] [EXEC] CHUNK COUNT n=14
[18:54:03.552] [INFO] [EXEC] STREAM_TARGET_USED ticks=80 sell_price=80705.40
[18:54:03.814] [INFO] [EXEC] STREAM_SELL_PLACED stream_id=14 chunk_id=1605816074752 order_id=386800936 price=80705.40 qty=0.003090
[18:54:04.079] [INFO] [EXEC] STREAM_BUY_FILLED level_id=15
[18:54:04.080] [OK] [EXEC] CHUNK ADD qty=0.003090 entry=80704.50
[18:54:04.081] [INFO] [EXEC] CHUNK COUNT n=15
[18:54:04.082] [INFO] [EXEC] STREAM_TARGET_USED ticks=80 sell_price=80705.30
[18:54:04.359] [INFO] [EXEC] STREAM_SELL_PLACED stream_id=15 chunk_id=1605816080128 order_id=386800957 price=80705.30 qty=0.003090
[18:54:04.654] [INFO] [EXEC] STREAM_SELL_STATUS stream_id=1 chunk_id=1605815952656 order_id=386800292 status=FILLED
[18:54:04.655] [INFO] [EXEC] STREAM_SELL_FILLED stream_id=1 chunk_id=1605815952656 order_id=386800292
[18:54:04.656] [OK] [EXEC] FIFO CLOSE qty=0.003090 entry=80705.90 exit=80706.70 pnl=+0.002472
[18:54:04.658] [INFO] [EXEC] STREAM_PNL stream_id=1 pnl=+0.002472
[18:54:04.659] [INFO] [EXEC] STREAM_RECYCLED level_id=1
[18:54:04.660] [INFO] [EXEC] STREAM_RECYCLED stream_id=1
[18:54:04.924] [INFO] [EXEC] STREAM_SELL_STATUS stream_id=2 chunk_id=1605815954384 order_id=386800327 status=FILLED
[18:54:04.928] [INFO] [EXEC] STREAM_SELL_FILLED stream_id=2 chunk_id=1605815954384 order_id=386800327
[18:54:04.930] [OK] [EXEC] FIFO CLOSE qty=0.003090 entry=80705.80 exit=80706.60 pnl=+0.002472
[18:54:04.932] [INFO] [EXEC] STREAM_PNL stream_id=2 pnl=+0.002472
[18:54:04.934] [INFO] [EXEC] STREAM_RECYCLED level_id=2
[18:54:04.936] [INFO] [EXEC] STREAM_RECYCLED stream_id=2
[18:54:05.200] [INFO] [EXEC] STREAM_SELL_STATUS stream_id=3 chunk_id=1605815948288 order_id=386800410 status=FILLED
[18:54:05.202] [INFO] [EXEC] STREAM_SELL_FILLED stream_id=3 chunk_id=1605815948288 order_id=386800410
[18:54:05.204] [OK] [EXEC] FIFO CLOSE qty=0.003090 entry=80705.70 exit=80706.50 pnl=+0.002472
[18:54:05.205] [INFO] [EXEC] STREAM_PNL stream_id=3 pnl=+0.002472
[18:54:05.206] [INFO] [EXEC] STREAM_RECYCLED level_id=3
[18:54:05.208] [INFO] [EXEC] STREAM_RECYCLED stream_id=3
[18:54:05.504] [INFO] [EXEC] STREAM_SELL_STATUS stream_id=4 chunk_id=1605815430528 order_id=386800431 status=FILLED
[18:54:05.507] [INFO] [EXEC] STREAM_SELL_FILLED stream_id=4 chunk_id=1605815430528 order_id=386800431
[18:54:05.510] [OK] [EXEC] FIFO CLOSE qty=0.003090 entry=80705.60 exit=80706.40 pnl=+0.002472
[18:54:05.512] [INFO] [EXEC] STREAM_PNL stream_id=4 pnl=+0.002472
[18:54:05.514] [INFO] [EXEC] STREAM_RECYCLED level_id=4
[18:54:05.516] [INFO] [EXEC] STREAM_RECYCLED stream_id=4
[18:54:05.863] [INFO] [EXEC] STREAM_SELL_STATUS stream_id=5 chunk_id=1605815959232 order_id=386800451 status=FILLED
[18:54:05.866] [INFO] [EXEC] STREAM_SELL_FILLED stream_id=5 chunk_id=1605815959232 order_id=386800451
[18:54:05.870] [OK] [EXEC] FIFO CLOSE qty=0.003090 entry=80705.50 exit=80706.30 pnl=+0.002472
[18:54:05.872] [INFO] [EXEC] STREAM_PNL stream_id=5 pnl=+0.002472
[18:54:05.874] [INFO] [EXEC] STREAM_RECYCLED level_id=5
[18:54:05.877] [INFO] [EXEC] STREAM_RECYCLED stream_id=5
[18:54:06.176] [INFO] [EXEC] STREAM_SELL_STATUS stream_id=6 chunk_id=1605815957024 order_id=386800486 status=FILLED
[18:54:06.178] [INFO] [EXEC] STREAM_SELL_FILLED stream_id=6 chunk_id=1605815957024 order_id=386800486
[18:54:06.179] [OK] [EXEC] FIFO CLOSE qty=0.003090 entry=80705.40 exit=80706.20 pnl=+0.002472
[18:54:06.180] [INFO] [EXEC] STREAM_PNL stream_id=6 pnl=+0.002472
[18:54:06.181] [INFO] [EXEC] STREAM_RECYCLED level_id=6
[18:54:06.182] [INFO] [EXEC] STREAM_RECYCLED stream_id=6
[18:54:06.475] [INFO] [EXEC] STREAM_SELL_STATUS stream_id=7 chunk_id=1605815429856 order_id=386800526 status=FILLED
[18:54:06.476] [INFO] [EXEC] STREAM_SELL_FILLED stream_id=7 chunk_id=1605815429856 order_id=386800526
[18:54:06.477] [OK] [EXEC] FIFO CLOSE qty=0.003090 entry=80705.30 exit=80706.10 pnl=+0.002472
[18:54:06.478] [INFO] [EXEC] STREAM_PNL stream_id=7 pnl=+0.002472
[18:54:06.480] [INFO] [EXEC] STREAM_RECYCLED level_id=7
[18:54:06.481] [INFO] [EXEC] STREAM_RECYCLED stream_id=7
[18:54:06.747] [INFO] [EXEC] STREAM_SELL_STATUS stream_id=8 chunk_id=1605815430384 order_id=386800540 status=FILLED
[18:54:06.748] [INFO] [EXEC] STREAM_SELL_FILLED stream_id=8 chunk_id=1605815430384 order_id=386800540
[18:54:06.752] [OK] [EXEC] FIFO CLOSE qty=0.003090 entry=80705.20 exit=80706.00 pnl=+0.002472
[18:54:06.754] [INFO] [EXEC] STREAM_PNL stream_id=8 pnl=+0.002472
[18:54:06.755] [INFO] [EXEC] STREAM_RECYCLED level_id=8
[18:54:06.756] [INFO] [EXEC] STREAM_RECYCLED stream_id=8
[18:54:07.040] [INFO] [EXEC] STREAM_SELL_STATUS stream_id=9 chunk_id=1605815958896 order_id=386800584 status=FILLED
[18:54:07.043] [INFO] [EXEC] STREAM_SELL_FILLED stream_id=9 chunk_id=1605815958896 order_id=386800584
[18:54:07.045] [OK] [EXEC] FIFO CLOSE qty=0.003090 entry=80705.10 exit=80705.90 pnl=+0.002472
[18:54:07.047] [INFO] [EXEC] STREAM_PNL stream_id=9 pnl=+0.002472
[18:54:07.048] [INFO] [EXEC] STREAM_RECYCLED level_id=9
[18:54:07.050] [INFO] [EXEC] STREAM_RECYCLED stream_id=9
[18:54:07.320] [INFO] [EXEC] STREAM_SELL_STATUS stream_id=10 chunk_id=1605815946032 order_id=386800703 status=FILLED
[18:54:07.322] [INFO] [EXEC] STREAM_SELL_FILLED stream_id=10 chunk_id=1605815946032 order_id=386800703
[18:54:07.324] [OK] [EXEC] FIFO CLOSE qty=0.003090 entry=80705.00 exit=80705.80 pnl=+0.002472
[18:54:07.326] [INFO] [EXEC] STREAM_PNL stream_id=10 pnl=+0.002472
[18:54:07.327] [INFO] [EXEC] STREAM_RECYCLED level_id=10
[18:54:07.329] [INFO] [EXEC] STREAM_RECYCLED stream_id=10
[18:54:07.592] [INFO] [EXEC] STREAM_SELL_STATUS stream_id=11 chunk_id=1605815945024 order_id=386800735 status=FILLED
[18:54:07.594] [INFO] [EXEC] STREAM_SELL_FILLED stream_id=11 chunk_id=1605815945024 order_id=386800735
[18:54:07.597] [OK] [EXEC] FIFO CLOSE qty=0.003090 entry=80704.90 exit=80705.70 pnl=+0.002472
[18:54:07.599] [INFO] [EXEC] STREAM_PNL stream_id=11 pnl=+0.002472
[18:54:07.601] [INFO] [EXEC] STREAM_RECYCLED level_id=11
[18:54:07.602] [INFO] [EXEC] STREAM_RECYCLED stream_id=11
[18:54:07.873] [INFO] [EXEC] STREAM_SELL_STATUS stream_id=12 chunk_id=1605815946800 order_id=386800821 status=FILLED
[18:54:07.877] [INFO] [EXEC] STREAM_SELL_FILLED stream_id=12 chunk_id=1605815946800 order_id=386800821
[18:54:07.879] [OK] [EXEC] FIFO CLOSE qty=0.003090 entry=80704.80 exit=80705.60 pnl=+0.002472
[18:54:07.880] [INFO] [EXEC] STREAM_PNL stream_id=12 pnl=+0.002472
[18:54:07.882] [INFO] [EXEC] STREAM_RECYCLED level_id=12
[18:54:07.884] [INFO] [EXEC] STREAM_RECYCLED stream_id=12
[18:54:08.195] [INFO] [EXEC] STREAM_SELL_STATUS stream_id=13 chunk_id=1605816086080 order_id=386800878 status=FILLED
[18:54:08.199] [INFO] [EXEC] STREAM_SELL_FILLED stream_id=13 chunk_id=1605816086080 order_id=386800878
[18:54:08.203] [OK] [EXEC] FIFO CLOSE qty=0.003090 entry=80704.70 exit=80705.50 pnl=+0.002472
[18:54:08.206] [INFO] [EXEC] STREAM_PNL stream_id=13 pnl=+0.002472
[18:54:08.209] [INFO] [EXEC] STREAM_RECYCLED level_id=13
[18:54:08.211] [INFO] [EXEC] STREAM_RECYCLED stream_id=13
[18:54:08.481] [INFO] [EXEC] STREAM_SELL_STATUS stream_id=14 chunk_id=1605816074752 order_id=386800936 status=FILLED
[18:54:08.482] [INFO] [EXEC] STREAM_SELL_FILLED stream_id=14 chunk_id=1605816074752 order_id=386800936
[18:54:08.483] [OK] [EXEC] FIFO CLOSE qty=0.003090 entry=80704.60 exit=80705.40 pnl=+0.002472
[18:54:08.485] [INFO] [EXEC] STREAM_PNL stream_id=14 pnl=+0.002472
[18:54:08.486] [INFO] [EXEC] STREAM_RECYCLED level_id=14
[18:54:08.487] [INFO] [EXEC] STREAM_RECYCLED stream_id=14
[18:54:08.760] [INFO] [EXEC] STREAM_SELL_STATUS stream_id=15 chunk_id=1605816080128 order_id=386800957 status=FILLED
[18:54:08.763] [INFO] [EXEC] STREAM_SELL_FILLED stream_id=15 chunk_id=1605816080128 order_id=386800957
[18:54:08.765] [OK] [EXEC] FIFO CLOSE qty=0.003090 entry=80704.50 exit=80705.30 pnl=+0.002472
[18:54:08.766] [INFO] [EXEC] STREAM_PNL stream_id=15 pnl=+0.002472
[18:54:08.768] [INFO] [EXEC] STREAM_RECYCLED level_id=15
[18:54:08.769] [INFO] [EXEC] STREAM_RECYCLED stream_id=15
[18:54:08.771] [INFO] [HEALTH] state=GOOD
[18:54:08.771] [INFO] [EXEC] STREAM_GUARD_SIMPLE_PASS
[18:54:08.772] [INFO] [EXEC] STREAM_MODE_ACTIVE_SKIP_SINGLE_ENTRY
[18:54:09.036] [INFO] [EXEC] STREAM_BUY_PLACED level_id=1 order_id=386801231
[18:54:09.039] [OK] [EXEC] PLACE BUY price=80705.90 qty=0.003090
[18:54:09.320] [INFO] [EXEC] STREAM_BUY_PLACED level_id=2 order_id=386801233
[18:54:09.322] [OK] [EXEC] PLACE BUY price=80705.80 qty=0.003090
[18:54:09.589] [INFO] [EXEC] STREAM_BUY_PLACED level_id=3 order_id=386801243
[18:54:09.591] [OK] [EXEC] PLACE BUY price=80705.70 qty=0.003090
[18:54:11.724] [INFO] [HEALTH] state=DANGER
[18:54:11.724] [INFO] [EXEC] STREAM_GUARD_SIMPLE_PASS
[18:54:11.726] [INFO] [EXEC] STREAM_MODE_ACTIVE_SKIP_SINGLE_ENTRY
[18:54:11.995] [INFO] [EXEC] STREAM_BUY_PLACED level_id=4 order_id=386801340
[18:54:11.999] [OK] [EXEC] PLACE BUY price=80705.60 qty=0.003090
[18:54:12.269] [INFO] [EXEC] STREAM_BUY_PLACED level_id=5 order_id=386801342
[18:54:12.273] [OK] [EXEC] PLACE BUY price=80705.50 qty=0.003090
[18:54:12.546] [INFO] [EXEC] STREAM_BUY_PLACED level_id=6 order_id=386801344
[18:54:12.550] [OK] [EXEC] PLACE BUY price=80705.40 qty=0.003090
[18:54:14.725] [INFO] [EXEC] STREAM_GUARD_SIMPLE_PASS
[18:54:15.038] [INFO] [EXEC] STREAM_BUY_PLACED level_id=7 order_id=386801442
[18:54:15.042] [OK] [EXEC] PLACE BUY price=80705.30 qty=0.003090
[18:54:15.318] [INFO] [EXEC] STREAM_BUY_PLACED level_id=8 order_id=386801444
[18:54:15.321] [OK] [EXEC] PLACE BUY price=80705.20 qty=0.003090
[18:54:15.597] [INFO] [EXEC] STREAM_BUY_PLACED level_id=9 order_id=386801464
[18:54:15.598] [OK] [EXEC] PLACE BUY price=80705.10 qty=0.003090
[18:54:18.973] [INFO] [HEALTH] state=DANGER
[18:54:18.974] [INFO] [EXEC] STREAM_GUARD_SIMPLE_PASS
[18:54:18.976] [INFO] [EXEC] STREAM_MODE_ACTIVE_SKIP_SINGLE_ENTRY
[18:54:19.254] [INFO] [EXEC] STREAM_BUY_PLACED level_id=10 order_id=386801746
[18:54:19.258] [OK] [EXEC] PLACE BUY price=80705.00 qty=0.003090
[18:54:19.532] [INFO] [EXEC] STREAM_BUY_PLACED level_id=11 order_id=386801765
[18:54:19.535] [OK] [EXEC] PLACE BUY price=80704.90 qty=0.003090
[18:54:19.795] [INFO] [EXEC] STREAM_BUY_PLACED level_id=12 order_id=386801776
[18:54:19.799] [OK] [EXEC] PLACE BUY price=80704.80 qty=0.003090
[18:54:24.369] [INFO] [EXEC] STREAM_GUARD_SIMPLE_PASS
[18:54:24.371] [INFO] [EXEC] STREAM_MODE_ACTIVE_SKIP_SINGLE_ENTRY
[18:54:24.639] [INFO] [EXEC] STREAM_BUY_PLACED level_id=13 order_id=386801959
[18:54:24.642] [OK] [EXEC] PLACE BUY price=80704.70 qty=0.003090
[18:54:25.397] [INFO] [EXEC] STREAM_BUY_PLACED level_id=14 order_id=386801974
[18:54:25.399] [OK] [EXEC] PLACE BUY price=80704.60 qty=0.003090
[18:54:25.707] [INFO] [EXEC] STREAM_BUY_PLACED level_id=15 order_id=386801984
[18:54:25.711] [OK] [EXEC] PLACE BUY price=80704.50 qty=0.003090
[18:54:29.835] [INFO] [EXEC] STREAM_BUY_FILLED level_id=10
[18:54:29.839] [OK] [EXEC] CHUNK ADD qty=0.003090 entry=80705.00
[18:54:29.841] [INFO] [EXEC] CHUNK COUNT n=1
[18:54:29.842] [INFO] [EXEC] STREAM_TARGET_USED ticks=80 sell_price=80705.80
[18:54:30.116] [INFO] [EXEC] STREAM_SELL_PLACED stream_id=10 chunk_id=1605815952896 order_id=386802122 price=80705.80 qty=0.003090
[18:54:30.394] [INFO] [EXEC] STREAM_BUY_FILLED level_id=11
[18:54:30.398] [OK] [EXEC] CHUNK ADD qty=0.003090 entry=80704.90
[18:54:30.401] [INFO] [EXEC] CHUNK COUNT n=2
[18:54:30.404] [INFO] [EXEC] STREAM_TARGET_USED ticks=80 sell_price=80705.70
[18:54:30.685] [INFO] [EXEC] STREAM_SELL_PLACED stream_id=11 chunk_id=1605816077872 order_id=386802191 price=80705.70 qty=0.003090
[18:54:30.947] [INFO] [EXEC] STREAM_BUY_FILLED level_id=12
[18:54:30.950] [OK] [EXEC] CHUNK ADD qty=0.003090 entry=80704.80
[18:54:30.951] [INFO] [EXEC] CHUNK COUNT n=3
[18:54:30.953] [INFO] [EXEC] STREAM_TARGET_USED ticks=80 sell_price=80705.60
[18:54:31.240] [INFO] [EXEC] STREAM_SELL_PLACED stream_id=12 chunk_id=1605816088960 order_id=386802235 price=80705.60 qty=0.003090
[18:54:31.506] [INFO] [EXEC] STREAM_BUY_FILLED level_id=13
[18:54:31.508] [OK] [EXEC] CHUNK ADD qty=0.003090 entry=80704.70
[18:54:31.510] [INFO] [EXEC] CHUNK COUNT n=4
[18:54:31.512] [INFO] [EXEC] STREAM_TARGET_USED ticks=80 sell_price=80705.50
[18:54:31.775] [INFO] [EXEC] STREAM_SELL_PLACED stream_id=13 chunk_id=1605815434608 order_id=386802246 price=80705.50 qty=0.003090
[18:54:32.053] [INFO] [EXEC] STREAM_BUY_FILLED level_id=14
[18:54:32.056] [OK] [EXEC] CHUNK ADD qty=0.003090 entry=80704.60
[18:54:32.058] [INFO] [EXEC] CHUNK COUNT n=5
[18:54:32.060] [INFO] [EXEC] STREAM_TARGET_USED ticks=80 sell_price=80705.40
[18:54:32.361] [INFO] [EXEC] STREAM_SELL_PLACED stream_id=14 chunk_id=1605815958656 order_id=386802307 price=80705.40 qty=0.003090
[18:54:32.640] [INFO] [EXEC] STREAM_BUY_FILLED level_id=15
[18:54:32.644] [OK] [EXEC] CHUNK ADD qty=0.003090 entry=80704.50
[18:54:32.646] [INFO] [EXEC] CHUNK COUNT n=6
[18:54:32.648] [INFO] [EXEC] STREAM_TARGET_USED ticks=80 sell_price=80705.30
[18:54:32.968] [INFO] [EXEC] STREAM_SELL_PLACED stream_id=15 chunk_id=1605816087808 order_id=386802378 price=80705.30 qty=0.003090
[18:54:33.282] [INFO] [EXEC] STREAM_SELL_STATUS stream_id=10 chunk_id=1605815952896 order_id=386802122 status=FILLED
[18:54:33.286] [INFO] [EXEC] STREAM_SELL_FILLED stream_id=10 chunk_id=1605815952896 order_id=386802122
[18:54:33.288] [OK] [EXEC] FIFO CLOSE qty=0.003090 entry=80705.00 exit=80705.80 pnl=+0.002472
[18:54:33.290] [INFO] [EXEC] STREAM_PNL stream_id=10 pnl=+0.002472
[18:54:33.291] [INFO] [EXEC] STREAM_RECYCLED level_id=10
[18:54:33.293] [INFO] [EXEC] STREAM_RECYCLED stream_id=10
[18:54:33.562] [INFO] [EXEC] STREAM_SELL_STATUS stream_id=11 chunk_id=1605816077872 order_id=386802191 status=FILLED
[18:54:33.566] [INFO] [EXEC] STREAM_SELL_FILLED stream_id=11 chunk_id=1605816077872 order_id=386802191
[18:54:33.567] [OK] [EXEC] FIFO CLOSE qty=0.003090 entry=80704.90 exit=80705.70 pnl=+0.002472
[18:54:33.568] [INFO] [EXEC] STREAM_PNL stream_id=11 pnl=+0.002472
[18:54:33.569] [INFO] [EXEC] STREAM_RECYCLED level_id=11
[18:54:33.570] [INFO] [EXEC] STREAM_RECYCLED stream_id=11
[18:54:33.841] [INFO] [EXEC] STREAM_SELL_STATUS stream_id=12 chunk_id=1605816088960 order_id=386802235 status=FILLED
[18:54:33.844] [INFO] [EXEC] STREAM_SELL_FILLED stream_id=12 chunk_id=1605816088960 order_id=386802235
[18:54:33.848] [OK] [EXEC] FIFO CLOSE qty=0.003090 entry=80704.80 exit=80705.60 pnl=+0.002472
[18:54:33.851] [INFO] [EXEC] STREAM_PNL stream_id=12 pnl=+0.002472
[18:54:33.854] [INFO] [EXEC] STREAM_RECYCLED level_id=12
[18:54:33.856] [INFO] [EXEC] STREAM_RECYCLED stream_id=12
[18:54:34.138] [INFO] [EXEC] STREAM_SELL_STATUS stream_id=13 chunk_id=1605815434608 order_id=386802246 status=FILLED
[18:54:34.141] [INFO] [EXEC] STREAM_SELL_FILLED stream_id=13 chunk_id=1605815434608 order_id=386802246
[18:54:34.144] [OK] [EXEC] FIFO CLOSE qty=0.003090 entry=80704.70 exit=80705.50 pnl=+0.002472
[18:54:34.145] [INFO] [EXEC] STREAM_PNL stream_id=13 pnl=+0.002472
[18:54:34.147] [INFO] [EXEC] STREAM_RECYCLED level_id=13
[18:54:34.149] [INFO] [EXEC] STREAM_RECYCLED stream_id=13
[18:54:34.418] [INFO] [EXEC] STREAM_SELL_STATUS stream_id=14 chunk_id=1605815958656 order_id=386802307 status=FILLED
[18:54:34.420] [INFO] [EXEC] STREAM_SELL_FILLED stream_id=14 chunk_id=1605815958656 order_id=386802307
[18:54:34.422] [OK] [EXEC] FIFO CLOSE qty=0.003090 entry=80704.60 exit=80705.40 pnl=+0.002472
[18:54:34.424] [INFO] [EXEC] STREAM_PNL stream_id=14 pnl=+0.002472
[18:54:34.425] [INFO] [EXEC] STREAM_RECYCLED level_id=14
[18:54:34.427] [INFO] [EXEC] STREAM_RECYCLED stream_id=14
[18:54:34.721] [INFO] [EXEC] STREAM_SELL_STATUS stream_id=15 chunk_id=1605816087808 order_id=386802378 status=FILLED
[18:54:34.724] [INFO] [EXEC] STREAM_SELL_FILLED stream_id=15 chunk_id=1605816087808 order_id=386802378
[18:54:34.727] [OK] [EXEC] FIFO CLOSE qty=0.003090 entry=80704.50 exit=80705.30 pnl=+0.002472
[18:54:34.730] [INFO] [EXEC] STREAM_PNL stream_id=15 pnl=+0.002472
[18:54:34.732] [INFO] [EXEC] STREAM_RECYCLED level_id=15
[18:54:34.733] [INFO] [EXEC] STREAM_RECYCLED stream_id=15
[18:54:34.735] [WARNING] [HEALTH] block spread_too_young lifetime=0
[18:54:34.735] [WARNING] [HEALTH] unstable_spread lifetime=0
[18:54:34.736] [INFO] [EXEC] STREAM_GUARD_SIMPLE_PASS
[18:54:34.737] [INFO] [EXEC] STREAM_MODE_ACTIVE_SKIP_SINGLE_ENTRY
[18:54:34.999] [INFO] [EXEC] STREAM_BUY_PLACED level_id=10 order_id=386802446
[18:54:35.004] [OK] [EXEC] PLACE BUY price=80705.00 qty=0.003090
[18:54:35.269] [INFO] [EXEC] STREAM_BUY_PLACED level_id=11 order_id=386802456
[18:54:35.271] [OK] [EXEC] PLACE BUY price=80704.90 qty=0.003090
[18:54:35.561] [INFO] [EXEC] STREAM_BUY_PLACED level_id=12 order_id=386802458
[18:54:35.565] [OK] [EXEC] PLACE BUY price=80704.80 qty=0.003090
[18:54:36.915] [INFO] [EXEC] STREAM_BUY_FILLED level_id=1
[18:54:36.918] [OK] [EXEC] CHUNK ADD qty=0.003090 entry=80705.90
[18:54:36.920] [INFO] [EXEC] CHUNK COUNT n=1
[18:54:36.922] [INFO] [EXEC] STREAM_TARGET_USED ticks=80 sell_price=80706.70
[18:54:37.189] [INFO] [EXEC] STREAM_SELL_PLACED stream_id=1 chunk_id=1605816083632 order_id=386802513 price=80706.70 qty=0.003090
[18:54:37.481] [INFO] [EXEC] STREAM_BUY_FILLED level_id=2
[18:54:37.482] [OK] [EXEC] CHUNK ADD qty=0.003090 entry=80705.80
[18:54:37.484] [INFO] [EXEC] CHUNK COUNT n=2
[18:54:37.485] [INFO] [EXEC] STREAM_TARGET_USED ticks=80 sell_price=80706.60
[18:54:37.759] [INFO] [EXEC] STREAM_SELL_PLACED stream_id=2 chunk_id=1605815945024 order_id=386802521 price=80706.60 qty=0.003090
[18:54:38.020] [INFO] [EXEC] STREAM_BUY_FILLED level_id=3
[18:54:38.021] [OK] [EXEC] CHUNK ADD qty=0.003090 entry=80705.70
[18:54:38.022] [INFO] [EXEC] CHUNK COUNT n=3
[18:54:38.023] [INFO] [EXEC] STREAM_TARGET_USED ticks=80 sell_price=80706.50
[18:54:38.292] [INFO] [EXEC] STREAM_SELL_PLACED stream_id=3 chunk_id=1605816082720 order_id=386802546 price=80706.50 qty=0.003090
[18:54:38.559] [INFO] [EXEC] STREAM_BUY_FILLED level_id=4
[18:54:38.562] [OK] [EXEC] CHUNK ADD qty=0.003090 entry=80705.60
[18:54:38.562] [INFO] [EXEC] CHUNK COUNT n=4
[18:54:38.564] [INFO] [EXEC] STREAM_TARGET_USED ticks=80 sell_price=80706.40
[18:54:38.830] [INFO] [EXEC] STREAM_SELL_PLACED stream_id=4 chunk_id=1605815959328 order_id=386802548 price=80706.40 qty=0.003090
[18:54:39.100] [INFO] [EXEC] STREAM_BUY_FILLED level_id=5
[18:54:39.102] [OK] [EXEC] CHUNK ADD qty=0.003090 entry=80705.50
[18:54:39.102] [INFO] [EXEC] CHUNK COUNT n=5
[18:54:39.103] [INFO] [EXEC] STREAM_TARGET_USED ticks=80 sell_price=80706.30
[18:54:39.378] [INFO] [EXEC] STREAM_SELL_PLACED stream_id=5 chunk_id=1605816082864 order_id=386802558 price=80706.30 qty=0.003090
[18:54:39.644] [INFO] [EXEC] STREAM_BUY_FILLED level_id=6
[18:54:39.646] [OK] [EXEC] CHUNK ADD qty=0.003090 entry=80705.40
[18:54:39.647] [INFO] [EXEC] CHUNK COUNT n=6
[18:54:39.648] [INFO] [EXEC] STREAM_TARGET_USED ticks=80 sell_price=80706.20
[18:54:39.913] [INFO] [EXEC] STREAM_SELL_PLACED stream_id=6 chunk_id=1605816084400 order_id=386802563 price=80706.20 qty=0.003090
[18:54:40.196] [INFO] [EXEC] STREAM_BUY_FILLED level_id=7
[18:54:40.197] [OK] [EXEC] CHUNK ADD qty=0.003090 entry=80705.30
[18:54:40.199] [INFO] [EXEC] CHUNK COUNT n=7
[18:54:40.200] [INFO] [EXEC] STREAM_TARGET_USED ticks=80 sell_price=80706.10
[18:54:40.465] [INFO] [EXEC] STREAM_SELL_PLACED stream_id=7 chunk_id=1605816079984 order_id=386802572 price=80706.10 qty=0.003090
[18:54:40.824] [INFO] [EXEC] STREAM_BUY_FILLED level_id=8
[18:54:40.828] [OK] [EXEC] CHUNK ADD qty=0.003090 entry=80705.20
[18:54:40.830] [INFO] [EXEC] CHUNK COUNT n=8
[18:54:40.833] [INFO] [EXEC] STREAM_TARGET_USED ticks=80 sell_price=80706.00
[18:54:41.108] [INFO] [EXEC] STREAM_SELL_PLACED stream_id=8 chunk_id=1605815956400 order_id=386802622 price=80706.00 qty=0.003090
[18:54:41.384] [INFO] [EXEC] STREAM_BUY_FILLED level_id=9
[18:54:41.388] [OK] [EXEC] CHUNK ADD qty=0.003090 entry=80705.10
[18:54:41.390] [INFO] [EXEC] CHUNK COUNT n=9
[18:54:41.390] [INFO] [EXEC] STREAM_TARGET_USED ticks=80 sell_price=80705.90
[18:54:41.655] [INFO] [EXEC] STREAM_SELL_PLACED stream_id=9 chunk_id=1605816082432 order_id=386802656 price=80705.90 qty=0.003090
[18:54:42.737] [INFO] [EXEC] STREAM_SELL_STATUS stream_id=1 chunk_id=1605816083632 order_id=386802513 status=FILLED
[18:54:42.741] [INFO] [EXEC] STREAM_SELL_FILLED stream_id=1 chunk_id=1605816083632 order_id=386802513
[18:54:42.743] [OK] [EXEC] FIFO CLOSE qty=0.003090 entry=80705.90 exit=80706.70 pnl=+0.002472
[18:54:42.746] [INFO] [EXEC] STREAM_PNL stream_id=1 pnl=+0.002472
[18:54:42.748] [INFO] [EXEC] STREAM_RECYCLED level_id=1
[18:54:42.749] [INFO] [EXEC] STREAM_RECYCLED stream_id=1
[18:54:43.016] [INFO] [EXEC] STREAM_SELL_STATUS stream_id=2 chunk_id=1605815945024 order_id=386802521 status=FILLED
[18:54:43.019] [INFO] [EXEC] STREAM_SELL_FILLED stream_id=2 chunk_id=1605815945024 order_id=386802521
[18:54:43.022] [OK] [EXEC] FIFO CLOSE qty=0.003090 entry=80705.80 exit=80706.60 pnl=+0.002472
[18:54:43.024] [INFO] [EXEC] STREAM_PNL stream_id=2 pnl=+0.002472
[18:54:43.026] [INFO] [EXEC] STREAM_RECYCLED level_id=2
[18:54:43.027] [INFO] [EXEC] STREAM_RECYCLED stream_id=2
[18:54:43.290] [INFO] [EXEC] STREAM_SELL_STATUS stream_id=3 chunk_id=1605816082720 order_id=386802546 status=FILLED
[18:54:43.293] [INFO] [EXEC] STREAM_SELL_FILLED stream_id=3 chunk_id=1605816082720 order_id=386802546
[18:54:43.296] [OK] [EXEC] FIFO CLOSE qty=0.003090 entry=80705.70 exit=80706.50 pnl=+0.002472
[18:54:43.298] [INFO] [EXEC] STREAM_PNL stream_id=3 pnl=+0.002472
[18:54:43.300] [INFO] [EXEC] STREAM_RECYCLED level_id=3
[18:54:43.301] [INFO] [EXEC] STREAM_RECYCLED stream_id=3
[18:54:43.580] [INFO] [EXEC] STREAM_SELL_STATUS stream_id=4 chunk_id=1605815959328 order_id=386802548 status=FILLED
[18:54:43.581] [INFO] [EXEC] STREAM_SELL_FILLED stream_id=4 chunk_id=1605815959328 order_id=386802548
[18:54:43.582] [OK] [EXEC] FIFO CLOSE qty=0.003090 entry=80705.60 exit=80706.40 pnl=+0.002472
[18:54:43.583] [INFO] [EXEC] STREAM_PNL stream_id=4 pnl=+0.002472
[18:54:43.584] [INFO] [EXEC] STREAM_RECYCLED level_id=4
[18:54:43.587] [INFO] [EXEC] STREAM_RECYCLED stream_id=4
[18:54:43.846] [INFO] [EXEC] STREAM_SELL_STATUS stream_id=5 chunk_id=1605816082864 order_id=386802558 status=FILLED
[18:54:43.848] [INFO] [EXEC] STREAM_SELL_FILLED stream_id=5 chunk_id=1605816082864 order_id=386802558
[18:54:43.850] [OK] [EXEC] FIFO CLOSE qty=0.003090 entry=80705.50 exit=80706.30 pnl=+0.002472
[18:54:43.851] [INFO] [EXEC] STREAM_PNL stream_id=5 pnl=+0.002472
[18:54:43.852] [INFO] [EXEC] STREAM_RECYCLED level_id=5
[18:54:43.853] [INFO] [EXEC] STREAM_RECYCLED stream_id=5
[18:54:44.116] [INFO] [EXEC] STREAM_SELL_STATUS stream_id=6 chunk_id=1605816084400 order_id=386802563 status=FILLED
[18:54:44.120] [INFO] [EXEC] STREAM_SELL_FILLED stream_id=6 chunk_id=1605816084400 order_id=386802563
[18:54:44.123] [OK] [EXEC] FIFO CLOSE qty=0.003090 entry=80705.40 exit=80706.20 pnl=+0.002472
[18:54:44.125] [INFO] [EXEC] STREAM_PNL stream_id=6 pnl=+0.002472
[18:54:44.127] [INFO] [EXEC] STREAM_RECYCLED level_id=6
[18:54:44.128] [INFO] [EXEC] STREAM_RECYCLED stream_id=6
[18:54:44.415] [INFO] [EXEC] STREAM_SELL_STATUS stream_id=7 chunk_id=1605816079984 order_id=386802572 status=FILLED
[18:54:44.417] [INFO] [EXEC] STREAM_SELL_FILLED stream_id=7 chunk_id=1605816079984 order_id=386802572
[18:54:44.419] [OK] [EXEC] FIFO CLOSE qty=0.003090 entry=80705.30 exit=80706.10 pnl=+0.002472
[18:54:44.420] [INFO] [EXEC] STREAM_PNL stream_id=7 pnl=+0.002472
[18:54:44.422] [INFO] [EXEC] STREAM_RECYCLED level_id=7
[18:54:44.423] [INFO] [EXEC] STREAM_RECYCLED stream_id=7
[18:54:44.720] [INFO] [EXEC] STREAM_SELL_STATUS stream_id=8 chunk_id=1605815956400 order_id=386802622 status=FILLED
[18:54:44.722] [INFO] [EXEC] STREAM_SELL_FILLED stream_id=8 chunk_id=1605815956400 order_id=386802622
[18:54:44.725] [OK] [EXEC] FIFO CLOSE qty=0.003090 entry=80705.20 exit=80706.00 pnl=+0.002472
[18:54:44.726] [INFO] [EXEC] STREAM_PNL stream_id=8 pnl=+0.002472
[18:54:44.728] [INFO] [EXEC] STREAM_RECYCLED level_id=8
[18:54:44.729] [INFO] [EXEC] STREAM_RECYCLED stream_id=8
[18:54:45.013] [INFO] [EXEC] STREAM_SELL_STATUS stream_id=9 chunk_id=1605816082432 order_id=386802656 status=FILLED
[18:54:45.016] [INFO] [EXEC] STREAM_SELL_FILLED stream_id=9 chunk_id=1605816082432 order_id=386802656
[18:54:45.019] [OK] [EXEC] FIFO CLOSE qty=0.003090 entry=80705.10 exit=80705.90 pnl=+0.002472
[18:54:45.022] [INFO] [EXEC] STREAM_PNL stream_id=9 pnl=+0.002472
[18:54:45.025] [INFO] [EXEC] STREAM_RECYCLED level_id=9
[18:54:45.028] [INFO] [EXEC] STREAM_RECYCLED stream_id=9
[18:54:45.031] [INFO] [HEALTH] state=DANGER
[18:54:45.032] [INFO] [EXEC] STREAM_GUARD_SIMPLE_PASS
[18:54:45.034] [INFO] [EXEC] STREAM_MODE_ACTIVE_SKIP_SINGLE_ENTRY
[18:54:45.298] [INFO] [EXEC] STREAM_BUY_PLACED level_id=1 order_id=386802782
[18:54:45.302] [OK] [EXEC] PLACE BUY price=80705.90 qty=0.003090
[18:54:45.580] [INFO] [EXEC] STREAM_BUY_PLACED level_id=2 order_id=386802784
[18:54:45.583] [OK] [EXEC] PLACE BUY price=80705.80 qty=0.003090
[18:54:45.851] [INFO] [EXEC] STREAM_BUY_PLACED level_id=3 order_id=386802785
[18:54:45.854] [OK] [EXEC] PLACE BUY price=80705.70 qty=0.003090
[18:54:48.738] [WARNING] [HEALTH] block spread_too_young lifetime=0
[18:54:48.741] [WARNING] [HEALTH] unstable_spread lifetime=0
[18:54:48.743] [INFO] [EXEC] STREAM_GUARD_SIMPLE_PASS
[18:54:48.746] [INFO] [EXEC] STREAM_MODE_ACTIVE_SKIP_SINGLE_ENTRY
[18:54:49.011] [INFO] [EXEC] STREAM_BUY_PLACED level_id=4 order_id=386802863
[18:54:49.014] [OK] [EXEC] PLACE BUY price=80705.60 qty=0.003090
[18:54:49.286] [INFO] [EXEC] STREAM_BUY_PLACED level_id=5 order_id=386802868
[18:54:49.289] [OK] [EXEC] PLACE BUY price=80705.50 qty=0.003090
[18:54:49.555] [INFO] [EXEC] STREAM_BUY_PLACED level_id=6 order_id=386802871
[18:54:49.558] [OK] [EXEC] PLACE BUY price=80705.40 qty=0.003090
[18:54:52.408] [INFO] [EXEC] STREAM_GUARD_SIMPLE_PASS
[18:54:52.704] [INFO] [EXEC] STREAM_BUY_PLACED level_id=7 order_id=386802942
[18:54:52.708] [OK] [EXEC] PLACE BUY price=80705.30 qty=0.003090
[18:54:52.978] [INFO] [EXEC] STREAM_BUY_PLACED level_id=8 order_id=386802950
[18:54:52.982] [OK] [EXEC] PLACE BUY price=80705.20 qty=0.003090
[18:54:53.249] [INFO] [EXEC] STREAM_BUY_PLACED level_id=9 order_id=386802985
[18:54:53.253] [OK] [EXEC] PLACE BUY price=80705.10 qty=0.003090
[18:54:58.338] [INFO] [HEALTH] state=DANGER
[18:54:58.339] [INFO] [EXEC] STREAM_GUARD_SIMPLE_PASS
[18:54:58.342] [INFO] [EXEC] STREAM_MODE_ACTIVE_SKIP_SINGLE_ENTRY
[18:54:58.605] [INFO] [EXEC] STREAM_BUY_PLACED level_id=13 order_id=386803145
[18:54:58.608] [OK] [EXEC] PLACE BUY price=80704.70 qty=0.003090
[18:54:58.883] [INFO] [EXEC] STREAM_BUY_PLACED level_id=14 order_id=386803158
[18:54:58.887] [OK] [EXEC] PLACE BUY price=80704.60 qty=0.003090
[18:54:59.193] [INFO] [EXEC] STREAM_BUY_PLACED level_id=15 order_id=386803159
[18:54:59.196] [OK] [EXEC] PLACE BUY price=80704.50 qty=0.003090
[18:55:04.641] [INFO] [HEALTH] state=DANGER
[18:55:04.642] [INFO] [EXEC] STREAM_GUARD_SIMPLE_PASS
[18:55:04.644] [INFO] [EXEC] STREAM_MODE_ACTIVE_SKIP_SINGLE_ENTRY
[18:55:04.920] [INFO] [EXEC] STREAM_BUY_PLACED level_id=16 order_id=386803270
[18:55:04.923] [OK] [EXEC] PLACE BUY price=80704.40 qty=0.003090
[18:55:05.230] [INFO] [EXEC] STREAM_BUY_PLACED level_id=17 order_id=386803273
[18:55:05.233] [OK] [EXEC] PLACE BUY price=80704.30 qty=0.003090
[18:55:05.526] [INFO] [EXEC] STREAM_BUY_PLACED level_id=18 order_id=386803283
[18:55:05.529] [OK] [EXEC] PLACE BUY price=80704.20 qty=0.003090
[18:55:11.991] [WARNING] [HEALTH] block spread_too_young lifetime=0
[18:55:11.995] [WARNING] [HEALTH] unstable_spread lifetime=0
[18:55:11.997] [INFO] [EXEC] STREAM_GUARD_SIMPLE_PASS
[18:55:12.000] [INFO] [EXEC] STREAM_MODE_ACTIVE_SKIP_SINGLE_ENTRY
[18:55:12.275] [INFO] [EXEC] STREAM_BUY_PLACED level_id=19 order_id=386803466
[18:55:12.277] [OK] [EXEC] PLACE BUY price=80704.10 qty=0.003090
[18:55:12.576] [INFO] [EXEC] STREAM_BUY_PLACED level_id=20 order_id=386803475
[18:55:12.578] [OK] [EXEC] PLACE BUY price=80704.00 qty=0.003090
[18:55:19.342] [INFO] [HEALTH] state=DANGER
[18:55:19.343] [INFO] [EXEC] STREAM_GUARD_SIMPLE_PASS
[18:55:19.346] [INFO] [EXEC] STREAM_MODE_ACTIVE_SKIP_SINGLE_ENTRY
[18:55:25.043] [INFO] [EXEC] STREAM_BUY_FILLED level_id=18
[18:55:25.047] [OK] [EXEC] CHUNK ADD qty=0.003090 entry=80704.20
[18:55:25.049] [INFO] [EXEC] CHUNK COUNT n=1
[18:55:25.050] [INFO] [EXEC] STREAM_TARGET_USED ticks=80 sell_price=80705.00
[18:55:25.795] [INFO] [EXEC] STREAM_SELL_PLACED stream_id=18 chunk_id=1605866851168 order_id=386803883 price=80705.00 qty=0.003090
[18:55:26.079] [INFO] [EXEC] STREAM_BUY_FILLED level_id=19
[18:55:26.082] [OK] [EXEC] CHUNK ADD qty=0.003090 entry=80704.10
[18:55:26.084] [INFO] [EXEC] CHUNK COUNT n=2
[18:55:26.086] [INFO] [EXEC] STREAM_TARGET_USED ticks=80 sell_price=80704.90
[18:55:26.352] [INFO] [EXEC] STREAM_SELL_PLACED stream_id=19 chunk_id=1605866855680 order_id=386803911 price=80704.90 qty=0.003090
[18:55:26.617] [INFO] [EXEC] STREAM_BUY_FILLED level_id=20
[18:55:26.619] [OK] [EXEC] CHUNK ADD qty=0.003090 entry=80704.00
[18:55:26.621] [INFO] [EXEC] CHUNK COUNT n=3
[18:55:26.624] [INFO] [EXEC] STREAM_TARGET_USED ticks=80 sell_price=80704.80
[18:55:26.957] [INFO] [EXEC] STREAM_SELL_PLACED stream_id=20 chunk_id=1605866854624 order_id=386804060 price=80704.80 qty=0.003090
[18:55:27.229] [INFO] [EXEC] STREAM_SELL_STATUS stream_id=18 chunk_id=1605866851168 order_id=386803883 status=FILLED
[18:55:27.233] [INFO] [EXEC] STREAM_SELL_FILLED stream_id=18 chunk_id=1605866851168 order_id=386803883
[18:55:27.235] [OK] [EXEC] FIFO CLOSE qty=0.003090 entry=80704.20 exit=80705.00 pnl=+0.002472
[18:55:27.236] [INFO] [EXEC] STREAM_PNL stream_id=18 pnl=+0.002472
[18:55:27.238] [INFO] [EXEC] STREAM_RECYCLED level_id=18
[18:55:27.240] [INFO] [EXEC] STREAM_RECYCLED stream_id=18
[18:55:27.529] [INFO] [EXEC] STREAM_SELL_STATUS stream_id=19 chunk_id=1605866855680 order_id=386803911 status=FILLED
[18:55:27.532] [INFO] [EXEC] STREAM_SELL_FILLED stream_id=19 chunk_id=1605866855680 order_id=386803911
[18:55:27.534] [OK] [EXEC] FIFO CLOSE qty=0.003090 entry=80704.10 exit=80704.90 pnl=+0.002472
[18:55:27.536] [INFO] [EXEC] STREAM_PNL stream_id=19 pnl=+0.002472
[18:55:27.537] [INFO] [EXEC] STREAM_RECYCLED level_id=19
[18:55:27.539] [INFO] [EXEC] STREAM_RECYCLED stream_id=19
[18:55:27.810] [INFO] [EXEC] STREAM_SELL_STATUS stream_id=20 chunk_id=1605866854624 order_id=386804060 status=NEW
[18:55:27.815] [INFO] [EXEC] STREAM_REPAIR_SKIP reason=stream_owned_inventory
[18:55:27.818] [INFO] [EXEC] STREAM_GLOBAL_SELL_SKIP reason=exit_recovery_inventory_no_sell
[18:55:27.820] [INFO] [EXEC] STREAM_GLOBAL_SELL_SKIP reason=place_sell
[18:55:29.455] [INFO] [EXEC] STREAM_BUY_FILLED level_id=1
[18:55:29.460] [OK] [EXEC] CHUNK ADD qty=0.003090 entry=80705.90
[18:55:29.464] [INFO] [EXEC] CHUNK COUNT n=2
[18:55:29.467] [INFO] [EXEC] STREAM_TARGET_USED ticks=80 sell_price=80706.70
[18:55:29.753] [INFO] [EXEC] STREAM_SELL_PLACED stream_id=1 chunk_id=1605815435184 order_id=386804245 price=80706.70 qty=0.003090
[18:55:30.019] [INFO] [EXEC] STREAM_BUY_FILLED level_id=2
[18:55:30.023] [OK] [EXEC] CHUNK ADD qty=0.003090 entry=80705.80
[18:55:30.026] [INFO] [EXEC] CHUNK COUNT n=3
[18:55:30.028] [INFO] [EXEC] STREAM_TARGET_USED ticks=80 sell_price=80706.60
[18:55:30.313] [INFO] [EXEC] STREAM_SELL_PLACED stream_id=2 chunk_id=1605816080320 order_id=386804274 price=80706.60 qty=0.003090
[18:55:30.582] [INFO] [EXEC] STREAM_BUY_FILLED level_id=3
[18:55:30.585] [OK] [EXEC] CHUNK ADD qty=0.003090 entry=80705.70
[18:55:30.587] [INFO] [EXEC] CHUNK COUNT n=4
[18:55:30.588] [INFO] [EXEC] STREAM_TARGET_USED ticks=80 sell_price=80706.50
[18:55:30.851] [INFO] [EXEC] STREAM_SELL_PLACED stream_id=3 chunk_id=1605816077872 order_id=386804299 price=80706.50 qty=0.003090
[18:55:31.592] [INFO] [EXEC] STREAM_BUY_FILLED level_id=4
[18:55:31.595] [OK] [EXEC] CHUNK ADD qty=0.003090 entry=80705.60
[18:55:31.597] [INFO] [EXEC] CHUNK COUNT n=5
[18:55:31.598] [INFO] [EXEC] STREAM_TARGET_USED ticks=80 sell_price=80706.40
[18:55:31.878] [INFO] [EXEC] STREAM_SELL_PLACED stream_id=4 chunk_id=1605815434608 order_id=386804326 price=80706.40 qty=0.003090
[18:55:32.153] [INFO] [EXEC] STREAM_BUY_FILLED level_id=5
[18:55:32.157] [OK] [EXEC] CHUNK ADD qty=0.003090 entry=80705.50
[18:55:32.160] [INFO] [EXEC] CHUNK COUNT n=6
[18:55:32.162] [INFO] [EXEC] STREAM_TARGET_USED ticks=80 sell_price=80706.30
[18:55:32.444] [INFO] [EXEC] STREAM_SELL_PLACED stream_id=5 chunk_id=1605816083008 order_id=386804338 price=80706.30 qty=0.003090
[18:55:32.728] [INFO] [EXEC] STREAM_BUY_FILLED level_id=6
[18:55:32.729] [OK] [EXEC] CHUNK ADD qty=0.003090 entry=80705.40
[18:55:32.731] [INFO] [EXEC] CHUNK COUNT n=7
[18:55:32.732] [INFO] [EXEC] STREAM_TARGET_USED ticks=80 sell_price=80706.20
[18:55:33.008] [INFO] [EXEC] STREAM_SELL_PLACED stream_id=6 chunk_id=1605815959328 order_id=386804349 price=80706.20 qty=0.003090
[18:55:33.284] [INFO] [EXEC] STREAM_BUY_FILLED level_id=7
[18:55:33.286] [OK] [EXEC] CHUNK ADD qty=0.003090 entry=80705.30
[18:55:33.288] [INFO] [EXEC] CHUNK COUNT n=8
[18:55:33.290] [INFO] [EXEC] STREAM_TARGET_USED ticks=80 sell_price=80706.10
[18:55:33.574] [INFO] [EXEC] STREAM_SELL_PLACED stream_id=7 chunk_id=1605816089536 order_id=386804477 price=80706.10 qty=0.003090
[18:55:33.872] [INFO] [EXEC] STREAM_BUY_FILLED level_id=8
[18:55:33.878] [OK] [EXEC] CHUNK ADD qty=0.003090 entry=80705.20
[18:55:33.881] [INFO] [EXEC] CHUNK COUNT n=9
[18:55:33.883] [INFO] [EXEC] STREAM_TARGET_USED ticks=80 sell_price=80706.00
[18:55:34.165] [INFO] [EXEC] STREAM_SELL_PLACED stream_id=8 chunk_id=1605815430384 order_id=386804524 price=80706.00 qty=0.003090
[18:55:34.434] [INFO] [EXEC] STREAM_BUY_FILLED level_id=9
[18:55:34.439] [OK] [EXEC] CHUNK ADD qty=0.003090 entry=80705.10
[18:55:34.442] [INFO] [EXEC] CHUNK COUNT n=10
[18:55:34.444] [INFO] [EXEC] STREAM_TARGET_USED ticks=80 sell_price=80705.90
[18:55:34.725] [INFO] [EXEC] STREAM_SELL_PLACED stream_id=9 chunk_id=1605816089920 order_id=386804540 price=80705.90 qty=0.003090
[18:55:35.000] [INFO] [EXEC] STREAM_BUY_FILLED level_id=10
[18:55:35.007] [OK] [EXEC] CHUNK ADD qty=0.003090 entry=80705.00
[18:55:35.010] [INFO] [EXEC] CHUNK COUNT n=11
[18:55:35.012] [INFO] [EXEC] STREAM_TARGET_USED ticks=80 sell_price=80705.80
[18:55:35.289] [INFO] [EXEC] STREAM_SELL_PLACED stream_id=10 chunk_id=1605816084112 order_id=386804568 price=80705.80 qty=0.003090
[18:55:35.555] [INFO] [EXEC] STREAM_BUY_FILLED level_id=11
[18:55:35.561] [OK] [EXEC] CHUNK ADD qty=0.003090 entry=80704.90
[18:55:35.563] [INFO] [EXEC] CHUNK COUNT n=12
[18:55:35.566] [INFO] [EXEC] STREAM_TARGET_USED ticks=80 sell_price=80705.70
[18:55:35.830] [INFO] [EXEC] STREAM_SELL_PLACED stream_id=11 chunk_id=1605815433552 order_id=386804581 price=80705.70 qty=0.003090
[18:55:36.130] [INFO] [EXEC] STREAM_BUY_FILLED level_id=12
[18:55:36.136] [OK] [EXEC] CHUNK ADD qty=0.003090 entry=80704.80
[18:55:36.140] [INFO] [EXEC] CHUNK COUNT n=13
[18:55:36.144] [INFO] [EXEC] STREAM_TARGET_USED ticks=80 sell_price=80705.60
[18:55:36.416] [INFO] [EXEC] STREAM_SELL_PLACED stream_id=12 chunk_id=1605816090496 order_id=386804618 price=80705.60 qty=0.003090
[18:55:36.689] [INFO] [EXEC] STREAM_BUY_FILLED level_id=13
[18:55:36.694] [OK] [EXEC] CHUNK ADD qty=0.003090 entry=80704.70
[18:55:36.697] [INFO] [EXEC] CHUNK COUNT n=14
[18:55:36.699] [INFO] [EXEC] STREAM_TARGET_USED ticks=80 sell_price=80705.50
[18:55:36.983] [INFO] [EXEC] STREAM_SELL_PLACED stream_id=13 chunk_id=1605816075376 order_id=386804638 price=80705.50 qty=0.003090
[18:55:37.253] [INFO] [EXEC] STREAM_BUY_FILLED level_id=14
[18:55:37.255] [OK] [EXEC] CHUNK ADD qty=0.003090 entry=80704.60
[18:55:37.257] [INFO] [EXEC] CHUNK COUNT n=15
[18:55:37.258] [INFO] [EXEC] STREAM_TARGET_USED ticks=80 sell_price=80705.40
[18:55:37.561] [INFO] [EXEC] STREAM_SELL_PLACED stream_id=14 chunk_id=1605816082624 order_id=386804666 price=80705.40 qty=0.003090
[18:55:37.838] [INFO] [EXEC] STREAM_BUY_FILLED level_id=15
[18:55:37.841] [OK] [EXEC] CHUNK ADD qty=0.003090 entry=80704.50
[18:55:37.843] [INFO] [EXEC] CHUNK COUNT n=16
[18:55:37.844] [INFO] [EXEC] STREAM_TARGET_USED ticks=80 sell_price=80705.30
[18:55:38.108] [INFO] [EXEC] STREAM_SELL_PLACED stream_id=15 chunk_id=1605816081472 order_id=386804682 price=80705.30 qty=0.003090
[18:55:38.380] [INFO] [EXEC] STREAM_BUY_FILLED level_id=16
[18:55:38.384] [OK] [EXEC] CHUNK ADD qty=0.003090 entry=80704.40
[18:55:38.387] [INFO] [EXEC] CHUNK COUNT n=17
[18:55:38.390] [INFO] [EXEC] STREAM_TARGET_USED ticks=80 sell_price=80705.20
[18:55:39.169] [INFO] [EXEC] STREAM_SELL_PLACED stream_id=16 chunk_id=1605816077056 order_id=386804694 price=80705.20 qty=0.003090
[18:55:39.437] [INFO] [EXEC] STREAM_BUY_FILLED level_id=17
[18:55:39.440] [OK] [EXEC] CHUNK ADD qty=0.003090 entry=80704.30
[18:55:39.442] [INFO] [EXEC] CHUNK COUNT n=18
[18:55:39.443] [INFO] [EXEC] STREAM_TARGET_USED ticks=80 sell_price=80705.10
[18:55:39.711] [INFO] [EXEC] STREAM_SELL_PLACED stream_id=17 chunk_id=1605815958656 order_id=386804699 price=80705.10 qty=0.003090
[18:55:39.984] [INFO] [EXEC] STREAM_SELL_STATUS stream_id=20 chunk_id=1605866854624 order_id=386804060 status=FILLED
[18:55:39.986] [INFO] [EXEC] STREAM_SELL_FILLED stream_id=20 chunk_id=1605866854624 order_id=386804060
[18:55:39.988] [OK] [EXEC] FIFO CLOSE qty=0.003090 entry=80704.00 exit=80704.80 pnl=+0.002472
[18:55:39.990] [INFO] [EXEC] STREAM_PNL stream_id=20 pnl=+0.002472
[18:55:39.992] [INFO] [EXEC] STREAM_RECYCLED level_id=20
[18:55:39.993] [INFO] [EXEC] STREAM_RECYCLED stream_id=20
[18:55:40.258] [INFO] [EXEC] STREAM_SELL_STATUS stream_id=1 chunk_id=1605815435184 order_id=386804245 status=FILLED
[18:55:40.264] [INFO] [EXEC] STREAM_SELL_FILLED stream_id=1 chunk_id=1605815435184 order_id=386804245
[18:55:40.267] [OK] [EXEC] FIFO CLOSE qty=0.003090 entry=80705.90 exit=80706.70 pnl=+0.002472
[18:55:40.269] [INFO] [EXEC] STREAM_PNL stream_id=1 pnl=+0.002472
[18:55:40.271] [INFO] [EXEC] STREAM_RECYCLED level_id=1
[18:55:40.272] [INFO] [EXEC] STREAM_RECYCLED stream_id=1
[18:55:40.554] [INFO] [EXEC] STREAM_SELL_STATUS stream_id=2 chunk_id=1605816080320 order_id=386804274 status=FILLED
[18:55:40.558] [INFO] [EXEC] STREAM_SELL_FILLED stream_id=2 chunk_id=1605816080320 order_id=386804274
[18:55:40.560] [OK] [EXEC] FIFO CLOSE qty=0.003090 entry=80705.80 exit=80706.60 pnl=+0.002472
[18:55:40.562] [INFO] [EXEC] STREAM_PNL stream_id=2 pnl=+0.002472
[18:55:40.564] [INFO] [EXEC] STREAM_RECYCLED level_id=2
[18:55:40.565] [INFO] [EXEC] STREAM_RECYCLED stream_id=2
[18:55:40.837] [INFO] [EXEC] STREAM_SELL_STATUS stream_id=3 chunk_id=1605816077872 order_id=386804299 status=FILLED
[18:55:40.842] [INFO] [EXEC] STREAM_SELL_FILLED stream_id=3 chunk_id=1605816077872 order_id=386804299
[18:55:40.846] [OK] [EXEC] FIFO CLOSE qty=0.003090 entry=80705.70 exit=80706.50 pnl=+0.002472
[18:55:40.849] [INFO] [EXEC] STREAM_PNL stream_id=3 pnl=+0.002472
[18:55:40.851] [INFO] [EXEC] STREAM_RECYCLED level_id=3
[18:55:40.852] [INFO] [EXEC] STREAM_RECYCLED stream_id=3
[18:55:41.174] [INFO] [EXEC] STREAM_SELL_STATUS stream_id=4 chunk_id=1605815434608 order_id=386804326 status=FILLED
[18:55:41.179] [INFO] [EXEC] STREAM_SELL_FILLED stream_id=4 chunk_id=1605815434608 order_id=386804326
[18:55:41.184] [OK] [EXEC] FIFO CLOSE qty=0.003090 entry=80705.60 exit=80706.40 pnl=+0.002472
[18:55:41.188] [INFO] [EXEC] STREAM_PNL stream_id=4 pnl=+0.002472
[18:55:41.192] [INFO] [EXEC] STREAM_RECYCLED level_id=4
[18:55:41.197] [INFO] [EXEC] STREAM_RECYCLED stream_id=4
[18:55:41.459] [INFO] [EXEC] STREAM_SELL_STATUS stream_id=5 chunk_id=1605816083008 order_id=386804338 status=FILLED
[18:55:41.463] [INFO] [EXEC] STREAM_SELL_FILLED stream_id=5 chunk_id=1605816083008 order_id=386804338
[18:55:41.466] [OK] [EXEC] FIFO CLOSE qty=0.003090 entry=80705.50 exit=80706.30 pnl=+0.002472
[18:55:41.468] [INFO] [EXEC] STREAM_PNL stream_id=5 pnl=+0.002472
[18:55:41.470] [INFO] [EXEC] STREAM_RECYCLED level_id=5
[18:55:41.471] [INFO] [EXEC] STREAM_RECYCLED stream_id=5
[18:55:41.740] [INFO] [EXEC] STREAM_SELL_STATUS stream_id=6 chunk_id=1605815959328 order_id=386804349 status=FILLED
[18:55:41.744] [INFO] [EXEC] STREAM_SELL_FILLED stream_id=6 chunk_id=1605815959328 order_id=386804349
[18:55:41.748] [OK] [EXEC] FIFO CLOSE qty=0.003090 entry=80705.40 exit=80706.20 pnl=+0.002472
[18:55:41.751] [INFO] [EXEC] STREAM_PNL stream_id=6 pnl=+0.002472
[18:55:41.753] [INFO] [EXEC] STREAM_RECYCLED level_id=6
[18:55:41.754] [INFO] [EXEC] STREAM_RECYCLED stream_id=6
[18:55:42.507] [INFO] [EXEC] STREAM_SELL_STATUS stream_id=7 chunk_id=1605816089536 order_id=386804477 status=FILLED
[18:55:42.513] [INFO] [EXEC] STREAM_SELL_FILLED stream_id=7 chunk_id=1605816089536 order_id=386804477
[18:55:42.517] [OK] [EXEC] FIFO CLOSE qty=0.003090 entry=80705.30 exit=80706.10 pnl=+0.002472
[18:55:42.519] [INFO] [EXEC] STREAM_PNL stream_id=7 pnl=+0.002472
[18:55:42.521] [INFO] [EXEC] STREAM_RECYCLED level_id=7
[18:55:42.523] [INFO] [EXEC] STREAM_RECYCLED stream_id=7
[18:55:42.784] [INFO] [EXEC] STREAM_SELL_STATUS stream_id=8 chunk_id=1605815430384 order_id=386804524 status=FILLED
[18:55:42.789] [INFO] [EXEC] STREAM_SELL_FILLED stream_id=8 chunk_id=1605815430384 order_id=386804524
[18:55:42.791] [OK] [EXEC] FIFO CLOSE qty=0.003090 entry=80705.20 exit=80706.00 pnl=+0.002472
[18:55:42.792] [INFO] [EXEC] STREAM_PNL stream_id=8 pnl=+0.002472
[18:55:42.794] [INFO] [EXEC] STREAM_RECYCLED level_id=8
[18:55:42.795] [INFO] [EXEC] STREAM_RECYCLED stream_id=8
[18:55:43.094] [INFO] [EXEC] STREAM_SELL_STATUS stream_id=9 chunk_id=1605816089920 order_id=386804540 status=FILLED
[18:55:43.098] [INFO] [EXEC] STREAM_SELL_FILLED stream_id=9 chunk_id=1605816089920 order_id=386804540
[18:55:43.101] [OK] [EXEC] FIFO CLOSE qty=0.003090 entry=80705.10 exit=80705.90 pnl=+0.002472
[18:55:43.102] [INFO] [EXEC] STREAM_PNL stream_id=9 pnl=+0.002472
[18:55:43.104] [INFO] [EXEC] STREAM_RECYCLED level_id=9
[18:55:43.106] [INFO] [EXEC] STREAM_RECYCLED stream_id=9
[18:55:43.371] [INFO] [EXEC] STREAM_SELL_STATUS stream_id=10 chunk_id=1605816084112 order_id=386804568 status=FILLED
[18:55:43.375] [INFO] [EXEC] STREAM_SELL_FILLED stream_id=10 chunk_id=1605816084112 order_id=386804568
[18:55:43.380] [OK] [EXEC] FIFO CLOSE qty=0.003090 entry=80705.00 exit=80705.80 pnl=+0.002472
[18:55:43.382] [INFO] [EXEC] STREAM_PNL stream_id=10 pnl=+0.002472
[18:55:43.385] [INFO] [EXEC] STREAM_RECYCLED level_id=10
[18:55:43.386] [INFO] [EXEC] STREAM_RECYCLED stream_id=10
[18:55:43.649] [INFO] [EXEC] STREAM_SELL_STATUS stream_id=11 chunk_id=1605815433552 order_id=386804581 status=FILLED
[18:55:43.652] [INFO] [EXEC] STREAM_SELL_FILLED stream_id=11 chunk_id=1605815433552 order_id=386804581
[18:55:43.654] [OK] [EXEC] FIFO CLOSE qty=0.003090 entry=80704.90 exit=80705.70 pnl=+0.002472
[18:55:43.655] [INFO] [EXEC] STREAM_PNL stream_id=11 pnl=+0.002472
[18:55:43.657] [INFO] [EXEC] STREAM_RECYCLED level_id=11
[18:55:43.658] [INFO] [EXEC] STREAM_RECYCLED stream_id=11
[18:55:43.933] [INFO] [EXEC] STREAM_SELL_STATUS stream_id=12 chunk_id=1605816090496 order_id=386804618 status=FILLED
[18:55:43.938] [INFO] [EXEC] STREAM_SELL_FILLED stream_id=12 chunk_id=1605816090496 order_id=386804618
[18:55:43.941] [OK] [EXEC] FIFO CLOSE qty=0.003090 entry=80704.80 exit=80705.60 pnl=+0.002472
[18:55:43.944] [INFO] [EXEC] STREAM_PNL stream_id=12 pnl=+0.002472
[18:55:43.948] [INFO] [EXEC] STREAM_RECYCLED level_id=12
[18:55:43.950] [INFO] [EXEC] STREAM_RECYCLED stream_id=12
[18:55:44.224] [INFO] [EXEC] STREAM_SELL_STATUS stream_id=13 chunk_id=1605816075376 order_id=386804638 status=FILLED
[18:55:44.228] [INFO] [EXEC] STREAM_SELL_FILLED stream_id=13 chunk_id=1605816075376 order_id=386804638
[18:55:44.231] [OK] [EXEC] FIFO CLOSE qty=0.003090 entry=80704.70 exit=80705.50 pnl=+0.002472
[18:55:44.234] [INFO] [EXEC] STREAM_PNL stream_id=13 pnl=+0.002472
[18:55:44.236] [INFO] [EXEC] STREAM_RECYCLED level_id=13
[18:55:44.239] [INFO] [EXEC] STREAM_RECYCLED stream_id=13
[18:55:44.576] [INFO] [EXEC] STREAM_SELL_STATUS stream_id=14 chunk_id=1605816082624 order_id=386804666 status=FILLED
[18:55:44.581] [INFO] [EXEC] STREAM_SELL_FILLED stream_id=14 chunk_id=1605816082624 order_id=386804666
[18:55:44.584] [OK] [EXEC] FIFO CLOSE qty=0.003090 entry=80704.60 exit=80705.40 pnl=+0.002472
[18:55:44.587] [INFO] [EXEC] STREAM_PNL stream_id=14 pnl=+0.002472
[18:55:44.589] [INFO] [EXEC] STREAM_RECYCLED level_id=14
[18:55:44.591] [INFO] [EXEC] STREAM_RECYCLED stream_id=14
[18:55:44.935] [INFO] [EXEC] STREAM_SELL_STATUS stream_id=15 chunk_id=1605816081472 order_id=386804682 status=PARTIALLY_FILLED
[18:55:45.233] [INFO] [EXEC] STREAM_SELL_STATUS stream_id=16 chunk_id=1605816077056 order_id=386804694 status=NEW
[18:55:45.497] [INFO] [EXEC] STREAM_SELL_STATUS stream_id=17 chunk_id=1605815958656 order_id=386804699 status=NEW
[18:55:45.504] [INFO] [EXEC] STREAM_REPAIR_SKIP reason=stream_owned_inventory
[18:55:45.507] [INFO] [EXEC] STREAM_GLOBAL_SELL_SKIP reason=exit_recovery_inventory_no_sell
[18:55:45.510] [INFO] [EXEC] STREAM_GLOBAL_SELL_SKIP reason=place_sell
[18:55:46.975] [INFO] [EXEC] STREAM_SELL_STATUS stream_id=15 chunk_id=1605816081472 order_id=386804682 status=PARTIALLY_FILLED
[18:55:47.242] [INFO] [EXEC] STREAM_SELL_STATUS stream_id=16 chunk_id=1605816077056 order_id=386804694 status=NEW
[18:55:47.519] [INFO] [EXEC] STREAM_SELL_STATUS stream_id=17 chunk_id=1605815958656 order_id=386804699 status=NEW
[18:55:47.525] [INFO] [EXEC] STREAM_REPAIR_SKIP reason=stream_owned_inventory
[18:55:48.218] [INFO] [EXEC] STREAM_SELL_STATUS stream_id=15 chunk_id=1605816081472 order_id=386804682 status=PARTIALLY_FILLED
[18:55:48.518] [INFO] [EXEC] STREAM_SELL_STATUS stream_id=16 chunk_id=1605816077056 order_id=386804694 status=NEW
[18:55:48.780] [INFO] [EXEC] STREAM_SELL_STATUS stream_id=17 chunk_id=1605815958656 order_id=386804699 status=NEW
[18:55:48.785] [INFO] [EXEC] STREAM_REPAIR_SKIP reason=stream_owned_inventory
[18:55:48.789] [INFO] [EXEC] STREAM_GLOBAL_SELL_SKIP reason=exit_recovery_inventory_no_sell
[18:55:48.791] [INFO] [EXEC] STREAM_GLOBAL_SELL_SKIP reason=place_sell
[18:55:49.544] [INFO] [EXEC] STREAM_SELL_STATUS stream_id=15 chunk_id=1605816081472 order_id=386804682 status=PARTIALLY_FILLED
[18:55:49.835] [INFO] [EXEC] STREAM_SELL_STATUS stream_id=16 chunk_id=1605816077056 order_id=386804694 status=NEW
[18:55:50.104] [INFO] [EXEC] STREAM_SELL_STATUS stream_id=17 chunk_id=1605815958656 order_id=386804699 status=NEW
[18:55:50.109] [INFO] [EXEC] STREAM_REPAIR_SKIP reason=stream_owned_inventory
[18:55:51.015] [INFO] [EXEC] STREAM_SELL_STATUS stream_id=15 chunk_id=1605816081472 order_id=386804682 status=PARTIALLY_FILLED
[18:55:51.286] [INFO] [EXEC] STREAM_SELL_STATUS stream_id=16 chunk_id=1605816077056 order_id=386804694 status=NEW
[18:55:51.596] [INFO] [EXEC] STREAM_SELL_STATUS stream_id=17 chunk_id=1605815958656 order_id=386804699 status=NEW
[18:55:51.600] [INFO] [EXEC] STREAM_REPAIR_SKIP reason=stream_owned_inventory
[18:55:51.602] [INFO] [EXEC] STREAM_GLOBAL_SELL_SKIP reason=exit_recovery_inventory_no_sell
[18:55:51.604] [INFO] [EXEC] STREAM_GLOBAL_SELL_SKIP reason=place_sell
[18:55:52.254] [INFO] [EXEC] STREAM_SELL_STATUS stream_id=15 chunk_id=1605816081472 order_id=386804682 status=PARTIALLY_FILLED
[18:55:52.547] [INFO] [EXEC] STREAM_SELL_STATUS stream_id=16 chunk_id=1605816077056 order_id=386804694 status=NEW
[18:55:52.812] [INFO] [EXEC] STREAM_SELL_STATUS stream_id=17 chunk_id=1605815958656 order_id=386804699 status=NEW
[18:55:52.819] [INFO] [EXEC] STREAM_REPAIR_SKIP reason=stream_owned_inventory
[18:55:53.555] [INFO] [EXEC] STREAM_SELL_STATUS stream_id=15 chunk_id=1605816081472 order_id=386804682 status=PARTIALLY_FILLED
[18:55:53.824] [INFO] [EXEC] STREAM_SELL_STATUS stream_id=16 chunk_id=1605816077056 order_id=386804694 status=NEW
[18:55:54.096] [INFO] [EXEC] STREAM_SELL_STATUS stream_id=17 chunk_id=1605815958656 order_id=386804699 status=NEW
[18:55:54.102] [INFO] [EXEC] STREAM_REPAIR_SKIP reason=stream_owned_inventory
[18:55:54.105] [INFO] [EXEC] STREAM_GLOBAL_SELL_SKIP reason=exit_recovery_inventory_no_sell
[18:55:54.106] [INFO] [EXEC] STREAM_GLOBAL_SELL_SKIP reason=place_sell
[18:55:54.809] [INFO] [EXEC] STREAM_SELL_STATUS stream_id=15 chunk_id=1605816081472 order_id=386804682 status=PARTIALLY_FILLED
[18:55:55.089] [INFO] [EXEC] STREAM_SELL_STATUS stream_id=16 chunk_id=1605816077056 order_id=386804694 status=NEW
[18:55:55.359] [INFO] [EXEC] STREAM_SELL_STATUS stream_id=17 chunk_id=1605815958656 order_id=386804699 status=NEW
[18:55:55.364] [INFO] [EXEC] STREAM_REPAIR_SKIP reason=stream_owned_inventory
[18:55:56.094] [INFO] [EXEC] STREAM_SELL_STATUS stream_id=15 chunk_id=1605816081472 order_id=386804682 status=PARTIALLY_FILLED
[18:55:56.362] [INFO] [EXEC] STREAM_SELL_STATUS stream_id=16 chunk_id=1605816077056 order_id=386804694 status=NEW
[18:55:56.644] [INFO] [EXEC] STREAM_SELL_STATUS stream_id=17 chunk_id=1605815958656 order_id=386804699 status=NEW
[18:55:56.649] [INFO] [EXEC] STREAM_REPAIR_SKIP reason=stream_owned_inventory
[18:55:56.653] [INFO] [EXEC] STREAM_GLOBAL_SELL_SKIP reason=exit_recovery_inventory_no_sell
[18:55:56.655] [INFO] [EXEC] STREAM_GLOBAL_SELL_SKIP reason=place_sell
[18:55:57.374] [INFO] [EXEC] STREAM_SELL_STATUS stream_id=15 chunk_id=1605816081472 order_id=386804682 status=PARTIALLY_FILLED
[18:55:57.661] [INFO] [EXEC] STREAM_SELL_STATUS stream_id=16 chunk_id=1605816077056 order_id=386804694 status=NEW
[18:55:57.941] [INFO] [EXEC] STREAM_SELL_STATUS stream_id=17 chunk_id=1605815958656 order_id=386804699 status=NEW
[18:55:57.948] [INFO] [EXEC] STREAM_REPAIR_SKIP reason=stream_owned_inventory
[18:55:58.580] [INFO] [EXEC] STREAM_SELL_STATUS stream_id=15 chunk_id=1605816081472 order_id=386804682 status=PARTIALLY_FILLED
[18:55:58.845] [INFO] [EXEC] STREAM_SELL_STATUS stream_id=16 chunk_id=1605816077056 order_id=386804694 status=NEW
[18:55:59.114] [INFO] [EXEC] STREAM_SELL_STATUS stream_id=17 chunk_id=1605815958656 order_id=386804699 status=NEW
[18:55:59.118] [INFO] [EXEC] STREAM_REPAIR_SKIP reason=stream_owned_inventory
[18:55:59.864] [INFO] [EXEC] STREAM_SELL_STATUS stream_id=15 chunk_id=1605816081472 order_id=386804682 status=PARTIALLY_FILLED
[18:56:00.142] [INFO] [EXEC] STREAM_SELL_STATUS stream_id=16 chunk_id=1605816077056 order_id=386804694 status=NEW
[18:56:00.430] [INFO] [EXEC] STREAM_SELL_STATUS stream_id=17 chunk_id=1605815958656 order_id=386804699 status=NEW
[18:56:00.434] [INFO] [EXEC] STREAM_REPAIR_SKIP reason=stream_owned_inventory
[18:56:00.438] [INFO] [EXEC] STREAM_GLOBAL_SELL_SKIP reason=exit_recovery_inventory_no_sell
[18:56:00.440] [INFO] [EXEC] STREAM_GLOBAL_SELL_SKIP reason=place_sell
[18:56:01.143] [INFO] [EXEC] STREAM_SELL_STATUS stream_id=15 chunk_id=1605816081472 order_id=386804682 status=PARTIALLY_FILLED
[18:56:01.460] [INFO] [EXEC] STREAM_SELL_STATUS stream_id=16 chunk_id=1605816077056 order_id=386804694 status=NEW
[18:56:01.728] [INFO] [EXEC] STREAM_SELL_STATUS stream_id=17 chunk_id=1605815958656 order_id=386804699 status=NEW
[18:56:01.733] [INFO] [EXEC] STREAM_REPAIR_SKIP reason=stream_owned_inventory
[18:56:03.143] [INFO] [EXEC] STREAM_SELL_STATUS stream_id=15 chunk_id=1605816081472 order_id=386804682 status=PARTIALLY_FILLED
[18:56:03.427] [INFO] [EXEC] STREAM_SELL_STATUS stream_id=16 chunk_id=1605816077056 order_id=386804694 status=NEW
[18:56:03.692] [INFO] [EXEC] STREAM_SELL_STATUS stream_id=17 chunk_id=1605815958656 order_id=386804699 status=NEW
[18:56:03.698] [INFO] [EXEC] STREAM_REPAIR_SKIP reason=stream_owned_inventory
[18:56:03.701] [INFO] [EXEC] STREAM_GLOBAL_SELL_SKIP reason=exit_recovery_inventory_no_sell
[18:56:03.704] [INFO] [EXEC] STREAM_GLOBAL_SELL_SKIP reason=place_sell
[18:56:04.424] [INFO] [EXEC] STREAM_SELL_STATUS stream_id=15 chunk_id=1605816081472 order_id=386804682 status=PARTIALLY_FILLED
[18:56:04.733] [INFO] [EXEC] STREAM_SELL_STATUS stream_id=16 chunk_id=1605816077056 order_id=386804694 status=NEW
[18:56:05.010] [INFO] [EXEC] STREAM_SELL_STATUS stream_id=17 chunk_id=1605815958656 order_id=386804699 status=NEW
[18:56:05.015] [INFO] [EXEC] STREAM_REPAIR_SKIP reason=stream_owned_inventory
[18:56:05.660] [INFO] [EXEC] STREAM_SELL_STATUS stream_id=15 chunk_id=1605816081472 order_id=386804682 status=PARTIALLY_FILLED
[18:56:05.927] [INFO] [EXEC] STREAM_SELL_STATUS stream_id=16 chunk_id=1605816077056 order_id=386804694 status=NEW
[18:56:06.265] [INFO] [EXEC] STREAM_SELL_STATUS stream_id=17 chunk_id=1605815958656 order_id=386804699 status=NEW
[18:56:06.268] [INFO] [EXEC] STREAM_REPAIR_SKIP reason=stream_owned_inventory
[18:56:06.271] [INFO] [EXEC] STREAM_GLOBAL_SELL_SKIP reason=exit_recovery_inventory_no_sell
[18:56:06.275] [INFO] [EXEC] STREAM_GLOBAL_SELL_SKIP reason=place_sell
[18:56:06.981] [INFO] [EXEC] STREAM_SELL_STATUS stream_id=15 chunk_id=1605816081472 order_id=386804682 status=PARTIALLY_FILLED
[18:56:07.272] [INFO] [EXEC] STREAM_SELL_STATUS stream_id=16 chunk_id=1605816077056 order_id=386804694 status=NEW
[18:56:07.548] [INFO] [EXEC] STREAM_SELL_STATUS stream_id=17 chunk_id=1605815958656 order_id=386804699 status=NEW
[18:56:07.550] [INFO] [EXEC] STREAM_REPAIR_SKIP reason=stream_owned_inventory
[18:56:08.176] [INFO] [EXEC] STREAM_SELL_STATUS stream_id=15 chunk_id=1605816081472 order_id=386804682 status=PARTIALLY_FILLED
[18:56:08.455] [INFO] [EXEC] STREAM_SELL_STATUS stream_id=16 chunk_id=1605816077056 order_id=386804694 status=NEW
[18:56:08.764] [INFO] [EXEC] STREAM_SELL_STATUS stream_id=17 chunk_id=1605815958656 order_id=386804699 status=NEW
[18:56:08.768] [INFO] [EXEC] STREAM_REPAIR_SKIP reason=stream_owned_inventory
[18:56:08.771] [INFO] [EXEC] STREAM_GLOBAL_SELL_SKIP reason=exit_recovery_inventory_no_sell
[18:56:09.735] [INFO] [EXEC] STREAM_SELL_STATUS stream_id=15 chunk_id=1605816081472 order_id=386804682 status=PARTIALLY_FILLED
[18:56:10.004] [INFO] [EXEC] STREAM_SELL_STATUS stream_id=16 chunk_id=1605816077056 order_id=386804694 status=NEW
[18:56:10.270] [INFO] [EXEC] STREAM_SELL_STATUS stream_id=17 chunk_id=1605815958656 order_id=386804699 status=NEW
[18:56:10.275] [INFO] [EXEC] STREAM_REPAIR_SKIP reason=stream_owned_inventory
[18:56:10.278] [INFO] [EXEC] STREAM_GLOBAL_SELL_SKIP reason=place_sell
[18:56:10.969] [INFO] [EXEC] STREAM_SELL_STATUS stream_id=15 chunk_id=1605816081472 order_id=386804682 status=PARTIALLY_FILLED
[18:56:11.253] [INFO] [EXEC] STREAM_SELL_STATUS stream_id=16 chunk_id=1605816077056 order_id=386804694 status=NEW
[18:56:11.561] [INFO] [EXEC] STREAM_SELL_STATUS stream_id=17 chunk_id=1605815958656 order_id=386804699 status=NEW
[18:56:11.567] [INFO] [EXEC] STREAM_REPAIR_SKIP reason=stream_owned_inventory
[18:56:11.572] [INFO] [EXEC] STREAM_GLOBAL_SELL_SKIP reason=exit_recovery_inventory_no_sell
[18:56:12.179] [INFO] [EXEC] STREAM_SELL_STATUS stream_id=15 chunk_id=1605816081472 order_id=386804682 status=PARTIALLY_FILLED
[18:56:12.464] [INFO] [EXEC] STREAM_SELL_STATUS stream_id=16 chunk_id=1605816077056 order_id=386804694 status=NEW
[18:56:12.729] [INFO] [EXEC] STREAM_SELL_STATUS stream_id=17 chunk_id=1605815958656 order_id=386804699 status=NEW
[18:56:12.734] [INFO] [EXEC] STREAM_REPAIR_SKIP reason=stream_owned_inventory
[18:56:13.447] [INFO] [EXEC] STREAM_SELL_STATUS stream_id=15 chunk_id=1605816081472 order_id=386804682 status=PARTIALLY_FILLED
[18:56:13.716] [INFO] [EXEC] STREAM_SELL_STATUS stream_id=16 chunk_id=1605816077056 order_id=386804694 status=NEW
[18:56:13.991] [INFO] [EXEC] STREAM_SELL_STATUS stream_id=17 chunk_id=1605815958656 order_id=386804699 status=NEW
[18:56:13.996] [INFO] [EXEC] STREAM_REPAIR_SKIP reason=stream_owned_inventory
[18:56:14.002] [INFO] [EXEC] STREAM_GLOBAL_SELL_SKIP reason=place_sell
[18:56:14.930] [INFO] [EXEC] STREAM_SELL_STATUS stream_id=15 chunk_id=1605816081472 order_id=386804682 status=PARTIALLY_FILLED
[18:56:15.198] [INFO] [EXEC] STREAM_SELL_STATUS stream_id=16 chunk_id=1605816077056 order_id=386804694 status=NEW
[18:56:15.470] [INFO] [EXEC] STREAM_SELL_STATUS stream_id=17 chunk_id=1605815958656 order_id=386804699 status=NEW
[18:56:15.476] [INFO] [EXEC] STREAM_REPAIR_SKIP reason=stream_owned_inventory
[18:56:15.480] [INFO] [EXEC] STREAM_GLOBAL_SELL_SKIP reason=exit_recovery_inventory_no_sell
[18:56:16.255] [INFO] [EXEC] STREAM_SELL_STATUS stream_id=15 chunk_id=1605816081472 order_id=386804682 status=PARTIALLY_FILLED
[18:56:16.517] [INFO] [EXEC] STREAM_SELL_STATUS stream_id=16 chunk_id=1605816077056 order_id=386804694 status=FILLED
[18:56:16.521] [INFO] [EXEC] STREAM_SELL_FILLED stream_id=16 chunk_id=1605816077056 order_id=386804694
[18:56:16.523] [OK] [EXEC] FIFO CLOSE qty=0.003090 entry=80704.40 exit=80705.20 pnl=+0.002472
[18:56:16.524] [INFO] [EXEC] STREAM_PNL stream_id=16 pnl=+0.002472
[18:56:16.526] [INFO] [EXEC] STREAM_RECYCLED level_id=16
[18:56:16.528] [INFO] [EXEC] STREAM_RECYCLED stream_id=16
[18:56:17.272] [INFO] [EXEC] STREAM_SELL_STATUS stream_id=17 chunk_id=1605815958656 order_id=386804699 status=FILLED
[18:56:17.277] [INFO] [EXEC] STREAM_SELL_FILLED stream_id=17 chunk_id=1605815958656 order_id=386804699
[18:56:17.281] [OK] [EXEC] FIFO CLOSE qty=0.003090 entry=80704.30 exit=80705.10 pnl=+0.002472
[18:56:17.284] [INFO] [EXEC] STREAM_PNL stream_id=17 pnl=+0.002472
[18:56:17.286] [INFO] [EXEC] STREAM_RECYCLED level_id=17
[18:56:17.287] [INFO] [EXEC] STREAM_RECYCLED stream_id=17
[18:56:17.289] [INFO] [EXEC] STREAM_REPAIR_SKIP reason=stream_owned_inventory
[18:56:17.290] [INFO] [EXEC] STREAM_GLOBAL_SELL_SKIP reason=place_sell
[18:56:17.304] [INFO] START_CLICK received enabled=True api_ready=True running=True
[18:56:17.629] [WARNING] cancel all requested
