[17:48:57.934] [OK] filters loaded
[17:49:07.870] [INFO] [SETTINGS] imported path=C:/Users/Art/Desktop/UB/config/settings.json
[17:49:10.826] [OK] [SETTINGS] settings saved
[17:49:21.172] [INFO] [SETTINGS] exported path=C:/Users/Art/Desktop/UB/settings_export2.json
[17:49:25.983] [INFO] START_CLICK received enabled=True api_ready=True running=False
[17:49:25.984] [INFO] START_SETTINGS live_enabled=True guard_mode=FAST entry_mode=AGGRESSIVE exit_engine=True order_size=222.0
[17:49:25.984] [INFO] START_PROFILE order_size=222.0 min_spread=6.0 guard_mode=FAST entry_mode=AGGRESSIVE sell_timeout=900 far_sell_ticks=80 taker_exit_after_ms=850
[17:49:25.986] [INFO] SETTINGS_MERGE_PRESERVE existing_values=true missing_added=0
[17:49:26.488] [EXCHANGE] symbol=BTCU base=BTC quote=U status=TRADING permissions=[]
[17:49:26.492] [OK] START
[17:49:26.494] [OK] START_OK runtime_started
[17:49:26.495] [INFO] [EXEC] STREAMS_ENABLED count=20 range_ticks=200 step_ticks=10
[17:49:26.498] [INFO] [EXEC] GRID_BUDGET_DEPRECATED_USING_MAX_EXPOSURE
[17:49:26.502] [INFO] [EXEC] GRID_BUDGET_SOURCE source=max_exposure_u budget=5000.00
[17:49:26.503] [INFO] [EXEC] STREAM_CREATE stream_id=1 buy_price=80465.90000000 budget=250.00 qty=0.00310000
[17:49:26.505] [INFO] [EXEC] STREAM_CREATE stream_id=2 buy_price=80465.80000000 budget=250.00 qty=0.00310000
[17:49:26.507] [INFO] [EXEC] STREAM_CREATE stream_id=3 buy_price=80465.70000000 budget=250.00 qty=0.00310000
[17:49:26.508] [INFO] [EXEC] STREAM_CREATE stream_id=4 buy_price=80465.60000000 budget=250.00 qty=0.00310000
[17:49:26.511] [INFO] [EXEC] STREAM_CREATE stream_id=5 buy_price=80465.50000000 budget=250.00 qty=0.00310000
[17:49:26.513] [INFO] [EXEC] STREAM_CREATE stream_id=6 buy_price=80465.40000000 budget=250.00 qty=0.00310000
[17:49:26.514] [INFO] [EXEC] STREAM_CREATE stream_id=7 buy_price=80465.30000000 budget=250.00 qty=0.00310000
[17:49:26.517] [INFO] [EXEC] STREAM_CREATE stream_id=8 buy_price=80465.20000000 budget=250.00 qty=0.00310000
[17:49:26.518] [INFO] [EXEC] STREAM_CREATE stream_id=9 buy_price=80465.10000000 budget=250.00 qty=0.00310000
[17:49:26.519] [INFO] [EXEC] STREAM_CREATE stream_id=10 buy_price=80465.00000000 budget=250.00 qty=0.00310000
[17:49:26.520] [INFO] [EXEC] STREAM_CREATE stream_id=11 buy_price=80464.90000000 budget=250.00 qty=0.00310000
[17:49:26.522] [INFO] [EXEC] STREAM_CREATE stream_id=12 buy_price=80464.80000000 budget=250.00 qty=0.00310000
[17:49:26.523] [INFO] [EXEC] STREAM_CREATE stream_id=13 buy_price=80464.70000000 budget=250.00 qty=0.00310000
[17:49:26.524] [INFO] [EXEC] STREAM_CREATE stream_id=14 buy_price=80464.60000000 budget=250.00 qty=0.00310000
[17:49:26.525] [INFO] [EXEC] STREAM_CREATE stream_id=15 buy_price=80464.50000000 budget=250.00 qty=0.00310000
[17:49:26.526] [INFO] [EXEC] STREAM_CREATE stream_id=16 buy_price=80464.40000000 budget=250.00 qty=0.00310000
[17:49:26.527] [INFO] [EXEC] STREAM_CREATE stream_id=17 buy_price=80464.30000000 budget=250.00 qty=0.00310000
[17:49:26.528] [INFO] [EXEC] STREAM_CREATE stream_id=18 buy_price=80464.20000000 budget=250.00 qty=0.00310000
[17:49:26.529] [INFO] [EXEC] STREAM_CREATE stream_id=19 buy_price=80464.10000000 budget=250.00 qty=0.00310000
[17:49:26.530] [INFO] [EXEC] STREAM_CREATE stream_id=20 buy_price=80464.00000000 budget=250.00 qty=0.00310000
[17:49:26.531] [INFO] [EXEC] STREAM_CREATE_DONE count=20 budget=5000.00 step_ticks=10
[17:49:26.797] [INFO] [EXEC] LIVE ON
[17:49:26.798] [INFO] [EXEC] WAIT READY
[17:49:26.799] [WARNING] [HEALTH] block spread_too_young lifetime=0
[17:49:26.800] [WARNING] [HEALTH] unstable_spread lifetime=0
[17:49:26.801] [INFO] [EXEC] STREAM_WS_STALE_ALLOW_REST
[17:49:26.802] [INFO] [EXEC] STREAM_MODE_ACTIVE_SKIP_SINGLE_ENTRY
[17:49:27.342] [INFO] [EXEC] STREAM_BUY_PLACED level_id=1 order_id=386629273
[17:49:27.345] [OK] [EXEC] PLACE BUY price=80465.90 qty=0.003100
[17:49:27.611] [INFO] [EXEC] STREAM_BUY_PLACED level_id=2 order_id=386629281
[17:49:27.615] [OK] [EXEC] PLACE BUY price=80465.80 qty=0.003100
[17:49:27.884] [INFO] [EXEC] STREAM_BUY_PLACED level_id=3 order_id=386629282
[17:49:27.887] [OK] [EXEC] PLACE BUY price=80465.70 qty=0.003100
[17:49:28.392] [WS] primary url=wss://stream.binance.com:9443/ws/btcu@bookTicker
[17:49:28.393] [WS] connecting primary
[17:49:28.395] [WS] connected
[17:49:30.550] [INFO] [EXEC] STREAM_BUY_PLACED level_id=4 order_id=386629379
[17:49:30.553] [OK] [EXEC] PLACE BUY price=80465.60 qty=0.003100
[17:49:30.822] [INFO] [EXEC] STREAM_BUY_PLACED level_id=5 order_id=386629387
[17:49:30.828] [OK] [EXEC] PLACE BUY price=80465.50 qty=0.003100
[17:49:31.668] [INFO] [EXEC] STREAM_BUY_PLACED level_id=6 order_id=386629408
[17:49:31.672] [OK] [EXEC] PLACE BUY price=80465.40 qty=0.003100
[17:49:35.385] [INFO] [HEALTH] state=GOOD
[17:49:35.386] [WARNING] [EXEC] BLOCK_BUY reason=ws_stale mode=FAST ws_age=3172 spread=6.07 stable=1/1 mid_delta=0.00 bid_delta=0.00
[17:49:35.390] [OK] [PLAN] READY entry=80468.28 exit=80474.34 profit=0.016665 age=5491ms
[17:49:36.807] [INFO] [EXEC] STREAM_BUY_FILLED level_id=2
[17:49:36.811] [OK] [EXEC] CHUNK ADD qty=0.003100 entry=80465.80
[17:49:36.812] [INFO] [EXEC] CHUNK COUNT n=1
[17:49:37.074] [INFO] [EXEC] STREAM_SELL_PLACED stream_id=2 chunk_id=2374090001824 order_id=386629688 price=80466.10 qty=0.003100
[17:49:37.342] [INFO] [EXEC] STREAM_BUY_FILLED level_id=3
[17:49:37.345] [OK] [EXEC] CHUNK ADD qty=0.003100 entry=80465.70
[17:49:37.348] [INFO] [EXEC] CHUNK COUNT n=2
[17:49:37.611] [INFO] [EXEC] STREAM_SELL_PLACED stream_id=3 chunk_id=2374090008208 order_id=386629698 price=80466.00 qty=0.003100
[17:49:37.888] [INFO] [EXEC] STREAM_BUY_FILLED level_id=4
[17:49:37.892] [OK] [EXEC] CHUNK ADD qty=0.003100 entry=80465.60
[17:49:37.894] [INFO] [EXEC] CHUNK COUNT n=3
[17:49:38.159] [INFO] [EXEC] STREAM_SELL_PLACED stream_id=4 chunk_id=2374090002832 order_id=386629736 price=80465.90 qty=0.003100
[17:49:38.427] [INFO] [EXEC] STREAM_BUY_FILLED level_id=5
[17:49:38.431] [OK] [EXEC] CHUNK ADD qty=0.003100 entry=80465.50
[17:49:38.432] [INFO] [EXEC] CHUNK COUNT n=4
[17:49:38.708] [INFO] [EXEC] STREAM_SELL_PLACED stream_id=5 chunk_id=2374090008784 order_id=386629751 price=80465.80 qty=0.003100
[17:49:38.986] [INFO] [EXEC] STREAM_BUY_FILLED level_id=6
[17:49:38.989] [OK] [EXEC] CHUNK ADD qty=0.003100 entry=80465.40
[17:49:38.990] [INFO] [EXEC] CHUNK COUNT n=5
[17:49:39.249] [INFO] [EXEC] STREAM_SELL_PLACED stream_id=6 chunk_id=2374090008880 order_id=386629765 price=80465.70 qty=0.003100
[17:49:39.521] [INFO] [EXEC] STREAM_SELL_STATUS stream_id=2 chunk_id=2374090001824 order_id=386629688 status=FILLED
[17:49:39.524] [INFO] [EXEC] STREAM_SELL_FILLED stream_id=2 chunk_id=2374090001824 order_id=386629688
[17:49:39.526] [OK] [EXEC] FIFO CLOSE qty=0.003100 entry=80465.80 exit=80466.10 pnl=+0.000930
[17:49:39.529] [INFO] [EXEC] STREAM_PNL stream_id=2 pnl=+0.000930
[17:49:39.532] [OK] [EXEC] REALIZED pnl=+0.000930
[17:49:39.534] [INFO] [EXEC] STREAM_RECYCLED level_id=2
[17:49:39.537] [INFO] [EXEC] STREAM_RECYCLED stream_id=2
[17:49:39.831] [INFO] [EXEC] STREAM_SELL_STATUS stream_id=3 chunk_id=2374090008208 order_id=386629698 status=FILLED
[17:49:39.835] [INFO] [EXEC] STREAM_SELL_FILLED stream_id=3 chunk_id=2374090008208 order_id=386629698
[17:49:39.837] [OK] [EXEC] FIFO CLOSE qty=0.003100 entry=80465.70 exit=80466.00 pnl=+0.000930
[17:49:39.838] [INFO] [EXEC] STREAM_PNL stream_id=3 pnl=+0.000930
[17:49:39.839] [OK] [EXEC] REALIZED pnl=+0.000930
[17:49:39.840] [INFO] [EXEC] STREAM_RECYCLED level_id=3
[17:49:39.841] [INFO] [EXEC] STREAM_RECYCLED stream_id=3
[17:49:40.124] [INFO] [EXEC] STREAM_SELL_STATUS stream_id=4 chunk_id=2374090002832 order_id=386629736 status=FILLED
[17:49:40.126] [INFO] [EXEC] STREAM_SELL_FILLED stream_id=4 chunk_id=2374090002832 order_id=386629736
[17:49:40.128] [OK] [EXEC] FIFO CLOSE qty=0.003100 entry=80465.60 exit=80465.90 pnl=+0.000930
[17:49:40.129] [INFO] [EXEC] STREAM_PNL stream_id=4 pnl=+0.000930
[17:49:40.130] [OK] [EXEC] REALIZED pnl=+0.000930
[17:49:40.130] [INFO] [EXEC] STREAM_RECYCLED level_id=4
[17:49:40.131] [INFO] [EXEC] STREAM_RECYCLED stream_id=4
[17:49:40.413] [INFO] [EXEC] STREAM_SELL_STATUS stream_id=5 chunk_id=2374090008784 order_id=386629751 status=FILLED
[17:49:40.417] [INFO] [EXEC] STREAM_SELL_FILLED stream_id=5 chunk_id=2374090008784 order_id=386629751
[17:49:40.420] [OK] [EXEC] FIFO CLOSE qty=0.003100 entry=80465.50 exit=80465.80 pnl=+0.000930
[17:49:40.423] [INFO] [EXEC] STREAM_PNL stream_id=5 pnl=+0.000930
[17:49:40.428] [OK] [EXEC] REALIZED pnl=+0.000930
[17:49:40.430] [INFO] [EXEC] STREAM_RECYCLED level_id=5
[17:49:40.432] [INFO] [EXEC] STREAM_RECYCLED stream_id=5
[17:49:40.701] [INFO] [EXEC] STREAM_SELL_STATUS stream_id=6 chunk_id=2374090008880 order_id=386629765 status=FILLED
[17:49:40.703] [INFO] [EXEC] STREAM_SELL_FILLED stream_id=6 chunk_id=2374090008880 order_id=386629765
[17:49:40.704] [OK] [EXEC] FIFO CLOSE qty=0.003100 entry=80465.40 exit=80465.70 pnl=+0.000930
[17:49:40.705] [INFO] [EXEC] STREAM_PNL stream_id=6 pnl=+0.000930
[17:49:40.707] [OK] [EXEC] REALIZED pnl=+0.000930
[17:49:40.709] [INFO] [EXEC] STREAM_RECYCLED level_id=6
[17:49:40.710] [INFO] [EXEC] STREAM_RECYCLED stream_id=6
[17:49:40.712] [WARNING] [EXEC] BLOCK_BUY reason=ws_stale mode=FAST ws_age=4984 spread=5.59 stable=1/1 mid_delta=0.00 bid_delta=0.00
[17:49:42.453] [INFO] [EXEC] STREAM_BUY_FILLED level_id=1
[17:49:42.458] [OK] [EXEC] CHUNK ADD qty=0.003100 entry=80465.90
[17:49:42.460] [INFO] [EXEC] CHUNK COUNT n=1
[17:49:42.728] [INFO] [EXEC] STREAM_SELL_PLACED stream_id=1 chunk_id=2374157615472 order_id=386629827 price=80466.20 qty=0.003100
[17:49:43.010] [INFO] [EXEC] STREAM_SELL_STATUS stream_id=1 chunk_id=2374157615472 order_id=386629827 status=NEW
[17:49:43.014] [WARNING] [EXEC] STATE REPAIR reason=inventory_cannot_be_flat
[17:49:43.015] [INFO] [EXEC] EXIT RECOVERY inventory_no_sell qty=0.003100
[17:49:43.540] [WARNING] [EXEC] SELL_QTY_CLAMP inventory=0.003100 free=0.002487 final=0.002487
[17:49:43.541] [INFO] [EXEC] SELL CHECK inventory=0.003100 reported=0.000000 remaining=0.002487 chunks=1
[17:49:43.542] [INFO] [EXEC] PLACE_SELL_SOURCE source=plan price=80470.51
[17:49:43.543] [OK] [EXEC] PLACE SELL price=80470.51 qty=0.002487
[17:49:43.802] [OK] [EXEC] SELL ORDER SENT orderId=386629864
[17:49:44.724] [INFO] [EXEC] STREAM_SELL_STATUS stream_id=1 chunk_id=2374157615472 order_id=386629827 status=FILLED
[17:49:44.728] [INFO] [EXEC] STREAM_SELL_FILLED stream_id=1 chunk_id=2374157615472 order_id=386629827
[17:49:44.731] [OK] [EXEC] FIFO CLOSE qty=0.003100 entry=80465.90 exit=80466.20 pnl=+0.000930
[17:49:44.733] [INFO] [EXEC] STREAM_PNL stream_id=1 pnl=+0.000930
[17:49:44.735] [OK] [EXEC] REALIZED pnl=+0.000930
[17:49:44.736] [INFO] [EXEC] STREAM_RECYCLED level_id=1
[17:49:44.737] [INFO] [EXEC] STREAM_RECYCLED stream_id=1
[17:49:44.998] [INFO] [EXEC] SELL ACCOUNTING RESET flat
[17:49:45.001] [OK] [EXEC] CYCLE CLOSED pnl=+0.005580
[17:49:45.002] [INFO] [EXEC] SESSION realized=+0.005580 wins=1 losses=0
[17:49:45.004] [OK] [EXEC] EXIT_FILLED
[17:49:45.004] [INFO] [EXEC] SELL ACCOUNTING RESET flat
[17:49:45.005] [INFO] [EXEC] CYCLE SKIP no_fifo_pnl
[17:49:45.006] [OK] [EXEC] SELL FILLED id=386629864
[17:49:45.007] [OK] [EXEC] SELL FILLED qty=0.002480 remaining=0.000000
[17:49:45.008] [INFO] [EXEC] SELL ACCOUNTING RESET inventory_drained
[17:49:45.010] [INFO] [EXEC] INVENTORY DRAINED epsilon_cleanup qty=0.000000
[17:49:45.012] [INFO] [EXEC] SELL ACCOUNTING RESET flat
[17:49:45.013] [INFO] [EXEC] CYCLE SKIP no_fifo_pnl
[17:49:45.457] [WARNING] [HEALTH] block spread_too_young lifetime=0
[17:49:45.460] [WARNING] [HEALTH] unstable_spread lifetime=0
[17:49:45.461] [WARNING] [EXEC] BLOCK_BUY reason=spread_too_young mode=FAST ws_age=375 spread=12.45 stable=1/1 mid_delta=0.00 bid_delta=0.00
[17:49:45.709] [WARNING] [HEALTH] block spread_too_young lifetime=252
[17:49:45.712] [WARNING] [EXEC] BLOCK_BUY reason=market_health_bad mode=FAST ws_age=125 spread=7.08 stable=1/1 mid_delta=0.00 bid_delta=0.00
[17:49:46.204] [INFO] [EXEC] STREAM_MODE_ACTIVE_SKIP_SINGLE_ENTRY
[17:49:46.496] [INFO] [EXEC] STREAM_BUY_PLACED level_id=1 order_id=386630006
[17:49:46.500] [OK] [EXEC] PLACE BUY price=80465.90 qty=0.003100
[17:49:46.766] [INFO] [EXEC] STREAM_BUY_PLACED level_id=2 order_id=386630013
[17:49:46.769] [OK] [EXEC] PLACE BUY price=80465.80 qty=0.003100
[17:49:47.030] [INFO] [EXEC] STREAM_BUY_PLACED level_id=3 order_id=386630031
[17:49:47.036] [OK] [EXEC] PLACE BUY price=80465.70 qty=0.003100
[17:49:48.561] [INFO] [EXEC] STREAM_BUY_PLACED level_id=4 order_id=386630116
[17:49:48.564] [OK] [EXEC] PLACE BUY price=80465.60 qty=0.003100
[17:49:48.825] [INFO] [EXEC] STREAM_BUY_PLACED level_id=5 order_id=386630138
[17:49:48.829] [OK] [EXEC] PLACE BUY price=80465.50 qty=0.003100
[17:49:49.097] [INFO] [EXEC] STREAM_BUY_PLACED level_id=6 order_id=386630149
[17:49:49.098] [OK] [EXEC] PLACE BUY price=80465.40 qty=0.003100
[17:49:51.422] [INFO] [EXEC] STREAM_BUY_PLACED level_id=7 order_id=386630192
[17:49:51.428] [OK] [EXEC] PLACE BUY price=80465.30 qty=0.003100
[17:49:51.713] [INFO] [EXEC] STREAM_BUY_PLACED level_id=8 order_id=386630206
[17:49:51.717] [OK] [EXEC] PLACE BUY price=80465.20 qty=0.003100
[17:49:51.987] [INFO] [EXEC] STREAM_BUY_PLACED level_id=9 order_id=386630207
[17:49:51.990] [OK] [EXEC] PLACE BUY price=80465.10 qty=0.003100
[17:49:55.408] [INFO] [HEALTH] state=GOOD
[17:49:55.409] [WARNING] [EXEC] BLOCK_BUY reason=ws_stale mode=FAST ws_age=2672 spread=7.83 stable=1/1 mid_delta=0.00 bid_delta=0.00
[17:49:59.715] [WARNING] [EXEC] BLOCK_BUY reason=ws_stale mode=FAST ws_age=4312 spread=5.84 stable=1/1 mid_delta=0.00 bid_delta=0.00
[17:50:02.931] [WARNING] [HEALTH] block spread_too_young lifetime=0
[17:50:02.933] [WARNING] [HEALTH] unstable_spread lifetime=0
[17:50:02.934] [WARNING] [EXEC] BLOCK_BUY reason=ws_stale mode=FAST ws_age=3217 spread=6.10 stable=1/1 mid_delta=0.00 bid_delta=0.00
[17:50:06.459] [WARNING] [EXEC] BLOCK_BUY reason=ws_stale mode=FAST ws_age=3250 spread=5.96 stable=1/1 mid_delta=0.00 bid_delta=0.00
[17:50:09.720] [WARNING] [HEALTH] block spread_too_young lifetime=0
[17:50:09.723] [WARNING] [HEALTH] unstable_spread lifetime=0
[17:50:09.724] [WARNING] [EXEC] BLOCK_BUY reason=ws_stale mode=FAST ws_age=3250 spread=8.04 stable=1/1 mid_delta=0.00 bid_delta=0.00
[17:50:12.643] [WARNING] [EXEC] BLOCK_BUY reason=ws_stale mode=FAST ws_age=2907 spread=5.97 stable=1/1 mid_delta=0.00 bid_delta=0.00
[17:50:15.702] [INFO] [HEALTH] state=DANGER
[17:50:15.703] [WARNING] [EXEC] BLOCK_BUY reason=ws_stale mode=FAST ws_age=2797 spread=5.98 stable=1/1 mid_delta=0.00 bid_delta=0.00
[17:50:21.526] [WARNING] [HEALTH] block spread_too_young lifetime=0
[17:50:21.529] [WARNING] [HEALTH] unstable_spread lifetime=0
[17:50:21.531] [WARNING] [EXEC] BLOCK_BUY reason=ws_stale mode=FAST ws_age=2780 spread=8.00 stable=1/1 mid_delta=0.00 bid_delta=0.00
[17:50:24.547] [WARNING] [EXEC] BLOCK_BUY reason=ws_stale mode=FAST ws_age=2750 spread=7.97 stable=1/1 mid_delta=0.00 bid_delta=0.00
[17:50:26.273] [INFO] [EXEC] STREAM_BUY_FILLED level_id=5
[17:50:26.276] [OK] [EXEC] CHUNK ADD qty=0.003100 entry=80465.50
[17:50:26.278] [INFO] [EXEC] CHUNK COUNT n=1
[17:50:26.543] [INFO] [EXEC] STREAM_SELL_PLACED stream_id=5 chunk_id=2374090011856 order_id=386631293 price=80465.80 qty=0.003100
[17:50:26.815] [INFO] [EXEC] STREAM_BUY_FILLED level_id=6
[17:50:26.818] [OK] [EXEC] CHUNK ADD qty=0.003100 entry=80465.40
[17:50:26.821] [INFO] [EXEC] CHUNK COUNT n=2
[17:50:27.100] [INFO] [EXEC] STREAM_SELL_PLACED stream_id=6 chunk_id=2374157321616 order_id=386631333 price=80465.70 qty=0.003100
[17:50:27.364] [INFO] [EXEC] STREAM_BUY_FILLED level_id=7
[17:50:27.365] [OK] [EXEC] CHUNK ADD qty=0.003100 entry=80465.30
[17:50:27.367] [INFO] [EXEC] CHUNK COUNT n=3
[17:50:27.629] [INFO] [EXEC] STREAM_SELL_PLACED stream_id=7 chunk_id=2374157322912 order_id=386631350 price=80465.60 qty=0.003100
[17:50:27.901] [INFO] [EXEC] STREAM_BUY_FILLED level_id=8
[17:50:27.904] [OK] [EXEC] CHUNK ADD qty=0.003100 entry=80465.20
[17:50:27.906] [INFO] [EXEC] CHUNK COUNT n=4
[17:50:28.193] [INFO] [EXEC] STREAM_SELL_PLACED stream_id=8 chunk_id=2374157326608 order_id=386631382 price=80465.50 qty=0.003100
[17:50:28.785] [INFO] [EXEC] STREAM_SELL_STATUS stream_id=5 chunk_id=2374090011856 order_id=386631293 status=FILLED
[17:50:28.788] [INFO] [EXEC] STREAM_SELL_FILLED stream_id=5 chunk_id=2374090011856 order_id=386631293
[17:50:28.790] [OK] [EXEC] FIFO CLOSE qty=0.003100 entry=80465.50 exit=80465.80 pnl=+0.000930
[17:50:28.791] [INFO] [EXEC] STREAM_PNL stream_id=5 pnl=+0.000930
[17:50:28.792] [OK] [EXEC] REALIZED pnl=+0.000930
[17:50:28.793] [INFO] [EXEC] STREAM_RECYCLED level_id=5
[17:50:28.794] [INFO] [EXEC] STREAM_RECYCLED stream_id=5
[17:50:29.055] [INFO] [EXEC] STREAM_SELL_STATUS stream_id=6 chunk_id=2374157321616 order_id=386631333 status=FILLED
[17:50:29.058] [INFO] [EXEC] STREAM_SELL_FILLED stream_id=6 chunk_id=2374157321616 order_id=386631333
[17:50:29.060] [OK] [EXEC] FIFO CLOSE qty=0.003100 entry=80465.40 exit=80465.70 pnl=+0.000930
[17:50:29.062] [INFO] [EXEC] STREAM_PNL stream_id=6 pnl=+0.000930
[17:50:29.065] [OK] [EXEC] REALIZED pnl=+0.000930
[17:50:29.067] [INFO] [EXEC] STREAM_RECYCLED level_id=6
[17:50:29.070] [INFO] [EXEC] STREAM_RECYCLED stream_id=6
[17:50:29.354] [INFO] [EXEC] STREAM_SELL_STATUS stream_id=7 chunk_id=2374157322912 order_id=386631350 status=FILLED
[17:50:29.358] [INFO] [EXEC] STREAM_SELL_FILLED stream_id=7 chunk_id=2374157322912 order_id=386631350
[17:50:29.359] [OK] [EXEC] FIFO CLOSE qty=0.003100 entry=80465.30 exit=80465.60 pnl=+0.000930
[17:50:29.361] [INFO] [EXEC] STREAM_PNL stream_id=7 pnl=+0.000930
[17:50:29.364] [OK] [EXEC] REALIZED pnl=+0.000930
[17:50:29.367] [INFO] [EXEC] STREAM_RECYCLED level_id=7
[17:50:29.370] [INFO] [EXEC] STREAM_RECYCLED stream_id=7
[17:50:29.636] [INFO] [EXEC] STREAM_SELL_STATUS stream_id=8 chunk_id=2374157326608 order_id=386631382 status=FILLED
[17:50:29.640] [INFO] [EXEC] STREAM_SELL_FILLED stream_id=8 chunk_id=2374157326608 order_id=386631382
[17:50:29.642] [OK] [EXEC] FIFO CLOSE qty=0.003100 entry=80465.20 exit=80465.50 pnl=+0.000930
[17:50:29.644] [INFO] [EXEC] STREAM_PNL stream_id=8 pnl=+0.000930
[17:50:29.645] [OK] [EXEC] REALIZED pnl=+0.000930
[17:50:29.646] [INFO] [EXEC] STREAM_RECYCLED level_id=8
[17:50:29.647] [INFO] [EXEC] STREAM_RECYCLED stream_id=8
[17:50:29.648] [INFO] [HEALTH] state=GOOD
[17:50:30.143] [INFO] START_CLICK received enabled=True api_ready=True running=True
[17:50:30.428] [WARNING] cancel all requested
[17:50:30.431] [INFO] [EXEC] SELL ACCOUNTING RESET reconcile_stop
[17:50:30.433] [INFO] [EXEC] RECONCILE_FLAT reason=inventory_empty_safe_qty_zero
[17:50:30.436] [WARNING] STOP
