[11:44:30.802] [OK] filters loaded
[11:44:31.681] [INFO] START_CLICK received enabled=True api_ready=True running=False
[11:44:31.681] [INFO] START_SETTINGS live_enabled=True guard_mode=FAST entry_mode=AGGRESSIVE exit_engine=True order_size=4000.0
[11:44:31.681] [INFO] START_PROFILE order_size=4000.0 min_spread=7.0 guard_mode=FAST entry_mode=AGGRESSIVE sell_timeout=2200 far_sell_ticks=30 taker_exit_after_ms=1600
[11:44:31.681] [INFO] SETTINGS_MERGE_PRESERVE existing_values=true missing_added=0
[11:44:32.166] [EXCHANGE] symbol=BTCU base=BTC quote=U status=TRADING permissions=[]
[11:44:32.186] [OK] START
[11:44:32.190] [OK] START_OK runtime_started
[11:44:32.916] [INFO] [EXEC] LIVE ON
[11:44:32.916] [INFO] [EXEC] WAIT READY
[11:44:32.916] [WARNING] [HEALTH] block spread_too_young lifetime=0
[11:44:32.916] [WARNING] [HEALTH] unstable_spread lifetime=0
[11:44:32.916] [WARNING] [EXEC] BLOCK_BUY reason=ws_stale mode=FAST ws_age=None spread=7.31 stable=1/1 mid_delta=0.00 bid_delta=0.00
[11:44:32.916] [WS] primary url=wss://stream.binance.com:9443/ws/btcu@bookTicker
[11:44:32.916] [WS] connecting primary
[11:44:33.089] [WARNING] [HEALTH] block spread_too_young lifetime=173
[11:44:33.094] [OK] [PLAN] HOT entry=80722.71 exit=80728.52 profit=0.287886 age=173ms
[11:44:33.850] [WS] connected
[11:44:37.900] [INFO] [EXEC] SELL ACCOUNTING RESET new_cycle
[11:44:37.916] [OK] [EXEC] BUY ORDER SENT orderId=385271966 price=80722.24 qty=0.049550
[11:44:37.916] [OK] [EXEC] PLACE BUY price=80722.24 qty=0.049550
[11:44:38.898] [INFO] [EXEC] ENTRY_REPRICE reason=wide_spread_cross old=80722.24 new=80722.65 count=1
[11:44:39.416] [OK] [EXEC] ENTRY_PLACE price=80722.65 qty=0.049550
[11:44:40.417] [INFO] [EXEC] BUY_WATCHDOG_SYNC orderId=385272019 status=NEW
[11:44:40.417] [WARNING] [EXEC] BUY TIMEOUT orderId=385272019
[11:44:40.417] [WARNING] [EXEC] CANCEL BUY orderId=385272019
[11:44:40.693] [OK] [EXEC] BUY CANCELED confirmed
[11:44:40.960] [INFO] [EXEC] BUY FINAL STATUS status=CANCELED orderId=385272019
[11:44:40.974] [WARNING] [EXEC] BLOCK reason=buy_not_filled
[11:44:45.189] [INFO] [HEALTH] state=GOOD
[11:44:45.448] [INFO] [EXEC] SELL ACCOUNTING RESET new_cycle
[11:44:45.448] [OK] [EXEC] BUY ORDER SENT orderId=385272138 price=80715.01 qty=0.049550
[11:44:45.448] [OK] [EXEC] PLACE BUY price=80715.01 qty=0.049550
[11:44:46.450] [INFO] [EXEC] ENTRY_REPRICE reason=wide_spread_cross old=80715.01 new=80715.04 count=1
[11:44:46.969] [OK] [EXEC] ENTRY_PLACE price=80715.04 qty=0.049550
[11:44:46.975] [OK] [PLAN] HOT entry=80716.02 exit=80727.86 profit=0.586672 age=1000ms
[11:44:48.760] [INFO] [EXEC] BUY_WATCHDOG_SYNC orderId=385272206 status=NEW
[11:44:48.760] [WARNING] [EXEC] BUY_WATCHDOG_FAR_CANCEL orderId=385272206 price=80715.04 bid=80724.18 dist_ticks=913
[11:44:53.103] [INFO] [HEALTH] state=GOOD
[11:44:53.353] [INFO] [EXEC] SELL ACCOUNTING RESET new_cycle
[11:44:53.369] [OK] [EXEC] BUY ORDER SENT orderId=385272379 price=80721.65 qty=0.049550
[11:44:53.369] [OK] [EXEC] PLACE BUY price=80721.65 qty=0.049550
[11:44:54.891] [OK] [SYNC] order filled detected
[11:44:54.891] [OK] [SYNC] BUY filled on exchange
[11:44:54.891] [OK] [EXEC] BUY FILL UPDATE delta=0.049550 avg=80721.65
[11:44:54.891] [OK] [EXEC] CHUNK ADD qty=0.049550 entry=80721.65
[11:44:54.891] [INFO] [EXEC] CHUNK COUNT n=1
[11:44:54.891] [OK] [EXEC] INVENTORY qty=0.049550
[11:44:54.891] [OK] [EXEC] SELL REQUIRED inventory=0.049550
[11:44:54.907] [WARNING] [EXEC] SELL_QTY_CLAMP inventory=0.049550 free=0.039677 final=0.039677
[11:44:55.436] [INFO] [EXEC] SELL CHECK inventory=0.049550 reported=0.000000 remaining=0.049540 chunks=1
[11:44:55.438] [INFO] [EXEC] PLACE_SELL_SOURCE source=plan price=80729.49
[11:44:55.440] [OK] [EXEC] PLACE SELL price=80729.49 qty=0.049540
[11:44:55.697] [OK] [EXEC] SELL ORDER SENT orderId=385272481
[11:44:56.700] [INFO] [EXEC] SELL UPSIZE old=0.049540 new=0.049550
[11:44:56.704] [WARNING] [EXEC] SELL TIMEOUT orderId=385272481
[11:44:56.705] [WARNING] [EXEC] CANCEL SELL orderId=385272481
[11:44:57.229] [INFO] [EXEC] SELL FINAL STATUS status=CANCELED orderId=385272481
[11:44:57.233] [INFO] [EXEC] SELL TIMEOUT check fast_exit
[11:44:57.235] [WARNING] [EXEC] FORCE EXIT hard_sl_triggered
[11:44:57.237] [ERROR] [EXEC] HARD SL triggered
[11:44:57.238] [WARNING] [EXEC] PANIC EXIT sl_mode
[11:44:57.508] [WARNING] [EXEC] FORCE EXIT price=80727.12
[11:44:57.510] [INFO] [EXEC] PLACE_SELL_SOURCE source=panic price=80727.12
[11:44:57.510] [OK] [EXEC] PLACE SELL price=80727.12 qty=0.049540
[11:44:57.760] [WARNING] [EXEC] PANIC START price=80727.12
[11:44:57.776] [OK] [EXEC] SELL ORDER SENT orderId=385272548
[11:44:58.923] [OK] [SYNC] order filled detected
[11:44:58.923] [OK] [SYNC] SELL filled on exchange
[11:44:58.923] [OK] [EXEC] FIFO CLOSE qty=0.049540 entry=80721.65 exit=80727.12 pnl=+0.270984
[11:44:58.923] [INFO] [EXEC] CHUNK DRAINED
[11:44:58.938] [OK] [EXEC] REALIZED pnl=+0.270984
[11:44:58.938] [INFO] [EXEC] SELL ACCOUNTING RESET flat
[11:44:58.938] [OK] [EXEC] CYCLE CLOSED pnl=+0.270984
[11:44:58.938] [INFO] [EXEC] SESSION realized=+0.270984 wins=1 losses=0
[11:44:58.938] [INFO] [HEALTH] state=GOOD
[11:44:59.203] [INFO] [EXEC] SELL ACCOUNTING RESET new_cycle
[11:44:59.207] [OK] [EXEC] BUY ORDER SENT orderId=385272611 price=80722.82 qty=0.049550
[11:44:59.210] [OK] [EXEC] PLACE BUY price=80722.82 qty=0.049550
[11:44:59.931] [OK] [SYNC] order filled detected
[11:44:59.931] [OK] [SYNC] BUY filled on exchange
[11:44:59.931] [OK] [EXEC] BUY FILL UPDATE delta=0.049550 avg=80722.82
[11:44:59.946] [OK] [EXEC] CHUNK ADD qty=0.049550 entry=80722.82
[11:44:59.946] [INFO] [EXEC] CHUNK COUNT n=1
[11:44:59.946] [OK] [EXEC] INVENTORY qty=0.049550
[11:44:59.946] [OK] [EXEC] SELL REQUIRED inventory=0.049550
[11:45:00.960] [INFO] [EXEC] SELL CHECK inventory=0.049550 reported=0.000000 remaining=0.049540 chunks=1
[11:45:00.962] [INFO] [EXEC] PLACE_SELL_SOURCE source=plan price=80727.74
[11:45:00.963] [OK] [EXEC] PLACE SELL price=80727.74 qty=0.049540
[11:45:01.212] [OK] [EXEC] SELL ORDER SENT orderId=385272734
[11:45:02.214] [WARNING] [EXEC] SELL_QTY_CLAMP inventory=0.049550 free=0.039697 final=0.039697
[11:45:02.487] [INFO] [EXEC] SELL_UPSIZE_SKIPPED reason=exit_or_panic_active
[11:45:03.487] [INFO] [EXEC] SELL_WATCHDOG_SYNC orderId=385272734 status=NEW
[11:45:03.490] [WARNING] [EXEC] SELL_WATCHDOG_FAR_CANCEL orderId=385272734 price=80727.74 ask=80724.35 dist_ticks=338
[11:45:04.016] [INFO] [EXEC] SELL_FAR_CANCEL_FINAL_STATUS status=CANCELED
[11:45:04.994] [INFO] [EXEC] SELL CHECK inventory=0.049550 reported=0.000000 remaining=0.049540 chunks=1
[11:45:04.994] [INFO] [EXEC] SELL_REPRICE_FRESH_APPLIED old=80727.74 new=80724.50 ask=80724.53 bid=80718.70
[11:45:04.994] [INFO] [EXEC] SELL_REPRICE_VALIDATION old=80727.74 new=80724.50 ask=80724.53 dist_ticks=2 source=fresh_snapshot
[11:45:04.994] [INFO] [EXEC] PLACE_SELL_SOURCE source=fresh_after_far_cancel price=80724.50
[11:45:04.994] [OK] [EXEC] PLACE SELL price=80724.50 qty=0.049540
[11:45:05.259] [OK] [EXEC] SELL ORDER SENT orderId=385272797
[11:45:07.299] [WARNING] [EXEC] SELL_QTY_CLAMP inventory=0.049550 free=0.039697 final=0.039697
[11:45:07.572] [INFO] [EXEC] SELL_WATCHDOG_SYNC orderId=385272797 status=NEW
[11:45:09.322] [OK] [SYNC] order filled detected
[11:45:09.322] [OK] [SYNC] SELL filled on exchange
[11:45:09.322] [OK] [EXEC] FIFO CLOSE qty=0.049540 entry=80722.82 exit=80724.50 pnl=+0.083227
[11:45:09.322] [INFO] [EXEC] CHUNK DRAINED
[11:45:09.338] [OK] [EXEC] REALIZED pnl=+0.083227
[11:45:09.338] [INFO] [EXEC] SELL ACCOUNTING RESET flat
[11:45:09.338] [OK] [EXEC] CYCLE CLOSED pnl=+0.083227
[11:45:09.338] [INFO] [EXEC] SESSION realized=+0.354211 wins=2 losses=0
[11:45:09.605] [INFO] [HEALTH] state=GOOD
[11:45:09.868] [INFO] [EXEC] SELL ACCOUNTING RESET new_cycle
[11:45:09.874] [OK] [EXEC] BUY ORDER SENT orderId=385272906 price=80721.68 qty=0.049550
[11:45:09.874] [OK] [EXEC] PLACE BUY price=80721.68 qty=0.049550
[11:45:10.882] [INFO] [EXEC] ENTRY_REPRICE reason=wide_spread_cross old=80721.68 new=80721.71 count=1
[11:45:11.400] [OK] [EXEC] ENTRY_PLACE price=80721.71 qty=0.049550
[11:45:11.416] [OK] [PLAN] HOT entry=80722.69 exit=80728.65 profit=0.295318 age=1015ms
[11:45:13.202] [INFO] [EXEC] BUY_WATCHDOG_SYNC orderId=385272963 status=NEW
[11:45:13.205] [WARNING] [EXEC] BUY TIMEOUT orderId=385272963
[11:45:13.208] [WARNING] [EXEC] CANCEL BUY orderId=385272963
[11:45:13.462] [OK] [EXEC] BUY CANCELED confirmed
[11:45:13.741] [INFO] [EXEC] BUY FINAL STATUS status=CANCELED orderId=385272963
[11:45:13.745] [WARNING] [EXEC] BLOCK reason=buy_not_filled
[11:45:20.308] [INFO] [HEALTH] state=GOOD
[11:45:20.572] [INFO] [EXEC] SELL ACCOUNTING RESET new_cycle
[11:45:20.572] [OK] [EXEC] BUY ORDER SENT orderId=385273212 price=80721.59 qty=0.049550
[11:45:20.572] [OK] [EXEC] PLACE BUY price=80721.59 qty=0.049550
[11:45:21.604] [INFO] [EXEC] ENTRY_REPRICE reason=wide_spread_cross old=80721.59 new=80722.04 count=1
[11:45:22.127] [OK] [EXEC] ENTRY_PLACE price=80722.04 qty=0.049550
[11:45:23.144] [OK] [SYNC] order filled detected
[11:45:23.144] [OK] [SYNC] BUY filled on exchange
[11:45:23.144] [OK] [EXEC] BUY FILL UPDATE delta=0.049550 avg=80722.04
[11:45:23.144] [OK] [EXEC] CHUNK ADD qty=0.049550 entry=80722.04
[11:45:23.144] [INFO] [EXEC] CHUNK COUNT n=1
[11:45:23.144] [OK] [EXEC] INVENTORY qty=0.049550
[11:45:23.144] [OK] [EXEC] SELL REQUIRED inventory=0.049550
[11:45:23.370] [WARNING] [EXEC] SELL_QTY_CLAMP inventory=0.049550 free=0.039697 final=0.039697
[11:45:23.894] [INFO] [EXEC] SELL CHECK inventory=0.049550 reported=0.000000 remaining=0.049540 chunks=1
[11:45:23.894] [INFO] [EXEC] PLACE_SELL_SOURCE source=plan price=80727.00
[11:45:23.894] [OK] [EXEC] PLACE SELL price=80727.00 qty=0.049540
[11:45:24.159] [OK] [EXEC] SELL ORDER SENT orderId=385273308
[11:45:25.166] [WARNING] [EXEC] SELL_QTY_CLAMP inventory=0.049550 free=0.039707 final=0.039707
[11:45:25.432] [INFO] [EXEC] SELL_UPSIZE_SKIPPED reason=exit_or_panic_active
[11:45:26.956] [INFO] [EXEC] SELL_WATCHDOG_SYNC orderId=385273308 status=NEW
[11:45:28.213] [WARNING] [EXEC] SELL_QTY_CLAMP inventory=0.049550 free=0.039707 final=0.039707
[11:45:28.479] [INFO] [EXEC] SELL_WATCHDOG_SYNC orderId=385273308 status=NEW
[11:45:32.018] [WARNING] [EXEC] SELL_QTY_CLAMP inventory=0.049550 free=0.039707 final=0.039707
[11:45:32.289] [INFO] [EXEC] SELL_WATCHDOG_SYNC orderId=385273308 status=NEW
[11:45:33.065] [OK] [SYNC] order filled detected
[11:45:33.066] [OK] [SYNC] SELL filled on exchange
[11:45:33.067] [OK] [EXEC] FIFO CLOSE qty=0.049540 entry=80722.04 exit=80727.00 pnl=+0.245718
[11:45:33.068] [INFO] [EXEC] CHUNK DRAINED
[11:45:33.068] [OK] [EXEC] REALIZED pnl=+0.245718
[11:45:33.070] [INFO] [EXEC] SELL ACCOUNTING RESET flat
[11:45:33.072] [OK] [EXEC] CYCLE CLOSED pnl=+0.245718
[11:45:33.072] [INFO] [EXEC] SESSION realized=+0.599929 wins=3 losses=0
[11:45:33.072] [INFO] [HEALTH] state=GOOD
[11:45:33.335] [INFO] [EXEC] SELL ACCOUNTING RESET new_cycle
[11:45:33.338] [OK] [EXEC] BUY ORDER SENT orderId=385273530 price=80723.26 qty=0.049550
[11:45:33.338] [OK] [EXEC] PLACE BUY price=80723.26 qty=0.049550
[11:45:35.394] [INFO] [EXEC] BUY_WATCHDOG_SYNC orderId=385273530 status=NEW
[11:45:35.397] [WARNING] [EXEC] BUY TIMEOUT orderId=385273530
[11:45:35.399] [WARNING] [EXEC] CANCEL BUY orderId=385273530
[11:45:35.659] [OK] [EXEC] BUY CANCELED confirmed
[11:45:35.924] [INFO] [EXEC] BUY FINAL STATUS status=FILLED orderId=385273530
[11:45:35.924] [OK] [EXEC] BUY FILL UPDATE delta=0.049550 avg=80723.26
[11:45:35.924] [OK] [EXEC] CHUNK ADD qty=0.049550 entry=80723.26
[11:45:35.924] [INFO] [EXEC] CHUNK COUNT n=1
[11:45:35.924] [OK] [EXEC] INVENTORY qty=0.049550
[11:45:35.924] [OK] [EXEC] SELL REQUIRED inventory=0.049550
[11:45:35.924] [OK] [EXEC] BUY FILLED during cancel
[11:45:35.924] [OK] [EXEC] BUY FILLED id=385273530
[11:45:36.893] [OK] [SYNC] order filled detected
[11:45:36.893] [OK] [SYNC] BUY filled on exchange
[11:45:37.416] [INFO] [EXEC] SELL CHECK inventory=0.049550 reported=0.000000 remaining=0.049540 chunks=1
[11:45:37.416] [INFO] [EXEC] PLACE_SELL_SOURCE source=plan price=80723.28
[11:45:37.431] [OK] [EXEC] PLACE SELL price=80723.28 qty=0.049540
[11:45:37.696] [OK] [EXEC] SELL ORDER SENT orderId=385273858
[11:45:38.650] [INFO] [EXEC] SELL_UPSIZE_SKIPPED reason=exit_or_panic_active
[11:45:39.671] [INFO] [EXEC] SELL_WATCHDOG_SYNC orderId=385273858 status=NEW
[11:45:39.673] [WARNING] [EXEC] SELL_WATCHDOG_FAR_CANCEL orderId=385273858 price=80723.28 ask=80712.15 dist_ticks=1113
[11:45:40.181] [INFO] [EXEC] SELL_FAR_CANCEL_FINAL_STATUS status=CANCELED
[11:45:41.212] [INFO] [EXEC] SELL CHECK inventory=0.049550 reported=0.000000 remaining=0.049540 chunks=1
[11:45:41.228] [INFO] [EXEC] SELL_REPRICE_FRESH_APPLIED old=80723.28 new=80711.45 ask=80711.47 bid=80706.00
[11:45:41.228] [INFO] [EXEC] SELL_REPRICE_VALIDATION old=80723.28 new=80711.45 ask=80711.47 dist_ticks=2 source=fresh_snapshot
[11:45:41.228] [WARNING] [EXEC] SELL_FLOOR_BLOCKED price=80711.45 floor=80723.27 entry=80723.26 reason=below_min_profit source=fresh_after_far_cancel
[11:45:41.228] [INFO] [EXEC] PLACE_SELL_SOURCE source=fresh_after_far_cancel price=80723.27
[11:45:41.228] [OK] [EXEC] PLACE SELL price=80723.27 qty=0.049540
[11:45:41.506] [OK] [EXEC] SELL ORDER SENT orderId=385273891
[11:45:42.338] [WARNING] [EXEC] SELL_QTY_CLAMP inventory=0.049550 free=0.039717 final=0.039717
[11:45:43.493] [INFO] [EXEC] SELL_WATCHDOG_SYNC orderId=385273891 status=NEW
[11:45:43.496] [WARNING] [EXEC] SELL_WATCHDOG_FAR_CANCEL orderId=385273891 price=80723.27 ask=80708.80 dist_ticks=1447
[11:45:44.495] [INFO] [EXEC] SELL_FAR_CANCEL_FINAL_STATUS status=CANCELED
[11:45:45.282] [INFO] [EXEC] SELL CHECK inventory=0.049550 reported=0.000000 remaining=0.049540 chunks=1
[11:45:45.300] [INFO] [EXEC] SELL_REPRICE_FRESH_APPLIED old=80723.27 new=80708.76 ask=80708.79 bid=80705.37
[11:45:45.302] [INFO] [EXEC] SELL_REPRICE_VALIDATION old=80723.27 new=80708.76 ask=80708.79 dist_ticks=2 source=fresh_snapshot
[11:45:45.305] [WARNING] [EXEC] SELL_FLOOR_BLOCKED price=80708.76 floor=80723.27 entry=80723.26 reason=below_min_profit source=fresh_after_far_cancel
[11:45:45.307] [INFO] [EXEC] PLACE_SELL_SOURCE source=fresh_after_far_cancel price=80723.27
[11:45:45.310] [OK] [EXEC] PLACE SELL price=80723.27 qty=0.049540
[11:45:46.041] [OK] [EXEC] SELL ORDER SENT orderId=385274022
[11:45:48.139] [INFO] [EXEC] SELL_WATCHDOG_SYNC orderId=385274022 status=NEW
[11:45:48.143] [WARNING] [EXEC] SELL_WATCHDOG_FAR_CANCEL orderId=385274022 price=80723.27 ask=80709.68 dist_ticks=1359
[11:45:48.665] [INFO] [EXEC] SELL_FAR_CANCEL_FINAL_STATUS status=CANCELED
[11:45:49.908] [INFO] [EXEC] SELL CHECK inventory=0.049550 reported=0.000000 remaining=0.049540 chunks=1
[11:45:49.908] [INFO] [EXEC] SELL_REPRICE_FRESH_APPLIED old=80723.27 new=80708.78 ask=80708.81 bid=80703.04
[11:45:49.908] [INFO] [EXEC] SELL_REPRICE_VALIDATION old=80723.27 new=80708.78 ask=80708.81 dist_ticks=2 source=fresh_snapshot
[11:45:49.923] [WARNING] [EXEC] SELL_FLOOR_BLOCKED price=80708.78 floor=80723.27 entry=80723.26 reason=below_min_profit source=fresh_after_far_cancel
[11:45:49.923] [INFO] [EXEC] PLACE_SELL_SOURCE source=fresh_after_far_cancel price=80723.27
[11:45:49.923] [OK] [EXEC] PLACE SELL price=80723.27 qty=0.049540
[11:45:50.183] [OK] [EXEC] SELL ORDER SENT orderId=385274142
[11:45:52.207] [INFO] [EXEC] SELL_WATCHDOG_SYNC orderId=385274142 status=NEW
[11:45:52.211] [WARNING] [EXEC] SELL_WATCHDOG_FAR_CANCEL orderId=385274142 price=80723.27 ask=80708.76 dist_ticks=1451
[11:45:52.728] [INFO] [EXEC] SELL_FAR_CANCEL_FINAL_STATUS status=CANCELED
[11:45:53.697] [INFO] [EXEC] SELL CHECK inventory=0.049550 reported=0.000000 remaining=0.049540 chunks=1
[11:45:53.714] [INFO] [EXEC] SELL_REPRICE_FRESH_APPLIED old=80723.27 new=80708.73 ask=80708.76 bid=80704.21
[11:45:53.715] [INFO] [EXEC] SELL_REPRICE_VALIDATION old=80723.27 new=80708.73 ask=80708.76 dist_ticks=2 source=fresh_snapshot
[11:45:53.716] [WARNING] [EXEC] SELL_FLOOR_BLOCKED price=80708.73 floor=80723.27 entry=80723.26 reason=below_min_profit source=fresh_after_far_cancel
[11:45:53.717] [INFO] [EXEC] PLACE_SELL_SOURCE source=fresh_after_far_cancel price=80723.27
[11:45:53.718] [OK] [EXEC] PLACE SELL price=80723.27 qty=0.049540
[11:45:53.982] [OK] [EXEC] SELL ORDER SENT orderId=385274193
[11:45:54.975] [WARNING] [EXEC] SELL_QTY_CLAMP inventory=0.049550 free=0.039717 final=0.039717
[11:45:56.247] [INFO] [EXEC] SELL_WATCHDOG_SYNC orderId=385274193 status=NEW
[11:45:56.251] [WARNING] [EXEC] SELL_WATCHDOG_FAR_CANCEL orderId=385274193 price=80723.27 ask=80708.76 dist_ticks=1451
[11:45:56.776] [INFO] [EXEC] SELL_FAR_CANCEL_FINAL_STATUS status=CANCELED
[11:45:57.575] [INFO] [EXEC] SELL CHECK inventory=0.049550 reported=0.000000 remaining=0.049540 chunks=1
[11:45:57.579] [INFO] [EXEC] SELL_REPRICE_FRESH_APPLIED old=80723.27 new=80708.73 ask=80708.76 bid=80704.53
[11:45:57.582] [INFO] [EXEC] SELL_REPRICE_VALIDATION old=80723.27 new=80708.73 ask=80708.76 dist_ticks=2 source=fresh_snapshot
[11:45:57.584] [WARNING] [EXEC] SELL_FLOOR_BLOCKED price=80708.73 floor=80723.27 entry=80723.26 reason=below_min_profit source=fresh_after_far_cancel
[11:45:57.585] [INFO] [EXEC] PLACE_SELL_SOURCE source=fresh_after_far_cancel price=80723.27
[11:45:57.587] [OK] [EXEC] PLACE SELL price=80723.27 qty=0.049540
[11:45:57.857] [OK] [EXEC] SELL ORDER SENT orderId=385274218
[11:46:00.400] [WARNING] [EXEC] SELL_QTY_CLAMP inventory=0.049550 free=0.039717 final=0.039717
[11:46:00.672] [INFO] [EXEC] SELL_WATCHDOG_SYNC orderId=385274218 status=NEW
[11:46:00.675] [WARNING] [EXEC] SELL_WATCHDOG_FAR_CANCEL orderId=385274218 price=80723.27 ask=80708.25 dist_ticks=1502
[11:46:01.197] [INFO] [EXEC] SELL_FAR_CANCEL_FINAL_STATUS status=CANCELED
[11:46:02.179] [INFO] [EXEC] SELL CHECK inventory=0.049550 reported=0.000000 remaining=0.049540 chunks=1
[11:46:02.183] [INFO] [EXEC] SELL_REPRICE_FRESH_APPLIED old=80723.27 new=80707.58 ask=80707.60 bid=80703.47
[11:46:02.186] [INFO] [EXEC] SELL_REPRICE_VALIDATION old=80723.27 new=80707.58 ask=80707.60 dist_ticks=2 source=fresh_snapshot
[11:46:02.188] [WARNING] [EXEC] SELL_FLOOR_BLOCKED price=80707.58 floor=80723.27 entry=80723.26 reason=below_min_profit source=fresh_after_far_cancel
[11:46:02.189] [INFO] [EXEC] PLACE_SELL_SOURCE source=fresh_after_far_cancel price=80723.27
[11:46:02.190] [OK] [EXEC] PLACE SELL price=80723.27 qty=0.049540
[11:46:02.447] [OK] [EXEC] SELL ORDER SENT orderId=385274398
[11:46:04.479] [INFO] [EXEC] SELL_WATCHDOG_SYNC orderId=385274398 status=NEW
[11:46:04.479] [WARNING] [EXEC] SELL_WATCHDOG_FAR_CANCEL orderId=385274398 price=80723.27 ask=80707.59 dist_ticks=1568
[11:46:05.012] [INFO] [EXEC] SELL_FAR_CANCEL_FINAL_STATUS status=CANCELED
[11:46:06.009] [INFO] [EXEC] SELL CHECK inventory=0.049550 reported=0.000000 remaining=0.049540 chunks=1
[11:46:06.025] [INFO] [EXEC] SELL_REPRICE_FRESH_APPLIED old=80723.27 new=80707.55 ask=80707.57 bid=80703.85
[11:46:06.027] [INFO] [EXEC] SELL_REPRICE_VALIDATION old=80723.27 new=80707.55 ask=80707.57 dist_ticks=2 source=fresh_snapshot
[11:46:06.029] [WARNING] [EXEC] SELL_FLOOR_BLOCKED price=80707.55 floor=80723.27 entry=80723.26 reason=below_min_profit source=fresh_after_far_cancel
[11:46:06.031] [INFO] [EXEC] PLACE_SELL_SOURCE source=fresh_after_far_cancel price=80723.27
[11:46:06.032] [OK] [EXEC] PLACE SELL price=80723.27 qty=0.049540
[11:46:06.291] [OK] [EXEC] SELL ORDER SENT orderId=385274546
[11:46:06.759] [WARNING] [EXEC] SELL_QTY_CLAMP inventory=0.049550 free=0.039717 final=0.039717
[11:46:09.041] [INFO] [EXEC] SELL_WATCHDOG_SYNC orderId=385274546 status=NEW
[11:46:09.041] [WARNING] [EXEC] SELL_WATCHDOG_FAR_CANCEL orderId=385274546 price=80723.27 ask=80709.49 dist_ticks=1377
[11:46:09.572] [INFO] [EXEC] SELL_FAR_CANCEL_FINAL_STATUS status=CANCELED
[11:46:10.057] [WARNING] [EXEC] SELL_QTY_CLAMP inventory=0.049550 free=0.039717 final=0.039717
[11:46:10.572] [INFO] [EXEC] SELL CHECK inventory=0.049550 reported=0.000000 remaining=0.049540 chunks=1
[11:46:10.572] [INFO] [EXEC] SELL_REPRICE_FRESH_APPLIED old=80723.27 new=80709.95 ask=80709.98 bid=80699.07
[11:46:10.588] [INFO] [EXEC] SELL_REPRICE_VALIDATION old=80723.27 new=80709.95 ask=80709.98 dist_ticks=2 source=fresh_snapshot
[11:46:10.588] [WARNING] [EXEC] SELL_FLOOR_BLOCKED price=80709.95 floor=80723.27 entry=80723.26 reason=below_min_profit source=fresh_after_far_cancel
[11:46:10.588] [INFO] [EXEC] PLACE_SELL_SOURCE source=fresh_after_far_cancel price=80723.27
[11:46:10.588] [OK] [EXEC] PLACE SELL price=80723.27 qty=0.049540
[11:46:10.853] [OK] [EXEC] SELL ORDER SENT orderId=385274676
[11:46:13.083] [INFO] [EXEC] SELL_WATCHDOG_SYNC orderId=385274676 status=NEW
[11:46:13.083] [WARNING] [EXEC] SELL_WATCHDOG_FAR_CANCEL orderId=385274676 price=80723.27 ask=80707.73 dist_ticks=1554
[11:46:13.618] [INFO] [EXEC] SELL_FAR_CANCEL_FINAL_STATUS status=CANCELED
[11:46:14.102] [WARNING] [EXEC] SELL_QTY_CLAMP inventory=0.049550 free=0.039717 final=0.039717
[11:46:14.618] [INFO] [EXEC] SELL CHECK inventory=0.049550 reported=0.000000 remaining=0.049540 chunks=1
[11:46:14.618] [INFO] [EXEC] SELL_REPRICE_FRESH_APPLIED old=80723.27 new=80707.70 ask=80707.73 bid=80701.96
[11:46:14.618] [INFO] [EXEC] SELL_REPRICE_VALIDATION old=80723.27 new=80707.70 ask=80707.73 dist_ticks=2 source=fresh_snapshot
[11:46:14.618] [WARNING] [EXEC] SELL_FLOOR_BLOCKED price=80707.70 floor=80723.27 entry=80723.26 reason=below_min_profit source=fresh_after_far_cancel
[11:46:14.618] [INFO] [EXEC] PLACE_SELL_SOURCE source=fresh_after_far_cancel price=80723.27
[11:46:14.618] [OK] [EXEC] PLACE SELL price=80723.27 qty=0.049540
[11:46:14.888] [OK] [EXEC] SELL ORDER SENT orderId=385274788
[11:46:17.881] [WARNING] [EXEC] SELL_QTY_CLAMP inventory=0.049550 free=0.039717 final=0.039717
[11:46:18.134] [INFO] [EXEC] SELL_WATCHDOG_SYNC orderId=385274788 status=NEW
[11:46:18.150] [WARNING] [EXEC] SELL_WATCHDOG_FAR_CANCEL orderId=385274788 price=80723.27 ask=80707.86 dist_ticks=1541
[11:46:19.157] [INFO] [EXEC] SELL_FAR_CANCEL_FINAL_STATUS status=CANCELED
[11:46:20.682] [INFO] [EXEC] SELL CHECK inventory=0.049550 reported=0.000000 remaining=0.049540 chunks=1
[11:46:20.682] [INFO] [EXEC] SELL_REPRICE_FRESH_APPLIED old=80723.27 new=80702.95 ask=80702.98 bid=80698.01
[11:46:20.682] [INFO] [EXEC] SELL_REPRICE_VALIDATION old=80723.27 new=80702.95 ask=80702.98 dist_ticks=2 source=fresh_snapshot
[11:46:20.682] [WARNING] [EXEC] SELL_FLOOR_BLOCKED price=80702.95 floor=80723.27 entry=80723.26 reason=below_min_profit source=fresh_after_far_cancel
[11:46:20.682] [INFO] [EXEC] PLACE_SELL_SOURCE source=fresh_after_far_cancel price=80723.27
[11:46:20.697] [OK] [EXEC] PLACE SELL price=80723.27 qty=0.049540
[11:46:20.965] [OK] [EXEC] SELL ORDER SENT orderId=385275036
[11:46:23.425] [INFO] [EXEC] SELL_WATCHDOG_SYNC orderId=385275036 status=NEW
[11:46:23.429] [WARNING] [EXEC] SELL_WATCHDOG_FAR_CANCEL orderId=385275036 price=80723.27 ask=80695.93 dist_ticks=2734
[11:46:24.431] [INFO] [EXEC] SELL_FAR_CANCEL_FINAL_STATUS status=CANCELED
[11:46:26.007] [INFO] [EXEC] SELL CHECK inventory=0.049550 reported=0.000000 remaining=0.049540 chunks=1
[11:46:26.022] [INFO] [EXEC] SELL_REPRICE_FRESH_APPLIED old=80723.27 new=80702.42 ask=80702.45 bid=80694.59
[11:46:26.022] [INFO] [EXEC] SELL_REPRICE_VALIDATION old=80723.27 new=80702.42 ask=80702.45 dist_ticks=2 source=fresh_snapshot
[11:46:26.022] [WARNING] [EXEC] SELL_FLOOR_BLOCKED price=80702.42 floor=80723.27 entry=80723.26 reason=below_min_profit source=fresh_after_far_cancel
[11:46:26.022] [INFO] [EXEC] PLACE_SELL_SOURCE source=fresh_after_far_cancel price=80723.27
[11:46:26.022] [OK] [EXEC] PLACE SELL price=80723.27 qty=0.049540
[11:46:26.276] [OK] [EXEC] SELL ORDER SENT orderId=385275288
[11:46:26.292] [OK] [PLAN] HOT entry=80695.59 exit=80701.95 profit=0.315202 age=2797ms
[11:46:28.777] [INFO] [EXEC] SELL_WATCHDOG_SYNC orderId=385275288 status=NEW
[11:46:28.793] [WARNING] [EXEC] SELL_WATCHDOG_FAR_CANCEL orderId=385275288 price=80723.27 ask=80701.53 dist_ticks=2174
[11:46:29.316] [INFO] [EXEC] SELL_FAR_CANCEL_FINAL_STATUS status=CANCELED
[11:46:30.338] [INFO] [EXEC] SELL CHECK inventory=0.049550 reported=0.000000 remaining=0.049540 chunks=1
[11:46:30.338] [INFO] [EXEC] SELL_REPRICE_FRESH_APPLIED old=80723.27 new=80699.40 ask=80699.43 bid=80691.97
[11:46:30.338] [INFO] [EXEC] SELL_REPRICE_VALIDATION old=80723.27 new=80699.40 ask=80699.43 dist_ticks=2 source=fresh_snapshot
[11:46:30.338] [WARNING] [EXEC] SELL_FLOOR_BLOCKED price=80699.40 floor=80723.27 entry=80723.26 reason=below_min_profit source=fresh_after_far_cancel
[11:46:30.354] [INFO] [EXEC] PLACE_SELL_SOURCE source=fresh_after_far_cancel price=80723.27
[11:46:30.355] [OK] [EXEC] PLACE SELL price=80723.27 qty=0.049540
[11:46:30.617] [OK] [EXEC] SELL ORDER SENT orderId=385275346
[11:46:31.603] [WARNING] [EXEC] SELL_QTY_CLAMP inventory=0.049550 free=0.039717 final=0.039717
[11:46:32.843] [INFO] [EXEC] SELL_WATCHDOG_SYNC orderId=385275346 status=NEW
[11:46:32.845] [WARNING] [EXEC] SELL_WATCHDOG_FAR_CANCEL orderId=385275346 price=80723.27 ask=80701.73 dist_ticks=2154
[11:46:33.392] [INFO] [EXEC] SELL_FAR_CANCEL_FINAL_STATUS status=CANCELED
[11:46:34.338] [INFO] [EXEC] SELL CHECK inventory=0.049550 reported=0.000000 remaining=0.049540 chunks=1
[11:46:34.338] [INFO] [EXEC] SELL_REPRICE_FRESH_APPLIED old=80723.27 new=80701.70 ask=80701.72 bid=80695.37
[11:46:34.338] [INFO] [EXEC] SELL_REPRICE_VALIDATION old=80723.27 new=80701.70 ask=80701.72 dist_ticks=2 source=fresh_snapshot
[11:46:34.338] [WARNING] [EXEC] SELL_FLOOR_BLOCKED price=80701.70 floor=80723.27 entry=80723.26 reason=below_min_profit source=fresh_after_far_cancel
[11:46:34.338] [INFO] [EXEC] PLACE_SELL_SOURCE source=fresh_after_far_cancel price=80723.27
[11:46:34.338] [OK] [EXEC] PLACE SELL price=80723.27 qty=0.049540
[11:46:34.619] [OK] [EXEC] SELL ORDER SENT orderId=385275447
[11:46:36.635] [WARNING] [EXEC] SELL_QTY_CLAMP inventory=0.049550 free=0.039717 final=0.039717
[11:46:36.923] [INFO] [EXEC] SELL_WATCHDOG_SYNC orderId=385275447 status=NEW
[11:46:39.690] [OK] [SYNC] order filled detected
[11:46:39.693] [OK] [SYNC] SELL filled on exchange
[11:46:39.693] [OK] [EXEC] FIFO CLOSE qty=0.049540 entry=80723.26 exit=80723.27 pnl=+0.000495
[11:46:39.695] [INFO] [EXEC] CHUNK DRAINED
[11:46:39.696] [OK] [EXEC] REALIZED pnl=+0.000495
[11:46:39.697] [INFO] [EXEC] SELL ACCOUNTING RESET flat
[11:46:39.697] [OK] [EXEC] CYCLE CLOSED pnl=+0.000495
[11:46:39.697] [INFO] [EXEC] SESSION realized=+0.600425 wins=4 losses=0
[11:47:00.840] [INFO] [HEALTH] state=GOOD
[11:47:01.104] [INFO] [EXEC] SELL ACCOUNTING RESET new_cycle
[11:47:01.104] [OK] [EXEC] BUY ORDER SENT orderId=385276251 price=80723.31 qty=0.049550
[11:47:01.104] [OK] [EXEC] PLACE BUY price=80723.31 qty=0.049550
[11:47:02.131] [INFO] [EXEC] ENTRY_REPRICE reason=bid_moved_up old=80723.31 new=80723.33 count=1
[11:47:02.650] [OK] [EXEC] ENTRY_PLACE price=80723.33 qty=0.049550
[11:47:04.144] [INFO] [EXEC] BUY_WATCHDOG_SYNC orderId=385276280 status=NEW
[11:47:04.148] [WARNING] [EXEC] BUY_WATCHDOG_FAR_CANCEL orderId=385276280 price=80723.33 bid=80725.16 dist_ticks=183
[11:47:06.166] [INFO] [HEALTH] state=GOOD
[11:47:06.431] [INFO] [EXEC] SELL ACCOUNTING RESET new_cycle
[11:47:06.431] [OK] [EXEC] BUY ORDER SENT orderId=385276433 price=80725.59 qty=0.049550
[11:47:06.431] [OK] [EXEC] PLACE BUY price=80725.59 qty=0.049550
[11:47:06.969] [OK] [SYNC] order filled detected
[11:47:06.976] [OK] [SYNC] BUY filled on exchange
[11:47:06.976] [OK] [EXEC] BUY FILL UPDATE delta=0.049550 avg=80725.59
[11:47:06.976] [OK] [EXEC] CHUNK ADD qty=0.049550 entry=80725.59
[11:47:06.976] [INFO] [EXEC] CHUNK COUNT n=1
[11:47:06.976] [OK] [EXEC] INVENTORY qty=0.049550
[11:47:06.976] [OK] [EXEC] SELL REQUIRED inventory=0.049550
[11:47:07.167] [WARNING] [EXEC] SELL_QTY_CLAMP inventory=0.049550 free=0.039717 final=0.039717
[11:47:07.697] [INFO] [EXEC] SELL CHECK inventory=0.049550 reported=0.000000 remaining=0.049540 chunks=1
[11:47:07.697] [INFO] [EXEC] PLACE_SELL_SOURCE source=plan price=80727.96
[11:47:07.697] [OK] [EXEC] PLACE SELL price=80727.96 qty=0.049540
[11:47:07.964] [OK] [EXEC] SELL ORDER SENT orderId=385276456
[11:47:08.975] [OK] [EXEC] FIFO CLOSE qty=0.049540 entry=80725.59 exit=80727.96 pnl=+0.117410
[11:47:08.978] [INFO] [EXEC] CHUNK DRAINED
[11:47:08.978] [OK] [EXEC] REALIZED pnl=+0.117410
[11:47:08.978] [INFO] [EXEC] SELL ACCOUNTING RESET flat
[11:47:08.982] [OK] [EXEC] CYCLE CLOSED pnl=+0.117410
[11:47:08.983] [INFO] [EXEC] SESSION realized=+0.717835 wins=5 losses=0
[11:47:08.984] [OK] [EXEC] EXIT_FILLED
[11:47:08.985] [INFO] [EXEC] SELL ACCOUNTING RESET flat
[11:47:08.986] [INFO] [EXEC] CYCLE SKIP no_fifo_pnl
[11:47:08.987] [OK] [EXEC] SELL FILLED id=385276456
[11:47:08.988] [OK] [EXEC] SELL FILLED qty=0.049540 remaining=0.000000
[11:47:08.990] [INFO] [EXEC] SELL ACCOUNTING RESET inventory_drained
[11:47:08.991] [INFO] [EXEC] INVENTORY DRAINED epsilon_cleanup qty=0.000000
[11:47:08.992] [INFO] [EXEC] SELL ACCOUNTING RESET flat
[11:47:08.994] [INFO] [EXEC] CYCLE SKIP no_fifo_pnl
[11:47:14.761] [INFO] [HEALTH] state=GOOD
[11:47:15.023] [INFO] [EXEC] SELL ACCOUNTING RESET new_cycle
[11:47:15.023] [OK] [EXEC] BUY ORDER SENT orderId=385276662 price=80715.26 qty=0.049550
[11:47:15.023] [OK] [EXEC] PLACE BUY price=80715.26 qty=0.049550
[11:47:16.010] [INFO] [EXEC] ENTRY_REPRICE reason=bid_moved_up old=80715.26 new=80723.42 count=1
[11:47:17.025] [OK] [EXEC] ENTRY_PLACE price=80723.42 qty=0.049550
[11:47:17.823] [INFO] [EXEC] BUY_WATCHDOG_SYNC orderId=385276675 status=NEW
[11:47:17.823] [WARNING] [EXEC] BUY TIMEOUT orderId=385276675
[11:47:17.823] [WARNING] [EXEC] CANCEL BUY orderId=385276675
[11:47:18.106] [OK] [EXEC] BUY CANCELED confirmed
[11:47:18.370] [INFO] [EXEC] BUY FINAL STATUS status=CANCELED orderId=385276675
[11:47:18.374] [WARNING] [EXEC] BLOCK reason=buy_not_filled
[11:47:21.103] [INFO] [HEALTH] state=GOOD
[11:47:21.366] [INFO] [EXEC] SELL ACCOUNTING RESET new_cycle
[11:47:21.369] [OK] [EXEC] BUY ORDER SENT orderId=385276765 price=80725.19 qty=0.049550
[11:47:21.369] [OK] [EXEC] PLACE BUY price=80725.19 qty=0.049550
[11:47:22.369] [OK] [SYNC] order filled detected
[11:47:22.369] [OK] [SYNC] BUY filled on exchange
[11:47:22.369] [OK] [EXEC] BUY FILL UPDATE delta=0.049550 avg=80725.19
[11:47:22.386] [OK] [EXEC] CHUNK ADD qty=0.049550 entry=80725.19
[11:47:22.389] [INFO] [EXEC] CHUNK COUNT n=1
[11:47:22.392] [OK] [EXEC] INVENTORY qty=0.049550
[11:47:22.394] [OK] [EXEC] SELL REQUIRED inventory=0.049550
[11:47:22.619] [WARNING] [EXEC] SELL_QTY_CLAMP inventory=0.049550 free=0.039727 final=0.039727
[11:47:23.151] [INFO] [EXEC] SELL CHECK inventory=0.049550 reported=0.000000 remaining=0.049540 chunks=1
[11:47:23.153] [INFO] [EXEC] PLACE_SELL_SOURCE source=plan price=80732.27
[11:47:23.155] [OK] [EXEC] PLACE SELL price=80732.27 qty=0.049540
[11:47:23.893] [OK] [EXEC] SELL ORDER SENT orderId=385276925
[11:47:23.893] [OK] [PLAN] HOT entry=80723.01 exit=80732.27 profit=0.458833 age=1516ms
[11:47:25.924] [OK] [SYNC] order filled detected
[11:47:25.924] [OK] [SYNC] SELL filled on exchange
[11:47:25.924] [OK] [EXEC] FIFO CLOSE qty=0.049540 entry=80725.19 exit=80732.27 pnl=+0.350743
[11:47:25.924] [INFO] [EXEC] CHUNK DRAINED
[11:47:25.924] [OK] [EXEC] REALIZED pnl=+0.350743
[11:47:25.940] [INFO] [EXEC] SELL ACCOUNTING RESET flat
[11:47:25.940] [OK] [EXEC] CYCLE CLOSED pnl=+0.350743
[11:47:25.940] [INFO] [EXEC] SESSION realized=+1.068578 wins=6 losses=0
[11:47:35.348] [INFO] [HEALTH] state=GOOD
[11:47:35.646] [INFO] [EXEC] SELL ACCOUNTING RESET new_cycle
[11:47:35.651] [OK] [EXEC] BUY ORDER SENT orderId=385277235 price=80728.56 qty=0.049540
[11:47:35.655] [OK] [EXEC] PLACE BUY price=80728.56 qty=0.049540
[11:47:37.368] [INFO] [EXEC] BUY_WATCHDOG_SYNC orderId=385277235 status=NEW
[11:47:37.368] [WARNING] [EXEC] BUY TIMEOUT orderId=385277235
[11:47:37.368] [WARNING] [EXEC] CANCEL BUY orderId=385277235
[11:47:37.635] [OK] [EXEC] BUY CANCELED confirmed
[11:47:37.900] [INFO] [EXEC] BUY FINAL STATUS status=CANCELED orderId=385277235
[11:47:37.900] [WARNING] [EXEC] BLOCK reason=buy_not_filled
[11:48:05.057] [INFO] [HEALTH] state=GOOD
[11:48:05.322] [INFO] [EXEC] SELL ACCOUNTING RESET new_cycle
[11:48:05.322] [OK] [EXEC] BUY ORDER SENT orderId=385277835 price=80731.48 qty=0.049540
[11:48:05.322] [OK] [EXEC] PLACE BUY price=80731.48 qty=0.049540
[11:48:07.041] [OK] [EXEC] BUY FILL UPDATE delta=0.049540 avg=80731.48
[11:48:07.041] [OK] [EXEC] CHUNK ADD qty=0.049540 entry=80731.48
[11:48:07.057] [INFO] [EXEC] CHUNK COUNT n=1
[11:48:07.059] [OK] [EXEC] INVENTORY qty=0.049540
[11:48:07.061] [OK] [EXEC] SELL REQUIRED inventory=0.049540
[11:48:07.063] [OK] [EXEC] BUY PARTIAL delta=0.049540 total=0.049540
[11:48:07.064] [OK] [EXEC] BUY REMAINING qty=0.000000
[11:48:07.065] [OK] [EXEC] BUY FILLED id=385277835
[11:48:07.603] [OK] [SYNC] order filled detected
[11:48:07.607] [OK] [SYNC] BUY filled on exchange
[11:48:08.336] [INFO] [EXEC] SELL CHECK inventory=0.049540 reported=0.000000 remaining=0.049540 chunks=1
[11:48:08.338] [INFO] [EXEC] PLACE_SELL_SOURCE source=plan price=80733.36
[11:48:08.339] [OK] [EXEC] PLACE SELL price=80733.36 qty=0.049540
[11:48:08.607] [OK] [EXEC] SELL ORDER SENT orderId=385277929
[11:48:09.140] [OK] [SYNC] order filled detected
[11:48:09.143] [OK] [SYNC] SELL filled on exchange
[11:48:09.144] [OK] [EXEC] FIFO CLOSE qty=0.049540 entry=80731.48 exit=80733.36 pnl=+0.093135
[11:48:09.145] [INFO] [EXEC] CHUNK DRAINED
[11:48:09.146] [OK] [EXEC] REALIZED pnl=+0.093135
[11:48:09.147] [INFO] [EXEC] SELL ACCOUNTING RESET flat
[11:48:09.148] [OK] [EXEC] CYCLE CLOSED pnl=+0.093135
[11:48:09.150] [INFO] [EXEC] SESSION realized=+1.161713 wins=7 losses=0
[11:48:10.589] [INFO] [HEALTH] state=GOOD
[11:48:10.853] [INFO] [EXEC] SELL ACCOUNTING RESET new_cycle
[11:48:10.858] [OK] [EXEC] BUY ORDER SENT orderId=385277972 price=80731.01 qty=0.049540
[11:48:10.860] [OK] [EXEC] PLACE BUY price=80731.01 qty=0.049540
[11:48:13.165] [INFO] [EXEC] BUY_WATCHDOG_SYNC orderId=385277972 status=NEW
[11:48:13.165] [WARNING] [EXEC] BUY TIMEOUT orderId=385277972
[11:48:13.165] [WARNING] [EXEC] CANCEL BUY orderId=385277972
[11:48:13.433] [OK] [EXEC] BUY CANCELED confirmed
[11:48:13.698] [INFO] [EXEC] BUY FINAL STATUS status=CANCELED orderId=385277972
[11:48:13.698] [WARNING] [EXEC] BLOCK reason=buy_not_filled
[11:48:15.210] [INFO] [EXEC] SELL ACCOUNTING RESET new_cycle
[11:48:15.213] [OK] [EXEC] BUY ORDER SENT orderId=385278034 price=80731.06 qty=0.049540
[11:48:15.213] [OK] [EXEC] PLACE BUY price=80731.06 qty=0.049540
[11:48:16.228] [INFO] [EXEC] ENTRY_REPRICE reason=bid_moved_up old=80731.06 new=80731.08 count=1
[11:48:16.760] [OK] [EXEC] ENTRY_PLACE price=80731.08 qty=0.049540
[11:48:17.777] [OK] [SYNC] order filled detected
[11:48:17.780] [OK] [SYNC] BUY filled on exchange
[11:48:17.781] [OK] [EXEC] BUY FILL UPDATE delta=0.049540 avg=80731.08
[11:48:17.783] [OK] [EXEC] CHUNK ADD qty=0.049540 entry=80731.08
[11:48:17.784] [INFO] [EXEC] CHUNK COUNT n=1
[11:48:17.785] [OK] [EXEC] INVENTORY qty=0.049540
[11:48:17.786] [OK] [EXEC] SELL REQUIRED inventory=0.049540
[11:48:18.786] [INFO] [EXEC] SELL CHECK inventory=0.049540 reported=0.000000 remaining=0.049540 chunks=1
[11:48:18.790] [INFO] [EXEC] PLACE_SELL_SOURCE source=plan price=80733.81
[11:48:18.793] [OK] [EXEC] PLACE SELL price=80733.81 qty=0.049540
[11:48:19.060] [OK] [EXEC] SELL ORDER SENT orderId=385278083
[11:48:19.589] [OK] [SYNC] order filled detected
[11:48:19.589] [OK] [SYNC] SELL filled on exchange
[11:48:19.589] [OK] [EXEC] FIFO CLOSE qty=0.049540 entry=80731.08 exit=80733.81 pnl=+0.135244
[11:48:19.589] [INFO] [EXEC] CHUNK DRAINED
[11:48:19.589] [OK] [EXEC] REALIZED pnl=+0.135244
[11:48:19.589] [INFO] [EXEC] SELL ACCOUNTING RESET flat
[11:48:19.589] [OK] [EXEC] CYCLE CLOSED pnl=+0.135244
[11:48:19.589] [INFO] [EXEC] SESSION realized=+1.296957 wins=8 losses=0
[11:48:20.260] [INFO] [HEALTH] state=GOOD
[11:48:20.525] [INFO] [EXEC] SELL ACCOUNTING RESET new_cycle
[11:48:20.530] [OK] [EXEC] BUY ORDER SENT orderId=385278111 price=80731.42 qty=0.049540
[11:48:20.533] [OK] [EXEC] PLACE BUY price=80731.42 qty=0.049540
[11:48:22.307] [INFO] [EXEC] BUY_WATCHDOG_SYNC orderId=385278111 status=NEW
[11:48:22.307] [WARNING] [EXEC] BUY_WATCHDOG_FAR_CANCEL orderId=385278111 price=80731.42 bid=80731.81 dist_ticks=38
[11:48:23.329] [INFO] [EXEC] SELL ACCOUNTING RESET new_cycle
[11:48:23.333] [OK] [EXEC] BUY ORDER SENT orderId=385278196 price=80732.81 qty=0.049540
[11:48:23.334] [OK] [EXEC] PLACE BUY price=80732.81 qty=0.049540
[11:48:23.336] [OK] [PLAN] HOT entry=80732.81 exit=80739.41 profit=0.326964 age=2807ms
[11:48:24.599] [INFO] [EXEC] ENTRY_REPRICE reason=bid_moved_up old=80732.81 new=80732.83 count=1
[11:48:25.118] [OK] [EXEC] ENTRY_PLACE price=80732.83 qty=0.049540
[11:48:26.099] [INFO] [EXEC] BUY_WATCHDOG_SYNC orderId=385278239 status=NEW
[11:48:26.103] [WARNING] [EXEC] BUY TIMEOUT orderId=385278239
[11:48:26.106] [WARNING] [EXEC] CANCEL BUY orderId=385278239
[11:48:26.368] [OK] [EXEC] BUY CANCELED confirmed
[11:48:26.635] [INFO] [EXEC] BUY FINAL STATUS status=CANCELED orderId=385278239
[11:48:26.635] [WARNING] [EXEC] BLOCK reason=buy_not_filled
[11:48:29.159] [INFO] [HEALTH] state=GOOD
[11:48:29.415] [INFO] [EXEC] SELL ACCOUNTING RESET new_cycle
[11:48:29.415] [OK] [EXEC] BUY ORDER SENT orderId=385278346 price=80732.74 qty=0.049540
[11:48:29.415] [OK] [EXEC] PLACE BUY price=80732.74 qty=0.049540
[11:48:30.661] [INFO] [EXEC] ENTRY_REPRICE reason=wide_spread_cross old=80732.74 new=80737.17 count=1
[11:48:31.187] [OK] [EXEC] ENTRY_PLACE price=80737.17 qty=0.049540
[11:48:31.194] [OK] [PLAN] HOT entry=80738.15 exit=80743.86 profit=0.282873 age=1243ms
[11:48:32.189] [INFO] [EXEC] BUY_WATCHDOG_SYNC orderId=385278589 status=NEW
[11:48:32.193] [WARNING] [EXEC] BUY_WATCHDOG_FAR_CANCEL orderId=385278589 price=80737.17 bid=80740.84 dist_ticks=367
[11:48:34.431] [INFO] [HEALTH] state=GOOD
[11:48:34.697] [INFO] [EXEC] SELL ACCOUNTING RESET new_cycle
[11:48:34.703] [OK] [EXEC] BUY ORDER SENT orderId=385278903 price=80753.78 qty=0.049530
[11:48:34.706] [OK] [EXEC] PLACE BUY price=80753.78 qty=0.049530
[11:48:35.228] [OK] [SYNC] order filled detected
[11:48:35.228] [OK] [SYNC] BUY filled on exchange
[11:48:35.228] [OK] [EXEC] BUY FILL UPDATE delta=0.049530 avg=80752.97
[11:48:35.228] [OK] [EXEC] CHUNK ADD qty=0.049530 entry=80752.97
[11:48:35.228] [INFO] [EXEC] CHUNK COUNT n=1
[11:48:35.246] [OK] [EXEC] INVENTORY qty=0.049530
[11:48:35.249] [OK] [EXEC] SELL REQUIRED inventory=0.049530
[11:48:35.432] [WARNING] [EXEC] SELL_QTY_CLAMP inventory=0.049530 free=0.039737 final=0.039737
[11:48:35.961] [INFO] [EXEC] SELL CHECK inventory=0.049530 reported=0.000000 remaining=0.049520 chunks=1
[11:48:35.961] [INFO] [EXEC] PLACE_SELL_SOURCE source=plan price=80753.07
[11:48:35.965] [OK] [EXEC] PLACE SELL price=80753.07 qty=0.049520
[11:48:36.226] [OK] [EXEC] SELL ORDER SENT orderId=385279069
[11:48:36.231] [OK] [PLAN] HOT entry=80747.01 exit=80753.07 profit=0.300152 age=1001ms
[11:48:36.743] [OK] [SYNC] order filled detected
[11:48:36.743] [OK] [SYNC] SELL filled on exchange
[11:48:36.743] [OK] [EXEC] FIFO CLOSE qty=0.049520 entry=80752.97 exit=80753.07 pnl=+0.004805
[11:48:36.743] [INFO] [EXEC] CHUNK DRAINED
[11:48:36.743] [OK] [EXEC] REALIZED pnl=+0.004805
[11:48:36.743] [INFO] [EXEC] SELL ACCOUNTING RESET flat
[11:48:36.759] [OK] [EXEC] CYCLE CLOSED pnl=+0.004805
[11:48:36.759] [INFO] [EXEC] SESSION realized=+1.301762 wins=9 losses=0
[11:48:38.730] [INFO] [EXEC] SELL ACCOUNTING RESET new_cycle
[11:48:38.730] [OK] [EXEC] BUY ORDER SENT orderId=385279182 price=80747.00 qty=0.049530
[11:48:38.730] [OK] [EXEC] PLACE BUY price=80747.00 qty=0.049530
[11:48:39.754] [INFO] [EXEC] ENTRY_REPRICE reason=bid_moved_up old=80747.00 new=80747.31 count=1
[11:48:40.282] [OK] [EXEC] ENTRY_PLACE price=80747.31 qty=0.049530
[11:48:41.289] [INFO] [EXEC] BUY_WATCHDOG_SYNC orderId=385279205 status=FILLED
[11:48:41.291] [OK] [SYNC] order filled detected
[11:48:41.291] [OK] [SYNC] BUY filled on exchange
[11:48:41.291] [OK] [EXEC] BUY FILL UPDATE delta=0.049530 avg=80747.31
[11:48:41.291] [OK] [EXEC] CHUNK ADD qty=0.049530 entry=80747.31
[11:48:41.291] [INFO] [EXEC] CHUNK COUNT n=1
[11:48:41.291] [OK] [EXEC] INVENTORY qty=0.049530
[11:48:41.291] [OK] [EXEC] SELL REQUIRED inventory=0.049530
[11:48:41.806] [WARNING] [EXEC] SELL_QTY_CLAMP inventory=0.049530 free=0.039747 final=0.039747
[11:48:42.337] [INFO] [EXEC] SELL CHECK inventory=0.049530 reported=0.000000 remaining=0.049520 chunks=1
[11:48:42.337] [INFO] [EXEC] PLACE_SELL_SOURCE source=plan price=80751.52
[11:48:42.337] [OK] [EXEC] PLACE SELL price=80751.52 qty=0.049520
[11:48:42.603] [OK] [EXEC] SELL ORDER SENT orderId=385279310
[11:48:43.587] [WARNING] [EXEC] SELL_QTY_CLAMP inventory=0.049530 free=0.039757 final=0.039757
[11:48:43.863] [INFO] [EXEC] SELL UPSIZE old=0.049520 new=0.049530
[11:48:43.868] [WARNING] [EXEC] SELL TIMEOUT orderId=385279310
[11:48:43.868] [WARNING] [EXEC] CANCEL SELL orderId=385279310
[11:48:44.385] [INFO] [EXEC] SELL FINAL STATUS status=CANCELED orderId=385279310
[11:48:44.400] [INFO] [EXEC] SELL TIMEOUT check fast_exit
[11:48:44.400] [WARNING] [EXEC] FORCE EXIT hard_sl_triggered
[11:48:44.400] [ERROR] [EXEC] HARD SL triggered
[11:48:44.400] [WARNING] [EXEC] PANIC EXIT sl_mode
[11:48:44.677] [WARNING] [EXEC] FORCE EXIT price=80751.51
[11:48:44.679] [INFO] [EXEC] PLACE_SELL_SOURCE source=panic price=80751.51
[11:48:44.680] [OK] [EXEC] PLACE SELL price=80751.51 qty=0.049520
[11:48:44.931] [WARNING] [EXEC] PANIC START price=80751.51
[11:48:44.931] [OK] [EXEC] SELL ORDER SENT orderId=385279345
[11:48:45.905] [INFO] [EXEC] SELL_WATCHDOG_SYNC orderId=385279345 status=NEW
[11:48:45.921] [INFO] [EXEC] SELL_UPSIZE_SKIPPED reason=exit_or_panic_active
[11:48:46.950] [INFO] [EXEC] SELL_WATCHDOG_SYNC orderId=385279345 status=NEW
[11:48:48.958] [WARNING] [EXEC] SELL_QTY_CLAMP inventory=0.049530 free=0.039757 final=0.039757
[11:48:49.213] [INFO] [EXEC] SELL_WATCHDOG_SYNC orderId=385279345 status=FILLED
[11:48:49.213] [OK] [EXEC] FIFO CLOSE qty=0.049520 entry=80747.31 exit=80751.51 pnl=+0.207984
[11:48:49.229] [INFO] [EXEC] CHUNK DRAINED
[11:48:49.229] [OK] [EXEC] REALIZED pnl=+0.207984
[11:48:49.229] [INFO] [EXEC] SELL ACCOUNTING RESET flat
[11:48:49.229] [OK] [EXEC] CYCLE CLOSED pnl=+0.207984
[11:48:49.229] [INFO] [EXEC] SESSION realized=+1.509746 wins=10 losses=0
[11:48:49.229] [OK] [EXEC] SELL FILLED id=385279345
[11:48:49.229] [OK] [EXEC] SELL FILLED qty=0.049520 remaining=0.000000
[11:48:49.245] [INFO] [EXEC] SELL ACCOUNTING RESET inventory_drained
[11:48:49.245] [INFO] [EXEC] INVENTORY DRAINED epsilon_cleanup qty=0.000000
[11:48:49.247] [INFO] [EXEC] SELL ACCOUNTING RESET flat
[11:48:49.248] [INFO] [EXEC] CYCLE SKIP no_fifo_pnl
[11:48:50.714] [INFO] [HEALTH] state=GOOD
[11:48:50.982] [INFO] [EXEC] SELL ACCOUNTING RESET new_cycle
[11:48:50.987] [OK] [EXEC] BUY ORDER SENT orderId=385279508 price=80749.65 qty=0.049530
[11:48:50.991] [OK] [EXEC] PLACE BUY price=80749.65 qty=0.049530
[11:48:51.993] [INFO] [EXEC] ENTRY_REPRICE reason=wide_spread_cross old=80749.65 new=80749.68 count=1
[11:48:52.510] [OK] [EXEC] ENTRY_PLACE price=80749.68 qty=0.049530
[11:48:53.556] [INFO] [EXEC] BUY_WATCHDOG_SYNC orderId=385279527 status=NEW
[11:48:53.557] [WARNING] [EXEC] BUY TIMEOUT orderId=385279527
[11:48:53.557] [WARNING] [EXEC] CANCEL BUY orderId=385279527
[11:48:53.827] [OK] [EXEC] BUY CANCELED confirmed
[11:48:54.090] [INFO] [EXEC] BUY FINAL STATUS status=CANCELED orderId=385279527
[11:48:54.090] [WARNING] [EXEC] BLOCK reason=buy_not_filled
[11:48:55.596] [INFO] [EXEC] SELL ACCOUNTING RESET new_cycle
[11:48:55.602] [OK] [EXEC] BUY ORDER SENT orderId=385279601 price=80750.72 qty=0.049530
[11:48:55.606] [OK] [EXEC] PLACE BUY price=80750.72 qty=0.049530
[11:48:56.595] [INFO] [EXEC] ENTRY_REPRICE reason=wide_spread_cross old=80750.72 new=80750.75 count=1
[11:48:57.127] [OK] [EXEC] ENTRY_PLACE price=80750.75 qty=0.049530
[11:48:57.134] [OK] [PLAN] HOT entry=80751.73 exit=80758.98 profit=0.359092 age=1011ms
[11:48:58.135] [INFO] [EXEC] BUY_WATCHDOG_SYNC orderId=385279647 status=NEW
[11:48:58.135] [WARNING] [EXEC] BUY TIMEOUT orderId=385279647
[11:48:58.135] [WARNING] [EXEC] CANCEL BUY orderId=385279647
[11:48:58.408] [OK] [EXEC] BUY CANCELED confirmed
[11:48:58.672] [INFO] [EXEC] BUY FINAL STATUS status=CANCELED orderId=385279647
[11:48:58.674] [WARNING] [EXEC] BLOCK reason=buy_not_filled
[11:49:01.354] [INFO] [HEALTH] state=GOOD
[11:49:01.623] [INFO] [EXEC] SELL ACCOUNTING RESET new_cycle
[11:49:01.629] [OK] [EXEC] BUY ORDER SENT orderId=385279870 price=80758.97 qty=0.049530
[11:49:01.633] [OK] [EXEC] PLACE BUY price=80758.97 qty=0.049530
[11:49:02.160] [OK] [SYNC] order filled detected
[11:49:02.163] [OK] [SYNC] BUY filled on exchange
[11:49:02.164] [OK] [EXEC] BUY FILL UPDATE delta=0.049530 avg=80758.97
[11:49:02.166] [OK] [EXEC] CHUNK ADD qty=0.049530 entry=80758.97
[11:49:02.167] [INFO] [EXEC] CHUNK COUNT n=1
[11:49:02.169] [OK] [EXEC] INVENTORY qty=0.049530
[11:49:02.170] [OK] [EXEC] SELL REQUIRED inventory=0.049530
[11:49:02.354] [WARNING] [EXEC] SELL_QTY_CLAMP inventory=0.049530 free=0.039757 final=0.039757
[11:49:02.880] [INFO] [EXEC] SELL CHECK inventory=0.049530 reported=0.000000 remaining=0.049520 chunks=1
[11:49:02.880] [INFO] [EXEC] PLACE_SELL_SOURCE source=plan price=80758.99
[11:49:02.885] [OK] [EXEC] PLACE SELL price=80758.99 qty=0.049520
[11:49:03.145] [OK] [EXEC] SELL ORDER SENT orderId=385279967
[11:49:03.152] [OK] [PLAN] HOT entry=80750.72 exit=80756.23 profit=0.272910 age=1000ms
[11:49:04.136] [INFO] [EXEC] SELL UPSIZE old=0.049520 new=0.049530
[11:49:04.151] [WARNING] [EXEC] SELL TIMEOUT orderId=385279967
[11:49:04.151] [WARNING] [EXEC] CANCEL SELL orderId=385279967
[11:49:04.682] [INFO] [EXEC] SELL FINAL STATUS status=CANCELED orderId=385279967
[11:49:04.682] [INFO] [EXEC] SELL TIMEOUT check fast_exit
[11:49:04.682] [WARNING] [EXEC] FORCE EXIT hard_sl_triggered
[11:49:04.682] [ERROR] [EXEC] HARD SL triggered
[11:49:04.682] [WARNING] [EXEC] PANIC EXIT sl_mode
[11:49:04.957] [WARNING] [EXEC] FORCE EXIT price=80753.79
[11:49:04.962] [INFO] [EXEC] PLACE_SELL_SOURCE source=panic price=80753.79
[11:49:04.964] [OK] [EXEC] PLACE SELL price=80753.79 qty=0.049520
[11:49:05.213] [WARNING] [EXEC] PANIC START price=80753.79
[11:49:05.213] [OK] [EXEC] SELL ORDER SENT orderId=385280059
[11:49:06.190] [WARNING] [EXEC] SELL_QTY_CLAMP inventory=0.049530 free=0.039767 final=0.039767
[11:49:06.448] [INFO] [EXEC] SELL_WATCHDOG_SYNC orderId=385280059 status=NEW
[11:49:06.448] [INFO] [EXEC] SELL_UPSIZE_SKIPPED reason=exit_or_panic_active
[11:49:08.475] [INFO] [EXEC] SELL_WATCHDOG_SYNC orderId=385280059 status=NEW
[11:49:09.228] [WARNING] [EXEC] SELL_QTY_CLAMP inventory=0.049530 free=0.039767 final=0.039767
[11:49:09.479] [INFO] [EXEC] SELL_WATCHDOG_SYNC orderId=385280059 status=NEW
[11:49:10.009] [OK] [SYNC] order filled detected
[11:49:10.009] [OK] [SYNC] SELL filled on exchange
[11:49:10.009] [OK] [EXEC] FIFO CLOSE qty=0.049520 entry=80758.97 exit=80753.79 pnl=-0.256514
[11:49:10.009] [INFO] [EXEC] CHUNK DRAINED
[11:49:10.009] [OK] [EXEC] REALIZED pnl=-0.256514
[11:49:10.025] [INFO] [EXEC] SELL ACCOUNTING RESET flat
[11:49:10.025] [OK] [EXEC] CYCLE CLOSED pnl=-0.256514
[11:49:10.025] [INFO] [EXEC] SESSION realized=+1.253233 wins=10 losses=1
[11:49:14.821] [INFO] [HEALTH] state=GOOD
[11:49:15.086] [INFO] [EXEC] SELL ACCOUNTING RESET new_cycle
[11:49:15.091] [OK] [EXEC] BUY ORDER SENT orderId=385280338 price=80738.42 qty=0.049540
[11:49:15.092] [OK] [EXEC] PLACE BUY price=80738.42 qty=0.049540
[11:49:16.101] [INFO] [EXEC] ENTRY_REPRICE reason=wide_spread_cross old=80738.42 new=80741.25 count=1
[11:49:16.619] [OK] [EXEC] ENTRY_PLACE price=80741.25 qty=0.049540
[11:49:16.619] [OK] [PLAN] HOT entry=80742.23 exit=80748.69 profit=0.320028 age=1018ms
[11:49:17.604] [INFO] [EXEC] BUY_WATCHDOG_SYNC orderId=385280384 status=NEW
[11:49:17.624] [WARNING] [EXEC] BUY_WATCHDOG_FAR_CANCEL orderId=385280384 price=80741.25 bid=80742.45 dist_ticks=120
[11:49:21.167] [INFO] [HEALTH] state=GOOD
[11:49:21.433] [INFO] [EXEC] SELL ACCOUNTING RESET new_cycle
[11:49:21.440] [OK] [EXEC] BUY ORDER SENT orderId=385280471 price=80741.87 qty=0.049540
[11:49:21.444] [OK] [EXEC] PLACE BUY price=80741.87 qty=0.049540
[11:49:22.442] [INFO] [EXEC] ENTRY_REPRICE reason=bid_moved_up old=80741.87 new=80741.89 count=1
[11:49:23.012] [OK] [EXEC] ENTRY_PLACE price=80741.89 qty=0.049540
[11:49:23.944] [INFO] [EXEC] BUY_WATCHDOG_SYNC orderId=385280500 status=NEW
[11:49:23.951] [WARNING] [EXEC] BUY TIMEOUT orderId=385280500
[11:49:23.956] [WARNING] [EXEC] CANCEL BUY orderId=385280500
[11:49:24.225] [OK] [EXEC] BUY CANCELED confirmed
[11:49:24.479] [INFO] [EXEC] BUY FINAL STATUS status=CANCELED orderId=385280500
[11:49:24.479] [WARNING] [EXEC] BLOCK reason=buy_not_filled
[11:49:26.696] [INFO] [HEALTH] state=GOOD
[11:49:26.964] [INFO] [EXEC] SELL ACCOUNTING RESET new_cycle
[11:49:26.969] [OK] [EXEC] BUY ORDER SENT orderId=385280592 price=80737.17 qty=0.049540
[11:49:26.970] [OK] [EXEC] PLACE BUY price=80737.17 qty=0.049540
[11:49:27.937] [INFO] [EXEC] ENTRY_REPRICE reason=wide_spread_cross old=80737.17 new=80742.06 count=1
[11:49:28.462] [OK] [EXEC] ENTRY_PLACE price=80742.06 qty=0.049540
[11:49:28.478] [OK] [PLAN] HOT entry=80743.04 exit=80748.56 profit=0.273406 age=986ms
[11:49:29.981] [INFO] [EXEC] BUY_WATCHDOG_SYNC orderId=385280677 status=NEW
[11:49:29.981] [WARNING] [EXEC] BUY_WATCHDOG_FAR_CANCEL orderId=385280677 price=80742.06 bid=80743.22 dist_ticks=116
[11:49:42.010] [INFO] [HEALTH] state=GOOD
[11:49:42.275] [INFO] [EXEC] SELL ACCOUNTING RESET new_cycle
[11:49:42.275] [OK] [EXEC] BUY ORDER SENT orderId=385280914 price=80731.03 qty=0.049540
[11:49:42.275] [OK] [EXEC] PLACE BUY price=80731.03 qty=0.049540
[11:49:42.814] [OK] [SYNC] order filled detected
[11:49:42.817] [OK] [SYNC] BUY filled on exchange
[11:49:42.818] [OK] [EXEC] BUY FILL UPDATE delta=0.049540 avg=80731.03
[11:49:42.822] [OK] [EXEC] CHUNK ADD qty=0.049540 entry=80731.03
[11:49:42.823] [INFO] [EXEC] CHUNK COUNT n=1
[11:49:42.823] [OK] [EXEC] INVENTORY qty=0.049540
[11:49:42.823] [OK] [EXEC] SELL REQUIRED inventory=0.049540
[11:49:42.874] [WARNING] [EXEC] SELL_QTY_CLAMP inventory=0.049540 free=0.039767 final=0.039767
[11:49:43.494] [INFO] [EXEC] SELL CHECK inventory=0.049540 reported=0.000000 remaining=0.049540 chunks=1
[11:49:43.510] [INFO] [EXEC] PLACE_SELL_SOURCE source=plan price=80742.03
[11:49:43.510] [OK] [EXEC] PLACE SELL price=80742.03 qty=0.049540
[11:49:43.776] [OK] [EXEC] SELL ORDER SENT orderId=385281002
[11:49:43.776] [OK] [PLAN] HOT entry=80731.00 exit=80742.03 profit=0.546426 age=869ms
[11:49:46.152] [INFO] [EXEC] SELL_WATCHDOG_SYNC orderId=385281002 status=FILLED
[11:49:46.152] [OK] [EXEC] FIFO CLOSE qty=0.049540 entry=80731.03 exit=80742.03 pnl=+0.544940
[11:49:46.152] [INFO] [EXEC] CHUNK DRAINED
[11:49:46.152] [OK] [EXEC] REALIZED pnl=+0.544940
[11:49:46.167] [INFO] [EXEC] SELL ACCOUNTING RESET flat
[11:49:46.167] [OK] [EXEC] CYCLE CLOSED pnl=+0.544940
[11:49:46.167] [INFO] [EXEC] SESSION realized=+1.798173 wins=11 losses=1
[11:49:46.167] [OK] [EXEC] SELL FILLED id=385281002
[11:49:46.167] [OK] [EXEC] SELL FILLED qty=0.049540 remaining=0.000000
[11:49:46.167] [INFO] [EXEC] SELL ACCOUNTING RESET inventory_drained
[11:49:46.167] [INFO] [EXEC] INVENTORY DRAINED epsilon_cleanup qty=0.000000
[11:49:46.167] [INFO] [EXEC] SELL ACCOUNTING RESET flat
[11:49:46.167] [INFO] [EXEC] CYCLE SKIP no_fifo_pnl
[11:49:51.510] [INFO] [HEALTH] state=GOOD
[11:49:51.775] [INFO] [EXEC] SELL ACCOUNTING RESET new_cycle
[11:49:51.775] [OK] [EXEC] BUY ORDER SENT orderId=385281253 price=80727.28 qty=0.049540
[11:49:51.775] [OK] [EXEC] PLACE BUY price=80727.28 qty=0.049540
[11:49:52.789] [INFO] [EXEC] ENTRY_REPRICE reason=bid_moved_up old=80727.28 new=80730.02 count=1
[11:49:53.307] [OK] [EXEC] ENTRY_PLACE price=80730.02 qty=0.049540
[11:49:54.557] [INFO] [EXEC] BUY_WATCHDOG_SYNC orderId=385281279 status=NEW
[11:49:54.575] [WARNING] [EXEC] BUY TIMEOUT orderId=385281279
[11:49:54.577] [WARNING] [EXEC] CANCEL BUY orderId=385281279
[11:49:54.838] [OK] [EXEC] BUY CANCELED confirmed
[11:49:55.102] [INFO] [EXEC] BUY FINAL STATUS status=CANCELED orderId=385281279
[11:49:55.106] [WARNING] [EXEC] BLOCK reason=buy_not_filled
[11:50:00.932] [INFO] [HEALTH] state=GOOD
[11:50:01.197] [INFO] [EXEC] SELL ACCOUNTING RESET new_cycle
[11:50:01.197] [OK] [EXEC] BUY ORDER SENT orderId=385281405 price=80727.28 qty=0.049540
[11:50:01.197] [OK] [EXEC] PLACE BUY price=80727.28 qty=0.049540
[11:50:02.197] [INFO] [EXEC] ENTRY_REPRICE reason=wide_spread_cross old=80727.28 new=80730.02 count=1
[11:50:02.713] [OK] [EXEC] ENTRY_PLACE price=80730.02 qty=0.049540
[11:50:02.729] [OK] [PLAN] HOT entry=80731.00 exit=80737.50 profit=0.322010 age=999ms
[11:50:03.712] [INFO] [EXEC] BUY_WATCHDOG_SYNC orderId=385281461 status=NEW
[11:50:03.727] [WARNING] [EXEC] BUY_WATCHDOG_FAR_CANCEL orderId=385281461 price=80730.02 bid=80731.45 dist_ticks=143
[11:50:06.728] [INFO] [HEALTH] state=GOOD
[11:50:07.008] [INFO] [EXEC] SELL ACCOUNTING RESET new_cycle
[11:50:07.009] [OK] [EXEC] BUY ORDER SENT orderId=385281572 price=80727.28 qty=0.049540
[11:50:07.009] [OK] [EXEC] PLACE BUY price=80727.28 qty=0.049540
[11:50:08.021] [OK] [PLAN] HOT entry=80728.28 exit=80737.50 profit=0.456759 age=1032ms
[11:50:08.559] [OK] [SYNC] order filled detected
[11:50:08.562] [OK] [SYNC] BUY filled on exchange
[11:50:08.563] [OK] [EXEC] BUY FILL UPDATE delta=0.049540 avg=80727.28
[11:50:08.565] [OK] [EXEC] CHUNK ADD qty=0.049540 entry=80727.28
[11:50:08.567] [INFO] [EXEC] CHUNK COUNT n=1
[11:50:08.571] [OK] [EXEC] INVENTORY qty=0.049540
[11:50:08.572] [OK] [EXEC] SELL REQUIRED inventory=0.049540
[11:50:08.761] [WARNING] [EXEC] SELL_QTY_CLAMP inventory=0.049540 free=0.039767 final=0.039767
[11:50:09.291] [INFO] [EXEC] SELL CHECK inventory=0.049540 reported=0.000000 remaining=0.049540 chunks=1
[11:50:09.291] [INFO] [EXEC] PLACE_SELL_SOURCE source=plan price=80734.82
[11:50:09.291] [OK] [EXEC] PLACE SELL price=80734.82 qty=0.049540
[11:50:09.556] [OK] [EXEC] SELL ORDER SENT orderId=385281751
[11:50:11.572] [INFO] [EXEC] SELL_WATCHDOG_SYNC orderId=385281751 status=NEW
[11:50:11.572] [WARNING] [EXEC] SELL_WATCHDOG_FAR_CANCEL orderId=385281751 price=80734.82 ask=80728.25 dist_ticks=657
[11:50:12.110] [INFO] [EXEC] SELL_FAR_CANCEL_FINAL_STATUS status=CANCELED
[11:50:13.681] [INFO] [EXEC] SELL CHECK inventory=0.049540 reported=0.000000 remaining=0.049540 chunks=1
[11:50:13.681] [INFO] [EXEC] SELL_REPRICE_FRESH_APPLIED old=80734.82 new=80732.14 ask=80732.17 bid=80725.01
[11:50:13.681] [INFO] [EXEC] SELL_REPRICE_VALIDATION old=80734.82 new=80732.14 ask=80732.17 dist_ticks=2 source=fresh_snapshot
[11:50:13.681] [INFO] [EXEC] PLACE_SELL_SOURCE source=fresh_after_far_cancel price=80732.14
[11:50:13.681] [OK] [EXEC] PLACE SELL price=80732.14 qty=0.049540
[11:50:13.939] [OK] [EXEC] SELL ORDER SENT orderId=385281832
[11:50:15.876] [INFO] [EXEC] SELL_WATCHDOG_SYNC orderId=385281832 status=NEW
[11:50:15.877] [WARNING] [EXEC] SELL_WATCHDOG_FAR_CANCEL orderId=385281832 price=80732.14 ask=80730.51 dist_ticks=163
[11:50:16.416] [INFO] [EXEC] SELL_FAR_CANCEL_FINAL_STATUS status=CANCELED
[11:50:17.384] [INFO] [EXEC] SELL CHECK inventory=0.049540 reported=0.000000 remaining=0.049540 chunks=1
[11:50:17.400] [INFO] [EXEC] SELL_REPRICE_FRESH_APPLIED old=80732.14 new=80730.09 ask=80730.12 bid=80725.01
[11:50:17.400] [INFO] [EXEC] SELL_REPRICE_VALIDATION old=80732.14 new=80730.09 ask=80730.12 dist_ticks=2 source=fresh_snapshot
[11:50:17.400] [INFO] [EXEC] PLACE_SELL_SOURCE source=fresh_after_far_cancel price=80730.09
[11:50:17.400] [OK] [EXEC] PLACE SELL price=80730.09 qty=0.049540
[11:50:17.668] [OK] [EXEC] SELL ORDER SENT orderId=385281855
[11:50:18.572] [WARNING] [EXEC] SELL_QTY_CLAMP inventory=0.049540 free=0.039767 final=0.039767
[11:50:19.890] [OK] [SYNC] order filled detected
[11:50:19.891] [OK] [SYNC] SELL filled on exchange
[11:50:19.891] [OK] [EXEC] FIFO CLOSE qty=0.049540 entry=80727.28 exit=80730.09 pnl=+0.139207
[11:50:19.891] [INFO] [EXEC] CHUNK DRAINED
[11:50:19.891] [OK] [EXEC] REALIZED pnl=+0.139207
[11:50:19.891] [INFO] [EXEC] SELL ACCOUNTING RESET flat
[11:50:19.891] [OK] [EXEC] CYCLE CLOSED pnl=+0.139207
[11:50:19.891] [INFO] [EXEC] SESSION realized=+1.937380 wins=12 losses=1
[11:50:20.682] [INFO] [HEALTH] state=GOOD
[11:50:20.946] [INFO] [EXEC] SELL ACCOUNTING RESET new_cycle
[11:50:20.947] [OK] [EXEC] BUY ORDER SENT orderId=385281933 price=80727.55 qty=0.049540
[11:50:20.948] [OK] [EXEC] PLACE BUY price=80727.55 qty=0.049540
[11:50:21.947] [INFO] [EXEC] ENTRY_REPRICE reason=wide_spread_cross old=80727.55 new=80728.40 count=1
[11:50:22.492] [OK] [EXEC] ENTRY_PLACE price=80728.40 qty=0.049540
[11:50:23.478] [INFO] [EXEC] BUY_WATCHDOG_SYNC orderId=385281956 status=NEW
[11:50:23.494] [WARNING] [EXEC] BUY TIMEOUT orderId=385281956
[11:50:23.494] [WARNING] [EXEC] CANCEL BUY orderId=385281956
[11:50:23.759] [OK] [EXEC] BUY CANCELED confirmed
[11:50:24.023] [INFO] [EXEC] BUY FINAL STATUS status=CANCELED orderId=385281956
[11:50:24.027] [WARNING] [EXEC] BLOCK reason=buy_not_filled
[11:50:25.713] [INFO] [EXEC] SELL ACCOUNTING RESET new_cycle
[11:50:25.728] [OK] [EXEC] BUY ORDER SENT orderId=385282058 price=80729.38 qty=0.049540
[11:50:25.728] [OK] [EXEC] PLACE BUY price=80729.38 qty=0.049540
[11:50:26.259] [OK] [SYNC] order filled detected
[11:50:26.276] [OK] [SYNC] BUY filled on exchange
[11:50:26.277] [OK] [EXEC] BUY FILL UPDATE delta=0.049540 avg=80729.38
[11:50:26.278] [OK] [EXEC] CHUNK ADD qty=0.049540 entry=80729.38
[11:50:26.280] [INFO] [EXEC] CHUNK COUNT n=1
[11:50:26.281] [OK] [EXEC] INVENTORY qty=0.049540
[11:50:26.283] [OK] [EXEC] SELL REQUIRED inventory=0.049540
[11:50:26.285] [WARNING] [EXEC] SELL_QTY_CLAMP inventory=0.049540 free=0.039767 final=0.039767
[11:50:26.807] [INFO] [EXEC] SELL CHECK inventory=0.049540 reported=0.000000 remaining=0.049540 chunks=1
[11:50:26.807] [INFO] [EXEC] PLACE_SELL_SOURCE source=plan price=80732.94
[11:50:26.823] [OK] [EXEC] PLACE SELL price=80732.94 qty=0.049540
[11:50:27.088] [OK] [EXEC] SELL ORDER SENT orderId=385282101
[11:50:29.029] [INFO] [EXEC] SELL_WATCHDOG_SYNC orderId=385282101 status=NEW
[11:50:29.034] [WARNING] [EXEC] TAKER_EXIT_TRIGGER reason=force_flat_after_ms age=1953 qty=0.049540
[11:50:29.038] [WARNING] [EXEC] TAKER_EXIT_CANCEL_MAKER orderId=385282101
[11:50:29.819] [INFO] [EXEC] PLACE_SELL_SOURCE source=taker price=80725.86
[11:50:30.075] [WARNING] [EXEC] TAKER_EXIT_ORDER_SENT id=385282127 price=80725.86 qty=0.049540
[11:50:31.077] [WARNING] [SYNC] desync fixed
[11:50:31.084] [INFO] [EXEC] EXIT RECOVERY inventory_no_sell qty=0.049540
[11:50:31.088] [WARNING] [EXEC] SELL_PENDING_WITHOUT_ORDER_FIXED
[11:50:31.604] [INFO] [EXEC] SELL CHECK inventory=0.049540 reported=0.000000 remaining=0.049540 chunks=1
[11:50:31.620] [INFO] [EXEC] PLACE_SELL_SOURCE source=plan price=80732.08
[11:50:31.620] [OK] [EXEC] PLACE SELL price=80732.08 qty=0.049540
[11:50:31.889] [OK] [EXEC] SELL ORDER SENT orderId=385282143
[11:50:32.864] [INFO] START_CLICK received enabled=True api_ready=True running=True
[11:50:33.229] [WARNING] cancel all requested
[11:50:34.025] [WARNING] [SYNC] desync fixed
[11:50:34.025] [WARNING] [EXEC] STOP_SAFE_MANUAL inventory=0.049540 active_order=0
[11:50:34.041] [WARNING] STOP
