[16:23:27.136] [OK] filters loaded
[16:23:29.598] [EXCHANGE] symbol=BTCU base=BTC quote=U status=TRADING permissions=[]
[16:23:29.603] [OK] START
[16:23:29.608] [INFO] [EXEC] LIVE ON
[16:23:29.610] [INFO] [EXEC] WAIT READY
[16:23:30.414] [WS] primary url=wss://stream.binance.com:9443/ws/btcu@bookTicker
[16:23:30.415] [WS] connecting primary
[16:23:30.670] [WS] connected
[16:23:31.530] [WS] LIVE bid=81802.01 ask=81809.32
[16:23:35.907] [OK] [EXEC] BUY ORDER SENT orderId=382810244 price=81799.63 qty=0.122240
[16:23:35.911] [OK] [EXEC] PLACE BUY price=81799.63 qty=0.122240
[16:23:36.450] [OK] [SYNC] order filled detected
[16:23:36.453] [OK] [SYNC] BUY filled on exchange
[16:23:36.723] [WS] LIVE bid=81799.63 ask=81800.00
[16:23:36.750] [OK] [EXEC] PLACE SELL price=81799.96 qty=0.122240
[16:23:37.020] [OK] [EXEC] SELL ORDER SENT orderId=382810260
[16:23:38.148] [OK] [SYNC] order filled detected
[16:23:38.151] [OK] [SYNC] SELL filled on exchange
[16:23:38.152] [OK] [EXEC] REALIZED pnl=+0.040339
[16:23:38.583] [OK] [EXEC] BUY ORDER SENT orderId=382810307 price=81794.81 qty=0.122250
[16:23:38.586] [OK] [EXEC] PLACE BUY price=81794.81 qty=0.122250
[16:23:39.625] [OK] [SYNC] order filled detected
[16:23:39.628] [OK] [SYNC] BUY filled on exchange
[16:23:39.871] [OK] [EXEC] PLACE SELL price=81794.85 qty=0.122250
[16:23:40.139] [OK] [EXEC] SELL ORDER SENT orderId=382810447
[16:23:41.315] [OK] [SYNC] order filled detected
[16:23:41.317] [OK] [SYNC] SELL filled on exchange
[16:23:41.318] [OK] [EXEC] REALIZED pnl=+0.003668
[16:23:41.325] [WS] LIVE bid=81805.89 ask=81811.75
[16:23:42.138] [OK] [EXEC] BUY ORDER SENT orderId=382810624 price=81805.93 qty=0.122240
[16:23:42.143] [OK] [EXEC] PLACE BUY price=81805.93 qty=0.122240
[16:23:45.784] [OK] [PLAN] READY entry=81827.99 exit=81831.49 profit=0.427700 age=857ms
[16:23:47.258] [WS] LIVE bid=81826.35 ask=81832.36
[16:23:48.123] [WARNING] [EXEC] BUY TIMEOUT orderId=382810624
[16:23:48.126] [WARNING] [EXEC] CANCEL BUY orderId=382810624
[16:23:48.397] [OK] [EXEC] BUY CANCELED confirmed
[16:23:48.665] [INFO] [EXEC] BUY FINAL STATUS status=CANCELED orderId=382810624
[16:23:48.668] [WARNING] [EXEC] BLOCK reason=buy_not_filled
[16:23:51.203] [WS] LIVE bid=81818.00 ask=81824.62
[16:23:51.695] [OK] [EXEC] BUY ORDER SENT orderId=382811343 price=81819.21 qty=0.122220
[16:23:51.700] [OK] [EXEC] PLACE BUY price=81819.21 qty=0.122220
[16:23:53.730] [OK] [PLAN] READY entry=81828.00 exit=81831.99 profit=0.487578 age=2018ms
[16:23:56.345] [WARNING] [EXEC] BUY TIMEOUT orderId=382811343
[16:23:56.350] [WARNING] [EXEC] CANCEL BUY orderId=382811343
[16:23:56.615] [OK] [EXEC] BUY CANCELED confirmed
[16:23:56.891] [INFO] [EXEC] BUY FINAL STATUS status=CANCELED orderId=382811343
[16:23:56.895] [WARNING] [EXEC] BLOCK reason=buy_not_filled
[16:23:57.662] [WS] LIVE bid=81826.01 ask=81831.34
[16:24:00.158] [OK] [EXEC] BUY ORDER SENT orderId=382811674 price=81820.30 qty=0.122210
[16:24:00.161] [OK] [EXEC] PLACE BUY price=81820.30 qty=0.122210
[16:24:01.362] [WS] LIVE bid=81837.52 ask=81846.31
[16:24:02.028] [OK] [PLAN] HOT entry=81843.92 exit=81855.46 profit=1.409957 age=1561ms
[16:24:03.589] [OK] [PLAN] READY entry=81852.77 exit=81856.81 profit=0.493567 age=3433ms
[16:24:05.173] [WARNING] [EXEC] BUY TIMEOUT orderId=382811674
[16:24:05.180] [WARNING] [EXEC] CANCEL BUY orderId=382811674
[16:24:05.455] [OK] [EXEC] BUY CANCELED confirmed
[16:24:05.749] [INFO] [EXEC] BUY FINAL STATUS status=FILLED orderId=382811674
[16:24:05.753] [OK] [EXEC] BUY FILLED during cancel
[16:24:05.754] [OK] [EXEC] BUY FILLED id=382811674
[16:24:05.757] [OK] [PLAN] HOT entry=81837.08 exit=81841.74 profit=0.569405 age=5003ms
[16:24:07.521] [OK] [SYNC] order filled detected
[16:24:07.524] [OK] [SYNC] BUY filled on exchange
[16:24:07.793] [WS] LIVE bid=81810.01 ask=81819.41
[16:24:08.292] [OK] [EXEC] PLACE SELL price=81822.10 qty=0.122210
[16:24:08.562] [OK] [EXEC] SELL ORDER SENT orderId=382812726
[16:24:09.263] [INFO] [EXEC] RECOVERY WAIT hard_sl_pending_recovery
[16:24:12.209] [WS] LIVE bid=81813.19 ask=81822.09
[16:24:12.764] [INFO] [EXEC] RECOVERY WAIT hard_sl_pending_recovery
[16:24:13.031] [WARNING] [EXEC] SELL TIMEOUT orderId=382812726
[16:24:13.035] [WARNING] [EXEC] CANCEL SELL orderId=382812726
[16:24:13.588] [INFO] [EXEC] SELL FINAL STATUS status=CANCELED orderId=382812726
[16:24:13.591] [INFO] [EXEC] SELL TIMEOUT check fast_exit
[16:24:13.593] [WARNING] [EXEC] FORCE EXIT hard_sl_triggered
[16:24:13.594] [ERROR] [EXEC] HARD SL triggered
[16:24:13.595] [WARNING] [EXEC] PANIC EXIT sl_mode
[16:24:13.596] [WARNING] [EXEC] FORCE EXIT price=81816.99
[16:24:13.597] [OK] [EXEC] PLACE SELL price=81816.99 qty=0.122210
[16:24:13.861] [WARNING] [EXEC] PANIC START price=81816.99
[16:24:13.864] [OK] [EXEC] SELL ORDER SENT orderId=382813074
[16:24:13.868] [OK] [PLAN] READY entry=81812.01 exit=81815.99 profit=0.486475 age=1942ms
[16:24:15.303] [OK] [EXEC] SELL PARTIAL delta=0.122210
[16:24:15.307] [OK] [EXEC] INVENTORY remaining=0.000000
[16:24:15.308] [OK] [EXEC] SELL FILLED id=382813074
[16:24:15.309] [OK] [EXEC] SELL FILLED qty=0.122210 remaining=0.000000
[16:24:15.310] [OK] [EXEC] REALIZED pnl=-0.404515
[16:24:15.311] [OK] [EXEC] PANIC FILLED
[16:24:15.312] [INFO] [EXEC] PANIC RESET
[16:24:15.315] [OK] [PLAN] HOT entry=81812.05 exit=81823.99 profit=1.459426 age=4219ms
[16:24:16.421] [OK] [EXEC] BUY ORDER SENT orderId=382813394 price=81806.91 qty=0.122230
[16:24:16.425] [OK] [EXEC] PLACE BUY price=81806.91 qty=0.122230
[16:24:17.492] [WS] LIVE bid=81810.01 ask=81816.23
[16:24:19.224] [OK] [EXEC] BUY PARTIAL delta=0.122230 total=0.122230
[16:24:19.228] [OK] [EXEC] BUY REMAINING qty=0.000000
[16:24:19.229] [OK] [EXEC] INVENTORY qty=0.122230
[16:24:19.230] [OK] [EXEC] BUY FILLED id=382813394
[16:24:20.305] [OK] [SYNC] order filled detected
[16:24:20.308] [OK] [SYNC] BUY filled on exchange
[16:24:20.511] [OK] [EXEC] PLACE SELL price=81806.95 qty=0.122230
[16:24:20.786] [OK] [EXEC] SELL ORDER SENT orderId=382813693
[16:24:20.791] [OK] [PLAN] HOT entry=81797.29 exit=81803.00 profit=0.698048 age=1560ms
[16:24:21.858] [OK] [SYNC] order filled detected
[16:24:21.861] [OK] [SYNC] SELL filled on exchange
[16:24:21.862] [OK] [EXEC] REALIZED pnl=+0.004889
[16:24:21.868] [WS] LIVE bid=81815.20 ask=81832.21
[16:24:22.538] [OK] [EXEC] BUY ORDER SENT orderId=382813966 price=81820.38 qty=0.122210
[16:24:22.542] [OK] [EXEC] PLACE BUY price=81820.38 qty=0.122210
[16:24:22.544] [OK] [PLAN] READY entry=81820.38 exit=81823.99 profit=0.441178 age=3132ms
[16:24:25.869] [OK] [SYNC] order filled detected
[16:24:25.871] [OK] [SYNC] BUY filled on exchange
[16:24:26.570] [OK] [EXEC] PLACE SELL price=81823.46 qty=0.122210
[16:24:26.868] [OK] [EXEC] SELL ORDER SENT orderId=382814201
[16:24:27.336] [WS] LIVE bid=81812.88 ask=81819.69
[16:24:27.389] [INFO] [EXEC] RECOVERY WAIT hard_sl_pending_recovery
[16:24:27.658] [OK] [EXEC] SELL PARTIAL delta=0.122210
[16:24:27.661] [OK] [EXEC] INVENTORY remaining=0.000000
[16:24:27.663] [OK] [EXEC] SELL FILLED id=382814201
[16:24:27.664] [OK] [EXEC] SELL FILLED qty=0.122210 remaining=0.000000
[16:24:27.665] [OK] [EXEC] REALIZED pnl=+0.376407
[16:24:27.667] [OK] [PLAN] HOT entry=81822.25 exit=81832.27 profit=1.224544 age=819ms
[16:24:30.774] [OK] [EXEC] BUY ORDER SENT orderId=382814394 price=81819.69 qty=0.122210
[16:24:30.778] [OK] [EXEC] PLACE BUY price=81819.69 qty=0.122210
[16:24:32.772] [WS] LIVE bid=81819.69 ask=81824.14
[16:24:34.846] [WARNING] [EXEC] BUY TIMEOUT orderId=382814394
[16:24:34.850] [WARNING] [EXEC] CANCEL BUY orderId=382814394
[16:24:35.123] [OK] [EXEC] BUY CANCELED confirmed
[16:24:35.394] [INFO] [EXEC] BUY FINAL STATUS status=CANCELED orderId=382814394
[16:24:35.397] [WARNING] [EXEC] BLOCK reason=buy_not_filled
[16:24:37.490] [WS] LIVE bid=81827.70 ask=81831.69
[16:24:37.961] [OK] [EXEC] BUY ORDER SENT orderId=382814705 price=81818.52 qty=0.122220
[16:24:37.965] [OK] [EXEC] PLACE BUY price=81818.52 qty=0.122220
[16:24:42.539] [WS] LIVE bid=81825.82 ask=81841.63
[16:24:42.970] [WARNING] [EXEC] BUY TIMEOUT orderId=382814705
[16:24:42.973] [WARNING] [EXEC] CANCEL BUY orderId=382814705
[16:24:43.241] [OK] [EXEC] BUY CANCELED confirmed
[16:24:43.526] [INFO] [EXEC] BUY FINAL STATUS status=CANCELED orderId=382814705
[16:24:43.529] [WARNING] [EXEC] BLOCK reason=buy_not_filled
[16:24:45.783] [OK] [EXEC] BUY ORDER SENT orderId=382815194 price=81821.97 qty=0.122210
[16:24:45.787] [OK] [EXEC] PLACE BUY price=81821.97 qty=0.122210
[16:24:47.408] [WS] LIVE bid=81821.98 ask=81828.17
[16:24:49.533] [OK] [PLAN] HOT entry=81831.97 exit=81839.99 profit=0.980044 age=1555ms
[16:24:51.094] [WARNING] [EXEC] BUY TIMEOUT orderId=382815194
[16:24:51.098] [WARNING] [EXEC] CANCEL BUY orderId=382815194
[16:24:51.389] [OK] [EXEC] BUY CANCELED confirmed
[16:24:51.699] [INFO] [EXEC] BUY FINAL STATUS status=CANCELED orderId=382815194
[16:24:51.700] [WARNING] [EXEC] BLOCK reason=buy_not_filled
[16:24:52.464] [WS] LIVE bid=81818.62 ask=81831.54
[16:24:53.883] [OK] [EXEC] BUY ORDER SENT orderId=382815744 price=81819.41 qty=0.122220
[16:24:53.887] [OK] [EXEC] PLACE BUY price=81819.41 qty=0.122220
[16:24:54.541] [OK] [EXEC] BUY PARTIAL delta=0.122220 total=0.122220
[16:24:54.545] [OK] [EXEC] BUY REMAINING qty=0.000000
[16:24:54.548] [OK] [EXEC] INVENTORY qty=0.122220
[16:24:54.552] [OK] [EXEC] BUY FILLED id=382815744
[16:24:55.953] [OK] [SYNC] order filled detected
[16:24:55.956] [OK] [SYNC] BUY filled on exchange
[16:24:56.856] [OK] [EXEC] PLACE SELL price=81836.15 qty=0.122220
[16:24:57.128] [OK] [EXEC] SELL ORDER SENT orderId=382816173
[16:24:57.662] [WS] LIVE bid=81826.00 ask=81836.09
[16:25:01.283] [INFO] [EXEC] RECOVERY WAIT hard_sl_pending_recovery
[16:25:01.570] [WARNING] [EXEC] SELL TIMEOUT orderId=382816173
[16:25:01.573] [WARNING] [EXEC] CANCEL SELL orderId=382816173
[16:25:02.334] [INFO] [EXEC] SELL FINAL STATUS status=CANCELED orderId=382816173
[16:25:02.337] [INFO] [EXEC] SELL TIMEOUT check fast_exit
[16:25:02.339] [WARNING] [EXEC] FORCE EXIT hard_sl_triggered
[16:25:02.340] [ERROR] [EXEC] HARD SL triggered
[16:25:02.342] [WARNING] [EXEC] PANIC EXIT sl_mode
[16:25:02.343] [WARNING] [EXEC] FORCE EXIT price=81823.49
[16:25:02.344] [OK] [EXEC] PLACE SELL price=81823.49 qty=0.122220
[16:25:02.639] [WARNING] [EXEC] PANIC START price=81823.49
[16:25:02.642] [OK] [EXEC] SELL ORDER SENT orderId=382816732
[16:25:03.159] [WS] LIVE bid=81822.04 ask=81826.00
[16:25:03.599] [OK] [EXEC] SELL PARTIAL delta=0.122220
[16:25:03.604] [OK] [EXEC] INVENTORY remaining=0.000000
[16:25:03.608] [OK] [EXEC] SELL FILLED id=382816732
[16:25:03.610] [OK] [EXEC] SELL FILLED qty=0.122220 remaining=0.000000
[16:25:03.613] [OK] [EXEC] REALIZED pnl=+0.641416
[16:25:03.615] [OK] [EXEC] PANIC FILLED
[16:25:03.617] [INFO] [EXEC] PANIC RESET
[16:25:06.371] [OK] [EXEC] BUY ORDER SENT orderId=382816979 price=81831.49 qty=0.122200
[16:25:06.374] [OK] [EXEC] PLACE BUY price=81831.49 qty=0.122200
[16:25:07.462] [OK] [SYNC] order filled detected
[16:25:07.465] [OK] [SYNC] BUY filled on exchange
[16:25:07.467] [WS] LIVE bid=81829.07 ask=81839.00
[16:25:07.702] [OK] [EXEC] PLACE SELL price=81831.77 qty=0.122200
[16:25:07.975] [OK] [EXEC] SELL ORDER SENT orderId=382817037
[16:25:07.980] [OK] [PLAN] READY entry=81828.62 exit=81831.77 profit=0.384930 age=1597ms
[16:25:10.192] [INFO] [EXEC] RECOVERY WAIT hard_sl_pending_recovery
[16:25:10.467] [OK] [PLAN] HOT entry=81820.01 exit=81826.60 profit=0.805364 age=4087ms
[16:25:12.350] [INFO] [EXEC] RECOVERY WAIT hard_sl_pending_recovery
[16:25:12.615] [WARNING] [EXEC] SELL TIMEOUT orderId=382817037
[16:25:12.618] [WARNING] [EXEC] CANCEL SELL orderId=382817037
[16:25:13.184] [INFO] [EXEC] SELL FINAL STATUS status=CANCELED orderId=382817037
[16:25:13.188] [INFO] [EXEC] SELL TIMEOUT check fast_exit
[16:25:13.189] [WARNING] [EXEC] FORCE EXIT hard_sl_triggered
[16:25:13.191] [ERROR] [EXEC] HARD SL triggered
[16:25:13.193] [WARNING] [EXEC] PANIC EXIT sl_mode
[16:25:13.196] [WARNING] [EXEC] FORCE EXIT price=81828.47
[16:25:13.198] [OK] [EXEC] PLACE SELL price=81828.47 qty=0.122200
[16:25:13.466] [WARNING] [EXEC] PANIC START price=81828.47
[16:25:13.469] [OK] [EXEC] SELL ORDER SENT orderId=382817227
[16:25:13.472] [OK] [PLAN] READY entry=81823.50 exit=81827.47 profit=0.485174 age=6245ms
[16:25:13.473] [WS] LIVE bid=81821.50 ask=81829.47
[16:25:13.924] [OK] [EXEC] SELL PARTIAL delta=0.122200
[16:25:13.927] [OK] [EXEC] INVENTORY remaining=0.000000
[16:25:13.927] [OK] [EXEC] SELL FILLED id=382817227
[16:25:13.928] [OK] [EXEC] SELL FILLED qty=0.122200 remaining=0.000000
[16:25:13.929] [OK] [EXEC] REALIZED pnl=-0.369044
[16:25:13.930] [OK] [EXEC] PANIC FILLED
[16:25:13.931] [INFO] [EXEC] PANIC RESET
[16:25:17.977] [OK] [EXEC] BUY ORDER SENT orderId=382817500 price=81828.02 qty=0.122200
[16:25:17.981] [OK] [EXEC] PLACE BUY price=81828.02 qty=0.122200
[16:25:17.988] [WS] LIVE bid=81832.31 ask=81839.99
[16:25:21.993] [WARNING] [EXEC] BUY TIMEOUT orderId=382817500
[16:25:21.997] [WARNING] [EXEC] CANCEL BUY orderId=382817500
[16:25:22.315] [OK] [EXEC] BUY CANCELED confirmed
[16:25:22.580] [INFO] [EXEC] BUY FINAL STATUS status=CANCELED orderId=382817500
[16:25:22.584] [WARNING] [EXEC] BLOCK reason=buy_not_filled
[16:25:23.092] [WS] LIVE bid=81831.95 ask=81837.93
[16:25:23.792] [OK] [EXEC] BUY ORDER SENT orderId=382817753 price=81829.10 qty=0.122200
[16:25:23.796] [OK] [EXEC] PLACE BUY price=81829.10 qty=0.122200
[16:25:25.286] [OK] [EXEC] BUY PARTIAL delta=0.000070 total=0.000070
[16:25:25.290] [OK] [EXEC] BUY REMAINING qty=0.122130
[16:25:25.292] [OK] [EXEC] INVENTORY qty=0.000070
[16:25:25.296] [OK] [PLAN] HOT entry=81832.18 exit=81837.99 profit=0.709982 age=1444ms
[16:25:25.855] [OK] [SYNC] order filled detected
[16:25:25.858] [OK] [SYNC] BUY filled on exchange
[16:25:26.447] [OK] [EXEC] PLACE SELL price=81832.00 qty=0.122200
[16:25:26.752] [OK] [EXEC] SELL ORDER SENT orderId=382817971
[16:25:27.848] [WS] LIVE bid=81825.24 ask=81830.16
[16:25:28.508] [INFO] [EXEC] RECOVERY WAIT hard_sl_pending_recovery
[16:25:30.740] [WARNING] [EXEC] SELL TIMEOUT orderId=382817971
[16:25:30.744] [WARNING] [EXEC] CANCEL SELL orderId=382817971
[16:25:31.305] [INFO] [EXEC] SELL FINAL STATUS status=CANCELED orderId=382817971
[16:25:31.309] [INFO] [EXEC] SELL TIMEOUT check fast_exit
[16:25:31.311] [WARNING] [EXEC] FORCE EXIT hard_sl_triggered
[16:25:31.314] [ERROR] [EXEC] HARD SL triggered
[16:25:31.316] [WARNING] [EXEC] PANIC EXIT sl_mode
[16:25:31.318] [WARNING] [EXEC] FORCE EXIT price=81811.99
[16:25:31.320] [OK] [EXEC] PLACE SELL price=81811.99 qty=0.122200
[16:25:31.593] [WARNING] [EXEC] PANIC START price=81811.99
[16:25:31.598] [OK] [EXEC] SELL ORDER SENT orderId=382818441
[16:25:32.142] [OK] [SYNC] order filled detected
[16:25:32.144] [OK] [SYNC] SELL filled on exchange
[16:25:32.145] [OK] [EXEC] REALIZED pnl=-2.090842
[16:25:33.132] [WS] LIVE bid=81811.93 ask=81816.95
[16:25:33.591] [OK] [EXEC] BUY ORDER SENT orderId=382818638 price=81813.08 qty=0.122220
[16:25:33.595] [OK] [EXEC] PLACE BUY price=81813.08 qty=0.122220
[16:25:35.144] [OK] [EXEC] BUY PARTIAL delta=0.122220 total=0.122220
[16:25:35.148] [OK] [EXEC] BUY REMAINING qty=0.000000
[16:25:35.149] [OK] [EXEC] INVENTORY qty=0.122220
[16:25:35.150] [OK] [EXEC] BUY FILLED id=382818638
[16:25:36.205] [OK] [SYNC] order filled detected
[16:25:36.207] [OK] [SYNC] BUY filled on exchange
[16:25:37.350] [OK] [EXEC] PLACE SELL price=81819.25 qty=0.122220
[16:25:37.619] [OK] [EXEC] SELL ORDER SENT orderId=382818867
[16:25:37.627] [WS] LIVE bid=81816.42 ask=81819.25
[16:25:38.571] [OK] [SYNC] order filled detected
[16:25:38.573] [OK] [SYNC] SELL filled on exchange
[16:25:38.574] [OK] [EXEC] REALIZED pnl=+0.754097
[16:25:40.791] [OK] [EXEC] BUY ORDER SENT orderId=382819099 price=81809.57 qty=0.122230
[16:25:40.795] [OK] [EXEC] PLACE BUY price=81809.57 qty=0.122230
[16:25:43.702] [WS] LIVE bid=81810.01 ask=81817.84
[16:25:45.774] [WARNING] [EXEC] BUY TIMEOUT orderId=382819099
[16:25:45.778] [WARNING] [EXEC] CANCEL BUY orderId=382819099
[16:25:46.057] [OK] [EXEC] BUY CANCELED confirmed
[16:25:46.322] [INFO] [EXEC] BUY FINAL STATUS status=CANCELED orderId=382819099
[16:25:46.325] [WARNING] [EXEC] BLOCK reason=buy_not_filled
[16:25:48.402] [OK] [EXEC] BUY ORDER SENT orderId=382819732 price=81834.93 qty=0.122190
[16:25:48.406] [OK] [EXEC] PLACE BUY price=81834.93 qty=0.122190
[16:25:48.947] [OK] [SYNC] order filled detected
[16:25:48.948] [OK] [SYNC] BUY filled on exchange
[16:25:48.964] [WS] LIVE bid=81832.93 ask=81838.44
[16:25:49.634] [OK] [EXEC] PLACE SELL price=81834.97 qty=0.122190
[16:25:49.921] [OK] [EXEC] SELL ORDER SENT orderId=382819813
[16:25:51.692] [INFO] [EXEC] RECOVERY WAIT hard_sl_pending_recovery
[16:25:52.918] [WARNING] [EXEC] SELL TIMEOUT orderId=382819813
[16:25:52.920] [WARNING] [EXEC] CANCEL SELL orderId=382819813
[16:25:53.476] [INFO] [EXEC] SELL FINAL STATUS status=CANCELED orderId=382819813
[16:25:53.481] [INFO] [EXEC] SELL TIMEOUT check fast_exit
[16:25:53.483] [WARNING] [EXEC] FORCE EXIT hard_sl_triggered
[16:25:53.486] [ERROR] [EXEC] HARD SL triggered
[16:25:53.488] [WARNING] [EXEC] PANIC EXIT sl_mode
[16:25:53.489] [WARNING] [EXEC] FORCE EXIT price=81833.96
[16:25:53.490] [OK] [EXEC] PLACE SELL price=81833.96 qty=0.122190
[16:25:53.762] [WARNING] [EXEC] PANIC START price=81833.96
[16:25:53.763] [OK] [EXEC] SELL ORDER SENT orderId=382819977
[16:25:54.241] [WS] LIVE bid=81829.04 ask=81834.96
[16:25:57.123] [WARNING] [EXEC] PANIC WAIT still_open orderId=382819977
[16:25:57.127] [WARNING] [EXEC] PANIC HOLD active orderId=382819977
[16:25:59.507] [WS] LIVE bid=81823.21 ask=81829.78
[16:25:59.841] [OK] [EXEC] SELL PARTIAL delta=0.122190
[16:25:59.843] [OK] [EXEC] INVENTORY remaining=0.000000
[16:25:59.845] [OK] [EXEC] SELL FILLED id=382819977
[16:25:59.846] [OK] [EXEC] SELL FILLED qty=0.122190 remaining=0.000000
[16:25:59.847] [OK] [EXEC] REALIZED pnl=-0.118524
[16:25:59.849] [OK] [EXEC] PANIC FILLED
[16:25:59.850] [INFO] [EXEC] PANIC RESET
[16:26:01.087] [OK] [EXEC] BUY ORDER SENT orderId=382820303 price=81818.24 qty=0.122220
[16:26:01.090] [OK] [EXEC] PLACE BUY price=81818.24 qty=0.122220
[16:26:01.411] [OK] [PLAN] READY entry=81824.79 exit=81828.31 profit=0.430179 age=320ms
[16:26:04.085] [OK] [PLAN] HOT entry=81824.32 exit=81836.46 profit=1.483629 age=2993ms
[16:26:04.088] [WS] LIVE bid=81823.11 ask=81838.46
[16:26:05.043] [WARNING] [EXEC] BUY TIMEOUT orderId=382820303
[16:26:05.049] [WARNING] [EXEC] CANCEL BUY orderId=382820303
[16:26:05.316] [OK] [EXEC] BUY CANCELED confirmed
[16:26:05.708] [INFO] [EXEC] BUY FINAL STATUS status=CANCELED orderId=382820303
[16:26:05.712] [WARNING] [EXEC] BLOCK reason=buy_not_filled
[16:26:06.724] [OK] [EXEC] BUY ORDER SENT orderId=382820571 price=81824.61 qty=0.122210
[16:26:06.728] [OK] [EXEC] PLACE BUY price=81824.61 qty=0.122210
[16:26:09.484] [WS] LIVE bid=81824.62 ask=81833.97
[16:26:11.883] [OK] [EXEC] BUY PARTIAL delta=0.122210 total=0.122210
[16:26:11.888] [OK] [EXEC] BUY REMAINING qty=0.000000
[16:26:11.891] [OK] [EXEC] INVENTORY qty=0.122210
[16:26:11.893] [OK] [EXEC] BUY FILLED id=382820571
[16:26:13.272] [OK] [EXEC] PLACE SELL price=81830.78 qty=0.122210
[16:26:13.548] [OK] [EXEC] SELL ORDER SENT orderId=382821085
[16:26:14.095] [OK] [SYNC] order filled detected
[16:26:14.098] [OK] [SYNC] SELL filled on exchange
[16:26:14.099] [OK] [EXEC] REALIZED pnl=+0.754036
[16:26:14.107] [WS] LIVE bid=81824.74 ask=81837.36
[16:26:15.325] [OK] [EXEC] BUY ORDER SENT orderId=382821233 price=81828.02 qty=0.122200
[16:26:15.327] [OK] [EXEC] PLACE BUY price=81828.02 qty=0.122200
[16:26:15.330] [OK] [PLAN] HOT entry=81828.02 exit=81835.92 profit=0.965380 age=1508ms
[16:26:19.436] [WS] LIVE bid=81843.38 ask=81855.75
[16:26:20.292] [WARNING] [EXEC] BUY TIMEOUT orderId=382821233
[16:26:20.293] [WARNING] [EXEC] CANCEL BUY orderId=382821233
[16:26:20.650] [OK] [EXEC] BUY CANCELED confirmed
[16:26:20.921] [INFO] [EXEC] BUY FINAL STATUS status=CANCELED orderId=382821233
[16:26:20.925] [WARNING] [EXEC] BLOCK reason=buy_not_filled
[16:26:20.931] [OK] [PLAN] READY entry=81851.71 exit=81854.78 profit=0.375062 age=6754ms
[16:26:22.725] [OK] [EXEC] BUY ORDER SENT orderId=382821904 price=81846.94 qty=0.122170
[16:26:22.727] [OK] [EXEC] PLACE BUY price=81846.94 qty=0.122170
[16:26:24.618] [WS] LIVE bid=81846.95 ask=81855.89
[16:26:25.493] [OK] [EXEC] BUY PARTIAL delta=0.122170 total=0.122170
[16:26:25.497] [OK] [EXEC] BUY REMAINING qty=0.000000
[16:26:25.500] [OK] [EXEC] INVENTORY qty=0.122170
[16:26:25.504] [OK] [EXEC] BUY FILLED id=382821904
[16:26:26.059] [OK] [SYNC] order filled detected
[16:26:26.062] [OK] [SYNC] BUY filled on exchange
[16:26:26.446] [OK] [EXEC] PLACE SELL price=81846.98 qty=0.122170
[16:26:26.746] [OK] [EXEC] SELL ORDER SENT orderId=382822537
[16:26:26.752] [OK] [PLAN] HOT entry=81803.00 exit=81810.77 profit=0.949805 age=1221ms
[16:26:28.490] [INFO] [EXEC] RECOVERY WAIT hard_sl_pending_recovery
[16:26:28.761] [OK] [PLAN] READY entry=81804.00 exit=81808.00 profit=0.488960 age=3265ms
[16:26:29.270] [INFO] [EXEC] RECOVERY WAIT hard_sl_pending_recovery
[16:26:29.535] [WARNING] [EXEC] SELL TIMEOUT orderId=382822537
[16:26:29.538] [WARNING] [EXEC] CANCEL SELL orderId=382822537
[16:26:30.069] [INFO] [EXEC] SELL FINAL STATUS status=CANCELED orderId=382822537
[16:26:30.072] [INFO] [EXEC] SELL TIMEOUT check fast_exit
[16:26:30.075] [WARNING] [EXEC] FORCE EXIT hard_sl_triggered
[16:26:30.077] [ERROR] [EXEC] HARD SL triggered
[16:26:30.079] [WARNING] [EXEC] PANIC EXIT sl_mode
[16:26:30.080] [WARNING] [EXEC] FORCE EXIT price=81806.97
[16:26:30.081] [OK] [EXEC] PLACE SELL price=81806.97 qty=0.122170
[16:26:30.351] [WARNING] [EXEC] PANIC START price=81806.97
[16:26:30.354] [OK] [EXEC] SELL ORDER SENT orderId=382822863
[16:26:31.500] [OK] [SYNC] order filled detected
[16:26:31.503] [OK] [SYNC] SELL filled on exchange
[16:26:31.504] [OK] [EXEC] REALIZED pnl=-4.883135
[16:26:31.509] [WS] LIVE bid=81802.01 ask=81807.97
[16:26:32.034] [OK] [EXEC] BUY ORDER SENT orderId=382823009 price=81794.79 qty=0.122250
[16:26:32.038] [OK] [EXEC] PLACE BUY price=81794.79 qty=0.122250
[16:26:34.720] [WS] LIVE bid=81802.00 ask=81806.31
[16:26:37.186] [WARNING] [EXEC] BUY TIMEOUT orderId=382823009
[16:26:37.190] [WARNING] [EXEC] CANCEL BUY orderId=382823009
[16:26:37.462] [OK] [EXEC] BUY CANCELED confirmed
[16:26:37.732] [INFO] [EXEC] BUY FINAL STATUS status=CANCELED orderId=382823009
[16:26:37.735] [WARNING] [EXEC] BLOCK reason=buy_not_filled
[16:26:39.105] [OK] [EXEC] BUY ORDER SENT orderId=382823371 price=81796.01 qty=0.122250
[16:26:39.108] [OK] [EXEC] PLACE BUY price=81796.01 qty=0.122250
[16:26:39.113] [OK] [PLAN] READY entry=81796.01 exit=81799.24 profit=0.394867 age=1908ms
[16:26:39.741] [WS] LIVE bid=81796.02 ask=81801.93
[16:26:43.522] [WARNING] [EXEC] BUY TIMEOUT orderId=382823371
[16:26:43.526] [WARNING] [EXEC] CANCEL BUY orderId=382823371
[16:26:43.794] [OK] [EXEC] BUY CANCELED confirmed
[16:26:44.110] [INFO] [EXEC] BUY FINAL STATUS status=CANCELED orderId=382823371
[16:26:44.113] [WARNING] [EXEC] BLOCK reason=buy_not_filled
[16:26:44.119] [OK] [PLAN] HOT entry=81798.02 exit=81803.92 profit=0.721275 age=908ms
[16:26:45.856] [OK] [EXEC] BUY ORDER SENT orderId=382823776 price=81800.47 qty=0.122240
[16:26:45.860] [OK] [EXEC] PLACE BUY price=81800.47 qty=0.122240
[16:26:46.129] [WS] LIVE bid=81794.01 ask=81806.24
[16:26:49.854] [OK] [EXEC] BUY PARTIAL delta=0.122240 total=0.122240
[16:26:49.857] [OK] [EXEC] BUY REMAINING qty=0.000000
[16:26:49.859] [OK] [EXEC] INVENTORY qty=0.122240
[16:26:49.860] [OK] [EXEC] BUY FILLED id=382823776
[16:26:50.409] [OK] [SYNC] order filled detected
[16:26:50.412] [OK] [SYNC] BUY filled on exchange
[16:26:50.926] [WS] LIVE bid=81794.01 ask=81807.42
[16:26:51.140] [OK] [EXEC] PLACE SELL price=81800.51 qty=0.122240
[16:26:51.421] [OK] [EXEC] SELL ORDER SENT orderId=382824011
[16:26:51.960] [OK] [SYNC] order filled detected
[16:26:51.963] [OK] [SYNC] SELL filled on exchange
[16:26:51.964] [OK] [EXEC] REALIZED pnl=+0.004890
[16:26:53.120] [OK] [EXEC] BUY ORDER SENT orderId=382824080 price=81796.01 qty=0.122250
[16:26:53.124] [OK] [EXEC] PLACE BUY price=81796.01 qty=0.122250
[16:26:56.862] [WS] LIVE bid=81796.02 ask=81800.00
[16:26:57.651] [OK] [EXEC] BUY PARTIAL delta=0.122250 total=0.122250
[16:26:57.656] [OK] [EXEC] BUY REMAINING qty=0.000000
[16:26:57.659] [OK] [EXEC] INVENTORY qty=0.122250
[16:26:57.661] [OK] [EXEC] BUY FILLED id=382824080
[16:26:58.192] [OK] [SYNC] order filled detected
[16:26:58.195] [OK] [SYNC] BUY filled on exchange
[16:26:58.329] [OK] [EXEC] PLACE SELL price=81796.05 qty=0.122250
[16:26:58.600] [OK] [EXEC] SELL ORDER SENT orderId=382824326
[16:26:58.604] [OK] [PLAN] READY entry=81788.01 exit=81791.43 profit=0.418129 age=945ms
[16:26:59.890] [INFO] [EXEC] RECOVERY WAIT hard_sl_pending_recovery
[16:27:01.251] [WS] LIVE bid=81780.01 ask=81788.48
[16:27:01.920] [INFO] [EXEC] RECOVERY WAIT hard_sl_pending_recovery
[16:27:02.191] [WARNING] [EXEC] SELL TIMEOUT orderId=382824326
[16:27:02.194] [WARNING] [EXEC] CANCEL SELL orderId=382824326
[16:27:02.747] [INFO] [EXEC] SELL FINAL STATUS status=CANCELED orderId=382824326
[16:27:02.750] [INFO] [EXEC] SELL TIMEOUT check fast_exit
[16:27:02.752] [WARNING] [EXEC] FORCE EXIT hard_sl_triggered
[16:27:02.755] [ERROR] [EXEC] HARD SL triggered
[16:27:02.757] [WARNING] [EXEC] PANIC EXIT sl_mode
[16:27:02.758] [WARNING] [EXEC] FORCE EXIT price=81792.92
[16:27:02.760] [OK] [EXEC] PLACE SELL price=81792.92 qty=0.122250
[16:27:03.027] [WARNING] [EXEC] PANIC START price=81792.92
[16:27:03.030] [OK] [EXEC] SELL ORDER SENT orderId=382824564
[16:27:05.550] [WS] LIVE bid=81775.51 ask=81781.46
[16:27:06.378] [WARNING] [EXEC] PANIC WAIT still_open orderId=382824564
[16:27:06.381] [WARNING] [EXEC] PANIC HOLD active orderId=382824564
[16:27:09.546] [WARNING] [EXEC] PANIC WAIT still_open orderId=382824564
[16:27:09.550] [WARNING] [EXEC] PANIC HOLD active orderId=382824564
[16:27:10.591] [WS] LIVE bid=81770.01 ask=81773.30
[16:27:11.111] [WARNING] [EXEC] PANIC HOLD active orderId=382824564
[16:27:13.043] [WARNING] [EXEC] PANIC WAIT still_open orderId=382824564
[16:27:13.047] [WARNING] [EXEC] PANIC HOLD active orderId=382824564
[16:27:13.894] [WARNING] cancel all requested
[16:27:13.897] [WARNING] [EXEC] STOP canceled panic order, position remains open
[16:27:14.698] [OK] [SYNC] order filled detected
[16:27:14.701] [OK] [SYNC] SELL filled on exchange
[16:27:14.702] [OK] [EXEC] REALIZED pnl=-0.377753
[16:27:14.705] [WARNING] STOP
[16:27:15.491] [WS] stale/lost
[16:27:15.512] [OK] [PLAN] HOT entry=81784.86 exit=81798.00 profit=1.606628 age=525ms
