[13:57:57.852] [OK] filters loaded
[13:58:00.227] [EXCHANGE] symbol=BTCU base=BTC quote=U status=TRADING permissions=[]
[13:58:00.232] [OK] START
[13:58:00.236] [INFO] [EXEC] LIVE ON
[13:58:00.239] [INFO] [EXEC] WAIT READY
[13:58:00.974] [WS] primary url=wss://stream.binance.com:9443/ws/btcu@bookTicker
[13:58:00.974] [WS] connecting primary
[13:58:01.843] [WS] connected
[13:58:01.843] [WS] LIVE bid=81010.00 ask=81018.00
[13:58:03.460] [OK] [EXEC] BUY ORDER SENT orderId=382142374 price=81008.55 qty=0.185160
[13:58:03.460] [OK] [EXEC] PLACE BUY price=81008.55 qty=0.185160
[13:58:04.766] [OK] [PLAN] READY entry=81010.56 exit=81014.71 profit=0.768414 age=1575ms
[13:58:07.304] [OK] [SYNC] order filled detected
[13:58:07.304] [OK] [SYNC] BUY filled on exchange
[13:58:07.570] [WS] LIVE bid=81008.56 ask=81014.44
[13:58:07.632] [OK] [EXEC] PLACE SELL price=81016.01 qty=0.185160
[13:58:07.903] [OK] [EXEC] SELL ORDER SENT orderId=382142679
[13:58:09.649] [WARNING] [EXEC] CANCEL SELL orderId=382142679
[13:58:09.913] [ERROR] [EXEC] HARD SL triggered
[13:58:09.914] [WARNING] [EXEC] PANIC EXIT sl_mode
[13:58:09.915] [WARNING] [EXEC] FORCE EXIT price=81015.01
[13:58:09.916] [OK] [EXEC] PLACE SELL price=81015.01 qty=0.185160
[13:58:10.176] [OK] [EXEC] SELL ORDER SENT orderId=382142819
[13:58:12.354] [WS] LIVE bid=81006.49 ask=81012.44
[13:58:12.640] [WARNING] [EXEC] SELL TIMEOUT orderId=382142819
[13:58:12.642] [WARNING] [EXEC] CANCEL SELL orderId=382142819
[13:58:13.163] [INFO] [EXEC] SELL FINAL STATUS status=CANCELED orderId=382142819
[13:58:13.163] [WARNING] [EXEC] PANIC EXIT final_recover_place_sell
[13:58:13.163] [WARNING] [EXEC] PANIC EXIT panic_final_recover
[13:58:13.163] [WARNING] [EXEC] FORCE EXIT price=80999.97
[13:58:13.163] [OK] [EXEC] PLACE SELL price=80999.97 qty=0.185160
[13:58:13.429] [OK] [EXEC] SELL ORDER SENT orderId=382143104
[13:58:14.444] [OK] [SYNC] order filled detected
[13:58:14.444] [OK] [SYNC] SELL filled on exchange
[13:58:14.444] [OK] [EXEC] REALIZED pnl=-1.588673
[13:58:16.553] [WS] LIVE bid=81002.43 ask=81007.14
[13:58:17.619] [OK] [EXEC] BUY ORDER SENT orderId=382143383 price=80996.17 qty=0.185190
[13:58:17.623] [OK] [EXEC] PLACE BUY price=80996.17 qty=0.185190
[13:58:21.913] [WARNING] [EXEC] BUY TIMEOUT orderId=382143383
[13:58:21.913] [WARNING] [EXEC] CANCEL BUY orderId=382143383
[13:58:22.186] [OK] [EXEC] BUY CANCELED confirmed
[13:58:22.454] [INFO] [EXEC] BUY FINAL STATUS status=CANCELED orderId=382143383
[13:58:22.457] [WARNING] [EXEC] BLOCK reason=buy_not_filled
[13:58:22.954] [WS] LIVE bid=80998.69 ask=81004.87
[13:58:25.022] [OK] [EXEC] BUY ORDER SENT orderId=382143853 price=81005.01 qty=0.185170
[13:58:25.041] [OK] [EXEC] PLACE BUY price=81005.01 qty=0.185170
[13:58:27.304] [WS] LIVE bid=81005.02 ask=81011.55
[13:58:27.714] [OK] [EXEC] BUY FILLED id=382143853
[13:58:28.247] [OK] [SYNC] order filled detected
[13:58:28.249] [OK] [SYNC] BUY filled on exchange
[13:58:29.241] [OK] [EXEC] PLACE SELL price=81005.05 qty=0.185170
[13:58:29.601] [OK] [EXEC] SELL ORDER SENT orderId=382144156
[13:58:30.135] [OK] [SYNC] order filled detected
[13:58:30.138] [OK] [SYNC] SELL filled on exchange
[13:58:30.140] [OK] [EXEC] REALIZED pnl=+0.007407
[13:58:31.800] [OK] [EXEC] BUY ORDER SENT orderId=382144335 price=81004.86 qty=0.185170
[13:58:31.803] [OK] [EXEC] PLACE BUY price=81004.86 qty=0.185170
[13:58:31.807] [WS] LIVE bid=81002.90 ask=81008.32
[13:58:32.132] [OK] [EXEC] BUY FILLED id=382144335
[13:58:32.132] [OK] [PLAN] HOT entry=81006.87 exit=81011.76 profit=0.905432 age=336ms
[13:58:32.179] [OK] [EXEC] PLACE SELL price=81007.89 qty=0.185170
[13:58:32.445] [OK] [EXEC] SELL ORDER SENT orderId=382144388
[13:58:33.743] [WARNING] [EXEC] CANCEL SELL orderId=382144388
[13:58:34.012] [ERROR] [EXEC] HARD SL triggered
[13:58:34.016] [WARNING] [EXEC] PANIC EXIT sl_mode
[13:58:34.017] [WARNING] [EXEC] FORCE EXIT price=81004.53
[13:58:34.018] [OK] [EXEC] PLACE SELL price=81004.53 qty=0.185170
[13:58:34.301] [OK] [EXEC] SELL ORDER SENT orderId=382144534
[13:58:35.335] [OK] [SYNC] order filled detected
[13:58:35.335] [OK] [SYNC] SELL filled on exchange
[13:58:35.335] [OK] [EXEC] REALIZED pnl=-0.061106
[13:58:35.898] [OK] [EXEC] BUY ORDER SENT orderId=382144713 price=80996.17 qty=0.185190
[13:58:35.898] [OK] [EXEC] PLACE BUY price=80996.17 qty=0.185190
[13:58:35.898] [OK] [PLAN] HOT entry=80996.17 exit=81007.59 profit=2.114870 age=1888ms
[13:58:37.178] [WS] LIVE bid=81000.92 ask=81009.60
[13:58:40.600] [WARNING] [EXEC] BUY TIMEOUT orderId=382144713
[13:58:40.600] [WARNING] [EXEC] CANCEL BUY orderId=382144713
[13:58:41.350] [OK] [EXEC] BUY CANCELED confirmed
[13:58:41.623] [INFO] [EXEC] BUY FINAL STATUS status=CANCELED orderId=382144713
[13:58:41.627] [WARNING] [EXEC] BLOCK reason=buy_not_filled
[13:58:42.421] [WS] LIVE bid=81012.05 ask=81017.26
[13:58:47.403] [WS] LIVE bid=81010.57 ask=81016.76
[13:58:49.715] [OK] [EXEC] BUY ORDER SENT orderId=382145318 price=81004.25 qty=0.185170
[13:58:49.718] [OK] [EXEC] PLACE BUY price=81004.25 qty=0.185170
[13:58:52.227] [WS] LIVE bid=81005.15 ask=81010.81
[13:58:54.584] [WARNING] [EXEC] BUY TIMEOUT orderId=382145318
[13:58:54.584] [WARNING] [EXEC] CANCEL BUY orderId=382145318
[13:58:54.878] [OK] [EXEC] BUY CANCELED confirmed
[13:58:55.150] [INFO] [EXEC] BUY FINAL STATUS status=CANCELED orderId=382145318
[13:58:55.153] [WARNING] [EXEC] BLOCK reason=buy_not_filled
[13:58:56.867] [OK] [EXEC] BUY ORDER SENT orderId=382145431 price=81007.00 qty=0.185160
[13:58:56.872] [OK] [EXEC] PLACE BUY price=81007.00 qty=0.185160
[13:58:56.874] [OK] [PLAN] READY entry=81007.00 exit=81011.10 profit=0.759156 age=2280ms
[13:58:57.689] [WS] LIVE bid=81007.01 ask=81013.10
[13:59:01.022] [OK] [EXEC] BUY FILLED id=382145431
[13:59:02.153] [OK] [SYNC] order filled detected
[13:59:02.156] [OK] [SYNC] BUY filled on exchange
[13:59:02.306] [OK] [EXEC] PLACE SELL price=81011.21 qty=0.185160
[13:59:02.582] [OK] [EXEC] SELL ORDER SENT orderId=382145802
[13:59:02.585] [OK] [PLAN] HOT entry=81004.35 exit=81011.21 profit=1.270266 age=1557ms
[13:59:03.841] [WS] LIVE bid=80994.17 ask=81008.80
[13:59:03.880] [WARNING] [EXEC] CANCEL SELL orderId=382145802
[13:59:04.147] [ERROR] [EXEC] HARD SL triggered
[13:59:04.147] [WARNING] [EXEC] PANIC EXIT sl_mode
[13:59:04.163] [WARNING] [EXEC] FORCE EXIT price=81004.11
[13:59:04.163] [OK] [EXEC] PLACE SELL price=81004.11 qty=0.185160
[13:59:04.428] [OK] [EXEC] SELL ORDER SENT orderId=382146041
[13:59:08.729] [OK] [SYNC] order filled detected
[13:59:08.732] [OK] [SYNC] SELL filled on exchange
[13:59:08.732] [OK] [EXEC] REALIZED pnl=-0.535112
[13:59:09.014] [OK] [EXEC] BUY ORDER SENT orderId=382146335 price=80997.67 qty=0.185190
[13:59:09.016] [OK] [EXEC] PLACE BUY price=80997.67 qty=0.185190
[13:59:09.018] [WS] LIVE bid=80998.17 ask=81006.87
[13:59:13.366] [WS] LIVE bid=81009.35 ask=81017.59
[13:59:14.051] [WARNING] [EXEC] BUY TIMEOUT orderId=382146335
[13:59:14.054] [WARNING] [EXEC] CANCEL BUY orderId=382146335
[13:59:14.327] [OK] [EXEC] BUY CANCELED confirmed
[13:59:14.607] [INFO] [EXEC] BUY FINAL STATUS status=CANCELED orderId=382146335
[13:59:14.614] [WARNING] [EXEC] BLOCK reason=buy_not_filled
[13:59:15.429] [WS] stale/lost
