[17:42:21.925] [OK] filters loaded
[17:42:23.143] [OK] [PLAN] READY entry=81964.01 exit=81967.99 profit=0.971120 age=308ms
[17:42:23.927] [OK] [PLAN] HOT entry=81964.77 exit=81971.83 profit=1.722640 age=1092ms
[17:42:25.145] [EXCHANGE] symbol=BTCU base=BTC quote=U status=TRADING permissions=[]
[17:42:25.147] [OK] START
[17:42:25.648] [INFO] [EXEC] LIVE ON
[17:42:25.650] [INFO] [EXEC] WAIT READY
[17:42:26.201] [INFO] [EXEC] SELL ACCOUNTING RESET new_cycle
[17:42:26.204] [OK] [EXEC] BUY ORDER SENT orderId=383101672 price=81953.60 qty=0.244040
[17:42:26.206] [OK] [EXEC] PLACE BUY price=81953.60 qty=0.244040
[17:42:26.754] [OK] [SYNC] order filled detected
[17:42:26.755] [OK] [SYNC] BUY filled on exchange
[17:42:26.756] [OK] [EXEC] BUY FILL UPDATE delta=0.244040 avg=81953.60
[17:42:26.758] [OK] [EXEC] CHUNK ADD qty=0.244040 entry=81953.60
[17:42:26.759] [INFO] [EXEC] CHUNK COUNT n=1
[17:42:26.760] [OK] [EXEC] INVENTORY qty=0.244040
[17:42:26.761] [OK] [EXEC] SELL REQUIRED inventory=0.244040
[17:42:26.764] [WS] primary url=wss://stream.binance.com:9443/ws/btcu@bookTicker
[17:42:26.764] [WS] connecting primary
[17:42:26.765] [WS] connected
[17:42:26.765] [WS] LIVE bid=81953.60 ask=81961.88
[17:42:27.145] [INFO] [EXEC] SELL CHECK inventory=0.244040 reported=0.000000 remaining=0.244040 chunks=1
[17:42:27.149] [OK] [EXEC] PLACE SELL price=81960.00 qty=0.244040
[17:42:27.414] [OK] [EXEC] SELL ORDER SENT orderId=383101789
[17:42:29.078] [INFO] [EXEC] RECOVERY WAIT hard_sl_pending_recovery
[17:42:31.568] [WARNING] [EXEC] SELL TIMEOUT orderId=383101789
[17:42:31.572] [WARNING] [EXEC] CANCEL SELL orderId=383101789
[17:42:32.108] [INFO] [EXEC] SELL FINAL STATUS status=CANCELED orderId=383101789
[17:42:32.111] [INFO] [EXEC] SELL TIMEOUT check fast_exit
[17:42:32.114] [WARNING] [EXEC] FORCE EXIT hard_sl_triggered
[17:42:32.117] [ERROR] [EXEC] HARD SL triggered
[17:42:32.119] [WARNING] [EXEC] PANIC EXIT sl_mode
[17:42:32.121] [WARNING] [EXEC] FORCE EXIT price=81951.78
[17:42:32.122] [OK] [EXEC] PLACE SELL price=81951.78 qty=0.244040
[17:42:32.388] [WARNING] [EXEC] PANIC START price=81951.78
[17:42:32.392] [OK] [EXEC] SELL ORDER SENT orderId=383102302
[17:42:32.395] [WARNING] [EXEC] BLOCK reason=balance_low
[17:42:32.876] [WS] LIVE bid=81945.11 ask=81954.00
[17:42:33.413] [OK] [EXEC] FIFO CLOSE qty=0.244040 entry=81953.60 exit=81951.78 pnl=-0.444153
[17:42:33.417] [INFO] [EXEC] CHUNK CLOSED entry=81953.60
[17:42:33.420] [OK] [EXEC] REALIZED pnl=-0.444153
[17:42:33.422] [INFO] [EXEC] SELL ACCOUNTING RESET flat
[17:42:33.425] [OK] [EXEC] CYCLE CLOSED pnl=-0.444153
[17:42:33.427] [INFO] [EXEC] SESSION realized=-0.444153 wins=0 losses=1
[17:42:33.428] [INFO] [EXEC] SELL ACCOUNTING RESET flat
[17:42:33.430] [INFO] [EXEC] CYCLE SKIP no_fifo_pnl
[17:42:33.431] [OK] [EXEC] SELL FILLED id=383102302
[17:42:33.432] [OK] [EXEC] SELL FILLED qty=0.244040 remaining=0.000000
[17:42:33.432] [OK] [EXEC] PANIC FILLED
[17:42:33.433] [INFO] [EXEC] PANIC RESET
[17:42:33.434] [INFO] [EXEC] SELL ACCOUNTING RESET flat
[17:42:33.435] [INFO] [EXEC] CYCLE SKIP no_fifo_pnl
[17:42:36.580] [WARNING] [EXEC] BLOCK reason=balance_low
[17:42:37.402] [WS] LIVE bid=81937.31 ask=81944.69
[17:42:38.163] [WARNING] [EXEC] BLOCK reason=balance_low
[17:42:41.994] [WS] LIVE bid=81938.00 ask=81946.00
[17:42:43.718] [INFO] [EXEC] SELL ACCOUNTING RESET new_cycle
[17:42:43.722] [OK] [EXEC] BUY ORDER SENT orderId=383103112 price=81935.96 qty=0.244090
[17:42:43.724] [OK] [EXEC] PLACE BUY price=81935.96 qty=0.244090
[17:42:45.273] [OK] [EXEC] BUY FILL UPDATE delta=0.097640 avg=81935.96
[17:42:45.277] [OK] [EXEC] CHUNK ADD qty=0.097640 entry=81935.96
[17:42:45.278] [INFO] [EXEC] CHUNK COUNT n=1
[17:42:45.279] [OK] [EXEC] INVENTORY qty=0.097640
[17:42:45.280] [OK] [EXEC] SELL REQUIRED inventory=0.097640
[17:42:45.281] [OK] [EXEC] BUY PARTIAL delta=0.097640 total=0.097640
[17:42:45.283] [OK] [EXEC] BUY REMAINING qty=0.146450
[17:42:45.287] [OK] [PLAN] HOT entry=81937.97 exit=81943.99 profit=1.469362 age=1556ms
[17:42:47.578] [INFO] [EXEC] SELL CHECK inventory=0.097640 reported=0.000000 remaining=0.097640 chunks=1
[17:42:47.582] [OK] [EXEC] PLACE SELL price=81944.00 qty=0.097640
[17:42:47.848] [OK] [EXEC] SELL ORDER SENT orderId=383103300
[17:42:48.376] [OK] [SYNC] order filled detected
[17:42:48.381] [OK] [SYNC] SELL filled on exchange
[17:42:48.382] [OK] [EXEC] FIFO CLOSE qty=0.097640 entry=81935.96 exit=81944.00 pnl=+0.785026
[17:42:48.383] [INFO] [EXEC] CHUNK CLOSED entry=81935.96
[17:42:48.386] [OK] [EXEC] REALIZED pnl=+0.785026
[17:42:48.388] [INFO] [EXEC] SELL ACCOUNTING RESET flat
[17:42:48.390] [OK] [EXEC] CYCLE CLOSED pnl=+0.785026
[17:42:48.391] [INFO] [EXEC] SESSION realized=+0.340873 wins=1 losses=1
[17:42:48.884] [WS] LIVE bid=81940.37 ask=81946.00
[17:42:49.819] [INFO] [EXEC] SELL ACCOUNTING RESET new_cycle
[17:42:49.822] [OK] [EXEC] BUY ORDER SENT orderId=383103387 price=81940.01 qty=0.244080
[17:42:49.824] [OK] [EXEC] PLACE BUY price=81940.01 qty=0.244080
[17:42:52.457] [OK] [EXEC] BUY FILL UPDATE delta=0.244080 avg=81940.01
[17:42:52.461] [OK] [EXEC] CHUNK ADD qty=0.244080 entry=81940.01
[17:42:52.464] [INFO] [EXEC] CHUNK COUNT n=1
[17:42:52.467] [OK] [EXEC] INVENTORY qty=0.244080
[17:42:52.468] [OK] [EXEC] SELL REQUIRED inventory=0.244080
[17:42:52.470] [OK] [EXEC] BUY PARTIAL delta=0.244080 total=0.244080
[17:42:52.472] [OK] [EXEC] BUY REMAINING qty=0.000000
[17:42:52.473] [OK] [EXEC] BUY FILLED id=383103387
[17:42:52.477] [WARNING] [EXEC] BLOCK reason=balance_low
[17:42:53.484] [OK] [SYNC] order filled detected
[17:42:53.486] [OK] [SYNC] BUY filled on exchange
[17:42:53.491] [WS] LIVE bid=81938.00 ask=81947.49
[17:42:54.705] [INFO] [EXEC] SELL CHECK inventory=0.244080 reported=0.000000 remaining=0.244080 chunks=1
[17:42:54.709] [OK] [EXEC] PLACE SELL price=81942.84 qty=0.244080
[17:42:54.973] [OK] [EXEC] SELL ORDER SENT orderId=383103639
[17:42:55.024] [INFO] [EXEC] RECOVERY WAIT hard_sl_pending_recovery
[17:42:55.288] [OK] [EXEC] FIFO CLOSE qty=0.244080 entry=81940.01 exit=81942.84 pnl=+0.690746
[17:42:55.291] [INFO] [EXEC] CHUNK CLOSED entry=81940.01
[17:42:55.293] [OK] [EXEC] REALIZED pnl=+0.690746
[17:42:55.294] [INFO] [EXEC] SELL ACCOUNTING RESET flat
[17:42:55.295] [OK] [EXEC] CYCLE CLOSED pnl=+0.690746
[17:42:55.296] [INFO] [EXEC] SESSION realized=+1.031619 wins=2 losses=1
[17:42:55.297] [INFO] [EXEC] SELL ACCOUNTING RESET flat
[17:42:55.298] [INFO] [EXEC] CYCLE SKIP no_fifo_pnl
[17:42:55.299] [OK] [EXEC] SELL FILLED id=383103639
[17:42:55.300] [OK] [EXEC] SELL FILLED qty=0.244080 remaining=0.000000
[17:42:55.301] [INFO] [EXEC] SELL ACCOUNTING RESET flat
[17:42:55.302] [INFO] [EXEC] CYCLE SKIP no_fifo_pnl
[17:42:59.628] [WS] LIVE bid=81939.97 ask=81945.99
[17:43:02.442] [INFO] [EXEC] SELL ACCOUNTING RESET new_cycle
[17:43:02.446] [OK] [EXEC] BUY ORDER SENT orderId=383103897 price=81932.87 qty=0.244100
[17:43:02.447] [OK] [EXEC] PLACE BUY price=81932.87 qty=0.244100
[17:43:04.441] [WS] LIVE bid=81947.13 ask=81961.99
[17:43:06.537] [WARNING] [EXEC] BUY TIMEOUT orderId=383103897
[17:43:06.540] [WARNING] [EXEC] CANCEL BUY orderId=383103897
[17:43:06.807] [OK] [EXEC] BUY CANCELED confirmed
[17:43:07.073] [INFO] [EXEC] BUY FINAL STATUS status=CANCELED orderId=383103897
[17:43:07.076] [WARNING] [EXEC] BLOCK reason=buy_not_filled
[17:43:08.109] [INFO] [EXEC] SELL ACCOUNTING RESET new_cycle
[17:43:08.114] [OK] [EXEC] BUY ORDER SENT orderId=383104181 price=81958.31 qty=0.244020
[17:43:08.117] [OK] [EXEC] PLACE BUY price=81958.31 qty=0.244020
[17:43:08.121] [OK] [PLAN] READY entry=81958.31 exit=81962.27 profit=0.966319 age=1569ms
[17:43:08.419] [OK] [EXEC] BUY FILL UPDATE delta=0.244020 avg=81958.31
[17:43:08.423] [OK] [EXEC] CHUNK ADD qty=0.244020 entry=81958.31
[17:43:08.425] [INFO] [EXEC] CHUNK COUNT n=1
[17:43:08.428] [OK] [EXEC] INVENTORY qty=0.244020
[17:43:08.429] [OK] [EXEC] SELL REQUIRED inventory=0.244020
[17:43:08.431] [OK] [EXEC] BUY PARTIAL delta=0.244020 total=0.244020
[17:43:08.432] [OK] [EXEC] BUY REMAINING qty=0.000000
[17:43:08.433] [OK] [EXEC] BUY FILLED id=383104181
[17:43:08.435] [OK] [PLAN] HOT entry=81954.93 exit=81959.99 profit=1.234792 age=1878ms
[17:43:09.445] [OK] [SYNC] order filled detected
[17:43:09.448] [OK] [SYNC] BUY filled on exchange
[17:43:09.452] [WS] LIVE bid=81954.40 ask=81961.99
[17:43:10.004] [INFO] [EXEC] SELL CHECK inventory=0.244020 reported=0.000000 remaining=0.244020 chunks=1
[17:43:10.007] [OK] [EXEC] PLACE SELL price=81959.99 qty=0.244020
[17:43:10.284] [OK] [EXEC] SELL ORDER SENT orderId=383104233
[17:43:10.289] [OK] [PLAN] READY entry=81956.93 exit=81959.99 profit=0.746732 age=3437ms
[17:43:11.591] [INFO] [EXEC] RECOVERY WAIT hard_sl_pending_recovery
[17:43:13.416] [WARNING] [EXEC] SELL TIMEOUT orderId=383104233
[17:43:13.420] [WARNING] [EXEC] CANCEL SELL orderId=383104233
[17:43:13.946] [INFO] [EXEC] SELL FINAL STATUS status=CANCELED orderId=383104233
[17:43:13.949] [INFO] [EXEC] SELL TIMEOUT check fast_exit
[17:43:13.951] [WARNING] [EXEC] FORCE EXIT hard_sl_triggered
[17:43:13.952] [ERROR] [EXEC] HARD SL triggered
[17:43:13.953] [WARNING] [EXEC] PANIC EXIT sl_mode
[17:43:13.954] [WARNING] [EXEC] FORCE EXIT price=81958.98
[17:43:13.955] [OK] [EXEC] PLACE SELL price=81958.98 qty=0.244020
[17:43:14.218] [WARNING] [EXEC] PANIC START price=81958.98
[17:43:14.221] [OK] [EXEC] SELL ORDER SENT orderId=383104342
[17:43:14.226] [WARNING] [EXEC] BLOCK reason=balance_low
[17:43:15.257] [WS] LIVE bid=81955.31 ask=81958.98
[17:43:18.132] [WARNING] [EXEC] PANIC WAIT still_open orderId=383104342
[17:43:18.136] [WARNING] [EXEC] PANIC HOLD active orderId=383104342
[17:43:19.421] [WS] LIVE bid=81946.77 ask=81958.27
[17:43:20.480] [WARNING] [EXEC] PANIC HOLD active orderId=383104342
[17:43:20.485] [WARNING] [EXEC] BLOCK reason=balance_low
[17:43:21.533] [WARNING] [EXEC] PANIC WAIT still_open orderId=383104342
[17:43:21.536] [WARNING] [EXEC] PANIC HOLD active orderId=383104342
[17:43:24.156] [OK] [SYNC] order filled detected
[17:43:24.159] [OK] [SYNC] SELL filled on exchange
[17:43:24.160] [OK] [EXEC] FIFO CLOSE qty=0.244020 entry=81958.31 exit=81958.98 pnl=+0.163493
[17:43:24.161] [INFO] [EXEC] CHUNK CLOSED entry=81958.31
[17:43:24.162] [OK] [EXEC] REALIZED pnl=+0.163493
[17:43:24.163] [INFO] [EXEC] SELL ACCOUNTING RESET flat
[17:43:24.164] [OK] [EXEC] CYCLE CLOSED pnl=+0.163493
[17:43:24.165] [INFO] [EXEC] SESSION realized=+1.195113 wins=3 losses=1
[17:43:24.328] [WS] LIVE bid=81964.31 ask=81972.77
[17:43:24.901] [WARNING] [EXEC] BLOCK reason=balance_low
[17:43:29.328] [WS] LIVE bid=81983.14 ask=81986.00
[17:43:31.409] [INFO] [EXEC] SELL ACCOUNTING RESET new_cycle
[17:43:31.412] [OK] [EXEC] BUY ORDER SENT orderId=383105552 price=81973.70 qty=0.243980
[17:43:31.415] [OK] [EXEC] PLACE BUY price=81973.70 qty=0.243980
[17:43:32.480] [OK] [PLAN] READY entry=81979.38 exit=81983.86 profit=1.092941 age=1075ms
[17:43:34.294] [OK] [SYNC] order filled detected
[17:43:34.296] [OK] [SYNC] BUY filled on exchange
[17:43:34.297] [OK] [EXEC] BUY FILL UPDATE delta=0.243980 avg=81973.70
[17:43:34.299] [OK] [EXEC] CHUNK ADD qty=0.243980 entry=81973.70
[17:43:34.300] [INFO] [EXEC] CHUNK COUNT n=1
[17:43:34.301] [OK] [EXEC] INVENTORY qty=0.243980
[17:43:34.302] [OK] [EXEC] SELL REQUIRED inventory=0.243980
[17:43:34.562] [INFO] [EXEC] SELL CHECK inventory=0.243980 reported=0.000000 remaining=0.243980 chunks=1
[17:43:34.566] [OK] [EXEC] PLACE SELL price=81974.59 qty=0.243980
[17:43:34.828] [OK] [EXEC] SELL ORDER SENT orderId=383105840
[17:43:35.333] [WS] LIVE bid=81977.01 ask=81985.99
[17:43:35.609] [OK] [EXEC] FIFO CLOSE qty=0.000070 entry=81973.70 exit=81974.59 pnl=+0.000062
[17:43:35.612] [OK] [EXEC] REALIZED pnl=+0.000062
[17:43:35.613] [OK] [EXEC] SELL PARTIAL delta=0.000070
[17:43:35.615] [OK] [EXEC] INVENTORY remaining=0.243910
[17:43:35.616] [WARNING] [EXEC] PANIC PARTIAL filled=0.000070 remaining=0.243910
[17:43:36.618] [OK] [SYNC] order filled detected
[17:43:36.621] [OK] [SYNC] SELL filled on exchange
[17:43:36.621] [OK] [EXEC] FIFO CLOSE qty=0.243910 entry=81973.70 exit=81974.59 pnl=+0.217080
[17:43:36.624] [INFO] [EXEC] CHUNK CLOSED entry=81973.70
[17:43:36.627] [OK] [EXEC] REALIZED pnl=+0.217080
[17:43:36.629] [INFO] [EXEC] SELL ACCOUNTING RESET flat
[17:43:36.631] [OK] [EXEC] CYCLE CLOSED pnl=+0.217142
[17:43:36.632] [INFO] [EXEC] SESSION realized=+1.412255 wins=4 losses=1
[17:43:37.693] [INFO] [EXEC] SELL ACCOUNTING RESET new_cycle
[17:43:37.695] [OK] [EXEC] BUY ORDER SENT orderId=383106000 price=81979.53 qty=0.243960
[17:43:37.697] [OK] [EXEC] PLACE BUY price=81979.53 qty=0.243960
[17:43:39.181] [OK] [EXEC] BUY FILL UPDATE delta=0.243960 avg=81979.53
[17:43:39.185] [OK] [EXEC] CHUNK ADD qty=0.243960 entry=81979.53
[17:43:39.188] [INFO] [EXEC] CHUNK COUNT n=1
[17:43:39.191] [OK] [EXEC] INVENTORY qty=0.243960
[17:43:39.193] [OK] [EXEC] SELL REQUIRED inventory=0.243960
[17:43:39.196] [OK] [EXEC] BUY PARTIAL delta=0.243960 total=0.243960
[17:43:39.198] [OK] [EXEC] BUY REMAINING qty=0.000000
[17:43:39.200] [OK] [EXEC] BUY FILLED id=383106000
[17:43:39.203] [OK] [PLAN] READY entry=81980.01 exit=81983.99 profit=0.970961 age=1496ms
[17:43:39.727] [OK] [SYNC] order filled detected
[17:43:39.729] [OK] [SYNC] BUY filled on exchange
[17:43:39.735] [WS] LIVE bid=81978.07 ask=81985.99
[17:43:40.689] [INFO] [EXEC] SELL CHECK inventory=0.243960 reported=0.000000 remaining=0.243960 chunks=1
[17:43:40.693] [OK] [EXEC] PLACE SELL price=81983.99 qty=0.243960
[17:43:40.954] [OK] [EXEC] SELL ORDER SENT orderId=383106142
[17:43:41.906] [INFO] [EXEC] RECOVERY WAIT hard_sl_pending_recovery
[17:43:42.175] [WARNING] [EXEC] BLOCK reason=balance_low
[17:43:43.946] [INFO] [EXEC] RECOVERY WAIT hard_sl_pending_recovery
[17:43:44.209] [WARNING] [EXEC] SELL TIMEOUT orderId=383106142
[17:43:44.212] [WARNING] [EXEC] CANCEL SELL orderId=383106142
[17:43:44.744] [INFO] [EXEC] SELL FINAL STATUS status=CANCELED orderId=383106142
[17:43:44.748] [INFO] [EXEC] SELL TIMEOUT check fast_exit
[17:43:44.749] [WARNING] [EXEC] FORCE EXIT hard_sl_triggered
[17:43:44.750] [ERROR] [EXEC] HARD SL triggered
[17:43:44.751] [WARNING] [EXEC] PANIC EXIT sl_mode
[17:43:44.752] [WARNING] [EXEC] FORCE EXIT price=81977.27
[17:43:44.753] [OK] [EXEC] PLACE SELL price=81977.27 qty=0.243960
[17:43:45.016] [WARNING] [EXEC] PANIC START price=81977.27
[17:43:45.022] [OK] [EXEC] SELL ORDER SENT orderId=383106347
[17:43:45.564] [OK] [SYNC] order filled detected
[17:43:45.565] [OK] [SYNC] SELL filled on exchange
[17:43:45.565] [OK] [EXEC] FIFO CLOSE qty=0.243960 entry=81979.53 exit=81977.26 pnl=-0.553789
[17:43:45.565] [INFO] [EXEC] CHUNK CLOSED entry=81979.53
[17:43:45.566] [OK] [EXEC] REALIZED pnl=-0.553789
[17:43:45.567] [INFO] [EXEC] SELL ACCOUNTING RESET flat
[17:43:45.567] [OK] [EXEC] CYCLE CLOSED pnl=-0.553789
[17:43:45.568] [INFO] [EXEC] SESSION realized=+0.858466 wins=4 losses=2
[17:43:45.568] [WS] LIVE bid=81970.01 ask=81985.63
[17:43:45.658] [WARNING] [EXEC] BLOCK reason=balance_low
[17:43:50.229] [WS] LIVE bid=81979.08 ask=81986.00
[17:43:51.815] [INFO] [EXEC] SELL ACCOUNTING RESET new_cycle
[17:43:51.819] [OK] [EXEC] BUY ORDER SENT orderId=383106647 price=81976.69 qty=0.243970
[17:43:51.822] [OK] [EXEC] PLACE BUY price=81976.69 qty=0.243970
[17:43:52.178] [OK] [PLAN] READY entry=81979.29 exit=81983.60 profit=1.051468 age=365ms
[17:43:54.004] [OK] [SYNC] order filled detected
[17:43:54.007] [OK] [SYNC] BUY filled on exchange
[17:43:54.008] [OK] [EXEC] BUY FILL UPDATE delta=0.243970 avg=81976.69
[17:43:54.010] [OK] [EXEC] CHUNK ADD qty=0.243970 entry=81976.69
[17:43:54.013] [INFO] [EXEC] CHUNK COUNT n=1
[17:43:54.015] [OK] [EXEC] INVENTORY qty=0.243970
[17:43:54.016] [OK] [EXEC] SELL REQUIRED inventory=0.243970
[17:43:54.284] [INFO] [EXEC] SELL CHECK inventory=0.243970 reported=0.000000 remaining=0.243970 chunks=1
[17:43:54.288] [OK] [EXEC] PLACE SELL price=81980.70 qty=0.243970
[17:43:54.551] [OK] [EXEC] SELL ORDER SENT orderId=383106780
[17:43:54.558] [OK] [PLAN] HOT entry=81974.11 exit=81980.70 profit=1.607762 age=2471ms
[17:43:55.048] [WS] LIVE bid=81974.81 ask=81980.69
[17:43:55.607] [OK] [PLAN] READY entry=81974.89 exit=81978.69 profit=0.927086 age=3796ms
[17:43:56.661] [OK] [SYNC] order filled detected
[17:43:56.664] [OK] [SYNC] SELL filled on exchange
[17:43:56.665] [OK] [EXEC] FIFO CLOSE qty=0.243970 entry=81976.69 exit=81980.70 pnl=+0.978320
[17:43:56.666] [INFO] [EXEC] CHUNK CLOSED entry=81976.69
[17:43:56.669] [OK] [EXEC] REALIZED pnl=+0.978320
[17:43:56.671] [INFO] [EXEC] SELL ACCOUNTING RESET flat
[17:43:56.673] [OK] [EXEC] CYCLE CLOSED pnl=+0.978320
[17:43:56.674] [INFO] [EXEC] SESSION realized=+1.836785 wins=5 losses=2
[17:43:57.176] [INFO] [EXEC] SELL ACCOUNTING RESET new_cycle
[17:43:57.179] [OK] [EXEC] BUY ORDER SENT orderId=383106910 price=81972.01 qty=0.243980
[17:43:57.182] [OK] [EXEC] PLACE BUY price=81972.01 qty=0.243980
[17:43:57.187] [OK] [PLAN] HOT entry=81972.01 exit=81983.99 profit=2.922880 age=5354ms
[17:43:59.183] [OK] [PLAN] READY entry=81980.17 exit=81983.99 profit=0.931927 age=7370ms
[17:44:01.275] [WS] LIVE bid=81978.41 ask=81985.99
[17:44:01.580] [WARNING] [EXEC] BUY TIMEOUT orderId=383106910
[17:44:01.583] [WARNING] [EXEC] CANCEL BUY orderId=383106910
[17:44:01.846] [OK] [EXEC] BUY CANCELED confirmed
[17:44:02.116] [INFO] [EXEC] BUY FINAL STATUS status=CANCELED orderId=383106910
[17:44:02.120] [WARNING] [EXEC] BLOCK reason=buy_not_filled
[17:44:03.550] [WARNING] [EXEC] BLOCK reason=balance_low
[17:44:05.342] [WS] LIVE bid=81982.69 ask=81991.15
[17:44:07.088] [WARNING] [EXEC] BLOCK reason=balance_low
[17:44:10.386] [WS] LIVE bid=81970.88 ask=81978.86
[17:44:11.659] [INFO] [EXEC] SELL ACCOUNTING RESET new_cycle
[17:44:11.664] [OK] [EXEC] BUY ORDER SENT orderId=383107657 price=81976.62 qty=0.243970
[17:44:11.666] [OK] [EXEC] PLACE BUY price=81976.62 qty=0.243970
[17:44:12.187] [OK] [SYNC] order filled detected
[17:44:12.190] [OK] [SYNC] BUY filled on exchange
[17:44:12.191] [OK] [EXEC] BUY FILL UPDATE delta=0.243970 avg=81976.62
[17:44:12.192] [OK] [EXEC] CHUNK ADD qty=0.243970 entry=81976.62
[17:44:12.193] [INFO] [EXEC] CHUNK COUNT n=1
[17:44:12.194] [OK] [EXEC] INVENTORY qty=0.243970
[17:44:12.195] [OK] [EXEC] SELL REQUIRED inventory=0.243970
[17:44:12.495] [INFO] [EXEC] SELL CHECK inventory=0.243970 reported=0.000000 remaining=0.243970 chunks=1
[17:44:12.497] [OK] [EXEC] PLACE SELL price=81981.46 qty=0.243970
[17:44:12.764] [OK] [EXEC] SELL ORDER SENT orderId=383107724
[17:44:12.769] [OK] [PLAN] HOT entry=81974.61 exit=81981.46 profit=1.671194 age=834ms
[17:44:14.073] [OK] [EXEC] FIFO CLOSE qty=0.243970 entry=81976.62 exit=81981.46 pnl=+1.180815
[17:44:14.076] [INFO] [EXEC] CHUNK CLOSED entry=81976.62
[17:44:14.077] [OK] [EXEC] REALIZED pnl=+1.180815
[17:44:14.078] [INFO] [EXEC] SELL ACCOUNTING RESET flat
[17:44:14.079] [OK] [EXEC] CYCLE CLOSED pnl=+1.180815
[17:44:14.080] [INFO] [EXEC] SESSION realized=+3.017600 wins=6 losses=2
[17:44:14.081] [INFO] [EXEC] SELL ACCOUNTING RESET flat
[17:44:14.082] [INFO] [EXEC] CYCLE SKIP no_fifo_pnl
[17:44:14.083] [OK] [EXEC] SELL FILLED id=383107724
[17:44:14.084] [OK] [EXEC] SELL FILLED qty=0.243970 remaining=0.000000
[17:44:14.085] [OK] [EXEC] PANIC FILLED
[17:44:14.086] [INFO] [EXEC] PANIC RESET
[17:44:14.087] [INFO] [EXEC] SELL ACCOUNTING RESET flat
[17:44:14.088] [INFO] [EXEC] CYCLE SKIP no_fifo_pnl
[17:44:15.326] [INFO] [EXEC] SELL ACCOUNTING RESET new_cycle
[17:44:15.331] [OK] [EXEC] BUY ORDER SENT orderId=383107812 price=81979.67 qty=0.243960
[17:44:15.334] [OK] [EXEC] PLACE BUY price=81979.67 qty=0.243960
[17:44:16.355] [WS] LIVE bid=81977.67 ask=81986.00
[17:44:16.882] [OK] [EXEC] BUY FILL UPDATE delta=0.243960 avg=81979.67
[17:44:16.885] [OK] [EXEC] CHUNK ADD qty=0.243960 entry=81979.67
[17:44:16.887] [INFO] [EXEC] CHUNK COUNT n=1
[17:44:16.888] [OK] [EXEC] INVENTORY qty=0.243960
[17:44:16.889] [OK] [EXEC] SELL REQUIRED inventory=0.243960
[17:44:16.890] [OK] [EXEC] BUY PARTIAL delta=0.243960 total=0.243960
[17:44:16.891] [OK] [EXEC] BUY REMAINING qty=0.000000
[17:44:16.892] [OK] [EXEC] BUY FILLED id=383107812
[17:44:17.984] [OK] [SYNC] order filled detected
[17:44:17.987] [OK] [SYNC] BUY filled on exchange
[17:44:19.088] [INFO] [EXEC] SELL CHECK inventory=0.243960 reported=0.000000 remaining=0.243960 chunks=1
[17:44:19.092] [OK] [EXEC] PLACE SELL price=81990.34 qty=0.243960
[17:44:19.355] [OK] [EXEC] SELL ORDER SENT orderId=383107957
[17:44:19.707] [OK] [PLAN] HOT entry=81982.63 exit=81987.72 profit=1.241705 age=614ms
[17:44:20.239] [OK] [SYNC] order filled detected
[17:44:20.242] [OK] [SYNC] SELL filled on exchange
[17:44:20.242] [OK] [EXEC] FIFO CLOSE qty=0.243960 entry=81979.67 exit=81990.34 pnl=+2.603053
[17:44:20.243] [INFO] [EXEC] CHUNK CLOSED entry=81979.67
[17:44:20.244] [OK] [EXEC] REALIZED pnl=+2.603053
[17:44:20.245] [INFO] [EXEC] SELL ACCOUNTING RESET flat
[17:44:20.249] [OK] [EXEC] CYCLE CLOSED pnl=+2.603053
[17:44:20.251] [INFO] [EXEC] SESSION realized=+5.620653 wins=7 losses=2
[17:44:21.018] [WS] LIVE bid=81984.34 ask=81991.90
[17:44:21.893] [INFO] [EXEC] SELL ACCOUNTING RESET new_cycle
[17:44:21.897] [OK] [EXEC] BUY ORDER SENT orderId=383108101 price=81988.01 qty=0.243930
[17:44:21.899] [OK] [EXEC] PLACE BUY price=81988.01 qty=0.243930
[17:44:21.901] [OK] [PLAN] READY entry=81988.01 exit=81991.99 profit=0.970841 age=2808ms
[17:44:25.431] [OK] [SYNC] order filled detected
[17:44:25.434] [OK] [SYNC] BUY filled on exchange
[17:44:25.434] [OK] [EXEC] BUY FILL UPDATE delta=0.243930 avg=81988.01
[17:44:25.436] [OK] [EXEC] CHUNK ADD qty=0.243930 entry=81988.01
[17:44:25.437] [INFO] [EXEC] CHUNK COUNT n=1
[17:44:25.438] [OK] [EXEC] INVENTORY qty=0.243930
[17:44:25.440] [OK] [EXEC] SELL REQUIRED inventory=0.243930
[17:44:25.445] [WS] LIVE bid=81986.71 ask=81995.46
[17:44:26.422] [INFO] [EXEC] SELL CHECK inventory=0.243930 reported=0.000000 remaining=0.243930 chunks=1
[17:44:26.426] [OK] [EXEC] PLACE SELL price=81990.90 qty=0.243930
[17:44:26.691] [OK] [EXEC] SELL ORDER SENT orderId=383108395
[17:44:27.229] [OK] [SYNC] order filled detected
[17:44:27.231] [OK] [SYNC] SELL filled on exchange
[17:44:27.231] [OK] [EXEC] FIFO CLOSE qty=0.243930 entry=81988.01 exit=81990.90 pnl=+0.704958
[17:44:27.233] [INFO] [EXEC] CHUNK CLOSED entry=81988.01
[17:44:27.234] [OK] [EXEC] REALIZED pnl=+0.704958
[17:44:27.235] [INFO] [EXEC] SELL ACCOUNTING RESET flat
[17:44:27.236] [OK] [EXEC] CYCLE CLOSED pnl=+0.704958
[17:44:27.237] [INFO] [EXEC] SESSION realized=+6.325611 wins=8 losses=2
[17:44:27.512] [INFO] [EXEC] SELL ACCOUNTING RESET new_cycle
[17:44:27.514] [OK] [EXEC] BUY ORDER SENT orderId=383108457 price=81988.78 qty=0.243930
[17:44:27.515] [OK] [EXEC] PLACE BUY price=81988.78 qty=0.243930
[17:44:27.830] [OK] [PLAN] HOT entry=81990.79 exit=81995.99 profit=1.268384 age=317ms
[17:44:29.394] [OK] [PLAN] READY entry=81992.64 exit=81995.91 profit=0.797618 age=1877ms
[17:44:30.455] [OK] [SYNC] order filled detected
[17:44:30.458] [OK] [SYNC] BUY filled on exchange
[17:44:30.459] [OK] [EXEC] BUY FILL UPDATE delta=0.243930 avg=81988.78
[17:44:30.461] [OK] [EXEC] CHUNK ADD qty=0.243930 entry=81988.78
[17:44:30.462] [INFO] [EXEC] CHUNK COUNT n=1
[17:44:30.463] [OK] [EXEC] INVENTORY qty=0.243930
[17:44:30.464] [OK] [EXEC] SELL REQUIRED inventory=0.243930
[17:44:30.467] [WS] LIVE bid=81986.00 ask=82001.35
[17:44:31.222] [INFO] [EXEC] SELL CHECK inventory=0.243930 reported=0.000000 remaining=0.243930 chunks=1
[17:44:31.225] [OK] [EXEC] PLACE SELL price=81995.33 qty=0.243930
[17:44:31.497] [OK] [EXEC] SELL ORDER SENT orderId=383108694
[17:44:31.500] [WARNING] [EXEC] BLOCK reason=balance_low
[17:44:32.569] [INFO] [EXEC] RECOVERY WAIT hard_sl_pending_recovery
[17:44:33.892] [OK] [SYNC] order filled detected
[17:44:33.895] [OK] [SYNC] SELL filled on exchange
[17:44:33.895] [OK] [EXEC] FIFO CLOSE qty=0.243930 entry=81988.78 exit=81995.33 pnl=+1.597742
[17:44:33.897] [INFO] [EXEC] CHUNK CLOSED entry=81988.78
[17:44:33.898] [OK] [EXEC] REALIZED pnl=+1.597742
[17:44:33.899] [INFO] [EXEC] SELL ACCOUNTING RESET flat
[17:44:33.900] [OK] [EXEC] CYCLE CLOSED pnl=+1.597742
[17:44:33.901] [INFO] [EXEC] SESSION realized=+7.923353 wins=9 losses=2
[17:44:34.117] [WARNING] [EXEC] BLOCK reason=balance_low
[17:44:35.947] [WS] LIVE bid=81992.85 ask=82003.13
[17:44:37.777] [WARNING] [EXEC] BLOCK reason=balance_low
[17:44:41.548] [WS] LIVE bid=81986.00 ask=81991.00
[17:44:44.542] [INFO] [EXEC] SELL ACCOUNTING RESET new_cycle
[17:44:44.546] [OK] [EXEC] BUY ORDER SENT orderId=383109527 price=81980.01 qty=0.243960
[17:44:44.547] [OK] [EXEC] PLACE BUY price=81980.01 qty=0.243960
[17:44:46.044] [OK] [EXEC] BUY FILL UPDATE delta=0.243960 avg=81980.01
[17:44:46.047] [OK] [EXEC] CHUNK ADD qty=0.243960 entry=81980.01
[17:44:46.049] [INFO] [EXEC] CHUNK COUNT n=1
[17:44:46.050] [OK] [EXEC] INVENTORY qty=0.243960
[17:44:46.051] [OK] [EXEC] SELL REQUIRED inventory=0.243960
[17:44:46.052] [OK] [EXEC] BUY PARTIAL delta=0.243960 total=0.243960
[17:44:46.053] [OK] [EXEC] BUY REMAINING qty=0.000000
[17:44:46.054] [OK] [EXEC] BUY FILLED id=383109527
[17:44:46.056] [OK] [PLAN] READY entry=81981.80 exit=81986.02 profit=1.029469 age=1512ms
[17:44:46.590] [OK] [SYNC] order filled detected
[17:44:46.594] [OK] [SYNC] BUY filled on exchange
[17:44:46.595] [WS] LIVE bid=81978.20 ask=81986.49
[17:44:46.891] [INFO] [EXEC] SELL CHECK inventory=0.243960 reported=0.000000 remaining=0.243960 chunks=1
[17:44:46.895] [OK] [EXEC] PLACE SELL price=81988.42 qty=0.243960
[17:44:47.166] [OK] [EXEC] SELL ORDER SENT orderId=383109703
[17:44:48.457] [OK] [EXEC] FIFO CLOSE qty=0.243960 entry=81980.01 exit=81988.42 pnl=+2.051704
[17:44:48.461] [INFO] [EXEC] CHUNK CLOSED entry=81980.01
[17:44:48.462] [OK] [EXEC] REALIZED pnl=+2.051704
[17:44:48.463] [INFO] [EXEC] SELL ACCOUNTING RESET flat
[17:44:48.464] [OK] [EXEC] CYCLE CLOSED pnl=+2.051704
[17:44:48.465] [INFO] [EXEC] SESSION realized=+9.975056 wins=10 losses=2
[17:44:48.466] [INFO] [EXEC] SELL ACCOUNTING RESET flat
[17:44:48.468] [INFO] [EXEC] CYCLE SKIP no_fifo_pnl
[17:44:48.469] [OK] [EXEC] SELL FILLED id=383109703
[17:44:48.470] [OK] [EXEC] SELL FILLED qty=0.243960 remaining=0.000000
[17:44:48.471] [INFO] [EXEC] SELL ACCOUNTING RESET flat
[17:44:48.472] [INFO] [EXEC] CYCLE SKIP no_fifo_pnl
[17:44:50.036] [INFO] [EXEC] SELL ACCOUNTING RESET new_cycle
[17:44:50.041] [OK] [EXEC] BUY ORDER SENT orderId=383109959 price=81996.00 qty=0.243910
[17:44:50.044] [OK] [EXEC] PLACE BUY price=81996.00 qty=0.243910
[17:44:50.591] [WS] LIVE bid=82005.93 ask=82009.45
[17:44:53.041] [WARNING] [EXEC] BLOCK reason=balance_low
[17:44:54.531] [OK] [EXEC] BUY FILL UPDATE delta=0.243910 avg=81996.00
[17:44:54.535] [OK] [EXEC] CHUNK ADD qty=0.243910 entry=81996.00
[17:44:54.536] [INFO] [EXEC] CHUNK COUNT n=1
[17:44:54.537] [OK] [EXEC] INVENTORY qty=0.243910
[17:44:54.538] [OK] [EXEC] SELL REQUIRED inventory=0.243910
[17:44:54.539] [OK] [EXEC] BUY PARTIAL delta=0.243910 total=0.243910
[17:44:54.540] [OK] [EXEC] BUY REMAINING qty=0.000000
[17:44:54.541] [OK] [EXEC] BUY FILLED id=383109959
[17:44:55.084] [OK] [SYNC] order filled detected
[17:44:55.088] [OK] [SYNC] BUY filled on exchange
[17:44:56.314] [INFO] [EXEC] SELL CHECK inventory=0.243910 reported=0.000000 remaining=0.243910 chunks=1
[17:44:56.317] [OK] [EXEC] PLACE SELL price=81996.04 qty=0.243910
[17:44:56.627] [OK] [EXEC] SELL ORDER SENT orderId=383110470
[17:44:56.631] [WS] LIVE bid=81979.64 ask=81987.22
[17:44:56.640] [INFO] [EXEC] RECOVERY WAIT hard_sl_pending_recovery
[17:44:59.714] [WARNING] [EXEC] SELL TIMEOUT orderId=383110470
[17:44:59.718] [WARNING] [EXEC] CANCEL SELL orderId=383110470
[17:45:00.255] [INFO] [EXEC] SELL FINAL STATUS status=CANCELED orderId=383110470
[17:45:00.258] [INFO] [EXEC] SELL TIMEOUT check fast_exit
[17:45:00.260] [WARNING] [EXEC] FORCE EXIT hard_sl_triggered
[17:45:00.263] [ERROR] [EXEC] HARD SL triggered
[17:45:00.265] [WARNING] [EXEC] PANIC EXIT sl_mode
[17:45:00.267] [WARNING] [EXEC] FORCE EXIT price=81971.75
[17:45:00.268] [OK] [EXEC] PLACE SELL price=81971.75 qty=0.243910
[17:45:00.533] [WARNING] [EXEC] PANIC START price=81971.75
[17:45:00.536] [OK] [EXEC] SELL ORDER SENT orderId=383110959
[17:45:01.074] [OK] [SYNC] order filled detected
[17:45:01.082] [OK] [SYNC] SELL filled on exchange
[17:45:01.083] [OK] [EXEC] FIFO CLOSE qty=0.243910 entry=81996.00 exit=81971.75 pnl=-5.914817
[17:45:01.086] [INFO] [EXEC] CHUNK CLOSED entry=81996.00
[17:45:01.088] [OK] [EXEC] REALIZED pnl=-5.914817
[17:45:01.090] [INFO] [EXEC] SELL ACCOUNTING RESET flat
[17:45:01.092] [OK] [EXEC] CYCLE CLOSED pnl=-5.914817
[17:45:01.094] [INFO] [EXEC] SESSION realized=+4.060239 wins=10 losses=3
[17:45:01.870] [WS] LIVE bid=81962.01 ask=81969.99
[17:45:02.228] [INFO] [EXEC] SELL ACCOUNTING RESET new_cycle
[17:45:02.231] [OK] [EXEC] BUY ORDER SENT orderId=383111151 price=81962.68 qty=0.244010
[17:45:02.233] [OK] [EXEC] PLACE BUY price=81962.68 qty=0.244010
[17:45:03.037] [OK] [PLAN] READY entry=81972.00 exit=81975.99 profit=0.973480 age=818ms
[17:45:05.046] [OK] [PLAN] HOT entry=81969.20 exit=81975.98 profit=1.654252 age=2828ms
[17:45:05.354] [OK] [PLAN] READY entry=81984.39 exit=81988.00 profit=0.880623 age=3132ms
[17:45:06.397] [WS] LIVE bid=81993.51 ask=82002.00
[17:45:07.372] [WARNING] [EXEC] BUY TIMEOUT orderId=383111151
[17:45:07.376] [WARNING] [EXEC] CANCEL BUY orderId=383111151
[17:45:07.642] [OK] [EXEC] BUY CANCELED confirmed
[17:45:07.933] [INFO] [EXEC] BUY FINAL STATUS status=CANCELED orderId=383111151
[17:45:07.937] [WARNING] [EXEC] BLOCK reason=buy_not_filled
[17:45:07.940] [OK] [PLAN] HOT entry=82008.48 exit=82016.67 profit=1.997295 age=5158ms
[17:45:08.784] [INFO] [EXEC] SELL ACCOUNTING RESET new_cycle
[17:45:08.788] [OK] [EXEC] BUY ORDER SENT orderId=383112129 price=82034.79 qty=0.243790
[17:45:08.790] [OK] [EXEC] PLACE BUY price=82034.79 qty=0.243790
[17:45:10.352] [OK] [EXEC] BUY FILL UPDATE delta=0.243790 avg=82034.79
[17:45:10.356] [OK] [EXEC] CHUNK ADD qty=0.243790 entry=82034.79
[17:45:10.358] [INFO] [EXEC] CHUNK COUNT n=1
[17:45:10.360] [OK] [EXEC] INVENTORY qty=0.243790
[17:45:10.362] [OK] [EXEC] SELL REQUIRED inventory=0.243790
[17:45:10.363] [OK] [EXEC] BUY PARTIAL delta=0.243790 total=0.243790
[17:45:10.365] [OK] [EXEC] BUY REMAINING qty=0.000000
[17:45:10.366] [OK] [EXEC] BUY FILLED id=383112129
[17:45:10.926] [OK] [SYNC] order filled detected
[17:45:10.929] [OK] [SYNC] BUY filled on exchange
[17:45:11.691] [WS] LIVE bid=82001.10 ask=82021.87
[17:45:12.538] [INFO] [EXEC] SELL CHECK inventory=0.243790 reported=0.000000 remaining=0.243790 chunks=1
[17:45:12.541] [OK] [EXEC] PLACE SELL price=82034.83 qty=0.243790
[17:45:12.817] [OK] [EXEC] SELL ORDER SENT orderId=383112837
[17:45:12.823] [WARNING] [EXEC] BLOCK reason=balance_low
[17:45:14.147] [INFO] [EXEC] RECOVERY WAIT hard_sl_pending_recovery
[17:45:15.484] [WS] LIVE bid=81982.28 ask=81994.00
[17:45:15.700] [INFO] [EXEC] RECOVERY WAIT hard_sl_pending_recovery
[17:45:15.982] [WARNING] [EXEC] SELL TIMEOUT orderId=383112837
[17:45:15.985] [WARNING] [EXEC] CANCEL SELL orderId=383112837
[17:45:16.523] [INFO] [EXEC] SELL FINAL STATUS status=CANCELED orderId=383112837
[17:45:16.527] [INFO] [EXEC] SELL TIMEOUT check fast_exit
[17:45:16.528] [WARNING] [EXEC] FORCE EXIT hard_sl_triggered
[17:45:16.529] [ERROR] [EXEC] HARD SL triggered
[17:45:16.530] [WARNING] [EXEC] PANIC EXIT sl_mode
[17:45:16.531] [WARNING] [EXEC] FORCE EXIT price=81986.78
[17:45:16.532] [OK] [EXEC] PLACE SELL price=81986.78 qty=0.243790
[17:45:16.795] [WARNING] [EXEC] PANIC START price=81986.78
[17:45:16.797] [OK] [EXEC] SELL ORDER SENT orderId=383113253
[17:45:19.516] [OK] [SYNC] order filled detected
[17:45:19.519] [OK] [SYNC] SELL filled on exchange
[17:45:19.520] [OK] [EXEC] FIFO CLOSE qty=0.243790 entry=82034.79 exit=81986.78 pnl=-11.704358
[17:45:19.524] [INFO] [EXEC] CHUNK CLOSED entry=82034.79
[17:45:19.527] [OK] [EXEC] REALIZED pnl=-11.704358
[17:45:19.528] [INFO] [EXEC] SELL ACCOUNTING RESET flat
[17:45:19.529] [OK] [EXEC] CYCLE CLOSED pnl=-11.704358
[17:45:19.530] [INFO] [EXEC] SESSION realized=-7.644119 wins=10 losses=4
[17:45:20.510] [WS] LIVE bid=81969.69 ask=81985.99
[17:45:21.211] [INFO] [EXEC] SELL ACCOUNTING RESET new_cycle
[17:45:21.214] [OK] [EXEC] BUY ORDER SENT orderId=383113744 price=81974.23 qty=0.243970
[17:45:21.216] [OK] [EXEC] PLACE BUY price=81974.23 qty=0.243970
[17:45:22.281] [OK] [SYNC] order filled detected
[17:45:22.283] [OK] [SYNC] BUY filled on exchange
[17:45:22.283] [OK] [EXEC] BUY FILL UPDATE delta=0.243970 avg=81974.23
[17:45:22.285] [OK] [EXEC] CHUNK ADD qty=0.243970 entry=81974.23
[17:45:22.287] [INFO] [EXEC] CHUNK COUNT n=1
[17:45:22.287] [OK] [EXEC] INVENTORY qty=0.243970
[17:45:22.288] [OK] [EXEC] SELL REQUIRED inventory=0.243970
[17:45:22.843] [INFO] [EXEC] SELL CHECK inventory=0.243970 reported=0.000000 remaining=0.243970 chunks=1
[17:45:22.844] [OK] [EXEC] PLACE SELL price=81983.99 qty=0.243970
[17:45:23.118] [OK] [EXEC] SELL ORDER SENT orderId=383113839
[17:45:23.125] [OK] [PLAN] HOT entry=81978.66 exit=81983.99 profit=1.300307 age=1630ms
[17:45:23.657] [OK] [SYNC] order filled detected
[17:45:23.660] [OK] [SYNC] SELL filled on exchange
[17:45:23.660] [OK] [EXEC] FIFO CLOSE qty=0.243970 entry=81974.23 exit=81983.99 pnl=+2.381147
[17:45:23.663] [INFO] [EXEC] CHUNK CLOSED entry=81974.23
[17:45:23.664] [OK] [EXEC] REALIZED pnl=+2.381147
[17:45:23.665] [INFO] [EXEC] SELL ACCOUNTING RESET flat
[17:45:23.666] [OK] [EXEC] CYCLE CLOSED pnl=+2.381147
[17:45:23.667] [INFO] [EXEC] SESSION realized=-5.262972 wins=11 losses=4
[17:45:25.509] [INFO] [EXEC] SELL ACCOUNTING RESET new_cycle
[17:45:25.513] [OK] [EXEC] BUY ORDER SENT orderId=383114152 price=81979.10 qty=0.243960
[17:45:25.514] [OK] [EXEC] PLACE BUY price=81979.10 qty=0.243960
[17:45:26.532] [WS] LIVE bid=82000.86 ask=82012.76
[17:45:28.797] [OK] [PLAN] READY entry=81988.01 exit=81991.99 profit=0.970841 age=7579ms
[17:45:30.671] [WARNING] [EXEC] BUY TIMEOUT orderId=383114152
[17:45:30.675] [WARNING] [EXEC] CANCEL BUY orderId=383114152
[17:45:31.418] [OK] [EXEC] BUY CANCELED confirmed
[17:45:31.687] [INFO] [EXEC] BUY FINAL STATUS status=CANCELED orderId=383114152
[17:45:31.689] [WARNING] [EXEC] BLOCK reason=buy_not_filled
[17:45:31.692] [OK] [PLAN] HOT entry=81998.87 exit=82007.71 profit=2.156076 age=9462ms
[17:45:32.717] [WS] LIVE bid=81996.87 ask=82009.72
[17:45:33.554] [INFO] [EXEC] SELL ACCOUNTING RESET new_cycle
[17:45:33.557] [OK] [EXEC] BUY ORDER SENT orderId=383114996 price=81995.14 qty=0.243910
[17:45:33.559] [OK] [EXEC] PLACE BUY price=81995.14 qty=0.243910
[17:45:33.565] [OK] [PLAN] READY entry=81995.14 exit=81999.44 profit=1.048813 age=12341ms
[17:45:36.045] [OK] [PLAN] HOT entry=82008.03 exit=82015.41 profit=1.799761 age=14817ms
[17:45:36.047] [WS] LIVE bid=82002.01 ask=82015.74
[17:45:37.886] [WARNING] [EXEC] BUY TIMEOUT orderId=383114996
[17:45:37.889] [WARNING] [EXEC] CANCEL BUY orderId=383114996
[17:45:38.157] [OK] [EXEC] BUY CANCELED confirmed
[17:45:38.424] [INFO] [EXEC] BUY FINAL STATUS status=CANCELED orderId=383114996
[17:45:38.428] [WARNING] [EXEC] BLOCK reason=buy_not_filled
[17:45:38.430] [OK] [PLAN] READY entry=82012.01 exit=82016.00 profit=0.973001 age=16189ms
[17:45:38.821] [INFO] [EXEC] SELL ACCOUNTING RESET new_cycle
[17:45:38.825] [OK] [EXEC] BUY ORDER SENT orderId=383115487 price=82012.00 qty=0.243860
[17:45:38.828] [OK] [EXEC] PLACE BUY price=82012.00 qty=0.243860
[17:45:40.371] [OK] [PLAN] HOT entry=82015.00 exit=82020.74 profit=1.399699 age=19158ms
[17:45:41.430] [OK] [SYNC] order filled detected
[17:45:41.433] [OK] [SYNC] BUY filled on exchange
[17:45:41.433] [OK] [EXEC] BUY FILL UPDATE delta=0.243860 avg=82012.00
[17:45:41.438] [OK] [EXEC] CHUNK ADD qty=0.243860 entry=82012.00
[17:45:41.441] [INFO] [EXEC] CHUNK COUNT n=1
[17:45:41.443] [OK] [EXEC] INVENTORY qty=0.243860
[17:45:41.444] [OK] [EXEC] SELL REQUIRED inventory=0.243860
[17:45:41.711] [WS] LIVE bid=82012.00 ask=82019.97
[17:45:42.805] [INFO] [EXEC] SELL CHECK inventory=0.243860 reported=0.000000 remaining=0.243860 chunks=1
[17:45:42.811] [OK] [EXEC] PLACE SELL price=82012.04 qty=0.243860
[17:45:43.073] [OK] [EXEC] SELL ORDER SENT orderId=383115989
[17:45:43.079] [WARNING] [EXEC] BLOCK reason=balance_low
[17:45:45.787] [WS] LIVE bid=81989.84 ask=81994.00
[17:45:47.126] [WARNING] [EXEC] PANIC WAIT still_open orderId=383115989
[17:45:48.096] [WARNING] [EXEC] BLOCK reason=balance_low
[17:45:50.081] [WARNING] [EXEC] PANIC STALE detected orderId=383115989
[17:45:50.084] [WARNING] [EXEC] PANIC ESCALATE old=81986.78 new=81986.01 qty=0.243860
[17:45:50.907] [WARNING] [EXEC] PANIC ESCALATE placed orderId=383116475
[17:45:51.174] [WS] LIVE bid=81987.92 ask=81997.97
[17:45:52.125] [OK] [EXEC] FIFO CLOSE qty=0.243860 entry=82012.00 exit=81986.00 pnl=-6.340360
[17:45:52.128] [INFO] [EXEC] CHUNK CLOSED entry=82012.00
[17:45:52.129] [OK] [EXEC] REALIZED pnl=-6.340360
[17:45:52.131] [INFO] [EXEC] SELL ACCOUNTING RESET flat
[17:45:52.132] [OK] [EXEC] CYCLE CLOSED pnl=-6.340360
[17:45:52.133] [INFO] [EXEC] SESSION realized=-11.603332 wins=11 losses=5
[17:45:52.134] [INFO] [EXEC] SELL ACCOUNTING RESET flat
[17:45:52.135] [INFO] [EXEC] CYCLE SKIP no_fifo_pnl
[17:45:52.136] [OK] [EXEC] SELL FILLED id=383116475
[17:45:52.137] [OK] [EXEC] SELL FILLED qty=0.243860 remaining=0.000000
[17:45:52.137] [OK] [EXEC] PANIC FILLED
[17:45:52.138] [INFO] [EXEC] PANIC RESET
[17:45:52.139] [INFO] [EXEC] SELL ACCOUNTING RESET flat
[17:45:52.140] [INFO] [EXEC] CYCLE SKIP no_fifo_pnl
[17:45:56.014] [INFO] [EXEC] SELL ACCOUNTING RESET new_cycle
[17:45:56.017] [OK] [EXEC] BUY ORDER SENT orderId=383116689 price=81990.64 qty=0.243930
[17:45:56.018] [OK] [EXEC] PLACE BUY price=81990.64 qty=0.243930
[17:45:56.603] [OK] [SYNC] order filled detected
[17:45:56.606] [OK] [SYNC] BUY filled on exchange
[17:45:56.607] [OK] [EXEC] BUY FILL UPDATE delta=0.243930 avg=81990.64
[17:45:56.609] [OK] [EXEC] CHUNK ADD qty=0.243930 entry=81990.64
[17:45:56.611] [INFO] [EXEC] CHUNK COUNT n=1
[17:45:56.612] [OK] [EXEC] INVENTORY qty=0.243930
[17:45:56.614] [OK] [EXEC] SELL REQUIRED inventory=0.243930
[17:45:57.108] [WS] LIVE bid=81988.64 ask=81996.25
[17:45:57.738] [INFO] [EXEC] SELL CHECK inventory=0.243930 reported=0.000000 remaining=0.243930 chunks=1
[17:45:57.741] [OK] [EXEC] PLACE SELL price=81993.74 qty=0.243930
[17:45:58.020] [OK] [EXEC] SELL ORDER SENT orderId=383116848
[17:45:58.026] [OK] [PLAN] HOT entry=81988.00 exit=81993.74 profit=1.400158 age=1737ms
[17:45:58.540] [INFO] [EXEC] RECOVERY WAIT hard_sl_pending_recovery
[17:45:58.805] [OK] [PLAN] READY entry=81988.01 exit=81991.74 profit=0.909859 age=2807ms
[17:46:00.861] [INFO] [EXEC] RECOVERY WAIT hard_sl_pending_recovery
[17:46:01.672] [OK] [EXEC] FIFO CLOSE qty=0.243930 entry=81990.64 exit=81993.74 pnl=+0.756183
[17:46:01.676] [INFO] [EXEC] CHUNK CLOSED entry=81990.64
[17:46:01.677] [OK] [EXEC] REALIZED pnl=+0.756183
[17:46:01.680] [INFO] [EXEC] SELL ACCOUNTING RESET flat
[17:46:01.682] [OK] [EXEC] CYCLE CLOSED pnl=+0.756183
[17:46:01.683] [INFO] [EXEC] SESSION realized=-10.847149 wins=12 losses=5
[17:46:01.684] [INFO] [EXEC] SELL ACCOUNTING RESET flat
[17:46:01.685] [INFO] [EXEC] CYCLE SKIP no_fifo_pnl
[17:46:01.686] [OK] [EXEC] SELL FILLED id=383116848
[17:46:01.687] [OK] [EXEC] SELL FILLED qty=0.243930 remaining=0.000000
[17:46:01.688] [INFO] [EXEC] SELL ACCOUNTING RESET flat
[17:46:01.689] [INFO] [EXEC] CYCLE SKIP no_fifo_pnl
[17:46:01.692] [OK] [PLAN] HOT entry=81986.53 exit=81996.82 profit=2.510143 age=5128ms
[17:46:02.260] [WS] LIVE bid=81987.94 ask=81996.70
[17:46:03.049] [INFO] [EXEC] SELL ACCOUNTING RESET new_cycle
[17:46:03.054] [OK] [EXEC] BUY ORDER SENT orderId=383117368 price=81973.45 qty=0.243980
[17:46:03.058] [OK] [EXEC] PLACE BUY price=81973.45 qty=0.243980
[17:46:06.930] [WS] LIVE bid=81989.76 ask=81999.20
[17:46:07.735] [WARNING] [EXEC] BUY TIMEOUT orderId=383117368
[17:46:07.739] [WARNING] [EXEC] CANCEL BUY orderId=383117368
[17:46:08.018] [OK] [EXEC] BUY CANCELED confirmed
[17:46:08.309] [INFO] [EXEC] BUY FINAL STATUS status=CANCELED orderId=383117368
[17:46:08.313] [WARNING] [EXEC] BLOCK reason=buy_not_filled
[17:46:09.686] [INFO] [EXEC] SELL ACCOUNTING RESET new_cycle
[17:46:09.690] [OK] [EXEC] BUY ORDER SENT orderId=383117730 price=81992.07 qty=0.243920
[17:46:09.692] [OK] [EXEC] PLACE BUY price=81992.07 qty=0.243920
[17:46:12.463] [WS] LIVE bid=81992.08 ask=81999.99
[17:46:13.224] [OK] [EXEC] BUY FILL UPDATE delta=0.243920 avg=81992.07
[17:46:13.229] [OK] [EXEC] CHUNK ADD qty=0.243920 entry=81992.07
[17:46:13.233] [INFO] [EXEC] CHUNK COUNT n=1
[17:46:13.236] [OK] [EXEC] INVENTORY qty=0.243920
[17:46:13.238] [OK] [EXEC] SELL REQUIRED inventory=0.243920
[17:46:13.240] [OK] [EXEC] BUY PARTIAL delta=0.243920 total=0.243920
[17:46:13.241] [OK] [EXEC] BUY REMAINING qty=0.000000
[17:46:13.243] [OK] [EXEC] BUY FILLED id=383117730
[17:46:13.245] [WARNING] [EXEC] BLOCK reason=balance_low
[17:46:13.783] [OK] [SYNC] order filled detected
[17:46:13.786] [OK] [SYNC] BUY filled on exchange
[17:46:14.110] [INFO] [EXEC] SELL CHECK inventory=0.243920 reported=0.000000 remaining=0.243920 chunks=1
[17:46:14.112] [OK] [EXEC] PLACE SELL price=81995.06 qty=0.243920
[17:46:14.392] [OK] [EXEC] SELL ORDER SENT orderId=383117890
[17:46:15.932] [OK] [SYNC] order filled detected
[17:46:15.935] [OK] [SYNC] SELL filled on exchange
[17:46:15.935] [OK] [EXEC] FIFO CLOSE qty=0.243920 entry=81992.07 exit=81995.06 pnl=+0.729321
[17:46:15.937] [INFO] [EXEC] CHUNK CLOSED entry=81992.07
[17:46:15.939] [OK] [EXEC] REALIZED pnl=+0.729321
[17:46:15.941] [INFO] [EXEC] SELL ACCOUNTING RESET flat
[17:46:15.942] [OK] [EXEC] CYCLE CLOSED pnl=+0.729321
[17:46:15.943] [INFO] [EXEC] SESSION realized=-10.117828 wins=13 losses=5
[17:46:16.768] [WS] LIVE bid=81988.87 ask=82000.00
[17:46:17.444] [WARNING] [EXEC] BLOCK reason=balance_low
[17:46:21.474] [INFO] [EXEC] SELL ACCOUNTING RESET new_cycle
[17:46:21.480] [OK] [EXEC] BUY ORDER SENT orderId=383118496 price=81986.84 qty=0.243940
[17:46:21.482] [OK] [EXEC] PLACE BUY price=81986.84 qty=0.243940
[17:46:22.014] [WS] LIVE bid=81984.84 ask=81992.09
[17:46:22.407] [WARNING] cancel all requested
[17:46:23.216] [OK] [SYNC] order filled detected
[17:46:23.219] [OK] [SYNC] BUY filled on exchange
[17:46:23.219] [OK] [EXEC] BUY FILL UPDATE delta=0.243940 avg=81986.84
[17:46:23.223] [OK] [EXEC] CHUNK ADD qty=0.243940 entry=81986.84
[17:46:23.226] [INFO] [EXEC] CHUNK COUNT n=1
[17:46:23.228] [OK] [EXEC] INVENTORY qty=0.243940
[17:46:23.229] [OK] [EXEC] SELL REQUIRED inventory=0.243940
[17:46:23.231] [WARNING] [EXEC] STOP with open inventory qty=0.243940
[17:46:23.232] [WARNING] STOP
[17:46:23.235] [OK] [PLAN] HOT entry=81987.10 exit=81991.99 profit=1.192867 age=2020ms
[17:46:23.996] [WS] stale/lost
[17:46:24.539] [OK] [PLAN] READY entry=81990.73 exit=81993.82 profit=0.753744 age=3321ms
[17:46:25.515] [OK] [PLAN] HOT entry=81983.80 exit=81989.20 profit=1.317330 age=4299ms
[17:46:27.931] [OK] [PLAN] READY entry=81988.99 exit=81992.00 profit=0.734229 age=402ms
[17:46:31.366] [WARNING] [EXEC] BLOCK reason=balance_low
