[07:47:06.306] [OK] filters loaded
[07:47:08.120] [INFO] START_CLICK received enabled=True api_ready=True running=False
[07:47:08.120] [INFO] START_SETTINGS live_enabled=True guard_mode=FAST entry_mode=AGGRESSIVE exit_engine=True order_size=20.0
[07:47:08.586] [EXCHANGE] symbol=BTCU base=BTC quote=U status=TRADING permissions=[]
[07:47:08.590] [OK] START
[07:47:08.595] [OK] START_OK runtime_started
[07:47:08.597] [INFO] [EXEC] LIVE ON
[07:47:08.599] [INFO] [EXEC] WAIT READY
[07:47:08.602] [WARNING] [HEALTH] block spread_too_young lifetime=0
[07:47:08.603] [WARNING] [HEALTH] unstable_spread lifetime=0
[07:47:08.607] [WARNING] [EXEC] BLOCK_BUY reason=ws_stale mode=FAST ws_age=None spread=8.42 stable=1/1 mid_delta=0.00 bid_delta=0.00
[07:47:08.881] [WS] primary url=wss://stream.binance.com:9443/ws/btcu@bookTicker
[07:47:08.882] [WS] connecting primary
[07:47:09.484] [OK] [PLAN] READY entry=80835.01 exit=80840.94 profit=0.001423 age=885ms
[07:47:09.485] [WS] connected
[07:47:10.481] [WARNING] [HEALTH] block falling_market bid_ticks=-306.00 mid_ticks=-63.50
[07:47:10.484] [WARNING] [HEALTH] unstable_bid delta_ticks=-306.00
[07:47:10.486] [WARNING] [HEALTH] negative_momentum ticks=-63.50
[07:47:10.488] [WARNING] [EXEC] BLOCK_BUY reason=bid_unstable mode=FAST ws_age=15 spread=12.78 stable=2/1 mid_delta=-63.50 bid_delta=-306.00
[07:47:10.732] [WARNING] [HEALTH] block falling_market bid_ticks=1.00 mid_ticks=-219.00
[07:47:10.734] [WARNING] [HEALTH] negative_momentum ticks=-219.00
[07:47:10.737] [WARNING] [EXEC] BLOCK_BUY reason=mid_momentum_negative mode=FAST ws_age=47 spread=8.38 stable=2/1 mid_delta=-219.00 bid_delta=1.00
[07:47:10.741] [OK] [PLAN] READY entry=80831.96 exit=80838.34 profit=0.001531 age=251ms
[07:47:12.268] [INFO] [EXEC] SELL ACCOUNTING RESET new_cycle
[07:47:12.271] [OK] [EXEC] BUY ORDER SENT orderId=384781313 price=80835.01 qty=0.000240
[07:47:12.274] [OK] [EXEC] PLACE BUY price=80835.01 qty=0.000240
[07:47:13.059] [OK] [SYNC] order filled detected
[07:47:13.062] [OK] [SYNC] BUY filled on exchange
[07:47:13.063] [OK] [EXEC] BUY FILL UPDATE delta=0.000240 avg=80835.01
[07:47:13.066] [OK] [EXEC] CHUNK ADD qty=0.000240 entry=80835.01
[07:47:13.071] [INFO] [EXEC] CHUNK COUNT n=1
[07:47:13.073] [OK] [EXEC] INVENTORY qty=0.000240
[07:47:13.074] [OK] [EXEC] SELL REQUIRED inventory=0.000240
[07:47:14.873] [INFO] [EXEC] SELL CHECK inventory=0.000240 reported=0.000000 remaining=0.000240 chunks=1
[07:47:14.876] [OK] [EXEC] PLACE SELL price=80835.04 qty=0.000240
[07:47:15.139] [OK] [EXEC] SELL ORDER SENT orderId=384781536
[07:47:16.522] [OK] [SYNC] order filled detected
[07:47:16.525] [OK] [SYNC] SELL filled on exchange
[07:47:16.526] [OK] [EXEC] FIFO CLOSE qty=0.000240 entry=80835.01 exit=80835.04 pnl=+0.000007
[07:47:16.527] [INFO] [EXEC] CHUNK DRAINED
[07:47:16.528] [INFO] [EXEC] SELL ACCOUNTING RESET flat
[07:47:16.530] [INFO] [EXEC] CYCLE SKIP no_fifo_pnl
[07:47:16.989] [INFO] [HEALTH] state=GOOD
[07:47:17.265] [INFO] [EXEC] SELL ACCOUNTING RESET new_cycle
[07:47:17.270] [OK] [EXEC] BUY ORDER SENT orderId=384781632 price=80843.73 qty=0.000240
[07:47:17.273] [OK] [EXEC] PLACE BUY price=80843.73 qty=0.000240
[07:47:18.934] [INFO] [EXEC] ENTRY_REPRICE reason=bid_moved_up old=80843.73 new=80843.75 count=1
[07:47:19.463] [OK] [EXEC] ENTRY_PLACE price=80843.75 qty=0.000240
[07:47:20.647] [OK] [SYNC] order filled detected
[07:47:20.650] [OK] [SYNC] BUY filled on exchange
[07:47:20.651] [OK] [EXEC] BUY FILL UPDATE delta=0.000240 avg=80843.75
[07:47:20.653] [OK] [EXEC] CHUNK ADD qty=0.000240 entry=80843.75
[07:47:20.655] [INFO] [EXEC] CHUNK COUNT n=1
[07:47:20.656] [OK] [EXEC] INVENTORY qty=0.000240
[07:47:20.657] [OK] [EXEC] SELL REQUIRED inventory=0.000240
[07:47:21.680] [INFO] [EXEC] SELL CHECK inventory=0.000240 reported=0.000000 remaining=0.000240 chunks=1
[07:47:21.681] [OK] [EXEC] PLACE SELL price=80847.55 qty=0.000240
[07:47:21.963] [OK] [EXEC] SELL ORDER SENT orderId=384781795
[07:47:23.290] [WARNING] [EXEC] TAKER_EXIT_TRIGGER reason=timeout_after_ms age=1347 qty=0.000240
[07:47:23.294] [WARNING] [EXEC] TAKER_EXIT_CANCEL_MAKER orderId=384781795
[07:47:24.673] [WARNING] [SYNC] desync fixed
[07:47:24.678] [INFO] [EXEC] EXIT RECOVERY inventory_no_sell qty=0.000240
[07:47:25.214] [INFO] [EXEC] SELL CHECK inventory=0.000240 reported=0.000000 remaining=0.000240 chunks=1
[07:47:25.218] [OK] [EXEC] PLACE SELL price=80843.78 qty=0.000240
[07:47:25.490] [OK] [EXEC] SELL ORDER SENT orderId=384781969
[07:47:25.496] [OK] [PLAN] HOT entry=80829.58 exit=80837.34 profit=0.001862 age=1649ms
[07:47:26.390] [OK] [EXEC] FIFO CLOSE qty=0.000230 entry=80843.75 exit=80843.78 pnl=+0.000007
[07:47:26.394] [INFO] [EXEC] CHUNK DRAINED
[07:47:26.396] [INFO] [EXEC] SELL ACCOUNTING RESET flat
[07:47:26.399] [INFO] [EXEC] CYCLE SKIP no_fifo_pnl
[07:47:26.404] [OK] [PLAN] READY entry=80831.08 exit=80836.19 profit=0.001226 age=3101ms
[07:47:27.010] [INFO] [EXEC] SELL ACCOUNTING RESET flat
[07:47:27.014] [INFO] [EXEC] CYCLE SKIP no_fifo_pnl
[07:47:27.016] [OK] [PLAN] HOT entry=80833.41 exit=80840.99 profit=0.001819 age=3722ms
[07:47:27.643] [OK] [SYNC] order filled detected
[07:47:27.646] [OK] [SYNC] SELL filled on exchange
[07:47:27.647] [INFO] [EXEC] SELL ACCOUNTING RESET flat
[07:47:27.648] [INFO] [EXEC] CYCLE SKIP no_fifo_pnl
[07:47:27.650] [INFO] [HEALTH] state=GOOD
[07:47:27.913] [INFO] [EXEC] SELL ACCOUNTING RESET new_cycle
[07:47:27.917] [OK] [EXEC] BUY ORDER SENT orderId=384782189 price=80835.01 qty=0.000240
[07:47:27.921] [OK] [EXEC] PLACE BUY price=80835.01 qty=0.000240
[07:47:27.926] [OK] [PLAN] READY entry=80835.01 exit=80840.99 profit=0.001435 age=4622ms
[07:47:29.146] [OK] [PLAN] HOT entry=80838.91 exit=80849.00 profit=0.002422 age=5843ms
[07:47:30.531] [INFO] [EXEC] ENTRY_REPRICE reason=bid_moved_up old=80835.01 new=80847.10 count=1
[07:47:31.069] [OK] [EXEC] ENTRY_PLACE price=80847.10 qty=0.000240
[07:47:31.378] [OK] [SYNC] order filled detected
[07:47:31.381] [OK] [SYNC] BUY filled on exchange
[07:47:31.382] [OK] [EXEC] BUY FILL UPDATE delta=0.000240 avg=80845.29
[07:47:31.383] [OK] [EXEC] CHUNK ADD qty=0.000240 entry=80845.29
[07:47:31.385] [INFO] [EXEC] CHUNK COUNT n=1
[07:47:31.387] [OK] [EXEC] INVENTORY qty=0.000240
[07:47:31.389] [OK] [EXEC] SELL REQUIRED inventory=0.000240
[07:47:32.437] [INFO] [EXEC] SELL CHECK inventory=0.000240 reported=0.000000 remaining=0.000240 chunks=1
[07:47:32.439] [OK] [EXEC] PLACE SELL price=80847.04 qty=0.000240
[07:47:32.701] [OK] [EXEC] SELL ORDER SENT orderId=384782490
[07:47:33.904] [OK] [EXEC] FIFO CLOSE qty=0.000240 entry=80845.29 exit=80847.04 pnl=+0.000420
[07:47:33.907] [INFO] [EXEC] CHUNK DRAINED
[07:47:33.909] [OK] [EXEC] REALIZED pnl=+0.000420
[07:47:33.912] [INFO] [EXEC] SELL ACCOUNTING RESET flat
[07:47:33.915] [OK] [EXEC] CYCLE CLOSED pnl=+0.000420
[07:47:33.917] [INFO] [EXEC] SESSION realized=+0.000420 wins=1 losses=0
[07:47:33.919] [OK] [EXEC] EXIT_FILLED
[07:47:33.920] [INFO] [EXEC] SELL ACCOUNTING RESET flat
[07:47:33.921] [INFO] [EXEC] CYCLE SKIP no_fifo_pnl
[07:47:33.922] [OK] [EXEC] SELL FILLED id=384782490
[07:47:33.923] [OK] [EXEC] SELL FILLED qty=0.000240 remaining=0.000000
[07:47:33.924] [INFO] [EXEC] SELL ACCOUNTING RESET inventory_drained
[07:47:33.925] [INFO] [EXEC] INVENTORY DRAINED epsilon_cleanup qty=0.000000
[07:47:33.926] [INFO] [EXEC] SELL ACCOUNTING RESET flat
[07:47:33.927] [INFO] [EXEC] CYCLE SKIP no_fifo_pnl
[07:47:34.237] [INFO] [HEALTH] state=GOOD
[07:47:34.497] [INFO] [EXEC] SELL ACCOUNTING RESET new_cycle
[07:47:34.502] [OK] [EXEC] BUY ORDER SENT orderId=384782706 price=80835.00 qty=0.000240
[07:47:34.504] [OK] [EXEC] PLACE BUY price=80835.00 qty=0.000240
[07:47:34.507] [OK] [PLAN] HOT entry=80835.00 exit=80852.92 profit=0.004301 age=607ms
[07:47:38.004] [INFO] [EXEC] ENTRY_REPRICE reason=bid_moved_up old=80835.00 new=80835.02 count=1
[07:47:38.552] [OK] [EXEC] ENTRY_PLACE price=80835.02 qty=0.000240
[07:47:39.162] [OK] [PLAN] HOT entry=80836.02 exit=80848.99 profit=0.003113 age=1137ms
[07:47:40.035] [WARNING] [EXEC] BUY TIMEOUT orderId=384782856
[07:47:40.038] [WARNING] [EXEC] CANCEL BUY orderId=384782856
[07:47:40.311] [OK] [EXEC] BUY CANCELED confirmed
[07:47:40.582] [INFO] [EXEC] BUY FINAL STATUS status=CANCELED orderId=384782856
[07:47:40.583] [WARNING] [EXEC] BLOCK reason=buy_not_filled
[07:47:40.584] [OK] [PLAN] READY entry=80855.47 exit=80861.08 profit=0.001346 age=2028ms
[07:47:41.757] [INFO] [HEALTH] state=GOOD
[07:47:42.033] [INFO] [EXEC] SELL ACCOUNTING RESET new_cycle
[07:47:42.037] [OK] [EXEC] BUY ORDER SENT orderId=384783153 price=80851.00 qty=0.000240
[07:47:42.038] [OK] [EXEC] PLACE BUY price=80851.00 qty=0.000240
[07:47:42.310] [OK] [SYNC] order filled detected
[07:47:42.313] [OK] [SYNC] BUY filled on exchange
[07:47:42.313] [OK] [EXEC] BUY FILL UPDATE delta=0.000240 avg=80849.00
[07:47:42.315] [OK] [EXEC] CHUNK ADD qty=0.000240 entry=80849.00
[07:47:42.316] [INFO] [EXEC] CHUNK COUNT n=1
[07:47:42.318] [OK] [EXEC] INVENTORY qty=0.000240
[07:47:42.319] [OK] [EXEC] SELL REQUIRED inventory=0.000240
[07:47:43.062] [INFO] [EXEC] SELL CHECK inventory=0.000240 reported=0.000000 remaining=0.000240 chunks=1
[07:47:43.065] [OK] [EXEC] PLACE SELL price=80849.03 qty=0.000240
[07:47:43.326] [OK] [EXEC] SELL ORDER SENT orderId=384783266
[07:47:43.329] [OK] [PLAN] READY entry=80835.03 exit=80840.92 profit=0.001414 age=749ms
[07:47:43.896] [OK] [SYNC] order filled detected
[07:47:43.896] [OK] [SYNC] SELL filled on exchange
[07:47:43.897] [OK] [EXEC] FIFO CLOSE qty=0.000240 entry=80849.00 exit=80849.02 pnl=+0.000005
[07:47:43.898] [INFO] [EXEC] CHUNK DRAINED
[07:47:43.899] [INFO] [EXEC] SELL ACCOUNTING RESET flat
[07:47:43.899] [INFO] [EXEC] CYCLE SKIP no_fifo_pnl
[07:47:44.172] [INFO] [EXEC] SELL ACCOUNTING RESET new_cycle
[07:47:44.175] [OK] [EXEC] BUY ORDER SENT orderId=384783377 price=80837.96 qty=0.000240
[07:47:44.178] [OK] [EXEC] PLACE BUY price=80837.96 qty=0.000240
[07:47:44.792] [OK] [PLAN] HOT entry=80839.47 exit=80856.99 profit=0.004205 age=2757ms
[07:47:45.963] [INFO] [EXEC] ENTRY_REPRICE reason=bid_moved_up old=80837.96 new=80842.02 count=1
[07:47:46.503] [OK] [EXEC] ENTRY_PLACE price=80842.02 qty=0.000240
[07:47:46.508] [OK] [PLAN] READY entry=80843.01 exit=80848.99 profit=0.001435 age=3934ms
[07:47:46.897] [OK] [SYNC] order filled detected
[07:47:46.899] [OK] [SYNC] BUY filled on exchange
[07:47:46.900] [OK] [EXEC] BUY FILL UPDATE delta=0.000240 avg=80842.01
[07:47:46.903] [OK] [EXEC] CHUNK ADD qty=0.000240 entry=80842.01
[07:47:46.905] [INFO] [EXEC] CHUNK COUNT n=1
[07:47:46.908] [OK] [EXEC] INVENTORY qty=0.000240
[07:47:46.910] [OK] [EXEC] SELL REQUIRED inventory=0.000240
[07:47:47.483] [INFO] [EXEC] SELL CHECK inventory=0.000240 reported=0.000000 remaining=0.000240 chunks=1
[07:47:47.485] [OK] [EXEC] PLACE SELL price=80848.26 qty=0.000240
[07:47:47.757] [OK] [EXEC] SELL ORDER SENT orderId=384783678
[07:47:49.049] [WARNING] [EXEC] TAKER_EXIT_TRIGGER reason=timeout_after_ms age=1289 qty=0.000240
[07:47:49.051] [WARNING] [EXEC] TAKER_EXIT_CANCEL_MAKER orderId=384783678
[07:47:50.636] [WARNING] [SYNC] desync fixed
[07:47:50.639] [INFO] [EXEC] EXIT RECOVERY inventory_no_sell qty=0.000240
[07:47:51.226] [INFO] [EXEC] SELL CHECK inventory=0.000240 reported=0.000000 remaining=0.000240 chunks=1
[07:47:51.229] [OK] [EXEC] PLACE SELL price=80843.41 qty=0.000240
[07:47:51.499] [OK] [EXEC] SELL ORDER SENT orderId=384783845
[07:47:52.786] [WARNING] [EXEC] TAKER_EXIT_TRIGGER reason=timeout_after_ms age=1294 qty=0.000240
[07:47:52.789] [WARNING] [EXEC] TAKER_EXIT_CANCEL_MAKER orderId=384783845
[07:47:54.167] [WARNING] [SYNC] desync fixed
[07:47:54.171] [INFO] [EXEC] EXIT RECOVERY inventory_no_sell qty=0.000240
[07:47:54.711] [INFO] [EXEC] SELL CHECK inventory=0.000240 reported=0.000000 remaining=0.000240 chunks=1
[07:47:54.715] [OK] [EXEC] PLACE SELL price=80843.86 qty=0.000240
[07:47:54.991] [OK] [EXEC] SELL ORDER SENT orderId=384784044
[07:47:55.646] [OK] [SYNC] order filled detected
[07:47:55.649] [OK] [SYNC] SELL filled on exchange
[07:47:55.650] [OK] [EXEC] FIFO CLOSE qty=0.000240 entry=80842.01 exit=80843.86 pnl=+0.000444
[07:47:55.651] [INFO] [EXEC] CHUNK DRAINED
[07:47:55.652] [OK] [EXEC] REALIZED pnl=+0.000444
[07:47:55.653] [INFO] [EXEC] SELL ACCOUNTING RESET flat
[07:47:55.654] [OK] [EXEC] CYCLE CLOSED pnl=+0.000444
[07:47:55.655] [INFO] [EXEC] SESSION realized=+0.000864 wins=2 losses=0
[07:47:56.008] [INFO] [HEALTH] state=GOOD
[07:47:56.279] [INFO] [EXEC] SELL ACCOUNTING RESET new_cycle
[07:47:56.283] [OK] [EXEC] BUY ORDER SENT orderId=384784123 price=80843.00 qty=0.000240
[07:47:56.286] [OK] [EXEC] PLACE BUY price=80843.00 qty=0.000240
[07:47:57.156] [OK] [SYNC] order filled detected
[07:47:57.159] [OK] [SYNC] BUY filled on exchange
[07:47:57.160] [OK] [EXEC] BUY FILL UPDATE delta=0.000240 avg=80843.00
[07:47:57.163] [OK] [EXEC] CHUNK ADD qty=0.000240 entry=80843.00
[07:47:57.164] [INFO] [EXEC] CHUNK COUNT n=1
[07:47:57.165] [OK] [EXEC] INVENTORY qty=0.000240
[07:47:57.166] [OK] [EXEC] SELL REQUIRED inventory=0.000240
[07:47:57.715] [INFO] [EXEC] SELL CHECK inventory=0.000240 reported=0.000000 remaining=0.000240 chunks=1
[07:47:57.718] [OK] [EXEC] PLACE SELL price=80848.73 qty=0.000240
[07:47:57.989] [OK] [EXEC] SELL ORDER SENT orderId=384784268
[07:47:57.995] [OK] [PLAN] HOT entry=80835.01 exit=80848.73 profit=0.003293 age=1159ms
[07:47:59.180] [WARNING] [EXEC] TAKER_EXIT_TRIGGER reason=timeout_after_ms age=1204 qty=0.000240
[07:47:59.183] [WARNING] [EXEC] TAKER_EXIT_CANCEL_MAKER orderId=384784268
[07:48:00.685] [WARNING] [SYNC] desync fixed
[07:48:00.688] [INFO] [EXEC] EXIT RECOVERY inventory_no_sell qty=0.000240
[07:48:01.238] [INFO] [EXEC] SELL CHECK inventory=0.000240 reported=0.000000 remaining=0.000240 chunks=1
[07:48:01.240] [OK] [EXEC] PLACE SELL price=80849.00 qty=0.000240
[07:48:01.499] [OK] [EXEC] SELL ORDER SENT orderId=384784480
[07:48:02.169] [OK] [PLAN] READY entry=80821.53 exit=80827.16 profit=0.001351 age=1206ms
[07:48:02.796] [WARNING] [EXEC] TAKER_EXIT_TRIGGER reason=timeout_after_ms age=1281 qty=0.000240
[07:48:02.799] [WARNING] [EXEC] TAKER_EXIT_CANCEL_MAKER orderId=384784480
[07:48:04.165] [WARNING] [SYNC] desync fixed
[07:48:04.166] [INFO] [EXEC] EXIT RECOVERY inventory_no_sell qty=0.000240
[07:48:04.699] [INFO] [EXEC] SELL CHECK inventory=0.000240 reported=0.000000 remaining=0.000240 chunks=1
[07:48:04.702] [OK] [EXEC] PLACE SELL price=80843.03 qty=0.000240
[07:48:04.983] [OK] [EXEC] SELL ORDER SENT orderId=384784650
[07:48:05.905] [WARNING] [EXEC] TAKER_EXIT_TRIGGER reason=timeout_after_ms age=929 qty=0.000240
[07:48:05.908] [WARNING] [EXEC] TAKER_EXIT_CANCEL_MAKER orderId=384784650
[07:48:07.311] [WARNING] [SYNC] desync fixed
[07:48:07.316] [INFO] [EXEC] EXIT RECOVERY inventory_no_sell qty=0.000240
[07:48:07.854] [INFO] [EXEC] SELL CHECK inventory=0.000240 reported=0.000000 remaining=0.000240 chunks=1
[07:48:07.858] [OK] [EXEC] PLACE SELL price=80843.03 qty=0.000240
[07:48:08.135] [OK] [EXEC] SELL ORDER SENT orderId=384784841
[07:48:08.163] [INFO] START_CLICK received enabled=True api_ready=True running=True
[07:48:08.493] [WARNING] cancel all requested
[07:48:09.294] [OK] [SYNC] order filled detected
[07:48:09.297] [OK] [SYNC] SELL filled on exchange
[07:48:09.298] [OK] [EXEC] FIFO CLOSE qty=0.000240 entry=80843.00 exit=80845.52 pnl=+0.000605
[07:48:09.299] [INFO] [EXEC] CHUNK DRAINED
[07:48:09.300] [OK] [EXEC] REALIZED pnl=+0.000605
[07:48:09.301] [INFO] [EXEC] SELL ACCOUNTING RESET flat
[07:48:09.303] [OK] [EXEC] CYCLE CLOSED pnl=+0.000605
[07:48:09.304] [INFO] [EXEC] SESSION realized=+0.001469 wins=3 losses=0
[07:48:09.306] [WARNING] [EXEC] BALANCE_EXTERNAL_BTC free=0.000247 locked=0.000000
[07:48:09.308] [INFO] [EXEC] SELL ACCOUNTING RESET reconcile_stop
[07:48:09.310] [INFO] [EXEC] RECONCILE_FLAT reason=inventory_empty_safe_qty_zero
[07:48:09.312] [WARNING] STOP
[07:48:28.953] [OK] [SETTINGS] settings saved
[07:48:29.721] [INFO] START_CLICK received enabled=True api_ready=True running=False
[07:48:29.721] [INFO] START_SETTINGS live_enabled=True guard_mode=FAST entry_mode=AGGRESSIVE exit_engine=True order_size=5000.0
[07:48:30.207] [EXCHANGE] symbol=BTCU base=BTC quote=U status=TRADING permissions=[]
[07:48:30.211] [OK] START
[07:48:30.212] [OK] START_OK runtime_started
[07:48:30.215] [INFO] [EXEC] LIVE ON
[07:48:30.217] [INFO] [EXEC] WAIT READY
[07:48:30.219] [WS] primary url=wss://stream.binance.com:9443/ws/btcu@bookTicker
[07:48:30.219] [WS] connecting primary
[07:48:31.697] [WS] connected
[07:48:35.325] [INFO] [HEALTH] state=GOOD
[07:48:35.584] [INFO] [EXEC] SELL ACCOUNTING RESET new_cycle
[07:48:35.585] [OK] [EXEC] BUY ORDER SENT orderId=384786094 price=80827.25 qty=0.061860
[07:48:35.586] [OK] [EXEC] PLACE BUY price=80827.25 qty=0.061860
[07:48:36.739] [OK] [EXEC] BUY FILL UPDATE delta=0.001080 avg=80827.25
[07:48:36.743] [OK] [EXEC] CHUNK ADD qty=0.001080 entry=80827.25
[07:48:36.744] [INFO] [EXEC] CHUNK COUNT n=1
[07:48:36.745] [OK] [EXEC] INVENTORY qty=0.001080
[07:48:36.746] [OK] [EXEC] SELL REQUIRED inventory=0.001080
[07:48:36.747] [OK] [EXEC] BUY PARTIAL delta=0.001080 total=0.001080
[07:48:36.749] [OK] [EXEC] BUY REMAINING qty=0.060780
[07:48:37.889] [INFO] [EXEC] SELL CHECK inventory=0.001080 reported=0.000000 remaining=0.001070 chunks=1
[07:48:37.892] [OK] [EXEC] PLACE SELL price=80832.14 qty=0.001070
[07:48:38.632] [OK] [EXEC] SELL ORDER SENT orderId=384786170
[07:48:39.239] [INFO] [EXEC] SELL UPSIZE old=0.001070 new=0.001080
[07:48:39.242] [WARNING] [EXEC] SELL TIMEOUT orderId=384786170
[07:48:39.243] [WARNING] [EXEC] CANCEL SELL orderId=384786170
[07:48:39.773] [INFO] [EXEC] SELL FINAL STATUS status=CANCELED orderId=384786170
[07:48:39.777] [INFO] [EXEC] SELL TIMEOUT check fast_exit
[07:48:39.778] [INFO] [EXEC] FAST SAFE EXIT price=80827.27 entry=80827.25 bid=80827.26
[07:48:40.039] [WARNING] [EXEC] SELL REPRICE old=80832.14 new=80832.13 count=1
[07:48:40.042] [INFO] [EXEC] SELL REPLACE remaining=0.001070
[07:48:40.045] [OK] [EXEC] PLACE SELL price=80832.13 qty=0.001070
[07:48:40.309] [OK] [EXEC] SELL ORDER SENT orderId=384786257
[07:48:41.244] [WARNING] [EXEC] SELL_QTY_CLAMP inventory=0.001080 free=0.000017 final=0.000017
[07:48:41.510] [INFO] [EXEC] SELL UPSIZE old=0.001070 new=0.001080
[07:48:41.514] [WARNING] [EXEC] SELL TIMEOUT orderId=384786257
[07:48:41.515] [WARNING] [EXEC] CANCEL SELL orderId=384786257
[07:48:42.059] [INFO] [EXEC] SELL FINAL STATUS status=CANCELED orderId=384786257
[07:48:42.063] [INFO] [EXEC] SELL TIMEOUT check fast_exit
[07:48:42.066] [WARNING] [EXEC] FORCE EXIT hard_sl_triggered
[07:48:42.069] [ERROR] [EXEC] HARD SL triggered
[07:48:42.072] [WARNING] [EXEC] PANIC EXIT sl_mode
[07:48:42.858] [WARNING] [EXEC] FORCE EXIT price=80831.12
[07:48:42.860] [OK] [EXEC] PLACE SELL price=80831.12 qty=0.001070
[07:48:43.121] [WARNING] [EXEC] PANIC START price=80831.12
[07:48:43.125] [OK] [EXEC] SELL ORDER SENT orderId=384786438
[07:48:44.650] [OK] [PLAN] READY entry=80813.85 exit=80819.48 profit=0.348328 age=632ms
[07:48:50.529] [OK] [PLAN] HOT entry=80796.32 exit=80807.52 profit=0.693056 age=1139ms
[07:48:52.365] [OK] [SYNC] order filled detected
[07:48:52.368] [OK] [SYNC] SELL filled on exchange
[07:48:52.369] [OK] [EXEC] FIFO CLOSE qty=0.001070 entry=80827.25 exit=80831.12 pnl=+0.004141
[07:48:52.370] [INFO] [EXEC] CHUNK DRAINED
[07:48:52.371] [OK] [EXEC] REALIZED pnl=+0.004141
[07:48:52.372] [INFO] [EXEC] SELL ACCOUNTING RESET flat
[07:48:52.373] [OK] [EXEC] CYCLE CLOSED pnl=+0.004141
[07:48:52.374] [INFO] [EXEC] SESSION realized=+0.005610 wins=4 losses=0
[07:48:52.376] [INFO] [HEALTH] state=GOOD
[07:48:52.648] [INFO] [EXEC] SELL ACCOUNTING RESET new_cycle
[07:48:52.651] [OK] [EXEC] BUY ORDER SENT orderId=384787398 price=80815.35 qty=0.061860
[07:48:52.653] [OK] [EXEC] PLACE BUY price=80815.35 qty=0.061860
[07:48:53.263] [OK] [PLAN] READY entry=80837.12 exit=80844.24 profit=0.440372 age=3886ms
[07:48:54.783] [INFO] [EXEC] ENTRY_REPRICE reason=bid_moved_up old=80815.35 new=80837.34 count=1
[07:48:55.341] [OK] [EXEC] ENTRY_PLACE price=80837.34 qty=0.061860
[07:48:56.010] [INFO] [EXEC] ENTRY_REPRICE reason=bid_moved_up old=80837.34 new=80837.36 count=2
[07:48:56.541] [OK] [EXEC] ENTRY_PLACE price=80837.36 qty=0.061860
[07:48:57.397] [INFO] [EXEC] ENTRY_REPRICE reason=wide_spread_cross old=80837.36 new=80840.26 count=3
[07:48:57.938] [OK] [EXEC] ENTRY_PLACE price=80840.26 qty=0.061860
[07:48:58.496] [WARNING] [EXEC] BUY TIMEOUT orderId=384787796
[07:48:58.499] [WARNING] [EXEC] CANCEL BUY orderId=384787796
[07:48:58.773] [OK] [EXEC] BUY CANCELED confirmed
[07:48:59.033] [INFO] [EXEC] BUY FINAL STATUS status=FILLED orderId=384787796
[07:48:59.036] [OK] [EXEC] BUY FILL UPDATE delta=0.061860 avg=80840.26
[07:48:59.038] [OK] [EXEC] CHUNK ADD qty=0.061860 entry=80840.26
[07:48:59.040] [INFO] [EXEC] CHUNK COUNT n=1
[07:48:59.041] [OK] [EXEC] INVENTORY qty=0.061860
[07:48:59.042] [OK] [EXEC] SELL REQUIRED inventory=0.061860
[07:48:59.043] [OK] [EXEC] BUY FILLED during cancel
[07:48:59.044] [OK] [EXEC] BUY FILLED id=384787796
[07:48:59.046] [OK] [PLAN] HOT entry=80845.72 exit=80854.70 profit=0.555323 age=1117ms
[07:48:59.882] [OK] [SYNC] order filled detected
[07:48:59.885] [OK] [SYNC] BUY filled on exchange
[07:49:00.427] [INFO] [EXEC] SELL CHECK inventory=0.061860 reported=0.000000 remaining=0.061850 chunks=1
[07:49:00.429] [OK] [EXEC] PLACE SELL price=80840.29 qty=0.061850
[07:49:00.704] [OK] [EXEC] SELL ORDER SENT orderId=384788056
[07:49:03.389] [OK] [EXEC] FIFO CLOSE qty=0.061850 entry=80840.26 exit=80840.29 pnl=+0.001855
[07:49:03.393] [INFO] [EXEC] CHUNK DRAINED
[07:49:03.394] [OK] [EXEC] REALIZED pnl=+0.001855
[07:49:03.395] [INFO] [EXEC] SELL ACCOUNTING RESET flat
[07:49:03.396] [OK] [EXEC] CYCLE CLOSED pnl=+0.001855
[07:49:03.397] [INFO] [EXEC] SESSION realized=+0.007465 wins=5 losses=0
[07:49:03.398] [OK] [EXEC] EXIT_FILLED
[07:49:03.399] [INFO] [EXEC] SELL ACCOUNTING RESET flat
[07:49:03.400] [INFO] [EXEC] CYCLE SKIP no_fifo_pnl
[07:49:03.401] [OK] [EXEC] SELL FILLED id=384788056
[07:49:03.402] [OK] [EXEC] SELL FILLED qty=0.061850 remaining=0.000000
[07:49:03.403] [INFO] [EXEC] SELL ACCOUNTING RESET inventory_drained
[07:49:03.404] [INFO] [EXEC] INVENTORY DRAINED epsilon_cleanup qty=0.000000
[07:49:03.405] [INFO] [EXEC] SELL ACCOUNTING RESET flat
[07:49:03.406] [INFO] [EXEC] CYCLE SKIP no_fifo_pnl
[07:49:03.603] [INFO] [HEALTH] state=GOOD
[07:49:03.862] [INFO] [EXEC] SELL ACCOUNTING RESET new_cycle
[07:49:03.867] [OK] [EXEC] BUY ORDER SENT orderId=384788249 price=80834.28 qty=0.061850
[07:49:03.871] [OK] [EXEC] PLACE BUY price=80834.28 qty=0.061850
[07:49:04.762] [OK] [SYNC] order filled detected
[07:49:04.765] [OK] [SYNC] BUY filled on exchange
[07:49:04.766] [OK] [EXEC] BUY FILL UPDATE delta=0.061850 avg=80834.28
[07:49:04.767] [OK] [EXEC] CHUNK ADD qty=0.061850 entry=80834.28
[07:49:04.768] [INFO] [EXEC] CHUNK COUNT n=1
[07:49:04.769] [OK] [EXEC] INVENTORY qty=0.061850
[07:49:04.770] [OK] [EXEC] SELL REQUIRED inventory=0.061850
[07:49:05.291] [INFO] [EXEC] SELL CHECK inventory=0.061850 reported=0.000000 remaining=0.061850 chunks=1
[07:49:05.294] [OK] [EXEC] PLACE SELL price=80841.00 qty=0.061850
[07:49:05.553] [OK] [EXEC] SELL ORDER SENT orderId=384788532
[07:49:05.557] [OK] [PLAN] READY entry=80835.29 exit=80841.00 profit=0.353164 age=1170ms
[07:49:06.755] [WARNING] [EXEC] TAKER_EXIT_TRIGGER reason=timeout_after_ms age=1188 qty=0.061850
[07:49:06.759] [WARNING] [EXEC] TAKER_EXIT_CANCEL_MAKER orderId=384788532
[07:49:08.130] [WARNING] [SYNC] desync fixed
[07:49:08.133] [INFO] [EXEC] EXIT RECOVERY inventory_no_sell qty=0.061850
[07:49:08.671] [INFO] [EXEC] SELL CHECK inventory=0.061850 reported=0.000000 remaining=0.061850 chunks=1
[07:49:08.674] [OK] [EXEC] PLACE SELL price=80834.31 qty=0.061850
[07:49:08.959] [OK] [EXEC] SELL ORDER SENT orderId=384788793
[07:49:09.598] [WARNING] [EXEC] SELL_QTY_CLAMP inventory=0.061850 free=0.060807 final=0.060807
[07:49:09.870] [WARNING] [EXEC] TAKER_EXIT_TRIGGER reason=timeout_after_ms age=930 qty=0.061850
[07:49:09.873] [WARNING] [EXEC] TAKER_EXIT_CANCEL_MAKER orderId=384788793
[07:49:11.269] [WARNING] [SYNC] desync fixed
[07:49:11.272] [INFO] [EXEC] EXIT RECOVERY inventory_no_sell qty=0.061850
[07:49:11.796] [INFO] [EXEC] SELL CHECK inventory=0.061850 reported=0.000000 remaining=0.061850 chunks=1
[07:49:11.799] [OK] [EXEC] PLACE SELL price=80840.87 qty=0.061850
[07:49:12.089] [OK] [EXEC] SELL ORDER SENT orderId=384789086
[07:49:12.095] [OK] [PLAN] HOT entry=80827.71 exit=80840.87 profit=0.813946 age=7671ms
[07:49:13.320] [WARNING] [EXEC] TAKER_EXIT_TRIGGER reason=timeout_after_ms age=1205 qty=0.061850
[07:49:13.323] [WARNING] [EXEC] TAKER_EXIT_CANCEL_MAKER orderId=384789086
[07:49:14.771] [WARNING] [SYNC] desync fixed
[07:49:14.775] [INFO] [EXEC] EXIT RECOVERY inventory_no_sell qty=0.061850
[07:49:15.304] [INFO] [EXEC] SELL CHECK inventory=0.061850 reported=0.000000 remaining=0.061850 chunks=1
[07:49:15.307] [OK] [EXEC] PLACE SELL price=80834.31 qty=0.061850
[07:49:15.577] [OK] [EXEC] SELL ORDER SENT orderId=384789297
[07:49:15.866] [OK] [EXEC] FIFO CLOSE qty=0.061850 entry=80834.28 exit=80834.30 pnl=+0.001237
[07:49:15.870] [INFO] [EXEC] CHUNK DRAINED
[07:49:15.870] [OK] [EXEC] REALIZED pnl=+0.001237
[07:49:15.871] [INFO] [EXEC] SELL ACCOUNTING RESET flat
[07:49:15.872] [OK] [EXEC] CYCLE CLOSED pnl=+0.001237
[07:49:15.873] [INFO] [EXEC] SESSION realized=+0.008702 wins=6 losses=0
[07:49:15.874] [OK] [EXEC] EXIT_FILLED
[07:49:15.875] [INFO] [EXEC] SELL ACCOUNTING RESET flat
[07:49:15.877] [INFO] [EXEC] CYCLE SKIP no_fifo_pnl
[07:49:15.878] [OK] [EXEC] SELL FILLED id=384789297
[07:49:15.879] [OK] [EXEC] SELL FILLED qty=0.061850 remaining=0.000000
[07:49:15.880] [INFO] [EXEC] SELL ACCOUNTING RESET inventory_drained
[07:49:15.881] [INFO] [EXEC] INVENTORY DRAINED epsilon_cleanup qty=0.000000
[07:49:15.882] [INFO] [EXEC] SELL ACCOUNTING RESET flat
[07:49:15.883] [INFO] [EXEC] CYCLE SKIP no_fifo_pnl
[07:49:16.124] [INFO] [HEALTH] state=GOOD
[07:49:16.401] [INFO] [EXEC] SELL ACCOUNTING RESET new_cycle
[07:49:16.406] [OK] [EXEC] BUY ORDER SENT orderId=384789439 price=80833.49 qty=0.061850
[07:49:16.409] [OK] [EXEC] PLACE BUY price=80833.49 qty=0.061850
[07:49:16.414] [OK] [PLAN] HOT entry=80833.49 exit=80848.99 profit=0.958675 age=517ms
[07:49:18.824] [INFO] [EXEC] ENTRY_REPRICE reason=bid_moved_up old=80833.49 new=80844.06 count=1
[07:49:19.360] [OK] [EXEC] ENTRY_PLACE price=80844.06 qty=0.061850
[07:49:19.368] [OK] [PLAN] READY entry=80845.05 exit=80850.47 profit=0.335173 age=2930ms
[07:49:19.922] [OK] [SYNC] order filled detected
[07:49:19.924] [OK] [SYNC] BUY filled on exchange
[07:49:19.925] [OK] [EXEC] BUY FILL UPDATE delta=0.061850 avg=80843.92
[07:49:19.928] [OK] [EXEC] CHUNK ADD qty=0.061850 entry=80843.92
[07:49:19.930] [INFO] [EXEC] CHUNK COUNT n=1
[07:49:19.931] [OK] [EXEC] INVENTORY qty=0.061850
[07:49:19.933] [OK] [EXEC] SELL REQUIRED inventory=0.061850
[07:49:20.468] [INFO] [EXEC] SELL CHECK inventory=0.061850 reported=0.000000 remaining=0.061850 chunks=1
[07:49:20.471] [OK] [EXEC] PLACE SELL price=80843.95 qty=0.061850
[07:49:20.745] [OK] [EXEC] SELL ORDER SENT orderId=384789756
[07:49:21.648] [WARNING] [EXEC] TAKER_EXIT_TRIGGER reason=timeout_after_ms age=901 qty=0.061850
[07:49:21.652] [WARNING] [EXEC] TAKER_EXIT_CANCEL_MAKER orderId=384789756
[07:49:23.000] [WARNING] [SYNC] desync fixed
[07:49:23.163] [INFO] [EXEC] EXIT RECOVERY inventory_no_sell qty=0.061850
[07:49:24.207] [INFO] [EXEC] SELL CHECK inventory=0.061850 reported=0.000000 remaining=0.061850 chunks=1
[07:49:24.209] [OK] [EXEC] PLACE SELL price=80843.95 qty=0.061850
[07:49:24.469] [OK] [EXEC] SELL ORDER SENT orderId=384789988
[07:49:25.558] [OK] [SYNC] order filled detected
[07:49:25.560] [OK] [SYNC] SELL filled on exchange
[07:49:25.561] [OK] [EXEC] FIFO CLOSE qty=0.061850 entry=80843.92 exit=80843.95 pnl=+0.001601
[07:49:25.563] [INFO] [EXEC] CHUNK DRAINED
[07:49:25.564] [OK] [EXEC] REALIZED pnl=+0.001601
[07:49:25.565] [INFO] [EXEC] SELL ACCOUNTING RESET flat
[07:49:25.566] [OK] [EXEC] CYCLE CLOSED pnl=+0.001601
[07:49:25.567] [INFO] [EXEC] SESSION realized=+0.010303 wins=7 losses=0
[07:49:26.160] [INFO] [HEALTH] state=GOOD
[07:49:26.426] [INFO] [EXEC] SELL ACCOUNTING RESET new_cycle
[07:49:26.430] [OK] [EXEC] BUY ORDER SENT orderId=384790070 price=80842.54 qty=0.061840
[07:49:26.432] [OK] [EXEC] PLACE BUY price=80842.54 qty=0.061840
[07:49:27.062] [OK] [SYNC] order filled detected
[07:49:27.065] [OK] [SYNC] BUY filled on exchange
[07:49:27.065] [OK] [EXEC] BUY FILL UPDATE delta=0.061840 avg=80842.54
[07:49:27.068] [OK] [EXEC] CHUNK ADD qty=0.061840 entry=80842.54
[07:49:27.071] [INFO] [EXEC] CHUNK COUNT n=1
[07:49:27.072] [OK] [EXEC] INVENTORY qty=0.061840
[07:49:27.074] [OK] [EXEC] SELL REQUIRED inventory=0.061840
[07:49:27.611] [INFO] [EXEC] SELL CHECK inventory=0.061840 reported=0.000000 remaining=0.061830 chunks=1
[07:49:27.615] [OK] [EXEC] PLACE SELL price=80848.51 qty=0.061830
[07:49:27.895] [OK] [EXEC] SELL ORDER SENT orderId=384790169
[07:49:28.471] [INFO] [EXEC] SELL UPSIZE old=0.061830 new=0.061840
[07:49:28.474] [WARNING] [EXEC] SELL TIMEOUT orderId=384790169
[07:49:28.475] [WARNING] [EXEC] CANCEL SELL orderId=384790169
[07:49:29.010] [INFO] [EXEC] SELL FINAL STATUS status=CANCELED orderId=384790169
[07:49:29.013] [INFO] [EXEC] SELL TIMEOUT check fast_exit
[07:49:29.015] [WARNING] [EXEC] FORCE EXIT hard_sl_triggered
[07:49:29.016] [ERROR] [EXEC] HARD SL triggered
[07:49:29.017] [WARNING] [EXEC] PANIC EXIT sl_mode
[07:49:29.801] [WARNING] [EXEC] FORCE EXIT price=80839.16
[07:49:29.804] [OK] [EXEC] PLACE SELL price=80839.16 qty=0.061830
[07:49:30.069] [WARNING] [EXEC] PANIC START price=80839.16
[07:49:30.073] [OK] [EXEC] SELL ORDER SENT orderId=384790258
[07:49:30.938] [OK] [SYNC] order filled detected
[07:49:30.941] [OK] [SYNC] SELL filled on exchange
[07:49:30.942] [OK] [EXEC] FIFO CLOSE qty=0.061830 entry=80842.54 exit=80839.16 pnl=-0.208985
[07:49:30.944] [INFO] [EXEC] CHUNK DRAINED
[07:49:30.945] [OK] [EXEC] REALIZED pnl=-0.208985
[07:49:30.946] [INFO] [EXEC] SELL ACCOUNTING RESET flat
[07:49:30.947] [OK] [EXEC] CYCLE CLOSED pnl=-0.208985
[07:49:30.948] [INFO] [EXEC] SESSION realized=-0.198682 wins=7 losses=1
[07:49:30.949] [WARNING] [EXEC] BLOCK_BUY reason=cooldown_loss_cycle mode=FAST ws_age=594 spread=14.50 stable=1/1 mid_delta=0.00 bid_delta=0.00
[07:49:31.157] [OK] [PLAN] HOT entry=80836.50 exit=80849.00 profit=0.773125 age=203ms
[07:49:31.401] [WARNING] [HEALTH] block spread_too_young lifetime=0
[07:49:31.403] [WARNING] [HEALTH] unstable_spread lifetime=0
[07:49:31.405] [WARNING] [EXEC] BLOCK_BUY reason=spread_too_young mode=FAST ws_age=47 spread=9.75 stable=3/1 mid_delta=1237.50 bid_delta=1475.00
[07:49:34.715] [INFO] [EXEC] SELL ACCOUNTING RESET new_cycle
[07:49:34.719] [OK] [EXEC] BUY ORDER SENT orderId=384790577 price=80858.33 qty=0.061830
[07:49:34.722] [OK] [EXEC] PLACE BUY price=80858.33 qty=0.061830
[07:49:36.481] [INFO] [EXEC] ENTRY_REPRICE reason=bid_moved_up old=80858.33 new=80858.35 count=1
[07:49:37.025] [OK] [EXEC] ENTRY_PLACE price=80858.35 qty=0.061830
[07:49:37.858] [INFO] [EXEC] ENTRY_REPRICE reason=bid_moved_up old=80858.35 new=80863.76 count=2
[07:49:38.438] [OK] [EXEC] ENTRY_PLACE price=80863.76 qty=0.061830
[07:49:39.058] [INFO] [EXEC] ENTRY_REPRICE reason=bid_moved_up old=80863.76 new=80869.38 count=3
[07:49:39.587] [OK] [EXEC] ENTRY_PLACE price=80869.38 qty=0.061830
[07:49:40.707] [WARNING] [EXEC] BUY TIMEOUT orderId=384790844
[07:49:40.710] [WARNING] [EXEC] CANCEL BUY orderId=384790844
[07:49:41.013] [OK] [EXEC] BUY CANCELED confirmed
[07:49:41.296] [INFO] [EXEC] BUY FINAL STATUS status=CANCELED orderId=384790844
[07:49:41.299] [WARNING] [EXEC] BLOCK reason=buy_not_filled
[07:49:42.336] [INFO] [HEALTH] state=GOOD
[07:49:42.598] [INFO] [EXEC] SELL ACCOUNTING RESET new_cycle
[07:49:42.603] [OK] [EXEC] BUY ORDER SENT orderId=384790975 price=80867.22 qty=0.061820
[07:49:42.606] [OK] [EXEC] PLACE BUY price=80867.22 qty=0.061820
[07:49:42.956] [OK] [SYNC] order filled detected
[07:49:42.960] [OK] [SYNC] BUY filled on exchange
[07:49:42.961] [OK] [EXEC] BUY FILL UPDATE delta=0.061820 avg=80867.22
[07:49:42.966] [OK] [EXEC] CHUNK ADD qty=0.061820 entry=80867.22
[07:49:42.969] [INFO] [EXEC] CHUNK COUNT n=1
[07:49:42.972] [OK] [EXEC] INVENTORY qty=0.061820
[07:49:42.975] [OK] [EXEC] SELL REQUIRED inventory=0.061820
[07:49:42.978] [WARNING] [EXEC] SELL_QTY_CLAMP inventory=0.061820 free=0.060817 final=0.060817
[07:49:43.528] [INFO] [EXEC] SELL CHECK inventory=0.061820 reported=0.000000 remaining=0.061810 chunks=1
[07:49:43.530] [OK] [EXEC] PLACE SELL price=80872.31 qty=0.061810
[07:49:43.791] [OK] [EXEC] SELL ORDER SENT orderId=384791093
[07:49:48.582] [OK] [PLAN] READY entry=80851.01 exit=80857.00 profit=0.370422 age=615ms
[07:49:50.141] [WARNING] [EXEC] SELL_QTY_CLAMP inventory=0.061820 free=0.060827 final=0.060827
[07:49:51.706] [OK] [PLAN] READY entry=80854.16 exit=80860.69 profit=0.403750 age=605ms
[07:49:53.593] [WARNING] [EXEC] SELL_QTY_CLAMP inventory=0.061820 free=0.060827 final=0.060827
[07:49:58.728] [OK] [SYNC] order filled detected
[07:49:58.731] [OK] [SYNC] SELL filled on exchange
[07:49:58.732] [OK] [EXEC] FIFO CLOSE qty=0.061810 entry=80867.22 exit=80872.31 pnl=+0.314613
[07:49:58.733] [INFO] [EXEC] CHUNK DRAINED
[07:49:58.736] [OK] [EXEC] REALIZED pnl=+0.314613
[07:49:58.738] [INFO] [EXEC] SELL ACCOUNTING RESET flat
[07:49:58.739] [OK] [EXEC] CYCLE CLOSED pnl=+0.314613
[07:49:58.740] [INFO] [EXEC] SESSION realized=+0.115931 wins=8 losses=1
[07:49:58.742] [INFO] [HEALTH] state=GOOD
[07:49:59.023] [INFO] [EXEC] SELL ACCOUNTING RESET new_cycle
[07:49:59.026] [OK] [EXEC] BUY ORDER SENT orderId=384792013 price=80864.90 qty=0.061830
[07:49:59.027] [OK] [EXEC] PLACE BUY price=80864.90 qty=0.061830
[07:49:59.030] [OK] [PLAN] HOT entry=80864.90 exit=80875.17 profit=0.634994 age=889ms
[07:50:01.446] [OK] [EXEC] BUY FILL UPDATE delta=0.061830 avg=80864.90
[07:50:01.449] [OK] [EXEC] CHUNK ADD qty=0.061830 entry=80864.90
[07:50:01.452] [INFO] [EXEC] CHUNK COUNT n=1
[07:50:01.453] [OK] [EXEC] INVENTORY qty=0.061830
[07:50:01.454] [OK] [EXEC] SELL REQUIRED inventory=0.061830
[07:50:01.455] [OK] [EXEC] BUY PARTIAL delta=0.061830 total=0.061830
[07:50:01.456] [OK] [EXEC] BUY REMAINING qty=0.000000
[07:50:01.457] [OK] [EXEC] BUY FILLED id=384792013
[07:50:01.853] [OK] [SYNC] order filled detected
[07:50:01.856] [OK] [SYNC] BUY filled on exchange
[07:50:01.857] [WARNING] [EXEC] SELL_QTY_CLAMP inventory=0.061830 free=0.060827 final=0.060827
[07:50:02.435] [INFO] [EXEC] SELL CHECK inventory=0.061830 reported=0.000000 remaining=0.061830 chunks=1
[07:50:02.438] [OK] [EXEC] PLACE SELL price=80872.99 qty=0.061830
[07:50:02.707] [OK] [EXEC] SELL ORDER SENT orderId=384792197
[07:50:03.348] [OK] [PLAN] READY entry=80859.01 exit=80866.18 profit=0.443321 age=1225ms
[07:50:04.011] [WARNING] [EXEC] TAKER_EXIT_TRIGGER reason=timeout_after_ms age=1300 qty=0.061830
[07:50:04.015] [WARNING] [EXEC] TAKER_EXIT_CANCEL_MAKER orderId=384792197
[07:50:05.486] [WARNING] [SYNC] desync fixed
[07:50:05.491] [INFO] [EXEC] EXIT RECOVERY inventory_no_sell qty=0.061830
[07:50:06.116] [INFO] [EXEC] SELL CHECK inventory=0.061830 reported=0.000000 remaining=0.061830 chunks=1
[07:50:06.119] [OK] [EXEC] PLACE SELL price=80872.99 qty=0.061830
[07:50:06.419] [OK] [EXEC] SELL ORDER SENT orderId=384792336
[07:50:06.424] [OK] [PLAN] HOT entry=80861.99 exit=80872.99 profit=0.680130 age=3630ms
[07:50:07.635] [WARNING] [EXEC] TAKER_EXIT_TRIGGER reason=timeout_after_ms age=1233 qty=0.061830
[07:50:07.639] [WARNING] [EXEC] TAKER_EXIT_CANCEL_MAKER orderId=384792336
[07:50:09.117] [WARNING] [SYNC] desync fixed
[07:50:09.121] [INFO] [EXEC] EXIT RECOVERY inventory_no_sell qty=0.061830
[07:50:09.701] [INFO] [EXEC] SELL CHECK inventory=0.061830 reported=0.000000 remaining=0.061830 chunks=1
[07:50:09.703] [OK] [EXEC] PLACE SELL price=80871.00 qty=0.061830
[07:50:09.983] [OK] [EXEC] SELL ORDER SENT orderId=384792382
[07:50:09.989] [OK] [PLAN] HOT entry=80863.06 exit=80871.00 profit=0.490930 age=1768ms
[07:50:10.628] [OK] [SYNC] order filled detected
[07:50:10.633] [OK] [SYNC] SELL filled on exchange
[07:50:10.633] [OK] [EXEC] FIFO CLOSE qty=0.061830 entry=80864.90 exit=80871.00 pnl=+0.377163
[07:50:10.637] [INFO] [EXEC] CHUNK DRAINED
[07:50:10.639] [OK] [EXEC] REALIZED pnl=+0.377163
[07:50:10.641] [INFO] [EXEC] SELL ACCOUNTING RESET flat
[07:50:10.643] [OK] [EXEC] CYCLE CLOSED pnl=+0.377163
[07:50:10.644] [INFO] [EXEC] SESSION realized=+0.493094 wins=9 losses=1
[07:50:10.978] [INFO] [HEALTH] state=GOOD
[07:50:11.257] [INFO] [EXEC] SELL ACCOUNTING RESET new_cycle
[07:50:11.260] [OK] [EXEC] BUY ORDER SENT orderId=384792547 price=80873.42 qty=0.061820
[07:50:11.262] [OK] [EXEC] PLACE BUY price=80873.42 qty=0.061820
[07:50:12.396] [OK] [PLAN] READY entry=80875.83 exit=80881.00 profit=0.319609 age=1144ms
[07:50:13.016] [INFO] [EXEC] ENTRY_REPRICE reason=bid_moved_up old=80873.42 new=80874.02 count=1
[07:50:13.550] [OK] [EXEC] ENTRY_PLACE price=80874.02 qty=0.061820
[07:50:14.402] [INFO] [EXEC] ENTRY_REPRICE reason=bid_moved_up old=80874.02 new=80874.03 count=2
[07:50:15.015] [OK] [EXEC] ENTRY_PLACE price=80874.03 qty=0.061820
[07:50:15.646] [INFO] [EXEC] ENTRY_REPRICE reason=bid_moved_up old=80874.03 new=80878.70 count=3
[07:50:16.177] [OK] [EXEC] ENTRY_PLACE price=80878.70 qty=0.061820
[07:50:17.067] [WARNING] [EXEC] BUY TIMEOUT orderId=384792786
[07:50:17.073] [WARNING] [EXEC] CANCEL BUY orderId=384792786
[07:50:17.371] [OK] [EXEC] BUY CANCELED confirmed
[07:50:17.650] [INFO] [EXEC] BUY FINAL STATUS status=CANCELED orderId=384792786
[07:50:17.654] [WARNING] [EXEC] BLOCK reason=buy_not_filled
[07:50:17.726] [INFO] [HEALTH] state=GOOD
[07:50:17.987] [INFO] [EXEC] SELL ACCOUNTING RESET new_cycle
[07:50:17.991] [OK] [EXEC] BUY ORDER SENT orderId=384792958 price=80891.05 qty=0.061810
[07:50:17.994] [OK] [EXEC] PLACE BUY price=80891.05 qty=0.061810
[07:50:19.550] [INFO] [EXEC] ENTRY_REPRICE reason=bid_moved_up old=80891.05 new=80891.07 count=1
[07:50:20.078] [OK] [EXEC] ENTRY_PLACE price=80891.07 qty=0.061810
[07:50:20.893] [INFO] [EXEC] ENTRY_REPRICE reason=bid_moved_up old=80891.07 new=80895.52 count=2
[07:50:21.446] [OK] [EXEC] ENTRY_PLACE price=80895.52 qty=0.061810
[07:50:22.297] [OK] [EXEC] BUY FILL UPDATE delta=0.061810 avg=80895.51
[07:50:22.300] [OK] [EXEC] CHUNK ADD qty=0.061810 entry=80895.51
[07:50:22.303] [INFO] [EXEC] CHUNK COUNT n=1
[07:50:22.306] [OK] [EXEC] INVENTORY qty=0.061810
[07:50:22.309] [OK] [EXEC] SELL REQUIRED inventory=0.061810
[07:50:22.311] [OK] [EXEC] BUY PARTIAL delta=0.061810 total=0.061810
[07:50:22.312] [OK] [EXEC] BUY REMAINING qty=0.000000
[07:50:22.313] [OK] [EXEC] BUY FILLED id=384793142
[07:50:22.616] [OK] [SYNC] order filled detected
[07:50:22.618] [OK] [SYNC] BUY filled on exchange
[07:50:22.620] [WARNING] [EXEC] SELL_QTY_CLAMP inventory=0.061810 free=0.060827 final=0.060827
[07:50:23.159] [INFO] [EXEC] SELL CHECK inventory=0.061810 reported=0.000000 remaining=0.061800 chunks=1
[07:50:23.161] [OK] [EXEC] PLACE SELL price=80895.54 qty=0.061800
[07:50:23.462] [OK] [EXEC] SELL ORDER SENT orderId=384793330
[07:50:24.037] [INFO] [EXEC] SELL UPSIZE old=0.061800 new=0.061810
[07:50:24.039] [WARNING] [EXEC] SELL TIMEOUT orderId=384793330
[07:50:24.040] [WARNING] [EXEC] CANCEL SELL orderId=384793330
[07:50:24.585] [INFO] [EXEC] SELL FINAL STATUS status=CANCELED orderId=384793330
[07:50:24.589] [INFO] [EXEC] SELL TIMEOUT check fast_exit
[07:50:24.590] [WARNING] [EXEC] FORCE EXIT hard_sl_triggered
[07:50:24.591] [ERROR] [EXEC] HARD SL triggered
[07:50:24.592] [WARNING] [EXEC] PANIC EXIT sl_mode
[07:50:24.867] [WARNING] [EXEC] FORCE EXIT price=80886.37
[07:50:24.870] [OK] [EXEC] PLACE SELL price=80886.37 qty=0.061800
[07:50:25.612] [WARNING] [EXEC] PANIC START price=80886.37
[07:50:25.617] [OK] [EXEC] SELL ORDER SENT orderId=384793441
[07:50:26.775] [OK] [SYNC] order filled detected
[07:50:26.778] [OK] [SYNC] SELL filled on exchange
[07:50:26.779] [OK] [EXEC] FIFO CLOSE qty=0.061800 entry=80895.51 exit=80886.37 pnl=-0.564852
[07:50:26.780] [INFO] [EXEC] CHUNK DRAINED
[07:50:26.781] [OK] [EXEC] REALIZED pnl=-0.564852
[07:50:26.782] [INFO] [EXEC] SELL ACCOUNTING RESET flat
[07:50:26.783] [OK] [EXEC] CYCLE CLOSED pnl=-0.564852
[07:50:26.784] [INFO] [EXEC] SESSION realized=-0.071758 wins=9 losses=2
[07:50:26.786] [INFO] [HEALTH] state=GOOD
[07:50:26.786] [WARNING] [EXEC] BLOCK_BUY reason=cooldown_loss_cycle mode=FAST ws_age=1125 spread=7.63 stable=1/1 mid_delta=0.00 bid_delta=0.00
[07:50:26.979] [OK] [PLAN] READY entry=80882.76 exit=80888.39 profit=0.347990 age=190ms
[07:50:27.773] [INFO] [EXEC] SELL ACCOUNTING RESET new_cycle
[07:50:27.777] [OK] [EXEC] BUY ORDER SENT orderId=384793582 price=80891.04 qty=0.061810
[07:50:27.779] [OK] [EXEC] PLACE BUY price=80891.04 qty=0.061810
[07:50:29.803] [INFO] [EXEC] ENTRY_REPRICE reason=bid_moved_up old=80891.04 new=80891.06 count=1
[07:50:30.354] [OK] [EXEC] ENTRY_PLACE price=80891.06 qty=0.061810
[07:50:30.915] [OK] [SYNC] order filled detected
[07:50:30.917] [OK] [SYNC] BUY filled on exchange
[07:50:30.918] [OK] [EXEC] BUY FILL UPDATE delta=0.061810 avg=80891.06
[07:50:30.919] [OK] [EXEC] CHUNK ADD qty=0.061810 entry=80891.06
[07:50:30.921] [INFO] [EXEC] CHUNK COUNT n=1
[07:50:30.922] [OK] [EXEC] INVENTORY qty=0.061810
[07:50:30.923] [OK] [EXEC] SELL REQUIRED inventory=0.061810
[07:50:30.923] [WARNING] [EXEC] SELL_QTY_CLAMP inventory=0.061810 free=0.060837 final=0.060837
[07:50:31.476] [INFO] [EXEC] SELL CHECK inventory=0.061810 reported=0.000000 remaining=0.061800 chunks=1
[07:50:31.478] [OK] [EXEC] PLACE SELL price=80895.02 qty=0.061800
[07:50:31.740] [OK] [EXEC] SELL ORDER SENT orderId=384793674
[07:50:35.659] [OK] [SYNC] order filled detected
[07:50:35.662] [OK] [SYNC] SELL filled on exchange
[07:50:35.663] [OK] [EXEC] FIFO CLOSE qty=0.061800 entry=80891.06 exit=80895.02 pnl=+0.244728
[07:50:35.664] [INFO] [EXEC] CHUNK DRAINED
[07:50:35.666] [OK] [EXEC] REALIZED pnl=+0.244728
[07:50:35.667] [INFO] [EXEC] SELL ACCOUNTING RESET flat
[07:50:35.668] [OK] [EXEC] CYCLE CLOSED pnl=+0.244728
[07:50:35.669] [INFO] [EXEC] SESSION realized=+0.172970 wins=10 losses=2
[07:50:35.989] [INFO] [HEALTH] state=GOOD
[07:50:36.271] [INFO] [EXEC] SELL ACCOUNTING RESET new_cycle
[07:50:36.276] [OK] [EXEC] BUY ORDER SENT orderId=384793747 price=80891.25 qty=0.061810
[07:50:36.278] [OK] [EXEC] PLACE BUY price=80891.25 qty=0.061810
[07:50:38.063] [INFO] [EXEC] ENTRY_REPRICE reason=bid_moved_up old=80891.25 new=80891.27 count=1
[07:50:38.612] [OK] [EXEC] ENTRY_PLACE price=80891.27 qty=0.061810
[07:50:39.275] [INFO] [EXEC] ENTRY_REPRICE reason=bid_moved_up old=80891.27 new=80899.55 count=2
[07:50:39.813] [OK] [EXEC] ENTRY_PLACE price=80899.55 qty=0.061810
[07:50:40.932] [INFO] [EXEC] ENTRY_REPRICE reason=bid_moved_up old=80899.55 new=80902.55 count=3
[07:50:41.493] [OK] [EXEC] ENTRY_PLACE price=80902.55 qty=0.061810
[07:50:42.136] [WARNING] [EXEC] BUY TIMEOUT orderId=384794017
[07:50:42.140] [WARNING] [EXEC] CANCEL BUY orderId=384794017
[07:50:42.440] [OK] [EXEC] BUY CANCELED confirmed
[07:50:42.729] [INFO] [EXEC] BUY FINAL STATUS status=CANCELED orderId=384794017
[07:50:42.733] [WARNING] [EXEC] BLOCK reason=buy_not_filled
[07:50:42.736] [OK] [PLAN] READY entry=80903.68 exit=80910.78 profit=0.438780 age=1210ms
[07:50:43.024] [INFO] [HEALTH] state=GOOD
[07:50:43.302] [INFO] [EXEC] SELL ACCOUNTING RESET new_cycle
[07:50:43.307] [OK] [EXEC] BUY ORDER SENT orderId=384794066 price=80904.39 qty=0.061800
[07:50:43.311] [OK] [EXEC] PLACE BUY price=80904.39 qty=0.061800
[07:50:44.244] [OK] [PLAN] HOT entry=80907.00 exit=80918.99 profit=0.740862 age=3312ms
[07:50:45.173] [INFO] [EXEC] ENTRY_REPRICE reason=bid_moved_up old=80904.39 new=80906.02 count=1
[07:50:45.709] [OK] [EXEC] ENTRY_PLACE price=80906.02 qty=0.061800
[07:50:45.716] [OK] [PLAN] READY entry=80907.01 exit=80913.00 profit=0.370122 age=4239ms
[07:50:47.171] [INFO] [EXEC] ENTRY_REPRICE reason=bid_moved_up old=80906.02 new=80906.03 count=2
[07:50:47.745] [OK] [EXEC] ENTRY_PLACE price=80906.03 qty=0.061800
[07:50:48.330] [WARNING] [EXEC] BUY TIMEOUT orderId=384794207
[07:50:48.335] [WARNING] [EXEC] CANCEL BUY orderId=384794207
[07:50:48.605] [OK] [EXEC] BUY CANCELED confirmed
[07:50:48.898] [INFO] [EXEC] BUY FINAL STATUS status=CANCELED orderId=384794207
[07:50:48.902] [WARNING] [EXEC] BLOCK reason=buy_not_filled
[07:50:53.017] [INFO] [HEALTH] state=GOOD
[07:50:53.305] [INFO] [EXEC] SELL ACCOUNTING RESET new_cycle
[07:50:53.309] [OK] [EXEC] BUY ORDER SENT orderId=384794332 price=80895.04 qty=0.061800
[07:50:53.311] [OK] [EXEC] PLACE BUY price=80895.04 qty=0.061800
[07:50:54.531] [OK] [PLAN] READY entry=80913.93 exit=80918.99 profit=0.312657 age=1238ms
[07:50:55.139] [INFO] [EXEC] ENTRY_REPRICE reason=bid_moved_up old=80895.04 new=80912.94 count=1
[07:50:55.679] [OK] [EXEC] ENTRY_PLACE price=80912.94 qty=0.061800
[07:50:56.557] [INFO] [EXEC] ENTRY_REPRICE reason=bid_moved_up old=80912.94 new=80915.43 count=2
[07:50:57.087] [OK] [EXEC] ENTRY_PLACE price=80915.43 qty=0.061800
[07:50:58.291] [WARNING] [EXEC] BUY TIMEOUT orderId=384794509
[07:50:58.295] [WARNING] [EXEC] CANCEL BUY orderId=384794509
[07:50:58.563] [OK] [EXEC] BUY CANCELED confirmed
[07:50:58.844] [INFO] [EXEC] BUY FINAL STATUS status=CANCELED orderId=384794509
[07:50:58.849] [WARNING] [EXEC] BLOCK reason=buy_not_filled
[07:50:59.513] [INFO] [HEALTH] state=GOOD
[07:50:59.775] [INFO] [EXEC] SELL ACCOUNTING RESET new_cycle
[07:50:59.781] [OK] [EXEC] BUY ORDER SENT orderId=384794649 price=80922.00 qty=0.061780
[07:50:59.785] [OK] [EXEC] PLACE BUY price=80922.00 qty=0.061780
[07:50:59.790] [OK] [PLAN] READY entry=80922.00 exit=80928.74 profit=0.416397 age=1499ms
[07:51:01.890] [INFO] [EXEC] ENTRY_REPRICE reason=wide_spread_cross old=80922.00 new=80925.84 count=1
[07:51:02.487] [OK] [EXEC] ENTRY_PLACE price=80925.84 qty=0.061780
[07:51:02.492] [OK] [PLAN] HOT entry=80926.82 exit=80935.41 profit=0.530690 age=3603ms
[07:51:02.828] [OK] [PLAN] READY entry=80926.93 exit=80932.98 profit=0.373769 age=4524ms
[07:51:03.924] [INFO] [EXEC] ENTRY_REPRICE reason=wide_spread_cross old=80925.84 new=80927.19 count=2
[07:51:04.490] [OK] [EXEC] ENTRY_PLACE price=80927.19 qty=0.061780
[07:51:04.495] [OK] [PLAN] HOT entry=80928.17 exit=80936.99 profit=0.544900 age=5635ms
[07:51:04.863] [WARNING] [EXEC] BUY TIMEOUT orderId=384794873
[07:51:04.867] [WARNING] [EXEC] CANCEL BUY orderId=384794873
[07:51:05.188] [OK] [EXEC] BUY CANCELED confirmed
[07:51:05.463] [INFO] [EXEC] BUY FINAL STATUS status=CANCELED orderId=384794873
[07:51:05.464] [WARNING] [EXEC] BLOCK reason=buy_not_filled
[07:51:05.466] [OK] [PLAN] READY entry=80928.73 exit=80933.83 profit=0.315078 age=6512ms
[07:51:05.784] [INFO] [HEALTH] state=GOOD
[07:51:06.060] [INFO] [EXEC] SELL ACCOUNTING RESET new_cycle
[07:51:06.065] [OK] [EXEC] BUY ORDER SENT orderId=384794970 price=80931.72 qty=0.061780
[07:51:06.068] [OK] [EXEC] PLACE BUY price=80931.72 qty=0.061780
[07:51:06.338] [OK] [SYNC] order filled detected
[07:51:06.340] [OK] [SYNC] BUY filled on exchange
[07:51:06.341] [OK] [EXEC] BUY FILL UPDATE delta=0.061780 avg=80931.72
[07:51:06.345] [OK] [EXEC] CHUNK ADD qty=0.061780 entry=80931.72
[07:51:06.348] [INFO] [EXEC] CHUNK COUNT n=1
[07:51:06.351] [OK] [EXEC] INVENTORY qty=0.061780
[07:51:06.352] [OK] [EXEC] SELL REQUIRED inventory=0.061780
[07:51:06.528] [WARNING] [EXEC] SELL_QTY_CLAMP inventory=0.061780 free=0.060847 final=0.060847
[07:51:07.079] [INFO] [EXEC] SELL CHECK inventory=0.061780 reported=0.000000 remaining=0.061780 chunks=1
[07:51:07.083] [OK] [EXEC] PLACE SELL price=80934.45 qty=0.061780
[07:51:07.363] [OK] [EXEC] SELL ORDER SENT orderId=384795047
[07:51:08.253] [OK] [PLAN] HOT entry=80925.09 exit=80932.84 profit=0.478795 age=9963ms
[07:51:09.732] [WARNING] [EXEC] SELL_QTY_CLAMP inventory=0.061780 free=0.060847 final=0.060847
[07:51:10.356] [OK] [PLAN] READY entry=80927.52 exit=80932.84 profit=0.328670 age=332ms
[07:51:13.523] [WARNING] [EXEC] SELL_QTY_CLAMP inventory=0.061780 free=0.060847 final=0.060847
[07:51:13.807] [OK] [PLAN] HOT entry=80916.21 exit=80924.50 profit=0.512239 age=3792ms
[07:51:14.097] [OK] [PLAN] READY entry=80917.02 exit=80923.63 profit=0.408432 age=4095ms
[07:51:16.852] [WARNING] [EXEC] SELL_QTY_CLAMP inventory=0.061780 free=0.060847 final=0.060847
[07:51:19.891] [OK] [PLAN] READY entry=80923.24 exit=80928.54 profit=0.327434 age=590ms
[07:51:20.442] [OK] [SYNC] order filled detected
[07:51:20.444] [OK] [SYNC] SELL filled on exchange
[07:51:20.445] [OK] [EXEC] FIFO CLOSE qty=0.061780 entry=80931.72 exit=80934.45 pnl=+0.168659
[07:51:20.447] [INFO] [EXEC] CHUNK DRAINED
[07:51:20.448] [OK] [EXEC] REALIZED pnl=+0.168659
[07:51:20.450] [INFO] [EXEC] SELL ACCOUNTING RESET flat
[07:51:20.453] [OK] [EXEC] CYCLE CLOSED pnl=+0.168659
[07:51:20.456] [INFO] [EXEC] SESSION realized=+0.341629 wins=11 losses=2
[07:51:20.594] [INFO] [HEALTH] state=GOOD
[07:51:20.861] [INFO] [EXEC] SELL ACCOUNTING RESET new_cycle
[07:51:20.865] [OK] [EXEC] BUY ORDER SENT orderId=384795490 price=80931.04 qty=0.061780
[07:51:20.867] [OK] [EXEC] PLACE BUY price=80931.04 qty=0.061780
[07:51:20.869] [OK] [PLAN] HOT entry=80931.04 exit=80947.46 profit=1.014428 age=1590ms
[07:51:22.393] [INFO] [EXEC] ENTRY_REPRICE reason=bid_moved_up old=80931.04 new=80934.03 count=1
[07:51:22.943] [OK] [EXEC] ENTRY_PLACE price=80934.03 qty=0.061780
[07:51:22.949] [OK] [PLAN] READY entry=80935.02 exit=80941.24 profit=0.384209 age=3124ms
[07:51:23.787] [INFO] [EXEC] ENTRY_REPRICE reason=bid_moved_up old=80934.03 new=80934.05 count=2
[07:51:24.352] [OK] [EXEC] ENTRY_PLACE price=80934.05 qty=0.061780
[07:51:24.663] [OK] [SYNC] order filled detected
[07:51:24.666] [OK] [SYNC] BUY filled on exchange
[07:51:24.667] [OK] [EXEC] BUY FILL UPDATE delta=0.061780 avg=80934.04
[07:51:24.669] [OK] [EXEC] CHUNK ADD qty=0.061780 entry=80934.04
[07:51:24.670] [INFO] [EXEC] CHUNK COUNT n=1
[07:51:24.672] [OK] [EXEC] INVENTORY qty=0.061780
[07:51:24.673] [OK] [EXEC] SELL REQUIRED inventory=0.061780
[07:51:24.675] [WARNING] [EXEC] SELL_QTY_CLAMP inventory=0.061780 free=0.060847 final=0.060847
[07:51:25.215] [INFO] [EXEC] SELL CHECK inventory=0.061780 reported=0.000000 remaining=0.061780 chunks=1
[07:51:25.219] [OK] [EXEC] PLACE SELL price=80938.90 qty=0.061780
[07:51:25.518] [OK] [EXEC] SELL ORDER SENT orderId=384795752
[07:51:28.020] [OK] [PLAN] READY entry=80923.01 exit=80928.87 profit=0.362031 age=1402ms
[07:51:29.611] [WARNING] [EXEC] SELL_QTY_CLAMP inventory=0.061780 free=0.060847 final=0.060847
[07:51:29.876] [OK] [PLAN] HOT entry=80923.01 exit=80936.99 profit=0.863684 age=3735ms
[07:51:31.040] [OK] [PLAN] READY entry=80923.54 exit=80929.61 profit=0.375005 age=4896ms
[07:51:32.769] [WARNING] [EXEC] SELL_QTY_CLAMP inventory=0.061780 free=0.060847 final=0.060847
[07:51:42.171] [OK] [PLAN] HOT entry=80924.16 exit=80931.66 profit=0.463350 age=354ms
[07:51:42.868] [WARNING] [EXEC] SELL_QTY_CLAMP inventory=0.061780 free=0.060847 final=0.060847
[07:51:43.130] [OK] [PLAN] READY entry=80924.57 exit=80929.93 profit=0.331141 age=1325ms
[07:51:46.445] [OK] [SYNC] order filled detected
[07:51:46.447] [OK] [SYNC] SELL filled on exchange
[07:51:46.448] [OK] [EXEC] FIFO CLOSE qty=0.061780 entry=80934.04 exit=80938.90 pnl=+0.300251
[07:51:46.450] [INFO] [EXEC] CHUNK DRAINED
[07:51:46.452] [OK] [EXEC] REALIZED pnl=+0.300251
[07:51:46.453] [INFO] [EXEC] SELL ACCOUNTING RESET flat
[07:51:46.455] [OK] [EXEC] CYCLE CLOSED pnl=+0.300251
[07:51:46.456] [INFO] [EXEC] SESSION realized=+0.641880 wins=12 losses=2
[07:51:46.458] [INFO] [HEALTH] state=GOOD
[07:51:46.731] [INFO] [EXEC] SELL ACCOUNTING RESET new_cycle
[07:51:46.737] [OK] [EXEC] BUY ORDER SENT orderId=384796201 price=80932.38 qty=0.061770
[07:51:46.741] [OK] [EXEC] PLACE BUY price=80932.38 qty=0.061770
[07:51:46.744] [OK] [PLAN] READY entry=80932.38 exit=80937.89 profit=0.340353 age=873ms
[07:51:48.860] [INFO] [EXEC] ENTRY_REPRICE reason=bid_moved_up old=80932.38 new=80933.22 count=1
[07:51:49.393] [OK] [EXEC] ENTRY_PLACE price=80933.22 qty=0.061770
[07:51:49.951] [OK] [SYNC] order filled detected
[07:51:49.954] [OK] [SYNC] BUY filled on exchange
[07:51:49.955] [OK] [EXEC] BUY FILL UPDATE delta=0.061770 avg=80933.22
[07:51:49.958] [OK] [EXEC] CHUNK ADD qty=0.061770 entry=80933.22
[07:51:49.961] [INFO] [EXEC] CHUNK COUNT n=1
[07:51:49.963] [OK] [EXEC] INVENTORY qty=0.061770
[07:51:49.964] [OK] [EXEC] SELL REQUIRED inventory=0.061770
[07:51:50.488] [INFO] [EXEC] SELL CHECK inventory=0.061770 reported=0.000000 remaining=0.061760 chunks=1
[07:51:50.491] [OK] [EXEC] PLACE SELL price=80943.61 qty=0.061760
[07:51:50.752] [OK] [EXEC] SELL ORDER SENT orderId=384796304
[07:51:52.905] [OK] [PLAN] READY entry=80931.01 exit=80936.67 profit=0.349675 age=923ms
[07:51:59.814] [WARNING] [EXEC] SELL_QTY_CLAMP inventory=0.061770 free=0.060857 final=0.060857
[07:52:00.710] [OK] [PLAN] READY entry=80932.81 exit=80938.15 profit=0.329852 age=629ms
[07:52:03.516] [WARNING] [EXEC] SELL_QTY_CLAMP inventory=0.061770 free=0.060857 final=0.060857
[07:52:04.718] [OK] [SYNC] order filled detected
[07:52:04.721] [OK] [SYNC] SELL filled on exchange
[07:52:04.721] [OK] [EXEC] FIFO CLOSE qty=0.061760 entry=80933.22 exit=80943.61 pnl=+0.641686
[07:52:04.724] [INFO] [EXEC] CHUNK DRAINED
[07:52:04.727] [OK] [EXEC] REALIZED pnl=+0.641686
[07:52:04.730] [INFO] [EXEC] SELL ACCOUNTING RESET flat
[07:52:04.731] [OK] [EXEC] CYCLE CLOSED pnl=+0.641686
[07:52:04.734] [INFO] [EXEC] SESSION realized=+1.283567 wins=13 losses=2
[07:52:05.444] [INFO] [HEALTH] state=GOOD
[07:52:05.715] [INFO] [EXEC] SELL ACCOUNTING RESET new_cycle
[07:52:05.720] [OK] [EXEC] BUY ORDER SENT orderId=384796695 price=80939.47 qty=0.061770
[07:52:05.721] [OK] [EXEC] PLACE BUY price=80939.47 qty=0.061770
[07:52:07.220] [INFO] [EXEC] ENTRY_REPRICE reason=bid_moved_up old=80939.47 new=80939.49 count=1
[07:52:07.760] [OK] [EXEC] ENTRY_PLACE price=80939.49 qty=0.061770
[07:52:08.606] [OK] [EXEC] BUY FILL UPDATE delta=0.001450 avg=80939.48
[07:52:08.610] [OK] [EXEC] CHUNK ADD qty=0.001450 entry=80939.48
[07:52:08.612] [INFO] [EXEC] CHUNK COUNT n=1
[07:52:08.613] [OK] [EXEC] INVENTORY qty=0.001450
[07:52:08.615] [OK] [EXEC] SELL REQUIRED inventory=0.001450
[07:52:08.616] [OK] [EXEC] BUY PARTIAL delta=0.001450 total=0.001450
[07:52:08.618] [OK] [EXEC] BUY REMAINING qty=0.060320
[07:52:09.478] [OK] [SYNC] order filled detected
[07:52:09.481] [OK] [SYNC] BUY filled on exchange
[07:52:09.482] [OK] [EXEC] BUY FILL UPDATE delta=0.060320 avg=80939.48
[07:52:09.484] [OK] [EXEC] CHUNK ADD qty=0.060320 entry=80939.48
[07:52:09.485] [INFO] [EXEC] CHUNK COUNT n=2
[07:52:09.487] [OK] [EXEC] INVENTORY qty=0.061770
[07:52:09.488] [OK] [EXEC] SELL REQUIRED inventory=0.061770
[07:52:09.754] [INFO] [EXEC] SELL CHECK inventory=0.061770 reported=0.000000 remaining=0.061760 chunks=2
[07:52:09.760] [OK] [EXEC] PLACE SELL price=80944.32 qty=0.061760
[07:52:10.033] [OK] [EXEC] SELL ORDER SENT orderId=384796780
[07:52:10.614] [WARNING] [EXEC] SELL_QTY_CLAMP inventory=0.061770 free=0.060867 final=0.060867
[07:52:18.283] [OK] [PLAN] HOT entry=80913.78 exit=80937.95 profit=1.493464 age=346ms
[07:52:19.434] [OK] [PLAN] READY entry=80919.39 exit=80924.42 profit=0.310753 age=1514ms
[07:52:20.651] [WARNING] [EXEC] SELL_QTY_CLAMP inventory=0.061770 free=0.060867 final=0.060867
[07:52:24.554] [OK] [PLAN] READY entry=80917.80 exit=80922.82 profit=0.310186 age=621ms
[07:52:27.508] [WARNING] [EXEC] SELL_QTY_CLAMP inventory=0.061770 free=0.060867 final=0.060867
[07:52:30.234] [OK] [PLAN] READY entry=80919.48 exit=80924.54 profit=0.312607 age=875ms
[07:52:30.861] [WARNING] [EXEC] SELL_QTY_CLAMP inventory=0.061770 free=0.060867 final=0.060867
[07:52:35.757] [OK] [PLAN] READY entry=80919.09 exit=80924.30 profit=0.321926 age=895ms
[07:52:37.631] [WARNING] [EXEC] SELL_QTY_CLAMP inventory=0.061770 free=0.060867 final=0.060867
[07:52:37.907] [OK] [PLAN] HOT entry=80915.42 exit=80923.55 profit=0.502353 age=897ms
[07:52:38.486] [OK] [PLAN] READY entry=80917.93 exit=80922.98 profit=0.312040 age=1485ms
[07:52:41.225] [WARNING] [EXEC] SELL_QTY_CLAMP inventory=0.061770 free=0.060867 final=0.060867
[07:52:42.414] [OK] [PLAN] READY entry=80917.12 exit=80922.15 profit=0.310804 age=908ms
[07:52:42.991] [OK] [PLAN] HOT entry=80915.00 exit=80922.89 profit=0.487523 age=1493ms
[07:52:44.252] [WARNING] [EXEC] SELL_QTY_CLAMP inventory=0.061770 free=0.060867 final=0.060867
[07:52:47.253] [OK] [PLAN] HOT entry=80929.12 exit=80936.99 profit=0.486209 age=605ms
[07:52:47.624] [WARNING] [EXEC] SELL_QTY_CLAMP inventory=0.061770 free=0.060867 final=0.060867
[07:52:52.239] [OK] [PLAN] READY entry=80928.27 exit=80934.07 profit=0.358324 age=5597ms
[07:52:53.776] [OK] [EXEC] FIFO CLOSE qty=0.001450 entry=80939.48 exit=80944.32 pnl=+0.007018
[07:52:53.780] [INFO] [EXEC] CHUNK DRAINED
[07:52:53.783] [OK] [EXEC] FIFO CLOSE qty=0.060310 entry=80939.48 exit=80944.32 pnl=+0.291900
[07:52:53.787] [INFO] [EXEC] CHUNK DRAINED
[07:52:53.788] [OK] [EXEC] REALIZED pnl=+0.298918
[07:52:53.790] [INFO] [EXEC] SELL ACCOUNTING RESET flat
[07:52:53.791] [OK] [EXEC] CYCLE CLOSED pnl=+0.298918
[07:52:53.793] [INFO] [EXEC] SESSION realized=+1.582485 wins=14 losses=2
[07:52:53.794] [OK] [EXEC] EXIT_FILLED
[07:52:53.796] [INFO] [EXEC] SELL ACCOUNTING RESET flat
[07:52:53.797] [INFO] [EXEC] CYCLE SKIP no_fifo_pnl
[07:52:53.799] [OK] [EXEC] SELL FILLED id=384796780
[07:52:53.800] [OK] [EXEC] SELL FILLED qty=0.061760 remaining=0.000000
[07:52:53.801] [INFO] [EXEC] SELL ACCOUNTING RESET inventory_drained
[07:52:53.803] [INFO] [EXEC] INVENTORY DRAINED epsilon_cleanup qty=0.000000
[07:52:53.804] [INFO] [EXEC] SELL ACCOUNTING RESET flat
[07:52:53.805] [INFO] [EXEC] CYCLE SKIP no_fifo_pnl
[07:52:53.845] [INFO] [HEALTH] state=GOOD
[07:52:54.125] [INFO] [EXEC] SELL ACCOUNTING RESET new_cycle
[07:52:54.132] [OK] [EXEC] BUY ORDER SENT orderId=384798357 price=80937.33 qty=0.061770
[07:52:54.135] [OK] [EXEC] PLACE BUY price=80937.33 qty=0.061770
[07:52:54.141] [OK] [PLAN] HOT entry=80937.33 exit=80951.77 profit=0.891959 age=7466ms
[07:52:54.812] [OK] [EXEC] BUY FILL UPDATE delta=0.000070 avg=80937.33
[07:52:54.814] [OK] [EXEC] CHUNK ADD qty=0.000070 entry=80937.33
[07:52:54.815] [INFO] [EXEC] CHUNK COUNT n=1
[07:52:54.817] [OK] [EXEC] INVENTORY qty=0.000070
[07:52:54.818] [OK] [EXEC] SELL REQUIRED inventory=0.000070
[07:52:54.820] [OK] [EXEC] BUY PARTIAL delta=0.000070 total=0.000070
[07:52:54.821] [OK] [EXEC] BUY REMAINING qty=0.061700
[07:52:54.826] [OK] [PLAN] READY entry=80938.34 exit=80945.00 profit=0.411388 age=8143ms
[07:52:55.898] [INFO] [EXEC] SELL CHECK inventory=0.000070 reported=0.000000 remaining=0.000060 chunks=1
[07:52:55.902] [INFO] [EXEC] SKIP MICRO SELL epsilon=0.000015
[07:52:56.236] [INFO] [EXEC] EXIT RECOVERY inventory_no_sell qty=0.000070
[07:52:57.032] [INFO] [EXEC] SELL CHECK inventory=0.000070 reported=0.000000 remaining=0.000060 chunks=1
[07:52:57.036] [INFO] [EXEC] SKIP MICRO SELL epsilon=0.000015
[07:52:58.214] [INFO] [EXEC] SELL CHECK inventory=0.000070 reported=0.000000 remaining=0.000060 chunks=1
[07:52:58.217] [INFO] [EXEC] SKIP MICRO SELL epsilon=0.000015
[07:52:58.220] [OK] [PLAN] READY entry=80939.44 exit=80944.99 profit=0.342824 age=1131ms
[07:52:59.851] [INFO] [EXEC] SELL CHECK inventory=0.000070 reported=0.000000 remaining=0.000060 chunks=1
[07:52:59.854] [INFO] [EXEC] SKIP MICRO SELL epsilon=0.000015
[07:53:00.507] [INFO] [EXEC] EXIT RECOVERY inventory_no_sell qty=0.000070
[07:53:01.315] [INFO] [EXEC] SELL CHECK inventory=0.000070 reported=0.000000 remaining=0.000060 chunks=1
[07:53:01.318] [INFO] [EXEC] SKIP MICRO SELL epsilon=0.000015
[07:53:02.430] [INFO] [EXEC] SELL CHECK inventory=0.000070 reported=0.000000 remaining=0.000060 chunks=1
[07:53:02.433] [INFO] [EXEC] SKIP MICRO SELL epsilon=0.000015
[07:53:02.435] [OK] [PLAN] READY entry=80941.33 exit=80948.38 profit=0.435478 age=1118ms
[07:53:02.741] [OK] [SYNC] order filled detected
[07:53:02.743] [OK] [SYNC] BUY filled on exchange
[07:53:02.744] [OK] [EXEC] BUY FILL UPDATE delta=0.061700 avg=80937.33
[07:53:02.746] [OK] [EXEC] CHUNK ADD qty=0.061700 entry=80937.33
[07:53:02.748] [INFO] [EXEC] CHUNK COUNT n=2
[07:53:02.749] [OK] [EXEC] INVENTORY qty=0.061770
[07:53:02.751] [OK] [EXEC] SELL REQUIRED inventory=0.061770
[07:53:02.753] [WARNING] [EXEC] SELL_QTY_CLAMP inventory=0.061770 free=0.060937 final=0.060937
[07:53:03.295] [INFO] [EXEC] SELL CHECK inventory=0.061770 reported=0.000000 remaining=0.061760 chunks=2
[07:53:03.299] [OK] [EXEC] PLACE SELL price=80943.97 qty=0.061760
[07:53:03.584] [OK] [EXEC] SELL ORDER SENT orderId=384798778
[07:53:04.166] [INFO] [EXEC] SELL UPSIZE old=0.061760 new=0.061770
[07:53:04.170] [WARNING] [EXEC] SELL TIMEOUT orderId=384798778
[07:53:04.173] [WARNING] [EXEC] CANCEL SELL orderId=384798778
[07:53:04.724] [INFO] [EXEC] SELL FINAL STATUS status=CANCELED orderId=384798778
[07:53:04.728] [INFO] [EXEC] SELL TIMEOUT check fast_exit
[07:53:04.732] [WARNING] [EXEC] FORCE EXIT hard_sl_triggered
[07:53:04.736] [ERROR] [EXEC] HARD SL triggered
[07:53:04.738] [WARNING] [EXEC] PANIC EXIT sl_mode
[07:53:05.038] [WARNING] [EXEC] FORCE EXIT price=80938.95
[07:53:05.040] [OK] [EXEC] PLACE SELL price=80938.95 qty=0.061760
[07:53:05.333] [WARNING] [EXEC] PANIC START price=80938.95
[07:53:05.337] [OK] [EXEC] SELL ORDER SENT orderId=384798887
[07:53:05.890] [OK] [SYNC] order filled detected
[07:53:05.892] [OK] [SYNC] SELL filled on exchange
[07:53:05.893] [OK] [EXEC] FIFO CLOSE qty=0.000070 entry=80937.33 exit=80938.95 pnl=+0.000113
[07:53:05.897] [INFO] [EXEC] CHUNK DRAINED
[07:53:05.900] [OK] [EXEC] FIFO CLOSE qty=0.061690 entry=80937.33 exit=80938.95 pnl=+0.099938
[07:53:05.902] [INFO] [EXEC] CHUNK DRAINED
[07:53:05.904] [OK] [EXEC] REALIZED pnl=+0.100051
[07:53:05.905] [INFO] [EXEC] SELL ACCOUNTING RESET flat
[07:53:05.907] [OK] [EXEC] CYCLE CLOSED pnl=+0.100051
[07:53:05.908] [INFO] [EXEC] SESSION realized=+1.682536 wins=15 losses=2
[07:53:06.362] [INFO] [HEALTH] state=GOOD
[07:53:06.653] [INFO] [EXEC] SELL ACCOUNTING RESET new_cycle
[07:53:06.657] [OK] [EXEC] BUY ORDER SENT orderId=384798936 price=80937.14 qty=0.061770
[07:53:06.662] [OK] [EXEC] PLACE BUY price=80937.14 qty=0.061770
[07:53:08.425] [INFO] [EXEC] ENTRY_REPRICE reason=bid_moved_up old=80937.14 new=80937.16 count=1
[07:53:08.971] [OK] [EXEC] ENTRY_PLACE price=80937.16 qty=0.061770
[07:53:11.277] [INFO] [EXEC] ENTRY_REPRICE reason=bid_moved_up old=80937.16 new=80937.17 count=2
[07:53:11.875] [OK] [EXEC] ENTRY_PLACE price=80937.17 qty=0.061770
[07:53:11.882] [OK] [PLAN] READY entry=80938.16 exit=80943.28 profit=0.316262 age=573ms
[07:53:12.810] [WARNING] [EXEC] BUY TIMEOUT orderId=384799074
[07:53:12.814] [WARNING] [EXEC] CANCEL BUY orderId=384799074
[07:53:13.077] [OK] [EXEC] BUY CANCELED confirmed
[07:53:13.346] [INFO] [EXEC] BUY FINAL STATUS status=CANCELED orderId=384799074
[07:53:13.350] [WARNING] [EXEC] BLOCK reason=buy_not_filled
[07:53:13.377] [INFO] [HEALTH] state=GOOD
[07:53:13.654] [INFO] [EXEC] SELL ACCOUNTING RESET new_cycle
[07:53:13.660] [OK] [EXEC] BUY ORDER SENT orderId=384799149 price=80939.35 qty=0.061770
[07:53:13.662] [OK] [EXEC] PLACE BUY price=80939.35 qty=0.061770
[07:53:15.442] [INFO] [EXEC] ENTRY_REPRICE reason=bid_moved_up old=80939.35 new=80939.37 count=1
[07:53:15.991] [OK] [EXEC] ENTRY_PLACE price=80939.37 qty=0.061770
[07:53:17.564] [INFO] [EXEC] ENTRY_REPRICE reason=bid_moved_up old=80939.37 new=80939.39 count=2
[07:53:18.165] [OK] [EXEC] ENTRY_PLACE price=80939.39 qty=0.061770
[07:53:18.850] [WARNING] [EXEC] BUY TIMEOUT orderId=384799213
[07:53:18.855] [WARNING] [EXEC] CANCEL BUY orderId=384799213
[07:53:19.118] [OK] [EXEC] BUY CANCELED confirmed
[07:53:19.411] [INFO] [EXEC] BUY FINAL STATUS status=CANCELED orderId=384799213
[07:53:19.417] [WARNING] [EXEC] BLOCK reason=buy_not_filled
[07:53:20.380] [INFO] [HEALTH] state=GOOD
[07:53:20.649] [INFO] [EXEC] SELL ACCOUNTING RESET new_cycle
[07:53:20.654] [OK] [EXEC] BUY ORDER SENT orderId=384799357 price=80942.77 qty=0.061770
[07:53:20.656] [OK] [EXEC] PLACE BUY price=80942.77 qty=0.061770
[07:53:20.934] [OK] [SYNC] order filled detected
[07:53:20.937] [OK] [SYNC] BUY filled on exchange
[07:53:20.938] [OK] [EXEC] BUY FILL UPDATE delta=0.061770 avg=80942.77
[07:53:20.941] [OK] [EXEC] CHUNK ADD qty=0.061770 entry=80942.77
[07:53:20.943] [INFO] [EXEC] CHUNK COUNT n=1
[07:53:20.944] [OK] [EXEC] INVENTORY qty=0.061770
[07:53:20.946] [OK] [EXEC] SELL REQUIRED inventory=0.061770
[07:53:21.125] [WARNING] [EXEC] SELL_QTY_CLAMP inventory=0.061770 free=0.060877 final=0.060877
[07:53:21.668] [INFO] [EXEC] SELL CHECK inventory=0.061770 reported=0.000000 remaining=0.061760 chunks=1
[07:53:21.671] [OK] [EXEC] PLACE SELL price=80946.48 qty=0.061760
[07:53:21.970] [OK] [EXEC] SELL ORDER SENT orderId=384799508
[07:53:21.975] [OK] [PLAN] HOT entry=80935.61 exit=80946.48 profit=0.671440 age=752ms
[07:53:24.334] [OK] [PLAN] READY entry=80931.10 exit=80936.99 profit=0.363884 age=874ms
[07:53:29.772] [WARNING] [EXEC] SELL_QTY_CLAMP inventory=0.061770 free=0.060887 final=0.060887
[07:53:30.566] [OK] [PLAN] READY entry=80936.94 exit=80942.79 profit=0.361355 age=954ms
[07:53:32.692] [OK] [PLAN] READY entry=80936.95 exit=80942.52 profit=0.344059 age=632ms
[07:53:33.780] [WARNING] [EXEC] SELL_QTY_CLAMP inventory=0.061770 free=0.060887 final=0.060887
[07:54:12.091] [OK] [PLAN] READY entry=80908.77 exit=80914.46 profit=0.351585 age=945ms
[07:54:13.983] [WARNING] [EXEC] SELL_QTY_CLAMP inventory=0.061770 free=0.060887 final=0.060887
[07:54:18.871] [OK] [PLAN] HOT entry=80903.40 exit=80919.56 profit=0.998688 age=905ms
[07:54:20.086] [WARNING] [EXEC] SELL_QTY_CLAMP inventory=0.061770 free=0.060887 final=0.060887
[07:54:34.127] [OK] [PLAN] READY entry=80911.78 exit=80918.68 profit=0.426351 age=641ms
[07:54:37.363] [WARNING] [EXEC] SELL_QTY_CLAMP inventory=0.061770 free=0.060887 final=0.060887
[07:54:41.097] [OK] [PLAN] READY entry=80923.01 exit=80928.99 profit=0.369444 age=579ms
[07:54:43.394] [OK] [EXEC] FIFO CLOSE qty=0.061760 entry=80942.77 exit=80946.48 pnl=+0.229130
[07:54:43.398] [INFO] [EXEC] CHUNK DRAINED
[07:54:43.399] [OK] [EXEC] REALIZED pnl=+0.229130
[07:54:43.401] [INFO] [EXEC] SELL ACCOUNTING RESET flat
[07:54:43.402] [OK] [EXEC] CYCLE CLOSED pnl=+0.229130
[07:54:43.404] [INFO] [EXEC] SESSION realized=+1.911666 wins=16 losses=2
[07:54:43.405] [OK] [EXEC] EXIT_FILLED
[07:54:43.407] [INFO] [EXEC] SELL ACCOUNTING RESET flat
[07:54:43.409] [INFO] [EXEC] CYCLE SKIP no_fifo_pnl
[07:54:43.410] [OK] [EXEC] SELL FILLED id=384799508
[07:54:43.412] [OK] [EXEC] SELL FILLED qty=0.061760 remaining=0.000000
[07:54:43.413] [INFO] [EXEC] SELL ACCOUNTING RESET inventory_drained
[07:54:43.415] [INFO] [EXEC] INVENTORY DRAINED epsilon_cleanup qty=0.000000
[07:54:43.416] [INFO] [EXEC] SELL ACCOUNTING RESET flat
[07:54:43.417] [INFO] [EXEC] CYCLE SKIP no_fifo_pnl
[07:54:43.548] [INFO] [HEALTH] state=GOOD
[07:54:43.843] [INFO] [EXEC] SELL ACCOUNTING RESET new_cycle
[07:54:43.848] [OK] [EXEC] BUY ORDER SENT orderId=384802902 price=80947.67 qty=0.061760
[07:54:43.852] [OK] [EXEC] PLACE BUY price=80947.67 qty=0.061760
[07:54:45.750] [INFO] [EXEC] ENTRY_REPRICE reason=bid_moved_up old=80947.67 new=80947.69 count=1
[07:54:46.366] [OK] [EXEC] ENTRY_PLACE price=80947.69 qty=0.061760
[07:54:47.305] [OK] [EXEC] BUY FILL UPDATE delta=0.061760 avg=80947.68
[07:54:47.309] [OK] [EXEC] CHUNK ADD qty=0.061760 entry=80947.68
[07:54:47.311] [INFO] [EXEC] CHUNK COUNT n=1
[07:54:47.313] [OK] [EXEC] INVENTORY qty=0.061760
[07:54:47.314] [OK] [EXEC] SELL REQUIRED inventory=0.061760
[07:54:47.316] [OK] [EXEC] BUY PARTIAL delta=0.061760 total=0.061760
[07:54:47.317] [OK] [EXEC] BUY REMAINING qty=0.000000
[07:54:47.319] [OK] [EXEC] BUY FILLED id=384803021
[07:54:47.685] [OK] [SYNC] order filled detected
[07:54:47.688] [OK] [SYNC] BUY filled on exchange
[07:54:47.689] [WARNING] [EXEC] SELL_QTY_CLAMP inventory=0.061760 free=0.060887 final=0.060887
[07:54:48.228] [INFO] [EXEC] SELL CHECK inventory=0.061760 reported=0.000000 remaining=0.061760 chunks=1
[07:54:48.233] [OK] [EXEC] PLACE SELL price=80949.12 qty=0.061760
[07:54:48.510] [OK] [EXEC] SELL ORDER SENT orderId=384803143
[07:54:48.820] [OK] [SYNC] order filled detected
[07:54:48.823] [OK] [SYNC] SELL filled on exchange
[07:54:48.824] [OK] [EXEC] FIFO CLOSE qty=0.061760 entry=80947.68 exit=80949.12 pnl=+0.088934
[07:54:48.826] [INFO] [EXEC] CHUNK DRAINED
[07:54:48.827] [OK] [EXEC] REALIZED pnl=+0.088934
[07:54:48.829] [INFO] [EXEC] SELL ACCOUNTING RESET flat
[07:54:48.830] [OK] [EXEC] CYCLE CLOSED pnl=+0.088934
[07:54:48.832] [INFO] [EXEC] SESSION realized=+2.000600 wins=17 losses=2
[07:54:51.050] [INFO] [HEALTH] state=GOOD
[07:54:51.318] [INFO] [EXEC] SELL ACCOUNTING RESET new_cycle
[07:54:51.322] [OK] [EXEC] BUY ORDER SENT orderId=384803204 price=80945.15 qty=0.061770
[07:54:51.324] [OK] [EXEC] PLACE BUY price=80945.15 qty=0.061770
[07:54:51.959] [OK] [SYNC] order filled detected
[07:54:51.961] [OK] [SYNC] BUY filled on exchange
[07:54:51.962] [OK] [EXEC] BUY FILL UPDATE delta=0.061770 avg=80945.15
[07:54:51.964] [OK] [EXEC] CHUNK ADD qty=0.061770 entry=80945.15
[07:54:51.966] [INFO] [EXEC] CHUNK COUNT n=1
[07:54:51.970] [OK] [EXEC] INVENTORY qty=0.061770
[07:54:51.973] [OK] [EXEC] SELL REQUIRED inventory=0.061770
[07:54:51.977] [WARNING] [EXEC] SELL_QTY_CLAMP inventory=0.061770 free=0.060887 final=0.060887
[07:54:52.538] [INFO] [EXEC] SELL CHECK inventory=0.061770 reported=0.000000 remaining=0.061760 chunks=1
[07:54:52.541] [OK] [EXEC] PLACE SELL price=80951.83 qty=0.061760
[07:54:52.819] [OK] [EXEC] SELL ORDER SENT orderId=384803297
[07:54:53.510] [INFO] [EXEC] SELL UPSIZE old=0.061760 new=0.061770
[07:54:53.514] [WARNING] [EXEC] SELL TIMEOUT orderId=384803297
[07:54:53.515] [WARNING] [EXEC] CANCEL SELL orderId=384803297
[07:54:54.075] [INFO] [EXEC] SELL FINAL STATUS status=CANCELED orderId=384803297
[07:54:54.080] [INFO] [EXEC] SELL TIMEOUT check fast_exit
[07:54:54.083] [WARNING] [EXEC] FORCE EXIT hard_sl_triggered
[07:54:54.086] [ERROR] [EXEC] HARD SL triggered
[07:54:54.088] [WARNING] [EXEC] PANIC EXIT sl_mode
[07:54:54.369] [WARNING] [EXEC] FORCE EXIT price=80946.77
[07:54:54.372] [OK] [EXEC] PLACE SELL price=80946.77 qty=0.061760
[07:54:54.642] [WARNING] [EXEC] PANIC START price=80946.77
[07:54:54.646] [OK] [EXEC] SELL ORDER SENT orderId=384803423
[07:54:55.518] [OK] [PLAN] READY entry=80934.62 exit=80940.39 profit=0.356413 age=2009ms
[07:54:56.562] [OK] [PLAN] HOT entry=80933.79 exit=80942.74 profit=0.552841 age=2595ms
[07:54:57.517] [OK] [PLAN] READY entry=80936.11 exit=80941.67 profit=0.343441 age=4027ms
[07:55:00.048] [WARNING] [EXEC] SELL_QTY_CLAMP inventory=0.061770 free=0.060897 final=0.060897
[07:55:01.296] [OK] [EXEC] FIFO CLOSE qty=0.061760 entry=80945.15 exit=80946.77 pnl=+0.100051
[07:55:01.300] [INFO] [EXEC] CHUNK DRAINED
[07:55:01.302] [OK] [EXEC] REALIZED pnl=+0.100051
[07:55:01.303] [INFO] [EXEC] SELL ACCOUNTING RESET flat
[07:55:01.305] [OK] [EXEC] CYCLE CLOSED pnl=+0.100051
[07:55:01.306] [INFO] [EXEC] SESSION realized=+2.100651 wins=18 losses=2
[07:55:01.308] [OK] [EXEC] EXIT_FILLED
[07:55:01.310] [INFO] [EXEC] SELL ACCOUNTING RESET flat
[07:55:01.311] [INFO] [EXEC] CYCLE SKIP no_fifo_pnl
[07:55:01.313] [OK] [EXEC] SELL FILLED id=384803423
[07:55:01.314] [OK] [EXEC] SELL FILLED qty=0.061760 remaining=0.000000
[07:55:01.317] [INFO] [EXEC] SELL ACCOUNTING RESET inventory_drained
[07:55:01.318] [INFO] [EXEC] INVENTORY DRAINED epsilon_cleanup qty=0.000000
[07:55:01.320] [INFO] [EXEC] SELL ACCOUNTING RESET flat
[07:55:01.321] [INFO] [EXEC] CYCLE SKIP no_fifo_pnl
[07:55:01.324] [OK] [PLAN] HOT entry=80937.13 exit=80944.99 profit=0.485512 age=912ms
[07:55:01.707] [INFO] [HEALTH] state=GOOD
[07:55:01.995] [INFO] [EXEC] SELL ACCOUNTING RESET new_cycle
[07:55:01.999] [OK] [EXEC] BUY ORDER SENT orderId=384803620 price=80942.23 qty=0.061770
[07:55:02.001] [OK] [EXEC] PLACE BUY price=80942.23 qty=0.061770
[07:55:05.360] [INFO] [EXEC] ENTRY_REPRICE reason=bid_moved_up old=80942.23 new=80942.25 count=1
[07:55:05.969] [OK] [EXEC] ENTRY_PLACE price=80942.25 qty=0.061770
[07:55:06.942] [WARNING] [EXEC] BUY TIMEOUT orderId=384803679
[07:55:06.946] [WARNING] [EXEC] CANCEL BUY orderId=384803679
[07:55:07.225] [OK] [EXEC] BUY CANCELED confirmed
[07:55:07.496] [INFO] [EXEC] BUY FINAL STATUS status=CANCELED orderId=384803679
[07:55:07.501] [WARNING] [EXEC] BLOCK reason=buy_not_filled
[07:55:08.053] [INFO] [HEALTH] state=GOOD
[07:55:08.317] [INFO] [EXEC] SELL ACCOUNTING RESET new_cycle
[07:55:08.323] [OK] [EXEC] BUY ORDER SENT orderId=384803772 price=80935.57 qty=0.061770
[07:55:08.329] [OK] [EXEC] PLACE BUY price=80935.57 qty=0.061770
[07:55:08.892] [OK] [SYNC] order filled detected
[07:55:08.894] [OK] [SYNC] BUY filled on exchange
[07:55:08.895] [OK] [EXEC] BUY FILL UPDATE delta=0.061770 avg=80935.57
[07:55:08.898] [OK] [EXEC] CHUNK ADD qty=0.061770 entry=80935.57
[07:55:08.899] [INFO] [EXEC] CHUNK COUNT n=1
[07:55:08.901] [OK] [EXEC] INVENTORY qty=0.061770
[07:55:08.902] [OK] [EXEC] SELL REQUIRED inventory=0.061770
[07:55:09.878] [INFO] [EXEC] SELL CHECK inventory=0.061770 reported=0.000000 remaining=0.061760 chunks=1
[07:55:09.883] [OK] [EXEC] PLACE SELL price=80939.73 qty=0.061760
[07:55:10.162] [OK] [EXEC] SELL ORDER SENT orderId=384804022
[07:55:10.448] [OK] [SYNC] order filled detected
[07:55:10.450] [OK] [SYNC] SELL filled on exchange
[07:55:10.451] [OK] [EXEC] FIFO CLOSE qty=0.061760 entry=80935.57 exit=80939.73 pnl=+0.256922
[07:55:10.453] [INFO] [EXEC] CHUNK DRAINED
[07:55:10.455] [OK] [EXEC] REALIZED pnl=+0.256922
[07:55:10.457] [INFO] [EXEC] SELL ACCOUNTING RESET flat
[07:55:10.458] [OK] [EXEC] CYCLE CLOSED pnl=+0.256922
[07:55:10.459] [INFO] [EXEC] SESSION realized=+2.357573 wins=19 losses=2
[07:55:13.543] [INFO] [HEALTH] state=GOOD
[07:55:13.822] [INFO] [EXEC] SELL ACCOUNTING RESET new_cycle
[07:55:13.827] [OK] [EXEC] BUY ORDER SENT orderId=384804086 price=80944.62 qty=0.061770
[07:55:13.831] [OK] [EXEC] PLACE BUY price=80944.62 qty=0.061770
[07:55:14.700] [OK] [SYNC] order filled detected
[07:55:14.703] [OK] [SYNC] BUY filled on exchange
[07:55:14.704] [OK] [EXEC] BUY FILL UPDATE delta=0.061770 avg=80944.62
[07:55:14.706] [OK] [EXEC] CHUNK ADD qty=0.061770 entry=80944.62
[07:55:14.707] [INFO] [EXEC] CHUNK COUNT n=1
[07:55:14.709] [OK] [EXEC] INVENTORY qty=0.061770
[07:55:14.710] [OK] [EXEC] SELL REQUIRED inventory=0.061770
[07:55:15.318] [INFO] [EXEC] SELL CHECK inventory=0.061770 reported=0.000000 remaining=0.061760 chunks=1
[07:55:15.321] [OK] [EXEC] PLACE SELL price=80949.76 qty=0.061760
[07:55:15.600] [OK] [EXEC] SELL ORDER SENT orderId=384804200
[07:55:16.237] [INFO] [EXEC] SELL UPSIZE old=0.061760 new=0.061770
[07:55:16.242] [WARNING] [EXEC] SELL TIMEOUT orderId=384804200
[07:55:16.245] [WARNING] [EXEC] CANCEL SELL orderId=384804200
[07:55:16.772] [INFO] [EXEC] SELL FINAL STATUS status=CANCELED orderId=384804200
[07:55:16.776] [INFO] [EXEC] SELL TIMEOUT check fast_exit
[07:55:16.778] [WARNING] [EXEC] FORCE EXIT hard_sl_triggered
[07:55:16.779] [ERROR] [EXEC] HARD SL triggered
[07:55:16.781] [WARNING] [EXEC] PANIC EXIT sl_mode
[07:55:17.041] [WARNING] [EXEC] FORCE EXIT price=80937.07
[07:55:17.044] [OK] [EXEC] PLACE SELL price=80937.07 qty=0.061760
[07:55:17.315] [WARNING] [EXEC] PANIC START price=80937.07
[07:55:17.319] [OK] [EXEC] SELL ORDER SENT orderId=384804246
[07:55:19.452] [WARNING] [EXEC] SELL_QTY_CLAMP inventory=0.061770 free=0.060917 final=0.060917
[07:55:24.881] [OK] [EXEC] FIFO CLOSE qty=0.061760 entry=80944.62 exit=80937.07 pnl=-0.466288
[07:55:24.885] [INFO] [EXEC] CHUNK DRAINED
[07:55:24.888] [OK] [EXEC] REALIZED pnl=-0.466288
[07:55:24.891] [INFO] [EXEC] SELL ACCOUNTING RESET flat
[07:55:24.892] [OK] [EXEC] CYCLE CLOSED pnl=-0.466288
[07:55:24.893] [INFO] [EXEC] SESSION realized=+1.891285 wins=19 losses=3
[07:55:24.895] [OK] [EXEC] EXIT_FILLED
[07:55:24.897] [INFO] [EXEC] SELL ACCOUNTING RESET flat
[07:55:24.898] [INFO] [EXEC] CYCLE SKIP no_fifo_pnl
[07:55:24.900] [OK] [EXEC] SELL FILLED id=384804246
[07:55:24.901] [OK] [EXEC] SELL FILLED qty=0.061760 remaining=0.000000
[07:55:24.902] [INFO] [EXEC] SELL ACCOUNTING RESET inventory_drained
[07:55:24.904] [INFO] [EXEC] INVENTORY DRAINED epsilon_cleanup qty=0.000000
[07:55:24.905] [INFO] [EXEC] SELL ACCOUNTING RESET flat
[07:55:24.907] [INFO] [EXEC] CYCLE SKIP no_fifo_pnl
[07:55:25.062] [INFO] [HEALTH] state=GOOD
[07:55:25.063] [WARNING] [EXEC] BLOCK_BUY reason=cooldown_loss_cycle mode=FAST ws_age=92 spread=14.26 stable=1/1 mid_delta=0.00 bid_delta=0.00
[07:55:25.819] [WARNING] [HEALTH] block falling_market bid_ticks=2.00 mid_ticks=-211.00
[07:55:25.822] [WARNING] [HEALTH] negative_momentum ticks=-211.00
[07:55:25.824] [WARNING] [EXEC] BLOCK_BUY reason=mid_momentum_negative mode=FAST ws_age=219 spread=10.00 stable=2/1 mid_delta=-211.00 bid_delta=2.00
[07:55:26.342] [INFO] [EXEC] SELL ACCOUNTING RESET new_cycle
[07:55:26.346] [OK] [EXEC] BUY ORDER SENT orderId=384804583 price=80936.36 qty=0.061770
[07:55:26.350] [OK] [EXEC] PLACE BUY price=80936.36 qty=0.061770
[07:55:26.356] [OK] [PLAN] HOT entry=80936.36 exit=80944.36 profit=0.494160 age=249ms
[07:55:26.920] [OK] [SYNC] order filled detected
[07:55:26.923] [OK] [SYNC] BUY filled on exchange
[07:55:26.924] [OK] [EXEC] BUY FILL UPDATE delta=0.061770 avg=80936.36
[07:55:26.926] [OK] [EXEC] CHUNK ADD qty=0.061770 entry=80936.36
[07:55:26.927] [INFO] [EXEC] CHUNK COUNT n=1
[07:55:26.929] [OK] [EXEC] INVENTORY qty=0.061770
[07:55:26.930] [OK] [EXEC] SELL REQUIRED inventory=0.061770
[07:55:27.067] [WARNING] [EXEC] SELL_QTY_CLAMP inventory=0.061770 free=0.060917 final=0.060917
[07:55:27.618] [INFO] [EXEC] SELL CHECK inventory=0.061770 reported=0.000000 remaining=0.061760 chunks=1
[07:55:27.620] [OK] [EXEC] PLACE SELL price=80939.18 qty=0.061760
[07:55:27.900] [OK] [EXEC] SELL ORDER SENT orderId=384804645
[07:55:28.584] [INFO] [EXEC] SELL UPSIZE old=0.061760 new=0.061770
[07:55:28.589] [WARNING] [EXEC] SELL TIMEOUT orderId=384804645
[07:55:28.592] [WARNING] [EXEC] CANCEL SELL orderId=384804645
[07:55:29.150] [INFO] [EXEC] SELL FINAL STATUS status=CANCELED orderId=384804645
[07:55:29.155] [INFO] [EXEC] SELL TIMEOUT check fast_exit
[07:55:29.156] [WARNING] [EXEC] FORCE EXIT hard_sl_triggered
[07:55:29.158] [ERROR] [EXEC] HARD SL triggered
[07:55:29.159] [WARNING] [EXEC] PANIC EXIT sl_mode
[07:55:29.450] [WARNING] [EXEC] FORCE EXIT price=80936.99
[07:55:29.453] [OK] [EXEC] PLACE SELL price=80936.99 qty=0.061760
[07:55:29.728] [WARNING] [EXEC] PANIC START price=80936.99
[07:55:29.734] [OK] [EXEC] SELL ORDER SENT orderId=384804661
[07:55:30.284] [OK] [SYNC] order filled detected
[07:55:30.286] [OK] [SYNC] SELL filled on exchange
[07:55:30.287] [OK] [EXEC] FIFO CLOSE qty=0.061760 entry=80936.36 exit=80936.99 pnl=+0.038909
[07:55:30.289] [INFO] [EXEC] CHUNK DRAINED
[07:55:30.291] [OK] [EXEC] REALIZED pnl=+0.038909
[07:55:30.292] [INFO] [EXEC] SELL ACCOUNTING RESET flat
[07:55:30.294] [OK] [EXEC] CYCLE CLOSED pnl=+0.038909
[07:55:30.295] [INFO] [EXEC] SESSION realized=+1.930194 wins=20 losses=3
[07:55:30.821] [INFO] [HEALTH] state=GOOD
[07:55:31.096] [INFO] [EXEC] SELL ACCOUNTING RESET new_cycle
[07:55:31.101] [OK] [EXEC] BUY ORDER SENT orderId=384804717 price=80935.76 qty=0.061770
[07:55:31.102] [OK] [EXEC] PLACE BUY price=80935.76 qty=0.061770
[07:55:34.438] [OK] [SYNC] order filled detected
[07:55:34.440] [OK] [SYNC] BUY filled on exchange
[07:55:34.441] [OK] [EXEC] BUY FILL UPDATE delta=0.061770 avg=80935.76
[07:55:34.444] [OK] [EXEC] CHUNK ADD qty=0.061770 entry=80935.76
[07:55:34.445] [INFO] [EXEC] CHUNK COUNT n=1
[07:55:34.447] [OK] [EXEC] INVENTORY qty=0.061770
[07:55:34.448] [OK] [EXEC] SELL REQUIRED inventory=0.061770
[07:55:34.450] [WARNING] [EXEC] SELL_QTY_CLAMP inventory=0.061770 free=0.060927 final=0.060927
[07:55:35.517] [INFO] [EXEC] SELL CHECK inventory=0.061770 reported=0.000000 remaining=0.061760 chunks=1
[07:55:35.520] [OK] [EXEC] PLACE SELL price=80940.10 qty=0.061760
[07:55:35.785] [OK] [EXEC] SELL ORDER SENT orderId=384804811
[07:55:36.412] [OK] [EXEC] FIFO CLOSE qty=0.061760 entry=80935.76 exit=80940.10 pnl=+0.268038
[07:55:36.416] [INFO] [EXEC] CHUNK DRAINED
[07:55:36.418] [OK] [EXEC] REALIZED pnl=+0.268038
[07:55:36.420] [INFO] [EXEC] SELL ACCOUNTING RESET flat
[07:55:36.421] [OK] [EXEC] CYCLE CLOSED pnl=+0.268038
[07:55:36.422] [INFO] [EXEC] SESSION realized=+2.198232 wins=21 losses=3
[07:55:36.424] [OK] [EXEC] EXIT_FILLED
[07:55:36.425] [INFO] [EXEC] SELL ACCOUNTING RESET flat
[07:55:36.427] [INFO] [EXEC] CYCLE SKIP no_fifo_pnl
[07:55:36.428] [OK] [EXEC] SELL FILLED id=384804811
[07:55:36.430] [OK] [EXEC] SELL FILLED qty=0.061760 remaining=0.000000
[07:55:36.431] [INFO] [EXEC] SELL ACCOUNTING RESET inventory_drained
[07:55:36.433] [INFO] [EXEC] INVENTORY DRAINED epsilon_cleanup qty=0.000000
[07:55:36.434] [INFO] [EXEC] SELL ACCOUNTING RESET flat
[07:55:36.435] [INFO] [EXEC] CYCLE SKIP no_fifo_pnl
[07:55:36.758] [INFO] [HEALTH] state=GOOD
[07:55:37.039] [INFO] [EXEC] SELL ACCOUNTING RESET new_cycle
[07:55:37.043] [OK] [EXEC] BUY ORDER SENT orderId=384804836 price=80935.26 qty=0.061770
[07:55:37.047] [OK] [EXEC] PLACE BUY price=80935.26 qty=0.061770
[07:55:38.901] [INFO] [EXEC] ENTRY_REPRICE reason=bid_moved_up old=80935.26 new=80935.28 count=1
[07:55:39.492] [OK] [EXEC] ENTRY_PLACE price=80935.28 qty=0.061770
[07:55:40.870] [OK] [SYNC] order filled detected
[07:55:40.872] [OK] [SYNC] BUY filled on exchange
[07:55:40.872] [OK] [EXEC] BUY FILL UPDATE delta=0.061770 avg=80935.28
[07:55:40.875] [OK] [EXEC] CHUNK ADD qty=0.061770 entry=80935.28
[07:55:40.876] [INFO] [EXEC] CHUNK COUNT n=1
[07:55:40.878] [OK] [EXEC] INVENTORY qty=0.061770
[07:55:40.879] [OK] [EXEC] SELL REQUIRED inventory=0.061770
[07:55:41.417] [INFO] [EXEC] SELL CHECK inventory=0.061770 reported=0.000000 remaining=0.061760 chunks=1
[07:55:41.423] [OK] [EXEC] PLACE SELL price=80938.37 qty=0.061760
[07:55:41.687] [OK] [EXEC] SELL ORDER SENT orderId=384805016
[07:55:42.238] [INFO] [EXEC] SELL UPSIZE old=0.061760 new=0.061770
[07:55:42.242] [WARNING] [EXEC] SELL TIMEOUT orderId=384805016
[07:55:42.244] [WARNING] [EXEC] CANCEL SELL orderId=384805016
[07:55:42.803] [INFO] [EXEC] SELL FINAL STATUS status=CANCELED orderId=384805016
[07:55:42.807] [INFO] [EXEC] SELL TIMEOUT check fast_exit
[07:55:42.809] [WARNING] [EXEC] FORCE EXIT hard_sl_triggered
[07:55:42.811] [ERROR] [EXEC] HARD SL triggered
[07:55:42.812] [WARNING] [EXEC] PANIC EXIT sl_mode
[07:55:43.116] [WARNING] [EXEC] FORCE EXIT price=80936.88
[07:55:43.119] [OK] [EXEC] PLACE SELL price=80936.88 qty=0.061760
[07:55:43.382] [WARNING] [EXEC] PANIC START price=80936.88
[07:55:43.387] [OK] [EXEC] SELL ORDER SENT orderId=384805044
[07:55:47.342] [OK] [SYNC] order filled detected
[07:55:47.345] [OK] [SYNC] SELL filled on exchange
[07:55:47.346] [OK] [EXEC] FIFO CLOSE qty=0.061760 entry=80935.28 exit=80936.88 pnl=+0.098816
[07:55:47.348] [INFO] [EXEC] CHUNK DRAINED
[07:55:47.350] [OK] [EXEC] REALIZED pnl=+0.098816
[07:55:47.352] [INFO] [EXEC] SELL ACCOUNTING RESET flat
[07:55:47.353] [OK] [EXEC] CYCLE CLOSED pnl=+0.098816
[07:55:47.354] [INFO] [EXEC] SESSION realized=+2.297048 wins=22 losses=3
[07:55:47.357] [INFO] [HEALTH] state=GOOD
[07:55:47.615] [INFO] [EXEC] SELL ACCOUNTING RESET new_cycle
[07:55:47.620] [OK] [EXEC] BUY ORDER SENT orderId=384805122 price=80933.37 qty=0.061770
[07:55:47.623] [OK] [EXEC] PLACE BUY price=80933.37 qty=0.061770
[07:55:50.004] [INFO] [EXEC] ENTRY_REPRICE reason=bid_moved_up old=80933.37 new=80933.39 count=1
[07:55:51.027] [OK] [EXEC] ENTRY_PLACE price=80933.39 qty=0.061770
[07:55:51.894] [INFO] [EXEC] ENTRY_REPRICE reason=bid_moved_up old=80933.39 new=80934.17 count=2
[07:55:52.443] [OK] [EXEC] ENTRY_PLACE price=80934.17 qty=0.061770
[07:55:53.023] [WARNING] [EXEC] BUY TIMEOUT orderId=384805176
[07:55:53.026] [WARNING] [EXEC] CANCEL BUY orderId=384805176
[07:55:53.300] [OK] [EXEC] BUY CANCELED confirmed
[07:55:53.581] [INFO] [EXEC] BUY FINAL STATUS status=CANCELED orderId=384805176
[07:55:53.585] [WARNING] [EXEC] BLOCK reason=buy_not_filled
[07:56:02.282] [INFO] [HEALTH] state=GOOD
[07:56:02.545] [INFO] [EXEC] SELL ACCOUNTING RESET new_cycle
[07:56:02.550] [OK] [EXEC] BUY ORDER SENT orderId=384805259 price=80932.22 qty=0.061780
[07:56:02.554] [OK] [EXEC] PLACE BUY price=80932.22 qty=0.061780
[07:56:03.184] [OK] [PLAN] READY entry=80933.23 exit=80938.85 profit=0.347147 age=632ms
[07:56:04.417] [INFO] [EXEC] ENTRY_REPRICE reason=bid_moved_up old=80932.22 new=80932.74 count=1
[07:56:04.957] [OK] [EXEC] ENTRY_PLACE price=80932.74 qty=0.061780
[07:56:05.877] [INFO] [EXEC] ENTRY_REPRICE reason=bid_moved_up old=80932.74 new=80932.94 count=2
[07:56:06.427] [OK] [EXEC] ENTRY_PLACE price=80932.94 qty=0.061780
[07:56:07.050] [INFO] [EXEC] ENTRY_REPRICE reason=bid_moved_up old=80932.94 new=80934.40 count=3
[07:56:07.582] [OK] [EXEC] ENTRY_PLACE price=80934.40 qty=0.061780
[07:56:07.589] [OK] [PLAN] READY entry=80935.39 exit=80941.05 profit=0.349618 age=1219ms
[07:56:08.483] [WARNING] [EXEC] BUY TIMEOUT orderId=384805351
[07:56:08.487] [WARNING] [EXEC] CANCEL BUY orderId=384805351
[07:56:08.758] [OK] [EXEC] BUY CANCELED confirmed
[07:56:09.055] [INFO] [EXEC] BUY FINAL STATUS status=CANCELED orderId=384805351
[07:56:09.060] [WARNING] [EXEC] BLOCK reason=buy_not_filled
[07:56:10.370] [INFO] [HEALTH] state=GOOD
[07:56:10.699] [INFO] [EXEC] SELL ACCOUNTING RESET new_cycle
[07:56:10.704] [OK] [EXEC] BUY ORDER SENT orderId=384805372 price=80935.41 qty=0.061770
[07:56:10.708] [OK] [EXEC] PLACE BUY price=80935.41 qty=0.061770
[07:56:13.076] [INFO] [EXEC] ENTRY_REPRICE reason=bid_moved_up old=80935.41 new=80935.43 count=1
[07:56:13.640] [OK] [EXEC] ENTRY_PLACE price=80935.43 qty=0.061770
[07:56:14.357] [INFO] [EXEC] ENTRY_REPRICE reason=bid_moved_up old=80935.43 new=80935.45 count=2
[07:56:14.908] [OK] [EXEC] ENTRY_PLACE price=80935.45 qty=0.061770
[07:56:15.844] [WARNING] [EXEC] BUY TIMEOUT orderId=384805428
[07:56:15.847] [WARNING] [EXEC] CANCEL BUY orderId=384805428
[07:56:16.121] [OK] [EXEC] BUY CANCELED confirmed
[07:56:16.415] [INFO] [EXEC] BUY FINAL STATUS status=CANCELED orderId=384805428
[07:56:16.419] [WARNING] [EXEC] BLOCK reason=buy_not_filled
[07:56:23.168] [INFO] [HEALTH] state=GOOD
[07:56:23.438] [INFO] [EXEC] SELL ACCOUNTING RESET new_cycle
[07:56:23.442] [OK] [EXEC] BUY ORDER SENT orderId=384805589 price=80929.66 qty=0.061780
[07:56:23.443] [OK] [EXEC] PLACE BUY price=80929.66 qty=0.061780
[07:56:25.221] [INFO] [EXEC] ENTRY_REPRICE reason=bid_moved_up old=80929.66 new=80930.02 count=1
[07:56:25.804] [OK] [EXEC] ENTRY_PLACE price=80930.02 qty=0.061780
[07:56:26.784] [INFO] [EXEC] ENTRY_REPRICE reason=bid_moved_up old=80930.02 new=80932.31 count=2
[07:56:27.326] [OK] [EXEC] ENTRY_PLACE price=80932.31 qty=0.061780
[07:56:28.869] [WARNING] [EXEC] BUY TIMEOUT orderId=384805700
[07:56:28.873] [WARNING] [EXEC] CANCEL BUY orderId=384805700
[07:56:29.164] [OK] [EXEC] BUY CANCELED confirmed
[07:56:29.429] [INFO] [EXEC] BUY FINAL STATUS status=CANCELED orderId=384805700
[07:56:29.433] [WARNING] [EXEC] BLOCK reason=buy_not_filled
[07:56:31.672] [INFO] [HEALTH] state=GOOD
[07:56:32.465] [INFO] [EXEC] SELL ACCOUNTING RESET new_cycle
[07:56:32.469] [OK] [EXEC] BUY ORDER SENT orderId=384805829 price=80934.74 qty=0.061770
[07:56:32.470] [OK] [EXEC] PLACE BUY price=80934.74 qty=0.061770
[07:56:35.576] [OK] [EXEC] BUY FILL UPDATE delta=0.061770 avg=80934.74
[07:56:35.580] [OK] [EXEC] CHUNK ADD qty=0.061770 entry=80934.74
[07:56:35.582] [INFO] [EXEC] CHUNK COUNT n=1
[07:56:35.584] [OK] [EXEC] INVENTORY qty=0.061770
[07:56:35.585] [OK] [EXEC] SELL REQUIRED inventory=0.061770
[07:56:35.587] [OK] [EXEC] BUY PARTIAL delta=0.061770 total=0.061770
[07:56:35.588] [OK] [EXEC] BUY REMAINING qty=0.000000
[07:56:35.590] [OK] [EXEC] BUY FILLED id=384805829
[07:56:36.031] [OK] [SYNC] order filled detected
[07:56:36.034] [OK] [SYNC] BUY filled on exchange
[07:56:36.036] [WARNING] [EXEC] SELL_QTY_CLAMP inventory=0.061770 free=0.060947 final=0.060947
[07:56:36.587] [INFO] [EXEC] SELL CHECK inventory=0.061770 reported=0.000000 remaining=0.061760 chunks=1
[07:56:36.589] [OK] [EXEC] PLACE SELL price=80936.79 qty=0.061760
[07:56:36.886] [OK] [EXEC] SELL ORDER SENT orderId=384805908
[07:56:37.483] [INFO] [EXEC] SELL UPSIZE old=0.061760 new=0.061770
[07:56:37.487] [WARNING] [EXEC] SELL TIMEOUT orderId=384805908
[07:56:37.489] [WARNING] [EXEC] CANCEL SELL orderId=384805908
[07:56:38.504] [INFO] [EXEC] SELL FINAL STATUS status=CANCELED orderId=384805908
[07:56:38.508] [INFO] [EXEC] SELL TIMEOUT check fast_exit
[07:56:38.510] [WARNING] [EXEC] FORCE EXIT hard_sl_triggered
[07:56:38.511] [ERROR] [EXEC] HARD SL triggered
[07:56:38.513] [WARNING] [EXEC] PANIC EXIT sl_mode
[07:56:38.798] [WARNING] [EXEC] FORCE EXIT price=80935.79
[07:56:38.801] [OK] [EXEC] PLACE SELL price=80935.79 qty=0.061760
[07:56:39.075] [WARNING] [EXEC] PANIC START price=80935.79
[07:56:39.079] [OK] [EXEC] SELL ORDER SENT orderId=384805974
[07:56:40.401] [WARNING] [EXEC] SELL_QTY_CLAMP inventory=0.061770 free=0.060957 final=0.060957
[07:56:41.865] [OK] [EXEC] FIFO CLOSE qty=0.041300 entry=80934.74 exit=80935.79 pnl=+0.043365
[07:56:41.869] [OK] [EXEC] REALIZED pnl=+0.043365
[07:56:41.871] [OK] [EXEC] SELL PARTIAL delta=0.041300
[07:56:41.873] [OK] [EXEC] INVENTORY remaining=0.020470
[07:56:41.874] [WARNING] [EXEC] PANIC PARTIAL filled=0.041300 remaining=0.020470
[07:56:50.354] [OK] [SYNC] order filled detected
[07:56:50.357] [OK] [SYNC] SELL filled on exchange
[07:56:50.358] [OK] [EXEC] FIFO CLOSE qty=0.020460 entry=80934.74 exit=80935.79 pnl=+0.021483
[07:56:50.359] [INFO] [EXEC] CHUNK DRAINED
[07:56:50.361] [OK] [EXEC] REALIZED pnl=+0.021483
[07:56:50.363] [INFO] [EXEC] SELL ACCOUNTING RESET flat
[07:56:50.364] [OK] [EXEC] CYCLE CLOSED pnl=+0.064848
[07:56:50.365] [INFO] [EXEC] SESSION realized=+2.361896 wins=23 losses=3
[07:57:21.512] [INFO] [HEALTH] state=GOOD
[07:57:21.788] [INFO] [EXEC] SELL ACCOUNTING RESET new_cycle
[07:57:21.793] [OK] [EXEC] BUY ORDER SENT orderId=384806943 price=80942.13 qty=0.061770
[07:57:21.796] [OK] [EXEC] PLACE BUY price=80942.13 qty=0.061770
[07:57:22.060] [OK] [SYNC] order filled detected
[07:57:22.063] [OK] [SYNC] BUY filled on exchange
[07:57:22.064] [OK] [EXEC] BUY FILL UPDATE delta=0.061770 avg=80942.13
[07:57:22.067] [OK] [EXEC] CHUNK ADD qty=0.061770 entry=80942.13
[07:57:22.072] [INFO] [EXEC] CHUNK COUNT n=1
[07:57:22.074] [OK] [EXEC] INVENTORY qty=0.061770
[07:57:22.076] [OK] [EXEC] SELL REQUIRED inventory=0.061770
[07:57:22.290] [WARNING] [EXEC] SELL_QTY_CLAMP inventory=0.061770 free=0.060957 final=0.060957
[07:57:22.835] [INFO] [EXEC] SELL CHECK inventory=0.061770 reported=0.000000 remaining=0.061760 chunks=1
[07:57:22.839] [OK] [EXEC] PLACE SELL price=80942.59 qty=0.061760
[07:57:23.135] [OK] [EXEC] SELL ORDER SENT orderId=384807026
[07:57:23.144] [OK] [PLAN] HOT entry=80930.07 exit=80942.59 profit=0.773486 age=784ms
[07:57:26.011] [OK] [SYNC] order filled detected
[07:57:26.014] [OK] [SYNC] SELL filled on exchange
[07:57:26.015] [OK] [EXEC] FIFO CLOSE qty=0.061760 entry=80942.13 exit=80942.59 pnl=+0.028410
[07:57:26.019] [INFO] [EXEC] CHUNK DRAINED
[07:57:26.022] [OK] [EXEC] REALIZED pnl=+0.028410
[07:57:26.024] [INFO] [EXEC] SELL ACCOUNTING RESET flat
[07:57:26.027] [OK] [EXEC] CYCLE CLOSED pnl=+0.028410
[07:57:26.029] [INFO] [EXEC] SESSION realized=+2.390306 wins=24 losses=3
[07:57:32.562] [INFO] [HEALTH] state=GOOD
[07:57:32.850] [INFO] [EXEC] SELL ACCOUNTING RESET new_cycle
[07:57:32.856] [OK] [EXEC] BUY ORDER SENT orderId=384807262 price=80943.10 qty=0.061770
[07:57:32.860] [OK] [EXEC] PLACE BUY price=80943.10 qty=0.061770
[07:57:34.466] [OK] [EXEC] BUY FILL UPDATE delta=0.000070 avg=80943.10
[07:57:34.471] [OK] [EXEC] CHUNK ADD qty=0.000070 entry=80943.10
[07:57:34.475] [INFO] [EXEC] CHUNK COUNT n=1
[07:57:34.478] [OK] [EXEC] INVENTORY qty=0.000070
[07:57:34.479] [OK] [EXEC] SELL REQUIRED inventory=0.000070
[07:57:34.481] [OK] [EXEC] BUY PARTIAL delta=0.000070 total=0.000070
[07:57:34.482] [OK] [EXEC] BUY REMAINING qty=0.061700
[07:57:36.129] [INFO] [EXEC] SELL CHECK inventory=0.000070 reported=0.000000 remaining=0.000060 chunks=1
[07:57:36.133] [INFO] [EXEC] SKIP MICRO SELL epsilon=0.000015
[07:57:36.453] [OK] [SYNC] order filled detected
[07:57:36.455] [OK] [SYNC] BUY filled on exchange
[07:57:36.456] [OK] [EXEC] BUY FILL UPDATE delta=0.061700 avg=80943.10
[07:57:36.460] [OK] [EXEC] CHUNK ADD qty=0.061700 entry=80943.10
[07:57:36.463] [INFO] [EXEC] CHUNK COUNT n=2
[07:57:36.465] [OK] [EXEC] INVENTORY qty=0.061770
[07:57:36.467] [OK] [EXEC] SELL REQUIRED inventory=0.061770
[07:57:37.007] [INFO] [EXEC] SELL CHECK inventory=0.061770 reported=0.000000 remaining=0.061760 chunks=2
[07:57:37.010] [OK] [EXEC] PLACE SELL price=80943.13 qty=0.061760
[07:57:37.287] [OK] [EXEC] SELL ORDER SENT orderId=384807544
[07:57:38.513] [OK] [PLAN] READY entry=80915.01 exit=80920.99 profit=0.369504 age=634ms
[07:57:39.983] [WARNING] [EXEC] SELL_QTY_CLAMP inventory=0.061770 free=0.060977 final=0.060977
[07:58:05.661] [OK] [PLAN] HOT entry=80891.85 exit=80900.46 profit=0.532184 age=580ms
[07:58:07.572] [WARNING] [EXEC] SELL_QTY_CLAMP inventory=0.061770 free=0.060977 final=0.060977
[07:58:07.838] [OK] [PLAN] READY entry=80892.74 exit=80898.15 profit=0.334392 age=679ms
[07:58:11.410] [WARNING] [EXEC] SELL_QTY_CLAMP inventory=0.061770 free=0.060977 final=0.060977
[07:58:18.363] [OK] [PLAN] READY entry=80882.70 exit=80888.67 profit=0.369006 age=898ms
[07:58:18.964] [OK] [PLAN] HOT entry=80876.01 exit=80883.93 profit=0.489614 age=1500ms
[07:58:19.853] [OK] [PLAN] READY entry=80877.10 exit=80882.38 profit=0.326410 age=2399ms
[07:58:21.322] [OK] [PLAN] HOT entry=80875.00 exit=80882.55 profit=0.466741 age=3873ms
[07:58:21.707] [WARNING] [EXEC] SELL_QTY_CLAMP inventory=0.061770 free=0.060977 final=0.060977
[07:58:21.976] [OK] [PLAN] READY entry=80876.41 exit=80881.62 profit=0.322082 age=4527ms
[07:58:24.735] [WARNING] [EXEC] SELL_QTY_CLAMP inventory=0.061770 free=0.060977 final=0.060977
[07:58:28.307] [OK] [PLAN] READY entry=80878.12 exit=80883.19 profit=0.313427 age=610ms
[07:58:31.322] [WARNING] [EXEC] SELL_QTY_CLAMP inventory=0.061770 free=0.060977 final=0.060977
[07:58:31.603] [OK] [PLAN] HOT entry=80871.01 exit=80879.44 profit=0.521143 age=909ms
[07:58:34.938] [WARNING] [EXEC] SELL_QTY_CLAMP inventory=0.061770 free=0.060977 final=0.060977
[07:58:36.234] [OK] [PLAN] READY entry=80871.23 exit=80876.56 profit=0.329501 age=970ms
[07:58:39.100] [WARNING] [EXEC] SELL_QTY_CLAMP inventory=0.061770 free=0.060977 final=0.060977
[07:58:49.768] [OK] [PLAN] READY entry=80867.00 exit=80872.42 profit=0.335064 age=911ms
[07:58:53.580] [WARNING] [EXEC] SELL_QTY_CLAMP inventory=0.061770 free=0.060977 final=0.060977
[07:58:53.859] [OK] [PLAN] READY entry=80857.60 exit=80862.94 profit=0.330172 age=1128ms
[07:58:56.627] [WARNING] [EXEC] SELL_QTY_CLAMP inventory=0.061770 free=0.060977 final=0.060977
[07:58:58.156] [OK] [PLAN] READY entry=80851.00 exit=80856.46 profit=0.337646 age=638ms
[07:58:59.737] [WARNING] [EXEC] SELL_QTY_CLAMP inventory=0.061770 free=0.060977 final=0.060977
[07:59:01.959] [INFO] START_CLICK received enabled=True api_ready=True running=True
[07:59:02.362] [WARNING] cancel all requested
[07:59:02.365] [WARNING] [EXEC] STOP canceled panic order, position remains open
[07:59:03.241] [WARNING] [SYNC] desync fixed
[07:59:03.244] [WARNING] [EXEC] STOP with open inventory qty=0.061770
[07:59:03.247] [WARNING] STOP
[07:59:03.248] [WARNING] [EXEC] SELL_QTY_CLAMP inventory=0.061770 free=0.060977 final=0.060977
