[13:37:11.431] [OK] filters loaded
[13:37:13.209] [OK] [PLAN] HOT entry=80791.31 exit=80807.25 profit=0.986367 age=178ms
[13:37:15.549] [OK] [PLAN] READY entry=80802.98 exit=80807.24 profit=0.263566 age=2514ms
[13:37:18.392] [OK] [PLAN] HOT entry=80810.08 exit=80815.99 profit=0.365652 age=806ms
[13:37:25.227] [INFO] [SETTINGS] imported path=C:/Users/Art/Desktop/UB/settings_export.json
[13:37:25.491] [OK] [PLAN] HOT entry=80849.76 exit=80855.08 profit=0.065755 age=263ms
[13:37:27.542] [OK] [SETTINGS] settings saved
[13:37:27.694] [OK] [PLAN] HOT entry=80852.03 exit=80863.08 profit=0.683332 age=168ms
[13:37:28.538] [OK] [PLAN] READY entry=80844.01 exit=80847.20 profit=0.197270 age=1011ms
[13:37:29.838] [OK] [PLAN] HOT entry=80835.89 exit=80842.42 profit=0.403880 age=2309ms
[13:37:30.334] [EXCHANGE] symbol=BTCU base=BTC quote=U status=TRADING permissions=[]
[13:37:30.350] [OK] START
[13:37:30.350] [INFO] [EXEC] LIVE ON
[13:37:30.350] [INFO] [EXEC] WAIT READY
[13:37:30.903] [OK] [EXEC] BUY ORDER SENT orderId=382020323 price=80835.89 qty=0.061850
[13:37:30.903] [OK] [EXEC] PLACE BUY price=80835.89 qty=0.061850
[13:37:31.921] [WS] primary url=wss://stream.binance.com:9443/ws/btcu@bookTicker
[13:37:31.921] [WS] connecting primary
[13:37:31.921] [WS] connected
[13:37:31.921] [WS] LIVE bid=80844.49 ask=80850.00
[13:37:34.389] [OK] [EXEC] BUY FILLED id=382020323
[13:37:34.921] [OK] [SYNC] order filled detected
[13:37:34.921] [OK] [SYNC] BUY filled on exchange
[13:37:34.940] [OK] [EXEC] PLACE SELL price=80835.93 qty=0.061850
[13:37:35.209] [OK] [EXEC] SELL ORDER SENT orderId=382020773
[13:37:35.214] [OK] [PLAN] READY entry=80830.09 exit=80833.87 profit=0.233793 age=7414ms
[13:37:36.252] [WARNING] [EXEC] CANCEL SELL orderId=382020773
[13:37:36.530] [ERROR] [EXEC] HARD SL triggered
[13:37:36.533] [WARNING] [EXEC] PANIC EXIT sl_mode
[13:37:36.536] [WARNING] [EXEC] FORCE EXIT price=80824.00
[13:37:36.537] [OK] [EXEC] PLACE SELL price=80824.00 qty=0.061850
[13:37:36.803] [OK] [EXEC] SELL ORDER SENT orderId=382021040
[13:37:37.294] [WS] LIVE bid=80792.79 ask=80801.92
[13:37:38.107] [OK] [PLAN] HOT entry=80807.47 exit=80815.99 profit=0.527132 age=10321ms
[13:37:39.756] [WARNING] [EXEC] SELL TIMEOUT orderId=382021040
[13:37:39.756] [WARNING] [EXEC] CANCEL SELL orderId=382021040
[13:37:40.300] [INFO] [EXEC] SELL FINAL STATUS status=CANCELED orderId=382021040
[13:37:40.303] [WARNING] [EXEC] PANIC EXIT final_recover_place_sell
[13:37:40.306] [WARNING] [EXEC] PANIC EXIT panic_final_recover
[13:37:40.307] [WARNING] [EXEC] FORCE EXIT price=80816.64
[13:37:40.308] [OK] [EXEC] PLACE SELL price=80816.64 qty=0.061850
[13:37:40.573] [OK] [EXEC] SELL ORDER SENT orderId=382021327
[13:37:42.412] [WS] LIVE bid=80802.01 ask=80809.11
[13:37:42.772] [WARNING] [EXEC] SELL TIMEOUT orderId=382021327
[13:37:42.772] [WARNING] [EXEC] CANCEL SELL orderId=382021327
[13:37:43.302] [INFO] [EXEC] SELL FINAL STATUS status=CANCELED orderId=382021327
[13:37:43.306] [WARNING] [EXEC] PANIC EXIT final_recover_place_sell
[13:37:43.307] [WARNING] [EXEC] PANIC EXIT panic_final_recover
[13:37:43.308] [WARNING] [EXEC] FORCE EXIT price=80810.91
[13:37:43.309] [OK] [EXEC] PLACE SELL price=80810.91 qty=0.061850
[13:37:43.575] [OK] [EXEC] SELL ORDER SENT orderId=382021548
[13:37:43.580] [OK] [PLAN] READY entry=80805.54 exit=80809.91 profit=0.270372 age=14980ms
[13:37:45.924] [WARNING] [EXEC] SELL TIMEOUT orderId=382021548
[13:37:45.929] [WARNING] [EXEC] CANCEL SELL orderId=382021548
[13:37:46.454] [INFO] [EXEC] SELL FINAL STATUS status=CANCELED orderId=382021548
[13:37:46.457] [WARNING] [EXEC] PANIC EXIT final_recover_place_sell
[13:37:46.459] [WARNING] [EXEC] PANIC EXIT panic_final_recover
[13:37:46.460] [WARNING] [EXEC] FORCE EXIT price=80792.99
[13:37:46.461] [OK] [EXEC] PLACE SELL price=80792.99 qty=0.061850
[13:37:46.728] [OK] [EXEC] SELL ORDER SENT orderId=382021871
[13:37:46.737] [OK] [PLAN] HOT entry=80782.88 exit=80791.99 profit=0.563818 age=18121ms
[13:37:46.741] [WS] LIVE bid=80778.01 ask=80801.99
[13:37:48.757] [WARNING] [EXEC] SELL TIMEOUT orderId=382021871
[13:37:48.760] [WARNING] [EXEC] CANCEL SELL orderId=382021871
[13:37:49.301] [INFO] [EXEC] SELL FINAL STATUS status=CANCELED orderId=382021871
[13:37:49.303] [WARNING] [EXEC] PANIC EXIT final_recover_place_sell
[13:37:49.303] [WARNING] [EXEC] PANIC EXIT panic_final_recover
[13:37:49.303] [WARNING] [EXEC] FORCE EXIT price=80758.47
[13:37:49.303] [OK] [EXEC] PLACE SELL price=80758.47 qty=0.061850
[13:37:49.569] [OK] [EXEC] SELL ORDER SENT orderId=382022282
[13:37:50.116] [OK] [SYNC] order filled detected
[13:37:50.116] [OK] [SYNC] SELL filled on exchange
[13:37:50.116] [OK] [EXEC] REALIZED pnl=-4.788427
[13:37:51.425] [OK] [EXEC] BUY ORDER SENT orderId=382022603 price=80765.01 qty=0.061900
[13:37:51.428] [OK] [EXEC] PLACE BUY price=80765.01 qty=0.061900
[13:37:53.406] [WS] LIVE bid=80778.00 ask=80792.77
[13:37:54.809] [OK] [SYNC] order filled detected
[13:37:54.812] [OK] [SYNC] BUY filled on exchange
[13:37:55.428] [OK] [EXEC] PLACE SELL price=80765.05 qty=0.061900
[13:37:55.717] [OK] [EXEC] SELL ORDER SENT orderId=382023130
[13:37:57.104] [WS] LIVE bid=80750.18 ask=80759.75
[13:37:57.981] [OK] [PLAN] READY entry=80748.95 exit=80752.00 profit=0.188856 age=30193ms
[13:37:59.181] [WARNING] [EXEC] SELL TIMEOUT orderId=382023130
[13:37:59.184] [WARNING] [EXEC] CANCEL SELL orderId=382023130
[13:37:59.710] [INFO] [EXEC] SELL FINAL STATUS status=CANCELED orderId=382023130
[13:37:59.710] [WARNING] [EXEC] PANIC EXIT final_recover_place_sell
[13:37:59.710] [WARNING] [EXEC] PANIC EXIT panic_final_recover
[13:37:59.710] [WARNING] [EXEC] FORCE EXIT price=80757.66
[13:37:59.710] [OK] [EXEC] PLACE SELL price=80757.66 qty=0.061900
[13:37:59.990] [OK] [EXEC] SELL ORDER SENT orderId=382023646
[13:38:00.986] [OK] [SYNC] order filled detected
[13:38:00.989] [OK] [SYNC] SELL filled on exchange
[13:38:00.989] [OK] [EXEC] REALIZED pnl=-0.454965
[13:38:01.350] [OK] [EXEC] BUY ORDER SENT orderId=382023785 price=80752.42 qty=0.061910
[13:38:01.350] [OK] [EXEC] PLACE BUY price=80752.42 qty=0.061910
[13:38:01.367] [OK] [PLAN] HOT entry=80752.42 exit=80758.16 profit=0.355363 age=33562ms
[13:38:02.355] [OK] [SYNC] order filled detected
[13:38:02.358] [OK] [SYNC] BUY filled on exchange
[13:38:02.361] [WS] LIVE bid=80752.43 ask=80761.86
[13:38:02.849] [OK] [EXEC] PLACE SELL price=80757.51 qty=0.061910
[13:38:03.132] [OK] [EXEC] SELL ORDER SENT orderId=382023868
[13:38:04.598] [OK] [EXEC] SELL FILLED id=382023868
[13:38:04.603] [OK] [EXEC] SELL FILLED qty=0.061910 remaining=0.000000
[13:38:04.605] [OK] [EXEC] REALIZED pnl=+0.315122
[13:38:05.468] [OK] [EXEC] BUY ORDER SENT orderId=382024161 price=80764.02 qty=0.061900
[13:38:05.472] [OK] [EXEC] PLACE BUY price=80764.02 qty=0.061900
[13:38:06.610] [WS] LIVE bid=80764.03 ask=80785.99
[13:38:07.178] [OK] [SYNC] order filled detected
[13:38:07.178] [OK] [SYNC] BUY filled on exchange
[13:38:07.178] [OK] [EXEC] PLACE SELL price=80783.99 qty=0.061900
[13:38:07.444] [OK] [EXEC] SELL ORDER SENT orderId=382024431
[13:38:09.295] [OK] [SYNC] order filled detected
[13:38:09.297] [OK] [SYNC] SELL filled on exchange
[13:38:09.298] [OK] [EXEC] REALIZED pnl=+1.236143
[13:38:09.571] [OK] [EXEC] BUY ORDER SENT orderId=382024768 price=80780.06 qty=0.061890
[13:38:09.575] [OK] [EXEC] PLACE BUY price=80780.06 qty=0.061890
[13:38:09.581] [OK] [PLAN] READY entry=80780.06 exit=80784.28 profit=0.261176 age=41774ms
[13:38:11.902] [WS] LIVE bid=80821.95 ask=80830.00
[13:38:12.678] [OK] [PLAN] HOT entry=80820.00 exit=80830.77 profit=0.666232 age=44894ms
[13:38:13.662] [WARNING] [EXEC] BUY TIMEOUT orderId=382024768
[13:38:13.662] [WARNING] [EXEC] CANCEL BUY orderId=382024768
[13:38:13.943] [OK] [EXEC] BUY CANCELED confirmed
[13:38:14.210] [INFO] [EXEC] BUY FINAL STATUS status=CANCELED orderId=382024768
[13:38:14.210] [WARNING] [EXEC] BLOCK reason=buy_not_filled
[13:38:15.240] [OK] [EXEC] BUY ORDER SENT orderId=382025598 price=80808.44 qty=0.061870
[13:38:15.256] [OK] [EXEC] PLACE BUY price=80808.44 qty=0.061870
[13:38:16.757] [OK] [SYNC] order filled detected
[13:38:16.772] [OK] [SYNC] BUY filled on exchange
[13:38:16.772] [WS] LIVE bid=80806.78 ask=80814.92
[13:38:16.866] [OK] [EXEC] PLACE SELL price=80823.08 qty=0.061870
[13:38:17.627] [OK] [EXEC] SELL ORDER SENT orderId=382025868
[13:38:17.634] [OK] [PLAN] HOT entry=80816.49 exit=80823.08 profit=0.407657 age=1891ms
[13:38:19.764] [OK] [EXEC] SELL FILLED id=382025868
[13:38:19.768] [OK] [EXEC] SELL FILLED qty=0.061870 remaining=0.000000
[13:38:19.769] [OK] [EXEC] REALIZED pnl=+0.905777
[13:38:20.335] [OK] [EXEC] BUY ORDER SENT orderId=382026123 price=80817.05 qty=0.061860
[13:38:20.353] [OK] [EXEC] PLACE BUY price=80817.05 qty=0.061860
[13:38:21.178] [OK] [SYNC] order filled detected
[13:38:21.195] [OK] [SYNC] BUY filled on exchange
[13:38:21.678] [WS] LIVE bid=80816.80 ask=80826.00
[13:38:21.951] [OK] [EXEC] PLACE SELL price=80830.78 qty=0.061860
[13:38:22.222] [OK] [EXEC] SELL ORDER SENT orderId=382026288
[13:38:25.056] [WARNING] [EXEC] SELL TIMEOUT orderId=382026288
[13:38:25.059] [WARNING] [EXEC] CANCEL SELL orderId=382026288
[13:38:25.590] [INFO] [EXEC] SELL FINAL STATUS status=CANCELED orderId=382026288
[13:38:25.594] [WARNING] [EXEC] PANIC EXIT final_recover_place_sell
[13:38:25.595] [WARNING] [EXEC] PANIC EXIT panic_final_recover
[13:38:25.596] [WARNING] [EXEC] FORCE EXIT price=80825.00
[13:38:25.597] [OK] [EXEC] PLACE SELL price=80825.00 qty=0.061860
[13:38:25.864] [OK] [EXEC] SELL ORDER SENT orderId=382026517
[13:38:26.874] [OK] [SYNC] order filled detected
[13:38:26.874] [OK] [SYNC] SELL filled on exchange
[13:38:26.889] [OK] [EXEC] REALIZED pnl=+0.491787
[13:38:26.889] [WS] LIVE bid=80818.00 ask=80822.54
[13:38:27.991] [OK] [EXEC] BUY ORDER SENT orderId=382026730 price=80827.50 qty=0.061860
[13:38:28.007] [OK] [EXEC] PLACE BUY price=80827.50 qty=0.061860
[13:38:28.804] [OK] [EXEC] BUY FILLED id=382026730
[13:38:28.823] [OK] [PLAN] HOT entry=80821.98 exit=80830.77 profit=0.543749 age=827ms
[13:38:29.851] [OK] [SYNC] order filled detected
[13:38:29.854] [OK] [SYNC] BUY filled on exchange
[13:38:30.576] [OK] [EXEC] PLACE SELL price=80839.33 qty=0.061860
[13:38:30.869] [OK] [EXEC] SELL ORDER SENT orderId=382027029
[13:38:31.395] [OK] [SYNC] order filled detected
[13:38:31.397] [OK] [SYNC] SELL filled on exchange
[13:38:31.397] [OK] [EXEC] REALIZED pnl=+0.731804
[13:38:32.384] [WS] LIVE bid=80839.66 ask=80844.52
[13:38:33.386] [OK] [EXEC] BUY ORDER SENT orderId=382027287 price=80841.77 qty=0.061840
[13:38:33.390] [OK] [EXEC] PLACE BUY price=80841.77 qty=0.061840
[13:38:34.226] [OK] [PLAN] READY entry=80843.83 exit=80848.00 profit=0.257873 age=846ms
[13:38:35.502] [OK] [PLAN] HOT entry=80847.33 exit=80864.00 profit=1.030873 age=2126ms
[13:38:37.063] [WS] LIVE bid=80850.01 ask=80857.99
[13:38:37.387] [WARNING] [EXEC] BUY TIMEOUT orderId=382027287
[13:38:37.389] [WARNING] [EXEC] CANCEL BUY orderId=382027287
[13:38:37.647] [OK] [EXEC] BUY CANCELED confirmed
[13:38:37.912] [INFO] [EXEC] BUY FINAL STATUS status=CANCELED orderId=382027287
[13:38:37.912] [WARNING] [EXEC] BLOCK reason=buy_not_filled
[13:38:37.928] [OK] [PLAN] READY entry=80852.01 exit=80855.99 profit=0.246123 age=3999ms
[13:38:39.257] [OK] [EXEC] BUY ORDER SENT orderId=382027967 price=80853.78 qty=0.061840
[13:38:39.257] [OK] [EXEC] PLACE BUY price=80853.78 qty=0.061840
[13:38:39.257] [OK] [PLAN] HOT entry=80853.78 exit=80864.00 profit=0.632005 age=5873ms
[13:38:40.294] [OK] [SYNC] order filled detected
[13:38:40.295] [OK] [SYNC] BUY filled on exchange
[13:38:40.538] [OK] [EXEC] PLACE SELL price=80853.82 qty=0.061840
[13:38:40.804] [OK] [EXEC] SELL ORDER SENT orderId=382028167
[13:38:41.819] [OK] [SYNC] order filled detected
[13:38:41.823] [OK] [SYNC] SELL filled on exchange
[13:38:41.824] [OK] [EXEC] REALIZED pnl=+0.001855
[13:38:42.074] [WS] LIVE bid=80842.00 ask=80851.98
[13:38:42.390] [OK] [EXEC] BUY ORDER SENT orderId=382028320 price=80844.01 qty=0.061840
[13:38:42.393] [OK] [EXEC] PLACE BUY price=80844.01 qty=0.061840
[13:38:43.404] [OK] [SYNC] order filled detected
[13:38:43.408] [OK] [SYNC] BUY filled on exchange
[13:38:43.695] [OK] [EXEC] PLACE SELL price=80844.05 qty=0.061840
[13:38:43.961] [OK] [EXEC] SELL ORDER SENT orderId=382028511
[13:38:45.707] [WARNING] [EXEC] CANCEL SELL orderId=382028511
[13:38:45.971] [ERROR] [EXEC] HARD SL triggered
[13:38:45.973] [WARNING] [EXEC] PANIC EXIT sl_mode
[13:38:45.975] [WARNING] [EXEC] FORCE EXIT price=80840.27
[13:38:45.978] [OK] [EXEC] PLACE SELL price=80840.27 qty=0.061840
[13:38:46.251] [OK] [EXEC] SELL ORDER SENT orderId=382028727
[13:38:46.779] [OK] [SYNC] order filled detected
[13:38:46.781] [OK] [SYNC] SELL filled on exchange
[13:38:46.782] [OK] [EXEC] REALIZED pnl=-0.231282
[13:38:47.100] [OK] [EXEC] BUY ORDER SENT orderId=382028814 price=80828.19 qty=0.061850
[13:38:47.105] [OK] [EXEC] PLACE BUY price=80828.19 qty=0.061850
[13:38:47.113] [WS] LIVE bid=80826.19 ask=80841.99
[13:38:51.053] [OK] [EXEC] BUY FILLED id=382028814
[13:38:51.655] [OK] [SYNC] order filled detected
[13:38:51.657] [OK] [SYNC] BUY filled on exchange
[13:38:52.254] [OK] [EXEC] PLACE SELL price=80828.23 qty=0.061850
[13:38:52.538] [OK] [EXEC] SELL ORDER SENT orderId=382029227
[13:38:53.116] [OK] [SYNC] order filled detected
[13:38:53.116] [OK] [SYNC] SELL filled on exchange
[13:38:53.116] [OK] [EXEC] REALIZED pnl=+0.002474
[13:38:53.116] [WS] LIVE bid=80820.56 ask=80826.08
[13:38:54.071] [OK] [EXEC] BUY ORDER SENT orderId=382029390 price=80807.19 qty=0.061870
[13:38:54.073] [OK] [EXEC] PLACE BUY price=80807.19 qty=0.061870
[13:38:54.934] [OK] [PLAN] READY entry=80812.28 exit=80816.45 profit=0.257998 age=876ms
[13:38:57.538] [WS] LIVE bid=80817.60 ask=80826.00
[13:38:58.559] [OK] [EXEC] BUY FILLED id=382029390
[13:38:59.089] [OK] [SYNC] order filled detected
[13:38:59.091] [OK] [SYNC] BUY filled on exchange
[13:38:59.104] [OK] [EXEC] PLACE SELL price=80813.95 qty=0.061870
[13:38:59.376] [OK] [EXEC] SELL ORDER SENT orderId=382029865
[13:39:00.369] [OK] [SYNC] order filled detected
[13:39:00.372] [OK] [SYNC] SELL filled on exchange
[13:39:00.373] [OK] [EXEC] REALIZED pnl=+0.418241
[13:39:00.991] [OK] [EXEC] BUY ORDER SENT orderId=382030001 price=80809.09 qty=0.061870
[13:39:00.991] [OK] [EXEC] PLACE BUY price=80809.09 qty=0.061870
[13:39:03.084] [WS] LIVE bid=80810.01 ask=80817.99
[13:39:05.320] [WARNING] [EXEC] BUY TIMEOUT orderId=382030001
[13:39:05.323] [WARNING] [EXEC] CANCEL BUY orderId=382030001
[13:39:05.584] [OK] [EXEC] BUY CANCELED confirmed
[13:39:05.854] [INFO] [EXEC] BUY FINAL STATUS status=CANCELED orderId=382030001
[13:39:05.855] [WARNING] [EXEC] BLOCK reason=buy_not_filled
[13:39:06.908] [OK] [EXEC] BUY ORDER SENT orderId=382030605 price=80807.48 qty=0.061870
[13:39:06.912] [OK] [EXEC] PLACE BUY price=80807.48 qty=0.061870
[13:39:06.914] [OK] [PLAN] HOT entry=80807.48 exit=80821.42 profit=0.862468 age=1577ms
[13:39:08.335] [WS] LIVE bid=80807.49 ask=80818.00
[13:39:12.132] [WARNING] [EXEC] BUY TIMEOUT orderId=382030605
[13:39:12.147] [WARNING] [EXEC] CANCEL BUY orderId=382030605
[13:39:12.424] [OK] [EXEC] BUY CANCELED confirmed
[13:39:12.699] [INFO] [EXEC] BUY FINAL STATUS status=CANCELED orderId=382030605
[13:39:12.702] [WARNING] [EXEC] BLOCK reason=buy_not_filled
[13:39:12.974] [WS] LIVE bid=80814.18 ask=80821.84
[13:39:13.508] [OK] [EXEC] BUY ORDER SENT orderId=382031009 price=80808.81 qty=0.061870
[13:39:13.513] [OK] [EXEC] PLACE BUY price=80808.81 qty=0.061870
[13:39:17.919] [WS] LIVE bid=80813.08 ask=80817.66
[13:39:18.220] [WARNING] [EXEC] BUY TIMEOUT orderId=382031009
[13:39:18.224] [WARNING] [EXEC] CANCEL BUY orderId=382031009
[13:39:18.475] [OK] [EXEC] BUY CANCELED confirmed
[13:39:18.757] [INFO] [EXEC] BUY FINAL STATUS status=CANCELED orderId=382031009
[13:39:18.763] [WARNING] [EXEC] BLOCK reason=buy_not_filled
[13:39:20.083] [OK] [EXEC] BUY ORDER SENT orderId=382031368 price=80807.49 qty=0.061870
[13:39:20.086] [OK] [EXEC] PLACE BUY price=80807.49 qty=0.061870
[13:39:21.668] [OK] [PLAN] HOT entry=80812.93 exit=80824.00 profit=0.684901 age=1578ms
[13:39:22.679] [WS] LIVE bid=80810.95 ask=80820.92
[13:39:23.601] [OK] [EXEC] BUY FILLED id=382031368
[13:39:24.132] [OK] [SYNC] order filled detected
[13:39:24.132] [OK] [SYNC] BUY filled on exchange
[13:39:24.210] [OK] [EXEC] PLACE SELL price=80810.11 qty=0.061870
[13:39:24.489] [OK] [EXEC] SELL ORDER SENT orderId=382031732
[13:39:25.532] [OK] [SYNC] order filled detected
[13:39:25.535] [OK] [SYNC] SELL filled on exchange
[13:39:25.536] [OK] [EXEC] REALIZED pnl=+0.162099
[13:39:26.226] [OK] [EXEC] BUY ORDER SENT orderId=382031792 price=80807.03 qty=0.061870
[13:39:26.230] [OK] [EXEC] PLACE BUY price=80807.03 qty=0.061870
[13:39:26.980] [OK] [EXEC] BUY FILLED id=382031792
[13:39:28.007] [OK] [SYNC] order filled detected
[13:39:28.010] [OK] [SYNC] BUY filled on exchange
[13:39:28.279] [WS] LIVE bid=80805.04 ask=80813.60
[13:39:28.296] [OK] [EXEC] PLACE SELL price=80807.07 qty=0.061870
[13:39:28.553] [OK] [EXEC] SELL ORDER SENT orderId=382031996
[13:39:30.288] [WARNING] [EXEC] CANCEL SELL orderId=382031996
[13:39:30.554] [ERROR] [EXEC] HARD SL triggered
[13:39:30.554] [WARNING] [EXEC] PANIC EXIT sl_mode
[13:39:30.554] [WARNING] [EXEC] FORCE EXIT price=80798.55
[13:39:30.554] [OK] [EXEC] PLACE SELL price=80798.55 qty=0.061870
[13:39:30.839] [OK] [EXEC] SELL ORDER SENT orderId=382032141
[13:39:31.930] [OK] [SYNC] order filled detected
[13:39:31.933] [OK] [SYNC] SELL filled on exchange
[13:39:31.934] [OK] [EXEC] REALIZED pnl=-0.524658
[13:39:32.702] [OK] [EXEC] BUY ORDER SENT orderId=382032304 price=80794.78 qty=0.061880
[13:39:32.705] [OK] [EXEC] PLACE BUY price=80794.78 qty=0.061880
[13:39:32.709] [WS] LIVE bid=80795.88 ask=80802.00
[13:39:33.666] [OK] [PLAN] READY entry=80796.79 exit=80799.99 profit=0.198016 age=962ms
[13:39:37.677] [WARNING] [EXEC] BUY TIMEOUT orderId=382032304
[13:39:37.681] [WARNING] [EXEC] CANCEL BUY orderId=382032304
[13:39:37.941] [OK] [EXEC] BUY CANCELED confirmed
[13:39:38.215] [INFO] [EXEC] BUY FINAL STATUS status=CANCELED orderId=382032304
[13:39:38.218] [WARNING] [EXEC] BLOCK reason=buy_not_filled
[13:39:39.242] [WS] LIVE bid=80799.57 ask=80818.00
[13:39:39.568] [OK] [EXEC] BUY ORDER SENT orderId=382032675 price=80810.88 qty=0.061870
[13:39:39.568] [OK] [EXEC] PLACE BUY price=80810.88 qty=0.061870
[13:39:39.568] [OK] [PLAN] READY entry=80810.88 exit=80815.18 profit=0.266041 age=1891ms
[13:39:40.601] [OK] [SYNC] order filled detected
[13:39:40.601] [OK] [SYNC] BUY filled on exchange
[13:39:40.861] [OK] [EXEC] PLACE SELL price=80812.90 qty=0.061870
[13:39:41.126] [OK] [EXEC] SELL ORDER SENT orderId=382032781
[13:39:41.132] [OK] [PLAN] HOT entry=80801.57 exit=80812.90 profit=0.700987 age=3448ms
[13:39:42.178] [OK] [SYNC] order filled detected
[13:39:42.194] [OK] [SYNC] SELL filled on exchange
[13:39:42.194] [OK] [EXEC] REALIZED pnl=+0.124977
[13:39:43.256] [WS] LIVE bid=80811.18 ask=80818.00
[13:39:45.328] [OK] [EXEC] BUY ORDER SENT orderId=382033097 price=80809.75 qty=0.061870
[13:39:45.331] [OK] [EXEC] PLACE BUY price=80809.75 qty=0.061870
[13:39:49.031] [WS] LIVE bid=80824.41 ask=80837.18
[13:39:49.303] [WARNING] [EXEC] BUY TIMEOUT orderId=382033097
[13:39:49.319] [WARNING] [EXEC] CANCEL BUY orderId=382033097
[13:39:49.590] [OK] [EXEC] BUY CANCELED confirmed
[13:39:49.861] [INFO] [EXEC] BUY FINAL STATUS status=CANCELED orderId=382033097
[13:39:49.865] [WARNING] [EXEC] BLOCK reason=buy_not_filled
[13:39:51.382] [OK] [EXEC] BUY ORDER SENT orderId=382033728 price=80845.68 qty=0.061840
[13:39:51.382] [OK] [EXEC] PLACE BUY price=80845.68 qty=0.061840
[13:39:53.460] [WS] LIVE bid=80850.61 ask=80856.36
[13:39:55.008] [OK] [SYNC] order filled detected
[13:39:55.011] [OK] [SYNC] BUY filled on exchange
[13:39:55.679] [OK] [EXEC] PLACE SELL price=80855.25 qty=0.061840
[13:39:55.950] [OK] [EXEC] SELL ORDER SENT orderId=382034029
[13:39:56.492] [OK] [SYNC] order filled detected
[13:39:56.495] [OK] [SYNC] SELL filled on exchange
[13:39:56.495] [OK] [EXEC] REALIZED pnl=+0.591809
[13:39:56.871] [OK] [EXEC] BUY ORDER SENT orderId=382034061 price=80852.01 qty=0.061840
[13:39:56.875] [OK] [EXEC] PLACE BUY price=80852.01 qty=0.061840
[13:39:57.413] [OK] [SYNC] order filled detected
[13:39:57.413] [OK] [SYNC] BUY filled on exchange
[13:39:58.159] [WS] LIVE bid=80844.08 ask=80850.00
[13:39:58.179] [OK] [EXEC] PLACE SELL price=80852.05 qty=0.061840
[13:39:58.429] [OK] [EXEC] SELL ORDER SENT orderId=382034180
[13:39:58.448] [OK] [PLAN] READY entry=80844.98 exit=80847.99 profit=0.186138 age=1579ms
[13:40:00.476] [OK] [EXEC] SELL FILLED id=382034180
[13:40:00.476] [OK] [EXEC] SELL FILLED qty=0.061840 remaining=0.000000
[13:40:00.491] [OK] [EXEC] REALIZED pnl=+0.002474
[13:40:00.491] [OK] [PLAN] HOT entry=80844.98 exit=80852.35 profit=0.455761 age=3609ms
[13:40:01.975] [OK] [EXEC] BUY ORDER SENT orderId=382034551 price=80841.87 qty=0.061840
[13:40:01.975] [OK] [EXEC] PLACE BUY price=80841.87 qty=0.061840
[13:40:03.870] [WS] LIVE bid=80855.44 ask=80863.74
[13:40:07.563] [WARNING] [EXEC] BUY TIMEOUT orderId=382034551
[13:40:07.566] [WARNING] [EXEC] CANCEL BUY orderId=382034551
[13:40:07.819] [OK] [EXEC] BUY CANCELED confirmed
[13:40:08.092] [INFO] [EXEC] BUY FINAL STATUS status=CANCELED orderId=382034551
[13:40:08.092] [WARNING] [EXEC] BLOCK reason=buy_not_filled
[13:40:08.108] [OK] [PLAN] HOT entry=80852.01 exit=80857.21 profit=0.321568 age=1875ms
[13:40:08.664] [WS] LIVE bid=80847.74 ask=80850.62
[13:40:09.525] [OK] [EXEC] BUY ORDER SENT orderId=382035553 price=80849.12 qty=0.061840
[13:40:09.529] [OK] [EXEC] PLACE BUY price=80849.12 qty=0.061840
[13:40:12.988] [WS] LIVE bid=80872.97 ask=80880.82
[13:40:13.810] [WARNING] [EXEC] BUY TIMEOUT orderId=382035553
[13:40:13.813] [WARNING] [EXEC] CANCEL BUY orderId=382035553
[13:40:14.084] [OK] [EXEC] BUY CANCELED confirmed
[13:40:14.361] [INFO] [EXEC] BUY FINAL STATUS status=CANCELED orderId=382035553
[13:40:14.364] [WARNING] [EXEC] BLOCK reason=buy_not_filled
[13:40:15.414] [OK] [EXEC] BUY ORDER SENT orderId=382036501 price=80839.19 qty=0.061850
[13:40:15.418] [OK] [EXEC] PLACE BUY price=80839.19 qty=0.061850
[13:40:15.424] [OK] [PLAN] HOT entry=80839.19 exit=80853.09 profit=0.859715 age=1593ms
[13:40:16.413] [OK] [SYNC] order filled detected
[13:40:16.413] [OK] [SYNC] BUY filled on exchange
[13:40:16.711] [OK] [EXEC] PLACE SELL price=80853.09 qty=0.061850
[13:40:16.979] [OK] [EXEC] SELL ORDER SENT orderId=382036640
[13:40:18.241] [WS] LIVE bid=80843.29 ask=80848.44
[13:40:20.115] [WARNING] [EXEC] SELL TIMEOUT orderId=382036640
[13:40:20.115] [WARNING] [EXEC] CANCEL SELL orderId=382036640
[13:40:20.648] [INFO] [EXEC] SELL FINAL STATUS status=CANCELED orderId=382036640
[13:40:20.648] [WARNING] [EXEC] PANIC EXIT final_recover_place_sell
[13:40:20.648] [WARNING] [EXEC] PANIC EXIT panic_final_recover
[13:40:20.648] [WARNING] [EXEC] FORCE EXIT price=80852.09
[13:40:20.663] [OK] [EXEC] PLACE SELL price=80852.09 qty=0.061850
[13:40:20.927] [OK] [EXEC] SELL ORDER SENT orderId=382037076
[13:40:22.795] [WARNING] [EXEC] SELL TIMEOUT orderId=382037076
[13:40:22.798] [WARNING] [EXEC] CANCEL SELL orderId=382037076
[13:40:23.319] [INFO] [EXEC] SELL FINAL STATUS status=CANCELED orderId=382037076
[13:40:23.337] [WARNING] [EXEC] PANIC EXIT final_recover_place_sell
[13:40:23.340] [WARNING] [EXEC] PANIC EXIT panic_final_recover
[13:40:23.342] [WARNING] [EXEC] FORCE EXIT price=80831.64
[13:40:23.344] [OK] [EXEC] PLACE SELL price=80831.64 qty=0.061850
[13:40:23.608] [OK] [EXEC] SELL ORDER SENT orderId=382037389
[13:40:24.075] [WS] LIVE bid=80840.33 ask=80852.77
[13:40:24.968] [OK] [EXEC] SELL FILLED id=382037389
[13:40:24.971] [OK] [EXEC] SELL FILLED qty=0.061850 remaining=0.000000
[13:40:24.973] [OK] [EXEC] REALIZED pnl=-0.190810
[13:40:26.082] [OK] [EXEC] BUY ORDER SENT orderId=382037709 price=80844.00 qty=0.061840
[13:40:26.084] [OK] [EXEC] PLACE BUY price=80844.00 qty=0.061840
[13:40:26.084] [OK] [PLAN] READY entry=80844.00 exit=80848.00 profit=0.247360 age=1585ms
[13:40:28.680] [OK] [PLAN] HOT entry=80853.40 exit=80870.78 profit=1.074779 age=4181ms
[13:40:29.207] [WS] LIVE bid=80851.21 ask=80871.00
[13:40:29.557] [OK] [PLAN] READY entry=80860.00 exit=80864.00 profit=0.247320 age=5060ms
[13:40:31.116] [WARNING] [EXEC] BUY TIMEOUT orderId=382037709
[13:40:31.116] [WARNING] [EXEC] CANCEL BUY orderId=382037709
[13:40:31.397] [OK] [EXEC] BUY CANCELED confirmed
[13:40:31.663] [INFO] [EXEC] BUY FINAL STATUS status=CANCELED orderId=382037709
[13:40:31.663] [WARNING] [EXEC] BLOCK reason=buy_not_filled
[13:40:31.679] [OK] [PLAN] HOT entry=80874.38 exit=80885.11 profit=0.663329 age=6631ms
[13:40:33.756] [WS] LIVE bid=80878.32 ask=80884.48
[13:40:34.741] [OK] [EXEC] BUY ORDER SENT orderId=382038708 price=80878.41 qty=0.061820
[13:40:34.741] [OK] [EXEC] PLACE BUY price=80878.41 qty=0.061820
[13:40:35.290] [OK] [SYNC] order filled detected
[13:40:35.292] [OK] [SYNC] BUY filled on exchange
[13:40:35.990] [OK] [EXEC] PLACE SELL price=80879.03 qty=0.061820
[13:40:36.258] [OK] [EXEC] SELL ORDER SENT orderId=382038872
[13:40:36.264] [OK] [PLAN] READY entry=80876.00 exit=80879.03 profit=0.187315 age=1515ms
[13:40:39.768] [WS] LIVE bid=80860.43 ask=80866.40
[13:40:40.725] [WARNING] [EXEC] SELL TIMEOUT orderId=382038872
[13:40:40.742] [WARNING] [EXEC] CANCEL SELL orderId=382038872
[13:40:41.277] [INFO] [EXEC] SELL FINAL STATUS status=CANCELED orderId=382038872
[13:40:41.281] [WARNING] [EXEC] PANIC EXIT final_recover_place_sell
[13:40:41.282] [WARNING] [EXEC] PANIC EXIT panic_final_recover
[13:40:41.283] [WARNING] [EXEC] FORCE EXIT price=80860.92
[13:40:41.284] [OK] [EXEC] PLACE SELL price=80860.92 qty=0.061820
[13:40:41.568] [OK] [EXEC] SELL ORDER SENT orderId=382039315
[13:40:42.475] [OK] [EXEC] SELL FILLED id=382039315
[13:40:42.491] [OK] [EXEC] SELL FILLED qty=0.061820 remaining=0.000000
[13:40:42.491] [OK] [EXEC] REALIZED pnl=-1.081232
[13:40:43.444] [WS] LIVE bid=80855.21 ask=80861.18
[13:40:44.268] [OK] [EXEC] BUY ORDER SENT orderId=382039532 price=80854.79 qty=0.061830
[13:40:44.272] [OK] [EXEC] PLACE BUY price=80854.79 qty=0.061830
[13:40:45.278] [OK] [SYNC] order filled detected
[13:40:45.281] [OK] [SYNC] BUY filled on exchange
[13:40:45.383] [OK] [EXEC] PLACE SELL price=80854.83 qty=0.061830
[13:40:45.647] [OK] [EXEC] SELL ORDER SENT orderId=382039700
[13:40:48.522] [WS] LIVE bid=80844.68 ask=80852.77
[13:40:48.787] [WARNING] [EXEC] SELL TIMEOUT orderId=382039700
[13:40:48.787] [WARNING] [EXEC] CANCEL SELL orderId=382039700
[13:40:49.333] [INFO] [EXEC] SELL FINAL STATUS status=CANCELED orderId=382039700
[13:40:49.335] [WARNING] [EXEC] PANIC EXIT final_recover_place_sell
[13:40:49.335] [WARNING] [EXEC] PANIC EXIT panic_final_recover
[13:40:49.335] [WARNING] [EXEC] FORCE EXIT price=80849.00
[13:40:49.335] [OK] [EXEC] PLACE SELL price=80849.00 qty=0.061830
[13:40:49.604] [OK] [EXEC] SELL ORDER SENT orderId=382040132
[13:40:50.662] [OK] [SYNC] order filled detected
[13:40:50.662] [OK] [SYNC] SELL filled on exchange
[13:40:50.662] [OK] [EXEC] REALIZED pnl=-0.357996
[13:40:51.023] [OK] [EXEC] BUY ORDER SENT orderId=382040329 price=80850.68 qty=0.061840
[13:40:51.023] [OK] [EXEC] PLACE BUY price=80850.68 qty=0.061840
[13:40:51.813] [OK] [PLAN] HOT entry=80855.66 exit=80864.00 profit=0.515662 age=781ms
[13:40:53.334] [OK] [PLAN] READY entry=80856.13 exit=80860.02 profit=0.240519 age=2322ms
[13:40:53.906] [WS] LIVE bid=80855.46 ask=80863.01
[13:40:54.812] [WARNING] [EXEC] BUY TIMEOUT orderId=382040329
[13:40:54.815] [WARNING] [EXEC] CANCEL BUY orderId=382040329
[13:40:55.081] [OK] [EXEC] BUY CANCELED confirmed
[13:40:55.349] [INFO] [EXEC] BUY FINAL STATUS status=CANCELED orderId=382040329
[13:40:55.351] [WARNING] [EXEC] BLOCK reason=buy_not_filled
[13:40:55.351] [OK] [PLAN] HOT entry=80852.69 exit=80862.90 profit=0.631386 age=3783ms
[13:40:56.912] [OK] [EXEC] BUY ORDER SENT orderId=382040709 price=80858.83 qty=0.061830
[13:40:56.912] [OK] [EXEC] PLACE BUY price=80858.83 qty=0.061830
[13:40:58.570] [OK] [EXEC] BUY FILLED id=382040709
[13:40:58.570] [OK] [PLAN] READY entry=80859.81 exit=80863.99 profit=0.258449 age=1673ms
[13:40:59.115] [OK] [SYNC] order filled detected
[13:40:59.115] [OK] [SYNC] BUY filled on exchange
[13:40:59.115] [WS] LIVE bid=80853.67 ask=80863.48
[13:40:59.623] [OK] [EXEC] PLACE SELL price=80863.98 qty=0.061830
[13:40:59.891] [OK] [EXEC] SELL ORDER SENT orderId=382040914
[13:40:59.896] [OK] [PLAN] HOT entry=80859.11 exit=80863.98 profit=0.301112 age=2992ms
[13:41:00.426] [OK] [SYNC] order filled detected
[13:41:00.429] [OK] [SYNC] SELL filled on exchange
[13:41:00.430] [OK] [EXEC] REALIZED pnl=+0.318425
[13:41:00.770] [OK] [EXEC] BUY ORDER SENT orderId=382041020 price=80859.45 qty=0.061830
[13:41:00.774] [OK] [EXEC] PLACE BUY price=80859.45 qty=0.061830
[13:41:02.709] [OK] [PLAN] READY entry=80868.01 exit=80871.94 profit=0.242953 age=5813ms
[13:41:03.615] [OK] [PLAN] HOT entry=80876.78 exit=80883.11 profit=0.391321 age=6729ms
[13:41:04.649] [WS] LIVE bid=80874.78 ask=80882.67
[13:41:05.434] [WARNING] [EXEC] BUY TIMEOUT orderId=382041020
[13:41:05.438] [WARNING] [EXEC] CANCEL BUY orderId=382041020
[13:41:05.694] [OK] [EXEC] BUY CANCELED confirmed
[13:41:05.964] [INFO] [EXEC] BUY FINAL STATUS status=CANCELED orderId=382041020
[13:41:05.967] [WARNING] [EXEC] BLOCK reason=buy_not_filled
[13:41:06.787] [OK] [EXEC] BUY ORDER SENT orderId=382041603 price=80898.49 qty=0.061800
[13:41:06.787] [OK] [EXEC] PLACE BUY price=80898.49 qty=0.061800
[13:41:07.860] [OK] [SYNC] order filled detected
[13:41:07.863] [OK] [SYNC] BUY filled on exchange
[13:41:08.709] [OK] [EXEC] PLACE SELL price=80898.53 qty=0.061800
[13:41:08.975] [OK] [EXEC] SELL ORDER SENT orderId=382041761
[13:41:09.520] [OK] [SYNC] order filled detected
[13:41:09.522] [OK] [SYNC] SELL filled on exchange
[13:41:09.522] [OK] [EXEC] REALIZED pnl=+0.001854
[13:41:09.522] [WS] LIVE bid=80891.51 ask=80900.00
[13:41:09.942] [OK] [EXEC] BUY ORDER SENT orderId=382041867 price=80894.17 qty=0.061800
[13:41:09.944] [OK] [EXEC] PLACE BUY price=80894.17 qty=0.061800
[13:41:13.553] [OK] [PLAN] READY entry=80900.17 exit=80904.00 profit=0.236694 age=16654ms
[13:41:14.084] [WS] LIVE bid=80900.77 ask=80906.00
[13:41:15.437] [WARNING] [EXEC] BUY TIMEOUT orderId=382041867
[13:41:15.441] [WARNING] [EXEC] CANCEL BUY orderId=382041867
[13:41:15.709] [OK] [EXEC] BUY CANCELED confirmed
[13:41:15.980] [INFO] [EXEC] BUY FINAL STATUS status=CANCELED orderId=382041867
[13:41:15.984] [WARNING] [EXEC] BLOCK reason=buy_not_filled
[13:41:15.989] [OK] [PLAN] HOT entry=80900.22 exit=80909.45 profit=0.570414 age=18532ms
[13:41:16.585] [OK] [EXEC] BUY ORDER SENT orderId=382042572 price=80898.16 qty=0.061800
[13:41:16.585] [OK] [EXEC] PLACE BUY price=80898.16 qty=0.061800
[13:41:17.607] [OK] [SYNC] order filled detected
[13:41:17.610] [OK] [SYNC] BUY filled on exchange
[13:41:18.163] [OK] [EXEC] PLACE SELL price=80911.28 qty=0.061800
[13:41:18.431] [OK] [EXEC] SELL ORDER SENT orderId=382042774
[13:41:18.439] [OK] [PLAN] READY entry=80907.76 exit=80911.28 profit=0.217501 age=21532ms
[13:41:18.967] [OK] [SYNC] order filled detected
[13:41:18.970] [OK] [SYNC] SELL filled on exchange
[13:41:18.970] [OK] [EXEC] REALIZED pnl=+0.810816
[13:41:19.444] [WS] LIVE bid=80909.50 ask=80913.99
[13:41:20.022] [OK] [EXEC] BUY ORDER SENT orderId=382042998 price=80893.50 qty=0.061800
[13:41:20.022] [OK] [EXEC] PLACE BUY price=80893.50 qty=0.061800
[13:41:20.039] [OK] [PLAN] HOT entry=80893.50 exit=80901.21 profit=0.476478 age=23125ms
[13:41:20.568] [OK] [SYNC] order filled detected
[13:41:20.569] [OK] [SYNC] BUY filled on exchange
[13:41:21.350] [OK] [EXEC] PLACE SELL price=80910.71 qty=0.061800
[13:41:21.615] [OK] [EXEC] SELL ORDER SENT orderId=382043237
[13:41:23.618] [OK] [EXEC] SELL FILLED id=382043237
[13:41:23.621] [OK] [EXEC] SELL FILLED qty=0.061800 remaining=0.000000
[13:41:23.622] [OK] [EXEC] REALIZED pnl=+1.063578
[13:41:23.895] [WS] LIVE bid=80898.01 ask=80913.99
[13:41:24.433] [OK] [EXEC] BUY ORDER SENT orderId=382043465 price=80897.41 qty=0.061800
[13:41:24.436] [OK] [EXEC] PLACE BUY price=80897.41 qty=0.061800
[13:41:25.445] [OK] [SYNC] order filled detected
[13:41:25.448] [OK] [SYNC] BUY filled on exchange
[13:41:25.787] [OK] [EXEC] PLACE SELL price=80904.00 qty=0.061800
[13:41:26.063] [OK] [EXEC] SELL ORDER SENT orderId=382043577
[13:41:26.971] [OK] [EXEC] SELL FILLED id=382043577
[13:41:26.974] [OK] [EXEC] SELL FILLED qty=0.061800 remaining=0.000000
[13:41:26.976] [OK] [EXEC] REALIZED pnl=+0.407262
[13:41:26.978] [OK] [PLAN] READY entry=80907.55 exit=80911.06 profit=0.216883 age=30078ms
[13:41:29.144] [OK] [EXEC] BUY ORDER SENT orderId=382043960 price=80919.76 qty=0.061780
[13:41:29.148] [OK] [EXEC] PLACE BUY price=80919.76 qty=0.061780
[13:41:29.679] [OK] [SYNC] order filled detected
[13:41:29.682] [OK] [SYNC] BUY filled on exchange
[13:41:29.683] [WS] LIVE bid=80917.76 ask=80925.91
[13:41:29.865] [OK] [EXEC] PLACE SELL price=80920.00 qty=0.061780
[13:41:30.134] [OK] [EXEC] SELL ORDER SENT orderId=382044050
[13:41:30.142] [OK] [PLAN] HOT entry=80910.45 exit=80920.00 profit=0.590094 age=988ms
[13:41:31.773] [WARNING] [EXEC] CANCEL SELL orderId=382044050
[13:41:32.042] [ERROR] [EXEC] HARD SL triggered
[13:41:32.045] [WARNING] [EXEC] PANIC EXIT sl_mode
[13:41:32.048] [WARNING] [EXEC] FORCE EXIT price=80913.00
[13:41:32.050] [OK] [EXEC] PLACE SELL price=80913.00 qty=0.061780
[13:41:32.319] [OK] [EXEC] SELL ORDER SENT orderId=382044196
[13:41:33.381] [OK] [SYNC] order filled detected
[13:41:33.381] [OK] [SYNC] SELL filled on exchange
[13:41:33.381] [OK] [EXEC] REALIZED pnl=-0.417633
[13:41:34.122] [OK] [EXEC] BUY ORDER SENT orderId=382044385 price=80913.11 qty=0.061790
[13:41:34.125] [OK] [EXEC] PLACE BUY price=80913.11 qty=0.061790
[13:41:34.133] [WS] LIVE bid=80912.31 ask=80921.23
[13:41:35.522] [OK] [SYNC] order filled detected
[13:41:35.525] [OK] [SYNC] BUY filled on exchange
[13:41:35.821] [OK] [EXEC] PLACE SELL price=80919.99 qty=0.061790
[13:41:36.091] [OK] [EXEC] SELL ORDER SENT orderId=382044520
[13:41:37.138] [OK] [SYNC] order filled detected
[13:41:37.141] [OK] [SYNC] SELL filled on exchange
[13:41:37.142] [OK] [EXEC] REALIZED pnl=+0.425115
[13:41:38.476] [OK] [EXEC] BUY ORDER SENT orderId=382044731 price=80916.46 qty=0.061790
[13:41:38.476] [OK] [EXEC] PLACE BUY price=80916.46 qty=0.061790
[13:41:39.006] [OK] [SYNC] order filled detected
[13:41:39.006] [OK] [SYNC] BUY filled on exchange
[13:41:39.021] [WS] LIVE bid=80917.03 ask=80921.98
[13:41:39.021] [OK] [EXEC] PLACE SELL price=80919.98 qty=0.061790
[13:41:39.301] [OK] [EXEC] SELL ORDER SENT orderId=382044776
[13:41:39.303] [OK] [PLAN] READY entry=80915.72 exit=80919.98 profit=0.263225 age=811ms
[13:41:39.584] [OK] [EXEC] SELL FILLED id=382044776
[13:41:39.584] [OK] [EXEC] SELL FILLED qty=0.061790 remaining=0.000000
[13:41:39.584] [OK] [EXEC] REALIZED pnl=+0.217501
[13:41:41.290] [OK] [EXEC] BUY ORDER SENT orderId=382045075 price=80929.55 qty=0.061780
[13:41:41.292] [OK] [EXEC] PLACE BUY price=80929.55 qty=0.061780
[13:41:44.037] [WS] LIVE bid=80934.25 ask=80942.02
[13:41:44.304] [OK] [PLAN] READY entry=80936.25 exit=80940.02 profit=0.232873 age=909ms
[13:41:46.283] [WARNING] [EXEC] BUY TIMEOUT orderId=382045075
[13:41:46.287] [WARNING] [EXEC] CANCEL BUY orderId=382045075
[13:41:46.569] [OK] [EXEC] BUY CANCELED confirmed
[13:41:46.869] [INFO] [EXEC] BUY FINAL STATUS status=CANCELED orderId=382045075
[13:41:46.875] [WARNING] [EXEC] BLOCK reason=buy_not_filled
[13:41:46.875] [OK] [PLAN] HOT entry=80932.01 exit=80943.99 profit=0.740124 age=2890ms
[13:41:47.467] [OK] [EXEC] BUY ORDER SENT orderId=382045675 price=80943.08 qty=0.061770
[13:41:47.467] [OK] [EXEC] PLACE BUY price=80943.08 qty=0.061770
[13:41:50.443] [WS] LIVE bid=80944.79 ask=80952.16
[13:41:51.429] [OK] [EXEC] BUY FILLED id=382045675
[13:41:51.959] [OK] [SYNC] order filled detected
[13:41:51.961] [OK] [SYNC] BUY filled on exchange
[13:41:52.646] [OK] [EXEC] PLACE SELL price=80950.16 qty=0.061770
[13:41:52.930] [OK] [EXEC] SELL ORDER SENT orderId=382046010
[13:41:53.493] [OK] [SYNC] order filled detected
[13:41:53.495] [OK] [SYNC] SELL filled on exchange
[13:41:53.496] [OK] [EXEC] REALIZED pnl=+0.437332
[13:41:54.438] [WS] LIVE bid=80949.19 ask=80956.07
[13:41:55.435] [OK] [EXEC] BUY ORDER SENT orderId=382046304 price=80953.38 qty=0.061760
[13:41:55.440] [OK] [EXEC] PLACE BUY price=80953.38 qty=0.061760
[13:41:55.974] [OK] [SYNC] order filled detected
[13:41:55.975] [OK] [SYNC] BUY filled on exchange
[13:41:56.023] [OK] [EXEC] PLACE SELL price=80959.55 qty=0.061760
[13:41:56.287] [OK] [EXEC] SELL ORDER SENT orderId=382046398
[13:41:56.294] [OK] [PLAN] HOT entry=80953.93 exit=80959.55 profit=0.347091 age=860ms
[13:41:57.320] [OK] [SYNC] order filled detected
[13:41:57.320] [OK] [SYNC] SELL filled on exchange
[13:41:57.320] [OK] [EXEC] REALIZED pnl=+0.381059
[13:41:58.092] [OK] [EXEC] BUY ORDER SENT orderId=382046619 price=80967.57 qty=0.061750
[13:41:58.092] [OK] [EXEC] PLACE BUY price=80967.57 qty=0.061750
[13:41:58.107] [OK] [PLAN] READY entry=80967.57 exit=80970.77 profit=0.197600 age=2672ms
[13:42:00.482] [WS] LIVE bid=80972.76 ask=80977.98
[13:42:01.822] [OK] [PLAN] HOT entry=80983.00 exit=80995.98 profit=0.801385 age=6394ms
[13:42:02.287] [WARNING] [EXEC] BUY TIMEOUT orderId=382046619
[13:42:02.287] [WARNING] [EXEC] CANCEL BUY orderId=382046619
[13:42:02.571] [OK] [EXEC] BUY CANCELED confirmed
[13:42:02.844] [INFO] [EXEC] BUY FINAL STATUS status=CANCELED orderId=382046619
[13:42:02.848] [WARNING] [EXEC] BLOCK reason=buy_not_filled
[13:42:04.766] [OK] [EXEC] BUY ORDER SENT orderId=382047531 price=81004.74 qty=0.061720
[13:42:04.770] [OK] [EXEC] PLACE BUY price=81004.74 qty=0.061720
[13:42:04.775] [WS] LIVE bid=81006.91 ask=81012.90
[13:42:07.064] [OK] [EXEC] BUY FILLED id=382047531
[13:42:07.071] [OK] [PLAN] READY entry=81019.08 exit=81022.40 profit=0.204877 age=11626ms
[13:42:08.114] [OK] [SYNC] order filled detected
[13:42:08.116] [OK] [SYNC] BUY filled on exchange
[13:42:08.937] [OK] [EXEC] PLACE SELL price=81015.99 qty=0.061720
[13:42:09.205] [OK] [EXEC] SELL ORDER SENT orderId=382048027
[13:42:09.693] [WS] LIVE bid=81009.93 ask=81015.98
[13:42:10.329] [WARNING] [EXEC] CANCEL SELL orderId=382048027
[13:42:10.597] [ERROR] [EXEC] HARD SL triggered
[13:42:10.600] [WARNING] [EXEC] PANIC EXIT sl_mode
[13:42:10.600] [WARNING] [EXEC] FORCE EXIT price=81013.75
[13:42:10.600] [OK] [EXEC] PLACE SELL price=81013.75 qty=0.061720
[13:42:11.362] [OK] [EXEC] SELL ORDER SENT orderId=382048229
[13:42:11.898] [OK] [SYNC] order filled detected
[13:42:11.901] [OK] [SYNC] SELL filled on exchange
[13:42:11.901] [OK] [EXEC] REALIZED pnl=+0.556097
[13:42:13.164] [OK] [EXEC] BUY ORDER SENT orderId=382048528 price=81024.74 qty=0.061700
[13:42:13.167] [OK] [EXEC] PLACE BUY price=81024.74 qty=0.061700
[13:42:14.007] [OK] [PLAN] HOT entry=81038.45 exit=81050.77 profit=0.760021 age=829ms
[13:42:15.044] [WS] LIVE bid=81054.00 ask=81059.99
[13:42:18.422] [WARNING] [EXEC] BUY TIMEOUT orderId=382048528
[13:42:18.426] [WARNING] [EXEC] CANCEL BUY orderId=382048528
[13:42:18.678] [OK] [EXEC] BUY CANCELED confirmed
[13:42:18.964] [INFO] [EXEC] BUY FINAL STATUS status=CANCELED orderId=382048528
[13:42:18.968] [WARNING] [EXEC] BLOCK reason=buy_not_filled
[13:42:18.971] [OK] [PLAN] HOT entry=81096.95 exit=81104.88 profit=0.488884 age=1579ms
[13:42:19.756] [WS] LIVE bid=81070.00 ask=81082.60
[13:42:20.688] [OK] [EXEC] BUY ORDER SENT orderId=382050182 price=81080.22 qty=0.061660
[13:42:20.692] [OK] [EXEC] PLACE BUY price=81080.22 qty=0.061660
[13:42:24.741] [WARNING] [EXEC] BUY TIMEOUT orderId=382050182
[13:42:24.741] [WARNING] [EXEC] CANCEL BUY orderId=382050182
[13:42:25.025] [OK] [EXEC] BUY CANCELED confirmed
[13:42:25.287] [INFO] [EXEC] BUY FINAL STATUS status=CANCELED orderId=382050182
[13:42:25.287] [WARNING] [EXEC] BLOCK reason=buy_not_filled
[13:42:26.045] [WS] LIVE bid=81163.25 ask=81174.05
[13:42:26.588] [OK] [EXEC] BUY ORDER SENT orderId=382051851 price=81207.44 qty=0.061570
[13:42:26.591] [OK] [EXEC] PLACE BUY price=81207.44 qty=0.061570
[13:42:27.614] [OK] [SYNC] order filled detected
[13:42:27.616] [OK] [SYNC] BUY filled on exchange
[13:42:27.912] [OK] [EXEC] PLACE SELL price=81212.66 qty=0.061570
[13:42:28.182] [OK] [EXEC] SELL ORDER SENT orderId=382052263
[13:42:29.184] [OK] [SYNC] order filled detected
[13:42:29.186] [OK] [SYNC] SELL filled on exchange
[13:42:29.187] [OK] [EXEC] REALIZED pnl=+0.321395
[13:42:29.482] [WS] LIVE bid=81212.06 ask=81228.82
[13:42:29.741] [OK] [EXEC] BUY ORDER SENT orderId=382052639 price=81214.06 qty=0.061560
[13:42:29.758] [OK] [EXEC] PLACE BUY price=81214.06 qty=0.061560
[13:42:31.491] [OK] [SYNC] order filled detected
[13:42:31.491] [OK] [SYNC] BUY filled on exchange
[13:42:32.078] [OK] [EXEC] PLACE SELL price=81214.10 qty=0.061560
[13:42:32.335] [OK] [EXEC] SELL ORDER SENT orderId=382053150
[13:42:34.482] [WS] LIVE bid=81152.79 ask=81172.87
[13:42:36.380] [WARNING] [EXEC] SELL TIMEOUT orderId=382053150
[13:42:36.384] [WARNING] [EXEC] CANCEL SELL orderId=382053150
[13:42:36.924] [INFO] [EXEC] SELL FINAL STATUS status=CANCELED orderId=382053150
[13:42:36.928] [WARNING] [EXEC] PANIC EXIT final_recover_place_sell
[13:42:36.929] [WARNING] [EXEC] PANIC EXIT panic_final_recover
[13:42:36.930] [WARNING] [EXEC] FORCE EXIT price=81164.04
[13:42:36.930] [OK] [EXEC] PLACE SELL price=81164.04 qty=0.061560
[13:42:37.194] [OK] [EXEC] SELL ORDER SENT orderId=382053952
[13:42:38.212] [OK] [SYNC] order filled detected
[13:42:38.215] [OK] [SYNC] SELL filled on exchange
[13:42:38.215] [OK] [EXEC] REALIZED pnl=-3.079231
[13:42:39.366] [OK] [EXEC] BUY ORDER SENT orderId=382054196 price=81169.14 qty=0.061590
[13:42:39.369] [OK] [EXEC] PLACE BUY price=81169.14 qty=0.061590
[13:42:39.938] [OK] [SYNC] order filled detected
[13:42:39.945] [OK] [SYNC] BUY filled on exchange
[13:42:39.950] [WS] LIVE bid=81166.33 ask=81177.98
[13:42:40.602] [OK] [EXEC] PLACE SELL price=81178.00 qty=0.061590
[13:42:40.869] [OK] [EXEC] SELL ORDER SENT orderId=382054428
[13:42:40.874] [OK] [PLAN] READY entry=81173.74 exit=81178.00 profit=0.262373 age=24033ms
[13:42:41.731] [OK] [PLAN] HOT entry=81164.01 exit=81175.99 profit=0.737968 age=24891ms
[13:42:42.757] [OK] [SYNC] order filled detected
[13:42:42.757] [OK] [SYNC] SELL filled on exchange
[13:42:42.757] [OK] [EXEC] REALIZED pnl=+0.545687
[13:42:43.433] [OK] [EXEC] BUY ORDER SENT orderId=382055050 price=81182.01 qty=0.061590
[13:42:43.435] [OK] [EXEC] PLACE BUY price=81182.01 qty=0.061590
[13:42:45.296] [WS] LIVE bid=81188.81 ask=81199.98
[13:42:47.433] [OK] [EXEC] BUY FILLED id=382055050
[13:42:47.961] [OK] [SYNC] order filled detected
[13:42:47.964] [OK] [SYNC] BUY filled on exchange
[13:42:48.414] [OK] [EXEC] PLACE SELL price=81182.05 qty=0.061590
[13:42:48.679] [OK] [EXEC] SELL ORDER SENT orderId=382055869
[13:42:49.741] [WS] LIVE bid=81154.00 ask=81169.16
[13:42:50.007] [WARNING] [EXEC] CANCEL SELL orderId=382055869
[13:42:50.272] [ERROR] [EXEC] HARD SL triggered
[13:42:50.272] [WARNING] [EXEC] PANIC EXIT sl_mode
[13:42:50.272] [WARNING] [EXEC] FORCE EXIT price=81166.80
[13:42:50.272] [OK] [EXEC] PLACE SELL price=81166.80 qty=0.061590
[13:42:50.537] [OK] [EXEC] SELL ORDER SENT orderId=382056187
[13:42:53.056] [WARNING] [EXEC] SELL TIMEOUT orderId=382056187
[13:42:53.061] [WARNING] [EXEC] CANCEL SELL orderId=382056187
[13:42:53.615] [INFO] [EXEC] SELL FINAL STATUS status=CANCELED orderId=382056187
[13:42:53.615] [WARNING] [EXEC] PANIC EXIT final_recover_place_sell
[13:42:53.615] [WARNING] [EXEC] PANIC EXIT panic_final_recover
[13:42:53.631] [WARNING] [EXEC] FORCE EXIT price=81160.99
[13:42:53.633] [OK] [EXEC] PLACE SELL price=81160.99 qty=0.061590
[13:42:53.902] [OK] [EXEC] SELL ORDER SENT orderId=382056486
[13:42:55.368] [WS] LIVE bid=81138.46 ask=81153.99
[13:42:55.882] [WARNING] [EXEC] SELL TIMEOUT orderId=382056486
[13:42:55.882] [WARNING] [EXEC] CANCEL SELL orderId=382056486
[13:42:56.420] [INFO] [EXEC] SELL FINAL STATUS status=CANCELED orderId=382056486
[13:42:56.422] [WARNING] [EXEC] PANIC EXIT final_recover_place_sell
[13:42:56.425] [WARNING] [EXEC] PANIC EXIT panic_final_recover
[13:42:56.426] [WARNING] [EXEC] FORCE EXIT price=81152.99
[13:42:56.426] [OK] [EXEC] PLACE SELL price=81152.99 qty=0.061590
[13:42:56.695] [OK] [EXEC] SELL ORDER SENT orderId=382056763
[13:42:57.741] [OK] [SYNC] order filled detected
[13:42:57.741] [OK] [SYNC] SELL filled on exchange
[13:42:57.741] [OK] [EXEC] REALIZED pnl=-1.787342
[13:42:58.398] [WARNING] cancel all requested
[13:42:58.398] [WARNING] STOP
[13:42:59.178] [WS] stale/lost
