[12:46:00.657] [OK] filters loaded
[12:46:01.922] [INFO] START_CLICK received enabled=True api_ready=True running=False
[12:46:01.923] [INFO] START_SETTINGS live_enabled=True guard_mode=FAST entry_mode=AGGRESSIVE exit_engine=True order_size=4000.0
[12:46:01.924] [INFO] START_PROFILE order_size=4000.0 min_spread=7.0 guard_mode=FAST entry_mode=AGGRESSIVE sell_timeout=2200 far_sell_ticks=30 taker_exit_after_ms=1600
[12:46:01.924] [INFO] SETTINGS_MERGE_PRESERVE existing_values=true missing_added=0
[12:46:02.438] [EXCHANGE] symbol=BTCU base=BTC quote=U status=TRADING permissions=[]
[12:46:02.445] [OK] START
[12:46:02.450] [OK] START_OK runtime_started
[12:46:03.230] [INFO] [EXEC] LIVE ON
[12:46:03.233] [INFO] [EXEC] WAIT READY
[12:46:03.238] [WS] primary url=wss://stream.binance.com:9443/ws/btcu@bookTicker
[12:46:03.239] [WS] connecting primary
[12:46:04.114] [WS] connected
[12:46:04.354] [WARNING] [HEALTH] block spread_too_young lifetime=0
[12:46:04.355] [WARNING] [HEALTH] unstable_spread lifetime=0
[12:46:04.355] [WARNING] [EXEC] BLOCK_BUY reason=spread_too_young mode=FAST ws_age=30 spread=7.26 stable=1/1 mid_delta=0.00 bid_delta=0.00
[12:46:08.959] [INFO] [EXEC] SELL ACCOUNTING RESET new_cycle
[12:46:08.962] [OK] [EXEC] BUY ORDER SENT orderId=385445990 price=80880.91 qty=0.049450
[12:46:08.963] [OK] [EXEC] PLACE BUY price=80880.91 qty=0.049450
[12:46:09.926] [INFO] [EXEC] ENTRY_REPRICE reason=wide_spread_cross old=80880.91 new=80892.28 count=1
[12:46:10.926] [OK] [EXEC] ENTRY_PLACE price=80892.28 qty=0.049450
[12:46:10.930] [OK] [PLAN] HOT entry=80893.26 exit=80905.29 profit=0.594763 age=1271ms
[12:46:12.723] [INFO] [EXEC] BUY_WATCHDOG_SYNC orderId=385446249 status=NEW
[12:46:12.726] [WARNING] [EXEC] BUY_WATCHDOG_FAR_CANCEL orderId=385446249 price=80892.28 bid=80906.01 dist_ticks=1373
[12:46:16.495] [INFO] [HEALTH] state=GOOD
[12:46:16.760] [INFO] [EXEC] SELL ACCOUNTING RESET new_cycle
[12:46:16.765] [OK] [EXEC] BUY ORDER SENT orderId=385446551 price=80912.68 qty=0.049430
[12:46:16.768] [OK] [EXEC] PLACE BUY price=80912.68 qty=0.049430
[12:46:18.023] [INFO] [EXEC] ENTRY_REPRICE reason=wide_spread_cross old=80912.68 new=80912.71 count=1
[12:46:18.559] [OK] [EXEC] ENTRY_PLACE price=80912.71 qty=0.049430
[12:46:19.106] [OK] [SYNC] order filled detected
[12:46:19.108] [OK] [SYNC] BUY filled on exchange
[12:46:19.109] [OK] [EXEC] BUY FILL UPDATE delta=0.049430 avg=80912.70
[12:46:19.112] [OK] [EXEC] CHUNK ADD qty=0.049430 entry=80912.70
[12:46:19.114] [INFO] [EXEC] CHUNK COUNT n=1
[12:46:19.116] [OK] [EXEC] INVENTORY qty=0.049430
[12:46:19.118] [OK] [EXEC] SELL REQUIRED inventory=0.049430
[12:46:19.818] [INFO] [EXEC] SELL CHECK inventory=0.049430 reported=0.000000 remaining=0.049430 chunks=1
[12:46:19.820] [INFO] [EXEC] PLACE_SELL_SOURCE source=plan price=80912.72
[12:46:19.821] [OK] [EXEC] PLACE SELL price=80912.72 qty=0.049430
[12:46:20.089] [OK] [EXEC] SELL ORDER SENT orderId=385446795
[12:46:22.082] [INFO] [EXEC] SELL_WATCHDOG_SYNC orderId=385446795 status=NEW
[12:46:22.086] [WARNING] [EXEC] SELL_WATCHDOG_FAR_CANCEL orderId=385446795 price=80912.72 ask=80897.30 dist_ticks=1541
[12:46:22.612] [INFO] [EXEC] SELL_FAR_CANCEL_FINAL_STATUS status=CANCELED
[12:46:23.604] [INFO] [EXEC] SELL CHECK inventory=0.049430 reported=0.000000 remaining=0.049430 chunks=1
[12:46:23.606] [INFO] [EXEC] SELL_REPRICE_FRESH_APPLIED old=80912.72 new=80905.11 ask=80905.13 bid=80898.00
[12:46:23.607] [INFO] [EXEC] SELL_REPRICE_VALIDATION old=80912.72 new=80905.11 ask=80905.13 dist_ticks=2 source=fresh_snapshot
[12:46:23.609] [WARNING] [EXEC] SELL_FLOOR_BLOCKED price=80905.11 floor=80912.71 entry=80912.70 reason=below_min_profit source=fresh_after_far_cancel
[12:46:23.610] [INFO] [EXEC] PLACE_SELL_SOURCE source=fresh_after_far_cancel price=80912.71
[12:46:23.611] [OK] [EXEC] PLACE SELL price=80912.71 qty=0.049430
[12:46:23.886] [WARNING] [EXEC] SELL_HOLD_RECOVERY_START orderId=385447042 entry=80912.70 floor=80912.71 ask=80905.13
[12:46:23.890] [OK] [EXEC] SELL ORDER SENT orderId=385447042
[12:46:23.893] [OK] [PLAN] HOT entry=80899.00 exit=80904.63 profit=0.278347 age=1256ms
[12:46:26.158] [INFO] [EXEC] SELL_WATCHDOG_SYNC orderId=385447042 status=NEW
[12:46:26.162] [INFO] [EXEC] SELL_WATCHDOG_FAR_IGNORE orderId=385447042 reason=protected_sell dist_ticks=698
[12:46:27.175] [INFO] [EXEC] SELL_WATCHDOG_SYNC orderId=385447042 status=NEW
[12:46:28.176] [INFO] [EXEC] HOLD_PROTECTED_SKIP_EXIT_ESCALATION reason=force_flat_after_ms orderId=385447042 hold_age=4026 max=30000
[12:46:29.164] [INFO] [EXEC] SELL_WATCHDOG_SYNC orderId=385447042 status=NEW
[12:46:32.694] [INFO] [EXEC] SELL_WATCHDOG_FAR_IGNORE orderId=385447042 reason=protected_sell dist_ticks=803
[12:46:33.492] [INFO] [EXEC] HOLD_PROTECTED_SKIP_EXIT_ESCALATION reason=force_flat_after_ms orderId=385447042 hold_age=9344 max=30000
[12:46:34.534] [INFO] [EXEC] SELL_WATCHDOG_SYNC orderId=385447042 status=NEW
[12:46:35.524] [INFO] [EXEC] HOLD_PROTECTED_SKIP_EXIT_ESCALATION reason=force_flat_after_ms orderId=385447042 hold_age=11373 max=30000
[12:46:36.253] [INFO] [EXEC] SELL_WATCHDOG_SYNC orderId=385447042 status=NEW
[12:46:37.265] [INFO] [EXEC] HOLD_PROTECTED_SKIP_EXIT_ESCALATION reason=force_flat_after_ms orderId=385447042 hold_age=13111 max=30000
[12:46:38.289] [INFO] [EXEC] SELL_WATCHDOG_SYNC orderId=385447042 status=NEW
[12:46:38.293] [INFO] [EXEC] SELL_WATCHDOG_FAR_IGNORE orderId=385447042 reason=protected_sell dist_ticks=931
[12:46:39.290] [INFO] [EXEC] SELL_WATCHDOG_SYNC orderId=385447042 status=NEW
[12:46:41.287] [INFO] [EXEC] HOLD_PROTECTED_SKIP_EXIT_ESCALATION reason=force_flat_after_ms orderId=385447042 hold_age=17143 max=30000
[12:46:42.546] [INFO] [EXEC] SELL_WATCHDOG_SYNC orderId=385447042 status=NEW
[12:46:43.572] [INFO] [EXEC] SELL_WATCHDOG_FAR_IGNORE orderId=385447042 reason=protected_sell dist_ticks=970
[12:46:44.585] [INFO] [EXEC] SELL_WATCHDOG_SYNC orderId=385447042 status=NEW
[12:46:46.120] [OK] [SYNC] order filled detected
[12:46:46.123] [OK] [SYNC] SELL filled on exchange
[12:46:46.123] [OK] [EXEC] FIFO CLOSE qty=0.049430 entry=80912.70 exit=80912.70 pnl=+0.000000
[12:46:46.126] [INFO] [EXEC] CHUNK DRAINED
[12:46:46.129] [INFO] [EXEC] SELL ACCOUNTING RESET flat
[12:46:46.131] [INFO] [EXEC] CYCLE SKIP no_fifo_pnl
[12:46:46.626] [INFO] START_CLICK received enabled=True api_ready=True running=True
[12:46:46.965] [WARNING] cancel all requested
[12:46:46.967] [WARNING] [EXEC] BALANCE_EXTERNAL_BTC free=0.000007 locked=0.049430
[12:46:46.970] [INFO] [EXEC] SELL ACCOUNTING RESET reconcile_stop
[12:46:46.971] [INFO] [EXEC] RECONCILE_FLAT reason=inventory_empty_safe_qty_zero
[12:46:46.972] [WARNING] STOP
[12:46:54.802] [INFO] START_CLICK received enabled=True api_ready=True running=False
[12:46:54.803] [INFO] START_SETTINGS live_enabled=True guard_mode=FAST entry_mode=AGGRESSIVE exit_engine=True order_size=4000.0
[12:46:54.804] [INFO] START_PROFILE order_size=4000.0 min_spread=7.0 guard_mode=FAST entry_mode=AGGRESSIVE sell_timeout=2200 far_sell_ticks=30 taker_exit_after_ms=1600
[12:46:54.804] [INFO] SETTINGS_MERGE_PRESERVE existing_values=true missing_added=0
[12:46:55.294] [EXCHANGE] symbol=BTCU base=BTC quote=U status=TRADING permissions=[]
[12:46:55.298] [OK] START
[12:46:55.301] [OK] START_OK runtime_started
[12:46:55.791] [INFO] [EXEC] LIVE ON
[12:46:55.795] [INFO] [EXEC] WAIT READY
[12:46:56.059] [WS] primary url=wss://stream.binance.com:9443/ws/btcu@bookTicker
[12:46:56.061] [WS] connecting primary
[12:46:56.715] [INFO] [HEALTH] state=GOOD
[12:46:56.716] [WARNING] [EXEC] BLOCK_BUY reason=ws_stale mode=FAST ws_age=10125 spread=16.31 stable=1/1 mid_delta=0.00 bid_delta=0.00
[12:46:56.978] [WS] connected
[12:46:57.039] [WARNING] [HEALTH] block falling_market bid_ticks=-78.00 mid_ticks=-500.50
[12:46:57.041] [WARNING] [HEALTH] unstable_bid delta_ticks=-78.00
[12:46:57.042] [WARNING] [HEALTH] negative_momentum ticks=-500.50
[12:46:57.043] [WARNING] [EXEC] BLOCK_BUY reason=bid_unstable mode=FAST ws_age=62 spread=7.86 stable=2/1 mid_delta=-500.50 bid_delta=-78.00
[12:46:57.046] [OK] [PLAN] HOT entry=80888.12 exit=80894.48 profit=0.314502 age=324ms
[12:46:59.295] [INFO] [EXEC] SELL ACCOUNTING RESET new_cycle
[12:46:59.298] [OK] [EXEC] BUY ORDER SENT orderId=385448492 price=80884.36 qty=0.049450
[12:46:59.300] [OK] [EXEC] PLACE BUY price=80884.36 qty=0.049450
[12:46:59.876] [OK] [SYNC] order filled detected
[12:46:59.879] [OK] [SYNC] BUY filled on exchange
[12:46:59.879] [OK] [EXEC] BUY FILL UPDATE delta=0.049450 avg=80884.36
[12:46:59.881] [OK] [EXEC] CHUNK ADD qty=0.049450 entry=80884.36
[12:46:59.882] [INFO] [EXEC] CHUNK COUNT n=1
[12:46:59.883] [OK] [EXEC] INVENTORY qty=0.049450
[12:46:59.884] [OK] [EXEC] SELL REQUIRED inventory=0.049450
[12:47:00.809] [INFO] [EXEC] SELL CHECK inventory=0.049450 reported=0.000000 remaining=0.049450 chunks=1
[12:47:00.811] [INFO] [EXEC] PLACE_SELL_SOURCE source=plan price=80897.48
[12:47:00.812] [OK] [EXEC] PLACE SELL price=80897.48 qty=0.049450
[12:47:01.080] [OK] [EXEC] SELL ORDER SENT orderId=385448557
[12:47:01.085] [OK] [PLAN] HOT entry=80888.08 exit=80897.48 profit=0.464830 age=1249ms
[12:47:03.081] [INFO] [EXEC] SELL_WATCHDOG_SYNC orderId=385448557 status=NEW
[12:47:03.084] [WARNING] [EXEC] SELL_WATCHDOG_FAR_CANCEL orderId=385448557 price=80897.48 ask=80891.52 dist_ticks=595
[12:47:03.621] [INFO] [EXEC] SELL_FAR_CANCEL_FINAL_STATUS status=CANCELED
[12:47:04.622] [INFO] [EXEC] SELL CHECK inventory=0.049450 reported=0.000000 remaining=0.049450 chunks=1
[12:47:04.626] [INFO] [EXEC] SELL_REPRICE_FRESH_APPLIED old=80897.48 new=80891.75 ask=80891.78 bid=80884.54
[12:47:04.630] [INFO] [EXEC] SELL_REPRICE_VALIDATION old=80897.48 new=80891.75 ask=80891.78 dist_ticks=2 source=fresh_snapshot
[12:47:04.632] [INFO] [EXEC] PLACE_SELL_SOURCE source=fresh_after_far_cancel price=80891.75
[12:47:04.634] [OK] [EXEC] PLACE SELL price=80891.75 qty=0.049450
[12:47:04.896] [OK] [EXEC] SELL ORDER SENT orderId=385448696
[12:47:05.422] [OK] [SYNC] order filled detected
[12:47:05.425] [OK] [SYNC] SELL filled on exchange
[12:47:05.426] [OK] [EXEC] FIFO CLOSE qty=0.049450 entry=80884.36 exit=80891.75 pnl=+0.365435
[12:47:05.429] [INFO] [EXEC] CHUNK DRAINED
[12:47:05.431] [OK] [EXEC] REALIZED pnl=+0.365435
[12:47:05.433] [INFO] [EXEC] SELL ACCOUNTING RESET flat
[12:47:05.435] [OK] [EXEC] CYCLE CLOSED pnl=+0.365435
[12:47:05.436] [INFO] [EXEC] SESSION realized=+0.365435 wins=1 losses=0
[12:47:05.901] [INFO] [HEALTH] state=GOOD
[12:47:06.169] [INFO] [EXEC] SELL ACCOUNTING RESET new_cycle
[12:47:06.173] [OK] [EXEC] BUY ORDER SENT orderId=385448803 price=80884.35 qty=0.049450
[12:47:06.174] [OK] [EXEC] PLACE BUY price=80884.35 qty=0.049450
[12:47:06.703] [OK] [SYNC] order filled detected
[12:47:06.705] [OK] [SYNC] BUY filled on exchange
[12:47:06.706] [OK] [EXEC] BUY FILL UPDATE delta=0.049450 avg=80884.35
[12:47:06.708] [OK] [EXEC] CHUNK ADD qty=0.049450 entry=80884.35
[12:47:06.709] [INFO] [EXEC] CHUNK COUNT n=1
[12:47:06.710] [OK] [EXEC] INVENTORY qty=0.049450
[12:47:06.711] [OK] [EXEC] SELL REQUIRED inventory=0.049450
[12:47:07.438] [INFO] [EXEC] SELL CHECK inventory=0.049450 reported=0.000000 remaining=0.049450 chunks=1
[12:47:07.443] [INFO] [EXEC] PLACE_SELL_SOURCE source=plan price=80885.96
[12:47:07.447] [OK] [EXEC] PLACE SELL price=80885.96 qty=0.049450
[12:47:07.723] [OK] [EXEC] SELL ORDER SENT orderId=385448972
[12:47:08.277] [OK] [SYNC] order filled detected
[12:47:08.280] [OK] [SYNC] SELL filled on exchange
[12:47:08.280] [OK] [EXEC] FIFO CLOSE qty=0.049450 entry=80884.35 exit=80888.90 pnl=+0.225215
[12:47:08.283] [INFO] [EXEC] CHUNK DRAINED
[12:47:08.286] [OK] [EXEC] REALIZED pnl=+0.225215
[12:47:08.288] [INFO] [EXEC] SELL ACCOUNTING RESET flat
[12:47:08.289] [OK] [EXEC] CYCLE CLOSED pnl=+0.225215
[12:47:08.290] [INFO] [EXEC] SESSION realized=+0.590651 wins=2 losses=0
[12:47:08.677] [INFO] [EXEC] SELL ACCOUNTING RESET new_cycle
[12:47:08.682] [OK] [EXEC] BUY ORDER SENT orderId=385449135 price=80894.39 qty=0.049440
[12:47:08.685] [OK] [EXEC] PLACE BUY price=80894.39 qty=0.049440
[12:47:09.687] [INFO] [EXEC] ENTRY_REPRICE reason=wide_spread_cross old=80894.39 new=80899.60 count=1
[12:47:10.946] [OK] [EXEC] ENTRY_PLACE price=80899.60 qty=0.049440
[12:47:10.953] [OK] [PLAN] HOT entry=80900.58 exit=80911.58 profit=0.543840 age=997ms
[12:47:13.214] [INFO] [EXEC] BUY_WATCHDOG_SYNC orderId=385449269 status=NEW
[12:47:13.218] [WARNING] [EXEC] BUY_WATCHDOG_FAR_CANCEL orderId=385449269 price=80899.60 bid=80906.55 dist_ticks=695
[12:47:22.559] [INFO] [HEALTH] state=GOOD
[12:47:22.834] [INFO] [EXEC] SELL ACCOUNTING RESET new_cycle
[12:47:22.836] [OK] [EXEC] BUY ORDER SENT orderId=385450076 price=80926.61 qty=0.049420
[12:47:22.838] [OK] [EXEC] PLACE BUY price=80926.61 qty=0.049420
[12:47:23.369] [OK] [SYNC] order filled detected
[12:47:23.372] [OK] [SYNC] BUY filled on exchange
[12:47:23.372] [OK] [EXEC] BUY FILL UPDATE delta=0.049420 avg=80926.61
[12:47:23.374] [OK] [EXEC] CHUNK ADD qty=0.049420 entry=80926.61
[12:47:23.377] [INFO] [EXEC] CHUNK COUNT n=1
[12:47:23.379] [OK] [EXEC] INVENTORY qty=0.049420
[12:47:23.380] [OK] [EXEC] SELL REQUIRED inventory=0.049420
[12:47:24.346] [INFO] [EXEC] SELL CHECK inventory=0.049420 reported=0.000000 remaining=0.049410 chunks=1
[12:47:24.348] [INFO] [EXEC] PLACE_SELL_SOURCE source=plan price=80932.27
[12:47:24.349] [OK] [EXEC] PLACE SELL price=80932.27 qty=0.049410
[12:47:24.614] [OK] [EXEC] SELL ORDER SENT orderId=385450210
[12:47:24.622] [OK] [PLAN] HOT entry=80915.01 exit=80932.27 profit=0.853162 age=1261ms
[12:47:25.586] [INFO] [EXEC] SELL UPSIZE old=0.049410 new=0.049420
[12:47:25.589] [WARNING] [EXEC] SELL TIMEOUT orderId=385450210
[12:47:25.590] [WARNING] [EXEC] CANCEL SELL orderId=385450210
[12:47:26.114] [INFO] [EXEC] SELL FINAL STATUS status=CANCELED orderId=385450210
[12:47:26.118] [INFO] [EXEC] SELL TIMEOUT check fast_exit
[12:47:26.118] [WARNING] [EXEC] FORCE EXIT hard_sl_triggered
[12:47:26.119] [ERROR] [EXEC] HARD SL triggered
[12:47:26.120] [WARNING] [EXEC] PANIC EXIT sl_mode
[12:47:26.385] [WARNING] [EXEC] FORCE EXIT price=80929.50
[12:47:26.387] [INFO] [EXEC] PLACE_SELL_SOURCE source=panic price=80929.50
[12:47:26.389] [OK] [EXEC] PLACE SELL price=80929.50 qty=0.049410
[12:47:26.649] [WARNING] [EXEC] PANIC START price=80929.50
[12:47:26.652] [OK] [EXEC] SELL ORDER SENT orderId=385450257
[12:47:27.173] [OK] [SYNC] order filled detected
[12:47:27.176] [OK] [SYNC] SELL filled on exchange
[12:47:27.177] [OK] [EXEC] FIFO CLOSE qty=0.049410 entry=80926.61 exit=80929.50 pnl=+0.142795
[12:47:27.181] [INFO] [EXEC] CHUNK DRAINED
[12:47:27.183] [OK] [EXEC] REALIZED pnl=+0.142795
[12:47:27.186] [INFO] [EXEC] SELL ACCOUNTING RESET flat
[12:47:27.187] [OK] [EXEC] CYCLE CLOSED pnl=+0.142795
[12:47:27.189] [INFO] [EXEC] SESSION realized=+0.733446 wins=3 losses=0
[12:47:30.854] [INFO] [HEALTH] state=GOOD
[12:47:31.116] [INFO] [EXEC] SELL ACCOUNTING RESET new_cycle
[12:47:31.119] [OK] [EXEC] BUY ORDER SENT orderId=385450572 price=80926.05 qty=0.049420
[12:47:31.122] [OK] [EXEC] PLACE BUY price=80926.05 qty=0.049420
[12:47:32.123] [INFO] [EXEC] ENTRY_REPRICE reason=wide_spread_cross old=80926.05 new=80929.59 count=1
[12:47:32.660] [OK] [EXEC] ENTRY_PLACE price=80929.59 qty=0.049420
[12:47:33.189] [OK] [SYNC] order filled detected
[12:47:33.192] [OK] [SYNC] BUY filled on exchange
[12:47:33.193] [OK] [EXEC] BUY FILL UPDATE delta=0.049420 avg=80929.59
[12:47:33.197] [OK] [EXEC] CHUNK ADD qty=0.049420 entry=80929.59
[12:47:33.200] [INFO] [EXEC] CHUNK COUNT n=1
[12:47:33.203] [OK] [EXEC] INVENTORY qty=0.049420
[12:47:33.205] [OK] [EXEC] SELL REQUIRED inventory=0.049420
[12:47:33.383] [WARNING] [EXEC] SELL_QTY_CLAMP inventory=0.049420 free=0.000017 final=0.000017
[12:47:33.921] [INFO] [EXEC] SELL CHECK inventory=0.049420 reported=0.000000 remaining=0.049410 chunks=1
[12:47:33.924] [INFO] [EXEC] PLACE_SELL_SOURCE source=plan price=80934.06
[12:47:33.926] [OK] [EXEC] PLACE SELL price=80934.06 qty=0.049410
[12:47:34.188] [OK] [EXEC] SELL ORDER SENT orderId=385450873
[12:47:35.130] [INFO] [EXEC] SELL_UPSIZE_SKIPPED reason=exit_or_panic_active
[12:47:36.951] [INFO] [EXEC] SELL_WATCHDOG_SYNC orderId=385450873 status=NEW
[12:47:36.955] [WARNING] [EXEC] SELL_WATCHDOG_FAR_CANCEL orderId=385450873 price=80934.06 ask=80930.94 dist_ticks=311
[12:47:37.491] [INFO] [EXEC] SELL_FAR_CANCEL_FINAL_STATUS status=CANCELED
[12:47:38.457] [INFO] [EXEC] SELL CHECK inventory=0.049420 reported=0.000000 remaining=0.049410 chunks=1
[12:47:38.460] [INFO] [EXEC] SELL_REPRICE_FRESH_APPLIED old=80934.06 new=80931.86 ask=80931.89 bid=80926.06
[12:47:38.460] [INFO] [EXEC] SELL_REPRICE_VALIDATION old=80934.06 new=80931.86 ask=80931.89 dist_ticks=2 source=fresh_snapshot
[12:47:38.461] [INFO] [EXEC] PLACE_SELL_SOURCE source=fresh_after_far_cancel price=80931.86
[12:47:38.462] [OK] [EXEC] PLACE SELL price=80931.86 qty=0.049410
[12:47:38.736] [OK] [EXEC] SELL ORDER SENT orderId=385450953
[12:47:40.455] [OK] [SYNC] order filled detected
[12:47:40.460] [OK] [SYNC] SELL filled on exchange
[12:47:40.461] [OK] [EXEC] FIFO CLOSE qty=0.049410 entry=80929.59 exit=80931.86 pnl=+0.112161
[12:47:40.464] [INFO] [EXEC] CHUNK DRAINED
[12:47:40.466] [OK] [EXEC] REALIZED pnl=+0.112161
[12:47:40.469] [INFO] [EXEC] SELL ACCOUNTING RESET flat
[12:47:40.471] [OK] [EXEC] CYCLE CLOSED pnl=+0.112161
[12:47:40.472] [INFO] [EXEC] SESSION realized=+0.845606 wins=4 losses=0
[12:47:50.811] [INFO] [HEALTH] state=GOOD
[12:47:51.078] [INFO] [EXEC] SELL ACCOUNTING RESET new_cycle
[12:47:51.081] [OK] [EXEC] BUY ORDER SENT orderId=385451520 price=80935.61 qty=0.049420
[12:47:51.083] [OK] [EXEC] PLACE BUY price=80935.61 qty=0.049420
[12:47:52.093] [INFO] [EXEC] ENTRY_REPRICE reason=bid_moved_up old=80935.61 new=80937.21 count=1
[12:47:52.616] [OK] [EXEC] ENTRY_PLACE price=80937.21 qty=0.049420
[12:47:53.809] [INFO] [EXEC] BUY_WATCHDOG_SYNC orderId=385451582 status=NEW
[12:47:53.810] [WARNING] [EXEC] BUY TIMEOUT orderId=385451582
[12:47:53.811] [WARNING] [EXEC] CANCEL BUY orderId=385451582
[12:47:54.070] [OK] [EXEC] BUY CANCELED confirmed
[12:47:54.334] [INFO] [EXEC] BUY FINAL STATUS status=CANCELED orderId=385451582
[12:47:54.338] [WARNING] [EXEC] BLOCK reason=buy_not_filled
[12:47:55.856] [INFO] [HEALTH] state=GOOD
[12:47:56.123] [INFO] [EXEC] SELL ACCOUNTING RESET new_cycle
[12:47:56.127] [OK] [EXEC] BUY ORDER SENT orderId=385451752 price=80932.73 qty=0.049420
[12:47:56.128] [OK] [EXEC] PLACE BUY price=80932.73 qty=0.049420
[12:47:56.680] [OK] [SYNC] order filled detected
[12:47:56.683] [OK] [SYNC] BUY filled on exchange
[12:47:56.684] [OK] [EXEC] BUY FILL UPDATE delta=0.049420 avg=80932.72
[12:47:56.687] [OK] [EXEC] CHUNK ADD qty=0.049420 entry=80932.72
[12:47:56.691] [INFO] [EXEC] CHUNK COUNT n=1
[12:47:56.693] [OK] [EXEC] INVENTORY qty=0.049420
[12:47:56.696] [OK] [EXEC] SELL REQUIRED inventory=0.049420
[12:47:57.395] [INFO] [EXEC] SELL CHECK inventory=0.049420 reported=0.000000 remaining=0.049410 chunks=1
[12:47:57.398] [INFO] [EXEC] PLACE_SELL_SOURCE source=plan price=80935.13
[12:47:57.401] [OK] [EXEC] PLACE SELL price=80935.13 qty=0.049410
[12:47:57.667] [OK] [EXEC] SELL ORDER SENT orderId=385451869
[12:47:58.677] [INFO] [EXEC] SELL_UPSIZE_SKIPPED reason=exit_or_panic_active
[12:47:59.826] [INFO] [EXEC] SELL_WATCHDOG_SYNC orderId=385451869 status=NEW
[12:47:59.829] [WARNING] [EXEC] SELL_WATCHDOG_FAR_CANCEL orderId=385451869 price=80935.13 ask=80933.10 dist_ticks=202
[12:48:00.348] [INFO] [EXEC] SELL_FAR_CANCEL_FINAL_STATUS status=CANCELED
[12:48:01.208] [INFO] [EXEC] SELL CHECK inventory=0.049420 reported=0.000000 remaining=0.049410 chunks=1
[12:48:01.210] [INFO] [EXEC] SELL_REPRICE_FRESH_APPLIED old=80935.13 new=80931.69 ask=80931.71 bid=80924.61
[12:48:01.211] [INFO] [EXEC] SELL_REPRICE_VALIDATION old=80935.13 new=80931.69 ask=80931.71 dist_ticks=2 source=fresh_snapshot
[12:48:01.212] [WARNING] [EXEC] SELL_FLOOR_BLOCKED price=80931.69 floor=80932.73 entry=80932.72 reason=below_min_profit source=fresh_after_far_cancel
[12:48:01.214] [INFO] [EXEC] PLACE_SELL_SOURCE source=fresh_after_far_cancel price=80932.73
[12:48:01.215] [OK] [EXEC] PLACE SELL price=80932.73 qty=0.049410
[12:48:01.477] [OK] [EXEC] SELL ORDER SENT orderId=385452049
[12:48:02.011] [OK] [SYNC] order filled detected
[12:48:02.013] [OK] [SYNC] SELL filled on exchange
[12:48:02.014] [OK] [EXEC] FIFO CLOSE qty=0.049410 entry=80932.72 exit=80932.72 pnl=+0.000184
[12:48:02.016] [INFO] [EXEC] CHUNK DRAINED
[12:48:02.018] [OK] [EXEC] REALIZED pnl=+0.000184
[12:48:02.019] [INFO] [EXEC] SELL ACCOUNTING RESET flat
[12:48:02.020] [OK] [EXEC] CYCLE CLOSED pnl=+0.000184
[12:48:02.021] [INFO] [EXEC] SESSION realized=+0.845791 wins=5 losses=0
[12:48:03.196] [INFO] [HEALTH] state=GOOD
[12:48:03.460] [INFO] [EXEC] SELL ACCOUNTING RESET new_cycle
[12:48:03.463] [OK] [EXEC] BUY ORDER SENT orderId=385452168 price=80925.45 qty=0.049420
[12:48:03.464] [OK] [EXEC] PLACE BUY price=80925.45 qty=0.049420
[12:48:04.458] [INFO] [EXEC] ENTRY_REPRICE reason=wide_spread_cross old=80925.45 new=80927.55 count=1
[12:48:04.995] [OK] [EXEC] ENTRY_PLACE price=80927.55 qty=0.049420
[12:48:05.520] [OK] [SYNC] order filled detected
[12:48:05.523] [OK] [SYNC] BUY filled on exchange
[12:48:05.524] [OK] [EXEC] BUY FILL UPDATE delta=0.049420 avg=80927.54
[12:48:05.528] [OK] [EXEC] CHUNK ADD qty=0.049420 entry=80927.54
[12:48:05.532] [INFO] [EXEC] CHUNK COUNT n=1
[12:48:05.534] [OK] [EXEC] INVENTORY qty=0.049420
[12:48:05.537] [OK] [EXEC] SELL REQUIRED inventory=0.049420
[12:48:06.508] [INFO] [EXEC] SELL CHECK inventory=0.049420 reported=0.000000 remaining=0.049410 chunks=1
[12:48:06.510] [INFO] [EXEC] PLACE_SELL_SOURCE source=plan price=80929.49
[12:48:06.511] [OK] [EXEC] PLACE SELL price=80929.49 qty=0.049410
[12:48:06.773] [WARNING] [EXEC] SELL PLACE FAILED reason=Binance request failed status=400 code=-2010 msg=Account has insufficient balance for requested action. body={"code":-2010,"msg":"Account has insufficient balance for requested action."}
[12:48:07.041] [INFO] [EXEC] ADOPT SELL orderId=385452349 qty=0.098870 price=80932.73
[12:48:08.023] [OK] [PLAN] HOT entry=80923.01 exit=80929.49 profit=0.320242 age=1781ms
[12:48:08.545] [OK] [SYNC] order filled detected
[12:48:08.548] [OK] [SYNC] SELL filled on exchange
[12:48:08.549] [OK] [EXEC] FIFO CLOSE qty=0.049420 entry=80927.54 exit=80932.73 pnl=+0.256490
[12:48:08.551] [INFO] [EXEC] CHUNK DRAINED
[12:48:08.552] [OK] [EXEC] REALIZED pnl=+0.256490
[12:48:08.553] [INFO] [EXEC] SELL ACCOUNTING RESET flat
[12:48:08.554] [OK] [EXEC] CYCLE CLOSED pnl=+0.256490
[12:48:08.555] [INFO] [EXEC] SESSION realized=+1.102281 wins=6 losses=0
[12:48:09.775] [INFO] [HEALTH] state=GOOD
[12:48:10.041] [INFO] [EXEC] SELL ACCOUNTING RESET new_cycle
[12:48:10.045] [OK] [EXEC] BUY ORDER SENT orderId=385452483 price=80926.14 qty=0.049420
[12:48:10.047] [OK] [EXEC] PLACE BUY price=80926.14 qty=0.049420
[12:48:11.032] [INFO] [EXEC] ENTRY_REPRICE reason=bid_moved_up old=80926.14 new=80927.46 count=1
[12:48:11.559] [OK] [EXEC] ENTRY_PLACE price=80927.46 qty=0.049420
[12:48:13.325] [INFO] [EXEC] BUY_WATCHDOG_SYNC orderId=385452521 status=NEW
[12:48:13.329] [WARNING] [EXEC] BUY TIMEOUT orderId=385452521
[12:48:13.330] [WARNING] [EXEC] CANCEL BUY orderId=385452521
[12:48:13.599] [OK] [EXEC] BUY CANCELED confirmed
[12:48:13.864] [INFO] [EXEC] BUY FINAL STATUS status=CANCELED orderId=385452521
[12:48:13.867] [WARNING] [EXEC] BLOCK reason=buy_not_filled
[12:48:17.122] [INFO] [HEALTH] state=GOOD
[12:48:17.386] [INFO] [EXEC] SELL ACCOUNTING RESET new_cycle
[12:48:17.390] [OK] [EXEC] BUY ORDER SENT orderId=385452622 price=80924.39 qty=0.049420
[12:48:17.393] [OK] [EXEC] PLACE BUY price=80924.39 qty=0.049420
[12:48:18.654] [INFO] [EXEC] ENTRY_REPRICE reason=wide_spread_cross old=80924.39 new=80924.42 count=1
[12:48:19.203] [OK] [EXEC] ENTRY_PLACE price=80924.42 qty=0.049420
[12:48:19.210] [OK] [PLAN] HOT entry=80925.40 exit=80937.49 profit=0.597488 age=1271ms
[12:48:20.179] [INFO] [EXEC] BUY_WATCHDOG_SYNC orderId=385452679 status=NEW
[12:48:20.182] [WARNING] [EXEC] BUY TIMEOUT orderId=385452679
[12:48:20.184] [WARNING] [EXEC] CANCEL BUY orderId=385452679
[12:48:20.448] [OK] [EXEC] BUY CANCELED confirmed
[12:48:20.712] [INFO] [EXEC] BUY FINAL STATUS status=CANCELED orderId=385452679
[12:48:20.716] [WARNING] [EXEC] BLOCK reason=buy_not_filled
[12:48:21.423] [INFO] [EXEC] SELL ACCOUNTING RESET new_cycle
[12:48:21.427] [OK] [EXEC] BUY ORDER SENT orderId=385452698 price=80923.14 qty=0.049420
[12:48:21.430] [OK] [EXEC] PLACE BUY price=80923.14 qty=0.049420
[12:48:22.430] [INFO] [EXEC] ENTRY_REPRICE reason=wide_spread_cross old=80923.14 new=80923.17 count=1
[12:48:22.978] [OK] [EXEC] ENTRY_PLACE price=80923.17 qty=0.049420
[12:48:24.222] [INFO] [EXEC] BUY_WATCHDOG_SYNC orderId=385452708 status=FILLED
[12:48:24.226] [OK] [SYNC] order filled detected
[12:48:24.227] [OK] [SYNC] BUY filled on exchange
[12:48:24.227] [OK] [EXEC] BUY FILL UPDATE delta=0.049420 avg=80923.16
[12:48:24.228] [OK] [EXEC] CHUNK ADD qty=0.049420 entry=80923.16
[12:48:24.231] [INFO] [EXEC] CHUNK COUNT n=1
[12:48:24.233] [OK] [EXEC] INVENTORY qty=0.049420
[12:48:24.235] [OK] [EXEC] SELL REQUIRED inventory=0.049420
[12:48:24.989] [WARNING] [EXEC] PLACE_SELL_STUCK_RECOVERY qty=0.049410
[12:48:25.515] [INFO] [EXEC] SELL CHECK inventory=0.049420 reported=0.000000 remaining=0.049410 chunks=1
[12:48:25.517] [INFO] [EXEC] SELL_REPRICE_FRESH_APPLIED old=80935.13 new=80926.20 ask=80926.22 bid=80922.00
[12:48:25.518] [INFO] [EXEC] SELL_REPRICE_VALIDATION old=80935.13 new=80926.20 ask=80926.22 dist_ticks=2 source=fresh_snapshot
[12:48:25.520] [INFO] [EXEC] PLACE_SELL_SOURCE source=fresh_after_far_cancel price=80926.20
[12:48:25.522] [OK] [EXEC] PLACE SELL price=80926.20 qty=0.049410
[12:48:25.804] [OK] [EXEC] SELL ORDER SENT orderId=385452765
[12:48:26.349] [OK] [SYNC] order filled detected
[12:48:26.351] [OK] [SYNC] SELL filled on exchange
[12:48:26.352] [OK] [EXEC] FIFO CLOSE qty=0.049410 entry=80923.16 exit=80926.20 pnl=+0.150206
[12:48:26.354] [INFO] [EXEC] CHUNK DRAINED
[12:48:26.355] [OK] [EXEC] REALIZED pnl=+0.150206
[12:48:26.356] [INFO] [EXEC] SELL ACCOUNTING RESET flat
[12:48:26.357] [OK] [EXEC] CYCLE CLOSED pnl=+0.150206
[12:48:26.358] [INFO] [EXEC] SESSION realized=+1.252487 wins=7 losses=0
[12:48:26.495] [INFO] [HEALTH] state=GOOD
[12:48:26.759] [INFO] [EXEC] SELL ACCOUNTING RESET new_cycle
[12:48:26.763] [OK] [EXEC] BUY ORDER SENT orderId=385452846 price=80928.11 qty=0.049420
[12:48:26.766] [OK] [EXEC] PLACE BUY price=80928.11 qty=0.049420
[12:48:27.768] [INFO] [EXEC] ENTRY_REPRICE reason=bid_moved_up old=80928.11 new=80928.13 count=1
[12:48:28.775] [OK] [EXEC] ENTRY_PLACE price=80928.13 qty=0.049420
[12:48:30.556] [INFO] [EXEC] BUY_WATCHDOG_SYNC orderId=385452892 status=FILLED
[12:48:30.561] [OK] [SYNC] order filled detected
[12:48:30.563] [OK] [SYNC] BUY filled on exchange
[12:48:30.563] [OK] [EXEC] BUY FILL UPDATE delta=0.049420 avg=80928.12
[12:48:30.567] [OK] [EXEC] CHUNK ADD qty=0.049420 entry=80928.12
[12:48:30.569] [INFO] [EXEC] CHUNK COUNT n=1
[12:48:30.571] [OK] [EXEC] INVENTORY qty=0.049420
[12:48:30.572] [OK] [EXEC] SELL REQUIRED inventory=0.049420
[12:48:31.066] [WARNING] [EXEC] SELL_QTY_CLAMP inventory=0.049420 free=0.000017 final=0.000017
[12:48:31.590] [INFO] [EXEC] SELL CHECK inventory=0.049420 reported=0.000000 remaining=0.049410 chunks=1
[12:48:31.592] [INFO] [EXEC] PLACE_SELL_SOURCE source=plan price=80928.14
[12:48:31.593] [OK] [EXEC] PLACE SELL price=80928.14 qty=0.049410
[12:48:31.856] [OK] [EXEC] SELL ORDER SENT orderId=385453196
[12:48:32.832] [INFO] [EXEC] SELL_UPSIZE_SKIPPED reason=exit_or_panic_active
[12:48:32.840] [OK] [PLAN] HOT entry=80909.96 exit=80915.51 profit=0.274336 age=1504ms
[12:48:34.309] [INFO] [EXEC] SELL_WATCHDOG_SYNC orderId=385453196 status=NEW
[12:48:34.312] [WARNING] [EXEC] SELL_WATCHDOG_FAR_CANCEL orderId=385453196 price=80928.14 ask=80920.57 dist_ticks=756
[12:48:34.845] [INFO] [EXEC] SELL_FAR_CANCEL_FINAL_STATUS status=CANCELED
[12:48:36.639] [INFO] [EXEC] SELL CHECK inventory=0.049420 reported=0.000000 remaining=0.049410 chunks=1
[12:48:36.641] [INFO] [EXEC] SELL_REPRICE_FRESH_APPLIED old=80928.14 new=80918.44 ask=80918.46 bid=80914.01
[12:48:36.642] [INFO] [EXEC] SELL_REPRICE_VALIDATION old=80928.14 new=80918.44 ask=80918.46 dist_ticks=2 source=fresh_snapshot
[12:48:36.644] [WARNING] [EXEC] SELL_FLOOR_BLOCKED price=80918.44 floor=80928.13 entry=80928.12 reason=below_min_profit source=fresh_after_far_cancel
[12:48:36.645] [INFO] [EXEC] PLACE_SELL_SOURCE source=fresh_after_far_cancel price=80928.13
[12:48:36.646] [OK] [EXEC] PLACE SELL price=80928.13 qty=0.049410
[12:48:36.909] [OK] [EXEC] SELL ORDER SENT orderId=385453398
[12:48:38.909] [INFO] [EXEC] SELL_WATCHDOG_SYNC orderId=385453398 status=NEW
[12:48:38.912] [INFO] [EXEC] SELL_WATCHDOG_FAR_IGNORE orderId=385453398 reason=protected_sell dist_ticks=1031
[12:48:39.928] [INFO] [EXEC] SELL_WATCHDOG_SYNC orderId=385453398 status=FILLED
[12:48:39.931] [OK] [EXEC] FIFO CLOSE qty=0.049410 entry=80928.12 exit=80928.12 pnl=+0.000000
[12:48:39.933] [INFO] [EXEC] CHUNK DRAINED
[12:48:39.934] [INFO] [EXEC] SELL ACCOUNTING RESET flat
[12:48:39.935] [INFO] [EXEC] CYCLE SKIP no_fifo_pnl
[12:48:39.936] [OK] [EXEC] SELL FILLED id=385453398
[12:48:39.937] [OK] [EXEC] SELL FILLED qty=0.049410 remaining=0.000000
[12:48:39.938] [INFO] [EXEC] SELL ACCOUNTING RESET inventory_drained
[12:48:39.939] [INFO] [EXEC] INVENTORY DRAINED epsilon_cleanup qty=0.000000
[12:48:39.940] [INFO] [EXEC] SELL ACCOUNTING RESET flat
[12:48:39.941] [INFO] [EXEC] CYCLE SKIP no_fifo_pnl
[12:48:40.425] [INFO] [HEALTH] state=GOOD
[12:48:40.694] [INFO] [EXEC] SELL ACCOUNTING RESET new_cycle
[12:48:40.698] [OK] [EXEC] BUY ORDER SENT orderId=385453626 price=80920.37 qty=0.049430
[12:48:40.701] [OK] [EXEC] PLACE BUY price=80920.37 qty=0.049430
[12:48:40.705] [OK] [PLAN] HOT entry=80920.37 exit=80936.56 profit=0.800272 age=758ms
[12:48:41.813] [INFO] [EXEC] ENTRY_REPRICE reason=wide_spread_cross old=80920.37 new=80927.46 count=1
[12:48:42.336] [OK] [EXEC] ENTRY_PLACE price=80927.46 qty=0.049430
[12:48:43.204] [INFO] [EXEC] BUY_WATCHDOG_SYNC orderId=385453694 status=NEW
[12:48:43.208] [WARNING] [EXEC] BUY_WATCHDOG_FAR_CANCEL orderId=385453694 price=80927.46 bid=80927.60 dist_ticks=14
[12:48:46.439] [INFO] [HEALTH] state=GOOD
[12:48:46.724] [INFO] [EXEC] SELL ACCOUNTING RESET new_cycle
[12:48:46.728] [OK] [EXEC] BUY ORDER SENT orderId=385453852 price=80920.37 qty=0.049430
[12:48:46.731] [OK] [EXEC] PLACE BUY price=80920.37 qty=0.049430
[12:48:47.962] [INFO] [EXEC] ENTRY_REPRICE reason=wide_spread_cross old=80920.37 new=80930.75 count=1
[12:48:48.486] [OK] [EXEC] ENTRY_PLACE price=80930.75 qty=0.049430
[12:48:49.512] [INFO] [EXEC] BUY_WATCHDOG_SYNC orderId=385453946 status=NEW
[12:48:49.515] [WARNING] [EXEC] BUY_WATCHDOG_FAR_CANCEL orderId=385453946 price=80930.75 bid=80930.90 dist_ticks=15
[12:48:51.767] [INFO] [HEALTH] state=GOOD
[12:48:52.032] [INFO] [EXEC] SELL ACCOUNTING RESET new_cycle
[12:48:52.036] [OK] [EXEC] BUY ORDER SENT orderId=385454071 price=80933.04 qty=0.049420
[12:48:52.039] [OK] [EXEC] PLACE BUY price=80933.04 qty=0.049420
[12:48:52.569] [OK] [SYNC] order filled detected
[12:48:52.572] [OK] [SYNC] BUY filled on exchange
[12:48:52.573] [OK] [EXEC] BUY FILL UPDATE delta=0.049420 avg=80933.04
[12:48:52.574] [OK] [EXEC] CHUNK ADD qty=0.049420 entry=80933.04
[12:48:52.575] [INFO] [EXEC] CHUNK COUNT n=1
[12:48:52.576] [OK] [EXEC] INVENTORY qty=0.049420
[12:48:52.577] [OK] [EXEC] SELL REQUIRED inventory=0.049420
[12:48:52.777] [WARNING] [EXEC] SELL_QTY_CLAMP inventory=0.049420 free=0.000027 final=0.000027
[12:48:53.324] [INFO] [EXEC] SELL CHECK inventory=0.049420 reported=0.000000 remaining=0.049410 chunks=1
[12:48:53.326] [INFO] [EXEC] PLACE_SELL_SOURCE source=plan price=80935.93
[12:48:53.327] [OK] [EXEC] PLACE SELL price=80935.93 qty=0.049410
[12:48:53.594] [OK] [EXEC] SELL ORDER SENT orderId=385454129
[12:48:55.059] [OK] [SYNC] order filled detected
[12:48:55.061] [OK] [SYNC] SELL filled on exchange
[12:48:55.062] [OK] [EXEC] FIFO CLOSE qty=0.049410 entry=80933.04 exit=80935.93 pnl=+0.142795
[12:48:55.067] [INFO] [EXEC] CHUNK DRAINED
[12:48:55.070] [OK] [EXEC] REALIZED pnl=+0.142795
[12:48:55.074] [INFO] [EXEC] SELL ACCOUNTING RESET flat
[12:48:55.076] [OK] [EXEC] CYCLE CLOSED pnl=+0.142795
[12:48:55.078] [INFO] [EXEC] SESSION realized=+1.395282 wins=8 losses=0
[12:48:58.813] [INFO] [HEALTH] state=GOOD
[12:48:59.076] [INFO] [EXEC] SELL ACCOUNTING RESET new_cycle
[12:48:59.078] [OK] [EXEC] BUY ORDER SENT orderId=385454432 price=80935.49 qty=0.049420
[12:48:59.080] [OK] [EXEC] PLACE BUY price=80935.49 qty=0.049420
[12:49:00.869] [INFO] [EXEC] BUY_WATCHDOG_SYNC orderId=385454432 status=NEW
[12:49:00.873] [WARNING] [EXEC] BUY_WATCHDOG_FAR_CANCEL orderId=385454432 price=80935.49 bid=80935.90 dist_ticks=40
[12:49:03.662] [INFO] [EXEC] SELL ACCOUNTING RESET new_cycle
[12:49:03.666] [OK] [EXEC] BUY ORDER SENT orderId=385454657 price=80939.52 qty=0.049410
[12:49:03.668] [OK] [EXEC] PLACE BUY price=80939.52 qty=0.049410
[12:49:04.658] [OK] [EXEC] BUY FILL UPDATE delta=0.049410 avg=80939.52
[12:49:04.659] [OK] [EXEC] CHUNK ADD qty=0.049410 entry=80939.52
[12:49:04.661] [INFO] [EXEC] CHUNK COUNT n=1
[12:49:04.662] [OK] [EXEC] INVENTORY qty=0.049410
[12:49:04.663] [OK] [EXEC] SELL REQUIRED inventory=0.049410
[12:49:04.664] [OK] [EXEC] BUY PARTIAL delta=0.049410 total=0.049410
[12:49:04.665] [OK] [EXEC] BUY REMAINING qty=0.000000
[12:49:04.667] [OK] [EXEC] BUY FILLED id=385454657
[12:49:05.193] [OK] [SYNC] order filled detected
[12:49:05.194] [OK] [SYNC] BUY filled on exchange
[12:49:06.118] [INFO] [EXEC] SELL CHECK inventory=0.049410 reported=0.000000 remaining=0.049410 chunks=1
[12:49:06.121] [INFO] [EXEC] PLACE_SELL_SOURCE source=plan price=80941.18
[12:49:06.122] [OK] [EXEC] PLACE SELL price=80941.18 qty=0.049410
[12:49:06.396] [OK] [EXEC] SELL ORDER SENT orderId=385454746
[12:49:07.449] [OK] [EXEC] FIFO CLOSE qty=0.049410 entry=80939.52 exit=80941.18 pnl=+0.082021
[12:49:07.453] [INFO] [EXEC] CHUNK DRAINED
[12:49:07.454] [OK] [EXEC] REALIZED pnl=+0.082021
[12:49:07.455] [INFO] [EXEC] SELL ACCOUNTING RESET flat
[12:49:07.456] [OK] [EXEC] CYCLE CLOSED pnl=+0.082021
[12:49:07.457] [INFO] [EXEC] SESSION realized=+1.477303 wins=9 losses=0
[12:49:07.458] [OK] [EXEC] EXIT_FILLED
[12:49:07.459] [INFO] [EXEC] SELL ACCOUNTING RESET flat
[12:49:07.460] [INFO] [EXEC] CYCLE SKIP no_fifo_pnl
[12:49:07.461] [OK] [EXEC] SELL FILLED id=385454746
[12:49:07.462] [OK] [EXEC] SELL FILLED qty=0.049410 remaining=0.000000
[12:49:07.463] [INFO] [EXEC] SELL ACCOUNTING RESET inventory_drained
[12:49:07.464] [INFO] [EXEC] INVENTORY DRAINED epsilon_cleanup qty=0.000000
[12:49:07.465] [INFO] [EXEC] SELL ACCOUNTING RESET flat
[12:49:07.466] [INFO] [EXEC] CYCLE SKIP no_fifo_pnl
[12:49:07.468] [OK] [PLAN] HOT entry=80936.97 exit=80944.04 profit=0.349399 age=1623ms
[12:49:08.952] [INFO] [HEALTH] state=GOOD
[12:49:09.227] [INFO] [EXEC] SELL ACCOUNTING RESET new_cycle
[12:49:09.230] [OK] [EXEC] BUY ORDER SENT orderId=385454846 price=80942.31 qty=0.049410
[12:49:09.232] [OK] [EXEC] PLACE BUY price=80942.31 qty=0.049410
[12:49:10.218] [INFO] [EXEC] ENTRY_REPRICE reason=wide_spread_cross old=80942.31 new=80943.84 count=1
[12:49:10.745] [OK] [EXEC] ENTRY_PLACE price=80943.84 qty=0.049410
[12:49:11.826] [INFO] [EXEC] BUY_WATCHDOG_SYNC orderId=385454895 status=NEW
[12:49:11.830] [WARNING] [EXEC] BUY TIMEOUT orderId=385454895
[12:49:11.831] [WARNING] [EXEC] CANCEL BUY orderId=385454895
[12:49:12.092] [OK] [EXEC] BUY CANCELED confirmed
[12:49:12.365] [INFO] [EXEC] BUY FINAL STATUS status=CANCELED orderId=385454895
[12:49:12.368] [WARNING] [EXEC] BLOCK reason=buy_not_filled
[12:49:12.977] [INFO] [EXEC] SELL ACCOUNTING RESET new_cycle
[12:49:12.980] [OK] [EXEC] BUY ORDER SENT orderId=385455044 price=80945.20 qty=0.049410
[12:49:12.982] [OK] [EXEC] PLACE BUY price=80945.20 qty=0.049410
[12:49:12.984] [OK] [PLAN] HOT entry=80945.20 exit=80953.50 profit=0.410103 age=1150ms
[12:49:14.006] [INFO] [EXEC] ENTRY_REPRICE reason=wide_spread_cross old=80945.20 new=80945.23 count=1
[12:49:14.540] [OK] [EXEC] ENTRY_PLACE price=80945.23 qty=0.049410
[12:49:15.519] [INFO] [EXEC] BUY_WATCHDOG_SYNC orderId=385455220 status=NEW
[12:49:15.524] [WARNING] [EXEC] BUY TIMEOUT orderId=385455220
[12:49:15.527] [WARNING] [EXEC] CANCEL BUY orderId=385455220
[12:49:15.795] [OK] [EXEC] BUY CANCELED confirmed
[12:49:16.057] [INFO] [EXEC] BUY FINAL STATUS status=CANCELED orderId=385455220
[12:49:16.060] [WARNING] [EXEC] BLOCK reason=buy_not_filled
[12:49:17.041] [INFO] [HEALTH] state=GOOD
[12:49:17.305] [INFO] [EXEC] SELL ACCOUNTING RESET new_cycle
[12:49:17.308] [OK] [EXEC] BUY ORDER SENT orderId=385455323 price=80946.26 qty=0.049410
[12:49:17.310] [OK] [EXEC] PLACE BUY price=80946.26 qty=0.049410
[12:49:18.313] [OK] [SYNC] order filled detected
[12:49:18.315] [OK] [SYNC] BUY filled on exchange
[12:49:18.316] [OK] [EXEC] BUY FILL UPDATE delta=0.049410 avg=80946.26
[12:49:18.318] [OK] [EXEC] CHUNK ADD qty=0.049410 entry=80946.26
[12:49:18.319] [INFO] [EXEC] CHUNK COUNT n=1
[12:49:18.320] [OK] [EXEC] INVENTORY qty=0.049410
[12:49:18.321] [OK] [EXEC] SELL REQUIRED inventory=0.049410
[12:49:19.304] [INFO] [EXEC] SELL CHECK inventory=0.049410 reported=0.000000 remaining=0.049410 chunks=1
[12:49:19.306] [INFO] [EXEC] PLACE_SELL_SOURCE source=plan price=80952.52
[12:49:19.307] [OK] [EXEC] PLACE SELL price=80952.52 qty=0.049410
[12:49:20.047] [OK] [EXEC] SELL ORDER SENT orderId=385455440
[12:49:20.052] [OK] [PLAN] HOT entry=80939.01 exit=80952.52 profit=0.667529 age=1738ms
[12:49:22.090] [INFO] [EXEC] SELL_WATCHDOG_SYNC orderId=385455440 status=NEW
[12:49:22.091] [WARNING] [EXEC] TAKER_EXIT_TRIGGER reason=force_flat_after_ms age=2519 qty=0.049410
[12:49:22.092] [WARNING] [EXEC] TAKER_EXIT_CANCEL_MAKER orderId=385455440
[12:49:22.901] [INFO] [EXEC] PLACE_SELL_SOURCE source=taker price=80944.98
[12:49:23.167] [WARNING] [EXEC] TAKER_EXIT_ORDER_SENT id=385455593 price=80944.98 qty=0.049410
[12:49:23.704] [WARNING] [SYNC] desync fixed
[12:49:24.372] [INFO] [EXEC] EXIT RECOVERY inventory_no_sell qty=0.049410
[12:49:24.375] [WARNING] [EXEC] SELL_PENDING_WITHOUT_ORDER_FIXED
[12:49:24.914] [INFO] [EXEC] SELL CHECK inventory=0.049410 reported=0.000000 remaining=0.049410 chunks=1
[12:49:24.918] [INFO] [EXEC] PLACE_SELL_SOURCE source=plan price=80953.50
[12:49:24.920] [OK] [EXEC] PLACE SELL price=80953.50 qty=0.049410
[12:49:25.193] [OK] [EXEC] SELL ORDER SENT orderId=385455666
[12:49:27.149] [INFO] [EXEC] SELL_WATCHDOG_SYNC orderId=385455666 status=NEW
[12:49:27.150] [WARNING] [EXEC] SELL_WATCHDOG_FAR_CANCEL orderId=385455666 price=80953.50 ask=80952.22 dist_ticks=127
[12:49:27.678] [INFO] [EXEC] SELL_FAR_CANCEL_FINAL_STATUS status=CANCELED
[12:49:28.657] [INFO] [EXEC] SELL CHECK inventory=0.049410 reported=0.000000 remaining=0.049410 chunks=1
[12:49:28.660] [INFO] [EXEC] SELL_REPRICE_FRESH_APPLIED old=80953.50 new=80949.77 ask=80949.78 bid=80944.62
[12:49:28.661] [INFO] [EXEC] SELL_REPRICE_VALIDATION old=80953.50 new=80949.77 ask=80949.78 dist_ticks=0 source=fresh_snapshot
[12:49:28.663] [INFO] [EXEC] PLACE_SELL_SOURCE source=fresh_after_far_cancel price=80949.77
[12:49:28.664] [OK] [EXEC] PLACE SELL price=80949.77 qty=0.049410
[12:49:28.927] [OK] [EXEC] SELL ORDER SENT orderId=385455773
[12:49:29.646] [OK] [SYNC] order filled detected
[12:49:29.650] [OK] [SYNC] SELL filled on exchange
[12:49:29.651] [OK] [EXEC] FIFO CLOSE qty=0.049410 entry=80946.26 exit=80949.77 pnl=+0.173429
[12:49:29.652] [INFO] [EXEC] CHUNK DRAINED
[12:49:29.653] [OK] [EXEC] REALIZED pnl=+0.173429
[12:49:29.654] [INFO] [EXEC] SELL ACCOUNTING RESET flat
[12:49:29.655] [OK] [EXEC] CYCLE CLOSED pnl=+0.173429
[12:49:29.656] [INFO] [EXEC] SESSION realized=+1.650732 wins=10 losses=0
[12:49:32.652] [INFO] [HEALTH] state=GOOD
[12:49:32.920] [INFO] [EXEC] SELL ACCOUNTING RESET new_cycle
[12:49:32.922] [OK] [EXEC] BUY ORDER SENT orderId=385455947 price=80951.31 qty=0.049410
[12:49:32.923] [OK] [EXEC] PLACE BUY price=80951.31 qty=0.049410
[12:49:33.931] [INFO] [EXEC] ENTRY_REPRICE reason=bid_moved_up old=80951.31 new=80956.10 count=1
[12:49:34.456] [OK] [EXEC] ENTRY_PLACE price=80956.10 qty=0.049410
[12:49:35.485] [INFO] [EXEC] BUY_WATCHDOG_SYNC orderId=385456035 status=NEW
[12:49:35.488] [WARNING] [EXEC] BUY_WATCHDOG_FAR_CANCEL orderId=385456035 price=80956.10 bid=80957.17 dist_ticks=107
[12:49:36.729] [INFO] [EXEC] SELL ACCOUNTING RESET new_cycle
[12:49:36.733] [OK] [EXEC] BUY ORDER SENT orderId=385456129 price=80955.00 qty=0.049410
[12:49:36.736] [OK] [EXEC] PLACE BUY price=80955.00 qty=0.049410
[12:49:37.751] [INFO] [EXEC] ENTRY_REPRICE reason=bid_moved_up old=80955.00 new=80955.02 count=1
[12:49:38.288] [OK] [EXEC] ENTRY_PLACE price=80955.02 qty=0.049410
[12:49:39.258] [INFO] [EXEC] BUY_WATCHDOG_SYNC orderId=385456181 status=NEW
[12:49:39.262] [WARNING] [EXEC] BUY TIMEOUT orderId=385456181
[12:49:39.264] [WARNING] [EXEC] CANCEL BUY orderId=385456181
[12:49:39.561] [OK] [EXEC] BUY CANCELED confirmed
[12:49:39.824] [INFO] [EXEC] BUY FINAL STATUS status=CANCELED orderId=385456181
[12:49:39.827] [WARNING] [EXEC] BLOCK reason=buy_not_filled
[12:49:40.737] [INFO] [HEALTH] state=GOOD
[12:49:41.006] [INFO] [EXEC] SELL ACCOUNTING RESET new_cycle
[12:49:41.009] [OK] [EXEC] BUY ORDER SENT orderId=385456289 price=80959.31 qty=0.049400
[12:49:41.012] [OK] [EXEC] PLACE BUY price=80959.31 qty=0.049400
[12:49:41.539] [OK] [SYNC] order filled detected
[12:49:41.542] [OK] [SYNC] BUY filled on exchange
[12:49:41.543] [OK] [EXEC] BUY FILL UPDATE delta=0.049400 avg=80959.31
[12:49:41.545] [OK] [EXEC] CHUNK ADD qty=0.049400 entry=80959.31
[12:49:41.547] [INFO] [EXEC] CHUNK COUNT n=1
[12:49:41.548] [OK] [EXEC] INVENTORY qty=0.049400
[12:49:41.550] [OK] [EXEC] SELL REQUIRED inventory=0.049400
[12:49:42.511] [INFO] [EXEC] SELL CHECK inventory=0.049400 reported=0.000000 remaining=0.049390 chunks=1
[12:49:42.516] [INFO] [EXEC] PLACE_SELL_SOURCE source=plan price=80962.48
[12:49:42.519] [OK] [EXEC] PLACE SELL price=80962.48 qty=0.049390
[12:49:42.784] [OK] [EXEC] SELL ORDER SENT orderId=385456386
[12:49:43.321] [OK] [SYNC] order filled detected
[12:49:43.324] [OK] [SYNC] SELL filled on exchange
[12:49:43.325] [OK] [EXEC] FIFO CLOSE qty=0.049390 entry=80959.31 exit=80962.48 pnl=+0.156566
[12:49:43.328] [INFO] [EXEC] CHUNK DRAINED
[12:49:43.330] [OK] [EXEC] REALIZED pnl=+0.156566
[12:49:43.332] [INFO] [EXEC] SELL ACCOUNTING RESET flat
[12:49:43.333] [OK] [EXEC] CYCLE CLOSED pnl=+0.156566
[12:49:43.334] [INFO] [EXEC] SESSION realized=+1.807298 wins=11 losses=0
[12:49:43.744] [INFO] [EXEC] SELL ACCOUNTING RESET new_cycle
[12:49:43.748] [OK] [EXEC] BUY ORDER SENT orderId=385456513 price=80955.25 qty=0.049410
[12:49:43.750] [OK] [EXEC] PLACE BUY price=80955.25 qty=0.049410
[12:49:45.259] [INFO] [EXEC] BUY_WATCHDOG_SYNC orderId=385456513 status=NEW
[12:49:45.263] [WARNING] [EXEC] BUY TIMEOUT orderId=385456513
[12:49:45.265] [WARNING] [EXEC] CANCEL BUY orderId=385456513
[12:49:45.530] [OK] [EXEC] BUY CANCELED confirmed
[12:49:45.803] [INFO] [EXEC] BUY FINAL STATUS status=CANCELED orderId=385456513
[12:49:45.807] [WARNING] [EXEC] BLOCK reason=buy_not_filled
[12:49:45.812] [OK] [PLAN] HOT entry=80956.26 exit=80977.31 profit=1.039870 age=1507ms
[12:49:47.982] [INFO] [HEALTH] state=GOOD
[12:49:48.246] [INFO] [EXEC] SELL ACCOUNTING RESET new_cycle
[12:49:48.249] [OK] [EXEC] BUY ORDER SENT orderId=385456790 price=80947.15 qty=0.049410
[12:49:48.251] [OK] [EXEC] PLACE BUY price=80947.15 qty=0.049410
[12:49:49.271] [INFO] [EXEC] ENTRY_REPRICE reason=bid_moved_up old=80947.15 new=80958.79 count=1
[12:49:49.811] [OK] [EXEC] ENTRY_PLACE price=80958.79 qty=0.049410
[12:49:50.798] [INFO] [EXEC] BUY_WATCHDOG_SYNC orderId=385456822 status=NEW
[12:49:50.803] [WARNING] [EXEC] BUY TIMEOUT orderId=385456822
[12:49:50.807] [WARNING] [EXEC] CANCEL BUY orderId=385456822
[12:49:51.067] [OK] [EXEC] BUY CANCELED confirmed
[12:49:51.335] [INFO] [EXEC] BUY FINAL STATUS status=CANCELED orderId=385456822
[12:49:51.340] [WARNING] [EXEC] BLOCK reason=buy_not_filled
[12:49:52.551] [INFO] [EXEC] SELL ACCOUNTING RESET new_cycle
[12:49:52.555] [OK] [EXEC] BUY ORDER SENT orderId=385456870 price=80955.00 qty=0.049410
[12:49:52.556] [OK] [EXEC] PLACE BUY price=80955.00 qty=0.049410
[12:49:53.808] [INFO] [EXEC] ENTRY_REPRICE reason=bid_moved_up old=80955.00 new=80958.47 count=1
[12:49:54.334] [OK] [EXEC] ENTRY_PLACE price=80958.47 qty=0.049410
[12:49:54.865] [OK] [SYNC] order filled detected
[12:49:54.868] [OK] [SYNC] BUY filled on exchange
[12:49:54.869] [OK] [EXEC] BUY FILL UPDATE delta=0.049410 avg=80958.47
[12:49:54.873] [OK] [EXEC] CHUNK ADD qty=0.049410 entry=80958.47
[12:49:54.876] [INFO] [EXEC] CHUNK COUNT n=1
[12:49:54.878] [OK] [EXEC] INVENTORY qty=0.049410
[12:49:54.880] [OK] [EXEC] SELL REQUIRED inventory=0.049410
[12:49:55.090] [WARNING] [EXEC] SELL_QTY_CLAMP inventory=0.049410 free=0.033687 final=0.033687
[12:49:55.621] [INFO] [EXEC] SELL CHECK inventory=0.049410 reported=0.000000 remaining=0.049410 chunks=1
[12:49:55.626] [INFO] [EXEC] PLACE_SELL_SOURCE source=plan price=80961.49
[12:49:55.629] [OK] [EXEC] PLACE SELL price=80961.49 qty=0.049410
[12:49:55.895] [OK] [EXEC] SELL ORDER SENT orderId=385456972
[12:49:57.912] [INFO] [EXEC] SELL_WATCHDOG_SYNC orderId=385456972 status=NEW
[12:49:57.917] [WARNING] [EXEC] SELL_WATCHDOG_FAR_CANCEL orderId=385456972 price=80961.49 ask=80958.01 dist_ticks=348
[12:49:58.449] [INFO] [EXEC] SELL_FAR_CANCEL_FINAL_STATUS status=CANCELED
[12:49:59.440] [INFO] [EXEC] SELL CHECK inventory=0.049410 reported=0.000000 remaining=0.049410 chunks=1
[12:49:59.443] [INFO] [EXEC] SELL_REPRICE_FRESH_APPLIED old=80961.49 new=80958.47 ask=80958.49 bid=80953.60
[12:49:59.446] [INFO] [EXEC] SELL_REPRICE_VALIDATION old=80961.49 new=80958.47 ask=80958.49 dist_ticks=2 source=fresh_snapshot
[12:49:59.450] [WARNING] [EXEC] SELL_FLOOR_BLOCKED price=80958.47 floor=80958.48 entry=80958.47 reason=below_min_profit source=fresh_after_far_cancel
[12:49:59.453] [INFO] [EXEC] PLACE_SELL_SOURCE source=fresh_after_far_cancel price=80958.48
[12:49:59.455] [OK] [EXEC] PLACE SELL price=80958.48 qty=0.049410
[12:49:59.720] [WARNING] [EXEC] SELL_HOLD_RECOVERY_START orderId=385457102 entry=80958.47 floor=80958.48 ask=80958.49
[12:49:59.725] [OK] [EXEC] SELL ORDER SENT orderId=385457102
[12:50:01.172] [WARNING] [EXEC] SELL_QTY_CLAMP inventory=0.049410 free=0.033687 final=0.033687
[12:50:01.438] [INFO] [EXEC] HOLD_PROTECTED_SKIP_EXIT_ESCALATION reason=timeout_after_ms orderId=385457102 hold_age=1457 max=30000
[12:50:02.454] [INFO] [EXEC] SELL_WATCHDOG_SYNC orderId=385457102 status=NEW
[12:50:02.459] [INFO] [EXEC] SELL_WATCHDOG_FAR_IGNORE orderId=385457102 reason=protected_sell dist_ticks=80
[12:50:03.474] [INFO] [EXEC] SELL_WATCHDOG_SYNC orderId=385457102 status=NEW
[12:50:03.479] [INFO] [EXEC] HOLD_PROTECTED_SKIP_EXIT_ESCALATION reason=force_flat_after_ms orderId=385457102 hold_age=3493 max=30000
[12:50:04.216] [WARNING] [EXEC] SELL_QTY_CLAMP inventory=0.049410 free=0.033687 final=0.033687
[12:50:04.478] [INFO] [EXEC] SELL_WATCHDOG_SYNC orderId=385457102 status=NEW
[12:50:05.196] [OK] [SYNC] order filled detected
[12:50:05.198] [OK] [SYNC] SELL filled on exchange
[12:50:05.199] [OK] [EXEC] FIFO CLOSE qty=0.049410 entry=80958.47 exit=80958.48 pnl=+0.000494
[12:50:05.204] [INFO] [EXEC] CHUNK DRAINED
[12:50:05.207] [OK] [EXEC] REALIZED pnl=+0.000494
[12:50:05.210] [INFO] [EXEC] SELL ACCOUNTING RESET flat
[12:50:05.212] [OK] [EXEC] CYCLE CLOSED pnl=+0.000494
[12:50:05.214] [INFO] [EXEC] SESSION realized=+1.807792 wins=12 losses=0
[12:50:05.217] [INFO] [HEALTH] state=GOOD
[12:50:05.481] [INFO] [EXEC] SELL ACCOUNTING RESET new_cycle
[12:50:05.486] [OK] [EXEC] BUY ORDER SENT orderId=385457402 price=80953.98 qty=0.049410
[12:50:05.490] [OK] [EXEC] PLACE BUY price=80953.98 qty=0.049410
[12:50:07.202] [INFO] [EXEC] BUY_WATCHDOG_SYNC orderId=385457402 status=FILLED
[12:50:07.206] [OK] [SYNC] order filled detected
[12:50:07.208] [OK] [SYNC] BUY filled on exchange
[12:50:07.208] [OK] [EXEC] BUY FILL UPDATE delta=0.049410 avg=80953.98
[12:50:07.210] [OK] [EXEC] CHUNK ADD qty=0.049410 entry=80953.98
[12:50:07.212] [INFO] [EXEC] CHUNK COUNT n=1
[12:50:07.214] [OK] [EXEC] INVENTORY qty=0.049410
[12:50:07.216] [OK] [EXEC] SELL REQUIRED inventory=0.049410
[12:50:07.691] [WARNING] [EXEC] SELL_QTY_CLAMP inventory=0.049410 free=0.033687 final=0.033687
[12:50:08.230] [INFO] [EXEC] SELL CHECK inventory=0.049410 reported=0.000000 remaining=0.049410 chunks=1
[12:50:08.232] [INFO] [EXEC] PLACE_SELL_SOURCE source=plan price=80956.54
[12:50:08.233] [OK] [EXEC] PLACE SELL price=80956.54 qty=0.049410
[12:50:08.494] [OK] [EXEC] SELL ORDER SENT orderId=385457503
[12:50:10.956] [INFO] [EXEC] SELL_WATCHDOG_SYNC orderId=385457503 status=NEW
[12:50:10.959] [WARNING] [EXEC] SELL_WATCHDOG_FAR_CANCEL orderId=385457503 price=80956.54 ask=80951.25 dist_ticks=528
[12:50:11.487] [INFO] [EXEC] SELL_FAR_CANCEL_FINAL_STATUS status=CANCELED
[12:50:12.985] [INFO] [EXEC] SELL CHECK inventory=0.049410 reported=0.000000 remaining=0.049410 chunks=1
[12:50:12.991] [INFO] [EXEC] SELL_REPRICE_FRESH_APPLIED old=80956.54 new=80942.12 ask=80942.15 bid=80932.59
[12:50:12.994] [INFO] [EXEC] SELL_REPRICE_VALIDATION old=80956.54 new=80942.12 ask=80942.15 dist_ticks=2 source=fresh_snapshot
[12:50:12.997] [WARNING] [EXEC] SELL_FLOOR_BLOCKED price=80942.12 floor=80953.99 entry=80953.98 reason=below_min_profit source=fresh_after_far_cancel
[12:50:13.000] [INFO] [EXEC] PLACE_SELL_SOURCE source=fresh_after_far_cancel price=80953.99
[12:50:13.002] [OK] [EXEC] PLACE SELL price=80953.99 qty=0.049410
[12:50:13.266] [WARNING] [EXEC] SELL_HOLD_RECOVERY_START orderId=385457788 entry=80953.98 floor=80953.99 ask=80942.15
[12:50:13.271] [OK] [EXEC] SELL ORDER SENT orderId=385457788
[12:50:13.274] [OK] [PLAN] HOT entry=80933.59 exit=80941.65 profit=0.398325 age=1762ms
[12:50:15.242] [INFO] [EXEC] SELL_WATCHDOG_SYNC orderId=385457788 status=NEW
[12:50:15.246] [INFO] [EXEC] SELL_WATCHDOG_FAR_IGNORE orderId=385457788 reason=protected_sell dist_ticks=1610
[12:50:16.276] [INFO] [EXEC] SELL_WATCHDOG_SYNC orderId=385457788 status=NEW
[12:50:17.268] [INFO] [EXEC] HOLD_PROTECTED_SKIP_EXIT_ESCALATION reason=force_flat_after_ms orderId=385457788 hold_age=3741 max=30000
[12:50:18.090] [WARNING] [EXEC] SELL_QTY_CLAMP inventory=0.049410 free=0.033687 final=0.033687
[12:50:18.355] [INFO] [EXEC] SELL_WATCHDOG_SYNC orderId=385457788 status=NEW
[12:50:19.284] [INFO] [EXEC] HOLD_PROTECTED_SKIP_EXIT_ESCALATION reason=force_flat_after_ms orderId=385457788 hold_age=5754 max=30000
[12:50:20.308] [INFO] [EXEC] SELL_WATCHDOG_SYNC orderId=385457788 status=NEW
[12:50:20.313] [INFO] [EXEC] SELL_WATCHDOG_FAR_IGNORE orderId=385457788 reason=protected_sell dist_ticks=1962
[12:50:21.099] [WARNING] [EXEC] SELL_QTY_CLAMP inventory=0.049410 free=0.033687 final=0.033687
[12:50:21.368] [INFO] [EXEC] SELL_WATCHDOG_SYNC orderId=385457788 status=NEW
[12:50:22.364] [INFO] [EXEC] HOLD_PROTECTED_SKIP_EXIT_ESCALATION reason=force_flat_after_ms orderId=385457788 hold_age=8832 max=30000
[12:50:23.340] [INFO] [EXEC] SELL_WATCHDOG_SYNC orderId=385457788 status=NEW
[12:50:24.082] [INFO] [EXEC] HOLD_PROTECTED_SKIP_EXIT_ESCALATION reason=force_flat_after_ms orderId=385457788 hold_age=10553 max=30000
[12:50:24.823] [WARNING] [EXEC] SELL_QTY_CLAMP inventory=0.049410 free=0.033687 final=0.033687
[12:50:25.090] [INFO] [EXEC] SELL_WATCHDOG_SYNC orderId=385457788 status=NEW
[12:50:26.096] [INFO] [EXEC] SELL_WATCHDOG_FAR_IGNORE orderId=385457788 reason=protected_sell dist_ticks=2072
[12:50:27.085] [INFO] [EXEC] HOLD_PROTECTED_SKIP_EXIT_ESCALATION reason=force_flat_after_ms orderId=385457788 hold_age=13560 max=30000
[12:50:27.852] [WARNING] [EXEC] SELL_QTY_CLAMP inventory=0.049410 free=0.033687 final=0.033687
[12:50:28.117] [INFO] [EXEC] SELL_WATCHDOG_SYNC orderId=385457788 status=NEW
[12:50:29.116] [INFO] [EXEC] HOLD_PROTECTED_SKIP_EXIT_ESCALATION reason=force_flat_after_ms orderId=385457788 hold_age=15589 max=30000
[12:50:30.926] [INFO] [EXEC] SELL_WATCHDOG_SYNC orderId=385457788 status=NEW
[12:50:31.667] [WARNING] [EXEC] SELL_QTY_CLAMP inventory=0.049410 free=0.033687 final=0.033687
[12:50:31.931] [INFO] [EXEC] SELL_WATCHDOG_SYNC orderId=385457788 status=NEW
[12:50:31.935] [INFO] [EXEC] SELL_WATCHDOG_FAR_IGNORE orderId=385457788 reason=protected_sell dist_ticks=2811
[12:50:32.948] [INFO] [EXEC] SELL_WATCHDOG_SYNC orderId=385457788 status=NEW
[12:50:34.720] [WARNING] [EXEC] SELL_QTY_CLAMP inventory=0.049410 free=0.033687 final=0.033687
[12:50:34.988] [INFO] [EXEC] SELL_WATCHDOG_SYNC orderId=385457788 status=NEW
[12:50:37.293] [INFO] [EXEC] SELL_WATCHDOG_FAR_IGNORE orderId=385457788 reason=protected_sell dist_ticks=2984
[12:50:38.045] [WARNING] [EXEC] SELL_QTY_CLAMP inventory=0.049410 free=0.033687 final=0.033687
[12:50:38.317] [INFO] [EXEC] SELL_WATCHDOG_SYNC orderId=385457788 status=NEW
[12:50:40.319] [INFO] [EXEC] HOLD_PROTECTED_SKIP_EXIT_ESCALATION reason=force_flat_after_ms orderId=385457788 hold_age=26789 max=30000
[12:50:41.051] [WARNING] [EXEC] SELL_QTY_CLAMP inventory=0.049410 free=0.033687 final=0.033687
[12:50:41.325] [INFO] [EXEC] SELL_WATCHDOG_SYNC orderId=385457788 status=NEW
[12:50:42.585] [INFO] [EXEC] SELL_WATCHDOG_FAR_IGNORE orderId=385457788 reason=protected_sell dist_ticks=2826
[12:50:43.596] [INFO] [EXEC] SELL_WATCHDOG_SYNC orderId=385457788 status=NEW
[12:50:43.598] [ERROR] [EXEC] SELL_HOLD_TIMEOUT_PANIC orderId=385457788 hold_age=30071 max=30000
[12:50:43.600] [WARNING] [EXEC] FLOOR_HOLD_DISABLED_AFTER_TIMEOUT
[12:50:44.125] [INFO] [EXEC] SELL_HOLD_TIMEOUT_FINAL_STATUS status=CANCELED
[12:50:44.127] [WARNING] [EXEC] EXIT_FAIL reason=sell_hold_timeout force_exit
[12:50:44.129] [WARNING] [EXEC] PANIC EXIT sell_hold_timeout
[12:50:44.398] [WARNING] [EXEC] FORCE EXIT price=80923.89
[12:50:44.401] [INFO] [EXEC] PLACE_SELL_SOURCE source=panic price=80923.89
[12:50:44.403] [OK] [EXEC] PLACE SELL price=80923.89 qty=0.049410
[12:50:44.664] [WARNING] [EXEC] PANIC START price=80923.89
[12:50:44.668] [OK] [EXEC] SELL ORDER SENT orderId=385458923
[12:50:46.614] [INFO] [EXEC] SELL_WATCHDOG_SYNC orderId=385458923 status=NEW
[12:50:46.618] [WARNING] [EXEC] SELL_WATCHDOG_FAR_CANCEL orderId=385458923 price=80923.89 ask=80919.71 dist_ticks=417
[12:50:47.147] [INFO] [EXEC] SELL_FAR_CANCEL_FINAL_STATUS status=CANCELED
[12:50:48.390] [INFO] [EXEC] SELL CHECK inventory=0.049410 reported=0.000000 remaining=0.049410 chunks=1
[12:50:48.392] [INFO] [EXEC] SELL_REPRICE_FRESH_APPLIED old=80923.89 new=80918.40 ask=80918.43 bid=80912.29
[12:50:48.394] [INFO] [EXEC] SELL_REPRICE_VALIDATION old=80923.89 new=80918.40 ask=80918.43 dist_ticks=2 source=fresh_snapshot
[12:50:48.396] [INFO] [EXEC] PLACE_SELL_SOURCE source=fresh_after_far_cancel price=80918.40
[12:50:48.397] [OK] [EXEC] PLACE SELL price=80918.40 qty=0.049410
[12:50:48.661] [OK] [EXEC] SELL ORDER SENT orderId=385459090
[12:50:50.365] [OK] [SYNC] order filled detected
[12:50:50.368] [OK] [SYNC] SELL filled on exchange
[12:50:50.369] [OK] [EXEC] FIFO CLOSE qty=0.049410 entry=80953.98 exit=80918.40 pnl=-1.758008
[12:50:50.370] [INFO] [EXEC] CHUNK DRAINED
[12:50:50.372] [OK] [EXEC] REALIZED pnl=-1.758008
[12:50:50.373] [INFO] [EXEC] SELL ACCOUNTING RESET flat
[12:50:50.375] [OK] [EXEC] CYCLE CLOSED pnl=-1.758008
[12:50:50.376] [INFO] [EXEC] SESSION realized=+0.049784 wins=12 losses=1
[12:50:52.060] [INFO] [HEALTH] state=GOOD
[12:50:52.327] [INFO] [EXEC] SELL ACCOUNTING RESET new_cycle
[12:50:52.329] [OK] [EXEC] BUY ORDER SENT orderId=385459231 price=80915.82 qty=0.049430
[12:50:52.331] [OK] [EXEC] PLACE BUY price=80915.82 qty=0.049430
[12:50:53.329] [INFO] [EXEC] ENTRY_REPRICE reason=wide_spread_cross old=80915.82 new=80916.06 count=1
[12:50:53.857] [OK] [EXEC] ENTRY_PLACE price=80916.06 qty=0.049430
[12:50:54.392] [OK] [SYNC] order filled detected
[12:50:54.395] [OK] [SYNC] BUY filled on exchange
[12:50:54.395] [OK] [EXEC] BUY FILL UPDATE delta=0.049430 avg=80916.05
[12:50:54.399] [OK] [EXEC] CHUNK ADD qty=0.049430 entry=80916.05
[12:50:54.402] [INFO] [EXEC] CHUNK COUNT n=1
[12:50:54.404] [OK] [EXEC] INVENTORY qty=0.049430
[12:50:54.406] [OK] [EXEC] SELL REQUIRED inventory=0.049430
[12:50:55.352] [INFO] [EXEC] SELL CHECK inventory=0.049430 reported=0.000000 remaining=0.049430 chunks=1
[12:50:55.355] [INFO] [EXEC] PLACE_SELL_SOURCE source=plan price=80916.07
[12:50:55.355] [OK] [EXEC] PLACE SELL price=80916.07 qty=0.049430
[12:50:55.622] [OK] [EXEC] SELL ORDER SENT orderId=385459533
[12:50:56.627] [OK] [PLAN] HOT entry=80894.01 exit=80904.99 profit=0.542851 age=1535ms
[12:50:57.636] [INFO] [EXEC] SELL_WATCHDOG_SYNC orderId=385459533 status=NEW
[12:50:57.640] [WARNING] [EXEC] SELL_WATCHDOG_FAR_CANCEL orderId=385459533 price=80916.07 ask=80905.99 dist_ticks=1008
[12:50:58.168] [INFO] [EXEC] SELL_FAR_CANCEL_FINAL_STATUS status=CANCELED
[12:50:59.186] [INFO] [EXEC] SELL CHECK inventory=0.049430 reported=0.000000 remaining=0.049430 chunks=1
[12:50:59.189] [INFO] [EXEC] SELL_REPRICE_FRESH_APPLIED old=80916.07 new=80896.55 ask=80896.57 bid=80890.01
[12:50:59.191] [INFO] [EXEC] SELL_REPRICE_VALIDATION old=80916.07 new=80896.55 ask=80896.57 dist_ticks=2 source=fresh_snapshot
[12:50:59.192] [WARNING] [EXEC] SELL_FLOOR_BLOCKED price=80896.55 floor=80916.06 entry=80916.05 reason=below_min_profit source=fresh_after_far_cancel
[12:50:59.194] [INFO] [EXEC] PLACE_SELL_SOURCE source=fresh_after_far_cancel price=80916.06
[12:50:59.195] [OK] [EXEC] PLACE SELL price=80916.06 qty=0.049430
[12:50:59.459] [OK] [EXEC] SELL ORDER SENT orderId=385459804
[12:51:00.942] [WARNING] [EXEC] SELL_QTY_CLAMP inventory=0.049430 free=0.033687 final=0.033687
[12:51:01.209] [INFO] [EXEC] HOLD_PROTECTED_SKIP_EXIT_ESCALATION reason=timeout_after_ms orderId=385459804 hold_age=1754 max=30000
[12:51:02.219] [INFO] [EXEC] SELL_WATCHDOG_SYNC orderId=385459804 status=NEW
[12:51:02.224] [INFO] [EXEC] SELL_WATCHDOG_FAR_IGNORE orderId=385459804 reason=protected_sell dist_ticks=328
[12:51:02.246] [INFO] START_CLICK received enabled=True api_ready=True running=True
[12:51:02.577] [WARNING] cancel all requested
[12:51:02.579] [WARNING] [EXEC] STOP canceled panic order, position remains open
[12:51:03.376] [WARNING] [SYNC] desync fixed
[12:51:03.378] [WARNING] [EXEC] STOP_SAFE_MANUAL inventory=0.049430 active_order=0
[12:51:03.380] [WARNING] STOP
[12:51:03.953] [WARNING] [EXEC] SELL_QTY_CLAMP inventory=0.049430 free=0.033687 final=0.033687
