[15:11:25.569] [OK] filters loaded
[15:11:28.021] [EXCHANGE] symbol=BTCU base=BTC quote=U status=TRADING permissions=[]
[15:11:28.025] [OK] START
[15:11:28.031] [INFO] [EXEC] LIVE ON
[15:11:28.033] [INFO] [EXEC] WAIT READY
[15:11:28.803] [WS] primary url=wss://stream.binance.com:9443/ws/btcu@bookTicker
[15:11:28.803] [WS] connecting primary
[15:11:29.077] [WS] connected
[15:11:29.900] [WS] LIVE bid=80901.34 ask=80906.00
[15:11:31.272] [OK] [EXEC] BUY ORDER SENT orderId=382490640 price=80906.36 qty=0.012350
[15:11:31.272] [OK] [EXEC] PLACE BUY price=80906.36 qty=0.012350
[15:11:32.757] [OK] [EXEC] BUY PARTIAL filled=0.012300 total=0.012300
[15:11:32.775] [OK] [EXEC] BUY REMAINING qty=0.000050
[15:11:32.778] [OK] [EXEC] POSITION qty=0.012300
[15:11:33.782] [OK] [EXEC] PLACE SELL price=80913.50 qty=0.012300
[15:11:34.051] [OK] [EXEC] SELL ORDER SENT orderId=382490858
[15:11:34.687] [OK] [SYNC] order filled detected
[15:11:34.692] [OK] [SYNC] SELL filled on exchange
[15:11:34.693] [OK] [EXEC] REALIZED pnl=+0.091175
[15:11:34.968] [WS] LIVE bid=80908.54 ask=80920.00
[15:11:35.520] [OK] [EXEC] BUY ORDER SENT orderId=382490955 price=80912.60 qty=0.012350
[15:11:35.524] [OK] [EXEC] PLACE BUY price=80912.60 qty=0.012350
[15:11:39.382] [WS] LIVE bid=80912.61 ask=80918.48
[15:11:39.950] [WARNING] [EXEC] BUY TIMEOUT orderId=382490955
[15:11:39.953] [WARNING] [EXEC] CANCEL BUY orderId=382490955
[15:11:40.269] [OK] [EXEC] BUY CANCELED confirmed
[15:11:40.553] [INFO] [EXEC] BUY FINAL STATUS status=CANCELED orderId=382490955
[15:11:40.553] [WARNING] [EXEC] BLOCK reason=buy_not_filled
[15:11:41.881] [OK] [EXEC] BUY ORDER SENT orderId=382491251 price=80915.82 qty=0.012350
[15:11:41.884] [OK] [EXEC] PLACE BUY price=80915.82 qty=0.012350
[15:11:41.890] [OK] [PLAN] READY entry=80915.82 exit=80920.00 profit=0.051623 age=1890ms
[15:11:44.709] [WS] LIVE bid=80936.52 ask=80944.12
[15:11:46.564] [WARNING] [EXEC] BUY TIMEOUT orderId=382491251
[15:11:46.568] [WARNING] [EXEC] CANCEL BUY orderId=382491251
[15:11:46.837] [OK] [EXEC] BUY CANCELED confirmed
[15:11:47.103] [INFO] [EXEC] BUY FINAL STATUS status=CANCELED orderId=382491251
[15:11:47.107] [WARNING] [EXEC] BLOCK reason=buy_not_filled
[15:11:48.476] [OK] [EXEC] BUY ORDER SENT orderId=382491682 price=80936.44 qty=0.012350
[15:11:48.481] [OK] [EXEC] PLACE BUY price=80936.44 qty=0.012350
[15:11:49.490] [WS] LIVE bid=80936.45 ask=80943.35
[15:11:52.506] [WARNING] [EXEC] BUY TIMEOUT orderId=382491682
[15:11:52.506] [WARNING] [EXEC] CANCEL BUY orderId=382491682
[15:11:52.785] [OK] [EXEC] BUY CANCELED confirmed
[15:11:53.054] [INFO] [EXEC] BUY FINAL STATUS status=CANCELED orderId=382491682
[15:11:53.058] [WARNING] [EXEC] BLOCK reason=buy_not_filled
[15:11:54.887] [WS] LIVE bid=80934.51 ask=80942.94
[15:11:55.977] [OK] [EXEC] BUY ORDER SENT orderId=382492168 price=80944.05 qty=0.012350
[15:11:55.977] [OK] [EXEC] PLACE BUY price=80944.05 qty=0.012350
[15:11:57.033] [OK] [SYNC] order filled detected
[15:11:57.036] [OK] [SYNC] BUY filled on exchange
[15:11:57.258] [OK] [EXEC] PLACE SELL price=80946.70 qty=0.012350
[15:11:57.527] [OK] [EXEC] SELL ORDER SENT orderId=382492323
[15:11:57.534] [OK] [PLAN] READY entry=80943.26 exit=80946.70 profit=0.042484 age=1562ms
[15:11:58.058] [OK] [SYNC] order filled detected
[15:11:58.058] [OK] [SYNC] SELL filled on exchange
[15:11:58.058] [OK] [EXEC] REALIZED pnl=+0.032727
[15:11:59.288] [OK] [EXEC] BUY ORDER SENT orderId=382492582 price=80949.56 qty=0.012350
[15:11:59.289] [OK] [EXEC] PLACE BUY price=80949.56 qty=0.012350
[15:11:59.289] [OK] [PLAN] HOT entry=80949.56 exit=80961.33 profit=0.145360 age=3328ms
[15:11:59.792] [WS] LIVE bid=80957.97 ask=80968.70
[15:12:03.756] [WARNING] [EXEC] BUY TIMEOUT orderId=382492582
[15:12:03.756] [WARNING] [EXEC] CANCEL BUY orderId=382492582
[15:12:04.135] [OK] [EXEC] BUY CANCELED confirmed
[15:12:04.402] [INFO] [EXEC] BUY FINAL STATUS status=CANCELED orderId=382492582
[15:12:04.406] [WARNING] [EXEC] BLOCK reason=buy_not_filled
[15:12:05.166] [WS] LIVE bid=80958.84 ask=80965.46
[15:12:05.686] [OK] [EXEC] BUY ORDER SENT orderId=382493484 price=80946.61 qty=0.012350
[15:12:05.690] [OK] [EXEC] PLACE BUY price=80946.61 qty=0.012350
[15:12:06.709] [OK] [SYNC] order filled detected
[15:12:06.709] [OK] [SYNC] BUY filled on exchange
[15:12:07.448] [OK] [EXEC] PLACE SELL price=80955.52 qty=0.012350
[15:12:07.709] [OK] [EXEC] SELL ORDER SENT orderId=382493661
[15:12:08.975] [INFO] [EXEC] RECOVERY WAIT hard_sl_pending_recovery
[15:12:09.783] [WS] LIVE bid=80946.00 ask=80955.49
[15:12:11.100] [OK] [SYNC] order filled detected
[15:12:11.100] [OK] [SYNC] SELL filled on exchange
[15:12:11.100] [OK] [EXEC] REALIZED pnl=+0.110038
[15:12:12.493] [OK] [EXEC] BUY ORDER SENT orderId=382494038 price=80949.65 qty=0.012350
[15:12:12.497] [OK] [EXEC] PLACE BUY price=80949.65 qty=0.012350
[15:12:13.275] [OK] [EXEC] BUY PARTIAL filled=0.012350 total=0.012350
[15:12:13.280] [OK] [EXEC] BUY REMAINING qty=0.000000
[15:12:13.282] [OK] [EXEC] POSITION qty=0.012350
[15:12:13.285] [OK] [EXEC] BUY FILLED id=382494038
[15:12:13.290] [OK] [PLAN] HOT entry=80932.00 exit=80943.45 profit=0.141407 age=771ms
[15:12:13.818] [OK] [SYNC] order filled detected
[15:12:13.818] [OK] [SYNC] BUY filled on exchange
[15:12:13.913] [OK] [EXEC] PLACE SELL price=80949.69 qty=0.012350
[15:12:14.179] [OK] [EXEC] SELL ORDER SENT orderId=382494227
[15:12:14.179] [OK] [PLAN] READY entry=80934.78 exit=80937.91 profit=0.038656 age=1685ms
[15:12:15.523] [WS] LIVE bid=80932.57 ask=80938.00
[15:12:16.240] [INFO] [EXEC] RECOVERY WAIT hard_sl_pending_recovery
[15:12:16.507] [OK] [PLAN] HOT entry=80923.63 exit=80929.42 profit=0.071507 age=4012ms
[15:12:17.524] [INFO] [EXEC] RECOVERY WAIT hard_sl_pending_recovery
[15:12:17.790] [OK] [EXEC] SELL FILLED id=382494227
[15:12:17.793] [OK] [EXEC] SELL FILLED qty=0.012350 remaining=0.000000
[15:12:17.795] [OK] [EXEC] REALIZED pnl=+0.000494
[15:12:18.617] [OK] [EXEC] BUY ORDER SENT orderId=382494572 price=80951.10 qty=0.012350
[15:12:18.622] [OK] [EXEC] PLACE BUY price=80951.10 qty=0.012350
[15:12:19.650] [OK] [SYNC] order filled detected
[15:12:19.652] [OK] [SYNC] BUY filled on exchange
[15:12:19.726] [WS] LIVE bid=80939.71 ask=80946.00
[15:12:19.943] [OK] [EXEC] PLACE SELL price=80951.14 qty=0.012350
[15:12:20.195] [OK] [EXEC] SELL ORDER SENT orderId=382494669
[15:12:21.862] [INFO] [EXEC] RECOVERY WAIT hard_sl_pending_recovery
[15:12:22.131] [OK] [EXEC] SELL FILLED id=382494669
[15:12:22.131] [OK] [EXEC] SELL FILLED qty=0.012350 remaining=0.000000
[15:12:22.131] [OK] [EXEC] REALIZED pnl=+0.000494
[15:12:23.273] [OK] [EXEC] BUY ORDER SENT orderId=382495080 price=80947.20 qty=0.012350
[15:12:23.273] [OK] [EXEC] PLACE BUY price=80947.20 qty=0.012350
[15:12:23.273] [OK] [PLAN] HOT entry=80947.20 exit=80956.99 profit=0.120907 age=1145ms
[15:12:25.663] [WS] LIVE bid=80958.83 ask=80962.00
[15:12:27.772] [WARNING] [EXEC] BUY TIMEOUT orderId=382495080
[15:12:27.772] [WARNING] [EXEC] CANCEL BUY orderId=382495080
[15:12:28.044] [OK] [EXEC] BUY CANCELED confirmed
[15:12:28.304] [INFO] [EXEC] BUY FINAL STATUS status=FILLED orderId=382495080
[15:12:28.320] [OK] [EXEC] BUY FILLED during cancel
[15:12:28.321] [OK] [EXEC] BUY FILLED id=382495080
[15:12:29.361] [OK] [SYNC] order filled detected
[15:12:29.364] [OK] [SYNC] BUY filled on exchange
[15:12:29.383] [OK] [EXEC] PLACE SELL price=80947.24 qty=0.012350
[15:12:29.647] [OK] [EXEC] SELL ORDER SENT orderId=382495601
[15:12:30.672] [WS] LIVE bid=80932.79 ask=80943.64
[15:12:30.963] [INFO] [EXEC] RECOVERY WAIT hard_sl_pending_recovery
[15:12:31.242] [OK] [EXEC] SELL FILLED id=382495601
[15:12:31.242] [OK] [EXEC] SELL FILLED qty=0.012350 remaining=0.000000
[15:12:31.242] [OK] [EXEC] REALIZED pnl=+0.000371
[15:12:31.242] [OK] [PLAN] HOT entry=80941.58 exit=80951.53 profit=0.122883 age=1581ms
[15:12:32.874] [OK] [EXEC] BUY ORDER SENT orderId=382495841 price=80943.29 qty=0.012350
[15:12:32.874] [OK] [EXEC] PLACE BUY price=80943.29 qty=0.012350
[15:12:33.417] [OK] [SYNC] order filled detected
[15:12:33.421] [OK] [SYNC] BUY filled on exchange
[15:12:33.507] [OK] [EXEC] PLACE SELL price=80946.98 qty=0.012350
[15:12:33.774] [OK] [EXEC] SELL ORDER SENT orderId=382495902
[15:12:35.101] [WS] LIVE bid=80932.79 ask=80942.96
[15:12:35.637] [INFO] [EXEC] RECOVERY WAIT hard_sl_pending_recovery
[15:12:37.393] [WARNING] [EXEC] SELL TIMEOUT orderId=382495902
[15:12:37.397] [WARNING] [EXEC] CANCEL SELL orderId=382495902
[15:12:37.926] [INFO] [EXEC] SELL FINAL STATUS status=CANCELED orderId=382495902
[15:12:37.930] [INFO] [EXEC] SAFE EXIT floor=80943.30
[15:12:37.932] [WARNING] [EXEC] SELL REPRICE old=80946.98 new=80946.97 count=1
[15:12:37.934] [OK] [EXEC] PLACE SELL price=80946.97 qty=0.012350
[15:12:38.198] [OK] [EXEC] SELL ORDER SENT orderId=382496153
[15:12:38.898] [INFO] [EXEC] RECOVERY WAIT hard_sl_pending_recovery
[15:12:40.236] [WS] LIVE bid=80938.23 ask=80958.14
[15:12:40.940] [OK] [SYNC] order filled detected
[15:12:40.942] [OK] [SYNC] SELL filled on exchange
[15:12:40.942] [OK] [EXEC] REALIZED pnl=+0.045448
[15:12:41.213] [OK] [EXEC] BUY ORDER SENT orderId=382496373 price=80938.34 qty=0.012350
[15:12:41.217] [OK] [EXEC] PLACE BUY price=80938.34 qty=0.012350
[15:12:41.991] [OK] [PLAN] HOT entry=80945.09 exit=80950.04 profit=0.061132 age=766ms
[15:12:44.490] [OK] [PLAN] READY entry=80948.01 exit=80951.99 profit=0.049153 age=3261ms
[15:12:45.139] [WARNING] [EXEC] BUY TIMEOUT orderId=382496373
[15:12:45.143] [WARNING] [EXEC] CANCEL BUY orderId=382496373
[15:12:45.397] [OK] [EXEC] BUY CANCELED confirmed
[15:12:45.677] [INFO] [EXEC] BUY FINAL STATUS status=CANCELED orderId=382496373
[15:12:45.679] [WARNING] [EXEC] BLOCK reason=buy_not_filled
[15:12:46.441] [WS] LIVE bid=80950.54 ask=80954.00
[15:12:49.067] [OK] [EXEC] BUY ORDER SENT orderId=382496861 price=80959.33 qty=0.012350
[15:12:49.067] [OK] [EXEC] PLACE BUY price=80959.33 qty=0.012350
[15:12:51.154] [WS] LIVE bid=80964.35 ask=80970.00
[15:12:53.038] [WARNING] [EXEC] BUY TIMEOUT orderId=382496861
[15:12:53.038] [WARNING] [EXEC] CANCEL BUY orderId=382496861
[15:12:53.303] [OK] [EXEC] BUY CANCELED confirmed
[15:12:53.574] [INFO] [EXEC] BUY FINAL STATUS status=CANCELED orderId=382496861
[15:12:53.579] [WARNING] [EXEC] BLOCK reason=buy_not_filled
[15:12:55.606] [WS] LIVE bid=80957.68 ask=80961.99
[15:12:56.568] [OK] [EXEC] BUY ORDER SENT orderId=382497304 price=80956.01 qty=0.012350
[15:12:56.573] [OK] [EXEC] PLACE BUY price=80956.01 qty=0.012350
[15:12:59.026] [OK] [EXEC] BUY PARTIAL filled=0.012350 total=0.012350
[15:12:59.029] [OK] [EXEC] BUY REMAINING qty=0.000000
[15:12:59.032] [OK] [EXEC] POSITION qty=0.012350
[15:12:59.034] [OK] [EXEC] BUY FILLED id=382497304
[15:12:59.598] [OK] [SYNC] order filled detected
[15:12:59.600] [OK] [SYNC] BUY filled on exchange
[15:13:00.475] [OK] [EXEC] PLACE SELL price=80969.82 qty=0.012350
[15:13:00.741] [OK] [EXEC] SELL ORDER SENT orderId=382497600
[15:13:01.250] [WS] LIVE bid=80965.65 ask=80971.82
[15:13:02.225] [OK] [EXEC] SELL FILLED id=382497600
[15:13:02.225] [OK] [EXEC] SELL FILLED qty=0.012350 remaining=0.000000
[15:13:02.225] [OK] [EXEC] REALIZED pnl=+0.170553
[15:13:03.085] [OK] [EXEC] BUY ORDER SENT orderId=382497856 price=80980.01 qty=0.012340
[15:13:03.085] [OK] [EXEC] PLACE BUY price=80980.01 qty=0.012340
[15:13:03.085] [OK] [PLAN] READY entry=80980.01 exit=80983.88 profit=0.047756 age=850ms
[15:13:04.147] [OK] [SYNC] order filled detected
[15:13:04.147] [OK] [SYNC] BUY filled on exchange
[15:13:04.538] [OK] [EXEC] PLACE SELL price=80984.00 qty=0.012340
[15:13:04.803] [OK] [EXEC] SELL ORDER SENT orderId=382497997
[15:13:05.903] [OK] [SYNC] order filled detected
[15:13:05.906] [OK] [SYNC] SELL filled on exchange
[15:13:05.906] [OK] [EXEC] REALIZED pnl=+0.049237
[15:13:05.911] [WS] LIVE bid=80981.88 ask=80987.91
[15:13:06.225] [OK] [EXEC] BUY ORDER SENT orderId=382498096 price=80985.04 qty=0.012340
[15:13:06.225] [OK] [EXEC] PLACE BUY price=80985.04 qty=0.012340
[15:13:09.382] [OK] [PLAN] HOT entry=80987.06 exit=80995.99 profit=0.110196 age=1282ms
[15:13:09.921] [OK] [SYNC] order filled detected
[15:13:09.923] [OK] [SYNC] BUY filled on exchange
[15:13:10.418] [WS] LIVE bid=80972.78 ask=80987.52
[15:13:10.694] [OK] [EXEC] PLACE SELL price=80985.08 qty=0.012340
[15:13:10.959] [OK] [EXEC] SELL ORDER SENT orderId=382498432
[15:13:10.967] [OK] [PLAN] READY entry=80980.58 exit=80984.45 profit=0.047756 age=2860ms
[15:13:11.499] [OK] [SYNC] order filled detected
[15:13:11.502] [OK] [SYNC] SELL filled on exchange
[15:13:11.503] [OK] [EXEC] REALIZED pnl=+0.000370
[15:13:12.713] [OK] [EXEC] BUY ORDER SENT orderId=382498648 price=80984.27 qty=0.012340
[15:13:12.717] [OK] [EXEC] PLACE BUY price=80984.27 qty=0.012340
[15:13:12.723] [OK] [PLAN] HOT entry=80984.27 exit=80997.00 profit=0.157088 age=4594ms
[15:13:16.305] [WS] LIVE bid=80988.34 ask=80993.05
[15:13:16.615] [WARNING] [EXEC] BUY TIMEOUT orderId=382498648
[15:13:16.615] [WARNING] [EXEC] CANCEL BUY orderId=382498648
[15:13:16.880] [OK] [EXEC] BUY CANCELED confirmed
[15:13:17.144] [INFO] [EXEC] BUY FINAL STATUS status=CANCELED orderId=382498648
[15:13:17.147] [WARNING] [EXEC] BLOCK reason=buy_not_filled
[15:13:19.702] [OK] [EXEC] BUY ORDER SENT orderId=382499131 price=80988.01 qty=0.012340
[15:13:19.705] [OK] [EXEC] PLACE BUY price=80988.01 qty=0.012340
[15:13:20.301] [OK] [SYNC] order filled detected
[15:13:20.304] [OK] [SYNC] BUY filled on exchange
[15:13:20.950] [OK] [EXEC] PLACE SELL price=80995.62 qty=0.012340
[15:13:21.222] [OK] [EXEC] SELL ORDER SENT orderId=382499244
[15:13:21.854] [OK] [SYNC] order filled detected
[15:13:21.856] [OK] [SYNC] SELL filled on exchange
[15:13:21.857] [OK] [EXEC] REALIZED pnl=+0.093907
[15:13:21.863] [WS] LIVE bid=80991.68 ask=80997.63
[15:13:22.663] [OK] [EXEC] BUY ORDER SENT orderId=382499373 price=81001.16 qty=0.012340
[15:13:22.663] [OK] [EXEC] PLACE BUY price=81001.16 qty=0.012340
[15:13:23.522] [OK] [PLAN] READY entry=81003.17 exit=81006.18 profit=0.037143 age=856ms
[15:13:24.556] [OK] [SYNC] order filled detected
[15:13:24.557] [OK] [SYNC] BUY filled on exchange
[15:13:25.683] [OK] [EXEC] PLACE SELL price=81005.83 qty=0.012340
[15:13:25.951] [OK] [EXEC] SELL ORDER SENT orderId=382499658
[15:13:27.345] [WS] LIVE bid=81002.00 ask=81005.83
[15:13:27.934] [INFO] [EXEC] RECOVERY WAIT hard_sl_pending_recovery
[15:13:28.208] [OK] [EXEC] SELL FILLED id=382499658
[15:13:28.210] [OK] [EXEC] SELL FILLED qty=0.012340 remaining=0.000000
[15:13:28.210] [OK] [EXEC] REALIZED pnl=+0.057628
[15:13:30.100] [OK] [EXEC] BUY ORDER SENT orderId=382500099 price=81014.44 qty=0.012340
[15:13:30.105] [OK] [EXEC] PLACE BUY price=81014.44 qty=0.012340
[15:13:31.038] [OK] [EXEC] BUY PARTIAL filled=0.012340 total=0.012340
[15:13:31.053] [OK] [EXEC] BUY REMAINING qty=0.000000
[15:13:31.057] [OK] [EXEC] POSITION qty=0.012340
[15:13:31.060] [OK] [EXEC] BUY FILLED id=382500099
[15:13:31.068] [OK] [PLAN] HOT entry=81014.42 exit=81021.30 profit=0.084899 age=942ms
[15:13:32.586] [OK] [SYNC] order filled detected
[15:13:32.590] [OK] [SYNC] BUY filled on exchange
[15:13:32.594] [WS] LIVE bid=81012.42 ask=81021.87
[15:13:32.663] [OK] [EXEC] PLACE SELL price=81022.49 qty=0.012340
[15:13:32.930] [OK] [EXEC] SELL ORDER SENT orderId=382500301
[15:13:33.469] [OK] [SYNC] order filled detected
[15:13:33.472] [OK] [SYNC] SELL filled on exchange
[15:13:33.472] [OK] [EXEC] REALIZED pnl=+0.099337
[15:13:34.596] [OK] [EXEC] BUY ORDER SENT orderId=382500404 price=81020.01 qty=0.012340
[15:13:34.600] [OK] [EXEC] PLACE BUY price=81020.01 qty=0.012340
[15:13:35.730] [OK] [PLAN] HOT entry=81022.20 exit=81027.08 profit=0.060219 age=1127ms
[15:13:36.741] [OK] [SYNC] order filled detected
[15:13:36.741] [OK] [SYNC] BUY filled on exchange
[15:13:36.756] [WS] LIVE bid=81010.04 ask=81023.28
[15:13:37.665] [OK] [EXEC] PLACE SELL price=81024.00 qty=0.012340
[15:13:37.943] [OK] [EXEC] SELL ORDER SENT orderId=382500652
[15:13:37.948] [OK] [PLAN] READY entry=81020.92 exit=81024.00 profit=0.038007 age=3331ms
[15:13:38.708] [OK] [EXEC] SELL FILLED id=382500652
[15:13:38.712] [OK] [EXEC] SELL FILLED qty=0.012340 remaining=0.000000
[15:13:38.716] [OK] [EXEC] REALIZED pnl=+0.049237
[15:13:38.722] [OK] [PLAN] HOT entry=81025.34 exit=81030.23 profit=0.060343 age=4111ms
[15:13:39.534] [OK] [EXEC] BUY ORDER SENT orderId=382500923 price=81039.21 qty=0.012330
[15:13:39.538] [OK] [EXEC] PLACE BUY price=81039.21 qty=0.012330
[15:13:42.071] [WS] LIVE bid=81040.61 ask=81057.54
[15:13:42.670] [OK] [PLAN] READY entry=81044.00 exit=81047.75 profit=0.046238 age=8057ms
[15:13:43.705] [OK] [SYNC] order filled detected
[15:13:43.708] [OK] [SYNC] BUY filled on exchange
[15:13:44.210] [OK] [EXEC] PLACE SELL price=81039.25 qty=0.012330
[15:13:44.476] [OK] [EXEC] SELL ORDER SENT orderId=382501580
[15:13:44.476] [OK] [PLAN] HOT entry=81021.93 exit=81034.75 profit=0.158199 age=9877ms
[15:13:46.371] [INFO] [EXEC] RECOVERY WAIT hard_sl_pending_recovery
[15:13:46.631] [WS] LIVE bid=81018.00 ask=81022.91
[15:13:47.383] [INFO] [EXEC] RECOVERY WAIT hard_sl_pending_recovery
[15:13:47.649] [WARNING] [EXEC] SELL TIMEOUT orderId=382501580
[15:13:47.653] [WARNING] [EXEC] CANCEL SELL orderId=382501580
[15:13:48.204] [INFO] [EXEC] SELL FINAL STATUS status=CANCELED orderId=382501580
[15:13:48.207] [INFO] [EXEC] SAFE EXIT floor=81039.22
[15:13:48.210] [WARNING] [EXEC] SELL REPRICE old=81039.25 new=81039.24 count=1
[15:13:48.212] [OK] [EXEC] PLACE SELL price=81039.24 qty=0.012330
[15:13:48.494] [OK] [EXEC] SELL ORDER SENT orderId=382501947
[15:13:49.052] [INFO] [EXEC] RECOVERY WAIT hard_sl_pending_recovery
[15:13:49.329] [OK] [PLAN] READY entry=81020.02 exit=81023.99 profit=0.048990 age=14719ms
[15:13:51.093] [INFO] [EXEC] RECOVERY WAIT hard_sl_pending_recovery
[15:13:51.411] [WARNING] [EXEC] SELL TIMEOUT orderId=382501947
[15:13:51.413] [WARNING] [EXEC] CANCEL SELL orderId=382501947
[15:13:51.949] [INFO] [EXEC] SELL FINAL STATUS status=CANCELED orderId=382501947
[15:13:51.952] [INFO] [EXEC] SAFE EXIT floor=81039.22
[15:13:51.954] [WARNING] [EXEC] SELL REPRICE old=81039.24 new=81039.23 count=2
[15:13:51.957] [OK] [EXEC] PLACE SELL price=81039.23 qty=0.012330
[15:13:52.250] [OK] [EXEC] SELL ORDER SENT orderId=382502166
[15:13:52.788] [WS] LIVE bid=81023.32 ask=81026.00
[15:13:52.825] [INFO] [EXEC] RECOVERY WAIT hard_sl_pending_recovery
[15:13:54.807] [WARNING] [EXEC] SELL TIMEOUT orderId=382502166
[15:13:54.810] [WARNING] [EXEC] CANCEL SELL orderId=382502166
[15:13:55.335] [INFO] [EXEC] SELL FINAL STATUS status=CANCELED orderId=382502166
[15:13:55.338] [WARNING] [EXEC] FORCE EXIT hard_sl_triggered
[15:13:55.339] [ERROR] [EXEC] HARD SL triggered
[15:13:55.340] [WARNING] [EXEC] PANIC EXIT sl_mode
[15:13:55.341] [WARNING] [EXEC] FORCE EXIT price=81038.22
[15:13:55.343] [OK] [EXEC] PLACE SELL price=81038.22 qty=0.012330
[15:13:55.600] [WARNING] [EXEC] PANIC START price=81038.22
[15:13:55.600] [OK] [EXEC] SELL ORDER SENT orderId=382502410
[15:13:56.199] [OK] [SYNC] order filled detected
[15:13:56.202] [OK] [SYNC] SELL filled on exchange
[15:13:56.203] [OK] [EXEC] REALIZED pnl=+0.037708
[15:13:56.725] [WS] LIVE bid=81047.68 ask=81052.77
[15:13:57.939] [OK] [EXEC] BUY ORDER SENT orderId=382502642 price=81048.97 qty=0.012330
[15:13:57.945] [OK] [EXEC] PLACE BUY price=81048.97 qty=0.012330
[15:13:59.773] [OK] [SYNC] order filled detected
[15:13:59.773] [OK] [SYNC] BUY filled on exchange
[15:13:59.773] [OK] [EXEC] PLACE SELL price=81054.65 qty=0.012330
[15:14:00.068] [OK] [EXEC] SELL ORDER SENT orderId=382502868
[15:14:00.070] [OK] [PLAN] READY entry=81050.60 exit=81054.65 profit=0.049937 age=2111ms
[15:14:01.237] [OK] [SYNC] order filled detected
[15:14:01.240] [OK] [SYNC] SELL filled on exchange
[15:14:01.240] [OK] [EXEC] REALIZED pnl=+0.084677
[15:14:01.523] [OK] [EXEC] BUY ORDER SENT orderId=382503043 price=81062.72 qty=0.012330
[15:14:01.539] [OK] [EXEC] PLACE BUY price=81062.72 qty=0.012330
[15:14:01.543] [OK] [PLAN] HOT entry=81062.72 exit=81070.74 profit=0.098887 age=3582ms
[15:14:01.544] [WS] LIVE bid=81063.82 ask=81071.87
[15:14:03.399] [OK] [EXEC] BUY PARTIAL filled=0.000070 total=0.000070
[15:14:03.403] [OK] [EXEC] BUY REMAINING qty=0.012260
[15:14:03.407] [OK] [EXEC] POSITION qty=0.000070
[15:14:04.149] [OK] [EXEC] PLACE SELL price=81071.01 qty=0.000070
[15:14:04.419] [OK] [EXEC] SELL ORDER SENT orderId=382503205
[15:14:06.646] [OK] [PLAN] READY entry=81065.03 exit=81068.76 profit=0.045991 age=8718ms
[15:14:07.175] [WS] LIVE bid=81064.14 ask=81070.76
[15:14:08.522] [WARNING] [EXEC] PANIC WAIT still_open orderId=382503205
[15:14:08.522] [WARNING] [EXEC] PANIC HOLD active orderId=382503205
[15:14:10.897] [OK] [PLAN] HOT entry=81045.97 exit=81059.94 profit=0.172250 age=2088ms
[15:14:12.284] [WARNING] [EXEC] PANIC WAIT still_open orderId=382503205
[15:14:12.288] [WARNING] [EXEC] PANIC HOLD active orderId=382503205
[15:14:12.766] [WS] LIVE bid=81043.83 ask=81051.83
[15:14:14.070] [WARNING] [EXEC] PANIC HOLD active orderId=382503205
[15:14:14.075] [OK] [PLAN] READY entry=81052.70 exit=81055.98 profit=0.040442 age=5251ms
[15:14:14.429] [WARNING] [EXEC] PANIC HOLD active orderId=382503205
[15:14:16.031] [WARNING] [EXEC] PANIC WAIT still_open orderId=382503205
[15:14:16.034] [WARNING] [EXEC] PANIC HOLD active orderId=382503205
[15:14:17.061] [WS] LIVE bid=81037.08 ask=81049.99
[15:14:18.461] [WARNING] [EXEC] PANIC HOLD active orderId=382503205
[15:14:18.477] [OK] [PLAN] HOT entry=81034.78 exit=81039.99 profit=0.064291 age=9666ms
[15:14:19.367] [WARNING] [EXEC] PANIC WAIT still_open orderId=382503205
[15:14:19.367] [WARNING] [EXEC] PANIC HOLD active orderId=382503205
[15:14:20.786] [OK] [PLAN] READY entry=81028.00 exit=81031.92 profit=0.048373 age=11974ms
[15:14:22.778] [WARNING] [EXEC] PANIC WAIT still_open orderId=382503205
[15:14:22.782] [WARNING] [EXEC] PANIC HOLD active orderId=382503205
[15:14:22.789] [OK] [PLAN] HOT entry=81032.94 exit=81047.99 profit=0.185717 age=13910ms
[15:14:22.792] [WS] LIVE bid=81030.94 ask=81049.90
[15:14:23.290] [WARNING] [EXEC] PANIC HOLD active orderId=382503205
[15:14:25.446] [OK] [PLAN] READY entry=81039.17 exit=81042.62 profit=0.042538 age=16643ms
[15:14:27.061] [WARNING] [EXEC] PANIC WAIT still_open orderId=382503205
[15:14:27.065] [WARNING] [EXEC] PANIC HOLD active orderId=382503205
[15:14:28.100] [WS] LIVE bid=81012.98 ask=81024.45
[15:14:29.074] [WARNING] [EXEC] PANIC HOLD active orderId=382503205
[15:14:29.888] [OK] [PLAN] HOT entry=81009.79 exit=81015.24 profit=0.067253 age=21079ms
[15:14:31.474] [WARNING] [EXEC] PANIC WAIT still_open orderId=382503205
[15:14:31.474] [WARNING] [EXEC] PANIC HOLD active orderId=382503205
[15:14:32.524] [WS] LIVE bid=81000.48 ask=81008.79
[15:14:33.982] [WARNING] [EXEC] PANIC HOLD active orderId=382503205
[15:14:36.074] [WARNING] [EXEC] PANIC WAIT still_open orderId=382503205
[15:14:36.074] [WARNING] [EXEC] PANIC HOLD active orderId=382503205
[15:14:37.006] [OK] [PLAN] READY entry=80972.57 exit=80975.99 profit=0.042203 age=28203ms
[15:14:37.510] [WS] LIVE bid=80970.02 ask=80977.99
[15:14:38.419] [WARNING] [EXEC] PANIC HOLD active orderId=382503205
[15:14:40.226] [WARNING] [EXEC] PANIC WAIT still_open orderId=382503205
[15:14:40.230] [WARNING] [EXEC] PANIC HOLD active orderId=382503205
[15:14:42.696] [OK] [PLAN] HOT entry=80970.56 exit=80975.10 profit=0.056069 age=2095ms
[15:14:43.194] [WS] LIVE bid=80969.00 ask=80976.71
[15:14:44.100] [WARNING] [EXEC] PANIC WAIT still_open orderId=382503205
[15:14:44.100] [WARNING] [EXEC] PANIC HOLD active orderId=382503205
[15:14:44.100] [OK] [PLAN] READY entry=80972.01 exit=80975.32 profit=0.040845 age=3503ms
[15:14:45.844] [WARNING] [EXEC] PANIC HOLD active orderId=382503205
[15:14:47.306] [WARNING] [EXEC] PANIC WAIT still_open orderId=382503205
[15:14:47.310] [WARNING] [EXEC] PANIC HOLD active orderId=382503205
[15:14:47.858] [WS] LIVE bid=80985.86 ask=80999.81
[15:14:48.231] [WARNING] [EXEC] PANIC HOLD active orderId=382503205
[15:14:52.350] [WARNING] [EXEC] PANIC WAIT still_open orderId=382503205
[15:14:52.350] [WARNING] [EXEC] PANIC HOLD active orderId=382503205
[15:14:52.365] [OK] [PLAN] READY entry=80988.01 exit=80991.99 profit=0.049113 age=2570ms
[15:14:53.785] [WARNING] [EXEC] PANIC HOLD active orderId=382503205
[15:14:53.792] [WS] LIVE bid=80981.08 ask=80993.41
[15:14:54.707] [WARNING] [EXEC] PANIC HOLD active orderId=382503205
[15:14:54.709] [OK] [PLAN] HOT entry=80980.00 exit=80988.86 profit=0.109332 age=4915ms
[15:14:56.401] [WARNING] [EXEC] PANIC WAIT still_open orderId=382503205
[15:14:56.405] [WARNING] [EXEC] PANIC HOLD active orderId=382503205
[15:14:58.382] [WS] LIVE bid=80988.56 ask=80994.00
[15:14:59.366] [WARNING] [EXEC] PANIC HOLD active orderId=382503205
[15:15:00.897] [WARNING] [EXEC] PANIC WAIT still_open orderId=382503205
[15:15:00.897] [WARNING] [EXEC] PANIC HOLD active orderId=382503205
[15:15:03.044] [WS] LIVE bid=80999.02 ask=81009.69
[15:15:03.321] [WARNING] [EXEC] PANIC HOLD active orderId=382503205
[15:15:05.711] [WARNING] [EXEC] PANIC WAIT still_open orderId=382503205
[15:15:05.730] [WARNING] [EXEC] PANIC HOLD active orderId=382503205
[15:15:05.732] [OK] [PLAN] HOT entry=80994.78 exit=81015.04 profit=0.250008 age=1882ms
[15:15:07.409] [WARNING] [EXEC] PANIC HOLD active orderId=382503205
[15:15:08.938] [WS] LIVE bid=81002.00 ask=81007.89
[15:15:09.285] [WARNING] [EXEC] PANIC WAIT still_open orderId=382503205
[15:15:09.289] [WARNING] [EXEC] PANIC HOLD active orderId=382503205
[15:15:12.422] [WARNING] [EXEC] PANIC WAIT still_open orderId=382503205
[15:15:12.425] [WARNING] [EXEC] PANIC HOLD active orderId=382503205
[15:15:13.440] [WS] LIVE bid=80989.53 ask=80996.83
[15:15:14.910] [WARNING] [EXEC] PANIC HOLD active orderId=382503205
[15:15:14.917] [OK] [PLAN] READY entry=80993.49 exit=80997.64 profit=0.051211 age=2493ms
[15:15:15.969] [WARNING] [EXEC] PANIC WAIT still_open orderId=382503205
[15:15:15.973] [WARNING] [EXEC] PANIC HOLD active orderId=382503205
[15:15:17.847] [WS] LIVE bid=81011.40 ask=81017.03
[15:15:18.683] [WARNING] [EXEC] PANIC HOLD active orderId=382503205
[15:15:20.555] [WARNING] [EXEC] PANIC WAIT still_open orderId=382503205
[15:15:20.559] [WARNING] [EXEC] PANIC HOLD active orderId=382503205
[15:15:23.423] [WS] LIVE bid=80994.00 ask=81001.40
[15:15:24.319] [WARNING] [EXEC] PANIC WAIT still_open orderId=382503205
[15:15:24.319] [WARNING] [EXEC] PANIC HOLD active orderId=382503205
[15:15:26.084] [OK] [PLAN] READY entry=80991.79 exit=80996.00 profit=0.051951 age=1749ms
[15:15:26.950] [WARNING] [EXEC] PANIC HOLD active orderId=382503205
[15:15:26.955] [OK] [PLAN] HOT entry=80997.53 exit=81002.54 profit=0.061823 age=2637ms
[15:15:27.991] [WS] LIVE bid=80998.41 ask=81004.54
[15:15:28.507] [WARNING] [EXEC] PANIC WAIT still_open orderId=382503205
[15:15:28.507] [WARNING] [EXEC] PANIC HOLD active orderId=382503205
[15:15:28.523] [OK] [PLAN] READY entry=80999.31 exit=81002.48 profit=0.039118 age=4188ms
[15:15:30.116] [WARNING] [EXEC] PANIC HOLD active orderId=382503205
[15:15:32.579] [WARNING] [EXEC] PANIC WAIT still_open orderId=382503205
[15:15:32.583] [WARNING] [EXEC] PANIC HOLD active orderId=382503205
[15:15:32.588] [OK] [PLAN] HOT entry=80986.15 exit=80993.49 profit=0.090576 age=8247ms
[15:15:32.947] [WARNING] [EXEC] PANIC HOLD active orderId=382503205
[15:15:32.952] [OK] [PLAN] READY entry=80988.79 exit=80992.06 profit=0.040352 age=8609ms
[15:15:33.980] [WS] LIVE bid=80986.79 ask=80996.83
[15:15:34.929] [WARNING] [EXEC] PANIC HOLD active orderId=382503205
[15:15:36.084] [WARNING] [EXEC] PANIC WAIT still_open orderId=382503205
[15:15:36.089] [WARNING] [EXEC] PANIC HOLD active orderId=382503205
[15:15:36.095] [OK] [PLAN] HOT entry=80997.85 exit=81010.05 profit=0.150548 age=11749ms
[15:15:37.973] [WARNING] [EXEC] PANIC HOLD active orderId=382503205
[15:15:37.980] [OK] [PLAN] READY entry=80996.01 exit=80999.99 profit=0.049113 age=13644ms
[15:15:39.058] [WS] LIVE bid=80994.00 ask=81001.99
[15:15:39.522] [WARNING] [EXEC] PANIC WAIT still_open orderId=382503205
[15:15:39.522] [WARNING] [EXEC] PANIC HOLD active orderId=382503205
[15:15:39.522] [OK] [PLAN] HOT entry=80998.21 exit=81007.97 profit=0.120438 age=15204ms
[15:15:41.127] [WARNING] [EXEC] PANIC HOLD active orderId=382503205
[15:15:42.819] [WARNING] [EXEC] PANIC WAIT still_open orderId=382503205
[15:15:42.819] [WARNING] [EXEC] PANIC HOLD active orderId=382503205
