[11:36:38.137] [OK] filters loaded
[11:36:39.693] [INFO] START_CLICK received enabled=True api_ready=True running=False
[11:36:39.694] [INFO] START_SETTINGS live_enabled=True guard_mode=FAST entry_mode=AGGRESSIVE exit_engine=True order_size=4000.0
[11:36:39.694] [INFO] START_PROFILE order_size=4000.0 min_spread=7.0 guard_mode=FAST entry_mode=AGGRESSIVE sell_timeout=2200 far_sell_ticks=30 taker_exit_after_ms=1600
[11:36:39.695] [INFO] SETTINGS_MERGE_PRESERVE existing_values=true missing_added=0
[11:36:40.181] [EXCHANGE] symbol=BTCU base=BTC quote=U status=TRADING permissions=[]
[11:36:40.181] [OK] START
[11:36:40.181] [OK] START_OK runtime_started
[11:36:40.916] [INFO] [EXEC] LIVE ON
[11:36:40.931] [INFO] [EXEC] WAIT READY
[11:36:40.931] [WS] primary url=wss://stream.binance.com:9443/ws/btcu@bookTicker
[11:36:40.931] [WS] connecting primary
[11:36:41.892] [WS] connected
[11:36:49.486] [WARNING] [HEALTH] block spread_too_young lifetime=0
[11:36:49.488] [WARNING] [HEALTH] unstable_spread lifetime=0
[11:36:49.490] [WARNING] [EXEC] BLOCK_BUY reason=spread_too_young mode=FAST ws_age=62 spread=13.55 stable=1/1 mid_delta=0.00 bid_delta=0.00
[11:36:51.007] [INFO] [EXEC] SELL ACCOUNTING RESET new_cycle
[11:36:51.011] [OK] [EXEC] BUY ORDER SENT orderId=385257709 price=80635.01 qty=0.049600
[11:36:51.014] [OK] [EXEC] PLACE BUY price=80635.01 qty=0.049600
[11:36:51.014] [OK] [PLAN] HOT entry=80635.01 exit=80647.06 profit=0.597680 age=512ms
[11:36:52.083] [INFO] [EXEC] ENTRY_REPRICE reason=bid_moved_up old=80635.01 new=80643.94 count=1
[11:36:53.090] [OK] [EXEC] ENTRY_PLACE price=80643.94 qty=0.049600
[11:36:54.111] [INFO] [EXEC] BUY_WATCHDOG_SYNC orderId=385257737 status=NEW
[11:36:54.114] [WARNING] [EXEC] BUY TIMEOUT orderId=385257737
[11:36:54.117] [WARNING] [EXEC] CANCEL BUY orderId=385257737
[11:36:54.391] [OK] [EXEC] BUY CANCELED confirmed
[11:36:54.662] [INFO] [EXEC] BUY FINAL STATUS status=CANCELED orderId=385257737
[11:36:54.662] [WARNING] [EXEC] BLOCK reason=buy_not_filled
[11:37:01.420] [INFO] [HEALTH] state=GOOD
[11:37:01.682] [INFO] [EXEC] SELL ACCOUNTING RESET new_cycle
[11:37:01.682] [OK] [EXEC] BUY ORDER SENT orderId=385257902 price=80638.28 qty=0.049600
[11:37:01.682] [OK] [EXEC] PLACE BUY price=80638.28 qty=0.049600
[11:37:02.708] [INFO] [EXEC] ENTRY_REPRICE reason=wide_spread_cross old=80638.28 new=80649.59 count=1
[11:37:03.228] [OK] [EXEC] ENTRY_PLACE price=80649.59 qty=0.049600
[11:37:04.237] [INFO] [EXEC] BUY_WATCHDOG_SYNC orderId=385257975 status=NEW
[11:37:04.241] [WARNING] [EXEC] BUY TIMEOUT orderId=385257975
[11:37:04.244] [WARNING] [EXEC] CANCEL BUY orderId=385257975
[11:37:04.520] [OK] [EXEC] BUY CANCELED confirmed
[11:37:04.783] [INFO] [EXEC] BUY FINAL STATUS status=CANCELED orderId=385257975
[11:37:04.787] [WARNING] [EXEC] BLOCK reason=buy_not_filled
[11:37:05.494] [INFO] [EXEC] SELL ACCOUNTING RESET new_cycle
[11:37:05.512] [OK] [EXEC] BUY ORDER SENT orderId=385258143 price=80648.33 qty=0.049590
[11:37:05.515] [OK] [EXEC] PLACE BUY price=80648.33 qty=0.049590
[11:37:05.520] [OK] [PLAN] HOT entry=80648.33 exit=80662.18 profit=0.686821 age=1265ms
[11:37:06.523] [INFO] [EXEC] ENTRY_REPRICE reason=bid_moved_up old=80648.33 new=80662.15 count=1
[11:37:07.059] [OK] [EXEC] ENTRY_PLACE price=80662.15 qty=0.049590
[11:37:08.585] [OK] [SYNC] order filled detected
[11:37:08.588] [OK] [SYNC] BUY filled on exchange
[11:37:08.589] [OK] [EXEC] BUY FILL UPDATE delta=0.049590 avg=80662.15
[11:37:08.592] [OK] [EXEC] CHUNK ADD qty=0.049590 entry=80662.15
[11:37:08.595] [INFO] [EXEC] CHUNK COUNT n=1
[11:37:08.597] [OK] [EXEC] INVENTORY qty=0.049590
[11:37:08.598] [OK] [EXEC] SELL REQUIRED inventory=0.049590
[11:37:09.795] [INFO] [EXEC] SELL CHECK inventory=0.049590 reported=0.000000 remaining=0.049590 chunks=1
[11:37:09.797] [INFO] [EXEC] PLACE_SELL_SOURCE source=plan price=80665.13
[11:37:09.799] [OK] [EXEC] PLACE SELL price=80665.13 qty=0.049590
[11:37:10.065] [OK] [EXEC] SELL ORDER SENT orderId=385258294
[11:37:11.275] [OK] [SYNC] order filled detected
[11:37:11.275] [OK] [SYNC] SELL filled on exchange
[11:37:11.275] [OK] [EXEC] FIFO CLOSE qty=0.049590 entry=80662.15 exit=80665.13 pnl=+0.147778
[11:37:11.291] [INFO] [EXEC] CHUNK DRAINED
[11:37:11.291] [OK] [EXEC] REALIZED pnl=+0.147778
[11:37:11.291] [INFO] [EXEC] SELL ACCOUNTING RESET flat
[11:37:11.291] [OK] [EXEC] CYCLE CLOSED pnl=+0.147778
[11:37:11.291] [INFO] [EXEC] SESSION realized=+0.147778 wins=1 losses=0
[11:37:19.854] [INFO] [HEALTH] state=GOOD
[11:37:20.132] [INFO] [EXEC] SELL ACCOUNTING RESET new_cycle
[11:37:20.135] [OK] [EXEC] BUY ORDER SENT orderId=385258544 price=80651.67 qty=0.049590
[11:37:20.135] [OK] [EXEC] PLACE BUY price=80651.67 qty=0.049590
[11:37:21.145] [OK] [SYNC] order filled detected
[11:37:21.148] [OK] [SYNC] BUY filled on exchange
[11:37:21.149] [OK] [EXEC] BUY FILL UPDATE delta=0.049590 avg=80651.67
[11:37:21.150] [OK] [EXEC] CHUNK ADD qty=0.049590 entry=80651.67
[11:37:21.150] [INFO] [EXEC] CHUNK COUNT n=1
[11:37:21.150] [OK] [EXEC] INVENTORY qty=0.049590
[11:37:21.150] [OK] [EXEC] SELL REQUIRED inventory=0.049590
[11:37:21.879] [INFO] [EXEC] SELL CHECK inventory=0.049590 reported=0.000000 remaining=0.049590 chunks=1
[11:37:21.883] [INFO] [EXEC] PLACE_SELL_SOURCE source=plan price=80655.12
[11:37:21.885] [OK] [EXEC] PLACE SELL price=80655.12 qty=0.049590
[11:37:22.166] [OK] [EXEC] SELL ORDER SENT orderId=385258740
[11:37:24.127] [INFO] [EXEC] SELL_WATCHDOG_SYNC orderId=385258740 status=NEW
[11:37:24.127] [WARNING] [EXEC] SELL_WATCHDOG_FAR_CANCEL orderId=385258740 price=80655.12 ask=80652.64 dist_ticks=247
[11:37:24.695] [INFO] [EXEC] SELL_FAR_CANCEL_FINAL_STATUS status=CANCELED
[11:37:26.215] [INFO] [EXEC] SELL CHECK inventory=0.049590 reported=0.000000 remaining=0.049590 chunks=1
[11:37:26.217] [INFO] [EXEC] SELL_REPRICE_FRESH_APPLIED old=80655.12 new=80652.61 ask=80652.64 bid=80647.83
[11:37:26.220] [INFO] [EXEC] SELL_REPRICE_VALIDATION old=80655.12 new=80652.61 ask=80652.64 dist_ticks=2 source=fresh_snapshot
[11:37:26.222] [INFO] [EXEC] PLACE_SELL_SOURCE source=fresh_after_far_cancel price=80652.61
[11:37:26.223] [OK] [EXEC] PLACE SELL price=80652.61 qty=0.049590
[11:37:26.486] [OK] [EXEC] SELL ORDER SENT orderId=385258803
[11:37:28.497] [INFO] [EXEC] SELL_WATCHDOG_SYNC orderId=385258803 status=NEW
[11:37:28.501] [WARNING] [EXEC] TAKER_EXIT_TRIGGER reason=force_flat_after_ms age=1987 qty=0.049590
[11:37:28.503] [WARNING] [EXEC] TAKER_EXIT_CANCEL_MAKER orderId=385258803
[11:37:29.338] [INFO] [EXEC] PLACE_SELL_SOURCE source=taker price=80649.98
[11:37:29.609] [WARNING] [EXEC] TAKER_EXIT_ORDER_SENT id=385258883 price=80649.98 qty=0.049590
[11:37:30.207] [WARNING] [SYNC] desync fixed
[11:37:30.211] [INFO] [EXEC] EXIT RECOVERY inventory_no_sell qty=0.049590
[11:37:30.212] [WARNING] [EXEC] SELL_PENDING_WITHOUT_ORDER_FIXED
[11:37:30.746] [INFO] [EXEC] SELL CHECK inventory=0.049590 reported=0.000000 remaining=0.049590 chunks=1
[11:37:30.749] [INFO] [EXEC] PLACE_SELL_SOURCE source=plan price=80654.48
[11:37:30.750] [OK] [EXEC] PLACE SELL price=80654.48 qty=0.049590
[11:37:31.005] [OK] [EXEC] SELL ORDER SENT orderId=385258953
[11:37:31.969] [OK] [SYNC] order filled detected
[11:37:31.969] [OK] [SYNC] SELL filled on exchange
[11:37:31.969] [OK] [EXEC] FIFO CLOSE qty=0.049590 entry=80651.67 exit=80654.48 pnl=+0.139348
[11:37:31.975] [INFO] [EXEC] CHUNK DRAINED
[11:37:31.975] [OK] [EXEC] REALIZED pnl=+0.139348
[11:37:31.975] [INFO] [EXEC] SELL ACCOUNTING RESET flat
[11:37:31.981] [OK] [EXEC] CYCLE CLOSED pnl=+0.139348
[11:37:31.982] [INFO] [EXEC] SESSION realized=+0.287126 wins=2 losses=0
[11:37:40.026] [INFO] [HEALTH] state=GOOD
[11:37:40.299] [INFO] [EXEC] SELL ACCOUNTING RESET new_cycle
[11:37:40.302] [OK] [EXEC] BUY ORDER SENT orderId=385259261 price=80643.00 qty=0.049600
[11:37:40.303] [OK] [EXEC] PLACE BUY price=80643.00 qty=0.049600
[11:37:41.311] [INFO] [EXEC] ENTRY_REPRICE reason=bid_moved_up old=80643.00 new=80647.30 count=1
[11:37:41.832] [OK] [EXEC] ENTRY_PLACE price=80647.30 qty=0.049600
[11:37:42.356] [OK] [SYNC] order filled detected
[11:37:42.359] [OK] [SYNC] BUY filled on exchange
[11:37:42.360] [OK] [EXEC] BUY FILL UPDATE delta=0.049600 avg=80647.29
[11:37:42.362] [OK] [EXEC] CHUNK ADD qty=0.049600 entry=80647.29
[11:37:42.363] [INFO] [EXEC] CHUNK COUNT n=1
[11:37:42.364] [OK] [EXEC] INVENTORY qty=0.049600
[11:37:42.365] [OK] [EXEC] SELL REQUIRED inventory=0.049600
[11:37:43.072] [INFO] [EXEC] SELL CHECK inventory=0.049600 reported=0.000000 remaining=0.049590 chunks=1
[11:37:43.076] [INFO] [EXEC] PLACE_SELL_SOURCE source=plan price=80649.77
[11:37:43.079] [OK] [EXEC] PLACE SELL price=80649.77 qty=0.049590
[11:37:43.370] [OK] [EXEC] SELL ORDER SENT orderId=385259378
[11:37:43.915] [OK] [SYNC] order filled detected
[11:37:43.915] [OK] [SYNC] SELL filled on exchange
[11:37:43.915] [OK] [EXEC] FIFO CLOSE qty=0.049590 entry=80647.29 exit=80649.77 pnl=+0.122983
[11:37:43.915] [INFO] [EXEC] CHUNK DRAINED
[11:37:43.915] [OK] [EXEC] REALIZED pnl=+0.122983
[11:37:43.915] [INFO] [EXEC] SELL ACCOUNTING RESET flat
[11:37:43.915] [OK] [EXEC] CYCLE CLOSED pnl=+0.122983
[11:37:43.915] [INFO] [EXEC] SESSION realized=+0.410109 wins=3 losses=0
[11:37:50.182] [INFO] [HEALTH] state=GOOD
[11:37:50.447] [INFO] [EXEC] SELL ACCOUNTING RESET new_cycle
[11:37:50.447] [OK] [EXEC] BUY ORDER SENT orderId=385259446 price=80643.01 qty=0.049600
[11:37:50.447] [OK] [EXEC] PLACE BUY price=80643.01 qty=0.049600
[11:37:51.460] [INFO] [EXEC] ENTRY_REPRICE reason=bid_moved_up old=80643.01 new=80645.64 count=1
[11:37:51.984] [OK] [EXEC] ENTRY_PLACE price=80645.64 qty=0.049600
[11:37:52.552] [OK] [SYNC] order filled detected
[11:37:52.555] [OK] [SYNC] BUY filled on exchange
[11:37:52.556] [OK] [EXEC] BUY FILL UPDATE delta=0.049600 avg=80645.64
[11:37:52.557] [OK] [EXEC] CHUNK ADD qty=0.049600 entry=80645.64
[11:37:52.557] [INFO] [EXEC] CHUNK COUNT n=1
[11:37:52.557] [OK] [EXEC] INVENTORY qty=0.049600
[11:37:52.557] [OK] [EXEC] SELL REQUIRED inventory=0.049600
[11:37:53.259] [INFO] [EXEC] SELL CHECK inventory=0.049600 reported=0.000000 remaining=0.049590 chunks=1
[11:37:53.259] [INFO] [EXEC] PLACE_SELL_SOURCE source=plan price=80649.53
[11:37:53.275] [OK] [EXEC] PLACE SELL price=80649.53 qty=0.049590
[11:37:53.540] [OK] [EXEC] SELL ORDER SENT orderId=385259524
[11:37:54.521] [INFO] [EXEC] SELL UPSIZE old=0.049590 new=0.049600
[11:37:54.524] [WARNING] [EXEC] SELL TIMEOUT orderId=385259524
[11:37:54.528] [WARNING] [EXEC] CANCEL SELL orderId=385259524
[11:37:55.062] [INFO] [EXEC] SELL FINAL STATUS status=CANCELED orderId=385259524
[11:37:55.066] [INFO] [EXEC] SELL TIMEOUT check fast_exit
[11:37:55.068] [WARNING] [EXEC] FORCE EXIT hard_sl_triggered
[11:37:55.071] [ERROR] [EXEC] HARD SL triggered
[11:37:55.073] [WARNING] [EXEC] PANIC EXIT sl_mode
[11:37:55.353] [WARNING] [EXEC] FORCE EXIT price=80647.37
[11:37:55.353] [INFO] [EXEC] PLACE_SELL_SOURCE source=panic price=80647.37
[11:37:55.353] [OK] [EXEC] PLACE SELL price=80647.37 qty=0.049590
[11:37:55.616] [WARNING] [EXEC] PANIC START price=80647.37
[11:37:55.618] [OK] [EXEC] SELL ORDER SENT orderId=385259567
[11:37:57.337] [INFO] [EXEC] SELL_WATCHDOG_SYNC orderId=385259567 status=NEW
[11:37:57.337] [INFO] [EXEC] SELL_UPSIZE_SKIPPED reason=exit_or_panic_active
[11:37:58.353] [INFO] [EXEC] SELL_WATCHDOG_SYNC orderId=385259567 status=NEW
[11:37:58.368] [WARNING] [EXEC] SELL_WATCHDOG_FAR_CANCEL orderId=385259567 price=80647.37 ask=80645.62 dist_ticks=175
[11:37:58.892] [INFO] [EXEC] SELL_FAR_CANCEL_FINAL_STATUS status=CANCELED
[11:37:59.822] [INFO] [EXEC] SELL CHECK inventory=0.049600 reported=0.000000 remaining=0.049590 chunks=1
[11:37:59.822] [INFO] [EXEC] SELL_REPRICE_FRESH_APPLIED old=80647.37 new=80646.53 ask=80646.55 bid=80641.92
[11:37:59.838] [INFO] [EXEC] SELL_REPRICE_VALIDATION old=80647.37 new=80646.53 ask=80646.55 dist_ticks=2 source=fresh_snapshot
[11:37:59.838] [INFO] [EXEC] PLACE_SELL_SOURCE source=fresh_after_far_cancel price=80646.53
[11:37:59.838] [OK] [EXEC] PLACE SELL price=80646.53 qty=0.049590
[11:38:00.102] [OK] [EXEC] SELL ORDER SENT orderId=385259710
[11:38:02.911] [INFO] [EXEC] SELL_WATCHDOG_SYNC orderId=385259710 status=NEW
[11:38:04.942] [OK] [PLAN] HOT entry=80639.00 exit=80645.60 profit=0.327360 age=1016ms
[11:38:05.946] [INFO] [EXEC] SELL_WATCHDOG_SYNC orderId=385259710 status=NEW
[11:38:10.495] [INFO] [EXEC] SELL_WATCHDOG_SYNC orderId=385259710 status=FILLED
[11:38:10.495] [OK] [EXEC] FIFO CLOSE qty=0.049590 entry=80645.64 exit=80646.53 pnl=+0.044135
[11:38:10.495] [INFO] [EXEC] CHUNK DRAINED
[11:38:10.495] [OK] [EXEC] REALIZED pnl=+0.044135
[11:38:10.495] [INFO] [EXEC] SELL ACCOUNTING RESET flat
[11:38:10.510] [OK] [EXEC] CYCLE CLOSED pnl=+0.044135
[11:38:10.510] [INFO] [EXEC] SESSION realized=+0.454244 wins=4 losses=0
[11:38:10.510] [OK] [EXEC] SELL FILLED id=385259710
[11:38:10.510] [OK] [EXEC] SELL FILLED qty=0.049590 remaining=0.000000
[11:38:10.510] [INFO] [EXEC] SELL ACCOUNTING RESET inventory_drained
[11:38:10.510] [INFO] [EXEC] INVENTORY DRAINED epsilon_cleanup qty=0.000000
[11:38:10.510] [INFO] [EXEC] SELL ACCOUNTING RESET flat
[11:38:10.510] [INFO] [EXEC] CYCLE SKIP no_fifo_pnl
[11:38:15.059] [INFO] [HEALTH] state=GOOD
[11:38:15.307] [INFO] [EXEC] SELL ACCOUNTING RESET new_cycle
[11:38:15.323] [OK] [EXEC] BUY ORDER SENT orderId=385260068 price=80639.57 qty=0.049600
[11:38:15.323] [OK] [EXEC] PLACE BUY price=80639.57 qty=0.049600
[11:38:16.336] [INFO] [EXEC] ENTRY_REPRICE reason=wide_spread_cross old=80639.57 new=80644.70 count=1
[11:38:16.880] [OK] [EXEC] ENTRY_PLACE price=80644.70 qty=0.049600
[11:38:17.868] [INFO] [EXEC] BUY_WATCHDOG_SYNC orderId=385260129 status=FILLED
[11:38:17.872] [OK] [SYNC] order filled detected
[11:38:17.872] [OK] [SYNC] BUY filled on exchange
[11:38:17.872] [OK] [EXEC] BUY FILL UPDATE delta=0.049600 avg=80644.69
[11:38:17.879] [OK] [EXEC] CHUNK ADD qty=0.049600 entry=80644.69
[11:38:17.879] [INFO] [EXEC] CHUNK COUNT n=1
[11:38:17.886] [OK] [EXEC] INVENTORY qty=0.049600
[11:38:17.886] [OK] [EXEC] SELL REQUIRED inventory=0.049600
[11:38:18.873] [INFO] [EXEC] SELL CHECK inventory=0.049600 reported=0.000000 remaining=0.049590 chunks=1
[11:38:18.873] [INFO] [EXEC] PLACE_SELL_SOURCE source=plan price=80649.75
[11:38:18.873] [OK] [EXEC] PLACE SELL price=80649.75 qty=0.049590
[11:38:19.158] [OK] [EXEC] SELL ORDER SENT orderId=385260277
[11:38:19.692] [OK] [SYNC] order filled detected
[11:38:19.695] [OK] [SYNC] SELL filled on exchange
[11:38:19.696] [OK] [EXEC] FIFO CLOSE qty=0.049590 entry=80644.69 exit=80650.01 pnl=+0.263697
[11:38:19.697] [INFO] [EXEC] CHUNK DRAINED
[11:38:19.697] [OK] [EXEC] REALIZED pnl=+0.263697
[11:38:19.697] [INFO] [EXEC] SELL ACCOUNTING RESET flat
[11:38:19.697] [OK] [EXEC] CYCLE CLOSED pnl=+0.263697
[11:38:19.697] [INFO] [EXEC] SESSION realized=+0.717942 wins=5 losses=0
[11:38:20.370] [INFO] [HEALTH] state=GOOD
[11:38:20.634] [INFO] [EXEC] SELL ACCOUNTING RESET new_cycle
[11:38:20.634] [OK] [EXEC] BUY ORDER SENT orderId=385260385 price=80656.09 qty=0.049590
[11:38:20.650] [OK] [EXEC] PLACE BUY price=80656.09 qty=0.049590
[11:38:21.400] [OK] [SYNC] order filled detected
[11:38:21.400] [OK] [SYNC] BUY filled on exchange
[11:38:21.400] [OK] [EXEC] BUY FILL UPDATE delta=0.049590 avg=80656.09
[11:38:21.400] [OK] [EXEC] CHUNK ADD qty=0.049590 entry=80656.09
[11:38:21.400] [INFO] [EXEC] CHUNK COUNT n=1
[11:38:21.415] [OK] [EXEC] INVENTORY qty=0.049590
[11:38:21.415] [OK] [EXEC] SELL REQUIRED inventory=0.049590
[11:38:22.432] [INFO] [EXEC] SELL CHECK inventory=0.049590 reported=0.000000 remaining=0.049590 chunks=1
[11:38:22.434] [INFO] [EXEC] PLACE_SELL_SOURCE source=plan price=80662.24
[11:38:22.436] [OK] [EXEC] PLACE SELL price=80662.24 qty=0.049590
[11:38:22.699] [OK] [EXEC] SELL ORDER SENT orderId=385260454
[11:38:24.748] [INFO] [EXEC] SELL_WATCHDOG_SYNC orderId=385260454 status=NEW
[11:38:24.751] [WARNING] [EXEC] SELL_WATCHDOG_FAR_CANCEL orderId=385260454 price=80662.24 ask=80658.86 dist_ticks=338
[11:38:25.280] [INFO] [EXEC] SELL_FAR_CANCEL_FINAL_STATUS status=CANCELED
[11:38:26.477] [INFO] [EXEC] SELL CHECK inventory=0.049590 reported=0.000000 remaining=0.049590 chunks=1
[11:38:26.477] [INFO] [EXEC] SELL_REPRICE_FRESH_APPLIED old=80662.24 new=80658.83 ask=80658.85 bid=80654.61
[11:38:26.477] [INFO] [EXEC] SELL_REPRICE_VALIDATION old=80662.24 new=80658.83 ask=80658.85 dist_ticks=2 source=fresh_snapshot
[11:38:26.493] [INFO] [EXEC] PLACE_SELL_SOURCE source=fresh_after_far_cancel price=80658.83
[11:38:26.493] [OK] [EXEC] PLACE SELL price=80658.83 qty=0.049590
[11:38:26.756] [OK] [EXEC] SELL ORDER SENT orderId=385260507
[11:38:27.760] [OK] [EXEC] FIFO CLOSE qty=0.049590 entry=80656.09 exit=80658.83 pnl=+0.135877
[11:38:27.779] [INFO] [EXEC] CHUNK DRAINED
[11:38:27.780] [OK] [EXEC] REALIZED pnl=+0.135877
[11:38:27.781] [INFO] [EXEC] SELL ACCOUNTING RESET flat
[11:38:27.782] [OK] [EXEC] CYCLE CLOSED pnl=+0.135877
[11:38:27.783] [INFO] [EXEC] SESSION realized=+0.853818 wins=6 losses=0
[11:38:27.784] [OK] [EXEC] EXIT_FILLED
[11:38:27.785] [INFO] [EXEC] SELL ACCOUNTING RESET flat
[11:38:27.786] [INFO] [EXEC] CYCLE SKIP no_fifo_pnl
[11:38:27.788] [OK] [EXEC] SELL FILLED id=385260507
[11:38:27.789] [OK] [EXEC] SELL FILLED qty=0.049590 remaining=0.000000
[11:38:27.790] [INFO] [EXEC] SELL ACCOUNTING RESET inventory_drained
[11:38:27.791] [INFO] [EXEC] INVENTORY DRAINED epsilon_cleanup qty=0.000000
[11:38:27.792] [INFO] [EXEC] SELL ACCOUNTING RESET flat
[11:38:27.793] [INFO] [EXEC] CYCLE SKIP no_fifo_pnl
[11:38:32.072] [INFO] [HEALTH] state=GOOD
[11:38:32.334] [INFO] [EXEC] SELL ACCOUNTING RESET new_cycle
[11:38:32.338] [OK] [EXEC] BUY ORDER SENT orderId=385260666 price=80659.00 qty=0.049590
[11:38:32.338] [OK] [EXEC] PLACE BUY price=80659.00 qty=0.049590
[11:38:33.347] [INFO] [EXEC] ENTRY_REPRICE reason=bid_moved_up old=80659.00 new=80661.03 count=1
[11:38:33.865] [OK] [EXEC] ENTRY_PLACE price=80661.03 qty=0.049590
[11:38:34.880] [INFO] [EXEC] BUY_WATCHDOG_SYNC orderId=385260684 status=NEW
[11:38:34.882] [WARNING] [EXEC] BUY_WATCHDOG_FAR_CANCEL orderId=385260684 price=80661.03 bid=80661.45 dist_ticks=41
[11:38:35.890] [INFO] [EXEC] SELL ACCOUNTING RESET new_cycle
[11:38:35.890] [OK] [EXEC] BUY ORDER SENT orderId=385260743 price=80661.93 qty=0.049580
[11:38:35.890] [OK] [EXEC] PLACE BUY price=80661.93 qty=0.049580
[11:38:37.464] [INFO] [EXEC] BUY_WATCHDOG_SYNC orderId=385260743 status=NEW
[11:38:37.470] [WARNING] [EXEC] BUY TIMEOUT orderId=385260743
[11:38:37.472] [WARNING] [EXEC] CANCEL BUY orderId=385260743
[11:38:37.728] [OK] [EXEC] BUY CANCELED confirmed
[11:38:38.009] [INFO] [EXEC] BUY FINAL STATUS status=FILLED orderId=385260743
[11:38:38.009] [OK] [EXEC] BUY FILL UPDATE delta=0.049580 avg=80661.93
[11:38:38.009] [OK] [EXEC] CHUNK ADD qty=0.049580 entry=80661.93
[11:38:38.009] [INFO] [EXEC] CHUNK COUNT n=1
[11:38:38.009] [OK] [EXEC] INVENTORY qty=0.049580
[11:38:38.009] [OK] [EXEC] SELL REQUIRED inventory=0.049580
[11:38:38.009] [OK] [EXEC] BUY FILLED during cancel
[11:38:38.009] [OK] [EXEC] BUY FILLED id=385260743
[11:38:38.556] [OK] [SYNC] order filled detected
[11:38:38.556] [OK] [SYNC] BUY filled on exchange
[11:38:39.191] [INFO] [EXEC] SELL CHECK inventory=0.049580 reported=0.000000 remaining=0.049570 chunks=1
[11:38:39.194] [INFO] [EXEC] PLACE_SELL_SOURCE source=plan price=80667.71
[11:38:39.195] [OK] [EXEC] PLACE SELL price=80667.71 qty=0.049570
[11:38:39.463] [OK] [EXEC] SELL ORDER SENT orderId=385260871
[11:38:40.416] [INFO] [EXEC] SELL UPSIZE old=0.049570 new=0.049580
[11:38:40.431] [WARNING] [EXEC] SELL TIMEOUT orderId=385260871
[11:38:40.433] [WARNING] [EXEC] CANCEL SELL orderId=385260871
[11:38:40.995] [INFO] [EXEC] SELL FINAL STATUS status=CANCELED orderId=385260871
[11:38:41.010] [INFO] [EXEC] SELL TIMEOUT check fast_exit
[11:38:41.010] [INFO] [EXEC] FAST SAFE EXIT price=80662.78 entry=80661.93 bid=80662.77
[11:38:41.010] [WARNING] [EXEC] FAST_SAFE_EXIT_EXECUTE price=80662.78 qty=0.049580
[11:38:41.010] [WARNING] [EXEC] TAKER_EXIT_TRIGGER reason=fast_safe_exit age=971 qty=0.049580
[11:38:41.010] [WARNING] [EXEC] TAKER_EXIT_CANCEL_MAKER orderId=385260871
[11:38:41.803] [INFO] [EXEC] PLACE_SELL_SOURCE source=taker price=80662.75
[11:38:42.067] [WARNING] [EXEC] TAKER_EXIT_ORDER_SENT id=385260931 price=80662.75 qty=0.049570
[11:38:42.619] [WARNING] [SYNC] desync fixed
[11:38:42.730] [INFO] [EXEC] EXIT RECOVERY inventory_no_sell qty=0.049580
[11:38:42.733] [WARNING] [EXEC] SELL_PENDING_WITHOUT_ORDER_FIXED
[11:38:43.259] [INFO] [EXEC] SELL CHECK inventory=0.049580 reported=0.000000 remaining=0.049570 chunks=1
[11:38:43.259] [INFO] [EXEC] PLACE_SELL_SOURCE source=plan price=80666.11
[11:38:43.259] [OK] [EXEC] PLACE SELL price=80666.11 qty=0.049570
[11:38:43.526] [OK] [EXEC] SELL ORDER SENT orderId=385260971
[11:38:45.790] [INFO] [EXEC] SELL_WATCHDOG_SYNC orderId=385260971 status=NEW
[11:38:45.806] [WARNING] [EXEC] EXIT_FAIL reason=taker_force_flat_failed force_exit
[11:38:45.806] [WARNING] [EXEC] CANCEL SELL orderId=385260971 reason=taker_force_flat_failed
[11:38:46.322] [WARNING] [EXEC] PANIC EXIT taker_force_flat_failed
[11:38:46.615] [WARNING] [EXEC] FORCE EXIT price=80666.09
[11:38:46.617] [INFO] [EXEC] PLACE_SELL_SOURCE source=panic price=80666.09
[11:38:46.618] [OK] [EXEC] PLACE SELL price=80666.09 qty=0.049570
[11:38:46.874] [WARNING] [EXEC] PANIC START price=80666.09
[11:38:46.874] [OK] [EXEC] SELL ORDER SENT orderId=385261107
[11:38:47.842] [OK] [EXEC] FIFO CLOSE qty=0.049570 entry=80661.93 exit=80666.09 pnl=+0.206211
[11:38:47.846] [INFO] [EXEC] CHUNK DRAINED
[11:38:47.847] [OK] [EXEC] REALIZED pnl=+0.206211
[11:38:47.848] [INFO] [EXEC] SELL ACCOUNTING RESET flat
[11:38:47.849] [OK] [EXEC] CYCLE CLOSED pnl=+0.206211
[11:38:47.850] [INFO] [EXEC] SESSION realized=+1.060030 wins=7 losses=0
[11:38:47.851] [OK] [EXEC] EXIT_FILLED
[11:38:47.852] [INFO] [EXEC] SELL ACCOUNTING RESET flat
[11:38:47.853] [INFO] [EXEC] CYCLE SKIP no_fifo_pnl
[11:38:47.854] [OK] [EXEC] SELL FILLED id=385261107
[11:38:47.854] [OK] [EXEC] SELL FILLED qty=0.049570 remaining=0.000000
[11:38:47.854] [INFO] [EXEC] SELL ACCOUNTING RESET inventory_drained
[11:38:47.854] [INFO] [EXEC] INVENTORY DRAINED epsilon_cleanup qty=0.000000
[11:38:47.859] [INFO] [EXEC] SELL ACCOUNTING RESET flat
[11:38:47.861] [INFO] [EXEC] CYCLE SKIP no_fifo_pnl
[11:38:48.874] [INFO] [HEALTH] state=GOOD
[11:38:49.119] [INFO] [EXEC] SELL ACCOUNTING RESET new_cycle
[11:38:49.137] [OK] [EXEC] BUY ORDER SENT orderId=385261153 price=80665.32 qty=0.049580
[11:38:49.139] [OK] [EXEC] PLACE BUY price=80665.32 qty=0.049580
[11:38:50.431] [OK] [EXEC] BUY FILL UPDATE delta=0.049580 avg=80665.32
[11:38:50.431] [OK] [EXEC] CHUNK ADD qty=0.049580 entry=80665.32
[11:38:50.431] [INFO] [EXEC] CHUNK COUNT n=1
[11:38:50.446] [OK] [EXEC] INVENTORY qty=0.049580
[11:38:50.446] [OK] [EXEC] SELL REQUIRED inventory=0.049580
[11:38:50.446] [OK] [EXEC] BUY PARTIAL delta=0.049580 total=0.049580
[11:38:50.446] [OK] [EXEC] BUY REMAINING qty=0.000000
[11:38:50.446] [OK] [EXEC] BUY FILLED id=385261153
[11:38:50.446] [OK] [PLAN] HOT entry=80663.66 exit=80669.73 profit=0.300951 age=1291ms
[11:38:51.016] [OK] [SYNC] order filled detected
[11:38:51.019] [OK] [SYNC] BUY filled on exchange
[11:38:51.697] [INFO] [EXEC] SELL CHECK inventory=0.049580 reported=0.000000 remaining=0.049570 chunks=1
[11:38:51.697] [INFO] [EXEC] PLACE_SELL_SOURCE source=plan price=80668.55
[11:38:51.697] [OK] [EXEC] PLACE SELL price=80668.55 qty=0.049570
[11:38:51.966] [OK] [EXEC] SELL ORDER SENT orderId=385261283
[11:38:52.959] [INFO] [EXEC] SELL UPSIZE old=0.049570 new=0.049580
[11:38:52.963] [WARNING] [EXEC] SELL TIMEOUT orderId=385261283
[11:38:52.965] [WARNING] [EXEC] CANCEL SELL orderId=385261283
[11:38:53.514] [INFO] [EXEC] SELL FINAL STATUS status=CANCELED orderId=385261283
[11:38:53.519] [INFO] [EXEC] SELL TIMEOUT check fast_exit
[11:38:53.522] [WARNING] [EXEC] FORCE EXIT hard_sl_triggered
[11:38:53.524] [ERROR] [EXEC] HARD SL triggered
[11:38:53.527] [WARNING] [EXEC] PANIC EXIT sl_mode
[11:38:53.806] [WARNING] [EXEC] FORCE EXIT price=80668.54
[11:38:53.806] [INFO] [EXEC] PLACE_SELL_SOURCE source=panic price=80668.54
[11:38:53.806] [OK] [EXEC] PLACE SELL price=80668.54 qty=0.049570
[11:38:54.122] [WARNING] [EXEC] PANIC START price=80668.54
[11:38:54.125] [OK] [EXEC] SELL ORDER SENT orderId=385261396
[11:38:55.025] [INFO] [EXEC] SELL_WATCHDOG_SYNC orderId=385261396 status=NEW
[11:38:55.025] [INFO] [EXEC] SELL_UPSIZE_SKIPPED reason=exit_or_panic_active
[11:38:56.338] [INFO] [EXEC] SELL_WATCHDOG_SYNC orderId=385261396 status=NEW
[11:38:57.306] [INFO] [EXEC] SELL_WATCHDOG_SYNC orderId=385261396 status=FILLED
[11:38:57.322] [OK] [EXEC] FIFO CLOSE qty=0.049570 entry=80665.32 exit=80668.54 pnl=+0.159615
[11:38:57.322] [INFO] [EXEC] CHUNK DRAINED
[11:38:57.322] [OK] [EXEC] REALIZED pnl=+0.159615
[11:38:57.322] [INFO] [EXEC] SELL ACCOUNTING RESET flat
[11:38:57.322] [OK] [EXEC] CYCLE CLOSED pnl=+0.159615
[11:38:57.337] [INFO] [EXEC] SESSION realized=+1.219645 wins=8 losses=0
[11:38:57.337] [OK] [EXEC] SELL FILLED id=385261396
[11:38:57.337] [OK] [EXEC] SELL FILLED qty=0.049570 remaining=0.000000
[11:38:57.337] [INFO] [EXEC] SELL ACCOUNTING RESET inventory_drained
[11:38:57.337] [INFO] [EXEC] INVENTORY DRAINED epsilon_cleanup qty=0.000000
[11:38:57.337] [INFO] [EXEC] SELL ACCOUNTING RESET flat
[11:38:57.337] [INFO] [EXEC] CYCLE SKIP no_fifo_pnl
[11:39:04.385] [INFO] [HEALTH] state=GOOD
[11:39:04.665] [INFO] [EXEC] SELL ACCOUNTING RESET new_cycle
[11:39:04.665] [OK] [EXEC] BUY ORDER SENT orderId=385261846 price=80669.77 qty=0.049580
[11:39:04.665] [OK] [EXEC] PLACE BUY price=80669.77 qty=0.049580
[11:39:05.681] [INFO] [EXEC] ENTRY_REPRICE reason=bid_moved_up old=80669.77 new=80674.34 count=1
[11:39:06.228] [OK] [EXEC] ENTRY_PLACE price=80674.34 qty=0.049580
[11:39:07.463] [INFO] [EXEC] BUY_WATCHDOG_SYNC orderId=385261868 status=NEW
[11:39:07.463] [WARNING] [EXEC] BUY TIMEOUT orderId=385261868
[11:39:07.463] [WARNING] [EXEC] CANCEL BUY orderId=385261868
[11:39:07.736] [OK] [EXEC] BUY CANCELED confirmed
[11:39:08.008] [INFO] [EXEC] BUY FINAL STATUS status=CANCELED orderId=385261868
[11:39:08.008] [WARNING] [EXEC] BLOCK reason=buy_not_filled
[11:39:10.448] [INFO] [HEALTH] state=GOOD
[11:39:10.707] [INFO] [EXEC] SELL ACCOUNTING RESET new_cycle
[11:39:10.711] [OK] [EXEC] BUY ORDER SENT orderId=385261940 price=80667.08 qty=0.049580
[11:39:10.713] [OK] [EXEC] PLACE BUY price=80667.08 qty=0.049580
[11:39:11.729] [INFO] [EXEC] ENTRY_REPRICE reason=wide_spread_cross old=80667.08 new=80668.15 count=1
[11:39:12.261] [OK] [EXEC] ENTRY_PLACE price=80668.15 qty=0.049580
[11:39:12.276] [OK] [PLAN] HOT entry=80669.13 exit=80686.73 profit=0.872608 age=1030ms
[11:39:13.463] [INFO] [EXEC] BUY_WATCHDOG_SYNC orderId=385261994 status=NEW
[11:39:13.463] [WARNING] [EXEC] BUY_WATCHDOG_FAR_CANCEL orderId=385261994 price=80668.15 bid=80676.10 dist_ticks=795
[11:39:15.041] [INFO] [EXEC] SELL ACCOUNTING RESET new_cycle
[11:39:15.041] [OK] [EXEC] BUY ORDER SENT orderId=385262033 price=80675.00 qty=0.049580
[11:39:15.041] [OK] [EXEC] PLACE BUY price=80675.00 qty=0.049580
[11:39:16.067] [INFO] [EXEC] ENTRY_REPRICE reason=wide_spread_cross old=80675.00 new=80675.77 count=1
[11:39:16.635] [OK] [EXEC] ENTRY_PLACE price=80675.77 qty=0.049580
[11:39:17.581] [INFO] [EXEC] BUY_WATCHDOG_SYNC orderId=385262062 status=NEW
[11:39:17.582] [WARNING] [EXEC] BUY_WATCHDOG_FAR_CANCEL orderId=385262062 price=80675.77 bid=80676.49 dist_ticks=72
[11:39:20.059] [INFO] [HEALTH] state=GOOD
[11:39:20.322] [INFO] [EXEC] SELL ACCOUNTING RESET new_cycle
[11:39:20.322] [OK] [EXEC] BUY ORDER SENT orderId=385262211 price=80670.34 qty=0.049580
[11:39:20.322] [OK] [EXEC] PLACE BUY price=80670.34 qty=0.049580
[11:39:21.322] [INFO] [EXEC] ENTRY_REPRICE reason=wide_spread_cross old=80670.34 new=80675.06 count=1
[11:39:21.874] [OK] [EXEC] ENTRY_PLACE price=80675.06 qty=0.049580
[11:39:22.425] [OK] [SYNC] order filled detected
[11:39:22.428] [OK] [SYNC] BUY filled on exchange
[11:39:22.429] [OK] [EXEC] BUY FILL UPDATE delta=0.049580 avg=80675.05
[11:39:22.430] [OK] [EXEC] CHUNK ADD qty=0.049580 entry=80675.05
[11:39:22.430] [INFO] [EXEC] CHUNK COUNT n=1
[11:39:22.435] [OK] [EXEC] INVENTORY qty=0.049580
[11:39:22.436] [OK] [EXEC] SELL REQUIRED inventory=0.049580
[11:39:23.141] [INFO] [EXEC] SELL CHECK inventory=0.049580 reported=0.000000 remaining=0.049570 chunks=1
[11:39:23.156] [INFO] [EXEC] PLACE_SELL_SOURCE source=plan price=80680.38
[11:39:23.156] [OK] [EXEC] PLACE SELL price=80680.38 qty=0.049570
[11:39:23.416] [OK] [EXEC] SELL ORDER SENT orderId=385262324
[11:39:23.948] [OK] [SYNC] order filled detected
[11:39:23.951] [OK] [SYNC] SELL filled on exchange
[11:39:23.952] [OK] [EXEC] FIFO CLOSE qty=0.049570 entry=80675.05 exit=80681.55 pnl=+0.322049
[11:39:23.956] [INFO] [EXEC] CHUNK DRAINED
[11:39:23.959] [OK] [EXEC] REALIZED pnl=+0.322049
[11:39:23.961] [INFO] [EXEC] SELL ACCOUNTING RESET flat
[11:39:23.962] [OK] [EXEC] CYCLE CLOSED pnl=+0.322049
[11:39:23.964] [INFO] [EXEC] SESSION realized=+1.541694 wins=9 losses=0
[11:39:24.892] [INFO] [EXEC] SELL ACCOUNTING RESET new_cycle
[11:39:24.892] [OK] [EXEC] BUY ORDER SENT orderId=385262411 price=80675.00 qty=0.049580
[11:39:24.892] [OK] [EXEC] PLACE BUY price=80675.00 qty=0.049580
[11:39:26.470] [OK] [SYNC] order filled detected
[11:39:26.473] [OK] [SYNC] BUY filled on exchange
[11:39:26.474] [OK] [EXEC] BUY FILL UPDATE delta=0.049580 avg=80675.00
[11:39:26.477] [OK] [EXEC] CHUNK ADD qty=0.049580 entry=80675.00
[11:39:26.478] [INFO] [EXEC] CHUNK COUNT n=1
[11:39:26.480] [OK] [EXEC] INVENTORY qty=0.049580
[11:39:26.482] [OK] [EXEC] SELL REQUIRED inventory=0.049580
[11:39:27.041] [INFO] [EXEC] SELL CHECK inventory=0.049580 reported=0.000000 remaining=0.049570 chunks=1
[11:39:27.041] [INFO] [EXEC] PLACE_SELL_SOURCE source=plan price=80681.26
[11:39:27.041] [OK] [EXEC] PLACE SELL price=80681.26 qty=0.049570
[11:39:27.321] [OK] [EXEC] SELL ORDER SENT orderId=385262490
[11:39:27.327] [OK] [PLAN] HOT entry=80670.35 exit=80681.26 profit=0.540918 age=1849ms
[11:39:27.963] [OK] [SYNC] order filled detected
[11:39:27.966] [OK] [SYNC] SELL filled on exchange
[11:39:27.967] [OK] [EXEC] FIFO CLOSE qty=0.049570 entry=80675.00 exit=80681.26 pnl=+0.310308
[11:39:27.968] [INFO] [EXEC] CHUNK DRAINED
[11:39:27.969] [OK] [EXEC] REALIZED pnl=+0.310308
[11:39:27.970] [INFO] [EXEC] SELL ACCOUNTING RESET flat
[11:39:27.971] [OK] [EXEC] CYCLE CLOSED pnl=+0.310308
[11:39:27.972] [INFO] [EXEC] SESSION realized=+1.852002 wins=10 losses=0
[11:39:29.948] [INFO] [HEALTH] state=GOOD
[11:39:30.212] [INFO] [EXEC] SELL ACCOUNTING RESET new_cycle
[11:39:30.212] [OK] [EXEC] BUY ORDER SENT orderId=385262610 price=80675.26 qty=0.049580
[11:39:30.212] [OK] [EXEC] PLACE BUY price=80675.26 qty=0.049580
[11:39:31.484] [OK] [PLAN] HOT entry=80676.26 exit=80686.09 profit=0.487371 age=1250ms
[11:39:32.494] [INFO] [EXEC] BUY_WATCHDOG_SYNC orderId=385262610 status=NEW
[11:39:32.494] [WARNING] [EXEC] BUY TIMEOUT orderId=385262610
[11:39:32.494] [WARNING] [EXEC] CANCEL BUY orderId=385262610
[11:39:32.744] [OK] [EXEC] BUY CANCELED confirmed
[11:39:33.026] [INFO] [EXEC] BUY FINAL STATUS status=FILLED orderId=385262610
[11:39:33.026] [OK] [EXEC] BUY FILL UPDATE delta=0.049580 avg=80675.26
[11:39:33.026] [OK] [EXEC] CHUNK ADD qty=0.049580 entry=80675.26
[11:39:33.026] [INFO] [EXEC] CHUNK COUNT n=1
[11:39:33.026] [OK] [EXEC] INVENTORY qty=0.049580
[11:39:33.026] [OK] [EXEC] SELL REQUIRED inventory=0.049580
[11:39:33.026] [OK] [EXEC] BUY FILLED during cancel
[11:39:33.026] [OK] [EXEC] BUY FILLED id=385262610
[11:39:33.540] [OK] [SYNC] order filled detected
[11:39:33.540] [OK] [SYNC] BUY filled on exchange
[11:39:34.259] [INFO] [EXEC] SELL CHECK inventory=0.049580 reported=0.000000 remaining=0.049570 chunks=1
[11:39:34.275] [INFO] [EXEC] PLACE_SELL_SOURCE source=plan price=80679.72
[11:39:34.275] [OK] [EXEC] PLACE SELL price=80679.72 qty=0.049570
[11:39:34.542] [OK] [EXEC] SELL ORDER SENT orderId=385262817
[11:39:35.597] [INFO] [EXEC] SELL UPSIZE old=0.049570 new=0.049580
[11:39:35.600] [WARNING] [EXEC] SELL TIMEOUT orderId=385262817
[11:39:35.602] [WARNING] [EXEC] CANCEL SELL orderId=385262817
[11:39:36.125] [INFO] [EXEC] SELL FINAL STATUS status=CANCELED orderId=385262817
[11:39:36.129] [INFO] [EXEC] SELL TIMEOUT check fast_exit
[11:39:36.132] [INFO] [EXEC] FAST SAFE EXIT price=80675.52 entry=80675.26 bid=80675.51
[11:39:36.134] [WARNING] [EXEC] FAST_SAFE_EXIT_EXECUTE price=80675.52 qty=0.049580
[11:39:36.136] [WARNING] [EXEC] TAKER_EXIT_TRIGGER reason=fast_safe_exit age=1018 qty=0.049580
[11:39:36.138] [WARNING] [EXEC] TAKER_EXIT_CANCEL_MAKER orderId=385262817
[11:39:36.946] [INFO] [EXEC] PLACE_SELL_SOURCE source=taker price=80675.48
[11:39:37.213] [WARNING] [EXEC] TAKER_EXIT_ORDER_SENT id=385262883 price=80675.48 qty=0.049570
[11:39:37.744] [WARNING] [SYNC] desync fixed
[11:39:38.356] [INFO] [EXEC] EXIT RECOVERY inventory_no_sell qty=0.049580
[11:39:38.358] [WARNING] [EXEC] SELL_PENDING_WITHOUT_ORDER_FIXED
[11:39:38.895] [INFO] [EXEC] SELL CHECK inventory=0.049580 reported=0.000000 remaining=0.049570 chunks=1
[11:39:38.898] [INFO] [EXEC] PLACE_SELL_SOURCE source=plan price=80675.51
[11:39:38.901] [OK] [EXEC] PLACE SELL price=80675.51 qty=0.049570
[11:39:39.177] [OK] [EXEC] SELL ORDER SENT orderId=385263000
[11:39:40.119] [OK] [PLAN] HOT entry=80663.76 exit=80673.04 profit=0.460102 age=1514ms
[11:39:41.150] [INFO] [EXEC] SELL_WATCHDOG_SYNC orderId=385263000 status=NEW
[11:39:41.150] [WARNING] [EXEC] SELL_WATCHDOG_FAR_CANCEL orderId=385263000 price=80675.51 ask=80665.68 dist_ticks=983
[11:39:41.681] [INFO] [EXEC] SELL_FAR_CANCEL_FINAL_STATUS status=CANCELED
[11:39:42.714] [INFO] [EXEC] SELL CHECK inventory=0.049580 reported=0.000000 remaining=0.049570 chunks=1
[11:39:42.716] [INFO] [EXEC] SELL_REPRICE_FRESH_APPLIED old=80675.51 new=80664.52 ask=80664.53 bid=80658.97
[11:39:42.717] [INFO] [EXEC] SELL_REPRICE_VALIDATION old=80675.51 new=80664.52 ask=80664.53 dist_ticks=0 source=fresh_snapshot
[11:39:42.719] [WARNING] [EXEC] SELL_FLOOR_BLOCKED price=80664.52 floor=80675.27 entry=80675.26 reason=below_min_profit source=fresh_after_far_cancel
[11:39:42.720] [INFO] [EXEC] PLACE_SELL_SOURCE source=fresh_after_far_cancel price=80675.27
[11:39:42.721] [OK] [EXEC] PLACE SELL price=80675.27 qty=0.049570
[11:39:42.979] [OK] [EXEC] SELL ORDER SENT orderId=385263253
[11:39:45.236] [INFO] [EXEC] SELL_WATCHDOG_SYNC orderId=385263253 status=NEW
[11:39:45.238] [WARNING] [EXEC] SELL_WATCHDOG_FAR_CANCEL orderId=385263253 price=80675.27 ask=80664.02 dist_ticks=1124
[11:39:45.760] [INFO] [EXEC] SELL_FAR_CANCEL_FINAL_STATUS status=CANCELED
[11:39:46.728] [INFO] [EXEC] SELL CHECK inventory=0.049580 reported=0.000000 remaining=0.049570 chunks=1
[11:39:46.728] [INFO] [EXEC] SELL_REPRICE_FRESH_APPLIED old=80675.27 new=80664.01 ask=80664.02 bid=80659.75
[11:39:46.728] [INFO] [EXEC] SELL_REPRICE_VALIDATION old=80675.27 new=80664.01 ask=80664.02 dist_ticks=1 source=fresh_snapshot
[11:39:46.728] [WARNING] [EXEC] SELL_FLOOR_BLOCKED price=80664.01 floor=80675.27 entry=80675.26 reason=below_min_profit source=fresh_after_far_cancel
[11:39:46.728] [INFO] [EXEC] PLACE_SELL_SOURCE source=fresh_after_far_cancel price=80675.27
[11:39:46.728] [OK] [EXEC] PLACE SELL price=80675.27 qty=0.049570
[11:39:46.994] [OK] [EXEC] SELL ORDER SENT orderId=385263338
[11:39:49.064] [INFO] [EXEC] SELL_WATCHDOG_SYNC orderId=385263338 status=NEW
[11:39:49.067] [WARNING] [EXEC] SELL_WATCHDOG_FAR_CANCEL orderId=385263338 price=80675.27 ask=80664.02 dist_ticks=1124
[11:39:49.588] [INFO] [EXEC] SELL_FAR_CANCEL_FINAL_STATUS status=CANCELED
[11:39:50.587] [INFO] [EXEC] SELL CHECK inventory=0.049580 reported=0.000000 remaining=0.049570 chunks=1
[11:39:50.587] [INFO] [EXEC] SELL_REPRICE_FRESH_APPLIED old=80675.27 new=80665.99 ask=80666.00 bid=80661.23
[11:39:50.603] [INFO] [EXEC] SELL_REPRICE_VALIDATION old=80675.27 new=80665.99 ask=80666.00 dist_ticks=0 source=fresh_snapshot
[11:39:50.603] [WARNING] [EXEC] SELL_FLOOR_BLOCKED price=80665.99 floor=80675.27 entry=80675.26 reason=below_min_profit source=fresh_after_far_cancel
[11:39:50.603] [INFO] [EXEC] PLACE_SELL_SOURCE source=fresh_after_far_cancel price=80675.27
[11:39:50.603] [OK] [EXEC] PLACE SELL price=80675.27 qty=0.049570
[11:39:50.880] [OK] [EXEC] SELL ORDER SENT orderId=385263384
[11:39:51.457] [OK] [SYNC] order filled detected
[11:39:51.460] [OK] [SYNC] SELL filled on exchange
[11:39:51.460] [OK] [EXEC] FIFO CLOSE qty=0.049570 entry=80675.26 exit=80675.26 pnl=+0.000000
[11:39:51.462] [INFO] [EXEC] CHUNK DRAINED
[11:39:51.463] [INFO] [EXEC] SELL ACCOUNTING RESET flat
[11:39:51.463] [INFO] [EXEC] CYCLE SKIP no_fifo_pnl
[11:39:51.652] [INFO] [HEALTH] state=GOOD
[11:39:51.916] [INFO] [EXEC] SELL ACCOUNTING RESET new_cycle
[11:39:51.916] [OK] [EXEC] BUY ORDER SENT orderId=385263465 price=80667.89 qty=0.049580
[11:39:51.916] [OK] [EXEC] PLACE BUY price=80667.89 qty=0.049580
[11:39:52.947] [INFO] [EXEC] ENTRY_REPRICE reason=wide_spread_cross old=80667.89 new=80667.92 count=1
[11:39:53.478] [OK] [EXEC] ENTRY_PLACE price=80667.92 qty=0.049580
[11:39:54.463] [INFO] [EXEC] BUY_WATCHDOG_SYNC orderId=385263499 status=NEW
[11:39:54.478] [WARNING] [EXEC] BUY TIMEOUT orderId=385263499
[11:39:54.478] [WARNING] [EXEC] CANCEL BUY orderId=385263499
[11:39:54.741] [OK] [EXEC] BUY CANCELED confirmed
[11:39:55.009] [INFO] [EXEC] BUY FINAL STATUS status=CANCELED orderId=385263499
[11:39:55.009] [WARNING] [EXEC] BLOCK reason=buy_not_filled
[11:39:57.260] [INFO] [HEALTH] state=GOOD
[11:39:57.525] [INFO] [EXEC] SELL ACCOUNTING RESET new_cycle
[11:39:57.525] [OK] [EXEC] BUY ORDER SENT orderId=385263622 price=80670.68 qty=0.049580
[11:39:57.525] [OK] [EXEC] PLACE BUY price=80670.68 qty=0.049580
[11:39:58.548] [INFO] [EXEC] ENTRY_REPRICE reason=wide_spread_cross old=80670.68 new=80670.71 count=1
[11:39:59.068] [OK] [EXEC] ENTRY_PLACE price=80670.71 qty=0.049580
[11:39:59.074] [OK] [PLAN] HOT entry=80671.69 exit=80677.55 profit=0.290539 age=1031ms
[11:40:00.095] [INFO] [EXEC] BUY_WATCHDOG_SYNC orderId=385263696 status=NEW
[11:40:00.095] [WARNING] [EXEC] BUY TIMEOUT orderId=385263696
[11:40:00.095] [WARNING] [EXEC] CANCEL BUY orderId=385263696
[11:40:00.371] [OK] [EXEC] BUY CANCELED confirmed
[11:40:00.668] [INFO] [EXEC] BUY FINAL STATUS status=CANCELED orderId=385263696
[11:40:00.671] [WARNING] [EXEC] BLOCK reason=buy_not_filled
[11:40:01.479] [INFO] [EXEC] SELL ACCOUNTING RESET new_cycle
[11:40:01.496] [OK] [EXEC] BUY ORDER SENT orderId=385263827 price=80672.29 qty=0.049580
[11:40:01.498] [OK] [EXEC] PLACE BUY price=80672.29 qty=0.049580
[11:40:02.338] [INFO] [EXEC] ENTRY_REPRICE reason=wide_spread_cross old=80672.29 new=80682.02 count=1
[11:40:02.902] [OK] [EXEC] ENTRY_PLACE price=80682.02 qty=0.049580
[11:40:03.880] [INFO] [EXEC] BUY_WATCHDOG_SYNC orderId=385263930 status=FILLED
[11:40:03.885] [OK] [SYNC] order filled detected
[11:40:03.887] [OK] [SYNC] BUY filled on exchange
[11:40:03.888] [OK] [EXEC] BUY FILL UPDATE delta=0.049580 avg=80682.01
[11:40:03.890] [OK] [EXEC] CHUNK ADD qty=0.049580 entry=80682.01
[11:40:03.892] [INFO] [EXEC] CHUNK COUNT n=1
[11:40:03.894] [OK] [EXEC] INVENTORY qty=0.049580
[11:40:03.895] [OK] [EXEC] SELL REQUIRED inventory=0.049580
[11:40:04.901] [INFO] [EXEC] SELL CHECK inventory=0.049580 reported=0.000000 remaining=0.049570 chunks=1
[11:40:04.901] [INFO] [EXEC] PLACE_SELL_SOURCE source=plan price=80687.08
[11:40:04.901] [OK] [EXEC] PLACE SELL price=80687.08 qty=0.049570
[11:40:05.174] [OK] [EXEC] SELL ORDER SENT orderId=385264014
[11:40:05.174] [OK] [PLAN] HOT entry=80680.20 exit=80687.08 profit=0.341042 age=759ms
[11:40:06.196] [INFO] [EXEC] SELL UPSIZE old=0.049570 new=0.049580
[11:40:06.212] [WARNING] [EXEC] SELL TIMEOUT orderId=385264014
[11:40:06.212] [WARNING] [EXEC] CANCEL SELL orderId=385264014
[11:40:06.744] [INFO] [EXEC] SELL FINAL STATUS status=CANCELED orderId=385264014
[11:40:06.744] [INFO] [EXEC] SELL TIMEOUT check fast_exit
[11:40:06.744] [WARNING] [EXEC] FORCE EXIT hard_sl_triggered
[11:40:06.744] [ERROR] [EXEC] HARD SL triggered
[11:40:06.744] [WARNING] [EXEC] PANIC EXIT sl_mode
[11:40:07.009] [WARNING] [EXEC] FORCE EXIT price=80684.21
[11:40:07.025] [INFO] [EXEC] PLACE_SELL_SOURCE source=panic price=80684.21
[11:40:07.025] [OK] [EXEC] PLACE SELL price=80684.21 qty=0.049570
[11:40:07.307] [WARNING] [EXEC] PANIC START price=80684.21
[11:40:07.307] [OK] [EXEC] SELL ORDER SENT orderId=385264059
[11:40:09.042] [INFO] [EXEC] SELL_WATCHDOG_SYNC orderId=385264059 status=NEW
[11:40:09.049] [INFO] [EXEC] SELL_UPSIZE_SKIPPED reason=exit_or_panic_active
[11:40:11.501] [INFO] [EXEC] SELL_WATCHDOG_SYNC orderId=385264059 status=NEW
[11:40:12.042] [OK] [SYNC] order filled detected
[11:40:12.042] [OK] [SYNC] SELL filled on exchange
[11:40:12.042] [OK] [EXEC] FIFO CLOSE qty=0.049570 entry=80682.01 exit=80684.21 pnl=+0.109054
[11:40:12.061] [INFO] [EXEC] CHUNK DRAINED
[11:40:12.064] [OK] [EXEC] REALIZED pnl=+0.109054
[11:40:12.068] [INFO] [EXEC] SELL ACCOUNTING RESET flat
[11:40:12.070] [OK] [EXEC] CYCLE CLOSED pnl=+0.109054
[11:40:12.072] [INFO] [EXEC] SESSION realized=+1.961056 wins=11 losses=0
[11:40:14.088] [INFO] [HEALTH] state=GOOD
[11:40:14.369] [INFO] [EXEC] SELL ACCOUNTING RESET new_cycle
[11:40:14.369] [OK] [EXEC] BUY ORDER SENT orderId=385264316 price=80671.28 qty=0.049580
[11:40:14.369] [OK] [EXEC] PLACE BUY price=80671.28 qty=0.049580
[11:40:15.356] [INFO] [EXEC] ENTRY_REPRICE reason=bid_moved_up old=80671.28 new=80678.57 count=1
[11:40:15.904] [OK] [EXEC] ENTRY_PLACE price=80678.57 qty=0.049580
[11:40:16.432] [OK] [SYNC] order filled detected
[11:40:16.449] [OK] [SYNC] BUY filled on exchange
[11:40:16.450] [OK] [EXEC] BUY FILL UPDATE delta=0.049580 avg=80678.56
[11:40:16.453] [OK] [EXEC] CHUNK ADD qty=0.049580 entry=80678.56
[11:40:16.454] [INFO] [EXEC] CHUNK COUNT n=1
[11:40:16.456] [OK] [EXEC] INVENTORY qty=0.049580
[11:40:16.457] [OK] [EXEC] SELL REQUIRED inventory=0.049580
[11:40:17.143] [INFO] [EXEC] SELL CHECK inventory=0.049580 reported=0.000000 remaining=0.049570 chunks=1
[11:40:17.145] [INFO] [EXEC] PLACE_SELL_SOURCE source=plan price=80687.07
[11:40:17.147] [OK] [EXEC] PLACE SELL price=80687.07 qty=0.049570
[11:40:17.402] [OK] [EXEC] SELL ORDER SENT orderId=385264420
[11:40:18.413] [INFO] [EXEC] SELL_UPSIZE_SKIPPED reason=exit_or_panic_active
[11:40:19.698] [INFO] [EXEC] SELL_WATCHDOG_SYNC orderId=385264420 status=NEW
[11:40:22.257] [WARNING] [EXEC] SELL_WATCHDOG_FAR_CANCEL orderId=385264420 price=80687.07 ask=80678.09 dist_ticks=898
[11:40:22.798] [INFO] [EXEC] SELL_FAR_CANCEL_FINAL_STATUS status=CANCELED
[11:40:23.791] [INFO] [EXEC] SELL CHECK inventory=0.049580 reported=0.000000 remaining=0.049570 chunks=1
[11:40:23.791] [INFO] [EXEC] SELL_REPRICE_FRESH_APPLIED old=80687.07 new=80678.61 ask=80678.63 bid=80674.16
[11:40:23.791] [INFO] [EXEC] SELL_REPRICE_VALIDATION old=80687.07 new=80678.61 ask=80678.63 dist_ticks=2 source=fresh_snapshot
[11:40:23.791] [INFO] [EXEC] PLACE_SELL_SOURCE source=fresh_after_far_cancel price=80678.61
[11:40:23.791] [OK] [EXEC] PLACE SELL price=80678.61 qty=0.049570
[11:40:24.065] [OK] [EXEC] SELL ORDER SENT orderId=385264667
[11:40:26.350] [INFO] [EXEC] SELL_WATCHDOG_SYNC orderId=385264667 status=NEW
[11:40:36.463] [OK] [EXEC] FIFO CLOSE qty=0.049570 entry=80678.56 exit=80678.61 pnl=+0.002479
[11:40:36.479] [INFO] [EXEC] CHUNK DRAINED
[11:40:36.479] [OK] [EXEC] REALIZED pnl=+0.002479
[11:40:36.479] [INFO] [EXEC] SELL ACCOUNTING RESET flat
[11:40:36.479] [OK] [EXEC] CYCLE CLOSED pnl=+0.002479
[11:40:36.479] [INFO] [EXEC] SESSION realized=+1.963535 wins=12 losses=0
[11:40:36.479] [OK] [EXEC] EXIT_FILLED
[11:40:36.479] [INFO] [EXEC] SELL ACCOUNTING RESET flat
[11:40:36.479] [INFO] [EXEC] CYCLE SKIP no_fifo_pnl
[11:40:36.495] [OK] [EXEC] SELL FILLED id=385264667
[11:40:36.496] [OK] [EXEC] SELL FILLED qty=0.049570 remaining=0.000000
[11:40:36.497] [INFO] [EXEC] SELL ACCOUNTING RESET inventory_drained
[11:40:36.497] [INFO] [EXEC] INVENTORY DRAINED epsilon_cleanup qty=0.000000
[11:40:36.498] [INFO] [EXEC] SELL ACCOUNTING RESET flat
[11:40:36.499] [INFO] [EXEC] CYCLE SKIP no_fifo_pnl
[11:40:37.777] [INFO] [HEALTH] state=GOOD
[11:40:38.041] [INFO] [EXEC] SELL ACCOUNTING RESET new_cycle
[11:40:38.041] [OK] [EXEC] BUY ORDER SENT orderId=385264912 price=80677.43 qty=0.049580
[11:40:38.060] [OK] [EXEC] PLACE BUY price=80677.43 qty=0.049580
[11:40:39.041] [INFO] [EXEC] ENTRY_REPRICE reason=bid_moved_up old=80677.43 new=80681.81 count=1
[11:40:39.592] [OK] [EXEC] ENTRY_PLACE price=80681.81 qty=0.049580
[11:40:40.541] [INFO] [EXEC] BUY_WATCHDOG_SYNC orderId=385264942 status=FILLED
[11:40:40.557] [OK] [SYNC] order filled detected
[11:40:40.557] [OK] [SYNC] BUY filled on exchange
[11:40:40.557] [OK] [EXEC] BUY FILL UPDATE delta=0.049580 avg=80681.81
[11:40:40.557] [OK] [EXEC] CHUNK ADD qty=0.049580 entry=80681.81
[11:40:40.557] [INFO] [EXEC] CHUNK COUNT n=1
[11:40:40.557] [OK] [EXEC] INVENTORY qty=0.049580
[11:40:40.557] [OK] [EXEC] SELL REQUIRED inventory=0.049580
[11:40:41.572] [INFO] [EXEC] SELL CHECK inventory=0.049580 reported=0.000000 remaining=0.049570 chunks=1
[11:40:41.572] [INFO] [EXEC] PLACE_SELL_SOURCE source=plan price=80684.75
[11:40:41.572] [OK] [EXEC] PLACE SELL price=80684.75 qty=0.049570
[11:40:41.850] [OK] [EXEC] SELL ORDER SENT orderId=385264996
[11:40:43.340] [INFO] [EXEC] SELL UPSIZE old=0.049570 new=0.049580
[11:40:43.345] [WARNING] [EXEC] SELL TIMEOUT orderId=385264996
[11:40:43.349] [WARNING] [EXEC] CANCEL SELL orderId=385264996
[11:40:43.874] [INFO] [EXEC] SELL FINAL STATUS status=CANCELED orderId=385264996
[11:40:43.879] [INFO] [EXEC] SELL TIMEOUT check fast_exit
[11:40:43.883] [WARNING] [EXEC] FORCE EXIT hard_sl_triggered
[11:40:43.884] [ERROR] [EXEC] HARD SL triggered
[11:40:43.888] [WARNING] [EXEC] PANIC EXIT sl_mode
[11:40:44.150] [WARNING] [EXEC] FORCE EXIT price=80684.74
[11:40:44.150] [INFO] [EXEC] PLACE_SELL_SOURCE source=panic price=80684.74
[11:40:44.150] [OK] [EXEC] PLACE SELL price=80684.74 qty=0.049570
[11:40:44.400] [WARNING] [EXEC] PANIC START price=80684.74
[11:40:44.417] [OK] [EXEC] SELL ORDER SENT orderId=385265026
[11:40:45.413] [OK] [SYNC] order filled detected
[11:40:45.415] [OK] [SYNC] SELL filled on exchange
[11:40:45.416] [OK] [EXEC] FIFO CLOSE qty=0.049570 entry=80681.81 exit=80684.74 pnl=+0.145240
[11:40:45.416] [INFO] [EXEC] CHUNK DRAINED
[11:40:45.416] [OK] [EXEC] REALIZED pnl=+0.145240
[11:40:45.416] [INFO] [EXEC] SELL ACCOUNTING RESET flat
[11:40:45.416] [OK] [EXEC] CYCLE CLOSED pnl=+0.145240
[11:40:45.416] [INFO] [EXEC] SESSION realized=+2.108775 wins=13 losses=0
[11:40:48.464] [INFO] [HEALTH] state=GOOD
[11:40:48.728] [INFO] [EXEC] SELL ACCOUNTING RESET new_cycle
[11:40:48.728] [OK] [EXEC] BUY ORDER SENT orderId=385265103 price=80681.07 qty=0.049570
[11:40:48.728] [OK] [EXEC] PLACE BUY price=80681.07 qty=0.049570
[11:40:49.261] [OK] [SYNC] order filled detected
[11:40:49.264] [OK] [SYNC] BUY filled on exchange
[11:40:49.264] [OK] [EXEC] BUY FILL UPDATE delta=0.049570 avg=80681.07
[11:40:49.269] [OK] [EXEC] CHUNK ADD qty=0.049570 entry=80681.07
[11:40:49.273] [INFO] [EXEC] CHUNK COUNT n=1
[11:40:49.275] [OK] [EXEC] INVENTORY qty=0.049570
[11:40:49.275] [OK] [EXEC] SELL REQUIRED inventory=0.049570
[11:40:50.525] [INFO] [EXEC] SELL CHECK inventory=0.049570 reported=0.000000 remaining=0.049570 chunks=1
[11:40:50.542] [INFO] [EXEC] PLACE_SELL_SOURCE source=plan price=80687.03
[11:40:50.545] [OK] [EXEC] PLACE SELL price=80687.03 qty=0.049570
[11:40:50.806] [OK] [EXEC] SELL ORDER SENT orderId=385265156
[11:40:53.291] [INFO] [EXEC] SELL_WATCHDOG_SYNC orderId=385265156 status=NEW
[11:40:55.130] [OK] [SYNC] order filled detected
[11:40:55.133] [OK] [SYNC] SELL filled on exchange
[11:40:55.134] [OK] [EXEC] FIFO CLOSE qty=0.049570 entry=80681.07 exit=80687.03 pnl=+0.295437
[11:40:55.137] [INFO] [EXEC] CHUNK DRAINED
[11:40:55.138] [OK] [EXEC] REALIZED pnl=+0.295437
[11:40:55.140] [INFO] [EXEC] SELL ACCOUNTING RESET flat
[11:40:55.141] [OK] [EXEC] CYCLE CLOSED pnl=+0.295437
[11:40:55.143] [INFO] [EXEC] SESSION realized=+2.404212 wins=14 losses=0
[11:40:55.144] [INFO] [HEALTH] state=GOOD
[11:40:55.399] [INFO] [EXEC] SELL ACCOUNTING RESET new_cycle
[11:40:55.399] [OK] [EXEC] BUY ORDER SENT orderId=385265350 price=80680.56 qty=0.049570
[11:40:55.399] [OK] [EXEC] PLACE BUY price=80680.56 qty=0.049570
[11:40:55.399] [OK] [PLAN] HOT entry=80680.56 exit=80686.53 profit=0.295933 age=1064ms
[11:40:57.135] [INFO] [EXEC] BUY_WATCHDOG_SYNC orderId=385265350 status=NEW
[11:40:57.139] [WARNING] [EXEC] BUY_WATCHDOG_FAR_CANCEL orderId=385265350 price=80680.56 bid=80688.96 dist_ticks=840
[11:41:00.651] [INFO] [HEALTH] state=GOOD
[11:41:00.910] [INFO] [EXEC] SELL ACCOUNTING RESET new_cycle
[11:41:00.910] [OK] [EXEC] BUY ORDER SENT orderId=385265569 price=80683.71 qty=0.049570
[11:41:00.925] [OK] [EXEC] PLACE BUY price=80683.71 qty=0.049570
[11:41:02.681] [INFO] [EXEC] BUY_WATCHDOG_SYNC orderId=385265569 status=NEW
[11:41:02.699] [WARNING] [EXEC] BUY_WATCHDOG_FAR_CANCEL orderId=385265569 price=80683.71 bid=80688.94 dist_ticks=522
[11:41:06.760] [INFO] [HEALTH] state=GOOD
[11:41:07.034] [INFO] [EXEC] SELL ACCOUNTING RESET new_cycle
[11:41:07.040] [OK] [EXEC] BUY ORDER SENT orderId=385265750 price=80694.44 qty=0.049560
[11:41:07.041] [OK] [EXEC] PLACE BUY price=80694.44 qty=0.049560
[11:41:08.260] [INFO] [EXEC] ENTRY_REPRICE reason=wide_spread_cross old=80694.44 new=80694.47 count=1
[11:41:08.790] [OK] [EXEC] ENTRY_PLACE price=80694.47 qty=0.049560
[11:41:09.791] [INFO] [EXEC] BUY_WATCHDOG_SYNC orderId=385265804 status=NEW
[11:41:09.813] [WARNING] [EXEC] BUY TIMEOUT orderId=385265804
[11:41:09.817] [WARNING] [EXEC] CANCEL BUY orderId=385265804
[11:41:10.081] [OK] [EXEC] BUY CANCELED confirmed
[11:41:10.806] [INFO] [EXEC] BUY FINAL STATUS status=CANCELED orderId=385265804
[11:41:10.822] [WARNING] [EXEC] BLOCK reason=buy_not_filled
[11:41:12.026] [INFO] [HEALTH] state=GOOD
[11:41:12.275] [INFO] [EXEC] SELL ACCOUNTING RESET new_cycle
[11:41:12.275] [OK] [EXEC] BUY ORDER SENT orderId=385265988 price=80700.54 qty=0.049560
[11:41:12.291] [OK] [EXEC] PLACE BUY price=80700.54 qty=0.049560
[11:41:14.052] [INFO] [EXEC] BUY_WATCHDOG_SYNC orderId=385265988 status=NEW
[11:41:14.057] [WARNING] [EXEC] BUY_WATCHDOG_FAR_CANCEL orderId=385265988 price=80700.54 bid=80701.09 dist_ticks=55
[11:41:17.798] [INFO] [HEALTH] state=GOOD
[11:41:18.062] [INFO] [EXEC] SELL ACCOUNTING RESET new_cycle
[11:41:18.067] [OK] [EXEC] BUY ORDER SENT orderId=385266133 price=80699.00 qty=0.049560
[11:41:18.072] [OK] [EXEC] PLACE BUY price=80699.00 qty=0.049560
[11:41:19.069] [INFO] [EXEC] ENTRY_REPRICE reason=wide_spread_cross old=80699.00 new=80703.33 count=1
[11:41:19.600] [OK] [EXEC] ENTRY_PLACE price=80703.33 qty=0.049560
[11:41:21.370] [INFO] [EXEC] BUY_WATCHDOG_SYNC orderId=385266213 status=NEW
[11:41:21.370] [WARNING] [EXEC] BUY TIMEOUT orderId=385266213
[11:41:21.370] [WARNING] [EXEC] CANCEL BUY orderId=385266213
[11:41:21.634] [OK] [EXEC] BUY CANCELED confirmed
[11:41:21.891] [INFO] [EXEC] BUY FINAL STATUS status=CANCELED orderId=385266213
[11:41:21.907] [WARNING] [EXEC] BLOCK reason=buy_not_filled
[11:41:25.666] [INFO] [HEALTH] state=GOOD
[11:41:25.922] [INFO] [EXEC] SELL ACCOUNTING RESET new_cycle
[11:41:25.922] [OK] [EXEC] BUY ORDER SENT orderId=385266410 price=80702.80 qty=0.049560
[11:41:25.922] [OK] [EXEC] PLACE BUY price=80702.80 qty=0.049560
[11:41:26.931] [INFO] [EXEC] ENTRY_REPRICE reason=wide_spread_cross old=80702.80 new=80703.87 count=1
[11:41:27.464] [OK] [EXEC] ENTRY_PLACE price=80703.87 qty=0.049560
[11:41:28.444] [INFO] [EXEC] BUY_WATCHDOG_SYNC orderId=385266452 status=NEW
[11:41:28.447] [WARNING] [EXEC] BUY_WATCHDOG_FAR_CANCEL orderId=385266452 price=80703.87 bid=80708.49 dist_ticks=462
[11:41:36.092] [INFO] [HEALTH] state=GOOD
[11:41:36.353] [INFO] [EXEC] SELL ACCOUNTING RESET new_cycle
[11:41:36.353] [OK] [EXEC] BUY ORDER SENT orderId=385266802 price=80704.49 qty=0.049560
[11:41:36.353] [OK] [EXEC] PLACE BUY price=80704.49 qty=0.049560
[11:41:37.494] [INFO] [EXEC] ENTRY_REPRICE reason=wide_spread_cross old=80704.49 new=80710.47 count=1
[11:41:38.041] [OK] [EXEC] ENTRY_PLACE price=80710.47 qty=0.049560
[11:41:38.927] [INFO] [EXEC] BUY_WATCHDOG_SYNC orderId=385266899 status=NEW
[11:41:38.932] [WARNING] [EXEC] BUY_WATCHDOG_FAR_CANCEL orderId=385266899 price=80710.47 bid=80711.06 dist_ticks=59
[11:41:39.913] [INFO] [EXEC] SELL ACCOUNTING RESET new_cycle
[11:41:39.917] [OK] [EXEC] BUY ORDER SENT orderId=385267001 price=80710.42 qty=0.049550
[11:41:39.919] [OK] [EXEC] PLACE BUY price=80710.42 qty=0.049550
[11:41:40.927] [INFO] [EXEC] ENTRY_REPRICE reason=wide_spread_cross old=80710.42 new=80712.16 count=1
[11:41:41.453] [OK] [EXEC] ENTRY_PLACE price=80712.16 qty=0.049550
[11:41:41.459] [OK] [PLAN] HOT entry=80713.14 exit=80718.89 profit=0.284913 age=1016ms
[11:41:42.479] [INFO] [EXEC] BUY_WATCHDOG_SYNC orderId=385267071 status=NEW
[11:41:42.494] [WARNING] [EXEC] BUY_WATCHDOG_FAR_CANCEL orderId=385267071 price=80712.16 bid=80712.42 dist_ticks=26
[11:41:45.027] [INFO] [HEALTH] state=GOOD
[11:41:45.291] [INFO] [EXEC] SELL ACCOUNTING RESET new_cycle
[11:41:45.291] [OK] [EXEC] BUY ORDER SENT orderId=385267170 price=80712.39 qty=0.049550
[11:41:45.291] [OK] [EXEC] PLACE BUY price=80712.39 qty=0.049550
[11:41:46.290] [INFO] [EXEC] ENTRY_REPRICE reason=wide_spread_cross old=80712.39 new=80712.42 count=1
[11:41:46.806] [OK] [EXEC] ENTRY_PLACE price=80712.42 qty=0.049550
[11:41:47.789] [INFO] [EXEC] BUY_WATCHDOG_SYNC orderId=385267223 status=NEW
[11:41:47.791] [WARNING] [EXEC] BUY_WATCHDOG_FAR_CANCEL orderId=385267223 price=80712.42 bid=80714.61 dist_ticks=219
[11:41:48.791] [INFO] [EXEC] SELL ACCOUNTING RESET new_cycle
[11:41:48.791] [OK] [EXEC] BUY ORDER SENT orderId=385267294 price=80709.74 qty=0.049560
[11:41:48.791] [OK] [EXEC] PLACE BUY price=80709.74 qty=0.049560
[11:41:50.572] [INFO] [EXEC] BUY_WATCHDOG_SYNC orderId=385267294 status=NEW
[11:41:50.589] [WARNING] [EXEC] BUY_WATCHDOG_FAR_CANCEL orderId=385267294 price=80709.74 bid=80719.54 dist_ticks=979
[11:41:52.590] [INFO] [HEALTH] state=GOOD
[11:41:52.860] [INFO] [EXEC] SELL ACCOUNTING RESET new_cycle
[11:41:52.864] [OK] [EXEC] BUY ORDER SENT orderId=385267531 price=80716.93 qty=0.049550
[11:41:52.864] [OK] [EXEC] PLACE BUY price=80716.93 qty=0.049550
[11:41:54.370] [OK] [SYNC] order filled detected
[11:41:54.370] [OK] [SYNC] BUY filled on exchange
[11:41:54.370] [OK] [EXEC] BUY FILL UPDATE delta=0.049550 avg=80716.93
[11:41:54.385] [OK] [EXEC] CHUNK ADD qty=0.049550 entry=80716.93
[11:41:54.386] [INFO] [EXEC] CHUNK COUNT n=1
[11:41:54.388] [OK] [EXEC] INVENTORY qty=0.049550
[11:41:54.389] [OK] [EXEC] SELL REQUIRED inventory=0.049550
[11:41:55.134] [INFO] [EXEC] SELL CHECK inventory=0.049550 reported=0.000000 remaining=0.049540 chunks=1
[11:41:55.134] [INFO] [EXEC] PLACE_SELL_SOURCE source=plan price=80721.50
[11:41:55.150] [OK] [EXEC] PLACE SELL price=80721.50 qty=0.049540
[11:41:55.400] [OK] [EXEC] SELL ORDER SENT orderId=385267639
[11:41:55.925] [OK] [SYNC] order filled detected
[11:41:55.925] [OK] [SYNC] SELL filled on exchange
[11:41:55.925] [OK] [EXEC] FIFO CLOSE qty=0.049540 entry=80716.93 exit=80721.50 pnl=+0.226398
[11:41:55.925] [INFO] [EXEC] CHUNK DRAINED
[11:41:55.925] [OK] [EXEC] REALIZED pnl=+0.226398
[11:41:55.940] [INFO] [EXEC] SELL ACCOUNTING RESET flat
[11:41:55.940] [OK] [EXEC] CYCLE CLOSED pnl=+0.226398
[11:41:55.940] [INFO] [EXEC] SESSION realized=+2.630610 wins=15 losses=0
[11:41:58.886] [INFO] [HEALTH] state=GOOD
[11:41:59.158] [INFO] [EXEC] SELL ACCOUNTING RESET new_cycle
[11:41:59.162] [OK] [EXEC] BUY ORDER SENT orderId=385267888 price=80715.62 qty=0.049550
[11:41:59.167] [OK] [EXEC] PLACE BUY price=80715.62 qty=0.049550
[11:41:59.712] [OK] [SYNC] order filled detected
[11:41:59.712] [OK] [SYNC] BUY filled on exchange
[11:41:59.712] [OK] [EXEC] BUY FILL UPDATE delta=0.049550 avg=80715.62
[11:41:59.712] [OK] [EXEC] CHUNK ADD qty=0.049550 entry=80715.62
[11:41:59.712] [INFO] [EXEC] CHUNK COUNT n=1
[11:41:59.729] [OK] [EXEC] INVENTORY qty=0.049550
[11:41:59.731] [OK] [EXEC] SELL REQUIRED inventory=0.049550
[11:42:00.431] [INFO] [EXEC] SELL CHECK inventory=0.049550 reported=0.000000 remaining=0.049540 chunks=1
[11:42:00.431] [INFO] [EXEC] PLACE_SELL_SOURCE source=plan price=80723.79
[11:42:00.431] [OK] [EXEC] PLACE SELL price=80723.79 qty=0.049540
[11:42:00.713] [OK] [EXEC] SELL ORDER SENT orderId=385267924
[11:42:01.913] [INFO] [EXEC] SELL_UPSIZE_SKIPPED reason=exit_or_panic_active
[11:42:02.468] [INFO] START_CLICK received enabled=True api_ready=True running=True
[11:42:02.838] [WARNING] cancel all requested
[11:42:02.840] [WARNING] [EXEC] STOP canceled panic order, position remains open
[11:42:03.618] [WARNING] [SYNC] desync fixed
[11:42:03.618] [WARNING] [EXEC] STOP_SAFE_MANUAL inventory=0.049550 active_order=0
[11:42:03.618] [WARNING] STOP
