[09:44:46.669] [OK] filters loaded
[09:44:58.863] [INFO] START_CLICK received enabled=True api_ready=True running=False
[09:44:58.863] [INFO] START_SETTINGS live_enabled=True guard_mode=FAST entry_mode=AGGRESSIVE exit_engine=True order_size=5000.0
[09:44:58.863] [INFO] START_PROFILE guard=FAST/True entry=AGGRESSIVE/repr=True exit=eng:True,timeout:3000 taker=True/2600 order=5000.0 spread=min:5.0,target:3.0
[09:44:59.354] [EXCHANGE] symbol=BTCU base=BTC quote=U status=TRADING permissions=[]
[09:44:59.359] [OK] START
[09:44:59.363] [OK] START_OK runtime_started
[09:44:59.651] [INFO] [EXEC] LIVE ON
[09:44:59.652] [INFO] [EXEC] WAIT READY
[09:44:59.653] [WARNING] [HEALTH] block spread_too_young lifetime=0
[09:44:59.654] [WARNING] [HEALTH] unstable_spread lifetime=0
[09:44:59.655] [WARNING] [EXEC] BLOCK_BUY reason=ws_stale mode=FAST ws_age=None spread=11.81 stable=1/1 mid_delta=0.00 bid_delta=0.00
[09:45:00.132] [WS] primary url=wss://stream.binance.com:9443/ws/btcu@bookTicker
[09:45:00.132] [WS] connecting primary
[09:45:00.624] [WS] connected
[09:45:02.927] [INFO] [EXEC] SELL ACCOUNTING RESET new_cycle
[09:45:02.930] [OK] [EXEC] BUY ORDER SENT orderId=385025785 price=80913.33 qty=0.061790
[09:45:02.931] [OK] [EXEC] PLACE BUY price=80913.33 qty=0.061790
[09:45:03.954] [INFO] [EXEC] ENTRY_REPRICE reason=wide_spread_cross old=80913.33 new=80914.90 count=1
[09:45:04.480] [OK] [EXEC] ENTRY_PLACE price=80914.90 qty=0.061790
[09:45:04.483] [OK] [PLAN] READY entry=80915.87 exit=80919.18 profit=0.204525 age=1289ms
[09:45:05.477] [WARNING] [EXEC] BUY TIMEOUT orderId=385025818
[09:45:05.480] [WARNING] [EXEC] CANCEL BUY orderId=385025818
[09:45:05.741] [OK] [EXEC] BUY CANCELED confirmed
[09:45:06.005] [INFO] [EXEC] BUY FINAL STATUS status=CANCELED orderId=385025818
[09:45:06.008] [WARNING] [EXEC] BLOCK reason=buy_not_filled
[09:45:07.215] [INFO] [HEALTH] state=GOOD
[09:45:07.480] [INFO] [EXEC] SELL ACCOUNTING RESET new_cycle
[09:45:07.484] [OK] [EXEC] BUY ORDER SENT orderId=385025949 price=80918.67 qty=0.061790
[09:45:07.485] [OK] [EXEC] PLACE BUY price=80918.67 qty=0.061790
[09:45:08.521] [INFO] [EXEC] ENTRY_REPRICE reason=bid_moved_up old=80918.67 new=80922.02 count=1
[09:45:09.053] [OK] [EXEC] ENTRY_PLACE price=80922.02 qty=0.061790
[09:45:10.039] [WARNING] [EXEC] BUY TIMEOUT orderId=385026051
[09:45:10.045] [WARNING] [EXEC] CANCEL BUY orderId=385026051
[09:45:10.307] [OK] [EXEC] BUY CANCELED confirmed
[09:45:11.045] [INFO] [EXEC] BUY FINAL STATUS status=CANCELED orderId=385026051
[09:45:11.048] [WARNING] [EXEC] BLOCK reason=buy_not_filled
[09:45:12.316] [INFO] [EXEC] SELL ACCOUNTING RESET new_cycle
[09:45:12.320] [OK] [EXEC] BUY ORDER SENT orderId=385026175 price=80926.00 qty=0.061780
[09:45:12.320] [OK] [EXEC] PLACE BUY price=80926.00 qty=0.061780
[09:45:13.303] [INFO] [EXEC] ENTRY_REPRICE reason=wide_spread_cross old=80926.00 new=80927.48 count=1
[09:45:13.830] [OK] [EXEC] ENTRY_PLACE price=80927.48 qty=0.061780
[09:45:15.324] [WARNING] [EXEC] BUY TIMEOUT orderId=385026264
[09:45:15.328] [WARNING] [EXEC] CANCEL BUY orderId=385026264
[09:45:15.592] [OK] [EXEC] BUY CANCELED confirmed
[09:45:16.333] [INFO] [EXEC] BUY FINAL STATUS status=CANCELED orderId=385026264
[09:45:16.338] [WARNING] [EXEC] BLOCK reason=buy_not_filled
[09:45:17.382] [INFO] [HEALTH] state=GOOD
[09:45:17.658] [INFO] [EXEC] SELL ACCOUNTING RESET new_cycle
[09:45:17.660] [OK] [EXEC] BUY ORDER SENT orderId=385026345 price=80927.73 qty=0.061780
[09:45:17.661] [OK] [EXEC] PLACE BUY price=80927.73 qty=0.061780
[09:45:17.665] [OK] [PLAN] READY entry=80927.73 exit=80931.31 profit=0.221172 age=2319ms
[09:45:18.706] [INFO] [EXEC] ENTRY_REPRICE reason=wide_spread_cross old=80927.73 new=80927.77 count=1
[09:45:19.228] [OK] [EXEC] ENTRY_PLACE price=80927.77 qty=0.061780
[09:45:20.182] [WARNING] [EXEC] BUY TIMEOUT orderId=385026375
[09:45:20.186] [WARNING] [EXEC] CANCEL BUY orderId=385026375
[09:45:20.445] [OK] [EXEC] BUY CANCELED confirmed
[09:45:20.714] [INFO] [EXEC] BUY FINAL STATUS status=CANCELED orderId=385026375
[09:45:20.716] [WARNING] [EXEC] BLOCK reason=buy_not_filled
[09:45:21.465] [INFO] [EXEC] SELL ACCOUNTING RESET new_cycle
[09:45:21.470] [OK] [EXEC] BUY ORDER SENT orderId=385026452 price=80929.90 qty=0.061780
[09:45:21.472] [OK] [EXEC] PLACE BUY price=80929.90 qty=0.061780
[09:45:22.432] [INFO] [EXEC] ENTRY_REPRICE reason=wide_spread_cross old=80929.90 new=80929.94 count=1
[09:45:23.441] [OK] [EXEC] ENTRY_PLACE price=80929.94 qty=0.061780
[09:45:24.436] [WARNING] [EXEC] BUY TIMEOUT orderId=385026515
[09:45:24.440] [WARNING] [EXEC] CANCEL BUY orderId=385026515
[09:45:24.703] [OK] [EXEC] BUY CANCELED confirmed
[09:45:24.964] [INFO] [EXEC] BUY FINAL STATUS status=CANCELED orderId=385026515
[09:45:24.967] [WARNING] [EXEC] BLOCK reason=buy_not_filled
[09:45:27.474] [INFO] [HEALTH] state=GOOD
[09:45:27.738] [INFO] [EXEC] SELL ACCOUNTING RESET new_cycle
[09:45:27.741] [OK] [EXEC] BUY ORDER SENT orderId=385026648 price=80923.03 qty=0.061780
[09:45:27.742] [OK] [EXEC] PLACE BUY price=80923.03 qty=0.061780
[09:45:28.753] [INFO] [EXEC] ENTRY_REPRICE reason=wide_spread_cross old=80923.03 new=80923.07 count=1
[09:45:29.339] [OK] [EXEC] ENTRY_PLACE price=80923.07 qty=0.061780
[09:45:29.349] [OK] [PLAN] HOT entry=80924.04 exit=80934.39 profit=0.639423 age=1009ms
[09:45:30.282] [WARNING] [EXEC] BUY TIMEOUT orderId=385026740
[09:45:30.286] [WARNING] [EXEC] CANCEL BUY orderId=385026740
[09:45:30.584] [OK] [EXEC] BUY CANCELED confirmed
[09:45:30.875] [INFO] [EXEC] BUY FINAL STATUS status=CANCELED orderId=385026740
[09:45:30.878] [WARNING] [EXEC] BLOCK reason=buy_not_filled
[09:45:31.544] [INFO] [EXEC] SELL ACCOUNTING RESET new_cycle
[09:45:31.549] [OK] [EXEC] BUY ORDER SENT orderId=385026852 price=80919.22 qty=0.061790
[09:45:31.551] [OK] [EXEC] PLACE BUY price=80919.22 qty=0.061790
[09:45:32.565] [INFO] [EXEC] ENTRY_REPRICE reason=wide_spread_cross old=80919.22 new=80919.26 count=1
[09:45:33.095] [OK] [EXEC] ENTRY_PLACE price=80919.26 qty=0.061790
[09:45:33.102] [OK] [PLAN] READY entry=80920.23 exit=80923.82 profit=0.221790 age=4804ms
[09:45:34.059] [WARNING] [EXEC] BUY TIMEOUT orderId=385026923
[09:45:34.062] [WARNING] [EXEC] CANCEL BUY orderId=385026923
[09:45:34.375] [OK] [EXEC] BUY CANCELED confirmed
[09:45:34.656] [INFO] [EXEC] BUY FINAL STATUS status=CANCELED orderId=385026923
[09:45:34.658] [WARNING] [EXEC] BLOCK reason=buy_not_filled
[09:45:35.047] [INFO] [HEALTH] state=GOOD
[09:45:35.380] [INFO] [EXEC] SELL ACCOUNTING RESET new_cycle
[09:45:35.384] [OK] [EXEC] BUY ORDER SENT orderId=385027030 price=80927.43 qty=0.061780
[09:45:35.385] [OK] [EXEC] PLACE BUY price=80927.43 qty=0.061780
[09:45:37.187] [WARNING] [EXEC] BUY TIMEOUT orderId=385027030
[09:45:37.190] [WARNING] [EXEC] CANCEL BUY orderId=385027030
[09:45:37.453] [OK] [EXEC] BUY CANCELED confirmed
[09:45:37.746] [INFO] [EXEC] BUY FINAL STATUS status=CANCELED orderId=385027030
[09:45:37.750] [WARNING] [EXEC] BLOCK reason=buy_not_filled
[09:45:37.752] [OK] [PLAN] HOT entry=80928.44 exit=80934.93 profit=0.400952 age=1872ms
[09:45:38.357] [INFO] [EXEC] SELL ACCOUNTING RESET new_cycle
[09:45:38.362] [OK] [EXEC] BUY ORDER SENT orderId=385027131 price=80928.94 qty=0.061780
[09:45:38.365] [OK] [EXEC] PLACE BUY price=80928.94 qty=0.061780
[09:45:39.382] [INFO] [EXEC] ENTRY_REPRICE reason=wide_spread_cross old=80928.94 new=80928.98 count=1
[09:45:39.908] [OK] [EXEC] ENTRY_PLACE price=80928.98 qty=0.061780
[09:45:40.926] [WARNING] [EXEC] BUY TIMEOUT orderId=385027185
[09:45:40.929] [WARNING] [EXEC] CANCEL BUY orderId=385027185
[09:45:41.187] [OK] [EXEC] BUY CANCELED confirmed
[09:45:41.452] [INFO] [EXEC] BUY FINAL STATUS status=CANCELED orderId=385027185
[09:45:41.456] [WARNING] [EXEC] BLOCK reason=buy_not_filled
[09:45:43.677] [INFO] [HEALTH] state=GOOD
[09:45:43.943] [INFO] [EXEC] SELL ACCOUNTING RESET new_cycle
[09:45:43.948] [OK] [EXEC] BUY ORDER SENT orderId=385027338 price=80933.42 qty=0.061770
[09:45:43.951] [OK] [EXEC] PLACE BUY price=80933.42 qty=0.061770
[09:45:44.943] [INFO] [EXEC] ENTRY_REPRICE reason=wide_spread_cross old=80933.42 new=80933.46 count=1
[09:45:45.482] [OK] [EXEC] ENTRY_PLACE price=80933.46 qty=0.061770
[09:45:47.282] [WARNING] [EXEC] BUY TIMEOUT orderId=385027377
[09:45:47.286] [WARNING] [EXEC] CANCEL BUY orderId=385027377
[09:45:47.576] [OK] [EXEC] BUY CANCELED confirmed
[09:45:47.844] [INFO] [EXEC] BUY FINAL STATUS status=CANCELED orderId=385027377
[09:45:47.847] [WARNING] [EXEC] BLOCK reason=buy_not_filled
[09:45:48.508] [INFO] [EXEC] SELL ACCOUNTING RESET new_cycle
[09:45:48.511] [OK] [EXEC] BUY ORDER SENT orderId=385027471 price=80936.90 qty=0.061770
[09:45:48.513] [OK] [EXEC] PLACE BUY price=80936.90 qty=0.061770
[09:45:49.581] [INFO] [EXEC] ENTRY_REPRICE reason=bid_moved_up old=80936.90 new=80936.93 count=1
[09:45:50.123] [OK] [EXEC] ENTRY_PLACE price=80936.93 qty=0.061770
[09:45:50.842] [OK] [SYNC] order filled detected
[09:45:50.845] [OK] [SYNC] BUY filled on exchange
[09:45:50.846] [OK] [EXEC] BUY FILL UPDATE delta=0.061770 avg=80936.89
[09:45:50.848] [OK] [EXEC] CHUNK ADD qty=0.061770 entry=80936.89
[09:45:50.851] [INFO] [EXEC] CHUNK COUNT n=1
[09:45:50.853] [OK] [EXEC] INVENTORY qty=0.061770
[09:45:50.856] [OK] [EXEC] SELL REQUIRED inventory=0.061770
[09:45:51.379] [INFO] [EXEC] SELL CHECK inventory=0.061770 reported=0.000000 remaining=0.061760 chunks=1
[09:45:51.382] [OK] [EXEC] PLACE SELL price=80938.22 qty=0.061760
[09:45:51.658] [OK] [EXEC] SELL ORDER SENT orderId=385027616
[09:45:52.617] [INFO] [EXEC] SELL UPSIZE old=0.061760 new=0.061770
[09:45:52.621] [WARNING] [EXEC] SELL TIMEOUT orderId=385027616
[09:45:52.624] [WARNING] [EXEC] CANCEL SELL orderId=385027616
[09:45:53.158] [INFO] [EXEC] SELL FINAL STATUS status=CANCELED orderId=385027616
[09:45:53.162] [INFO] [EXEC] SELL TIMEOUT check fast_exit
[09:45:53.163] [WARNING] [EXEC] FORCE EXIT hard_sl_triggered
[09:45:53.166] [ERROR] [EXEC] HARD SL triggered
[09:45:53.168] [WARNING] [EXEC] PANIC EXIT sl_mode
[09:45:53.434] [WARNING] [EXEC] FORCE EXIT price=80936.42
[09:45:53.436] [OK] [EXEC] PLACE SELL price=80936.42 qty=0.061760
[09:45:53.702] [WARNING] [EXEC] PANIC START price=80936.42
[09:45:53.706] [OK] [EXEC] SELL ORDER SENT orderId=385027732
[09:45:54.635] [INFO] [EXEC] SELL_UPSIZE_SKIPPED reason=exit_or_panic_active
[09:45:56.611] [WARNING] [EXEC] SELL_QTY_CLAMP inventory=0.061770 free=0.000017 final=0.000017
[09:45:57.951] [OK] [PLAN] READY entry=80928.33 exit=80931.38 profit=0.188429 age=993ms
[09:45:59.613] [WARNING] [EXEC] SELL_QTY_CLAMP inventory=0.061770 free=0.000017 final=0.000017
[09:46:03.003] [INFO] START_CLICK received enabled=True api_ready=True running=True
[09:46:03.269] [WARNING] cancel all requested
[09:46:03.271] [WARNING] [EXEC] STOP canceled panic order, position remains open
[09:46:05.012] [WARNING] [SYNC] desync fixed
[09:46:05.015] [WARNING] [EXEC] STOP_SAFE_MANUAL inventory=0.061770 active_order=0
[09:46:05.017] [WARNING] STOP
[09:46:05.020] [WARNING] [EXEC] SELL_QTY_CLAMP inventory=0.061770 free=0.000017 final=0.000017
