[19:30:59.306] [OK] filters loaded
[19:30:59.675] [INFO] [EXEC] STREAM_STATS_UI cycles=0 wins=0 losses=0 pnl=+0.000000 winrate=0.00%
[19:31:00.353] [INFO] START_CLICK received enabled=True api_ready=True running=False
[19:31:00.353] [INFO] START_SETTINGS live_enabled=True guard_mode=FAST entry_mode=AGGRESSIVE exit_engine=True order_size=222.0
[19:31:00.354] [INFO] START_PROFILE order_size=222.0 min_spread=6.0 guard_mode=FAST entry_mode=AGGRESSIVE sell_timeout=2200 far_sell_ticks=80 taker_exit_after_ms=2500
[19:31:00.354] [INFO] SETTINGS_MERGE_PRESERVE existing_values=true missing_added=0
[19:31:00.833] [EXCHANGE] symbol=BTCU base=BTC quote=U status=TRADING permissions=[]
[19:31:00.837] [OK] START
[19:31:00.839] [OK] START_OK runtime_started
[19:31:00.840] [INFO] [EXEC] STREAMS_ENABLED count=20 range_ticks=200 step_ticks=10
[19:31:00.843] [INFO] [EXEC] GRID_BUDGET_SOURCE source=max_exposure_u budget=5000.00
[19:31:00.844] [INFO] [EXEC] STREAM_CREATE stream_id=1 buy_price=80733.18000000 budget=250.00 qty=0.00309000
[19:31:00.845] [INFO] [EXEC] STREAM_CREATE stream_id=2 buy_price=80733.08000000 budget=250.00 qty=0.00309000
[19:31:00.846] [INFO] [EXEC] STREAM_CREATE stream_id=3 buy_price=80732.98000000 budget=250.00 qty=0.00309000
[19:31:00.847] [INFO] [EXEC] STREAM_CREATE stream_id=4 buy_price=80732.88000000 budget=250.00 qty=0.00309000
[19:31:00.848] [INFO] [EXEC] STREAM_CREATE stream_id=5 buy_price=80732.78000000 budget=250.00 qty=0.00309000
[19:31:00.849] [INFO] [EXEC] STREAM_CREATE stream_id=6 buy_price=80732.68000000 budget=250.00 qty=0.00309000
[19:31:00.850] [INFO] [EXEC] STREAM_CREATE stream_id=7 buy_price=80732.58000000 budget=250.00 qty=0.00309000
[19:31:00.853] [INFO] [EXEC] STREAM_CREATE stream_id=8 buy_price=80732.48000000 budget=250.00 qty=0.00309000
[19:31:00.854] [INFO] [EXEC] STREAM_CREATE stream_id=9 buy_price=80732.38000000 budget=250.00 qty=0.00309000
[19:31:00.855] [INFO] [EXEC] STREAM_CREATE stream_id=10 buy_price=80732.28000000 budget=250.00 qty=0.00309000
[19:31:00.856] [INFO] [EXEC] STREAM_CREATE stream_id=11 buy_price=80732.18000000 budget=250.00 qty=0.00309000
[19:31:00.857] [INFO] [EXEC] STREAM_CREATE stream_id=12 buy_price=80732.08000000 budget=250.00 qty=0.00309000
[19:31:00.858] [INFO] [EXEC] STREAM_CREATE stream_id=13 buy_price=80731.98000000 budget=250.00 qty=0.00309000
[19:31:00.860] [INFO] [EXEC] STREAM_CREATE stream_id=14 buy_price=80731.88000000 budget=250.00 qty=0.00309000
[19:31:00.861] [INFO] [EXEC] STREAM_CREATE stream_id=15 buy_price=80731.78000000 budget=250.00 qty=0.00309000
[19:31:00.862] [INFO] [EXEC] STREAM_CREATE stream_id=16 buy_price=80731.68000000 budget=250.00 qty=0.00309000
[19:31:00.863] [INFO] [EXEC] STREAM_CREATE stream_id=17 buy_price=80731.58000000 budget=250.00 qty=0.00309000
[19:31:00.864] [INFO] [EXEC] STREAM_CREATE stream_id=18 buy_price=80731.48000000 budget=250.00 qty=0.00309000
[19:31:00.865] [INFO] [EXEC] STREAM_CREATE stream_id=19 buy_price=80731.38000000 budget=250.00 qty=0.00309000
[19:31:00.866] [INFO] [EXEC] STREAM_CREATE stream_id=20 buy_price=80731.28000000 budget=250.00 qty=0.00309000
[19:31:00.867] [INFO] [EXEC] STREAM_CREATE_DONE count=20 budget=5000.00 step_ticks=10
[19:31:01.134] [INFO] [EXEC] LIVE ON
[19:31:01.136] [INFO] [EXEC] WAIT READY
[19:31:01.137] [WARNING] [HEALTH] block spread_too_young lifetime=0
[19:31:01.138] [WARNING] [HEALTH] unstable_spread lifetime=0
[19:31:01.138] [INFO] [EXEC] STREAM_GUARD_SIMPLE_PASS
[19:31:01.140] [INFO] [EXEC] STREAM_MODE_ACTIVE_SKIP_SINGLE_ENTRY
[19:31:01.663] [INFO] [EXEC] STREAM_BUY_PLACED level_id=1 order_id=386891761
[19:31:01.666] [OK] [EXEC] PLACE BUY price=80733.18 qty=0.003090
[19:31:01.934] [INFO] [EXEC] STREAM_BUY_PLACED level_id=2 order_id=386891762
[19:31:01.936] [OK] [EXEC] PLACE BUY price=80733.08 qty=0.003090
[19:31:02.201] [INFO] [EXEC] STREAM_BUY_PLACED level_id=3 order_id=386891764
[19:31:02.205] [OK] [EXEC] PLACE BUY price=80732.98 qty=0.003090
[19:31:02.733] [WS] primary url=wss://stream.binance.com:9443/ws/btcu@bookTicker
[19:31:02.734] [WS] connecting primary
[19:31:02.740] [WS] connected
[19:31:03.834] [INFO] [EXEC] STREAM_GUARD_SIMPLE_PASS
[19:31:04.097] [INFO] [EXEC] STREAM_BUY_PLACED level_id=4 order_id=386891801
[19:31:04.101] [OK] [EXEC] PLACE BUY price=80732.88 qty=0.003090
[19:31:04.366] [INFO] [EXEC] STREAM_BUY_PLACED level_id=5 order_id=386891811
[19:31:04.369] [OK] [EXEC] PLACE BUY price=80732.78 qty=0.003090
[19:31:04.633] [INFO] [EXEC] STREAM_BUY_PLACED level_id=6 order_id=386891821
[19:31:04.636] [OK] [EXEC] PLACE BUY price=80732.68 qty=0.003090
[19:31:06.935] [INFO] [EXEC] STREAM_GUARD_SIMPLE_PASS
[19:31:06.937] [INFO] [EXEC] STREAM_MODE_ACTIVE_SKIP_SINGLE_ENTRY
[19:31:07.198] [INFO] [EXEC] STREAM_BUY_PLACED level_id=7 order_id=386891882
[19:31:07.203] [OK] [EXEC] PLACE BUY price=80732.58 qty=0.003090
[19:31:07.469] [INFO] [EXEC] STREAM_BUY_PLACED level_id=8 order_id=386891890
[19:31:07.473] [OK] [EXEC] PLACE BUY price=80732.48 qty=0.003090
[19:31:08.215] [INFO] [EXEC] STREAM_BUY_PLACED level_id=9 order_id=386891896
[19:31:08.219] [OK] [EXEC] PLACE BUY price=80732.38 qty=0.003090
[19:31:08.809] [INFO] [EXEC] STREAM_BUY_FILLED level_id=1
[19:31:08.813] [OK] [EXEC] CHUNK ADD qty=0.003090 entry=80733.18
[19:31:08.816] [INFO] [EXEC] CHUNK COUNT n=1
[19:31:08.818] [INFO] [EXEC] STREAM_TARGET_USED ticks=80 sell_price=80733.98
[19:31:09.089] [INFO] [EXEC] STREAM_SELL_PLACED stream_id=1 chunk_id=2452389863952 order_id=386891989 price=80733.98 qty=0.003090
[19:31:09.351] [INFO] [EXEC] STREAM_BUY_FILLED level_id=2
[19:31:09.355] [OK] [EXEC] CHUNK ADD qty=0.003090 entry=80733.08
[19:31:09.356] [INFO] [EXEC] CHUNK COUNT n=2
[19:31:09.357] [INFO] [EXEC] STREAM_TARGET_USED ticks=80 sell_price=80733.88
[19:31:10.101] [INFO] [EXEC] STREAM_SELL_PLACED stream_id=2 chunk_id=2452339112224 order_id=386892090 price=80733.88 qty=0.003090
[19:31:10.365] [INFO] [EXEC] STREAM_BUY_FILLED level_id=3
[19:31:10.369] [OK] [EXEC] CHUNK ADD qty=0.003090 entry=80732.98
[19:31:10.371] [INFO] [EXEC] CHUNK COUNT n=3
[19:31:10.372] [INFO] [EXEC] STREAM_TARGET_USED ticks=80 sell_price=80733.78
[19:31:10.636] [INFO] [EXEC] STREAM_SELL_PLACED stream_id=3 chunk_id=2452389866832 order_id=386892122 price=80733.78 qty=0.003090
[19:31:10.909] [INFO] [EXEC] STREAM_BUY_FILLED level_id=4
[19:31:10.910] [OK] [EXEC] CHUNK ADD qty=0.003090 entry=80732.88
[19:31:10.912] [INFO] [EXEC] CHUNK COUNT n=4
[19:31:10.913] [INFO] [EXEC] STREAM_TARGET_USED ticks=80 sell_price=80733.68
[19:31:11.186] [INFO] [EXEC] STREAM_SELL_PLACED stream_id=4 chunk_id=2452389867840 order_id=386892176 price=80733.68 qty=0.003090
[19:31:11.478] [INFO] [EXEC] STREAM_BUY_FILLED level_id=5
[19:31:11.481] [OK] [EXEC] CHUNK ADD qty=0.003090 entry=80732.78
[19:31:11.484] [INFO] [EXEC] CHUNK COUNT n=5
[19:31:11.487] [INFO] [EXEC] STREAM_TARGET_USED ticks=80 sell_price=80733.58
[19:31:11.755] [INFO] [EXEC] STREAM_SELL_PLACED stream_id=5 chunk_id=2452339104688 order_id=386892245 price=80733.58 qty=0.003090
[19:31:12.020] [INFO] [EXEC] STREAM_BUY_FILLED level_id=6
[19:31:12.022] [OK] [EXEC] CHUNK ADD qty=0.003090 entry=80732.68
[19:31:12.024] [INFO] [EXEC] CHUNK COUNT n=6
[19:31:12.025] [INFO] [EXEC] STREAM_TARGET_USED ticks=80 sell_price=80733.48
[19:31:12.292] [INFO] [EXEC] STREAM_SELL_PLACED stream_id=6 chunk_id=2452389859920 order_id=386892360 price=80733.48 qty=0.003090
[19:31:12.555] [INFO] [EXEC] STREAM_BUY_FILLED level_id=7
[19:31:12.560] [OK] [EXEC] CHUNK ADD qty=0.003090 entry=80732.58
[19:31:12.563] [INFO] [EXEC] CHUNK COUNT n=7
[19:31:12.566] [INFO] [EXEC] STREAM_TARGET_USED ticks=80 sell_price=80733.38
[19:31:12.829] [INFO] [EXEC] STREAM_SELL_PLACED stream_id=7 chunk_id=2452389871152 order_id=386892423 price=80733.38 qty=0.003090
[19:31:13.094] [INFO] [EXEC] STREAM_BUY_FILLED level_id=8
[19:31:13.097] [OK] [EXEC] CHUNK ADD qty=0.003090 entry=80732.48
[19:31:13.099] [INFO] [EXEC] CHUNK COUNT n=8
[19:31:13.101] [INFO] [EXEC] STREAM_TARGET_USED ticks=80 sell_price=80733.28
[19:31:13.366] [INFO] [EXEC] STREAM_SELL_PLACED stream_id=8 chunk_id=2452339103872 order_id=386892442 price=80733.28 qty=0.003090
[19:31:13.630] [INFO] [EXEC] STREAM_BUY_FILLED level_id=9
[19:31:13.633] [OK] [EXEC] CHUNK ADD qty=0.003090 entry=80732.38
[19:31:13.634] [INFO] [EXEC] CHUNK COUNT n=9
[19:31:13.636] [INFO] [EXEC] STREAM_TARGET_USED ticks=80 sell_price=80733.18
[19:31:13.898] [INFO] [EXEC] STREAM_SELL_PLACED stream_id=9 chunk_id=2452339106992 order_id=386892461 price=80733.18 qty=0.003090
[19:31:14.160] [INFO] [EXEC] STREAM_SELL_STATUS stream_id=1 chunk_id=2452389863952 order_id=386891989 status=NEW
[19:31:14.428] [INFO] [EXEC] STREAM_SELL_STATUS stream_id=2 chunk_id=2452339112224 order_id=386892090 status=NEW
[19:31:14.690] [INFO] [EXEC] STREAM_SELL_STATUS stream_id=3 chunk_id=2452389866832 order_id=386892122 status=NEW
[19:31:15.441] [INFO] [EXEC] STREAM_SELL_STATUS stream_id=4 chunk_id=2452389867840 order_id=386892176 status=NEW
[19:31:15.704] [INFO] [EXEC] STREAM_SELL_STATUS stream_id=5 chunk_id=2452339104688 order_id=386892245 status=NEW
[19:31:16.448] [INFO] [EXEC] STREAM_SELL_STATUS stream_id=6 chunk_id=2452389859920 order_id=386892360 status=NEW
[19:31:16.711] [INFO] [EXEC] STREAM_SELL_STATUS stream_id=7 chunk_id=2452389871152 order_id=386892423 status=NEW
[19:31:16.973] [INFO] [EXEC] STREAM_SELL_STATUS stream_id=8 chunk_id=2452339103872 order_id=386892442 status=NEW
[19:31:17.241] [INFO] [EXEC] STREAM_SELL_STATUS stream_id=9 chunk_id=2452339106992 order_id=386892461 status=NEW
[19:31:17.245] [INFO] [EXEC] STREAM_REPAIR_SKIP reason=stream_owned_inventory
[19:31:17.248] [INFO] [EXEC] STREAM_GLOBAL_SELL_SKIP reason=exit_recovery_inventory_no_sell
[19:31:17.250] [INFO] [EXEC] STREAM_GLOBAL_SELL_SKIP reason=place_sell
[19:31:18.577] [INFO] [EXEC] STREAM_SELL_STATUS stream_id=1 chunk_id=2452389863952 order_id=386891989 status=NEW
[19:31:18.839] [INFO] [EXEC] STREAM_SELL_STATUS stream_id=2 chunk_id=2452339112224 order_id=386892090 status=NEW
[19:31:19.102] [INFO] [EXEC] STREAM_SELL_STATUS stream_id=3 chunk_id=2452389866832 order_id=386892122 status=NEW
[19:31:19.370] [INFO] [EXEC] STREAM_SELL_STATUS stream_id=4 chunk_id=2452389867840 order_id=386892176 status=NEW
[19:31:19.634] [INFO] [EXEC] STREAM_SELL_STATUS stream_id=5 chunk_id=2452339104688 order_id=386892245 status=NEW
[19:31:19.892] [INFO] [EXEC] STREAM_SELL_STATUS stream_id=6 chunk_id=2452389859920 order_id=386892360 status=NEW
[19:31:20.632] [INFO] [EXEC] STREAM_SELL_STATUS stream_id=7 chunk_id=2452389871152 order_id=386892423 status=NEW
[19:31:20.896] [INFO] [EXEC] STREAM_SELL_STATUS stream_id=8 chunk_id=2452339103872 order_id=386892442 status=NEW
[19:31:21.177] [INFO] [EXEC] STREAM_SELL_STATUS stream_id=9 chunk_id=2452339106992 order_id=386892461 status=NEW
[19:31:21.181] [INFO] [EXEC] STREAM_REPAIR_SKIP reason=stream_owned_inventory
[19:31:21.184] [INFO] [EXEC] STREAM_GLOBAL_SELL_SKIP reason=exit_recovery_inventory_no_sell
[19:31:21.185] [INFO] [EXEC] STREAM_GLOBAL_SELL_SKIP reason=place_sell
[19:31:21.810] [INFO] [EXEC] STREAM_SELL_STATUS stream_id=1 chunk_id=2452389863952 order_id=386891989 status=NEW
[19:31:22.547] [INFO] [EXEC] STREAM_SELL_STATUS stream_id=2 chunk_id=2452339112224 order_id=386892090 status=NEW
[19:31:22.811] [INFO] [EXEC] STREAM_SELL_STATUS stream_id=3 chunk_id=2452389866832 order_id=386892122 status=NEW
[19:31:23.075] [INFO] [EXEC] STREAM_SELL_STATUS stream_id=4 chunk_id=2452389867840 order_id=386892176 status=NEW
[19:31:23.336] [INFO] [EXEC] STREAM_SELL_STATUS stream_id=5 chunk_id=2452339104688 order_id=386892245 status=NEW
[19:31:23.604] [INFO] [EXEC] STREAM_SELL_STATUS stream_id=6 chunk_id=2452389859920 order_id=386892360 status=NEW
[19:31:23.866] [INFO] [EXEC] STREAM_SELL_STATUS stream_id=7 chunk_id=2452389871152 order_id=386892423 status=NEW
[19:31:24.130] [INFO] [EXEC] STREAM_SELL_STATUS stream_id=8 chunk_id=2452339103872 order_id=386892442 status=NEW
[19:31:24.395] [INFO] [EXEC] STREAM_SELL_STATUS stream_id=9 chunk_id=2452339106992 order_id=386892461 status=FILLED
[19:31:24.399] [INFO] [EXEC] STREAM_SELL_FILLED stream_id=9 chunk_id=2452339106992 order_id=386892461
[19:31:24.400] [OK] [EXEC] FIFO CLOSE qty=0.003090 entry=80732.38 exit=80733.18 pnl=+0.002472
[19:31:24.401] [INFO] [EXEC] STREAM_PNL stream_id=9 pnl=+0.002472
[19:31:24.402] [INFO] [EXEC] STREAM_RECYCLED level_id=9
[19:31:24.403] [INFO] [EXEC] STREAM_RECYCLED stream_id=9
[19:31:24.404] [INFO] [EXEC] STREAM_REPAIR_SKIP reason=stream_owned_inventory
[19:31:24.405] [INFO] [EXEC] STREAM_GLOBAL_SELL_SKIP reason=exit_recovery_inventory_no_sell
[19:31:24.406] [INFO] [EXEC] STREAM_GLOBAL_SELL_SKIP reason=place_sell
[19:31:25.304] [INFO] [EXEC] STREAM_SELL_STATUS stream_id=1 chunk_id=2452389863952 order_id=386891989 status=FILLED
[19:31:25.308] [INFO] [EXEC] STREAM_SELL_FILLED stream_id=1 chunk_id=2452389863952 order_id=386891989
[19:31:25.312] [OK] [EXEC] FIFO CLOSE qty=0.003090 entry=80733.18 exit=80733.98 pnl=+0.002472
[19:31:25.315] [INFO] [EXEC] STREAM_PNL stream_id=1 pnl=+0.002472
[19:31:25.317] [INFO] [EXEC] STREAM_RECYCLED level_id=1
[19:31:25.319] [INFO] [EXEC] STREAM_RECYCLED stream_id=1
[19:31:25.593] [INFO] [EXEC] STREAM_SELL_STATUS stream_id=2 chunk_id=2452339112224 order_id=386892090 status=FILLED
[19:31:25.596] [INFO] [EXEC] STREAM_SELL_FILLED stream_id=2 chunk_id=2452339112224 order_id=386892090
[19:31:25.598] [OK] [EXEC] FIFO CLOSE qty=0.003090 entry=80733.08 exit=80733.88 pnl=+0.002472
[19:31:25.599] [INFO] [EXEC] STREAM_PNL stream_id=2 pnl=+0.002472
[19:31:25.600] [INFO] [EXEC] STREAM_RECYCLED level_id=2
[19:31:25.601] [INFO] [EXEC] STREAM_RECYCLED stream_id=2
[19:31:25.880] [INFO] [EXEC] STREAM_SELL_STATUS stream_id=3 chunk_id=2452389866832 order_id=386892122 status=FILLED
[19:31:25.883] [INFO] [EXEC] STREAM_SELL_FILLED stream_id=3 chunk_id=2452389866832 order_id=386892122
[19:31:25.884] [OK] [EXEC] FIFO CLOSE qty=0.003090 entry=80732.98 exit=80733.78 pnl=+0.002472
[19:31:25.885] [INFO] [EXEC] STREAM_PNL stream_id=3 pnl=+0.002472
[19:31:25.886] [INFO] [EXEC] STREAM_RECYCLED level_id=3
[19:31:25.888] [INFO] [EXEC] STREAM_RECYCLED stream_id=3
[19:31:26.149] [INFO] [EXEC] STREAM_SELL_STATUS stream_id=4 chunk_id=2452389867840 order_id=386892176 status=FILLED
[19:31:26.153] [INFO] [EXEC] STREAM_SELL_FILLED stream_id=4 chunk_id=2452389867840 order_id=386892176
[19:31:26.154] [OK] [EXEC] FIFO CLOSE qty=0.003090 entry=80732.88 exit=80733.68 pnl=+0.002472
[19:31:26.155] [INFO] [EXEC] STREAM_PNL stream_id=4 pnl=+0.002472
[19:31:26.156] [INFO] [EXEC] STREAM_RECYCLED level_id=4
[19:31:26.157] [INFO] [EXEC] STREAM_RECYCLED stream_id=4
[19:31:26.417] [INFO] [EXEC] STREAM_SELL_STATUS stream_id=5 chunk_id=2452339104688 order_id=386892245 status=FILLED
[19:31:26.419] [INFO] [EXEC] STREAM_SELL_FILLED stream_id=5 chunk_id=2452339104688 order_id=386892245
[19:31:26.420] [OK] [EXEC] FIFO CLOSE qty=0.003090 entry=80732.78 exit=80733.58 pnl=+0.002472
[19:31:26.421] [INFO] [EXEC] STREAM_PNL stream_id=5 pnl=+0.002472
[19:31:26.422] [INFO] [EXEC] STREAM_RECYCLED level_id=5
[19:31:26.423] [INFO] [EXEC] STREAM_RECYCLED stream_id=5
[19:31:26.691] [INFO] [EXEC] STREAM_SELL_STATUS stream_id=6 chunk_id=2452389859920 order_id=386892360 status=FILLED
[19:31:26.694] [INFO] [EXEC] STREAM_SELL_FILLED stream_id=6 chunk_id=2452389859920 order_id=386892360
[19:31:26.696] [OK] [EXEC] FIFO CLOSE qty=0.003090 entry=80732.68 exit=80733.48 pnl=+0.002472
[19:31:26.697] [INFO] [EXEC] STREAM_PNL stream_id=6 pnl=+0.002472
[19:31:26.698] [INFO] [EXEC] STREAM_RECYCLED level_id=6
[19:31:26.699] [INFO] [EXEC] STREAM_RECYCLED stream_id=6
[19:31:26.958] [INFO] [EXEC] STREAM_SELL_STATUS stream_id=7 chunk_id=2452389871152 order_id=386892423 status=FILLED
[19:31:26.959] [INFO] [EXEC] STREAM_SELL_FILLED stream_id=7 chunk_id=2452389871152 order_id=386892423
[19:31:26.960] [OK] [EXEC] FIFO CLOSE qty=0.003090 entry=80732.58 exit=80733.38 pnl=+0.002472
[19:31:26.961] [INFO] [EXEC] STREAM_PNL stream_id=7 pnl=+0.002472
[19:31:26.962] [INFO] [EXEC] STREAM_RECYCLED level_id=7
[19:31:26.962] [INFO] [EXEC] STREAM_RECYCLED stream_id=7
[19:31:27.232] [INFO] [EXEC] STREAM_SELL_STATUS stream_id=8 chunk_id=2452339103872 order_id=386892442 status=FILLED
[19:31:27.235] [INFO] [EXEC] STREAM_SELL_FILLED stream_id=8 chunk_id=2452339103872 order_id=386892442
[19:31:27.236] [OK] [EXEC] FIFO CLOSE qty=0.003090 entry=80732.48 exit=80733.28 pnl=+0.002472
[19:31:27.237] [INFO] [EXEC] STREAM_PNL stream_id=8 pnl=+0.002472
[19:31:27.239] [INFO] [EXEC] STREAM_RECYCLED level_id=8
[19:31:27.240] [INFO] [EXEC] STREAM_RECYCLED stream_id=8
[19:31:27.241] [INFO] [HEALTH] state=GOOD
[19:31:27.241] [INFO] [EXEC] STREAM_GUARD_SIMPLE_PASS
[19:31:27.242] [INFO] [EXEC] STREAM_MODE_ACTIVE_SKIP_SINGLE_ENTRY
[19:31:27.504] [INFO] [EXEC] STREAM_BUY_PLACED level_id=1 order_id=386892960
[19:31:27.506] [OK] [EXEC] PLACE BUY price=80733.18 qty=0.003090
[19:31:27.849] [INFO] [EXEC] STREAM_BUY_PLACED level_id=2 order_id=386892961
[19:31:27.852] [OK] [EXEC] PLACE BUY price=80733.08 qty=0.003090
[19:31:28.119] [INFO] [EXEC] STREAM_BUY_PLACED level_id=3 order_id=386892970
[19:31:28.122] [OK] [EXEC] PLACE BUY price=80732.98 qty=0.003090
[19:31:29.051] [INFO] [EXEC] STREAM_BUY_FILLED level_id=1
[19:31:29.054] [OK] [EXEC] CHUNK ADD qty=0.003090 entry=80733.18
[19:31:29.056] [INFO] [EXEC] CHUNK COUNT n=1
[19:31:29.058] [INFO] [EXEC] STREAM_TARGET_USED ticks=80 sell_price=80733.98
[19:31:29.325] [INFO] [EXEC] STREAM_SELL_PLACED stream_id=1 chunk_id=2452389868128 order_id=386892982 price=80733.98 qty=0.003090
[19:31:30.062] [INFO] [EXEC] STREAM_BUY_FILLED level_id=2
[19:31:30.065] [OK] [EXEC] CHUNK ADD qty=0.003090 entry=80733.08
[19:31:30.066] [INFO] [EXEC] CHUNK COUNT n=2
[19:31:30.067] [INFO] [EXEC] STREAM_TARGET_USED ticks=80 sell_price=80733.88
[19:31:30.333] [INFO] [EXEC] STREAM_SELL_PLACED stream_id=2 chunk_id=2452339108816 order_id=386893006 price=80733.88 qty=0.003090
[19:31:30.596] [INFO] [EXEC] STREAM_BUY_FILLED level_id=3
[19:31:30.598] [OK] [EXEC] CHUNK ADD qty=0.003090 entry=80732.98
[19:31:30.599] [INFO] [EXEC] CHUNK COUNT n=3
[19:31:30.600] [INFO] [EXEC] STREAM_TARGET_USED ticks=80 sell_price=80733.78
[19:31:31.341] [INFO] [EXEC] STREAM_SELL_PLACED stream_id=3 chunk_id=2452389865440 order_id=386893018 price=80733.78 qty=0.003090
[19:31:31.606] [INFO] [EXEC] STREAM_SELL_STATUS stream_id=1 chunk_id=2452389868128 order_id=386892982 status=NEW
[19:31:31.874] [INFO] [EXEC] STREAM_SELL_STATUS stream_id=2 chunk_id=2452339108816 order_id=386893006 status=NEW
[19:31:32.141] [INFO] [EXEC] STREAM_SELL_STATUS stream_id=3 chunk_id=2452389865440 order_id=386893018 status=NEW
[19:31:32.145] [INFO] [EXEC] STREAM_REPAIR_SKIP reason=stream_owned_inventory
[19:31:32.147] [INFO] [EXEC] STREAM_GLOBAL_SELL_SKIP reason=exit_recovery_inventory_no_sell
[19:31:32.150] [INFO] [EXEC] STREAM_GLOBAL_SELL_SKIP reason=place_sell
[19:31:33.296] [INFO] [EXEC] STREAM_SELL_STATUS stream_id=1 chunk_id=2452389868128 order_id=386892982 status=NEW
[19:31:33.559] [INFO] [EXEC] STREAM_SELL_STATUS stream_id=2 chunk_id=2452339108816 order_id=386893006 status=NEW
[19:31:33.821] [INFO] [EXEC] STREAM_SELL_STATUS stream_id=3 chunk_id=2452389865440 order_id=386893018 status=NEW
[19:31:33.825] [INFO] [EXEC] STREAM_REPAIR_SKIP reason=stream_owned_inventory
[19:31:35.717] [INFO] [EXEC] STREAM_SELL_STATUS stream_id=1 chunk_id=2452389868128 order_id=386892982 status=NEW
[19:31:35.983] [INFO] [EXEC] STREAM_SELL_STATUS stream_id=2 chunk_id=2452339108816 order_id=386893006 status=NEW
[19:31:36.250] [INFO] [EXEC] STREAM_SELL_STATUS stream_id=3 chunk_id=2452389865440 order_id=386893018 status=NEW
[19:31:36.255] [INFO] [EXEC] STREAM_REPAIR_SKIP reason=stream_owned_inventory
[19:31:36.258] [INFO] [EXEC] STREAM_GLOBAL_SELL_SKIP reason=exit_recovery_inventory_no_sell
[19:31:36.260] [INFO] [EXEC] STREAM_GLOBAL_SELL_SKIP reason=place_sell
[19:31:37.333] [INFO] [EXEC] STREAM_SELL_STATUS stream_id=1 chunk_id=2452389868128 order_id=386892982 status=NEW
[19:31:37.603] [INFO] [EXEC] STREAM_SELL_STATUS stream_id=2 chunk_id=2452339108816 order_id=386893006 status=NEW
[19:31:37.865] [INFO] [EXEC] STREAM_SELL_STATUS stream_id=3 chunk_id=2452389865440 order_id=386893018 status=NEW
[19:31:37.869] [INFO] [EXEC] STREAM_REPAIR_SKIP reason=stream_owned_inventory
[19:31:38.613] [INFO] [EXEC] STREAM_SELL_STATUS stream_id=1 chunk_id=2452389868128 order_id=386892982 status=NEW
[19:31:38.874] [INFO] [EXEC] STREAM_SELL_STATUS stream_id=2 chunk_id=2452339108816 order_id=386893006 status=NEW
[19:31:39.140] [INFO] [EXEC] STREAM_SELL_STATUS stream_id=3 chunk_id=2452389865440 order_id=386893018 status=NEW
[19:31:39.144] [INFO] [EXEC] STREAM_REPAIR_SKIP reason=stream_owned_inventory
[19:31:39.145] [INFO] [EXEC] STREAM_GLOBAL_SELL_SKIP reason=exit_recovery_inventory_no_sell
[19:31:39.146] [INFO] [EXEC] STREAM_GLOBAL_SELL_SKIP reason=place_sell
[19:31:39.882] [INFO] [EXEC] STREAM_SELL_STATUS stream_id=1 chunk_id=2452389868128 order_id=386892982 status=NEW
[19:31:40.149] [INFO] [EXEC] STREAM_SELL_STATUS stream_id=2 chunk_id=2452339108816 order_id=386893006 status=NEW
[19:31:40.410] [INFO] [EXEC] STREAM_SELL_STATUS stream_id=3 chunk_id=2452389865440 order_id=386893018 status=NEW
[19:31:40.414] [INFO] [EXEC] STREAM_REPAIR_SKIP reason=stream_owned_inventory
[19:31:41.370] [INFO] [EXEC] STREAM_SELL_STATUS stream_id=1 chunk_id=2452389868128 order_id=386892982 status=NEW
[19:31:41.635] [INFO] [EXEC] STREAM_SELL_STATUS stream_id=2 chunk_id=2452339108816 order_id=386893006 status=NEW
[19:31:41.896] [INFO] [EXEC] STREAM_SELL_STATUS stream_id=3 chunk_id=2452389865440 order_id=386893018 status=NEW
[19:31:41.897] [INFO] [EXEC] STREAM_REPAIR_SKIP reason=stream_owned_inventory
[19:31:41.898] [INFO] [EXEC] STREAM_GLOBAL_SELL_SKIP reason=exit_recovery_inventory_no_sell
[19:31:41.898] [INFO] [EXEC] STREAM_GLOBAL_SELL_SKIP reason=place_sell
[19:31:42.616] [INFO] [EXEC] STREAM_SELL_STATUS stream_id=1 chunk_id=2452389868128 order_id=386892982 status=NEW
[19:31:42.878] [INFO] [EXEC] STREAM_SELL_STATUS stream_id=2 chunk_id=2452339108816 order_id=386893006 status=NEW
[19:31:43.149] [INFO] [EXEC] STREAM_SELL_STATUS stream_id=3 chunk_id=2452389865440 order_id=386893018 status=NEW
[19:31:43.153] [INFO] [EXEC] STREAM_REPAIR_SKIP reason=stream_owned_inventory
[19:31:43.904] [INFO] [EXEC] STREAM_SELL_STATUS stream_id=1 chunk_id=2452389868128 order_id=386892982 status=NEW
[19:31:44.223] [INFO] [EXEC] STREAM_SELL_STATUS stream_id=2 chunk_id=2452339108816 order_id=386893006 status=NEW
[19:31:44.525] [INFO] [EXEC] STREAM_SELL_STATUS stream_id=3 chunk_id=2452389865440 order_id=386893018 status=NEW
[19:31:44.530] [INFO] [EXEC] STREAM_REPAIR_SKIP reason=stream_owned_inventory
[19:31:44.533] [INFO] [EXEC] STREAM_GLOBAL_SELL_SKIP reason=exit_recovery_inventory_no_sell
[19:31:44.535] [INFO] [EXEC] STREAM_GLOBAL_SELL_SKIP reason=place_sell
[19:31:45.188] [INFO] [EXEC] STREAM_SELL_STATUS stream_id=1 chunk_id=2452389868128 order_id=386892982 status=NEW
[19:31:45.456] [INFO] [EXEC] STREAM_SELL_STATUS stream_id=2 chunk_id=2452339108816 order_id=386893006 status=NEW
[19:31:45.723] [INFO] [EXEC] STREAM_SELL_STATUS stream_id=3 chunk_id=2452389865440 order_id=386893018 status=NEW
[19:31:45.726] [INFO] [EXEC] STREAM_REPAIR_SKIP reason=stream_owned_inventory
[19:31:46.437] [INFO] [EXEC] STREAM_SELL_STATUS stream_id=1 chunk_id=2452389868128 order_id=386892982 status=FILLED
[19:31:46.441] [INFO] [EXEC] STREAM_SELL_FILLED stream_id=1 chunk_id=2452389868128 order_id=386892982
[19:31:46.445] [OK] [EXEC] FIFO CLOSE qty=0.003090 entry=80733.18 exit=80733.98 pnl=+0.002472
[19:31:46.447] [INFO] [EXEC] STREAM_PNL stream_id=1 pnl=+0.002472
[19:31:46.449] [INFO] [EXEC] STREAM_RECYCLED level_id=1
[19:31:46.451] [INFO] [EXEC] STREAM_RECYCLED stream_id=1
[19:31:46.717] [INFO] [EXEC] STREAM_SELL_STATUS stream_id=2 chunk_id=2452339108816 order_id=386893006 status=FILLED
[19:31:46.720] [INFO] [EXEC] STREAM_SELL_FILLED stream_id=2 chunk_id=2452339108816 order_id=386893006
[19:31:46.722] [OK] [EXEC] FIFO CLOSE qty=0.003090 entry=80733.08 exit=80733.88 pnl=+0.002472
[19:31:46.723] [INFO] [EXEC] STREAM_PNL stream_id=2 pnl=+0.002472
[19:31:46.724] [INFO] [EXEC] STREAM_RECYCLED level_id=2
[19:31:46.725] [INFO] [EXEC] STREAM_RECYCLED stream_id=2
[19:31:47.004] [INFO] [EXEC] STREAM_SELL_STATUS stream_id=3 chunk_id=2452389865440 order_id=386893018 status=FILLED
[19:31:47.006] [INFO] [EXEC] STREAM_SELL_FILLED stream_id=3 chunk_id=2452389865440 order_id=386893018
[19:31:47.007] [OK] [EXEC] FIFO CLOSE qty=0.003090 entry=80732.98 exit=80733.78 pnl=+0.002472
[19:31:47.008] [INFO] [EXEC] STREAM_PNL stream_id=3 pnl=+0.002472
[19:31:47.009] [INFO] [EXEC] STREAM_RECYCLED level_id=3
[19:31:47.010] [INFO] [EXEC] STREAM_RECYCLED stream_id=3
[19:31:47.012] [INFO] [HEALTH] state=GOOD
[19:31:47.012] [INFO] [EXEC] STREAM_GUARD_SIMPLE_PASS
[19:31:47.013] [INFO] [EXEC] STREAM_MODE_ACTIVE_SKIP_SINGLE_ENTRY
[19:31:47.282] [INFO] [EXEC] STREAM_BUY_PLACED level_id=1 order_id=386893526
[19:31:47.285] [OK] [EXEC] PLACE BUY price=80733.18 qty=0.003090
[19:31:47.564] [INFO] [EXEC] STREAM_BUY_PLACED level_id=2 order_id=386893574
[19:31:47.567] [OK] [EXEC] PLACE BUY price=80733.08 qty=0.003090
[19:31:47.829] [INFO] [EXEC] STREAM_BUY_PLACED level_id=3 order_id=386893598
[19:31:47.832] [OK] [EXEC] PLACE BUY price=80732.98 qty=0.003090
[19:31:49.219] [INFO] [EXEC] STREAM_GUARD_SIMPLE_PASS
[19:31:49.484] [INFO] [EXEC] STREAM_BUY_PLACED level_id=4 order_id=386893667
[19:31:49.488] [OK] [EXEC] PLACE BUY price=80732.88 qty=0.003090
[19:31:49.757] [INFO] [EXEC] STREAM_BUY_PLACED level_id=5 order_id=386893690
[19:31:49.760] [OK] [EXEC] PLACE BUY price=80732.78 qty=0.003090
[19:31:50.022] [INFO] [EXEC] STREAM_BUY_PLACED level_id=6 order_id=386893712
[19:31:50.023] [OK] [EXEC] PLACE BUY price=80732.68 qty=0.003090
[19:31:51.991] [INFO] [EXEC] STREAM_GUARD_SIMPLE_PASS
[19:31:51.991] [INFO] [EXEC] STREAM_MODE_ACTIVE_SKIP_SINGLE_ENTRY
[19:31:52.256] [INFO] [EXEC] STREAM_BUY_PLACED level_id=7 order_id=386893879
[19:31:52.260] [OK] [EXEC] PLACE BUY price=80732.58 qty=0.003090
[19:31:52.525] [INFO] [EXEC] STREAM_BUY_PLACED level_id=8 order_id=386893932
[19:31:52.529] [OK] [EXEC] PLACE BUY price=80732.48 qty=0.003090
[19:31:52.798] [INFO] [EXEC] STREAM_BUY_PLACED level_id=9 order_id=386893957
[19:31:52.802] [OK] [EXEC] PLACE BUY price=80732.38 qty=0.003090
[19:31:55.765] [INFO] [HEALTH] state=GOOD
[19:31:55.766] [INFO] [EXEC] STREAM_GUARD_SIMPLE_PASS
[19:31:56.045] [INFO] [EXEC] STREAM_BUY_PLACED level_id=10 order_id=386894211
[19:31:56.048] [OK] [EXEC] PLACE BUY price=80732.28 qty=0.003090
[19:31:56.317] [INFO] [EXEC] STREAM_BUY_PLACED level_id=11 order_id=386894229
[19:31:56.321] [OK] [EXEC] PLACE BUY price=80732.18 qty=0.003090
[19:31:56.586] [INFO] [EXEC] STREAM_BUY_PLACED level_id=12 order_id=386894256
[19:31:56.590] [OK] [EXEC] PLACE BUY price=80732.08 qty=0.003090
[19:32:00.175] [INFO] [EXEC] STREAM_GUARD_SIMPLE_PASS
[19:32:00.179] [INFO] [EXEC] STREAM_MODE_ACTIVE_SKIP_SINGLE_ENTRY
[19:32:00.441] [INFO] [EXEC] STREAM_BUY_PLACED level_id=13 order_id=386894455
[19:32:00.445] [OK] [EXEC] PLACE BUY price=80731.98 qty=0.003090
[19:32:00.710] [INFO] [EXEC] STREAM_BUY_PLACED level_id=14 order_id=386894461
[19:32:00.714] [OK] [EXEC] PLACE BUY price=80731.88 qty=0.003090
[19:32:00.977] [INFO] [EXEC] STREAM_BUY_PLACED level_id=15 order_id=386894484
[19:32:00.980] [OK] [EXEC] PLACE BUY price=80731.78 qty=0.003090
[19:32:05.617] [INFO] [HEALTH] state=DANGER
[19:32:05.618] [INFO] [EXEC] STREAM_GUARD_SIMPLE_PASS
[19:32:05.621] [INFO] [EXEC] STREAM_MODE_ACTIVE_SKIP_SINGLE_ENTRY
[19:32:05.896] [INFO] [EXEC] STREAM_BUY_PLACED level_id=16 order_id=386894777
[19:32:05.900] [OK] [EXEC] PLACE BUY price=80731.68 qty=0.003090
[19:32:06.161] [INFO] [EXEC] STREAM_BUY_PLACED level_id=17 order_id=386894790
[19:32:06.164] [OK] [EXEC] PLACE BUY price=80731.58 qty=0.003090
[19:32:06.428] [INFO] [EXEC] STREAM_BUY_PLACED level_id=18 order_id=386894817
[19:32:06.431] [OK] [EXEC] PLACE BUY price=80731.48 qty=0.003090
[19:32:12.469] [WARNING] [HEALTH] block spread_too_young lifetime=0
[19:32:12.471] [WARNING] [HEALTH] unstable_spread lifetime=0
[19:32:12.473] [INFO] [EXEC] STREAM_GUARD_SIMPLE_PASS
[19:32:12.475] [INFO] [EXEC] STREAM_MODE_ACTIVE_SKIP_SINGLE_ENTRY
[19:32:12.736] [INFO] [EXEC] STREAM_BUY_PLACED level_id=19 order_id=386895065
[19:32:12.740] [OK] [EXEC] PLACE BUY price=80731.38 qty=0.003090
[19:32:13.006] [INFO] [EXEC] STREAM_BUY_PLACED level_id=20 order_id=386895074
[19:32:13.008] [OK] [EXEC] PLACE BUY price=80731.28 qty=0.003090
[19:32:15.027] [INFO] [EXEC] STREAM_BUY_FILLED level_id=5
[19:32:15.029] [OK] [EXEC] CHUNK ADD qty=0.003090 entry=80732.78
[19:32:15.030] [INFO] [EXEC] CHUNK COUNT n=1
[19:32:15.030] [INFO] [EXEC] STREAM_TARGET_USED ticks=80 sell_price=80733.58
[19:32:15.301] [INFO] [EXEC] STREAM_SELL_PLACED stream_id=5 chunk_id=2452390252656 order_id=386895339 price=80733.58 qty=0.003090
[19:32:15.577] [INFO] [EXEC] STREAM_BUY_FILLED level_id=6
[19:32:15.581] [OK] [EXEC] CHUNK ADD qty=0.003090 entry=80732.68
[19:32:15.585] [INFO] [EXEC] CHUNK COUNT n=2
[19:32:15.588] [INFO] [EXEC] STREAM_TARGET_USED ticks=80 sell_price=80733.48
[19:32:15.853] [INFO] [EXEC] STREAM_SELL_PLACED stream_id=6 chunk_id=2452390253184 order_id=386895380 price=80733.48 qty=0.003090
[19:32:16.149] [INFO] [EXEC] STREAM_BUY_FILLED level_id=7
[19:32:16.151] [OK] [EXEC] CHUNK ADD qty=0.003090 entry=80732.58
[19:32:16.153] [INFO] [EXEC] CHUNK COUNT n=3
[19:32:16.154] [INFO] [EXEC] STREAM_TARGET_USED ticks=80 sell_price=80733.38
[19:32:16.415] [INFO] [EXEC] STREAM_SELL_PLACED stream_id=7 chunk_id=2452390258560 order_id=386895403 price=80733.38 qty=0.003090
[19:32:16.693] [INFO] [EXEC] STREAM_BUY_FILLED level_id=8
[19:32:16.697] [OK] [EXEC] CHUNK ADD qty=0.003090 entry=80732.48
[19:32:16.698] [INFO] [EXEC] CHUNK COUNT n=4
[19:32:16.701] [INFO] [EXEC] STREAM_TARGET_USED ticks=80 sell_price=80733.28
[19:32:16.993] [INFO] [EXEC] STREAM_SELL_PLACED stream_id=8 chunk_id=2452390259808 order_id=386895449 price=80733.28 qty=0.003090
[19:32:17.292] [INFO] [EXEC] STREAM_BUY_FILLED level_id=9
[19:32:17.297] [OK] [EXEC] CHUNK ADD qty=0.003090 entry=80732.38
[19:32:17.300] [INFO] [EXEC] CHUNK COUNT n=5
[19:32:17.302] [INFO] [EXEC] STREAM_TARGET_USED ticks=80 sell_price=80733.18
[19:32:17.569] [INFO] [EXEC] STREAM_SELL_PLACED stream_id=9 chunk_id=2452390249824 order_id=386895479 price=80733.18 qty=0.003090
[19:32:17.830] [INFO] [EXEC] STREAM_BUY_FILLED level_id=10
[19:32:17.833] [OK] [EXEC] CHUNK ADD qty=0.003090 entry=80732.28
[19:32:17.836] [INFO] [EXEC] CHUNK COUNT n=6
[19:32:17.839] [INFO] [EXEC] STREAM_TARGET_USED ticks=80 sell_price=80733.08
[19:32:18.105] [INFO] [EXEC] STREAM_SELL_PLACED stream_id=10 chunk_id=2452390259712 order_id=386895507 price=80733.08 qty=0.003090
[19:32:18.367] [INFO] [EXEC] STREAM_BUY_FILLED level_id=11
[19:32:18.370] [OK] [EXEC] CHUNK ADD qty=0.003090 entry=80732.18
[19:32:18.371] [INFO] [EXEC] CHUNK COUNT n=7
[19:32:18.372] [INFO] [EXEC] STREAM_TARGET_USED ticks=80 sell_price=80732.98
[19:32:18.653] [INFO] [EXEC] STREAM_SELL_PLACED stream_id=11 chunk_id=2452390261152 order_id=386895520 price=80732.98 qty=0.003090
[19:32:18.929] [INFO] [EXEC] STREAM_BUY_FILLED level_id=12
[19:32:18.933] [OK] [EXEC] CHUNK ADD qty=0.003090 entry=80732.08
[19:32:18.936] [INFO] [EXEC] CHUNK COUNT n=8
[19:32:18.939] [INFO] [EXEC] STREAM_TARGET_USED ticks=80 sell_price=80732.88
[19:32:19.220] [INFO] [EXEC] STREAM_SELL_PLACED stream_id=12 chunk_id=2452390259280 order_id=386895582 price=80732.88 qty=0.003090
[19:32:19.492] [INFO] [EXEC] STREAM_BUY_FILLED level_id=13
[19:32:19.495] [OK] [EXEC] CHUNK ADD qty=0.003090 entry=80731.98
[19:32:19.498] [INFO] [EXEC] CHUNK COUNT n=9
[19:32:19.501] [INFO] [EXEC] STREAM_TARGET_USED ticks=80 sell_price=80732.78
[19:32:19.769] [INFO] [EXEC] STREAM_SELL_PLACED stream_id=13 chunk_id=2452390262592 order_id=386895624 price=80732.78 qty=0.003090
[19:32:20.029] [INFO] [EXEC] STREAM_BUY_FILLED level_id=14
[19:32:20.031] [OK] [EXEC] CHUNK ADD qty=0.003090 entry=80731.88
[19:32:20.031] [INFO] [EXEC] CHUNK COUNT n=10
[19:32:20.031] [INFO] [EXEC] STREAM_TARGET_USED ticks=80 sell_price=80732.68
[19:32:20.290] [INFO] [EXEC] STREAM_SELL_PLACED stream_id=14 chunk_id=2452339107952 order_id=386895666 price=80732.68 qty=0.003090
[19:32:20.559] [INFO] [EXEC] STREAM_BUY_FILLED level_id=15
[19:32:20.563] [OK] [EXEC] CHUNK ADD qty=0.003090 entry=80731.78
[19:32:20.564] [INFO] [EXEC] CHUNK COUNT n=11
[19:32:20.567] [INFO] [EXEC] STREAM_TARGET_USED ticks=80 sell_price=80732.58
[19:32:20.865] [INFO] [EXEC] STREAM_SELL_PLACED stream_id=15 chunk_id=2452338572800 order_id=386895714 price=80732.58 qty=0.003090
[19:32:21.130] [INFO] [EXEC] STREAM_BUY_FILLED level_id=16
[19:32:21.132] [OK] [EXEC] CHUNK ADD qty=0.003090 entry=80731.68
[19:32:21.135] [INFO] [EXEC] CHUNK COUNT n=12
[19:32:21.137] [INFO] [EXEC] STREAM_TARGET_USED ticks=80 sell_price=80732.48
[19:32:21.399] [INFO] [EXEC] STREAM_SELL_PLACED stream_id=16 chunk_id=2452338568000 order_id=386895755 price=80732.48 qty=0.003090
[19:32:21.687] [INFO] [EXEC] STREAM_BUY_FILLED level_id=17
[19:32:21.691] [OK] [EXEC] CHUNK ADD qty=0.003090 entry=80731.58
[19:32:21.693] [INFO] [EXEC] CHUNK COUNT n=13
[19:32:21.696] [INFO] [EXEC] STREAM_TARGET_USED ticks=80 sell_price=80732.38
[19:32:21.965] [INFO] [EXEC] STREAM_SELL_PLACED stream_id=17 chunk_id=2452339113952 order_id=386895790 price=80732.38 qty=0.003090
[19:32:22.228] [INFO] [EXEC] STREAM_BUY_FILLED level_id=18
[19:32:22.232] [OK] [EXEC] CHUNK ADD qty=0.003090 entry=80731.48
[19:32:22.236] [INFO] [EXEC] CHUNK COUNT n=14
[19:32:22.239] [INFO] [EXEC] STREAM_TARGET_USED ticks=80 sell_price=80732.28
[19:32:22.515] [INFO] [EXEC] STREAM_SELL_PLACED stream_id=18 chunk_id=2452339098112 order_id=386895819 price=80732.28 qty=0.003090
[19:32:22.783] [INFO] [EXEC] STREAM_BUY_FILLED level_id=19
[19:32:22.787] [OK] [EXEC] CHUNK ADD qty=0.003090 entry=80731.38
[19:32:22.790] [INFO] [EXEC] CHUNK COUNT n=15
[19:32:22.794] [INFO] [EXEC] STREAM_TARGET_USED ticks=80 sell_price=80732.18
[19:32:23.057] [INFO] [EXEC] STREAM_SELL_PLACED stream_id=19 chunk_id=2452339098640 order_id=386895861 price=80732.18 qty=0.003090
[19:32:23.318] [INFO] [EXEC] STREAM_BUY_FILLED level_id=20
[19:32:23.322] [OK] [EXEC] CHUNK ADD qty=0.003090 entry=80731.28
[19:32:23.323] [INFO] [EXEC] CHUNK COUNT n=16
[19:32:23.324] [INFO] [EXEC] STREAM_TARGET_USED ticks=80 sell_price=80732.08
[19:32:23.587] [INFO] [EXEC] STREAM_SELL_PLACED stream_id=20 chunk_id=2452390264272 order_id=386895890 price=80732.08 qty=0.003090
[19:32:23.856] [INFO] [EXEC] STREAM_SELL_STATUS stream_id=5 chunk_id=2452390252656 order_id=386895339 status=FILLED
[19:32:23.860] [INFO] [EXEC] STREAM_SELL_FILLED stream_id=5 chunk_id=2452390252656 order_id=386895339
[19:32:23.863] [OK] [EXEC] FIFO CLOSE qty=0.003090 entry=80732.78 exit=80733.58 pnl=+0.002472
[19:32:23.865] [INFO] [EXEC] STREAM_PNL stream_id=5 pnl=+0.002472
[19:32:23.866] [INFO] [EXEC] STREAM_RECYCLED level_id=5
[19:32:23.867] [INFO] [EXEC] STREAM_RECYCLED stream_id=5
[19:32:24.126] [INFO] [EXEC] STREAM_SELL_STATUS stream_id=6 chunk_id=2452390253184 order_id=386895380 status=FILLED
[19:32:24.129] [INFO] [EXEC] STREAM_SELL_FILLED stream_id=6 chunk_id=2452390253184 order_id=386895380
[19:32:24.131] [OK] [EXEC] FIFO CLOSE qty=0.003090 entry=80732.68 exit=80733.48 pnl=+0.002472
[19:32:24.132] [INFO] [EXEC] STREAM_PNL stream_id=6 pnl=+0.002472
[19:32:24.134] [INFO] [EXEC] STREAM_RECYCLED level_id=6
[19:32:24.136] [INFO] [EXEC] STREAM_RECYCLED stream_id=6
[19:32:24.400] [INFO] [EXEC] STREAM_SELL_STATUS stream_id=7 chunk_id=2452390258560 order_id=386895403 status=FILLED
[19:32:24.402] [INFO] [EXEC] STREAM_SELL_FILLED stream_id=7 chunk_id=2452390258560 order_id=386895403
[19:32:24.403] [OK] [EXEC] FIFO CLOSE qty=0.003090 entry=80732.58 exit=80733.38 pnl=+0.002472
[19:32:24.405] [INFO] [EXEC] STREAM_PNL stream_id=7 pnl=+0.002472
[19:32:24.406] [INFO] [EXEC] STREAM_RECYCLED level_id=7
[19:32:24.407] [INFO] [EXEC] STREAM_RECYCLED stream_id=7
[19:32:24.666] [INFO] [EXEC] STREAM_SELL_STATUS stream_id=8 chunk_id=2452390259808 order_id=386895449 status=FILLED
[19:32:24.670] [INFO] [EXEC] STREAM_SELL_FILLED stream_id=8 chunk_id=2452390259808 order_id=386895449
[19:32:24.673] [OK] [EXEC] FIFO CLOSE qty=0.003090 entry=80732.48 exit=80733.28 pnl=+0.002472
[19:32:24.676] [INFO] [EXEC] STREAM_PNL stream_id=8 pnl=+0.002472
[19:32:24.678] [INFO] [EXEC] STREAM_RECYCLED level_id=8
[19:32:24.680] [INFO] [EXEC] STREAM_RECYCLED stream_id=8
[19:32:24.937] [INFO] [EXEC] STREAM_SELL_STATUS stream_id=9 chunk_id=2452390249824 order_id=386895479 status=FILLED
[19:32:24.938] [INFO] [EXEC] STREAM_SELL_FILLED stream_id=9 chunk_id=2452390249824 order_id=386895479
[19:32:24.939] [OK] [EXEC] FIFO CLOSE qty=0.003090 entry=80732.38 exit=80733.18 pnl=+0.002472
[19:32:24.939] [INFO] [EXEC] STREAM_PNL stream_id=9 pnl=+0.002472
[19:32:24.940] [INFO] [EXEC] STREAM_RECYCLED level_id=9
[19:32:24.940] [INFO] [EXEC] STREAM_RECYCLED stream_id=9
[19:32:25.200] [INFO] [EXEC] STREAM_SELL_STATUS stream_id=10 chunk_id=2452390259712 order_id=386895507 status=FILLED
[19:32:25.204] [INFO] [EXEC] STREAM_SELL_FILLED stream_id=10 chunk_id=2452390259712 order_id=386895507
[19:32:25.205] [OK] [EXEC] FIFO CLOSE qty=0.003090 entry=80732.28 exit=80733.08 pnl=+0.002472
[19:32:25.206] [INFO] [EXEC] STREAM_PNL stream_id=10 pnl=+0.002472
[19:32:25.208] [INFO] [EXEC] STREAM_RECYCLED level_id=10
[19:32:25.209] [INFO] [EXEC] STREAM_RECYCLED stream_id=10
[19:32:25.467] [INFO] [EXEC] STREAM_SELL_STATUS stream_id=11 chunk_id=2452390261152 order_id=386895520 status=FILLED
[19:32:25.469] [INFO] [EXEC] STREAM_SELL_FILLED stream_id=11 chunk_id=2452390261152 order_id=386895520
[19:32:25.470] [OK] [EXEC] FIFO CLOSE qty=0.003090 entry=80732.18 exit=80732.98 pnl=+0.002472
[19:32:25.472] [INFO] [EXEC] STREAM_PNL stream_id=11 pnl=+0.002472
[19:32:25.473] [INFO] [EXEC] STREAM_RECYCLED level_id=11
[19:32:25.474] [INFO] [EXEC] STREAM_RECYCLED stream_id=11
[19:32:25.732] [INFO] [EXEC] STREAM_SELL_STATUS stream_id=12 chunk_id=2452390259280 order_id=386895582 status=FILLED
[19:32:25.736] [INFO] [EXEC] STREAM_SELL_FILLED stream_id=12 chunk_id=2452390259280 order_id=386895582
[19:32:25.737] [OK] [EXEC] FIFO CLOSE qty=0.003090 entry=80732.08 exit=80732.88 pnl=+0.002472
[19:32:25.738] [INFO] [EXEC] STREAM_PNL stream_id=12 pnl=+0.002472
[19:32:25.739] [INFO] [EXEC] STREAM_RECYCLED level_id=12
[19:32:25.740] [INFO] [EXEC] STREAM_RECYCLED stream_id=12
[19:32:26.005] [INFO] [EXEC] STREAM_SELL_STATUS stream_id=13 chunk_id=2452390262592 order_id=386895624 status=FILLED
[19:32:26.006] [INFO] [EXEC] STREAM_SELL_FILLED stream_id=13 chunk_id=2452390262592 order_id=386895624
[19:32:26.007] [OK] [EXEC] FIFO CLOSE qty=0.003090 entry=80731.98 exit=80732.78 pnl=+0.002472
[19:32:26.007] [INFO] [EXEC] STREAM_PNL stream_id=13 pnl=+0.002472
[19:32:26.008] [INFO] [EXEC] STREAM_RECYCLED level_id=13
[19:32:26.008] [INFO] [EXEC] STREAM_RECYCLED stream_id=13
[19:32:26.270] [INFO] [EXEC] STREAM_SELL_STATUS stream_id=14 chunk_id=2452339107952 order_id=386895666 status=FILLED
[19:32:26.274] [INFO] [EXEC] STREAM_SELL_FILLED stream_id=14 chunk_id=2452339107952 order_id=386895666
[19:32:26.275] [OK] [EXEC] FIFO CLOSE qty=0.003090 entry=80731.88 exit=80732.68 pnl=+0.002472
[19:32:26.276] [INFO] [EXEC] STREAM_PNL stream_id=14 pnl=+0.002472
[19:32:26.279] [INFO] [EXEC] STREAM_RECYCLED level_id=14
[19:32:26.281] [INFO] [EXEC] STREAM_RECYCLED stream_id=14
[19:32:26.540] [INFO] [EXEC] STREAM_SELL_STATUS stream_id=15 chunk_id=2452338572800 order_id=386895714 status=FILLED
[19:32:26.541] [INFO] [EXEC] STREAM_SELL_FILLED stream_id=15 chunk_id=2452338572800 order_id=386895714
[19:32:26.542] [OK] [EXEC] FIFO CLOSE qty=0.003090 entry=80731.78 exit=80732.58 pnl=+0.002472
[19:32:26.542] [INFO] [EXEC] STREAM_PNL stream_id=15 pnl=+0.002472
[19:32:26.543] [INFO] [EXEC] STREAM_RECYCLED level_id=15
[19:32:26.543] [INFO] [EXEC] STREAM_RECYCLED stream_id=15
[19:32:26.801] [INFO] [EXEC] STREAM_SELL_STATUS stream_id=16 chunk_id=2452338568000 order_id=386895755 status=FILLED
[19:32:26.805] [INFO] [EXEC] STREAM_SELL_FILLED stream_id=16 chunk_id=2452338568000 order_id=386895755
[19:32:26.808] [OK] [EXEC] FIFO CLOSE qty=0.003090 entry=80731.68 exit=80732.48 pnl=+0.002472
[19:32:26.810] [INFO] [EXEC] STREAM_PNL stream_id=16 pnl=+0.002472
[19:32:26.812] [INFO] [EXEC] STREAM_RECYCLED level_id=16
[19:32:26.814] [INFO] [EXEC] STREAM_RECYCLED stream_id=16
[19:32:27.081] [INFO] [EXEC] STREAM_SELL_STATUS stream_id=17 chunk_id=2452339113952 order_id=386895790 status=FILLED
[19:32:27.083] [INFO] [EXEC] STREAM_SELL_FILLED stream_id=17 chunk_id=2452339113952 order_id=386895790
[19:32:27.084] [OK] [EXEC] FIFO CLOSE qty=0.003090 entry=80731.58 exit=80732.38 pnl=+0.002472
[19:32:27.085] [INFO] [EXEC] STREAM_PNL stream_id=17 pnl=+0.002472
[19:32:27.085] [INFO] [EXEC] STREAM_RECYCLED level_id=17
[19:32:27.086] [INFO] [EXEC] STREAM_RECYCLED stream_id=17
[19:32:27.345] [INFO] [EXEC] STREAM_SELL_STATUS stream_id=18 chunk_id=2452339098112 order_id=386895819 status=FILLED
[19:32:27.349] [INFO] [EXEC] STREAM_SELL_FILLED stream_id=18 chunk_id=2452339098112 order_id=386895819
[19:32:27.351] [OK] [EXEC] FIFO CLOSE qty=0.003090 entry=80731.48 exit=80732.28 pnl=+0.002472
[19:32:27.354] [INFO] [EXEC] STREAM_PNL stream_id=18 pnl=+0.002472
[19:32:27.357] [INFO] [EXEC] STREAM_RECYCLED level_id=18
[19:32:27.359] [INFO] [EXEC] STREAM_RECYCLED stream_id=18
[19:32:27.622] [INFO] [EXEC] STREAM_SELL_STATUS stream_id=19 chunk_id=2452339098640 order_id=386895861 status=FILLED
[19:32:27.625] [INFO] [EXEC] STREAM_SELL_FILLED stream_id=19 chunk_id=2452339098640 order_id=386895861
[19:32:27.627] [OK] [EXEC] FIFO CLOSE qty=0.003090 entry=80731.38 exit=80732.18 pnl=+0.002472
[19:32:27.629] [INFO] [EXEC] STREAM_PNL stream_id=19 pnl=+0.002472
[19:32:27.629] [INFO] [EXEC] STREAM_RECYCLED level_id=19
[19:32:27.630] [INFO] [EXEC] STREAM_RECYCLED stream_id=19
[19:32:27.887] [INFO] [EXEC] STREAM_SELL_STATUS stream_id=20 chunk_id=2452390264272 order_id=386895890 status=FILLED
[19:32:27.891] [INFO] [EXEC] STREAM_SELL_FILLED stream_id=20 chunk_id=2452390264272 order_id=386895890
[19:32:27.895] [OK] [EXEC] FIFO CLOSE qty=0.003090 entry=80731.28 exit=80732.08 pnl=+0.002472
[19:32:27.898] [INFO] [EXEC] STREAM_PNL stream_id=20 pnl=+0.002472
[19:32:27.901] [INFO] [EXEC] STREAM_RECYCLED level_id=20
[19:32:27.903] [INFO] [EXEC] STREAM_RECYCLED stream_id=20
[19:32:27.905] [INFO] [HEALTH] state=DANGER
[19:32:27.905] [INFO] [EXEC] STREAM_GUARD_SIMPLE_PASS
[19:32:27.907] [INFO] [EXEC] STREAM_MODE_ACTIVE_SKIP_SINGLE_ENTRY
[19:32:28.165] [INFO] [EXEC] STREAM_BUY_PLACED level_id=5 order_id=386896117
[19:32:28.167] [OK] [EXEC] PLACE BUY price=80732.78 qty=0.003090
[19:32:28.427] [INFO] [EXEC] STREAM_BUY_PLACED level_id=6 order_id=386896118
[19:32:28.432] [OK] [EXEC] PLACE BUY price=80732.68 qty=0.003090
[19:32:28.693] [INFO] [EXEC] STREAM_BUY_PLACED level_id=7 order_id=386896144
[19:32:28.698] [OK] [EXEC] PLACE BUY price=80732.58 qty=0.003090
[19:32:30.254] [INFO] [EXEC] STREAM_BUY_FILLED level_id=1
[19:32:30.259] [OK] [EXEC] CHUNK ADD qty=0.003090 entry=80733.18
[19:32:30.264] [INFO] [EXEC] CHUNK COUNT n=1
[19:32:30.268] [INFO] [EXEC] STREAM_TARGET_USED ticks=80 sell_price=80733.98
[19:32:30.535] [INFO] [EXEC] STREAM_SELL_PLACED stream_id=1 chunk_id=2452389697136 order_id=386896273 price=80733.98 qty=0.003090
[19:32:30.797] [INFO] [EXEC] STREAM_BUY_FILLED level_id=2
[19:32:30.802] [OK] [EXEC] CHUNK ADD qty=0.003090 entry=80733.08
[19:32:30.803] [INFO] [EXEC] CHUNK COUNT n=2
[19:32:30.805] [INFO] [EXEC] STREAM_TARGET_USED ticks=80 sell_price=80733.88
[19:32:31.081] [INFO] [EXEC] STREAM_SELL_PLACED stream_id=2 chunk_id=2452389705728 order_id=386896299 price=80733.88 qty=0.003090
[19:32:31.342] [INFO] [EXEC] STREAM_BUY_FILLED level_id=3
[19:32:31.346] [OK] [EXEC] CHUNK ADD qty=0.003090 entry=80732.98
[19:32:31.351] [INFO] [EXEC] CHUNK COUNT n=3
[19:32:31.355] [INFO] [EXEC] STREAM_TARGET_USED ticks=80 sell_price=80733.78
[19:32:31.622] [INFO] [EXEC] STREAM_SELL_PLACED stream_id=3 chunk_id=2452389700928 order_id=386896325 price=80733.78 qty=0.003090
[19:32:31.889] [INFO] [EXEC] STREAM_BUY_FILLED level_id=4
[19:32:31.890] [OK] [EXEC] CHUNK ADD qty=0.003090 entry=80732.88
[19:32:31.891] [INFO] [EXEC] CHUNK COUNT n=4
[19:32:31.892] [INFO] [EXEC] STREAM_TARGET_USED ticks=80 sell_price=80733.68
[19:32:32.149] [INFO] [EXEC] STREAM_SELL_PLACED stream_id=4 chunk_id=2452389701648 order_id=386896364 price=80733.68 qty=0.003090
[19:32:33.195] [INFO] [EXEC] STREAM_SELL_STATUS stream_id=1 chunk_id=2452389697136 order_id=386896273 status=FILLED
[19:32:33.199] [INFO] [EXEC] STREAM_SELL_FILLED stream_id=1 chunk_id=2452389697136 order_id=386896273
[19:32:33.201] [OK] [EXEC] FIFO CLOSE qty=0.003090 entry=80733.18 exit=80733.98 pnl=+0.002472
[19:32:33.203] [INFO] [EXEC] STREAM_PNL stream_id=1 pnl=+0.002472
[19:32:33.204] [INFO] [EXEC] STREAM_RECYCLED level_id=1
[19:32:33.205] [INFO] [EXEC] STREAM_RECYCLED stream_id=1
[19:32:33.470] [INFO] [EXEC] STREAM_SELL_STATUS stream_id=2 chunk_id=2452389705728 order_id=386896299 status=FILLED
[19:32:33.474] [INFO] [EXEC] STREAM_SELL_FILLED stream_id=2 chunk_id=2452389705728 order_id=386896299
[19:32:33.476] [OK] [EXEC] FIFO CLOSE qty=0.003090 entry=80733.08 exit=80733.88 pnl=+0.002472
[19:32:33.478] [INFO] [EXEC] STREAM_PNL stream_id=2 pnl=+0.002472
[19:32:33.479] [INFO] [EXEC] STREAM_RECYCLED level_id=2
[19:32:33.481] [INFO] [EXEC] STREAM_RECYCLED stream_id=2
[19:32:33.745] [INFO] [EXEC] STREAM_SELL_STATUS stream_id=3 chunk_id=2452389700928 order_id=386896325 status=FILLED
[19:32:33.749] [INFO] [EXEC] STREAM_SELL_FILLED stream_id=3 chunk_id=2452389700928 order_id=386896325
[19:32:33.750] [OK] [EXEC] FIFO CLOSE qty=0.003090 entry=80732.98 exit=80733.78 pnl=+0.002472
[19:32:33.752] [INFO] [EXEC] STREAM_PNL stream_id=3 pnl=+0.002472
[19:32:33.753] [INFO] [EXEC] STREAM_RECYCLED level_id=3
[19:32:33.755] [INFO] [EXEC] STREAM_RECYCLED stream_id=3
[19:32:34.013] [INFO] [EXEC] STREAM_SELL_STATUS stream_id=4 chunk_id=2452389701648 order_id=386896364 status=FILLED
[19:32:34.016] [INFO] [EXEC] STREAM_SELL_FILLED stream_id=4 chunk_id=2452389701648 order_id=386896364
[19:32:34.018] [OK] [EXEC] FIFO CLOSE qty=0.003090 entry=80732.88 exit=80733.68 pnl=+0.002472
[19:32:34.019] [INFO] [EXEC] STREAM_PNL stream_id=4 pnl=+0.002472
[19:32:34.020] [INFO] [EXEC] STREAM_RECYCLED level_id=4
[19:32:34.021] [INFO] [EXEC] STREAM_RECYCLED stream_id=4
[19:32:34.022] [WARNING] [HEALTH] block spread_too_young lifetime=0
[19:32:34.023] [WARNING] [HEALTH] unstable_spread lifetime=0
[19:32:34.023] [INFO] [EXEC] STREAM_GUARD_SIMPLE_PASS
[19:32:34.024] [INFO] [EXEC] STREAM_MODE_ACTIVE_SKIP_SINGLE_ENTRY
[19:32:34.284] [INFO] [EXEC] STREAM_BUY_PLACED level_id=1 order_id=386896459
[19:32:34.291] [OK] [EXEC] PLACE BUY price=80733.18 qty=0.003090
[19:32:34.558] [INFO] [EXEC] STREAM_BUY_PLACED level_id=2 order_id=386896472
[19:32:34.562] [OK] [EXEC] PLACE BUY price=80733.08 qty=0.003090
[19:32:34.823] [INFO] [EXEC] STREAM_BUY_PLACED level_id=3 order_id=386896487
[19:32:34.826] [OK] [EXEC] PLACE BUY price=80732.98 qty=0.003090
[19:32:38.173] [INFO] [HEALTH] state=GOOD
[19:32:38.174] [INFO] [EXEC] STREAM_GUARD_SIMPLE_PASS
[19:32:38.177] [INFO] [EXEC] STREAM_MODE_ACTIVE_SKIP_SINGLE_ENTRY
[19:32:38.436] [INFO] [EXEC] STREAM_BUY_PLACED level_id=4 order_id=386896644
[19:32:38.440] [OK] [EXEC] PLACE BUY price=80732.88 qty=0.003090
[19:32:38.713] [INFO] [EXEC] STREAM_BUY_PLACED level_id=8 order_id=386896692
[19:32:38.717] [OK] [EXEC] PLACE BUY price=80732.48 qty=0.003090
[19:32:38.991] [INFO] [EXEC] STREAM_BUY_PLACED level_id=9 order_id=386896719
[19:32:38.993] [OK] [EXEC] PLACE BUY price=80732.38 qty=0.003090
[19:32:39.792] [INFO] [EXEC] STREAM_BUY_FILLED level_id=1
[19:32:39.797] [OK] [EXEC] CHUNK ADD qty=0.003090 entry=80733.18
[19:32:39.798] [INFO] [EXEC] CHUNK COUNT n=1
[19:32:39.800] [INFO] [EXEC] STREAM_TARGET_USED ticks=80 sell_price=80733.98
[19:32:40.068] [INFO] [EXEC] STREAM_SELL_PLACED stream_id=1 chunk_id=2452339112512 order_id=386896754 price=80733.98 qty=0.003090
[19:32:40.808] [INFO] [EXEC] STREAM_BUY_FILLED level_id=2
[19:32:40.812] [OK] [EXEC] CHUNK ADD qty=0.003090 entry=80733.08
[19:32:40.816] [INFO] [EXEC] CHUNK COUNT n=2
[19:32:40.818] [INFO] [EXEC] STREAM_TARGET_USED ticks=80 sell_price=80733.88
[19:32:41.078] [INFO] [EXEC] STREAM_SELL_PLACED stream_id=2 chunk_id=2452339102720 order_id=386896771 price=80733.88 qty=0.003090
[19:32:41.340] [INFO] [EXEC] STREAM_BUY_FILLED level_id=3
[19:32:41.343] [OK] [EXEC] CHUNK ADD qty=0.003090 entry=80732.98
[19:32:41.344] [INFO] [EXEC] CHUNK COUNT n=3
[19:32:41.347] [INFO] [EXEC] STREAM_TARGET_USED ticks=80 sell_price=80733.78
[19:32:41.609] [INFO] [EXEC] STREAM_SELL_PLACED stream_id=3 chunk_id=2452390251840 order_id=386896792 price=80733.78 qty=0.003090
[19:32:42.356] [INFO] [EXEC] STREAM_BUY_FILLED level_id=4
[19:32:42.360] [OK] [EXEC] CHUNK ADD qty=0.003090 entry=80732.88
[19:32:42.362] [INFO] [EXEC] CHUNK COUNT n=4
[19:32:42.363] [INFO] [EXEC] STREAM_TARGET_USED ticks=80 sell_price=80733.68
[19:32:42.630] [INFO] [EXEC] STREAM_SELL_PLACED stream_id=4 chunk_id=2452390257936 order_id=386896885 price=80733.68 qty=0.003090
[19:32:42.900] [INFO] [EXEC] STREAM_BUY_FILLED level_id=5
[19:32:42.902] [OK] [EXEC] CHUNK ADD qty=0.003090 entry=80732.78
[19:32:42.904] [INFO] [EXEC] CHUNK COUNT n=5
[19:32:42.905] [INFO] [EXEC] STREAM_TARGET_USED ticks=80 sell_price=80733.58
[19:32:43.170] [INFO] [EXEC] STREAM_SELL_PLACED stream_id=5 chunk_id=2452339107232 order_id=386896917 price=80733.58 qty=0.003090
[19:32:43.440] [INFO] [EXEC] STREAM_BUY_FILLED level_id=6
[19:32:43.443] [OK] [EXEC] CHUNK ADD qty=0.003090 entry=80732.68
[19:32:43.444] [INFO] [EXEC] CHUNK COUNT n=6
[19:32:43.446] [INFO] [EXEC] STREAM_TARGET_USED ticks=80 sell_price=80733.48
[19:32:43.705] [INFO] [EXEC] STREAM_SELL_PLACED stream_id=6 chunk_id=2452390256064 order_id=386896937 price=80733.48 qty=0.003090
[19:32:43.979] [INFO] [EXEC] STREAM_BUY_FILLED level_id=7
[19:32:43.980] [OK] [EXEC] CHUNK ADD qty=0.003090 entry=80732.58
[19:32:43.981] [INFO] [EXEC] CHUNK COUNT n=7
[19:32:43.982] [INFO] [EXEC] STREAM_TARGET_USED ticks=80 sell_price=80733.38
[19:32:44.244] [INFO] [EXEC] STREAM_SELL_PLACED stream_id=7 chunk_id=2452339106992 order_id=386896994 price=80733.38 qty=0.003090
[19:32:45.035] [INFO] [EXEC] STREAM_SELL_STATUS stream_id=1 chunk_id=2452339112512 order_id=386896754 status=FILLED
[19:32:45.036] [INFO] [EXEC] STREAM_SELL_FILLED stream_id=1 chunk_id=2452339112512 order_id=386896754
[19:32:45.037] [OK] [EXEC] FIFO CLOSE qty=0.003090 entry=80733.18 exit=80733.98 pnl=+0.002472
[19:32:45.038] [INFO] [EXEC] STREAM_PNL stream_id=1 pnl=+0.002472
[19:32:45.039] [INFO] [EXEC] STREAM_RECYCLED level_id=1
[19:32:45.040] [INFO] [EXEC] STREAM_RECYCLED stream_id=1
[19:32:45.315] [INFO] [EXEC] STREAM_SELL_STATUS stream_id=2 chunk_id=2452339102720 order_id=386896771 status=FILLED
[19:32:45.320] [INFO] [EXEC] STREAM_SELL_FILLED stream_id=2 chunk_id=2452339102720 order_id=386896771
[19:32:45.321] [OK] [EXEC] FIFO CLOSE qty=0.003090 entry=80733.08 exit=80733.88 pnl=+0.002472
[19:32:45.323] [INFO] [EXEC] STREAM_PNL stream_id=2 pnl=+0.002472
[19:32:45.325] [INFO] [EXEC] STREAM_RECYCLED level_id=2
[19:32:45.327] [INFO] [EXEC] STREAM_RECYCLED stream_id=2
[19:32:45.586] [INFO] [EXEC] STREAM_SELL_STATUS stream_id=3 chunk_id=2452390251840 order_id=386896792 status=FILLED
[19:32:45.590] [INFO] [EXEC] STREAM_SELL_FILLED stream_id=3 chunk_id=2452390251840 order_id=386896792
[19:32:45.592] [OK] [EXEC] FIFO CLOSE qty=0.003090 entry=80732.98 exit=80733.78 pnl=+0.002472
[19:32:45.593] [INFO] [EXEC] STREAM_PNL stream_id=3 pnl=+0.002472
[19:32:45.595] [INFO] [EXEC] STREAM_RECYCLED level_id=3
[19:32:45.596] [INFO] [EXEC] STREAM_RECYCLED stream_id=3
[19:32:45.855] [INFO] [EXEC] STREAM_SELL_STATUS stream_id=4 chunk_id=2452390257936 order_id=386896885 status=FILLED
[19:32:45.859] [INFO] [EXEC] STREAM_SELL_FILLED stream_id=4 chunk_id=2452390257936 order_id=386896885
[19:32:45.861] [OK] [EXEC] FIFO CLOSE qty=0.003090 entry=80732.88 exit=80733.68 pnl=+0.002472
[19:32:45.863] [INFO] [EXEC] STREAM_PNL stream_id=4 pnl=+0.002472
[19:32:45.864] [INFO] [EXEC] STREAM_RECYCLED level_id=4
[19:32:45.867] [INFO] [EXEC] STREAM_RECYCLED stream_id=4
[19:32:46.139] [INFO] [EXEC] STREAM_SELL_STATUS stream_id=5 chunk_id=2452339107232 order_id=386896917 status=FILLED
[19:32:46.143] [INFO] [EXEC] STREAM_SELL_FILLED stream_id=5 chunk_id=2452339107232 order_id=386896917
[19:32:46.144] [OK] [EXEC] FIFO CLOSE qty=0.003090 entry=80732.78 exit=80733.58 pnl=+0.002472
[19:32:46.145] [INFO] [EXEC] STREAM_PNL stream_id=5 pnl=+0.002472
[19:32:46.146] [INFO] [EXEC] STREAM_RECYCLED level_id=5
[19:32:46.147] [INFO] [EXEC] STREAM_RECYCLED stream_id=5
[19:32:46.409] [INFO] [EXEC] STREAM_SELL_STATUS stream_id=6 chunk_id=2452390256064 order_id=386896937 status=FILLED
[19:32:46.414] [INFO] [EXEC] STREAM_SELL_FILLED stream_id=6 chunk_id=2452390256064 order_id=386896937
[19:32:46.415] [OK] [EXEC] FIFO CLOSE qty=0.003090 entry=80732.68 exit=80733.48 pnl=+0.002472
[19:32:46.417] [INFO] [EXEC] STREAM_PNL stream_id=6 pnl=+0.002472
[19:32:46.420] [INFO] [EXEC] STREAM_RECYCLED level_id=6
[19:32:46.423] [INFO] [EXEC] STREAM_RECYCLED stream_id=6
[19:32:46.683] [INFO] [EXEC] STREAM_SELL_STATUS stream_id=7 chunk_id=2452339106992 order_id=386896994 status=FILLED
[19:32:46.686] [INFO] [EXEC] STREAM_SELL_FILLED stream_id=7 chunk_id=2452339106992 order_id=386896994
[19:32:46.688] [OK] [EXEC] FIFO CLOSE qty=0.003090 entry=80732.58 exit=80733.38 pnl=+0.002472
[19:32:46.690] [INFO] [EXEC] STREAM_PNL stream_id=7 pnl=+0.002472
[19:32:46.691] [INFO] [EXEC] STREAM_RECYCLED level_id=7
[19:32:46.692] [INFO] [EXEC] STREAM_RECYCLED stream_id=7
[19:32:46.693] [INFO] [EXEC] STREAM_GUARD_SIMPLE_PASS
[19:32:46.963] [INFO] [EXEC] STREAM_BUY_PLACED level_id=1 order_id=386897308
[19:32:46.965] [OK] [EXEC] PLACE BUY price=80733.18 qty=0.003090
[19:32:47.228] [INFO] [EXEC] STREAM_BUY_PLACED level_id=2 order_id=386897309
[19:32:47.232] [OK] [EXEC] PLACE BUY price=80733.08 qty=0.003090
[19:32:47.492] [INFO] [EXEC] STREAM_BUY_PLACED level_id=3 order_id=386897310
[19:32:47.496] [OK] [EXEC] PLACE BUY price=80732.98 qty=0.003090
[19:32:47.592] [INFO] [SETTINGS] exported path=C:/Users/Art/Desktop/UB/settings_exportййй.json
[19:32:49.722] [INFO] [HEALTH] state=DANGER
[19:32:49.723] [INFO] [EXEC] STREAM_GUARD_SIMPLE_PASS
[19:32:49.726] [INFO] [EXEC] STREAM_MODE_ACTIVE_SKIP_SINGLE_ENTRY
[19:32:49.993] [INFO] [EXEC] STREAM_BUY_PLACED level_id=4 order_id=386897353
[19:32:49.995] [OK] [EXEC] PLACE BUY price=80732.88 qty=0.003090
[19:32:50.258] [INFO] [EXEC] STREAM_BUY_PLACED level_id=5 order_id=386897354
[19:32:50.263] [OK] [EXEC] PLACE BUY price=80732.78 qty=0.003090
[19:32:50.528] [INFO] [EXEC] STREAM_BUY_PLACED level_id=6 order_id=386897369
[19:32:50.533] [OK] [EXEC] PLACE BUY price=80732.68 qty=0.003090
[19:32:53.821] [WARNING] [HEALTH] block spread_too_young lifetime=0
[19:32:53.823] [WARNING] [HEALTH] unstable_spread lifetime=0
[19:32:53.824] [INFO] [EXEC] STREAM_GUARD_SIMPLE_PASS
[19:32:54.086] [INFO] [EXEC] STREAM_BUY_PLACED level_id=7 order_id=386897593
[19:32:54.089] [OK] [EXEC] PLACE BUY price=80732.58 qty=0.003090
[19:32:54.353] [INFO] [EXEC] STREAM_BUY_PLACED level_id=10 order_id=386897607
[19:32:54.357] [OK] [EXEC] PLACE BUY price=80732.28 qty=0.003090
[19:32:54.679] [INFO] [EXEC] STREAM_BUY_PLACED level_id=11 order_id=386897611
[19:32:54.683] [OK] [EXEC] PLACE BUY price=80732.18 qty=0.003090
[19:32:59.128] [INFO] [EXEC] STREAM_GUARD_SIMPLE_PASS
[19:32:59.132] [INFO] [EXEC] STREAM_MODE_ACTIVE_SKIP_SINGLE_ENTRY
[19:32:59.397] [INFO] [EXEC] STREAM_BUY_PLACED level_id=12 order_id=386897892
[19:32:59.401] [OK] [EXEC] PLACE BUY price=80732.08 qty=0.003090
[19:32:59.662] [INFO] [EXEC] STREAM_BUY_PLACED level_id=13 order_id=386897901
[19:32:59.667] [OK] [EXEC] PLACE BUY price=80731.98 qty=0.003090
[19:32:59.937] [INFO] [EXEC] STREAM_BUY_PLACED level_id=14 order_id=386897905
[19:32:59.941] [OK] [EXEC] PLACE BUY price=80731.88 qty=0.003090
[19:33:04.440] [INFO] [HEALTH] state=DANGER
[19:33:04.441] [INFO] [EXEC] STREAM_GUARD_SIMPLE_PASS
[19:33:04.445] [INFO] [EXEC] STREAM_MODE_ACTIVE_SKIP_SINGLE_ENTRY
[19:33:04.714] [INFO] [EXEC] STREAM_BUY_PLACED level_id=15 order_id=386898160
[19:33:04.721] [OK] [EXEC] PLACE BUY price=80731.78 qty=0.003090
[19:33:04.993] [INFO] [EXEC] STREAM_BUY_PLACED level_id=16 order_id=386898187
[19:33:04.995] [OK] [EXEC] PLACE BUY price=80731.68 qty=0.003090
[19:33:05.287] [INFO] [EXEC] STREAM_BUY_PLACED level_id=17 order_id=386898216
[19:33:05.291] [OK] [EXEC] PLACE BUY price=80731.58 qty=0.003090
[19:33:05.598] [INFO] START_CLICK received enabled=True api_ready=True running=True
[19:33:05.874] [WARNING] cancel all requested
[19:33:21.450] [INFO] [EXEC] SELL ACCOUNTING RESET reconcile_stop
[19:33:21.455] [INFO] [EXEC] RECONCILE_FLAT reason=inventory_empty_safe_qty_zero
[19:33:21.459] [WARNING] STOP
[19:33:21.798] [INFO] [EXEC] STREAM_STATS_UI cycles=39 wins=39 losses=0 pnl=+0.096408 winrate=100.00%
