[16:43:33.327] [OK] filters loaded
[16:43:35.137] [OK] [PLAN] HOT entry=81604.01 exit=81613.08 profit=1.111438 age=744ms
[16:43:37.207] [OK] [PLAN] HOT entry=81616.89 exit=81624.00 profit=0.871117 age=297ms
[16:43:39.396] [OK] [PLAN] HOT entry=81623.32 exit=81627.99 profit=0.572122 age=439ms
[16:43:40.981] [OK] [PLAN] READY entry=81617.09 exit=81621.58 profit=0.550115 age=2025ms
[16:43:43.396] [EXCHANGE] symbol=BTCU base=BTC quote=U status=TRADING permissions=[]
[16:43:43.398] [OK] START
[16:43:44.156] [INFO] [EXEC] LIVE ON
[16:43:44.159] [INFO] [EXEC] WAIT READY
[16:43:44.707] [OK] [EXEC] BUY ORDER SENT orderId=382898344 price=81613.84 qty=0.122520
[16:43:44.710] [OK] [EXEC] PLACE BUY price=81613.84 qty=0.122520
[16:43:44.713] [OK] [PLAN] HOT entry=81613.84 exit=81624.00 profit=1.244803 age=5200ms
[16:43:44.714] [WS] primary url=wss://stream.binance.com:9443/ws/btcu@bookTicker
[16:43:44.715] [WS] connecting primary
[16:43:44.715] [WS] connected
[16:43:44.715] [WS] LIVE bid=81621.19 ask=81626.00
[16:43:44.996] [OK] [PLAN] READY entry=81623.88 exit=81628.00 profit=0.504741 age=5770ms
[16:43:45.809] [OK] [PLAN] HOT entry=81620.42 exit=81628.00 profit=0.928626 age=6564ms
[16:43:49.829] [WARNING] [EXEC] BUY TIMEOUT orderId=382898344
[16:43:49.831] [WARNING] [EXEC] CANCEL BUY orderId=382898344
[16:43:50.097] [OK] [EXEC] BUY CANCELED confirmed
[16:43:50.363] [INFO] [EXEC] BUY FINAL STATUS status=CANCELED orderId=382898344
[16:43:50.365] [WARNING] [EXEC] BLOCK reason=buy_not_filled
[16:43:50.370] [WS] LIVE bid=81619.16 ask=81624.54
[16:43:51.370] [OK] [EXEC] BUY ORDER SENT orderId=382898639 price=81620.00 qty=0.122510
[16:43:51.372] [OK] [EXEC] PLACE BUY price=81620.00 qty=0.122510
[16:43:55.034] [WS] LIVE bid=81624.62 ask=81630.00
[16:43:56.411] [WARNING] [EXEC] BUY TIMEOUT orderId=382898639
[16:43:56.414] [WARNING] [EXEC] CANCEL BUY orderId=382898639
[16:43:56.691] [OK] [EXEC] BUY CANCELED confirmed
[16:43:56.958] [INFO] [EXEC] BUY FINAL STATUS status=CANCELED orderId=382898639
[16:43:56.961] [WARNING] [EXEC] BLOCK reason=buy_not_filled
[16:43:59.824] [WS] LIVE bid=81615.08 ask=81620.61
[16:44:00.309] [OK] [EXEC] BUY ORDER SENT orderId=382899098 price=81612.60 qty=0.122530
[16:44:00.313] [OK] [EXEC] PLACE BUY price=81612.60 qty=0.122530
[16:44:01.362] [OK] [SYNC] order filled detected
[16:44:01.365] [OK] [SYNC] BUY filled on exchange
[16:44:02.255] [OK] [EXEC] PLACE SELL price=81617.53 qty=0.122530
[16:44:02.577] [OK] [EXEC] SELL ORDER SENT orderId=382899228
[16:44:04.085] [OK] [EXEC] SELL PARTIAL delta=0.122530
[16:44:04.088] [OK] [EXEC] INVENTORY remaining=0.000000
[16:44:04.090] [OK] [EXEC] SELL FILLED id=382899228
[16:44:04.091] [OK] [EXEC] SELL FILLED qty=0.122530 remaining=0.000000
[16:44:04.092] [OK] [EXEC] REALIZED pnl=+0.000000
[16:44:05.364] [WS] LIVE bid=81612.24 ask=81617.09
[16:44:06.888] [OK] [EXEC] BUY ORDER SENT orderId=382899485 price=81602.00 qty=0.122540
[16:44:06.891] [OK] [EXEC] PLACE BUY price=81602.00 qty=0.122540
[16:44:08.150] [OK] [SYNC] order filled detected
[16:44:08.152] [OK] [SYNC] BUY filled on exchange
[16:44:08.174] [OK] [EXEC] PLACE SELL price=81605.69 qty=0.122540
[16:44:08.476] [OK] [EXEC] SELL ORDER SENT orderId=382899583
[16:44:09.983] [WS] LIVE bid=81580.01 ask=81593.27
[16:44:10.047] [INFO] [EXEC] RECOVERY WAIT hard_sl_pending_recovery
[16:44:11.872] [WARNING] [EXEC] SELL TIMEOUT orderId=382899583
[16:44:11.876] [WARNING] [EXEC] CANCEL SELL orderId=382899583
[16:44:12.443] [INFO] [EXEC] SELL FINAL STATUS status=CANCELED orderId=382899583
[16:44:12.446] [INFO] [EXEC] SELL TIMEOUT check fast_exit
[16:44:12.448] [WARNING] [EXEC] FORCE EXIT hard_sl_triggered
[16:44:12.451] [ERROR] [EXEC] HARD SL triggered
[16:44:12.454] [WARNING] [EXEC] PANIC EXIT sl_mode
[16:44:12.456] [WARNING] [EXEC] FORCE EXIT price=81586.96
[16:44:12.459] [OK] [EXEC] PLACE SELL price=81586.96 qty=0.122540
[16:44:12.728] [WARNING] [EXEC] PANIC START price=81586.96
[16:44:12.732] [OK] [EXEC] SELL ORDER SENT orderId=382900005
[16:44:12.737] [OK] [PLAN] READY entry=81582.00 exit=81585.96 profit=0.485377 age=1557ms
[16:44:14.907] [WARNING] [EXEC] PANIC WAIT still_open orderId=382900005
[16:44:14.911] [WARNING] [EXEC] PANIC HOLD active orderId=382900005
[16:44:14.915] [OK] [PLAN] HOT entry=81572.01 exit=81580.77 profit=1.073888 age=4597ms
[16:44:15.420] [WS] LIVE bid=81573.86 ask=81579.00
[16:44:16.324] [WARNING] [EXEC] PANIC HOLD active orderId=382900005
[16:44:19.173] [WARNING] [EXEC] PANIC WAIT still_open orderId=382900005
[16:44:19.177] [WARNING] [EXEC] PANIC HOLD active orderId=382900005
[16:44:20.777] [OK] [SYNC] order filled detected
[16:44:20.780] [OK] [SYNC] SELL filled on exchange
[16:44:20.781] [OK] [EXEC] REALIZED pnl=+0.000000
[16:44:20.787] [WS] LIVE bid=81562.00 ask=81578.36
[16:44:23.077] [OK] [EXEC] BUY ORDER SENT orderId=382900873 price=81574.43 qty=0.122580
[16:44:23.082] [OK] [EXEC] PLACE BUY price=81574.43 qty=0.122580
[16:44:24.456] [OK] [EXEC] CHUNK ADD qty=0.122580 entry=81574.43
[16:44:24.460] [INFO] [EXEC] CHUNK COUNT n=1
[16:44:24.461] [OK] [EXEC] BUY PARTIAL delta=0.122580 total=0.122580
[16:44:24.462] [OK] [EXEC] BUY REMAINING qty=0.000000
[16:44:24.463] [OK] [EXEC] INVENTORY qty=0.122580
[16:44:24.464] [OK] [EXEC] BUY FILLED id=382900873
[16:44:24.467] [OK] [PLAN] HOT entry=81572.01 exit=81583.99 profit=1.468628 age=1387ms
[16:44:25.030] [OK] [SYNC] order filled detected
[16:44:25.033] [OK] [SYNC] BUY filled on exchange
[16:44:25.059] [OK] [EXEC] PLACE SELL price=81583.99 qty=0.122580
[16:44:25.349] [OK] [EXEC] SELL ORDER SENT orderId=382901089
[16:44:26.413] [WS] LIVE bid=81578.00 ask=81585.99
[16:44:26.608] [INFO] [EXEC] RECOVERY WAIT hard_sl_pending_recovery
[16:44:28.446] [WARNING] [EXEC] SELL TIMEOUT orderId=382901089
[16:44:28.449] [WARNING] [EXEC] CANCEL SELL orderId=382901089
[16:44:29.011] [INFO] [EXEC] SELL FINAL STATUS status=CANCELED orderId=382901089
[16:44:29.015] [INFO] [EXEC] SELL TIMEOUT check fast_exit
[16:44:29.018] [WARNING] [EXEC] FORCE EXIT hard_sl_triggered
[16:44:29.020] [ERROR] [EXEC] HARD SL triggered
[16:44:29.023] [WARNING] [EXEC] PANIC EXIT sl_mode
[16:44:29.025] [WARNING] [EXEC] FORCE EXIT price=81556.01
[16:44:29.026] [OK] [EXEC] PLACE SELL price=81556.01 qty=0.122580
[16:44:29.288] [WARNING] [EXEC] PANIC START price=81556.01
[16:44:29.293] [OK] [EXEC] SELL ORDER SENT orderId=382901542
[16:44:29.296] [OK] [PLAN] READY entry=81550.78 exit=81555.01 profit=0.518683 age=5362ms
[16:44:30.356] [WS] LIVE bid=81538.01 ask=81546.47
[16:44:32.816] [WARNING] [EXEC] PANIC WAIT still_open orderId=382901542
[16:44:32.819] [WARNING] [EXEC] PANIC HOLD active orderId=382901542
[16:44:35.436] [OK] [SYNC] order filled detected
[16:44:35.438] [OK] [SYNC] SELL filled on exchange
[16:44:35.439] [OK] [EXEC] FIFO CLOSE qty=0.122580 entry=81574.43 exit=81556.01 pnl=-2.257924
[16:44:35.441] [INFO] [EXEC] CHUNK CLOSED entry=81574.43
[16:44:35.442] [OK] [EXEC] REALIZED pnl=-2.257924
[16:44:35.446] [WS] LIVE bid=81547.56 ask=81553.25
[16:44:35.935] [OK] [EXEC] BUY ORDER SENT orderId=382902046 price=81554.58 qty=0.122610
[16:44:35.939] [OK] [EXEC] PLACE BUY price=81554.58 qty=0.122610
[16:44:35.944] [OK] [PLAN] HOT entry=81554.58 exit=81559.99 profit=0.663320 age=1553ms
[16:44:39.522] [OK] [PLAN] READY entry=81558.19 exit=81561.35 profit=0.387448 age=5136ms
[16:44:41.402] [WARNING] [EXEC] BUY TIMEOUT orderId=382902046
[16:44:41.406] [WARNING] [EXEC] CANCEL BUY orderId=382902046
[16:44:41.671] [OK] [EXEC] BUY CANCELED confirmed
[16:44:41.939] [INFO] [EXEC] BUY FINAL STATUS status=CANCELED orderId=382902046
[16:44:41.942] [WARNING] [EXEC] BLOCK reason=buy_not_filled
[16:44:42.224] [WS] LIVE bid=81555.62 ask=81572.77
[16:44:43.449] [OK] [EXEC] BUY ORDER SENT orderId=382902734 price=81572.01 qty=0.122590
[16:44:43.453] [OK] [EXEC] PLACE BUY price=81572.01 qty=0.122590
[16:44:44.489] [OK] [SYNC] order filled detected
[16:44:44.491] [OK] [SYNC] BUY filled on exchange
[16:44:44.734] [OK] [EXEC] PLACE SELL price=81583.08 qty=0.122590
[16:44:45.003] [OK] [EXEC] SELL ORDER SENT orderId=382902908
[16:44:45.005] [OK] [PLAN] READY entry=81578.85 exit=81583.08 profit=0.518513 age=1568ms
[16:44:46.023] [OK] [SYNC] order filled detected
[16:44:46.025] [OK] [SYNC] SELL filled on exchange
[16:44:46.025] [OK] [EXEC] REALIZED pnl=+0.000000
[16:44:46.030] [WS] LIVE bid=81576.76 ask=81585.07
[16:44:46.562] [OK] [EXEC] BUY ORDER SENT orderId=382902998 price=81576.32 qty=0.122580
[16:44:46.565] [OK] [EXEC] PLACE BUY price=81576.32 qty=0.122580
[16:44:48.595] [OK] [EXEC] CHUNK ADD qty=0.122580 entry=81576.32
[16:44:48.598] [INFO] [EXEC] CHUNK COUNT n=1
[16:44:48.601] [OK] [EXEC] BUY PARTIAL delta=0.122580 total=0.122580
[16:44:48.604] [OK] [EXEC] BUY REMAINING qty=0.000000
[16:44:48.606] [OK] [EXEC] INVENTORY qty=0.122580
[16:44:48.607] [OK] [EXEC] BUY FILLED id=382902998
[16:44:48.610] [OK] [PLAN] HOT entry=81572.01 exit=81583.99 profit=1.468628 age=5164ms
[16:44:49.137] [OK] [SYNC] order filled detected
[16:44:49.139] [OK] [SYNC] BUY filled on exchange
[16:44:50.018] [OK] [EXEC] PLACE SELL price=81576.36 qty=0.122580
[16:44:50.304] [OK] [EXEC] SELL ORDER SENT orderId=382903303
[16:44:50.314] [WS] LIVE bid=81562.01 ask=81571.59
[16:44:50.828] [INFO] [EXEC] RECOVERY WAIT hard_sl_pending_recovery
[16:44:51.102] [OK] [PLAN] READY entry=81564.01 exit=81567.69 profit=0.451168 age=7663ms
[16:44:52.673] [INFO] [EXEC] RECOVERY WAIT hard_sl_pending_recovery
[16:44:54.066] [WARNING] [EXEC] SELL TIMEOUT orderId=382903303
[16:44:54.069] [WARNING] [EXEC] CANCEL SELL orderId=382903303
[16:44:54.606] [INFO] [EXEC] SELL FINAL STATUS status=CANCELED orderId=382903303
[16:44:54.610] [INFO] [EXEC] SELL TIMEOUT check fast_exit
[16:44:54.613] [WARNING] [EXEC] FORCE EXIT hard_sl_triggered
[16:44:54.616] [ERROR] [EXEC] HARD SL triggered
[16:44:54.619] [WARNING] [EXEC] PANIC EXIT sl_mode
[16:44:54.621] [WARNING] [EXEC] FORCE EXIT price=81566.15
[16:44:54.624] [OK] [EXEC] PLACE SELL price=81566.15 qty=0.122580
[16:44:54.916] [WARNING] [EXEC] PANIC START price=81566.15
[16:44:54.920] [OK] [EXEC] SELL ORDER SENT orderId=382903605
[16:44:55.977] [OK] [SYNC] order filled detected
[16:44:55.980] [OK] [SYNC] SELL filled on exchange
[16:44:55.981] [OK] [EXEC] FIFO CLOSE qty=0.122580 entry=81576.32 exit=81566.15 pnl=-1.246639
[16:44:55.983] [INFO] [EXEC] CHUNK CLOSED entry=81576.32
[16:44:55.986] [OK] [EXEC] REALIZED pnl=-1.246639
[16:44:55.989] [WS] LIVE bid=81562.01 ask=81576.74
[16:44:58.192] [OK] [EXEC] BUY ORDER SENT orderId=382903826 price=81556.65 qty=0.122610
[16:44:58.195] [OK] [EXEC] PLACE BUY price=81556.65 qty=0.122610
[16:44:58.749] [OK] [SYNC] order filled detected
[16:44:58.751] [OK] [SYNC] BUY filled on exchange
[16:44:58.789] [OK] [EXEC] PLACE SELL price=81559.87 qty=0.122610
[16:44:59.085] [OK] [EXEC] SELL ORDER SENT orderId=382903898
[16:44:59.090] [OK] [PLAN] READY entry=81556.01 exit=81559.87 profit=0.473275 age=879ms
[16:45:00.308] [WS] LIVE bid=81546.00 ask=81554.00
[16:45:01.166] [OK] [EXEC] SELL PARTIAL delta=0.000070
[16:45:01.169] [OK] [EXEC] INVENTORY remaining=0.000000
[16:45:01.172] [WARNING] [EXEC] PANIC PARTIAL filled=0.000070 remaining=0.000000
[16:45:03.126] [OK] [EXEC] SELL PARTIAL delta=0.122540
[16:45:03.129] [OK] [EXEC] INVENTORY remaining=0.000000
[16:45:03.132] [OK] [EXEC] SELL FILLED id=382903898
[16:45:03.135] [OK] [EXEC] SELL FILLED qty=0.122610 remaining=0.000000
[16:45:03.138] [OK] [EXEC] REALIZED pnl=+0.000000
[16:45:03.140] [OK] [EXEC] PANIC FILLED
[16:45:03.142] [INFO] [EXEC] PANIC RESET
[16:45:04.369] [OK] [EXEC] BUY ORDER SENT orderId=382904334 price=81554.82 qty=0.122610
[16:45:04.372] [OK] [EXEC] PLACE BUY price=81554.82 qty=0.122610
[16:45:04.700] [OK] [EXEC] CHUNK ADD qty=0.122610 entry=81554.82
[16:45:04.703] [INFO] [EXEC] CHUNK COUNT n=1
[16:45:04.705] [OK] [EXEC] BUY PARTIAL delta=0.122610 total=0.122610
[16:45:04.707] [OK] [EXEC] BUY REMAINING qty=0.000000
[16:45:04.708] [OK] [EXEC] INVENTORY qty=0.122610
[16:45:04.709] [OK] [EXEC] BUY FILLED id=382904334
[16:45:04.711] [OK] [PLAN] READY entry=81556.83 exit=81560.00 profit=0.388674 age=326ms
[16:45:05.808] [OK] [SYNC] order filled detected
[16:45:05.811] [OK] [SYNC] BUY filled on exchange
[16:45:05.816] [WS] LIVE bid=81548.47 ask=81562.00
[16:45:05.979] [OK] [EXEC] PLACE SELL price=81565.46 qty=0.122610
[16:45:06.254] [OK] [EXEC] SELL ORDER SENT orderId=382904519
[16:45:07.611] [OK] [SYNC] order filled detected
[16:45:07.615] [OK] [SYNC] SELL filled on exchange
[16:45:07.615] [OK] [EXEC] FIFO CLOSE qty=0.122610 entry=81554.82 exit=81565.46 pnl=+1.304570
[16:45:07.618] [INFO] [EXEC] CHUNK CLOSED entry=81554.82
[16:45:07.619] [OK] [EXEC] REALIZED pnl=+1.304570
[16:45:08.126] [OK] [EXEC] BUY ORDER SENT orderId=382904626 price=81558.51 qty=0.122610
[16:45:08.131] [OK] [EXEC] PLACE BUY price=81558.51 qty=0.122610
[16:45:09.912] [OK] [PLAN] READY entry=81580.60 exit=81584.00 profit=0.416738 age=1570ms
[16:45:10.955] [WS] LIVE bid=81576.87 ask=81583.66
[16:45:11.330] [WARNING] cancel all requested
[16:45:12.148] [WARNING] [SYNC] desync fixed
[16:45:12.151] [WARNING] STOP
[16:45:13.208] [WS] stale/lost
