[17:27:00.475] [OK] filters loaded
[17:27:03.414] [EXCHANGE] symbol=BTCU base=BTC quote=U status=TRADING permissions=[]
[17:27:03.414] [OK] START
[17:27:03.414] [INFO] [EXEC] LIVE ON
[17:27:03.414] [INFO] [EXEC] WAIT READY
[17:27:04.215] [WS] primary url=wss://stream.binance.com:9443/ws/btcu@bookTicker
[17:27:04.216] [WS] connecting primary
[17:27:04.504] [WS] connected
[17:27:04.584] [WS] LIVE bid=81594.68 ask=81600.44
[17:27:10.522] [WS] LIVE bid=81595.96 ask=81601.99
[17:27:13.138] [INFO] [EXEC] SELL ACCOUNTING RESET new_cycle
[17:27:13.153] [OK] [EXEC] BUY ORDER SENT orderId=383053692 price=81595.04 qty=0.122550
[17:27:13.169] [OK] [EXEC] PLACE BUY price=81595.04 qty=0.122550
[17:27:14.209] [OK] [SYNC] order filled detected
[17:27:14.209] [OK] [SYNC] BUY filled on exchange
[17:27:14.209] [OK] [EXEC] BUY FILL UPDATE delta=0.122550 avg=81595.04
[17:27:14.225] [OK] [EXEC] CHUNK ADD qty=0.122550 entry=81595.04
[17:27:14.225] [INFO] [EXEC] CHUNK COUNT n=1
[17:27:14.225] [OK] [EXEC] INVENTORY qty=0.122550
[17:27:14.225] [OK] [EXEC] SELL REQUIRED inventory=0.122550
[17:27:14.491] [INFO] [EXEC] SELL CHECK inventory=0.122550 reported=0.000000 remaining=0.122550 chunks=1
[17:27:14.491] [OK] [EXEC] PLACE SELL price=81595.08 qty=0.122550
[17:27:14.771] [OK] [EXEC] SELL ORDER SENT orderId=383053793
[17:27:15.943] [WS] LIVE bid=81584.01 ask=81589.97
[17:27:16.553] [INFO] [EXEC] RECOVERY WAIT hard_sl_pending_recovery
[17:27:18.240] [WARNING] [EXEC] SELL TIMEOUT orderId=383053793
[17:27:18.240] [WARNING] [EXEC] CANCEL SELL orderId=383053793
[17:27:18.803] [INFO] [EXEC] SELL FINAL STATUS status=CANCELED orderId=383053793
[17:27:18.803] [INFO] [EXEC] SELL TIMEOUT check fast_exit
[17:27:18.818] [WARNING] [EXEC] FORCE EXIT hard_sl_triggered
[17:27:18.818] [ERROR] [EXEC] HARD SL triggered
[17:27:18.818] [WARNING] [EXEC] PANIC EXIT sl_mode
[17:27:18.818] [WARNING] [EXEC] FORCE EXIT price=81584.82
[17:27:18.818] [OK] [EXEC] PLACE SELL price=81584.82 qty=0.122550
[17:27:19.092] [WARNING] [EXEC] PANIC START price=81584.82
[17:27:19.096] [OK] [EXEC] SELL ORDER SENT orderId=383054002
[17:27:20.006] [WS] LIVE bid=81578.01 ask=81584.24
[17:27:20.411] [OK] [EXEC] FIFO CLOSE qty=0.122550 entry=81595.04 exit=81584.82 pnl=-1.252365
[17:27:20.415] [INFO] [EXEC] CHUNK CLOSED entry=81595.04
[17:27:20.417] [OK] [EXEC] REALIZED pnl=-1.252365
[17:27:20.418] [INFO] [EXEC] SELL ACCOUNTING RESET flat
[17:27:20.419] [OK] [EXEC] CYCLE CLOSED pnl=-1.252365
[17:27:20.420] [INFO] [EXEC] SESSION realized=-1.252365 wins=0 losses=1
[17:27:20.423] [INFO] [EXEC] SELL ACCOUNTING RESET flat
[17:27:20.425] [INFO] [EXEC] CYCLE SKIP no_fifo_pnl
[17:27:20.426] [OK] [EXEC] SELL FILLED id=383054002
[17:27:20.427] [OK] [EXEC] SELL FILLED qty=0.122550 remaining=0.000000
[17:27:20.427] [OK] [EXEC] PANIC FILLED
[17:27:20.428] [INFO] [EXEC] PANIC RESET
[17:27:20.429] [INFO] [EXEC] SELL ACCOUNTING RESET flat
[17:27:20.430] [INFO] [EXEC] CYCLE SKIP no_fifo_pnl
[17:27:20.432] [OK] [PLAN] HOT entry=81580.01 exit=81584.76 profit=0.582207 age=2170ms
[17:27:26.585] [WS] LIVE bid=81580.60 ask=81586.00
[17:27:27.022] [INFO] [EXEC] SELL ACCOUNTING RESET new_cycle
[17:27:27.022] [OK] [EXEC] BUY ORDER SENT orderId=383054248 price=81580.01 qty=0.122570
[17:27:27.022] [OK] [EXEC] PLACE BUY price=81580.01 qty=0.122570
[17:27:28.160] [OK] [SYNC] order filled detected
[17:27:28.162] [OK] [SYNC] BUY filled on exchange
[17:27:28.162] [OK] [EXEC] BUY FILL UPDATE delta=0.122570 avg=81580.01
[17:27:28.162] [OK] [EXEC] CHUNK ADD qty=0.122570 entry=81580.01
[17:27:28.162] [INFO] [EXEC] CHUNK COUNT n=1
[17:27:28.162] [OK] [EXEC] INVENTORY qty=0.122570
[17:27:28.162] [OK] [EXEC] SELL REQUIRED inventory=0.122570
[17:27:28.788] [INFO] [EXEC] SELL CHECK inventory=0.122570 reported=0.000000 remaining=0.122570 chunks=1
[17:27:28.805] [OK] [EXEC] PLACE SELL price=81580.05 qty=0.122570
[17:27:29.073] [OK] [EXEC] SELL ORDER SENT orderId=383054448
[17:27:30.617] [INFO] [EXEC] RECOVERY WAIT hard_sl_pending_recovery
[17:27:31.550] [WS] LIVE bid=81570.01 ask=81577.31
[17:27:31.787] [INFO] [EXEC] RECOVERY WAIT hard_sl_pending_recovery
[17:27:32.054] [WARNING] [EXEC] SELL TIMEOUT orderId=383054448
[17:27:32.057] [WARNING] [EXEC] CANCEL SELL orderId=383054448
[17:27:32.586] [INFO] [EXEC] SELL FINAL STATUS status=CANCELED orderId=383054448
[17:27:32.586] [INFO] [EXEC] SELL TIMEOUT check fast_exit
[17:27:32.586] [WARNING] [EXEC] FORCE EXIT hard_sl_triggered
[17:27:32.586] [ERROR] [EXEC] HARD SL triggered
[17:27:32.586] [WARNING] [EXEC] PANIC EXIT sl_mode
[17:27:32.586] [WARNING] [EXEC] FORCE EXIT price=81576.30
[17:27:32.601] [OK] [EXEC] PLACE SELL price=81576.30 qty=0.122570
[17:27:32.881] [WARNING] [EXEC] PANIC START price=81576.30
[17:27:32.881] [OK] [EXEC] SELL ORDER SENT orderId=383054665
[17:27:32.881] [OK] [PLAN] READY entry=81572.00 exit=81575.30 profit=0.404547 age=1170ms
[17:27:33.924] [OK] [SYNC] order filled detected
[17:27:33.931] [OK] [SYNC] SELL filled on exchange
[17:27:33.932] [OK] [EXEC] FIFO CLOSE qty=0.122570 entry=81580.01 exit=81576.30 pnl=-0.454735
[17:27:33.932] [INFO] [EXEC] CHUNK CLOSED entry=81580.01
[17:27:33.932] [OK] [EXEC] REALIZED pnl=-0.454735
[17:27:33.932] [INFO] [EXEC] SELL ACCOUNTING RESET flat
[17:27:33.937] [OK] [EXEC] CYCLE CLOSED pnl=-0.454735
[17:27:33.938] [INFO] [EXEC] SESSION realized=-1.707099 wins=0 losses=2
[17:27:37.572] [INFO] [EXEC] SELL ACCOUNTING RESET new_cycle
[17:27:37.576] [OK] [EXEC] BUY ORDER SENT orderId=383054805 price=81572.91 qty=0.122580
[17:27:37.577] [OK] [EXEC] PLACE BUY price=81572.91 qty=0.122580
[17:27:37.580] [WS] LIVE bid=81572.82 ask=81577.99
[17:27:37.990] [OK] [PLAN] READY entry=81576.37 exit=81580.79 profit=0.541804 age=423ms
[17:27:41.460] [WARNING] [EXEC] BUY TIMEOUT orderId=383054805
[17:27:41.477] [WARNING] [EXEC] CANCEL BUY orderId=383054805
[17:27:41.740] [OK] [EXEC] BUY CANCELED confirmed
[17:27:42.005] [INFO] [EXEC] BUY FINAL STATUS status=CANCELED orderId=383054805
[17:27:42.021] [WARNING] [EXEC] BLOCK reason=buy_not_filled
[17:27:42.802] [WS] LIVE bid=81572.92 ask=81581.22
[17:27:43.710] [INFO] [EXEC] SELL ACCOUNTING RESET new_cycle
[17:27:43.710] [OK] [EXEC] BUY ORDER SENT orderId=383055016 price=81572.01 qty=0.122590
[17:27:43.710] [OK] [EXEC] PLACE BUY price=81572.01 qty=0.122590
[17:27:46.132] [OK] [PLAN] HOT entry=81574.02 exit=81584.00 profit=1.223348 age=8568ms
[17:27:47.303] [WS] LIVE bid=81572.02 ask=81578.42
[17:27:48.272] [WARNING] [EXEC] BUY TIMEOUT orderId=383055016
[17:27:48.272] [WARNING] [EXEC] CANCEL BUY orderId=383055016
[17:27:48.569] [OK] [EXEC] BUY CANCELED confirmed
[17:27:48.854] [INFO] [EXEC] BUY FINAL STATUS status=CANCELED orderId=383055016
[17:27:48.859] [WARNING] [EXEC] BLOCK reason=buy_not_filled
[17:27:49.891] [INFO] [EXEC] SELL ACCOUNTING RESET new_cycle
[17:27:49.891] [OK] [EXEC] BUY ORDER SENT orderId=383055089 price=81572.01 qty=0.122590
[17:27:49.907] [OK] [EXEC] PLACE BUY price=81572.01 qty=0.122590
[17:27:52.819] [WS] LIVE bid=81572.02 ask=81577.84
[17:27:53.906] [OK] [EXEC] BUY FILL UPDATE delta=0.122590 avg=81572.01
[17:27:53.906] [OK] [EXEC] CHUNK ADD qty=0.122590 entry=81572.01
[17:27:53.906] [INFO] [EXEC] CHUNK COUNT n=1
[17:27:53.906] [OK] [EXEC] INVENTORY qty=0.122590
[17:27:53.921] [OK] [EXEC] SELL REQUIRED inventory=0.122590
[17:27:53.921] [OK] [EXEC] BUY PARTIAL delta=0.122590 total=0.122590
[17:27:53.921] [OK] [EXEC] BUY REMAINING qty=0.000000
[17:27:53.921] [OK] [EXEC] BUY FILLED id=383055089
[17:27:54.631] [OK] [SYNC] order filled detected
[17:27:54.631] [OK] [SYNC] BUY filled on exchange
[17:27:54.647] [INFO] [EXEC] SELL CHECK inventory=0.122590 reported=0.000000 remaining=0.122590 chunks=1
[17:27:54.647] [OK] [EXEC] PLACE SELL price=81572.16 qty=0.122590
[17:27:54.936] [OK] [EXEC] SELL ORDER SENT orderId=383055216
[17:27:54.943] [OK] [PLAN] READY entry=81568.23 exit=81572.16 profit=0.481779 age=1063ms
[17:27:55.641] [OK] [SYNC] order filled detected
[17:27:55.642] [OK] [SYNC] SELL filled on exchange
[17:27:55.643] [OK] [EXEC] FIFO CLOSE qty=0.122590 entry=81572.01 exit=81572.16 pnl=+0.018389
[17:27:55.645] [INFO] [EXEC] CHUNK CLOSED entry=81572.01
[17:27:55.647] [OK] [EXEC] REALIZED pnl=+0.018389
[17:27:55.649] [INFO] [EXEC] SELL ACCOUNTING RESET flat
[17:27:55.652] [OK] [EXEC] CYCLE CLOSED pnl=+0.018389
[17:27:55.654] [INFO] [EXEC] SESSION realized=-1.688711 wins=1 losses=2
[17:27:57.509] [WS] LIVE bid=81568.06 ask=81574.15
[17:27:58.679] [INFO] [EXEC] SELL ACCOUNTING RESET new_cycle
[17:27:58.679] [OK] [EXEC] BUY ORDER SENT orderId=383055398 price=81566.83 qty=0.122590
[17:27:58.679] [OK] [EXEC] PLACE BUY price=81566.83 qty=0.122590
[17:28:02.725] [WARNING] [EXEC] BUY TIMEOUT orderId=383055398
[17:28:02.730] [WARNING] [EXEC] CANCEL BUY orderId=383055398
[17:28:03.698] [OK] [EXEC] BUY CANCELED confirmed
[17:28:04.200] [INFO] [EXEC] BUY FINAL STATUS status=CANCELED orderId=383055398
[17:28:04.200] [WARNING] [EXEC] BLOCK reason=buy_not_filled
[17:28:04.881] [WS] LIVE bid=81577.43 ask=81585.99
[17:28:05.271] [INFO] [EXEC] SELL ACCOUNTING RESET new_cycle
[17:28:05.271] [OK] [EXEC] BUY ORDER SENT orderId=383055688 price=81580.98 qty=0.122570
[17:28:05.271] [OK] [EXEC] PLACE BUY price=81580.98 qty=0.122570
[17:28:06.788] [OK] [PLAN] HOT entry=81582.99 exit=81587.51 profit=0.554016 age=1558ms
[17:28:07.859] [WS] LIVE bid=81581.46 ask=81590.08
[17:28:11.476] [WARNING] [EXEC] BUY TIMEOUT orderId=383055688
[17:28:11.476] [WARNING] [EXEC] CANCEL BUY orderId=383055688
[17:28:11.749] [OK] [EXEC] BUY CANCELED confirmed
[17:28:12.006] [INFO] [EXEC] BUY FINAL STATUS status=CANCELED orderId=383055688
[17:28:12.006] [WARNING] [EXEC] BLOCK reason=buy_not_filled
[17:28:13.045] [WS] LIVE bid=81579.76 ask=81587.92
[17:28:15.257] [INFO] [EXEC] SELL ACCOUNTING RESET new_cycle
[17:28:15.273] [OK] [EXEC] BUY ORDER SENT orderId=383055955 price=81576.05 qty=0.122580
[17:28:15.273] [OK] [EXEC] PLACE BUY price=81576.05 qty=0.122580
[17:28:16.819] [OK] [SYNC] order filled detected
[17:28:16.835] [OK] [SYNC] BUY filled on exchange
[17:28:16.835] [OK] [EXEC] BUY FILL UPDATE delta=0.122580 avg=81576.05
[17:28:16.835] [OK] [EXEC] CHUNK ADD qty=0.122580 entry=81576.05
[17:28:16.835] [INFO] [EXEC] CHUNK COUNT n=1
[17:28:16.841] [OK] [EXEC] INVENTORY qty=0.122580
[17:28:16.842] [OK] [EXEC] SELL REQUIRED inventory=0.122580
[17:28:16.886] [INFO] [EXEC] SELL CHECK inventory=0.122580 reported=0.000000 remaining=0.122580 chunks=1
[17:28:16.890] [OK] [EXEC] PLACE SELL price=81579.45 qty=0.122580
[17:28:17.162] [OK] [EXEC] SELL ORDER SENT orderId=383056060
[17:28:17.162] [OK] [PLAN] READY entry=81575.34 exit=81579.45 profit=0.503804 age=1878ms
[17:28:18.427] [WS] LIVE bid=81573.34 ask=81579.45
[17:28:18.460] [INFO] [EXEC] RECOVERY WAIT hard_sl_pending_recovery
[17:28:22.179] [OK] [EXEC] FIFO CLOSE qty=0.122580 entry=81576.05 exit=81579.45 pnl=+0.416772
[17:28:22.179] [INFO] [EXEC] CHUNK CLOSED entry=81576.05
[17:28:22.179] [OK] [EXEC] REALIZED pnl=+0.416772
[17:28:22.179] [INFO] [EXEC] SELL ACCOUNTING RESET flat
[17:28:22.195] [OK] [EXEC] CYCLE CLOSED pnl=+0.416772
[17:28:22.195] [INFO] [EXEC] SESSION realized=-1.271939 wins=2 losses=2
[17:28:22.195] [INFO] [EXEC] SELL ACCOUNTING RESET flat
[17:28:22.195] [INFO] [EXEC] CYCLE SKIP no_fifo_pnl
[17:28:22.195] [OK] [EXEC] SELL FILLED id=383056060
[17:28:22.195] [OK] [EXEC] SELL FILLED qty=0.122580 remaining=0.000000
[17:28:22.195] [INFO] [EXEC] SELL ACCOUNTING RESET flat
[17:28:22.195] [INFO] [EXEC] CYCLE SKIP no_fifo_pnl
[17:28:23.538] [WS] LIVE bid=81570.01 ask=81584.01
[17:28:25.076] [INFO] [EXEC] SELL ACCOUNTING RESET new_cycle
[17:28:25.079] [OK] [EXEC] BUY ORDER SENT orderId=383056357 price=81577.21 qty=0.122580
[17:28:25.082] [OK] [EXEC] PLACE BUY price=81577.21 qty=0.122580
[17:28:25.085] [OK] [PLAN] READY entry=81577.21 exit=81581.08 profit=0.474385 age=2807ms
[17:28:25.975] [OK] [EXEC] BUY FILL UPDATE delta=0.122580 avg=81577.21
[17:28:25.978] [OK] [EXEC] CHUNK ADD qty=0.122580 entry=81577.21
[17:28:25.979] [INFO] [EXEC] CHUNK COUNT n=1
[17:28:25.981] [OK] [EXEC] INVENTORY qty=0.122580
[17:28:25.982] [OK] [EXEC] SELL REQUIRED inventory=0.122580
[17:28:25.983] [OK] [EXEC] BUY PARTIAL delta=0.122580 total=0.122580
[17:28:25.984] [OK] [EXEC] BUY REMAINING qty=0.000000
[17:28:25.985] [OK] [EXEC] BUY FILLED id=383056357
[17:28:26.538] [OK] [SYNC] order filled detected
[17:28:26.538] [OK] [SYNC] BUY filled on exchange
[17:28:26.663] [INFO] [EXEC] SELL CHECK inventory=0.122580 reported=0.000000 remaining=0.122580 chunks=1
[17:28:26.663] [OK] [EXEC] PLACE SELL price=81577.25 qty=0.122580
[17:28:26.935] [OK] [EXEC] SELL ORDER SENT orderId=383056478
[17:28:28.429] [WS] LIVE bid=81568.80 ask=81575.42
[17:28:28.538] [INFO] [EXEC] RECOVERY WAIT hard_sl_pending_recovery
[17:28:28.822] [OK] [PLAN] READY entry=81570.27 exit=81573.41 profit=0.384933 age=1875ms
[17:28:30.682] [INFO] [EXEC] RECOVERY WAIT hard_sl_pending_recovery
[17:28:30.960] [OK] [EXEC] FIFO CLOSE qty=0.122580 entry=81577.21 exit=81577.25 pnl=+0.004903
[17:28:30.967] [INFO] [EXEC] CHUNK CLOSED entry=81577.21
[17:28:30.967] [OK] [EXEC] REALIZED pnl=+0.004903
[17:28:30.967] [INFO] [EXEC] SELL ACCOUNTING RESET flat
[17:28:30.971] [OK] [EXEC] CYCLE CLOSED pnl=+0.004903
[17:28:30.972] [INFO] [EXEC] SESSION realized=-1.267036 wins=3 losses=2
[17:28:30.972] [INFO] [EXEC] SELL ACCOUNTING RESET flat
[17:28:30.972] [INFO] [EXEC] CYCLE SKIP no_fifo_pnl
[17:28:30.972] [OK] [EXEC] SELL FILLED id=383056478
[17:28:30.972] [OK] [EXEC] SELL FILLED qty=0.122580 remaining=0.000000
[17:28:30.972] [INFO] [EXEC] SELL ACCOUNTING RESET flat
[17:28:30.972] [INFO] [EXEC] CYCLE SKIP no_fifo_pnl
[17:28:32.663] [INFO] [EXEC] SELL ACCOUNTING RESET new_cycle
[17:28:32.663] [OK] [EXEC] BUY ORDER SENT orderId=383056726 price=81572.01 qty=0.122590
[17:28:32.663] [OK] [EXEC] PLACE BUY price=81572.01 qty=0.122590
[17:28:33.522] [OK] [PLAN] READY entry=81574.02 exit=81577.15 profit=0.383675 age=860ms
[17:28:34.585] [WS] LIVE bid=81572.02 ask=81578.00
[17:28:35.449] [OK] [PLAN] HOT entry=81583.37 exit=81587.99 profit=0.566273 age=2781ms
[17:28:37.506] [WARNING] [EXEC] BUY TIMEOUT orderId=383056726
[17:28:37.521] [WARNING] [EXEC] CANCEL BUY orderId=383056726
[17:28:37.793] [OK] [EXEC] BUY CANCELED confirmed
[17:28:38.061] [INFO] [EXEC] BUY FINAL STATUS status=CANCELED orderId=383056726
[17:28:38.063] [WARNING] [EXEC] BLOCK reason=buy_not_filled
[17:28:38.070] [OK] [PLAN] READY entry=81583.77 exit=81587.39 profit=0.443703 age=4844ms
[17:28:39.022] [INFO] [EXEC] SELL ACCOUNTING RESET new_cycle
[17:28:39.022] [OK] [EXEC] BUY ORDER SENT orderId=383056962 price=81583.36 qty=0.122570
[17:28:39.022] [OK] [EXEC] PLACE BUY price=81583.36 qty=0.122570
[17:28:39.848] [WS] LIVE bid=81582.15 ask=81589.48
[17:28:40.429] [OK] [EXEC] BUY FILL UPDATE delta=0.122570 avg=81583.36
[17:28:40.429] [OK] [EXEC] CHUNK ADD qty=0.122570 entry=81583.36
[17:28:40.429] [INFO] [EXEC] CHUNK COUNT n=1
[17:28:40.429] [OK] [EXEC] INVENTORY qty=0.122570
[17:28:40.429] [OK] [EXEC] SELL REQUIRED inventory=0.122570
[17:28:40.429] [OK] [EXEC] BUY PARTIAL delta=0.122570 total=0.122570
[17:28:40.429] [OK] [EXEC] BUY REMAINING qty=0.000000
[17:28:40.429] [OK] [EXEC] BUY FILLED id=383056962
[17:28:41.475] [OK] [SYNC] order filled detected
[17:28:41.475] [OK] [SYNC] BUY filled on exchange
[17:28:42.194] [INFO] [EXEC] SELL CHECK inventory=0.122570 reported=0.000000 remaining=0.122570 chunks=1
[17:28:42.212] [OK] [EXEC] PLACE SELL price=81583.40 qty=0.122570
[17:28:42.490] [OK] [EXEC] SELL ORDER SENT orderId=383057150
[17:28:43.741] [INFO] [EXEC] RECOVERY WAIT hard_sl_pending_recovery
[17:28:45.004] [WS] LIVE bid=81574.21 ask=81583.39
[17:28:45.696] [INFO] [EXEC] RECOVERY WAIT hard_sl_pending_recovery
[17:28:46.085] [OK] [EXEC] FIFO CLOSE qty=0.122570 entry=81583.36 exit=81583.40 pnl=+0.004903
[17:28:46.085] [INFO] [EXEC] CHUNK CLOSED entry=81583.36
[17:28:46.085] [OK] [EXEC] REALIZED pnl=+0.004903
[17:28:46.085] [INFO] [EXEC] SELL ACCOUNTING RESET flat
[17:28:46.085] [OK] [EXEC] CYCLE CLOSED pnl=+0.004903
[17:28:46.085] [INFO] [EXEC] SESSION realized=-1.262133 wins=4 losses=2
[17:28:46.085] [INFO] [EXEC] SELL ACCOUNTING RESET flat
[17:28:46.100] [INFO] [EXEC] CYCLE SKIP no_fifo_pnl
[17:28:46.100] [OK] [EXEC] SELL FILLED id=383057150
[17:28:46.100] [OK] [EXEC] SELL FILLED qty=0.122570 remaining=0.000000
[17:28:46.100] [INFO] [EXEC] SELL ACCOUNTING RESET flat
[17:28:46.100] [INFO] [EXEC] CYCLE SKIP no_fifo_pnl
[17:28:46.100] [OK] [PLAN] HOT entry=81579.38 exit=81584.00 profit=0.566273 age=13315ms
[17:28:48.593] [WS] LIVE bid=81586.00 ask=81600.00
[17:28:48.956] [INFO] [EXEC] SELL ACCOUNTING RESET new_cycle
[17:28:48.957] [OK] [EXEC] BUY ORDER SENT orderId=383057451 price=81593.78 qty=0.122550
[17:28:48.964] [OK] [EXEC] PLACE BUY price=81593.78 qty=0.122550
[17:28:54.926] [WARNING] [EXEC] BUY TIMEOUT orderId=383057451
[17:28:54.930] [WARNING] [EXEC] CANCEL BUY orderId=383057451
[17:28:55.194] [OK] [EXEC] BUY CANCELED confirmed
[17:28:55.484] [INFO] [EXEC] BUY FINAL STATUS status=CANCELED orderId=383057451
[17:28:55.487] [WARNING] [EXEC] BLOCK reason=buy_not_filled
[17:28:55.490] [WS] LIVE bid=81594.75 ask=81601.94
[17:28:59.148] [INFO] [EXEC] SELL ACCOUNTING RESET new_cycle
[17:28:59.148] [OK] [EXEC] BUY ORDER SENT orderId=383057849 price=81592.83 qty=0.122550
[17:28:59.148] [OK] [EXEC] PLACE BUY price=81592.83 qty=0.122550
[17:28:59.789] [OK] [SYNC] order filled detected
[17:28:59.789] [OK] [SYNC] BUY filled on exchange
[17:28:59.789] [OK] [EXEC] BUY FILL UPDATE delta=0.122550 avg=81592.83
[17:28:59.789] [OK] [EXEC] CHUNK ADD qty=0.122550 entry=81592.83
[17:28:59.789] [INFO] [EXEC] CHUNK COUNT n=1
[17:28:59.789] [OK] [EXEC] INVENTORY qty=0.122550
[17:28:59.789] [OK] [EXEC] SELL REQUIRED inventory=0.122550
[17:29:00.073] [WS] LIVE bid=81591.24 ask=81598.21
[17:29:00.615] [INFO] [EXEC] SELL CHECK inventory=0.122550 reported=0.000000 remaining=0.122550 chunks=1
[17:29:00.615] [OK] [EXEC] PLACE SELL price=81597.08 qty=0.122550
[17:29:00.943] [OK] [EXEC] SELL ORDER SENT orderId=383057889
[17:29:00.949] [OK] [PLAN] READY entry=81593.38 exit=81597.08 profit=0.453435 age=1796ms
[17:29:02.195] [INFO] [EXEC] RECOVERY WAIT hard_sl_pending_recovery
[17:29:04.003] [OK] [SYNC] order filled detected
[17:29:04.005] [OK] [SYNC] SELL filled on exchange
[17:29:04.006] [OK] [EXEC] FIFO CLOSE qty=0.122550 entry=81592.83 exit=81597.08 pnl=+0.520837
[17:29:04.009] [INFO] [EXEC] CHUNK CLOSED entry=81592.83
[17:29:04.012] [OK] [EXEC] REALIZED pnl=+0.520837
[17:29:04.014] [INFO] [EXEC] SELL ACCOUNTING RESET flat
[17:29:04.015] [OK] [EXEC] CYCLE CLOSED pnl=+0.520837
[17:29:04.017] [INFO] [EXEC] SESSION realized=-0.741295 wins=5 losses=2
[17:29:04.298] [WS] LIVE bid=81602.81 ask=81608.46
[17:29:10.475] [INFO] [EXEC] SELL ACCOUNTING RESET new_cycle
[17:29:10.491] [OK] [EXEC] BUY ORDER SENT orderId=383058176 price=81608.74 qty=0.122530
[17:29:10.494] [OK] [EXEC] PLACE BUY price=81608.74 qty=0.122530
[17:29:10.897] [WS] LIVE bid=81606.74 ask=81614.54
[17:29:12.100] [OK] [SYNC] order filled detected
[17:29:12.100] [OK] [SYNC] BUY filled on exchange
[17:29:12.100] [OK] [EXEC] BUY FILL UPDATE delta=0.122530 avg=81608.74
[17:29:12.100] [OK] [EXEC] CHUNK ADD qty=0.122530 entry=81608.74
[17:29:12.100] [INFO] [EXEC] CHUNK COUNT n=1
[17:29:12.100] [OK] [EXEC] INVENTORY qty=0.122530
[17:29:12.100] [OK] [EXEC] SELL REQUIRED inventory=0.122530
[17:29:12.100] [INFO] [EXEC] SELL CHECK inventory=0.122530 reported=0.000000 remaining=0.122530 chunks=1
[17:29:12.100] [OK] [EXEC] PLACE SELL price=81612.53 qty=0.122530
[17:29:12.429] [OK] [EXEC] SELL ORDER SENT orderId=383058194
[17:29:12.429] [OK] [PLAN] READY entry=81608.85 exit=81612.53 profit=0.450910 age=2296ms
[17:29:12.962] [INFO] [EXEC] RECOVERY WAIT hard_sl_pending_recovery
[17:29:13.288] [OK] [PLAN] HOT entry=81598.25 exit=81604.80 profit=0.802702 age=3157ms
[17:29:14.194] [INFO] [EXEC] RECOVERY WAIT hard_sl_pending_recovery
[17:29:15.661] [WS] LIVE bid=81592.80 ask=81601.99
[17:29:15.757] [INFO] [EXEC] RECOVERY WAIT hard_sl_pending_recovery
[17:29:16.079] [WARNING] [EXEC] SELL TIMEOUT orderId=383058194
[17:29:16.083] [WARNING] [EXEC] CANCEL SELL orderId=383058194
[17:29:16.678] [INFO] [EXEC] SELL FINAL STATUS status=CANCELED orderId=383058194
[17:29:16.682] [INFO] [EXEC] SELL TIMEOUT check fast_exit
[17:29:16.683] [WARNING] [EXEC] FORCE EXIT hard_sl_triggered
[17:29:16.684] [ERROR] [EXEC] HARD SL triggered
[17:29:16.685] [WARNING] [EXEC] PANIC EXIT sl_mode
[17:29:16.686] [WARNING] [EXEC] FORCE EXIT price=81600.99
[17:29:16.688] [OK] [EXEC] PLACE SELL price=81600.99 qty=0.122530
[17:29:17.031] [WARNING] [EXEC] PANIC START price=81600.99
[17:29:17.035] [OK] [EXEC] SELL ORDER SENT orderId=383058432
[17:29:17.670] [OK] [SYNC] order filled detected
[17:29:17.672] [OK] [SYNC] SELL filled on exchange
[17:29:17.673] [OK] [EXEC] FIFO CLOSE qty=0.122530 entry=81608.74 exit=81600.99 pnl=-0.949607
[17:29:17.675] [INFO] [EXEC] CHUNK CLOSED entry=81608.74
[17:29:17.678] [OK] [EXEC] REALIZED pnl=-0.949607
[17:29:17.678] [INFO] [EXEC] SELL ACCOUNTING RESET flat
[17:29:17.678] [OK] [EXEC] CYCLE CLOSED pnl=-0.949607
[17:29:17.678] [INFO] [EXEC] SESSION realized=-1.690903 wins=5 losses=3
[17:29:18.559] [INFO] [EXEC] SELL ACCOUNTING RESET new_cycle
[17:29:18.563] [OK] [EXEC] BUY ORDER SENT orderId=383058472 price=81602.25 qty=0.122540
[17:29:18.565] [OK] [EXEC] PLACE BUY price=81602.25 qty=0.122540
[17:29:18.571] [OK] [PLAN] HOT entry=81602.25 exit=81606.77 profit=0.553881 age=2516ms
[17:29:19.709] [OK] [SYNC] order filled detected
[17:29:19.709] [OK] [SYNC] BUY filled on exchange
[17:29:19.709] [OK] [EXEC] BUY FILL UPDATE delta=0.122540 avg=81602.25
[17:29:19.709] [OK] [EXEC] CHUNK ADD qty=0.122540 entry=81602.25
[17:29:19.709] [INFO] [EXEC] CHUNK COUNT n=1
[17:29:19.709] [OK] [EXEC] INVENTORY qty=0.122540
[17:29:19.725] [OK] [EXEC] SELL REQUIRED inventory=0.122540
[17:29:20.537] [INFO] [EXEC] SELL CHECK inventory=0.122540 reported=0.000000 remaining=0.122540 chunks=1
[17:29:20.537] [OK] [EXEC] PLACE SELL price=81608.00 qty=0.122540
[17:29:20.850] [OK] [EXEC] SELL ORDER SENT orderId=383058576
[17:29:21.442] [OK] [SYNC] order filled detected
[17:29:21.444] [OK] [SYNC] SELL filled on exchange
[17:29:21.444] [OK] [EXEC] FIFO CLOSE qty=0.122540 entry=81602.25 exit=81608.00 pnl=+0.704605
[17:29:21.444] [INFO] [EXEC] CHUNK CLOSED entry=81602.25
[17:29:21.444] [OK] [EXEC] REALIZED pnl=+0.704605
[17:29:21.444] [INFO] [EXEC] SELL ACCOUNTING RESET flat
[17:29:21.444] [OK] [EXEC] CYCLE CLOSED pnl=+0.704605
[17:29:21.444] [INFO] [EXEC] SESSION realized=-0.986298 wins=6 losses=3
[17:29:21.444] [WS] LIVE bid=81606.59 ask=81608.00
[17:29:22.589] [INFO] [EXEC] SELL ACCOUNTING RESET new_cycle
[17:29:22.592] [OK] [EXEC] BUY ORDER SENT orderId=383058617 price=81608.59 qty=0.122530
[17:29:22.595] [OK] [EXEC] PLACE BUY price=81608.59 qty=0.122530
[17:29:23.522] [OK] [SYNC] order filled detected
[17:29:23.538] [OK] [SYNC] BUY filled on exchange
[17:29:23.538] [OK] [EXEC] BUY FILL UPDATE delta=0.122530 avg=81608.59
[17:29:23.538] [OK] [EXEC] CHUNK ADD qty=0.122530 entry=81608.59
[17:29:23.538] [INFO] [EXEC] CHUNK COUNT n=1
[17:29:23.538] [OK] [EXEC] INVENTORY qty=0.122530
[17:29:23.538] [OK] [EXEC] SELL REQUIRED inventory=0.122530
[17:29:23.538] [INFO] [EXEC] SELL CHECK inventory=0.122530 reported=0.000000 remaining=0.122530 chunks=1
[17:29:23.538] [OK] [EXEC] PLACE SELL price=81612.53 qty=0.122530
[17:29:23.820] [OK] [EXEC] SELL ORDER SENT orderId=383058657
[17:29:26.207] [WS] LIVE bid=81606.14 ask=81612.52
[17:29:26.725] [WARNING] [EXEC] PANIC WAIT still_open orderId=383058657
[17:29:26.742] [WARNING] [EXEC] PANIC HOLD active orderId=383058657
[17:29:29.791] [OK] [EXEC] FIFO CLOSE qty=0.122530 entry=81608.59 exit=81612.53 pnl=+0.482768
[17:29:29.795] [INFO] [EXEC] CHUNK CLOSED entry=81608.59
[17:29:29.796] [OK] [EXEC] REALIZED pnl=+0.482768
[17:29:29.797] [INFO] [EXEC] SELL ACCOUNTING RESET flat
[17:29:29.798] [OK] [EXEC] CYCLE CLOSED pnl=+0.482768
[17:29:29.799] [INFO] [EXEC] SESSION realized=-0.503530 wins=7 losses=3
[17:29:29.800] [INFO] [EXEC] SELL ACCOUNTING RESET flat
[17:29:29.801] [INFO] [EXEC] CYCLE SKIP no_fifo_pnl
[17:29:29.802] [OK] [EXEC] SELL FILLED id=383058657
[17:29:29.803] [OK] [EXEC] SELL FILLED qty=0.122530 remaining=0.000000
[17:29:29.803] [OK] [EXEC] PANIC FILLED
[17:29:29.803] [INFO] [EXEC] PANIC RESET
[17:29:29.803] [INFO] [EXEC] SELL ACCOUNTING RESET flat
[17:29:29.803] [INFO] [EXEC] CYCLE SKIP no_fifo_pnl
[17:29:32.178] [INFO] [EXEC] SELL ACCOUNTING RESET new_cycle
[17:29:32.178] [OK] [EXEC] BUY ORDER SENT orderId=383059051 price=81624.70 qty=0.122510
[17:29:32.178] [OK] [EXEC] PLACE BUY price=81624.70 qty=0.122510
[17:29:32.178] [WS] LIVE bid=81622.70 ask=81631.88
[17:29:32.681] [OK] [PLAN] READY entry=81626.72 exit=81630.79 profit=0.498575 age=970ms
[17:29:35.523] [OK] [EXEC] BUY FILL UPDATE delta=0.122510 avg=81624.70
[17:29:35.538] [OK] [EXEC] CHUNK ADD qty=0.122510 entry=81624.70
[17:29:35.538] [INFO] [EXEC] CHUNK COUNT n=1
[17:29:35.538] [OK] [EXEC] INVENTORY qty=0.122510
[17:29:35.538] [OK] [EXEC] SELL REQUIRED inventory=0.122510
[17:29:35.538] [OK] [EXEC] BUY PARTIAL delta=0.122510 total=0.122510
[17:29:35.538] [OK] [EXEC] BUY REMAINING qty=0.000000
[17:29:35.538] [OK] [EXEC] BUY FILLED id=383059051
[17:29:35.600] [INFO] [EXEC] SELL CHECK inventory=0.122510 reported=0.000000 remaining=0.122510 chunks=1
[17:29:35.600] [OK] [EXEC] PLACE SELL price=81624.86 qty=0.122510
[17:29:35.875] [OK] [EXEC] SELL ORDER SENT orderId=383059162
[17:29:36.892] [OK] [SYNC] order filled detected
[17:29:36.894] [OK] [SYNC] SELL filled on exchange
[17:29:36.895] [OK] [EXEC] FIFO CLOSE qty=0.122510 entry=81624.70 exit=81624.86 pnl=+0.019602
[17:29:36.896] [INFO] [EXEC] CHUNK CLOSED entry=81624.70
[17:29:36.899] [OK] [EXEC] REALIZED pnl=+0.019602
[17:29:36.901] [INFO] [EXEC] SELL ACCOUNTING RESET flat
[17:29:36.902] [OK] [EXEC] CYCLE CLOSED pnl=+0.019602
[17:29:36.903] [INFO] [EXEC] SESSION realized=-0.483928 wins=8 losses=3
[17:29:37.413] [WS] LIVE bid=81620.31 ask=81627.46
[17:29:38.465] [INFO] [EXEC] SELL ACCOUNTING RESET new_cycle
[17:29:38.469] [OK] [EXEC] BUY ORDER SENT orderId=383059250 price=81623.02 qty=0.122510
[17:29:38.471] [OK] [EXEC] PLACE BUY price=81623.02 qty=0.122510
[17:29:39.305] [OK] [PLAN] READY entry=81625.03 exit=81628.89 profit=0.472889 age=842ms
[17:29:40.663] [OK] [SYNC] order filled detected
[17:29:40.663] [OK] [SYNC] BUY filled on exchange
[17:29:40.663] [OK] [EXEC] BUY FILL UPDATE delta=0.122510 avg=81623.02
[17:29:40.663] [OK] [EXEC] CHUNK ADD qty=0.122510 entry=81623.02
[17:29:40.663] [INFO] [EXEC] CHUNK COUNT n=1
[17:29:40.663] [OK] [EXEC] INVENTORY qty=0.122510
[17:29:40.663] [OK] [EXEC] SELL REQUIRED inventory=0.122510
[17:29:41.184] [INFO] [EXEC] SELL CHECK inventory=0.122510 reported=0.000000 remaining=0.122510 chunks=1
[17:29:41.187] [OK] [EXEC] PLACE SELL price=81623.06 qty=0.122510
[17:29:41.444] [OK] [EXEC] SELL ORDER SENT orderId=383059457
[17:29:41.988] [WS] LIVE bid=81610.29 ask=81618.00
[17:29:42.615] [INFO] [EXEC] RECOVERY WAIT hard_sl_pending_recovery
[17:29:43.710] [OK] [EXEC] FIFO CLOSE qty=0.122510 entry=81623.02 exit=81623.06 pnl=+0.004900
[17:29:43.710] [INFO] [EXEC] CHUNK CLOSED entry=81623.02
[17:29:43.710] [OK] [EXEC] REALIZED pnl=+0.004900
[17:29:43.710] [INFO] [EXEC] SELL ACCOUNTING RESET flat
[17:29:43.710] [OK] [EXEC] CYCLE CLOSED pnl=+0.004900
[17:29:43.727] [INFO] [EXEC] SESSION realized=-0.479028 wins=9 losses=3
[17:29:43.730] [INFO] [EXEC] SELL ACCOUNTING RESET flat
[17:29:43.732] [INFO] [EXEC] CYCLE SKIP no_fifo_pnl
[17:29:43.734] [OK] [EXEC] SELL FILLED id=383059457
[17:29:43.736] [OK] [EXEC] SELL FILLED qty=0.122510 remaining=0.000000
[17:29:43.737] [INFO] [EXEC] SELL ACCOUNTING RESET flat
[17:29:43.738] [INFO] [EXEC] CYCLE SKIP no_fifo_pnl
[17:29:47.092] [WS] LIVE bid=81620.05 ask=81625.99
[17:29:47.459] [INFO] [EXEC] SELL ACCOUNTING RESET new_cycle
[17:29:47.459] [OK] [EXEC] BUY ORDER SENT orderId=383059724 price=81614.92 qty=0.122520
[17:29:47.459] [OK] [EXEC] PLACE BUY price=81614.92 qty=0.122520
[17:29:49.491] [OK] [PLAN] READY entry=81620.02 exit=81623.70 profit=0.450837 age=2018ms
[17:29:52.194] [WS] LIVE bid=81615.53 ask=81624.36
[17:29:52.985] [WARNING] [EXEC] BUY TIMEOUT orderId=383059724
[17:29:52.989] [WARNING] [EXEC] CANCEL BUY orderId=383059724
[17:29:53.255] [OK] [EXEC] BUY CANCELED confirmed
[17:29:53.538] [INFO] [EXEC] BUY FINAL STATUS status=CANCELED orderId=383059724
[17:29:53.538] [WARNING] [EXEC] BLOCK reason=buy_not_filled
[17:29:54.084] [INFO] [EXEC] SELL ACCOUNTING RESET new_cycle
[17:29:54.084] [OK] [EXEC] BUY ORDER SENT orderId=383059879 price=81619.38 qty=0.122510
[17:29:54.084] [OK] [EXEC] PLACE BUY price=81619.38 qty=0.122510
[17:29:54.084] [OK] [PLAN] HOT entry=81619.38 exit=81623.99 profit=0.564771 age=6626ms
[17:29:57.991] [WS] LIVE bid=81619.39 ask=81626.00
[17:29:58.487] [WARNING] [EXEC] BUY TIMEOUT orderId=383059879
[17:29:58.491] [WARNING] [EXEC] CANCEL BUY orderId=383059879
[17:29:58.741] [OK] [EXEC] BUY CANCELED confirmed
[17:29:59.024] [INFO] [EXEC] BUY FINAL STATUS status=CANCELED orderId=383059879
[17:29:59.027] [WARNING] [EXEC] BLOCK reason=buy_not_filled
[17:30:00.376] [INFO] [EXEC] SELL ACCOUNTING RESET new_cycle
[17:30:00.379] [OK] [EXEC] BUY ORDER SENT orderId=383060027 price=81620.01 qty=0.122510
[17:30:00.382] [OK] [EXEC] PLACE BUY price=81620.01 qty=0.122510
[17:30:01.977] [OK] [PLAN] READY entry=81625.87 exit=81629.49 profit=0.443486 age=1576ms
[17:30:03.224] [WS] LIVE bid=81623.21 ask=81630.77
[17:30:04.373] [WARNING] [EXEC] BUY TIMEOUT orderId=383060027
[17:30:04.373] [WARNING] [EXEC] CANCEL BUY orderId=383060027
[17:30:04.647] [OK] [EXEC] BUY CANCELED confirmed
[17:30:04.939] [INFO] [EXEC] BUY FINAL STATUS status=CANCELED orderId=383060027
[17:30:04.941] [WARNING] [EXEC] BLOCK reason=buy_not_filled
[17:30:08.502] [WS] LIVE bid=81623.04 ask=81629.53
[17:30:09.007] [INFO] [EXEC] SELL ACCOUNTING RESET new_cycle
[17:30:09.010] [OK] [EXEC] BUY ORDER SENT orderId=383060360 price=81624.42 qty=0.122510
[17:30:09.013] [OK] [EXEC] PLACE BUY price=81624.42 qty=0.122510
[17:30:10.089] [OK] [SYNC] order filled detected
[17:30:10.105] [OK] [SYNC] BUY filled on exchange
[17:30:10.106] [OK] [EXEC] BUY FILL UPDATE delta=0.122510 avg=81624.42
[17:30:10.108] [OK] [EXEC] CHUNK ADD qty=0.122510 entry=81624.42
[17:30:10.109] [INFO] [EXEC] CHUNK COUNT n=1
[17:30:10.110] [OK] [EXEC] INVENTORY qty=0.122510
[17:30:10.111] [OK] [EXEC] SELL REQUIRED inventory=0.122510
[17:30:10.506] [INFO] [EXEC] SELL CHECK inventory=0.122510 reported=0.000000 remaining=0.122510 chunks=1
[17:30:10.506] [OK] [EXEC] PLACE SELL price=81624.46 qty=0.122510
[17:30:10.788] [OK] [EXEC] SELL ORDER SENT orderId=383060475
[17:30:12.072] [INFO] [EXEC] RECOVERY WAIT hard_sl_pending_recovery
[17:30:13.490] [WS] LIVE bid=81614.10 ask=81621.32
[17:30:13.648] [INFO] [EXEC] RECOVERY WAIT hard_sl_pending_recovery
[17:30:13.940] [WARNING] [EXEC] SELL TIMEOUT orderId=383060475
[17:30:13.943] [WARNING] [EXEC] CANCEL SELL orderId=383060475
[17:30:14.474] [INFO] [EXEC] SELL FINAL STATUS status=CANCELED orderId=383060475
[17:30:14.475] [INFO] [EXEC] SELL TIMEOUT check fast_exit
[17:30:14.475] [WARNING] [EXEC] FORCE EXIT hard_sl_triggered
[17:30:14.475] [ERROR] [EXEC] HARD SL triggered
[17:30:14.475] [WARNING] [EXEC] PANIC EXIT sl_mode
[17:30:14.475] [WARNING] [EXEC] FORCE EXIT price=81621.11
[17:30:14.475] [OK] [EXEC] PLACE SELL price=81621.11 qty=0.122510
[17:30:14.756] [WARNING] [EXEC] PANIC START price=81621.11
[17:30:14.756] [OK] [EXEC] SELL ORDER SENT orderId=383060536
[17:30:14.756] [OK] [PLAN] READY entry=81616.57 exit=81620.11 profit=0.433721 age=1576ms
[17:30:15.849] [OK] [SYNC] order filled detected
[17:30:15.849] [OK] [SYNC] SELL filled on exchange
[17:30:15.854] [OK] [EXEC] FIFO CLOSE qty=0.122510 entry=81624.42 exit=81621.11 pnl=-0.405508
[17:30:15.855] [INFO] [EXEC] CHUNK CLOSED entry=81624.42
[17:30:15.855] [OK] [EXEC] REALIZED pnl=-0.405508
[17:30:15.860] [INFO] [EXEC] SELL ACCOUNTING RESET flat
[17:30:15.861] [OK] [EXEC] CYCLE CLOSED pnl=-0.405508
[17:30:15.861] [INFO] [EXEC] SESSION realized=-0.884536 wins=9 losses=4
[17:30:16.476] [INFO] [EXEC] SELL ACCOUNTING RESET new_cycle
[17:30:16.491] [OK] [EXEC] BUY ORDER SENT orderId=383060564 price=81620.01 qty=0.122510
[17:30:16.491] [OK] [EXEC] PLACE BUY price=81620.01 qty=0.122510
[17:30:17.425] [OK] [PLAN] HOT entry=81622.02 exit=81626.74 profit=0.578247 age=5059ms
[17:30:18.616] [WS] LIVE bid=81620.01 ask=81627.98
[17:30:18.990] [OK] [PLAN] READY entry=81622.02 exit=81625.98 profit=0.485140 age=6622ms
[17:30:21.893] [OK] [SYNC] order filled detected
[17:30:21.896] [OK] [SYNC] BUY filled on exchange
[17:30:21.897] [OK] [EXEC] BUY FILL UPDATE delta=0.122510 avg=81620.01
[17:30:21.898] [OK] [EXEC] CHUNK ADD qty=0.122510 entry=81620.01
[17:30:21.898] [INFO] [EXEC] CHUNK COUNT n=1
[17:30:21.898] [OK] [EXEC] INVENTORY qty=0.122510
[17:30:21.898] [OK] [EXEC] SELL REQUIRED inventory=0.122510
[17:30:21.898] [INFO] [EXEC] SELL CHECK inventory=0.122510 reported=0.000000 remaining=0.122510 chunks=1
[17:30:21.898] [OK] [EXEC] PLACE SELL price=81632.00 qty=0.122510
[17:30:22.178] [OK] [EXEC] SELL ORDER SENT orderId=383060868
[17:30:22.178] [OK] [PLAN] HOT entry=81627.47 exit=81632.00 profit=0.554925 age=9826ms
[17:30:23.665] [WS] LIVE bid=81617.37 ask=81626.00
[17:30:25.921] [WARNING] [EXEC] PANIC WAIT still_open orderId=383060868
[17:30:25.926] [WARNING] [EXEC] PANIC HOLD active orderId=383060868
[17:30:25.931] [OK] [PLAN] READY entry=81620.01 exit=81623.31 profit=0.404283 age=13575ms
[17:30:27.346] [WARNING] [EXEC] PANIC HOLD active orderId=383060868
[17:30:27.351] [OK] [PLAN] HOT entry=81623.86 exit=81628.78 profit=0.602749 age=14996ms
[17:30:29.122] [WARNING] [EXEC] PANIC WAIT still_open orderId=383060868
[17:30:29.126] [WARNING] [EXEC] PANIC HOLD active orderId=383060868
[17:30:29.129] [WS] LIVE bid=81622.19 ask=81630.09
[17:30:30.858] [WARNING] [EXEC] PANIC HOLD active orderId=383060868
[17:30:33.725] [WARNING] [EXEC] PANIC WAIT still_open orderId=383060868
[17:30:33.725] [WARNING] [EXEC] PANIC HOLD active orderId=383060868
[17:30:33.725] [OK] [PLAN] HOT entry=81614.91 exit=81621.71 profit=0.833136 age=2132ms
[17:30:34.290] [WS] LIVE bid=81612.91 ask=81619.37
[17:30:35.123] [WARNING] [EXEC] PANIC STALE detected orderId=383060868
[17:30:35.138] [WARNING] [EXEC] PANIC ESCALATE old=81621.11 new=81613.59 qty=0.122510
[17:30:35.963] [WARNING] [EXEC] PANIC ESCALATE placed orderId=383061384
[17:30:36.491] [OK] [SYNC] order filled detected
[17:30:36.494] [OK] [SYNC] SELL filled on exchange
[17:30:36.495] [OK] [EXEC] FIFO CLOSE qty=0.122510 entry=81620.01 exit=81614.07 pnl=-0.727726
[17:30:36.497] [INFO] [EXEC] CHUNK CLOSED entry=81620.01
[17:30:36.500] [OK] [EXEC] REALIZED pnl=-0.727726
[17:30:36.503] [INFO] [EXEC] SELL ACCOUNTING RESET flat
[17:30:36.505] [OK] [EXEC] CYCLE CLOSED pnl=-0.727726
[17:30:36.507] [INFO] [EXEC] SESSION realized=-1.612261 wins=9 losses=5
[17:30:36.921] [INFO] [EXEC] SELL ACCOUNTING RESET new_cycle
[17:30:36.921] [OK] [EXEC] BUY ORDER SENT orderId=383061453 price=81615.29 qty=0.122520
[17:30:36.921] [OK] [EXEC] PLACE BUY price=81615.29 qty=0.122520
[17:30:38.517] [OK] [PLAN] READY entry=81617.30 exit=81621.69 profit=0.537863 age=6937ms
[17:30:40.029] [WS] LIVE bid=81615.29 ask=81623.69
[17:30:40.365] [OK] [EXEC] BUY FILL UPDATE delta=0.122520 avg=81615.29
[17:30:40.365] [OK] [EXEC] CHUNK ADD qty=0.122520 entry=81615.29
[17:30:40.365] [INFO] [EXEC] CHUNK COUNT n=1
[17:30:40.365] [OK] [EXEC] INVENTORY qty=0.122520
[17:30:40.365] [OK] [EXEC] SELL REQUIRED inventory=0.122520
[17:30:40.365] [OK] [EXEC] BUY PARTIAL delta=0.122520 total=0.122520
[17:30:40.365] [OK] [EXEC] BUY REMAINING qty=0.000000
[17:30:40.381] [OK] [EXEC] BUY FILLED id=383061453
[17:30:40.381] [OK] [PLAN] HOT entry=81596.01 exit=81608.00 profit=1.469375 age=8803ms
[17:30:40.417] [INFO] [EXEC] SELL CHECK inventory=0.122520 reported=0.000000 remaining=0.122520 chunks=1
[17:30:40.417] [OK] [EXEC] PLACE SELL price=81615.33 qty=0.122520
[17:30:40.678] [OK] [EXEC] SELL ORDER SENT orderId=383061666
[17:30:43.257] [INFO] [EXEC] RECOVERY WAIT hard_sl_pending_recovery
[17:30:43.567] [WARNING] [EXEC] SELL TIMEOUT orderId=383061666
[17:30:43.569] [WARNING] [EXEC] CANCEL SELL orderId=383061666
[17:30:44.574] [INFO] [EXEC] SELL FINAL STATUS status=CANCELED orderId=383061666
[17:30:44.577] [INFO] [EXEC] SELL TIMEOUT check fast_exit
[17:30:44.580] [WARNING] [EXEC] FORCE EXIT hard_sl_triggered
[17:30:44.582] [ERROR] [EXEC] HARD SL triggered
[17:30:44.584] [WARNING] [EXEC] PANIC EXIT sl_mode
[17:30:44.586] [WARNING] [EXEC] FORCE EXIT price=81597.83
[17:30:44.587] [OK] [EXEC] PLACE SELL price=81597.83 qty=0.122520
[17:30:44.887] [WARNING] [EXEC] PANIC START price=81597.83
[17:30:44.887] [OK] [EXEC] SELL ORDER SENT orderId=383061813
[17:30:45.409] [WS] LIVE bid=81591.53 ask=81597.83
[17:30:48.257] [WARNING] [EXEC] PANIC WAIT still_open orderId=383061813
[17:30:48.257] [WARNING] [EXEC] PANIC HOLD active orderId=383061813
[17:30:49.177] [OK] [PLAN] READY entry=81580.21 exit=81583.75 profit=0.433898 age=17601ms
[17:30:50.491] [WS] LIVE bid=81579.10 ask=81586.00
[17:30:51.022] [WARNING] [EXEC] PANIC HOLD active orderId=383061813
[17:30:51.022] [OK] [PLAN] HOT entry=81577.07 exit=81582.45 profit=0.659480 age=19469ms
[17:30:52.615] [WARNING] [EXEC] PANIC WAIT still_open orderId=383061813
[17:30:52.618] [WARNING] [EXEC] PANIC HOLD active orderId=383061813
[17:30:55.225] [WS] LIVE bid=81575.34 ask=81584.85
[17:30:56.272] [WARNING] [EXEC] PANIC WAIT still_open orderId=383061813
[17:30:56.272] [WARNING] [EXEC] PANIC HOLD active orderId=383061813
[17:30:56.289] [OK] [PLAN] READY entry=81579.57 exit=81582.85 profit=0.402030 age=24673ms
[17:30:57.631] [WARNING] [EXEC] PANIC HOLD active orderId=383061813
[17:31:00.036] [WS] LIVE bid=81578.62 ask=81585.99
[17:31:01.397] [WARNING] [EXEC] PANIC WAIT still_open orderId=383061813
[17:31:01.397] [WARNING] [EXEC] PANIC HOLD active orderId=383061813
[17:31:01.397] [OK] [PLAN] HOT entry=81577.82 exit=81583.99 profit=0.756319 age=2308ms
[17:31:02.945] [WARNING] [EXEC] PANIC HOLD active orderId=383061813
[17:31:04.428] [WARNING] [EXEC] PANIC WAIT still_open orderId=383061813
[17:31:04.428] [WARNING] [EXEC] PANIC STALE detected orderId=383061813
[17:31:04.443] [WARNING] [EXEC] PANIC ESCALATE old=81597.83 new=81575.55 qty=0.122520
[17:31:05.260] [WARNING] [EXEC] PANIC ESCALATE placed orderId=383062786
[17:31:05.831] [WS] LIVE bid=81571.10 ask=81580.34
[17:31:06.163] [OK] [EXEC] FIFO CLOSE qty=0.122520 entry=81615.29 exit=81575.55 pnl=-4.868945
[17:31:06.179] [INFO] [EXEC] CHUNK CLOSED entry=81615.29
[17:31:06.181] [OK] [EXEC] REALIZED pnl=-4.868945
[17:31:06.183] [INFO] [EXEC] SELL ACCOUNTING RESET flat
[17:31:06.186] [OK] [EXEC] CYCLE CLOSED pnl=-4.868945
[17:31:06.188] [INFO] [EXEC] SESSION realized=-6.481206 wins=9 losses=6
[17:31:06.190] [INFO] [EXEC] SELL ACCOUNTING RESET flat
[17:31:06.192] [INFO] [EXEC] CYCLE SKIP no_fifo_pnl
[17:31:06.193] [OK] [EXEC] SELL FILLED id=383062786
[17:31:06.195] [OK] [EXEC] SELL FILLED qty=0.122520 remaining=0.000000
[17:31:06.196] [OK] [EXEC] PANIC FILLED
[17:31:06.198] [INFO] [EXEC] PANIC RESET
[17:31:06.199] [INFO] [EXEC] SELL ACCOUNTING RESET flat
[17:31:06.200] [INFO] [EXEC] CYCLE SKIP no_fifo_pnl
[17:31:07.428] [INFO] [EXEC] SELL ACCOUNTING RESET new_cycle
[17:31:07.428] [OK] [EXEC] BUY ORDER SENT orderId=383062829 price=81574.60 qty=0.122580
[17:31:07.428] [OK] [EXEC] PLACE BUY price=81574.60 qty=0.122580
[17:31:07.428] [OK] [PLAN] READY entry=81574.60 exit=81578.68 profit=0.500126 age=8369ms
[17:31:08.472] [OK] [SYNC] order filled detected
[17:31:08.475] [OK] [SYNC] BUY filled on exchange
[17:31:08.475] [OK] [EXEC] BUY FILL UPDATE delta=0.122580 avg=81574.60
[17:31:08.477] [OK] [EXEC] CHUNK ADD qty=0.122580 entry=81574.60
[17:31:08.478] [INFO] [EXEC] CHUNK COUNT n=1
[17:31:08.479] [OK] [EXEC] INVENTORY qty=0.122580
[17:31:08.481] [OK] [EXEC] SELL REQUIRED inventory=0.122580
[17:31:09.131] [INFO] [EXEC] SELL CHECK inventory=0.122580 reported=0.000000 remaining=0.122580 chunks=1
[17:31:09.147] [OK] [EXEC] PLACE SELL price=81574.64 qty=0.122580
[17:31:09.413] [OK] [EXEC] SELL ORDER SENT orderId=383062899
[17:31:10.772] [INFO] [EXEC] RECOVERY WAIT hard_sl_pending_recovery
[17:31:11.537] [WS] LIVE bid=81570.00 ask=81574.63
[17:31:11.568] [INFO] [EXEC] RECOVERY WAIT hard_sl_pending_recovery
[17:31:12.366] [OK] [SYNC] order filled detected
[17:31:12.366] [OK] [SYNC] SELL filled on exchange
[17:31:12.366] [OK] [EXEC] FIFO CLOSE qty=0.122580 entry=81574.60 exit=81574.64 pnl=+0.004903
[17:31:12.366] [INFO] [EXEC] CHUNK CLOSED entry=81574.60
[17:31:12.366] [OK] [EXEC] REALIZED pnl=+0.004903
[17:31:12.366] [INFO] [EXEC] SELL ACCOUNTING RESET flat
[17:31:12.366] [OK] [EXEC] CYCLE CLOSED pnl=+0.004903
[17:31:12.366] [INFO] [EXEC] SESSION realized=-6.476303 wins=10 losses=6
[17:31:14.366] [INFO] [EXEC] SELL ACCOUNTING RESET new_cycle
[17:31:14.371] [OK] [EXEC] BUY ORDER SENT orderId=383063041 price=81576.27 qty=0.122580
[17:31:14.373] [OK] [EXEC] PLACE BUY price=81576.27 qty=0.122580
[17:31:15.911] [OK] [PLAN] HOT entry=81578.28 exit=81583.99 profit=0.699932 age=1549ms
[17:31:17.422] [OK] [SYNC] order filled detected
[17:31:17.425] [OK] [SYNC] BUY filled on exchange
[17:31:17.426] [OK] [EXEC] BUY FILL UPDATE delta=0.122580 avg=81576.27
[17:31:17.428] [OK] [EXEC] CHUNK ADD qty=0.122580 entry=81576.27
[17:31:17.429] [INFO] [EXEC] CHUNK COUNT n=1
[17:31:17.431] [OK] [EXEC] INVENTORY qty=0.122580
[17:31:17.432] [OK] [EXEC] SELL REQUIRED inventory=0.122580
[17:31:17.434] [WS] LIVE bid=81576.28 ask=81585.47
[17:31:17.508] [INFO] [EXEC] SELL CHECK inventory=0.122580 reported=0.000000 remaining=0.122580 chunks=1
[17:31:17.508] [OK] [EXEC] PLACE SELL price=81584.00 qty=0.122580
[17:31:17.779] [OK] [EXEC] SELL ORDER SENT orderId=383063247
[17:31:19.069] [INFO] [EXEC] RECOVERY WAIT hard_sl_pending_recovery
[17:31:20.921] [WARNING] [EXEC] SELL TIMEOUT orderId=383063247
[17:31:20.924] [WARNING] [EXEC] CANCEL SELL orderId=383063247
[17:31:21.505] [INFO] [EXEC] SELL FINAL STATUS status=CANCELED orderId=383063247
[17:31:21.507] [INFO] [EXEC] SELL TIMEOUT check fast_exit
[17:31:21.507] [WARNING] [EXEC] FORCE EXIT hard_sl_triggered
[17:31:21.507] [ERROR] [EXEC] HARD SL triggered
[17:31:21.507] [WARNING] [EXEC] PANIC EXIT sl_mode
[17:31:21.507] [WARNING] [EXEC] FORCE EXIT price=81583.00
[17:31:21.507] [OK] [EXEC] PLACE SELL price=81583.00 qty=0.122580
[17:31:21.788] [WARNING] [EXEC] PANIC START price=81583.00
[17:31:21.788] [OK] [EXEC] SELL ORDER SENT orderId=383063332
[17:31:21.788] [OK] [PLAN] READY entry=81577.83 exit=81582.00 profit=0.511159 age=6580ms
[17:31:22.819] [WS] LIVE bid=81575.83 ask=81584.00
[17:31:25.569] [WARNING] [EXEC] PANIC WAIT still_open orderId=383063332
[17:31:25.569] [WARNING] [EXEC] PANIC HOLD active orderId=383063332
[17:31:27.026] [WS] LIVE bid=81574.97 ask=81583.00
[17:31:27.972] [WARNING] [EXEC] PANIC HOLD active orderId=383063332
[17:31:28.788] [WARNING] [EXEC] PANIC WAIT still_open orderId=383063332
[17:31:28.788] [WARNING] [EXEC] PANIC HOLD active orderId=383063332
[17:31:31.615] [WS] LIVE bid=81572.81 ask=81582.86
[17:31:32.006] [WARNING] [EXEC] PANIC WAIT still_open orderId=383063332
[17:31:32.022] [WARNING] [EXEC] PANIC HOLD active orderId=383063332
[17:31:32.025] [OK] [PLAN] HOT entry=81575.09 exit=81580.86 profit=0.707287 age=937ms
[17:31:33.569] [WARNING] [EXEC] PANIC HOLD active orderId=383063332
[17:31:35.699] [WARNING] [EXEC] PANIC WAIT still_open orderId=383063332
[17:31:35.703] [WARNING] [EXEC] PANIC HOLD active orderId=383063332
[17:31:37.694] [OK] [EXEC] FIFO CLOSE qty=0.122580 entry=81576.27 exit=81583.00 pnl=+0.824963
[17:31:37.694] [INFO] [EXEC] CHUNK CLOSED entry=81576.27
[17:31:37.710] [OK] [EXEC] REALIZED pnl=+0.824963
[17:31:37.710] [INFO] [EXEC] SELL ACCOUNTING RESET flat
[17:31:37.710] [OK] [EXEC] CYCLE CLOSED pnl=+0.824963
[17:31:37.710] [INFO] [EXEC] SESSION realized=-5.651339 wins=11 losses=6
[17:31:37.710] [INFO] [EXEC] SELL ACCOUNTING RESET flat
[17:31:37.710] [INFO] [EXEC] CYCLE SKIP no_fifo_pnl
[17:31:37.710] [OK] [EXEC] SELL FILLED id=383063332
[17:31:37.710] [OK] [EXEC] SELL FILLED qty=0.122580 remaining=0.000000
[17:31:37.710] [OK] [EXEC] PANIC FILLED
[17:31:37.710] [INFO] [EXEC] PANIC RESET
[17:31:37.726] [INFO] [EXEC] SELL ACCOUNTING RESET flat
[17:31:37.726] [INFO] [EXEC] CYCLE SKIP no_fifo_pnl
[17:31:37.726] [WS] LIVE bid=81573.64 ask=81583.00
[17:31:41.497] [INFO] [EXEC] SELL ACCOUNTING RESET new_cycle
[17:31:41.502] [OK] [EXEC] BUY ORDER SENT orderId=383063885 price=81596.68 qty=0.122550
[17:31:41.503] [OK] [EXEC] PLACE BUY price=81596.68 qty=0.122550
[17:31:42.629] [WS] LIVE bid=81597.48 ask=81602.00
[17:31:43.531] [OK] [PLAN] HOT entry=81599.49 exit=81605.57 profit=0.745043 age=2070ms
[17:31:46.053] [OK] [SYNC] order filled detected
[17:31:46.053] [OK] [SYNC] BUY filled on exchange
[17:31:46.057] [OK] [EXEC] BUY FILL UPDATE delta=0.122550 avg=81596.68
[17:31:46.060] [OK] [EXEC] CHUNK ADD qty=0.122550 entry=81596.68
[17:31:46.061] [INFO] [EXEC] CHUNK COUNT n=1
[17:31:46.063] [OK] [EXEC] INVENTORY qty=0.122550
[17:31:46.064] [OK] [EXEC] SELL REQUIRED inventory=0.122550
[17:31:46.066] [INFO] [EXEC] SELL CHECK inventory=0.122550 reported=0.000000 remaining=0.122550 chunks=1
[17:31:46.068] [OK] [EXEC] PLACE SELL price=81604.94 qty=0.122550
[17:31:46.381] [OK] [EXEC] SELL ORDER SENT orderId=383064150
[17:31:46.872] [WS] LIVE bid=81578.00 ask=81587.56
[17:31:47.990] [INFO] [EXEC] RECOVERY WAIT hard_sl_pending_recovery
[17:31:48.287] [OK] [PLAN] READY entry=81580.01 exit=81583.99 profit=0.487829 age=6812ms
[17:31:49.402] [INFO] [EXEC] RECOVERY WAIT hard_sl_pending_recovery
[17:31:49.709] [WARNING] [EXEC] SELL TIMEOUT orderId=383064150
[17:31:49.709] [WARNING] [EXEC] CANCEL SELL orderId=383064150
[17:31:51.270] [INFO] [EXEC] SELL FINAL STATUS status=CANCELED orderId=383064150
[17:31:51.274] [INFO] [EXEC] SELL TIMEOUT check fast_exit
[17:31:51.276] [WARNING] [EXEC] FORCE EXIT hard_sl_triggered
[17:31:51.278] [ERROR] [EXEC] HARD SL triggered
[17:31:51.281] [WARNING] [EXEC] PANIC EXIT sl_mode
[17:31:51.282] [WARNING] [EXEC] FORCE EXIT price=81592.99
[17:31:51.284] [OK] [EXEC] PLACE SELL price=81592.99 qty=0.122550
[17:31:51.568] [WARNING] [EXEC] PANIC START price=81592.99
[17:31:51.568] [OK] [EXEC] SELL ORDER SENT orderId=383064426
[17:31:52.363] [WS] LIVE bid=81586.00 ask=81592.98
[17:31:53.213] [WARNING] [EXEC] PANIC WAIT still_open orderId=383064426
[17:31:53.218] [WARNING] [EXEC] PANIC HOLD active orderId=383064426
[17:31:57.274] [OK] [SYNC] order filled detected
[17:31:57.277] [OK] [SYNC] SELL filled on exchange
[17:31:57.278] [OK] [EXEC] FIFO CLOSE qty=0.122550 entry=81596.68 exit=81592.99 pnl=-0.452210
[17:31:57.282] [INFO] [EXEC] CHUNK CLOSED entry=81596.68
[17:31:57.285] [OK] [EXEC] REALIZED pnl=-0.452210
[17:31:57.287] [INFO] [EXEC] SELL ACCOUNTING RESET flat
[17:31:57.289] [OK] [EXEC] CYCLE CLOSED pnl=-0.452210
[17:31:57.291] [INFO] [EXEC] SESSION realized=-6.103549 wins=11 losses=7
[17:31:57.296] [WS] LIVE bid=81584.37 ask=81599.99
[17:31:58.662] [INFO] [EXEC] SELL ACCOUNTING RESET new_cycle
[17:31:58.662] [OK] [EXEC] BUY ORDER SENT orderId=383064825 price=81588.05 qty=0.122560
[17:31:58.662] [OK] [EXEC] PLACE BUY price=81588.05 qty=0.122560
[17:31:58.678] [OK] [PLAN] READY entry=81588.05 exit=81591.99 profit=0.482886 age=2005ms
[17:31:59.209] [OK] [SYNC] order filled detected
[17:31:59.209] [OK] [SYNC] BUY filled on exchange
[17:31:59.209] [OK] [EXEC] BUY FILL UPDATE delta=0.122560 avg=81588.05
[17:31:59.209] [OK] [EXEC] CHUNK ADD qty=0.122560 entry=81588.05
[17:31:59.209] [INFO] [EXEC] CHUNK COUNT n=1
[17:31:59.209] [OK] [EXEC] INVENTORY qty=0.122560
[17:31:59.225] [OK] [EXEC] SELL REQUIRED inventory=0.122560
[17:31:59.554] [INFO] [EXEC] SELL CHECK inventory=0.122560 reported=0.000000 remaining=0.122560 chunks=1
[17:31:59.554] [OK] [EXEC] PLACE SELL price=81592.07 qty=0.122560
[17:31:59.848] [OK] [EXEC] SELL ORDER SENT orderId=383064892
[17:32:01.043] [OK] [SYNC] order filled detected
[17:32:01.045] [OK] [SYNC] SELL filled on exchange
[17:32:01.046] [OK] [EXEC] FIFO CLOSE qty=0.122560 entry=81588.05 exit=81592.07 pnl=+0.492691
[17:32:01.051] [INFO] [EXEC] CHUNK CLOSED entry=81588.05
[17:32:01.051] [OK] [EXEC] REALIZED pnl=+0.492691
[17:32:01.056] [INFO] [EXEC] SELL ACCOUNTING RESET flat
[17:32:01.056] [OK] [EXEC] CYCLE CLOSED pnl=+0.492691
[17:32:01.056] [INFO] [EXEC] SESSION realized=-5.610858 wins=12 losses=7
[17:32:01.600] [INFO] [EXEC] SELL ACCOUNTING RESET new_cycle
[17:32:01.600] [OK] [EXEC] BUY ORDER SENT orderId=383064995 price=81594.20 qty=0.122550
[17:32:01.600] [OK] [EXEC] PLACE BUY price=81594.20 qty=0.122550
[17:32:02.694] [OK] [SYNC] order filled detected
[17:32:02.712] [OK] [SYNC] BUY filled on exchange
[17:32:02.713] [OK] [EXEC] BUY FILL UPDATE delta=0.122550 avg=81594.20
[17:32:02.715] [OK] [EXEC] CHUNK ADD qty=0.122550 entry=81594.20
[17:32:02.716] [INFO] [EXEC] CHUNK COUNT n=1
[17:32:02.718] [OK] [EXEC] INVENTORY qty=0.122550
[17:32:02.719] [OK] [EXEC] SELL REQUIRED inventory=0.122550
[17:32:02.722] [WS] LIVE bid=81594.21 ask=81602.97
[17:32:02.835] [INFO] [EXEC] SELL CHECK inventory=0.122550 reported=0.000000 remaining=0.122550 chunks=1
[17:32:02.840] [OK] [EXEC] PLACE SELL price=81594.24 qty=0.122550
[17:32:03.099] [OK] [EXEC] SELL ORDER SENT orderId=383065154
[17:32:03.115] [OK] [PLAN] HOT entry=81583.38 exit=81589.11 profit=0.702326 age=6938ms
[17:32:04.226] [OK] [SYNC] order filled detected
[17:32:04.226] [OK] [SYNC] SELL filled on exchange
[17:32:04.226] [OK] [EXEC] FIFO CLOSE qty=0.122550 entry=81594.20 exit=81594.23 pnl=+0.003676
[17:32:04.226] [INFO] [EXEC] CHUNK CLOSED entry=81594.20
[17:32:04.226] [OK] [EXEC] REALIZED pnl=+0.003676
[17:32:04.226] [INFO] [EXEC] SELL ACCOUNTING RESET flat
[17:32:04.226] [OK] [EXEC] CYCLE CLOSED pnl=+0.003676
[17:32:04.226] [INFO] [EXEC] SESSION realized=-5.607181 wins=13 losses=7
[17:32:05.495] [INFO] [EXEC] SELL ACCOUNTING RESET new_cycle
[17:32:05.499] [OK] [EXEC] BUY ORDER SENT orderId=383065229 price=81589.62 qty=0.122560
[17:32:05.500] [OK] [EXEC] PLACE BUY price=81589.62 qty=0.122560
[17:32:06.600] [OK] [SYNC] order filled detected
[17:32:06.600] [OK] [SYNC] BUY filled on exchange
[17:32:06.600] [OK] [EXEC] BUY FILL UPDATE delta=0.122560 avg=81589.62
[17:32:06.600] [OK] [EXEC] CHUNK ADD qty=0.122560 entry=81589.62
[17:32:06.600] [INFO] [EXEC] CHUNK COUNT n=1
[17:32:06.600] [OK] [EXEC] INVENTORY qty=0.122560
[17:32:06.600] [OK] [EXEC] SELL REQUIRED inventory=0.122560
[17:32:07.193] [WS] LIVE bid=81586.00 ask=81591.58
[17:32:07.256] [INFO] [EXEC] SELL CHECK inventory=0.122560 reported=0.000000 remaining=0.122560 chunks=1
[17:32:07.256] [OK] [EXEC] PLACE SELL price=81589.66 qty=0.122560
[17:32:07.554] [OK] [EXEC] SELL ORDER SENT orderId=383065334
[17:32:09.569] [OK] [EXEC] FIFO CLOSE qty=0.000070 entry=81589.62 exit=81589.65 pnl=+0.000002
[17:32:09.569] [OK] [EXEC] REALIZED pnl=+0.000002
[17:32:09.569] [OK] [EXEC] SELL PARTIAL delta=0.000070
[17:32:09.569] [OK] [EXEC] INVENTORY remaining=0.122490
[17:32:09.585] [WARNING] [EXEC] PANIC PARTIAL filled=0.000070 remaining=0.122490
[17:32:11.287] [WARNING] [EXEC] PANIC WAIT still_open orderId=383065334
[17:32:11.287] [WARNING] [EXEC] PANIC STALE detected orderId=383065334
[17:32:11.287] [WARNING] [EXEC] PANIC ESCALATE old=81592.99 new=81586.00 qty=0.122490
[17:32:12.109] [WARNING] [EXEC] PANIC ESCALATE placed orderId=383065396
[17:32:12.662] [WS] LIVE bid=81581.32 ask=81585.99
[17:32:15.241] [WARNING] [EXEC] PANIC WAIT still_open orderId=383065396
[17:32:15.241] [WARNING] [EXEC] PANIC HOLD active orderId=383065396
[17:32:18.033] [OK] [EXEC] FIFO CLOSE qty=0.122420 entry=81589.62 exit=81586.00 pnl=-0.443160
[17:32:18.038] [OK] [EXEC] REALIZED pnl=-0.443160
[17:32:18.041] [OK] [EXEC] SELL PARTIAL delta=0.122420
[17:32:18.043] [OK] [EXEC] INVENTORY remaining=0.000070
[17:32:18.044] [OK] [EXEC] SELL FILLED id=383065396
[17:32:18.046] [OK] [EXEC] SELL FILLED qty=0.122490 remaining=0.000070
[17:32:18.048] [OK] [PLAN] HOT entry=81577.06 exit=81582.09 profit=0.616577 age=1377ms
[17:32:18.553] [WS] LIVE bid=81575.06 ask=81584.09
[17:32:18.569] [INFO] [EXEC] SELL CHECK inventory=0.000070 reported=0.000000 remaining=0.000070 chunks=1
[17:32:18.569] [OK] [EXEC] PLACE SELL price=81589.66 qty=0.000070
[17:32:20.789] [INFO] [EXEC] SELL CHECK inventory=0.000070 reported=0.000000 remaining=0.000070 chunks=1
[17:32:20.789] [OK] [EXEC] PLACE SELL price=81589.66 qty=0.000070
[17:32:21.085] [INFO] [EXEC] SELL CHECK inventory=0.000070 reported=0.000000 remaining=0.000070 chunks=1
[17:32:21.085] [OK] [EXEC] PLACE SELL price=81589.66 qty=0.000070
[17:32:22.319] [INFO] [EXEC] SELL CHECK inventory=0.000070 reported=0.000000 remaining=0.000070 chunks=1
[17:32:22.319] [OK] [EXEC] PLACE SELL price=81589.66 qty=0.000070
[17:32:23.414] [WS] LIVE bid=81583.05 ask=81586.00
[17:32:23.569] [INFO] [EXEC] SELL CHECK inventory=0.000070 reported=0.000000 remaining=0.000070 chunks=1
[17:32:23.572] [OK] [EXEC] PLACE SELL price=81589.66 qty=0.000070
[17:32:24.819] [INFO] [EXEC] SELL CHECK inventory=0.000070 reported=0.000000 remaining=0.000070 chunks=1
[17:32:24.819] [OK] [EXEC] PLACE SELL price=81589.66 qty=0.000070
[17:32:26.955] [INFO] [EXEC] SELL CHECK inventory=0.000070 reported=0.000000 remaining=0.000070 chunks=1
[17:32:26.959] [OK] [EXEC] PLACE SELL price=81589.66 qty=0.000070
[17:32:27.350] [INFO] [EXEC] SELL CHECK inventory=0.000070 reported=0.000000 remaining=0.000070 chunks=1
[17:32:27.350] [OK] [EXEC] PLACE SELL price=81589.66 qty=0.000070
[17:32:27.663] [INFO] [EXEC] SELL CHECK inventory=0.000070 reported=0.000000 remaining=0.000070 chunks=1
[17:32:27.663] [OK] [EXEC] PLACE SELL price=81589.66 qty=0.000070
[17:32:28.756] [WS] LIVE bid=81578.01 ask=81583.28
[17:32:28.905] [INFO] [EXEC] SELL CHECK inventory=0.000070 reported=0.000000 remaining=0.000070 chunks=1
[17:32:28.905] [OK] [EXEC] PLACE SELL price=81589.66 qty=0.000070
[17:32:30.460] [INFO] [EXEC] SELL CHECK inventory=0.000070 reported=0.000000 remaining=0.000070 chunks=1
[17:32:30.460] [OK] [EXEC] PLACE SELL price=81589.66 qty=0.000070
[17:32:32.272] [INFO] [EXEC] SELL CHECK inventory=0.000070 reported=0.000000 remaining=0.000070 chunks=1
[17:32:32.272] [OK] [EXEC] PLACE SELL price=81589.66 qty=0.000070
[17:32:32.818] [WS] LIVE bid=81576.86 ask=81584.89
[17:32:32.978] [INFO] [EXEC] SELL CHECK inventory=0.000070 reported=0.000000 remaining=0.000070 chunks=1
[17:32:32.978] [OK] [EXEC] PLACE SELL price=81589.66 qty=0.000070
[17:32:34.697] [INFO] [EXEC] SELL CHECK inventory=0.000070 reported=0.000000 remaining=0.000070 chunks=1
[17:32:34.700] [OK] [EXEC] PLACE SELL price=81589.66 qty=0.000070
[17:32:35.804] [INFO] [EXEC] SELL CHECK inventory=0.000070 reported=0.000000 remaining=0.000070 chunks=1
[17:32:35.804] [OK] [EXEC] PLACE SELL price=81589.66 qty=0.000070
[17:32:37.241] [INFO] [EXEC] SELL CHECK inventory=0.000070 reported=0.000000 remaining=0.000070 chunks=1
[17:32:37.241] [OK] [EXEC] PLACE SELL price=81589.66 qty=0.000070
[17:32:37.841] [WS] LIVE bid=81585.73 ask=81599.99
[17:32:38.038] [INFO] [EXEC] SELL CHECK inventory=0.000070 reported=0.000000 remaining=0.000070 chunks=1
[17:32:38.044] [OK] [EXEC] PLACE SELL price=81597.99 qty=0.000070
[17:32:39.977] [INFO] [EXEC] SELL CHECK inventory=0.000070 reported=0.000000 remaining=0.000070 chunks=1
[17:32:39.993] [OK] [EXEC] PLACE SELL price=81597.99 qty=0.000070
[17:32:40.553] [INFO] [EXEC] SELL CHECK inventory=0.000070 reported=0.000000 remaining=0.000070 chunks=1
[17:32:40.553] [OK] [EXEC] PLACE SELL price=81597.87 qty=0.000070
[17:32:42.303] [INFO] [EXEC] SELL CHECK inventory=0.000070 reported=0.000000 remaining=0.000070 chunks=1
[17:32:42.303] [OK] [EXEC] PLACE SELL price=81599.99 qty=0.000070
[17:32:42.871] [WS] LIVE bid=81606.90 ask=81620.23
[17:32:43.068] [INFO] [EXEC] SELL CHECK inventory=0.000070 reported=0.000000 remaining=0.000070 chunks=1
[17:32:43.073] [OK] [EXEC] PLACE SELL price=81615.81 qty=0.000070
[17:32:44.837] [INFO] [EXEC] SELL CHECK inventory=0.000070 reported=0.000000 remaining=0.000070 chunks=1
[17:32:44.837] [OK] [EXEC] PLACE SELL price=81627.46 qty=0.000070
[17:32:45.553] [INFO] [EXEC] SELL CHECK inventory=0.000070 reported=0.000000 remaining=0.000070 chunks=1
[17:32:45.553] [OK] [EXEC] PLACE SELL price=81631.99 qty=0.000070
[17:32:47.553] [INFO] [EXEC] SELL CHECK inventory=0.000070 reported=0.000000 remaining=0.000070 chunks=1
[17:32:47.553] [OK] [EXEC] PLACE SELL price=81629.27 qty=0.000070
[17:32:47.877] [WS] LIVE bid=81626.00 ask=81631.64
[17:32:48.071] [INFO] [EXEC] SELL CHECK inventory=0.000070 reported=0.000000 remaining=0.000070 chunks=1
[17:32:48.073] [OK] [EXEC] PLACE SELL price=81631.51 qty=0.000070
[17:32:50.048] [INFO] [EXEC] SELL CHECK inventory=0.000070 reported=0.000000 remaining=0.000070 chunks=1
[17:32:50.051] [OK] [EXEC] PLACE SELL price=81637.73 qty=0.000070
[17:32:51.272] [INFO] [EXEC] SELL CHECK inventory=0.000070 reported=0.000000 remaining=0.000070 chunks=1
[17:32:51.272] [OK] [EXEC] PLACE SELL price=81637.54 qty=0.000070
[17:32:51.857] [INFO] [EXEC] SELL CHECK inventory=0.000070 reported=0.000000 remaining=0.000070 chunks=1
[17:32:51.858] [OK] [EXEC] PLACE SELL price=81637.10 qty=0.000070
[17:32:52.178] [INFO] [EXEC] SELL CHECK inventory=0.000070 reported=0.000000 remaining=0.000070 chunks=1
[17:32:52.178] [OK] [EXEC] PLACE SELL price=81636.34 qty=0.000070
[17:32:53.256] [WS] LIVE bid=81626.00 ask=81633.99
[17:32:53.834] [INFO] [EXEC] SELL CHECK inventory=0.000070 reported=0.000000 remaining=0.000070 chunks=1
[17:32:53.834] [OK] [EXEC] PLACE SELL price=81631.99 qty=0.000070
[17:32:54.678] [INFO] [EXEC] SELL CHECK inventory=0.000070 reported=0.000000 remaining=0.000070 chunks=1
[17:32:54.678] [OK] [EXEC] PLACE SELL price=81631.98 qty=0.000070
[17:32:56.316] [INFO] [EXEC] SELL CHECK inventory=0.000070 reported=0.000000 remaining=0.000070 chunks=1
[17:32:56.320] [OK] [EXEC] PLACE SELL price=81631.98 qty=0.000070
[17:32:56.912] [INFO] [EXEC] SELL CHECK inventory=0.000070 reported=0.000000 remaining=0.000070 chunks=1
[17:32:56.912] [OK] [EXEC] PLACE SELL price=81636.60 qty=0.000070
[17:32:57.217] [INFO] [EXEC] SELL CHECK inventory=0.000070 reported=0.000000 remaining=0.000070 chunks=1
[17:32:57.219] [OK] [EXEC] PLACE SELL price=81636.60 qty=0.000070
[17:32:58.288] [WS] LIVE bid=81628.27 ask=81638.36
[17:32:58.839] [INFO] [EXEC] SELL CHECK inventory=0.000070 reported=0.000000 remaining=0.000070 chunks=1
[17:32:58.842] [OK] [EXEC] PLACE SELL price=81636.35 qty=0.000070
[17:32:59.741] [INFO] [EXEC] SELL CHECK inventory=0.000070 reported=0.000000 remaining=0.000070 chunks=1
[17:32:59.741] [OK] [EXEC] PLACE SELL price=81635.97 qty=0.000070
[17:33:01.662] [INFO] [EXEC] SELL CHECK inventory=0.000070 reported=0.000000 remaining=0.000070 chunks=1
[17:33:01.678] [OK] [EXEC] PLACE SELL price=81634.71 qty=0.000070
[17:33:02.243] [INFO] [EXEC] SELL CHECK inventory=0.000070 reported=0.000000 remaining=0.000070 chunks=1
[17:33:02.247] [OK] [EXEC] PLACE SELL price=81634.38 qty=0.000070
[17:33:03.318] [WS] LIVE bid=81628.13 ask=81634.18
[17:33:03.892] [INFO] [EXEC] SELL CHECK inventory=0.000070 reported=0.000000 remaining=0.000070 chunks=1
[17:33:03.892] [OK] [EXEC] PLACE SELL price=81632.18 qty=0.000070
[17:33:05.101] [INFO] [EXEC] SELL CHECK inventory=0.000070 reported=0.000000 remaining=0.000070 chunks=1
[17:33:05.105] [OK] [EXEC] PLACE SELL price=81637.52 qty=0.000070
[17:33:07.350] [INFO] [EXEC] SELL CHECK inventory=0.000070 reported=0.000000 remaining=0.000070 chunks=1
[17:33:07.350] [OK] [EXEC] PLACE SELL price=81634.68 qty=0.000070
[17:33:07.919] [INFO] [EXEC] SELL CHECK inventory=0.000070 reported=0.000000 remaining=0.000070 chunks=1
[17:33:07.922] [OK] [EXEC] PLACE SELL price=81634.68 qty=0.000070
[17:33:09.728] [WS] LIVE bid=81629.76 ask=81639.74
[17:33:09.803] [INFO] [EXEC] SELL CHECK inventory=0.000070 reported=0.000000 remaining=0.000070 chunks=1
[17:33:09.803] [OK] [EXEC] PLACE SELL price=81637.73 qty=0.000070
[17:33:11.058] [INFO] [EXEC] SELL CHECK inventory=0.000070 reported=0.000000 remaining=0.000070 chunks=1
[17:33:11.060] [OK] [EXEC] PLACE SELL price=81637.73 qty=0.000070
[17:33:11.362] [INFO] [EXEC] SELL CHECK inventory=0.000070 reported=0.000000 remaining=0.000070 chunks=1
[17:33:11.363] [OK] [EXEC] PLACE SELL price=81637.73 qty=0.000070
[17:33:12.616] [INFO] [EXEC] SELL CHECK inventory=0.000070 reported=0.000000 remaining=0.000070 chunks=1
[17:33:12.621] [OK] [EXEC] PLACE SELL price=81635.42 qty=0.000070
[17:33:13.692] [WS] LIVE bid=81630.53 ask=81637.07
[17:33:13.867] [INFO] [EXEC] SELL CHECK inventory=0.000070 reported=0.000000 remaining=0.000070 chunks=1
[17:33:13.872] [OK] [EXEC] PLACE SELL price=81635.00 qty=0.000070
[17:33:15.118] [INFO] [EXEC] SELL CHECK inventory=0.000070 reported=0.000000 remaining=0.000070 chunks=1
[17:33:15.123] [OK] [EXEC] PLACE SELL price=81634.60 qty=0.000070
[17:33:15.922] [INFO] [EXEC] SELL CHECK inventory=0.000070 reported=0.000000 remaining=0.000070 chunks=1
[17:33:15.922] [OK] [EXEC] PLACE SELL price=81636.07 qty=0.000070
[17:33:16.695] [INFO] [EXEC] SELL CHECK inventory=0.000070 reported=0.000000 remaining=0.000070 chunks=1
[17:33:16.700] [OK] [EXEC] PLACE SELL price=81646.90 qty=0.000070
[17:33:18.522] [INFO] [EXEC] SELL CHECK inventory=0.000070 reported=0.000000 remaining=0.000070 chunks=1
[17:33:18.522] [OK] [EXEC] PLACE SELL price=81650.85 qty=0.000070
[17:33:19.123] [WS] LIVE bid=81646.35 ask=81651.65
[17:33:19.195] [INFO] [EXEC] SELL CHECK inventory=0.000070 reported=0.000000 remaining=0.000070 chunks=1
[17:33:19.200] [OK] [EXEC] PLACE SELL price=81649.64 qty=0.000070
[17:33:20.758] [INFO] [EXEC] SELL CHECK inventory=0.000070 reported=0.000000 remaining=0.000070 chunks=1
[17:33:20.762] [OK] [EXEC] PLACE SELL price=81652.78 qty=0.000070
[17:33:22.460] [INFO] [EXEC] SELL CHECK inventory=0.000070 reported=0.000000 remaining=0.000070 chunks=1
[17:33:22.460] [OK] [EXEC] PLACE SELL price=81651.42 qty=0.000070
[17:33:23.259] [INFO] [EXEC] SELL CHECK inventory=0.000070 reported=0.000000 remaining=0.000070 chunks=1
[17:33:23.262] [OK] [EXEC] PLACE SELL price=81651.11 qty=0.000070
[17:33:24.406] [WS] LIVE bid=81647.33 ask=81650.00
[17:33:25.034] [INFO] [EXEC] SELL CHECK inventory=0.000070 reported=0.000000 remaining=0.000070 chunks=1
[17:33:25.034] [OK] [EXEC] PLACE SELL price=81650.41 qty=0.000070
[17:33:25.762] [INFO] [EXEC] SELL CHECK inventory=0.000070 reported=0.000000 remaining=0.000070 chunks=1
[17:33:25.764] [OK] [EXEC] PLACE SELL price=81648.00 qty=0.000070
[17:33:27.793] [INFO] [EXEC] SELL CHECK inventory=0.000070 reported=0.000000 remaining=0.000070 chunks=1
[17:33:27.794] [OK] [EXEC] PLACE SELL price=81647.99 qty=0.000070
[17:33:28.259] [INFO] [EXEC] SELL CHECK inventory=0.000070 reported=0.000000 remaining=0.000070 chunks=1
[17:33:28.261] [OK] [EXEC] PLACE SELL price=81647.99 qty=0.000070
[17:33:29.593] [WS] LIVE bid=81635.70 ask=81642.00
[17:33:29.821] [INFO] [EXEC] SELL CHECK inventory=0.000070 reported=0.000000 remaining=0.000070 chunks=1
[17:33:29.825] [OK] [EXEC] PLACE SELL price=81639.99 qty=0.000070
[17:33:31.887] [INFO] [EXEC] SELL CHECK inventory=0.000070 reported=0.000000 remaining=0.000070 chunks=1
[17:33:31.905] [OK] [EXEC] PLACE SELL price=81639.98 qty=0.000070
[17:33:32.475] [WS] stale/lost
