[15:51:25.600] [OK] filters loaded
[15:51:28.115] [EXCHANGE] symbol=BTCU base=BTC quote=U status=TRADING permissions=[]
[15:51:28.115] [OK] START
[15:51:28.131] [INFO] [EXEC] LIVE ON
[15:51:28.131] [INFO] [EXEC] WAIT READY
[15:51:28.717] [OK] [EXEC] BUY ORDER SENT orderId=382667642 price=81340.01 qty=0.061470
[15:51:28.721] [OK] [EXEC] PLACE BUY price=81340.01 qty=0.061470
[15:51:28.725] [OK] [PLAN] READY entry=81340.01 exit=81343.99 profit=0.244651 age=806ms
[15:51:29.836] [WS] primary url=wss://stream.binance.com:9443/ws/btcu@bookTicker
[15:51:29.837] [WS] connecting primary
[15:51:29.841] [WS] connected
[15:51:29.842] [WS] LIVE bid=81340.02 ask=81346.00
[15:51:30.707] [OK] [PLAN] HOT entry=81342.02 exit=81347.12 profit=0.313446 age=3096ms
[15:51:32.616] [WARNING] [EXEC] BUY TIMEOUT orderId=382667642
[15:51:32.616] [WARNING] [EXEC] CANCEL BUY orderId=382667642
[15:51:32.897] [OK] [EXEC] BUY CANCELED confirmed
[15:51:33.163] [INFO] [EXEC] BUY FINAL STATUS status=CANCELED orderId=382667642
[15:51:33.163] [WARNING] [EXEC] BLOCK reason=buy_not_filled
[15:51:33.184] [OK] [PLAN] READY entry=81342.02 exit=81345.03 profit=0.184995 age=5026ms
[15:51:34.123] [OK] [EXEC] BUY ORDER SENT orderId=382668016 price=81322.39 qty=0.061480
[15:51:34.129] [OK] [EXEC] PLACE BUY price=81322.39 qty=0.061480
[15:51:34.135] [OK] [PLAN] HOT entry=81322.39 exit=81335.29 profit=0.793092 age=6511ms
[15:51:34.979] [WS] LIVE bid=81330.01 ask=81337.34
[15:51:39.787] [WARNING] [EXEC] BUY TIMEOUT orderId=382668016
[15:51:39.787] [WARNING] [EXEC] CANCEL BUY orderId=382668016
[15:51:40.073] [OK] [EXEC] BUY CANCELED confirmed
[15:51:40.359] [INFO] [EXEC] BUY FINAL STATUS status=CANCELED orderId=382668016
[15:51:40.362] [WARNING] [EXEC] BLOCK reason=buy_not_filled
[15:51:40.366] [OK] [PLAN] READY entry=81340.01 exit=81344.01 profit=0.245880 age=2665ms
[15:51:40.366] [WS] LIVE bid=81338.00 ask=81345.22
[15:51:41.116] [OK] [EXEC] BUY ORDER SENT orderId=382668516 price=81340.01 qty=0.061470
[15:51:41.119] [OK] [EXEC] PLACE BUY price=81340.01 qty=0.061470
[15:51:42.099] [OK] [EXEC] BUY PARTIAL filled=0.061470 total=0.061470
[15:51:42.099] [OK] [EXEC] BUY REMAINING qty=0.000000
[15:51:42.099] [OK] [EXEC] POSITION qty=0.061470
[15:51:42.099] [OK] [EXEC] BUY FILLED id=382668516
[15:51:42.115] [OK] [PLAN] HOT entry=81319.73 exit=81330.64 profit=0.670747 age=5007ms
[15:51:43.241] [OK] [SYNC] order filled detected
[15:51:43.241] [OK] [SYNC] BUY filled on exchange
[15:51:44.407] [OK] [EXEC] PLACE SELL price=81336.59 qty=0.061470
[15:51:44.675] [OK] [EXEC] SELL ORDER SENT orderId=382668898
[15:51:44.679] [OK] [PLAN] READY entry=81308.00 exit=81312.00 profit=0.245960 age=7563ms
[15:51:45.094] [WS] LIVE bid=81306.00 ask=81313.99
[15:51:45.350] [INFO] [EXEC] RECOVERY WAIT hard_sl_pending_recovery
[15:51:47.537] [WARNING] [EXEC] SELL TIMEOUT orderId=382668898
[15:51:47.541] [WARNING] [EXEC] CANCEL SELL orderId=382668898
[15:51:48.562] [INFO] [EXEC] SELL FINAL STATUS status=CANCELED orderId=382668898
[15:51:48.564] [INFO] [EXEC] SAFE EXIT floor=81336.56
[15:51:48.565] [WARNING] [EXEC] SELL REPRICE old=81336.59 new=81336.58 count=1
[15:51:48.567] [OK] [EXEC] PLACE SELL price=81336.58 qty=0.061470
[15:51:48.862] [OK] [EXEC] SELL ORDER SENT orderId=382669166
[15:51:49.963] [WS] LIVE bid=81302.58 ask=81311.54
[15:51:50.596] [INFO] [EXEC] RECOVERY WAIT hard_sl_pending_recovery
[15:51:50.875] [WARNING] [EXEC] SELL TIMEOUT orderId=382669166
[15:51:50.878] [WARNING] [EXEC] CANCEL SELL orderId=382669166
[15:51:51.418] [INFO] [EXEC] SELL FINAL STATUS status=CANCELED orderId=382669166
[15:51:51.422] [INFO] [EXEC] SAFE EXIT floor=81336.56
[15:51:51.425] [WARNING] [EXEC] SELL REPRICE old=81336.58 new=81336.57 count=2
[15:51:51.428] [OK] [EXEC] PLACE SELL price=81336.57 qty=0.061470
[15:51:51.725] [OK] [EXEC] SELL ORDER SENT orderId=382669374
[15:51:51.725] [OK] [PLAN] HOT entry=81306.13 exit=81310.82 profit=0.288388 age=3370ms
[15:51:53.592] [INFO] [EXEC] RECOVERY WAIT hard_sl_pending_recovery
[15:51:53.868] [WARNING] [EXEC] SELL TIMEOUT orderId=382669374
[15:51:53.868] [WARNING] [EXEC] CANCEL SELL orderId=382669374
[15:51:54.403] [INFO] [EXEC] SELL FINAL STATUS status=CANCELED orderId=382669374
[15:51:54.406] [WARNING] [EXEC] FORCE EXIT hard_sl_triggered
[15:51:54.410] [ERROR] [EXEC] HARD SL triggered
[15:51:54.412] [WARNING] [EXEC] PANIC EXIT sl_mode
[15:51:54.412] [WARNING] [EXEC] FORCE EXIT price=81310.38
[15:51:54.412] [OK] [EXEC] PLACE SELL price=81310.38 qty=0.061470
[15:51:54.689] [WARNING] [EXEC] PANIC START price=81310.38
[15:51:54.692] [OK] [EXEC] SELL ORDER SENT orderId=382669566
[15:51:54.696] [OK] [PLAN] READY entry=81305.25 exit=81309.38 profit=0.253954 age=6367ms
[15:51:54.982] [WS] LIVE bid=81308.61 ask=81310.38
[15:51:55.825] [OK] [EXEC] SELL FILLED id=382669566
[15:51:55.829] [OK] [EXEC] SELL FILLED qty=0.061470 remaining=0.000000
[15:51:55.830] [OK] [EXEC] REALIZED pnl=-1.607833
[15:51:55.831] [OK] [EXEC] PANIC FILLED
[15:51:55.832] [INFO] [EXEC] PANIC RESET
[15:51:55.835] [OK] [PLAN] HOT entry=81308.01 exit=81316.15 profit=0.500529 age=8329ms
[15:51:58.304] [OK] [EXEC] BUY ORDER SENT orderId=382669834 price=81315.96 qty=0.061480
[15:51:58.307] [OK] [EXEC] PLACE BUY price=81315.96 qty=0.061480
[15:52:00.272] [OK] [SYNC] order filled detected
[15:52:00.289] [OK] [SYNC] BUY filled on exchange
[15:52:00.292] [WS] LIVE bid=81314.00 ask=81319.81
[15:52:00.478] [OK] [EXEC] PLACE SELL price=81320.00 qty=0.061480
[15:52:00.741] [OK] [EXEC] SELL ORDER SENT orderId=382669952
[15:52:01.855] [OK] [SYNC] order filled detected
[15:52:01.857] [OK] [SYNC] SELL filled on exchange
[15:52:01.858] [OK] [EXEC] REALIZED pnl=+0.248379
[15:52:03.295] [OK] [EXEC] BUY ORDER SENT orderId=382670249 price=81317.73 qty=0.061480
[15:52:03.299] [OK] [EXEC] PLACE BUY price=81317.73 qty=0.061480
[15:52:04.852] [WS] LIVE bid=81322.01 ask=81330.00
[15:52:05.153] [OK] [PLAN] READY entry=81324.01 exit=81327.99 profit=0.244690 age=1877ms
[15:52:07.818] [WARNING] [EXEC] BUY TIMEOUT orderId=382670249
[15:52:07.818] [WARNING] [EXEC] CANCEL BUY orderId=382670249
[15:52:08.599] [OK] [EXEC] BUY CANCELED confirmed
[15:52:08.882] [INFO] [EXEC] BUY FINAL STATUS status=CANCELED orderId=382670249
[15:52:08.885] [WARNING] [EXEC] BLOCK reason=buy_not_filled
[15:52:10.131] [WS] LIVE bid=81325.17 ask=81333.87
[15:52:12.910] [OK] [EXEC] BUY ORDER SENT orderId=382671184 price=81346.02 qty=0.061460
[15:52:12.915] [OK] [EXEC] PLACE BUY price=81346.02 qty=0.061460
[15:52:15.670] [WS] LIVE bid=81346.03 ask=81355.35
[15:52:18.504] [WARNING] [EXEC] BUY TIMEOUT orderId=382671184
[15:52:18.508] [WARNING] [EXEC] CANCEL BUY orderId=382671184
[15:52:19.257] [OK] [EXEC] BUY CANCELED confirmed
[15:52:19.526] [INFO] [EXEC] BUY FINAL STATUS status=CANCELED orderId=382671184
[15:52:19.528] [WARNING] [EXEC] BLOCK reason=buy_not_filled
[15:52:20.412] [OK] [EXEC] BUY ORDER SENT orderId=382671696 price=81356.07 qty=0.061450
[15:52:20.416] [OK] [EXEC] PLACE BUY price=81356.07 qty=0.061450
[15:52:20.969] [WS] LIVE bid=81354.07 ask=81363.44
[15:52:23.958] [OK] [SYNC] order filled detected
[15:52:23.961] [OK] [SYNC] BUY filled on exchange
[15:52:24.209] [OK] [EXEC] PLACE SELL price=81360.31 qty=0.061450
[15:52:24.476] [OK] [EXEC] SELL ORDER SENT orderId=382671863
[15:52:25.819] [OK] [SYNC] order filled detected
[15:52:25.819] [OK] [SYNC] SELL filled on exchange
[15:52:25.819] [OK] [EXEC] REALIZED pnl=+0.260548
[15:52:25.819] [WS] LIVE bid=81354.00 ask=81360.31
[15:52:26.332] [OK] [EXEC] BUY ORDER SENT orderId=382672036 price=81356.01 qty=0.061450
[15:52:26.334] [OK] [EXEC] PLACE BUY price=81356.01 qty=0.061450
[15:52:26.334] [OK] [PLAN] READY entry=81356.01 exit=81359.07 profit=0.188037 age=1861ms
[15:52:30.234] [OK] [SYNC] order filled detected
[15:52:30.237] [OK] [SYNC] BUY filled on exchange
[15:52:30.238] [OK] [EXEC] PLACE SELL price=81358.55 qty=0.061450
[15:52:30.522] [OK] [EXEC] SELL ORDER SENT orderId=382672245
[15:52:30.522] [WS] LIVE bid=81338.88 ask=81354.12
[15:52:31.670] [INFO] [EXEC] RECOVERY WAIT hard_sl_pending_recovery
[15:52:33.609] [WARNING] [EXEC] SELL TIMEOUT orderId=382672245
[15:52:33.613] [WARNING] [EXEC] CANCEL SELL orderId=382672245
[15:52:34.178] [INFO] [EXEC] SELL FINAL STATUS status=CANCELED orderId=382672245
[15:52:34.178] [WARNING] [EXEC] FORCE EXIT hard_sl_triggered
[15:52:34.178] [ERROR] [EXEC] HARD SL triggered
[15:52:34.178] [WARNING] [EXEC] PANIC EXIT sl_mode
[15:52:34.178] [WARNING] [EXEC] FORCE EXIT price=81353.00
[15:52:34.194] [OK] [EXEC] PLACE SELL price=81353.00 qty=0.061450
[15:52:34.460] [WARNING] [EXEC] PANIC START price=81353.00
[15:52:34.464] [OK] [EXEC] SELL ORDER SENT orderId=382672396
[15:52:34.991] [OK] [SYNC] order filled detected
[15:52:34.994] [OK] [SYNC] SELL filled on exchange
[15:52:34.995] [OK] [EXEC] REALIZED pnl=-0.184965
[15:52:35.771] [WS] LIVE bid=81347.76 ask=81355.95
[15:52:36.585] [OK] [EXEC] BUY ORDER SENT orderId=382672442 price=81350.91 qty=0.061460
[15:52:36.585] [OK] [EXEC] PLACE BUY price=81350.91 qty=0.061460
[15:52:40.560] [WARNING] [EXEC] BUY TIMEOUT orderId=382672442
[15:52:40.563] [WARNING] [EXEC] CANCEL BUY orderId=382672442
[15:52:40.842] [OK] [EXEC] BUY CANCELED confirmed
[15:52:41.111] [INFO] [EXEC] BUY FINAL STATUS status=CANCELED orderId=382672442
[15:52:41.114] [WARNING] [EXEC] BLOCK reason=buy_not_filled
[15:52:41.937] [WS] LIVE bid=81354.01 ask=81360.11
[15:52:42.425] [OK] [EXEC] BUY ORDER SENT orderId=382672673 price=81352.73 qty=0.061460
[15:52:42.429] [OK] [EXEC] PLACE BUY price=81352.73 qty=0.061460
[15:52:44.007] [OK] [PLAN] HOT entry=81354.96 exit=81359.70 profit=0.291273 age=1581ms
[15:52:45.616] [OK] [PLAN] READY entry=81354.74 exit=81357.90 profit=0.194182 age=3188ms
[15:52:46.710] [OK] [SYNC] order filled detected
[15:52:46.710] [OK] [SYNC] BUY filled on exchange
[15:52:46.710] [WS] LIVE bid=81352.73 ask=81359.90
[15:52:47.108] [OK] [EXEC] PLACE SELL price=81357.12 qty=0.061460
[15:52:47.384] [OK] [EXEC] SELL ORDER SENT orderId=382672831
[15:52:48.131] [OK] [EXEC] SELL FILLED id=382672831
[15:52:48.147] [OK] [EXEC] SELL FILLED qty=0.061460 remaining=0.000000
[15:52:48.147] [OK] [EXEC] REALIZED pnl=+0.269809
[15:52:48.147] [OK] [EXEC] PANIC FILLED
[15:52:48.147] [INFO] [EXEC] PANIC RESET
[15:52:48.147] [OK] [PLAN] HOT entry=81355.07 exit=81359.88 profit=0.295575 age=5713ms
[15:52:49.773] [OK] [EXEC] BUY ORDER SENT orderId=382673113 price=81324.00 qty=0.061480
[15:52:49.773] [OK] [EXEC] PLACE BUY price=81324.00 qty=0.061480
[15:52:50.318] [OK] [SYNC] order filled detected
[15:52:50.318] [OK] [SYNC] BUY filled on exchange
[15:52:50.616] [OK] [EXEC] PLACE SELL price=81329.70 qty=0.061480
[15:52:50.898] [OK] [EXEC] SELL ORDER SENT orderId=382673203
[15:52:51.360] [WS] LIVE bid=81324.93 ask=81329.70
[15:52:51.377] [INFO] [EXEC] RECOVERY WAIT hard_sl_pending_recovery
[15:52:51.632] [OK] [EXEC] SELL FILLED id=382673203
[15:52:51.632] [OK] [EXEC] SELL FILLED qty=0.061480 remaining=0.000000
[15:52:51.632] [OK] [EXEC] REALIZED pnl=+0.350436
[15:52:53.304] [OK] [EXEC] BUY ORDER SENT orderId=382673381 price=81316.01 qty=0.061480
[15:52:53.308] [OK] [EXEC] PLACE BUY price=81316.01 qty=0.061480
[15:52:56.865] [WS] LIVE bid=81317.60 ask=81325.24
[15:52:57.868] [WARNING] [EXEC] BUY TIMEOUT orderId=382673381
[15:52:57.873] [WARNING] [EXEC] CANCEL BUY orderId=382673381
[15:52:58.139] [OK] [EXEC] BUY CANCELED confirmed
[15:52:58.426] [INFO] [EXEC] BUY FINAL STATUS status=FILLED orderId=382673381
[15:52:58.430] [OK] [EXEC] BUY FILLED during cancel
[15:52:58.433] [OK] [EXEC] BUY FILLED id=382673381
[15:52:58.436] [OK] [PLAN] HOT entry=81319.55 exit=81324.70 profit=0.316622 age=2063ms
[15:52:58.978] [OK] [SYNC] order filled detected
[15:52:58.979] [OK] [SYNC] BUY filled on exchange
[15:52:59.507] [OK] [EXEC] PLACE SELL price=81332.03 qty=0.061480
[15:52:59.781] [OK] [EXEC] SELL ORDER SENT orderId=382673759
[15:53:01.856] [WS] LIVE bid=81318.86 ask=81326.48
[15:53:02.787] [WARNING] [EXEC] SELL TIMEOUT orderId=382673759
[15:53:02.787] [WARNING] [EXEC] CANCEL SELL orderId=382673759
[15:53:03.396] [INFO] [EXEC] SELL FINAL STATUS status=FILLED orderId=382673759
[15:53:03.397] [OK] [EXEC] SELL FILLED id=382673759
[15:53:03.397] [OK] [EXEC] SELL FILLED qty=0.061480 remaining=0.000000
[15:53:03.397] [OK] [EXEC] REALIZED pnl=+0.984910
[15:53:04.271] [OK] [EXEC] BUY ORDER SENT orderId=382674053 price=81326.19 qty=0.061480
[15:53:04.271] [OK] [EXEC] PLACE BUY price=81326.19 qty=0.061480
[15:53:05.556] [OK] [SYNC] order filled detected
[15:53:05.559] [OK] [SYNC] BUY filled on exchange
[15:53:06.091] [OK] [EXEC] PLACE SELL price=81328.22 qty=0.061480
[15:53:06.350] [OK] [EXEC] SELL ORDER SENT orderId=382674113
[15:53:06.908] [OK] [SYNC] order filled detected
[15:53:06.911] [OK] [SYNC] SELL filled on exchange
[15:53:06.912] [OK] [EXEC] REALIZED pnl=+0.124804
[15:53:06.915] [WS] LIVE bid=81323.35 ask=81328.22
[15:53:11.117] [OK] [EXEC] BUY ORDER SENT orderId=382674353 price=81314.79 qty=0.061480
[15:53:11.117] [OK] [EXEC] PLACE BUY price=81314.79 qty=0.061480
[15:53:12.852] [WS] LIVE bid=81315.35 ask=81321.95
[15:53:15.410] [WARNING] [EXEC] BUY TIMEOUT orderId=382674353
[15:53:15.413] [WARNING] [EXEC] CANCEL BUY orderId=382674353
[15:53:15.676] [OK] [EXEC] BUY CANCELED confirmed
[15:53:15.941] [INFO] [EXEC] BUY FINAL STATUS status=CANCELED orderId=382674353
[15:53:15.941] [WARNING] [EXEC] BLOCK reason=buy_not_filled
[15:53:17.266] [WS] LIVE bid=81324.27 ask=81329.95
[15:53:17.776] [OK] [EXEC] BUY ORDER SENT orderId=382674784 price=81329.04 qty=0.061470
[15:53:17.779] [OK] [EXEC] PLACE BUY price=81329.04 qty=0.061470
[15:53:18.829] [OK] [SYNC] order filled detected
[15:53:18.830] [OK] [SYNC] BUY filled on exchange
[15:53:19.054] [OK] [EXEC] PLACE SELL price=81332.62 qty=0.061470
[15:53:19.346] [OK] [EXEC] SELL ORDER SENT orderId=382674951
[15:53:19.351] [OK] [PLAN] HOT entry=81318.26 exit=81332.62 profit=0.882853 age=1559ms
[15:53:20.625] [INFO] [EXEC] RECOVERY WAIT hard_sl_pending_recovery
[15:53:21.946] [WS] LIVE bid=81315.58 ask=81321.34
[15:53:22.690] [INFO] [EXEC] RECOVERY WAIT hard_sl_pending_recovery
[15:53:22.951] [WARNING] [EXEC] SELL TIMEOUT orderId=382674951
[15:53:22.954] [WARNING] [EXEC] CANCEL SELL orderId=382674951
[15:53:23.475] [INFO] [EXEC] SELL FINAL STATUS status=CANCELED orderId=382674951
[15:53:23.475] [WARNING] [EXEC] FORCE EXIT hard_sl_triggered
[15:53:23.475] [ERROR] [EXEC] HARD SL triggered
[15:53:23.491] [WARNING] [EXEC] PANIC EXIT sl_mode
[15:53:23.491] [WARNING] [EXEC] FORCE EXIT price=81320.33
[15:53:23.491] [OK] [EXEC] PLACE SELL price=81320.33 qty=0.061470
[15:53:23.770] [WARNING] [EXEC] PANIC START price=81320.33
[15:53:23.773] [OK] [EXEC] SELL ORDER SENT orderId=382675176
[15:53:24.990] [OK] [EXEC] SELL FILLED id=382675176
[15:53:24.990] [OK] [EXEC] SELL FILLED qty=0.061470 remaining=0.000000
[15:53:24.990] [OK] [EXEC] REALIZED pnl=-0.461571
[15:53:24.990] [OK] [EXEC] PANIC FILLED
[15:53:24.990] [INFO] [EXEC] PANIC RESET
[15:53:26.531] [OK] [EXEC] BUY ORDER SENT orderId=382675440 price=81324.01 qty=0.061480
[15:53:26.534] [OK] [EXEC] PLACE BUY price=81324.01 qty=0.061480
[15:53:27.582] [WS] LIVE bid=81327.24 ask=81333.18
[15:53:29.032] [OK] [PLAN] HOT entry=81337.68 exit=81350.78 profit=0.805257 age=2499ms
[15:53:31.473] [WARNING] [EXEC] BUY TIMEOUT orderId=382675440
[15:53:31.476] [WARNING] [EXEC] CANCEL BUY orderId=382675440
[15:53:31.767] [OK] [EXEC] BUY CANCELED confirmed
[15:53:32.041] [INFO] [EXEC] BUY FINAL STATUS status=CANCELED orderId=382675440
[15:53:32.044] [WARNING] [EXEC] BLOCK reason=buy_not_filled
[15:53:32.532] [WS] LIVE bid=81335.79 ask=81351.34
[15:53:33.819] [OK] [EXEC] BUY ORDER SENT orderId=382675925 price=81343.76 qty=0.061460
[15:53:33.819] [OK] [EXEC] PLACE BUY price=81343.76 qty=0.061460
[15:53:37.085] [WS] LIVE bid=81343.76 ask=81349.26
[15:53:38.119] [OK] [EXEC] BUY PARTIAL filled=0.020000 total=0.020000
[15:53:38.123] [OK] [EXEC] BUY REMAINING qty=0.041460
[15:53:38.126] [OK] [EXEC] POSITION qty=0.020000
[15:53:38.128] [WARNING] [EXEC] BUY TIMEOUT orderId=382675925
[15:53:38.130] [WARNING] [EXEC] CANCEL BUY orderId=382675925
[15:53:38.437] [OK] [EXEC] BUY CANCELED confirmed
[15:53:38.724] [INFO] [EXEC] BUY FINAL STATUS status=CANCELED orderId=382675925
[15:53:38.726] [WARNING] [EXEC] BUY REMAINDER CANCELLED
[15:53:38.726] [OK] [EXEC] POSITION qty=0.020000
[15:53:38.726] [OK] [PLAN] HOT entry=81345.78 exit=81351.99 profit=0.381667 age=2092ms
[15:53:39.225] [OK] [EXEC] PLACE SELL price=81347.06 qty=0.020000
[15:53:39.646] [OK] [EXEC] SELL ORDER SENT orderId=382676098
[15:53:40.726] [OK] [SYNC] order filled detected
[15:53:40.729] [OK] [SYNC] SELL filled on exchange
[15:53:40.730] [OK] [EXEC] REALIZED pnl=+0.066000
[15:53:41.991] [OK] [EXEC] BUY ORDER SENT orderId=382676195 price=81345.13 qty=0.061460
[15:53:41.991] [OK] [EXEC] PLACE BUY price=81345.13 qty=0.061460
[15:53:43.040] [WS] LIVE bid=81345.14 ask=81351.54
[15:53:43.571] [OK] [PLAN] HOT entry=81347.14 exit=81351.99 profit=0.298081 age=1576ms
[15:53:44.584] [OK] [SYNC] order filled detected
[15:53:44.584] [OK] [SYNC] BUY filled on exchange
[15:53:45.163] [OK] [EXEC] PLACE SELL price=81368.00 qty=0.061460
[15:53:45.429] [OK] [EXEC] SELL ORDER SENT orderId=382676506
[15:53:46.475] [OK] [SYNC] order filled detected
[15:53:46.475] [OK] [SYNC] SELL filled on exchange
[15:53:46.475] [OK] [EXEC] REALIZED pnl=+1.405590
[15:53:47.006] [OK] [EXEC] BUY ORDER SENT orderId=382676661 price=81364.01 qty=0.061450
[15:53:47.010] [OK] [EXEC] PLACE BUY price=81364.01 qty=0.061450
[15:53:48.006] [OK] [SYNC] order filled detected
[15:53:48.006] [OK] [SYNC] BUY filled on exchange
[15:53:48.006] [WS] LIVE bid=81364.01 ask=81369.45
[15:53:48.523] [OK] [EXEC] PLACE SELL price=81367.71 qty=0.061450
[15:53:48.808] [OK] [EXEC] SELL ORDER SENT orderId=382676763
[15:53:49.881] [INFO] [EXEC] RECOVERY WAIT hard_sl_pending_recovery
[15:53:52.662] [WARNING] [EXEC] SELL TIMEOUT orderId=382676763
[15:53:52.679] [WARNING] [EXEC] CANCEL SELL orderId=382676763
[15:53:53.212] [INFO] [EXEC] SELL FINAL STATUS status=CANCELED orderId=382676763
[15:53:53.216] [WARNING] [EXEC] FORCE EXIT hard_sl_triggered
[15:53:53.218] [ERROR] [EXEC] HARD SL triggered
[15:53:53.221] [WARNING] [EXEC] PANIC EXIT sl_mode
[15:53:53.224] [WARNING] [EXEC] FORCE EXIT price=81360.99
[15:53:53.226] [OK] [EXEC] PLACE SELL price=81360.99 qty=0.061450
[15:53:53.490] [WARNING] [EXEC] PANIC START price=81360.99
[15:53:53.508] [OK] [EXEC] SELL ORDER SENT orderId=382676940
[15:53:53.510] [OK] [PLAN] READY entry=81356.00 exit=81359.99 profit=0.245186 age=1578ms
[15:53:54.537] [OK] [SYNC] order filled detected
[15:53:54.537] [OK] [SYNC] SELL filled on exchange
[15:53:54.537] [OK] [EXEC] REALIZED pnl=-0.185579
[15:53:54.804] [WS] LIVE bid=81354.00 ask=81362.00
[15:53:55.225] [OK] [EXEC] BUY ORDER SENT orderId=382677018 price=81356.00 qty=0.061450
[15:53:55.225] [OK] [EXEC] PLACE BUY price=81356.00 qty=0.061450
[15:53:57.792] [WS] LIVE bid=81363.57 ask=81370.47
[15:53:59.656] [WARNING] [EXEC] BUY TIMEOUT orderId=382677018
[15:53:59.660] [WARNING] [EXEC] CANCEL BUY orderId=382677018
[15:53:59.925] [OK] [EXEC] BUY CANCELED confirmed
[15:54:00.202] [INFO] [EXEC] BUY FINAL STATUS status=CANCELED orderId=382677018
[15:54:00.205] [WARNING] [EXEC] BLOCK reason=buy_not_filled
[15:54:02.259] [OK] [EXEC] BUY ORDER SENT orderId=382677434 price=81356.01 qty=0.061450
[15:54:02.264] [OK] [EXEC] PLACE BUY price=81356.01 qty=0.061450
[15:54:02.749] [WS] LIVE bid=81340.00 ask=81353.15
[15:54:03.116] [OK] [EXEC] BUY PARTIAL filled=0.061450 total=0.061450
[15:54:03.116] [OK] [EXEC] BUY REMAINING qty=0.000000
[15:54:03.116] [OK] [EXEC] POSITION qty=0.061450
[15:54:03.116] [OK] [EXEC] BUY FILLED id=382677434
[15:54:03.132] [OK] [PLAN] READY entry=81345.99 exit=81349.15 profit=0.194214 age=849ms
[15:54:04.169] [OK] [SYNC] order filled detected
[15:54:04.171] [OK] [SYNC] BUY filled on exchange
[15:54:04.571] [OK] [EXEC] PLACE SELL price=81355.91 qty=0.061450
[15:54:04.851] [OK] [EXEC] SELL ORDER SENT orderId=382677622
[15:54:07.006] [INFO] [EXEC] RECOVERY WAIT hard_sl_pending_recovery
[15:54:07.834] [WS] LIVE bid=81342.26 ask=81350.98
[15:54:07.927] [INFO] [EXEC] RECOVERY WAIT hard_sl_pending_recovery
[15:54:08.241] [WARNING] [EXEC] SELL TIMEOUT orderId=382677622
[15:54:08.244] [WARNING] [EXEC] CANCEL SELL orderId=382677622
[15:54:08.787] [INFO] [EXEC] SELL FINAL STATUS status=CANCELED orderId=382677622
[15:54:08.791] [INFO] [EXEC] SAFE EXIT floor=81355.88
[15:54:08.792] [WARNING] [EXEC] SELL REPRICE old=81355.91 new=81355.90 count=1
[15:54:08.793] [OK] [EXEC] PLACE SELL price=81355.90 qty=0.061450
[15:54:09.057] [OK] [EXEC] SELL ORDER SENT orderId=382677834
[15:54:10.146] [INFO] [EXEC] RECOVERY WAIT hard_sl_pending_recovery
[15:54:12.898] [WARNING] [EXEC] SELL TIMEOUT orderId=382677834
[15:54:12.902] [WARNING] [EXEC] CANCEL SELL orderId=382677834
[15:54:13.428] [INFO] [EXEC] SELL FINAL STATUS status=CANCELED orderId=382677834
[15:54:13.428] [INFO] [EXEC] SAFE EXIT floor=81355.88
[15:54:13.428] [WARNING] [EXEC] SELL REPRICE old=81355.90 new=81355.89 count=2
[15:54:13.428] [OK] [EXEC] PLACE SELL price=81355.89 qty=0.061450
[15:54:13.700] [OK] [EXEC] SELL ORDER SENT orderId=382678088
[15:54:13.705] [WS] LIVE bid=81339.48 ask=81345.99
[15:54:14.731] [INFO] [EXEC] RECOVERY WAIT hard_sl_pending_recovery
[15:54:14.991] [OK] [PLAN] HOT entry=81337.98 exit=81343.86 profit=0.361444 age=2096ms
[15:54:15.508] [INFO] [EXEC] RECOVERY WAIT hard_sl_pending_recovery
[15:54:15.778] [WARNING] [EXEC] SELL TIMEOUT orderId=382678088
[15:54:15.781] [WARNING] [EXEC] CANCEL SELL orderId=382678088
[15:54:16.304] [INFO] [EXEC] SELL FINAL STATUS status=CANCELED orderId=382678088
[15:54:16.304] [WARNING] [EXEC] FORCE EXIT hard_sl_triggered
[15:54:16.304] [ERROR] [EXEC] HARD SL triggered
[15:54:16.304] [WARNING] [EXEC] PANIC EXIT sl_mode
[15:54:16.321] [WARNING] [EXEC] FORCE EXIT price=81341.48
[15:54:16.324] [OK] [EXEC] PLACE SELL price=81341.48 qty=0.061450
[15:54:16.589] [WARNING] [EXEC] PANIC START price=81341.48
[15:54:16.591] [OK] [EXEC] SELL ORDER SENT orderId=382678253
[15:54:16.595] [OK] [PLAN] READY entry=81336.83 exit=81340.48 profit=0.224365 age=2873ms
[15:54:19.016] [WS] LIVE bid=81337.86 ask=81341.48
[15:54:20.026] [WARNING] [EXEC] PANIC WAIT still_open orderId=382678253
[15:54:20.029] [WARNING] [EXEC] PANIC HOLD active orderId=382678253
[15:54:23.484] [WS] LIVE bid=81333.06 ask=81339.45
[15:54:24.171] [OK] [SYNC] order filled detected
[15:54:24.174] [OK] [SYNC] SELL filled on exchange
[15:54:24.174] [OK] [EXEC] REALIZED pnl=-0.883969
[15:54:26.171] [OK] [EXEC] BUY ORDER SENT orderId=382678712 price=81336.56 qty=0.061470
[15:54:26.175] [OK] [EXEC] PLACE BUY price=81336.56 qty=0.061470
[15:54:26.488] [OK] [EXEC] BUY PARTIAL filled=0.061470 total=0.061470
[15:54:26.493] [OK] [EXEC] BUY REMAINING qty=0.000000
[15:54:26.494] [OK] [EXEC] POSITION qty=0.061470
[15:54:26.495] [OK] [EXEC] BUY FILLED id=382678712
[15:54:27.534] [OK] [SYNC] order filled detected
[15:54:27.537] [OK] [SYNC] BUY filled on exchange
[15:54:27.788] [OK] [EXEC] PLACE SELL price=81336.60 qty=0.061470
[15:54:28.056] [OK] [EXEC] SELL ORDER SENT orderId=382678869
[15:54:29.098] [WS] LIVE bid=81329.26 ask=81337.19
[15:54:29.835] [INFO] [EXEC] RECOVERY WAIT hard_sl_pending_recovery
[15:54:30.105] [OK] [PLAN] HOT entry=81316.08 exit=81332.12 profit=0.986139 age=2047ms
[15:54:30.630] [INFO] [EXEC] RECOVERY WAIT hard_sl_pending_recovery
[15:54:30.897] [WARNING] [EXEC] SELL TIMEOUT orderId=382678869
[15:54:30.901] [WARNING] [EXEC] CANCEL SELL orderId=382678869
[15:54:31.428] [INFO] [EXEC] SELL FINAL STATUS status=CANCELED orderId=382678869
[15:54:31.428] [INFO] [EXEC] SAFE EXIT floor=81336.57
[15:54:31.428] [WARNING] [EXEC] SELL REPRICE old=81336.60 new=81336.59 count=1
[15:54:31.428] [OK] [EXEC] PLACE SELL price=81336.59 qty=0.061470
[15:54:31.708] [OK] [EXEC] SELL ORDER SENT orderId=382679214
[15:54:32.835] [INFO] [EXEC] RECOVERY WAIT hard_sl_pending_recovery
[15:54:34.132] [WS] LIVE bid=81324.19 ask=81330.00
[15:54:35.053] [INFO] [EXEC] RECOVERY WAIT hard_sl_pending_recovery
[15:54:35.324] [WARNING] [EXEC] SELL TIMEOUT orderId=382679214
[15:54:35.328] [WARNING] [EXEC] CANCEL SELL orderId=382679214
[15:54:35.857] [INFO] [EXEC] SELL FINAL STATUS status=CANCELED orderId=382679214
[15:54:35.860] [INFO] [EXEC] SAFE EXIT floor=81336.57
[15:54:35.861] [WARNING] [EXEC] SELL REPRICE old=81336.59 new=81336.58 count=2
[15:54:35.863] [OK] [EXEC] PLACE SELL price=81336.58 qty=0.061470
[15:54:36.115] [OK] [EXEC] SELL ORDER SENT orderId=382679511
[15:54:36.132] [OK] [PLAN] READY entry=81324.55 exit=81328.00 profit=0.212106 age=2218ms
[15:54:36.928] [INFO] [EXEC] RECOVERY WAIT hard_sl_pending_recovery
[15:54:38.265] [WS] LIVE bid=81322.01 ask=81332.93
[15:54:38.913] [INFO] [EXEC] RECOVERY WAIT hard_sl_pending_recovery
[15:54:39.210] [WARNING] [EXEC] SELL TIMEOUT orderId=382679511
[15:54:39.214] [WARNING] [EXEC] CANCEL SELL orderId=382679511
[15:54:39.741] [INFO] [EXEC] SELL FINAL STATUS status=CANCELED orderId=382679511
[15:54:39.759] [WARNING] [EXEC] FORCE EXIT hard_sl_triggered
[15:54:39.760] [ERROR] [EXEC] HARD SL triggered
[15:54:39.761] [WARNING] [EXEC] PANIC EXIT sl_mode
[15:54:39.763] [WARNING] [EXEC] FORCE EXIT price=81331.24
[15:54:39.766] [OK] [EXEC] PLACE SELL price=81331.24 qty=0.061470
[15:54:40.031] [WARNING] [EXEC] PANIC START price=81331.24
[15:54:40.036] [OK] [EXEC] SELL ORDER SENT orderId=382679734
[15:54:40.571] [OK] [SYNC] order filled detected
[15:54:40.574] [OK] [SYNC] SELL filled on exchange
[15:54:40.575] [OK] [EXEC] REALIZED pnl=-0.327020
[15:54:43.405] [WS] LIVE bid=81330.60 ask=81341.03
[15:54:48.209] [WS] LIVE bid=81331.12 ask=81336.69
[15:54:53.537] [WS] LIVE bid=81328.99 ask=81334.46
[15:54:55.232] [OK] [EXEC] BUY ORDER SENT orderId=382680457 price=81324.01 qty=0.061480
[15:54:55.236] [OK] [EXEC] PLACE BUY price=81324.01 qty=0.061480
[15:54:56.264] [OK] [SYNC] order filled detected
[15:54:56.265] [OK] [SYNC] BUY filled on exchange
[15:54:57.031] [OK] [EXEC] PLACE SELL price=81335.88 qty=0.061480
[15:54:57.314] [OK] [EXEC] SELL ORDER SENT orderId=382680630
[15:54:57.320] [OK] [PLAN] HOT entry=81326.27 exit=81335.88 profit=0.590823 age=2061ms
[15:54:59.334] [WS] LIVE bid=81327.09 ask=81335.88
[15:55:00.718] [OK] [SYNC] order filled detected
[15:55:00.721] [OK] [SYNC] SELL filled on exchange
[15:55:00.722] [OK] [EXEC] REALIZED pnl=+0.729768
[15:55:02.462] [OK] [EXEC] BUY ORDER SENT orderId=382680959 price=81342.99 qty=0.061460
[15:55:02.466] [OK] [EXEC] PLACE BUY price=81342.99 qty=0.061460
[15:55:03.366] [OK] [PLAN] READY entry=81345.00 exit=81349.12 profit=0.253215 age=903ms
[15:55:05.725] [WS] LIVE bid=81343.00 ask=81349.80
[15:55:06.225] [WARNING] [EXEC] BUY TIMEOUT orderId=382680959
[15:55:06.225] [WARNING] [EXEC] CANCEL BUY orderId=382680959
[15:55:06.505] [OK] [EXEC] BUY CANCELED confirmed
[15:55:06.771] [INFO] [EXEC] BUY FINAL STATUS status=CANCELED orderId=382680959
[15:55:06.771] [WARNING] [EXEC] BLOCK reason=buy_not_filled
[15:55:08.119] [OK] [EXEC] BUY ORDER SENT orderId=382681228 price=81356.02 qty=0.061450
[15:55:08.122] [OK] [EXEC] PLACE BUY price=81356.02 qty=0.061450
[15:55:08.126] [OK] [PLAN] HOT entry=81356.02 exit=81365.89 profit=0.606511 age=1881ms
[15:55:09.694] [OK] [PLAN] READY entry=81358.02 exit=81361.61 profit=0.220606 age=3453ms
[15:55:10.711] [WS] LIVE bid=81356.02 ask=81360.18
[15:55:11.240] [OK] [PLAN] HOT entry=81359.10 exit=81370.78 profit=0.717736 age=5002ms
[15:55:13.265] [WARNING] [EXEC] BUY TIMEOUT orderId=382681228
[15:55:13.269] [WARNING] [EXEC] CANCEL BUY orderId=382681228
[15:55:13.537] [OK] [EXEC] BUY CANCELED confirmed
[15:55:13.814] [INFO] [EXEC] BUY FINAL STATUS status=CANCELED orderId=382681228
[15:55:13.818] [WARNING] [EXEC] BLOCK reason=buy_not_filled
[15:55:15.397] [WS] LIVE bid=81370.00 ask=81374.72
[15:55:20.524] [OK] [EXEC] BUY ORDER SENT orderId=382682085 price=81367.60 qty=0.061440
[15:55:20.528] [OK] [EXEC] PLACE BUY price=81367.60 qty=0.061440
[15:55:21.056] [WS] LIVE bid=81364.09 ask=81372.79
[15:55:21.449] [OK] [PLAN] HOT entry=81370.86 exit=81375.99 profit=0.315187 age=921ms
[15:55:22.504] [OK] [SYNC] order filled detected
[15:55:22.507] [OK] [SYNC] BUY filled on exchange
[15:55:23.222] [OK] [EXEC] PLACE SELL price=81373.56 qty=0.061440
[15:55:23.490] [OK] [EXEC] SELL ORDER SENT orderId=382682260
[15:55:25.022] [OK] [EXEC] SELL FILLED id=382682260
[15:55:25.022] [OK] [EXEC] SELL FILLED qty=0.061440 remaining=0.000000
[15:55:25.022] [OK] [EXEC] REALIZED pnl=+0.366182
[15:55:25.022] [OK] [EXEC] PANIC FILLED
[15:55:25.022] [INFO] [EXEC] PANIC RESET
[15:55:25.590] [WS] LIVE bid=81371.90 ask=81392.09
[15:55:26.774] [OK] [EXEC] BUY ORDER SENT orderId=382682748 price=81394.79 qty=0.061420
[15:55:26.778] [OK] [EXEC] PLACE BUY price=81394.79 qty=0.061420
[15:55:27.130] [OK] [PLAN] READY entry=81400.07 exit=81404.19 profit=0.253050 age=320ms
[15:55:28.444] [OK] [SYNC] order filled detected
[15:55:28.446] [OK] [SYNC] BUY filled on exchange
[15:55:28.448] [OK] [EXEC] PLACE SELL price=81399.99 qty=0.061420
[15:55:28.716] [OK] [EXEC] SELL ORDER SENT orderId=382682894
[15:55:29.268] [INFO] [EXEC] RECOVERY WAIT hard_sl_pending_recovery
[15:55:30.085] [WS] LIVE bid=81392.98 ask=81399.26
[15:55:30.258] [INFO] [EXEC] RECOVERY WAIT hard_sl_pending_recovery
[15:55:32.600] [WARNING] [EXEC] SELL TIMEOUT orderId=382682894
[15:55:32.600] [WARNING] [EXEC] CANCEL SELL orderId=382682894
[15:55:33.164] [INFO] [EXEC] SELL FINAL STATUS status=CANCELED orderId=382682894
[15:55:33.167] [WARNING] [EXEC] FORCE EXIT hard_sl_triggered
[15:55:33.169] [ERROR] [EXEC] HARD SL triggered
[15:55:33.170] [WARNING] [EXEC] PANIC EXIT sl_mode
[15:55:33.171] [WARNING] [EXEC] FORCE EXIT price=81392.61
[15:55:33.172] [OK] [EXEC] PLACE SELL price=81392.61 qty=0.061420
[15:55:33.464] [WARNING] [EXEC] PANIC START price=81392.61
[15:55:33.467] [OK] [EXEC] SELL ORDER SENT orderId=382683235
[15:55:33.470] [OK] [PLAN] READY entry=81388.39 exit=81391.61 profit=0.197805 age=2048ms
[15:55:34.050] [OK] [SYNC] order filled detected
[15:55:34.053] [OK] [SYNC] SELL filled on exchange
[15:55:34.054] [OK] [EXEC] REALIZED pnl=-0.133896
[15:55:35.518] [WS] LIVE bid=81395.16 ask=81400.58
[15:55:36.943] [OK] [EXEC] BUY ORDER SENT orderId=382683556 price=81391.34 qty=0.061430
[15:55:36.946] [OK] [EXEC] PLACE BUY price=81391.34 qty=0.061430
[15:55:40.787] [WARNING] [EXEC] BUY TIMEOUT orderId=382683556
[15:55:40.787] [WARNING] [EXEC] CANCEL BUY orderId=382683556
[15:55:41.063] [OK] [EXEC] BUY CANCELED confirmed
[15:55:41.338] [INFO] [EXEC] BUY FINAL STATUS status=FILLED orderId=382683556
[15:55:41.341] [OK] [EXEC] BUY FILLED during cancel
[15:55:41.343] [OK] [EXEC] BUY FILLED id=382683556
[15:55:41.862] [WS] LIVE bid=81402.61 ask=81408.41
[15:55:41.881] [WARNING] [EXEC] BLOCK reason=no_position_to_sell
[15:55:41.882] [OK] [PLAN] HOT entry=81361.14 exit=81365.83 profit=0.288201 age=1368ms
[15:55:42.889] [OK] [SYNC] order filled detected
[15:55:42.889] [OK] [SYNC] BUY filled on exchange
[15:55:43.162] [OK] [EXEC] PLACE SELL price=81391.38 qty=0.061430
[15:55:43.438] [OK] [EXEC] SELL ORDER SENT orderId=382684251
[15:55:43.443] [OK] [PLAN] READY entry=81353.76 exit=81358.11 profit=0.267307 age=2649ms
[15:55:45.006] [OK] [PLAN] HOT entry=81352.65 exit=81357.54 profit=0.300539 age=4244ms
[15:55:46.118] [WS] LIVE bid=81351.98 ask=81359.16
[15:55:46.583] [WARNING] [EXEC] PANIC WAIT still_open orderId=382684251
[15:55:46.584] [WARNING] [EXEC] PANIC HOLD active orderId=382684251
[15:55:50.459] [WARNING] [EXEC] PANIC WAIT still_open orderId=382684251
[15:55:50.459] [WARNING] [EXEC] PANIC HOLD active orderId=382684251
[15:55:51.010] [WS] LIVE bid=81366.38 ask=81375.23
[15:55:51.319] [WARNING] [EXEC] PANIC HOLD active orderId=382684251
[15:55:51.339] [OK] [PLAN] READY entry=81368.04 exit=81371.24 profit=0.196608 age=1410ms
[15:55:54.318] [WARNING] [EXEC] PANIC WAIT still_open orderId=382684251
[15:55:54.318] [WARNING] [EXEC] PANIC STALE detected orderId=382684251
[15:55:54.318] [WARNING] [EXEC] PANIC ESCALATE old=81392.61 new=81354.51 qty=0.061430
[15:55:55.137] [WARNING] [EXEC] PANIC ESCALATE placed orderId=382685055
[15:55:56.010] [OK] [SYNC] order filled detected
[15:55:56.012] [OK] [SYNC] SELL filled on exchange
[15:55:56.013] [OK] [EXEC] REALIZED pnl=-2.221955
[15:55:56.314] [OK] [EXEC] BUY ORDER SENT orderId=382685114 price=81359.14 qty=0.061450
[15:55:56.317] [OK] [EXEC] PLACE BUY price=81359.14 qty=0.061450
[15:55:56.878] [WS] LIVE bid=81354.61 ask=81361.99
[15:55:57.468] [OK] [SYNC] order filled detected
[15:55:57.471] [OK] [SYNC] BUY filled on exchange
[15:55:57.472] [OK] [EXEC] PLACE SELL price=81367.75 qty=0.061450
[15:55:57.740] [OK] [EXEC] SELL ORDER SENT orderId=382685249
[15:55:57.741] [OK] [PLAN] HOT entry=81360.26 exit=81367.75 profit=0.460261 age=1458ms
[15:56:02.131] [WS] LIVE bid=81354.01 ask=81358.72
[15:56:02.729] [WARNING] [EXEC] PANIC WAIT still_open orderId=382685249
[15:56:02.733] [WARNING] [EXEC] PANIC HOLD active orderId=382685249
[15:56:06.235] [WS] LIVE bid=81359.57 ask=81364.58
[15:56:06.787] [OK] [EXEC] SELL FILLED id=382685249
[15:56:06.804] [OK] [EXEC] SELL FILLED qty=0.061450 remaining=0.000000
[15:56:06.807] [OK] [EXEC] REALIZED pnl=+0.529084
[15:56:06.810] [OK] [EXEC] PANIC FILLED
[15:56:06.811] [INFO] [EXEC] PANIC RESET
[15:56:08.067] [OK] [EXEC] BUY ORDER SENT orderId=382685982 price=81365.92 qty=0.061450
[15:56:08.071] [OK] [EXEC] PLACE BUY price=81365.92 qty=0.061450
[15:56:08.077] [OK] [PLAN] READY entry=81365.92 exit=81369.77 profit=0.236583 age=1250ms
[15:56:08.363] [OK] [EXEC] BUY PARTIAL filled=0.061450 total=0.061450
[15:56:08.366] [OK] [EXEC] BUY REMAINING qty=0.000000
[15:56:08.367] [OK] [EXEC] POSITION qty=0.061450
[15:56:08.369] [OK] [EXEC] BUY FILLED id=382685982
[15:56:08.371] [OK] [PLAN] HOT entry=81356.00 exit=81366.32 profit=0.634164 age=1559ms
[15:56:09.448] [OK] [SYNC] order filled detected
[15:56:09.449] [OK] [SYNC] BUY filled on exchange
[15:56:09.855] [OK] [EXEC] PLACE SELL price=81369.73 qty=0.061450
[15:56:10.142] [OK] [EXEC] SELL ORDER SENT orderId=382686133
[15:56:11.205] [INFO] [EXEC] RECOVERY WAIT hard_sl_pending_recovery
[15:56:12.067] [WS] LIVE bid=81362.00 ask=81369.73
[15:56:12.656] [INFO] [EXEC] RECOVERY WAIT hard_sl_pending_recovery
[15:56:12.932] [WARNING] [EXEC] SELL TIMEOUT orderId=382686133
[15:56:12.936] [WARNING] [EXEC] CANCEL SELL orderId=382686133
[15:56:13.495] [INFO] [EXEC] SELL FINAL STATUS status=CANCELED orderId=382686133
[15:56:13.497] [INFO] [EXEC] SAFE EXIT floor=81365.93
[15:56:13.498] [WARNING] [EXEC] SELL REPRICE old=81369.73 new=81369.72 count=1
[15:56:13.499] [OK] [EXEC] PLACE SELL price=81369.72 qty=0.061450
[15:56:13.770] [OK] [EXEC] SELL ORDER SENT orderId=382686308
[15:56:14.703] [INFO] [EXEC] RECOVERY WAIT hard_sl_pending_recovery
[15:56:16.119] [WS] LIVE bid=81353.13 ask=81363.17
[15:56:16.749] [INFO] [EXEC] RECOVERY WAIT hard_sl_pending_recovery
[15:56:17.050] [WARNING] [EXEC] SELL TIMEOUT orderId=382686308
[15:56:17.054] [WARNING] [EXEC] CANCEL SELL orderId=382686308
[15:56:17.617] [INFO] [EXEC] SELL FINAL STATUS status=CANCELED orderId=382686308
[15:56:17.620] [INFO] [EXEC] SAFE EXIT floor=81365.93
[15:56:17.622] [WARNING] [EXEC] SELL REPRICE old=81369.72 new=81369.71 count=2
[15:56:17.623] [OK] [EXEC] PLACE SELL price=81369.71 qty=0.061450
[15:56:17.892] [OK] [EXEC] SELL ORDER SENT orderId=382686456
[15:56:19.792] [INFO] [EXEC] RECOVERY WAIT hard_sl_pending_recovery
[15:56:20.059] [WARNING] [EXEC] SELL TIMEOUT orderId=382686456
[15:56:20.062] [WARNING] [EXEC] CANCEL SELL orderId=382686456
[15:56:20.610] [INFO] [EXEC] SELL FINAL STATUS status=CANCELED orderId=382686456
[15:56:20.613] [WARNING] [EXEC] FORCE EXIT hard_sl_triggered
[15:56:20.614] [ERROR] [EXEC] HARD SL triggered
[15:56:20.615] [WARNING] [EXEC] PANIC EXIT sl_mode
[15:56:20.617] [WARNING] [EXEC] FORCE EXIT price=81360.99
[15:56:20.618] [OK] [EXEC] PLACE SELL price=81360.99 qty=0.061450
[15:56:20.882] [WARNING] [EXEC] PANIC START price=81360.99
[15:56:20.886] [OK] [EXEC] SELL ORDER SENT orderId=382686659
[15:56:22.354] [OK] [SYNC] order filled detected
[15:56:22.357] [OK] [SYNC] SELL filled on exchange
[15:56:22.358] [OK] [EXEC] REALIZED pnl=-0.302949
[15:56:22.362] [WS] LIVE bid=81355.99 ask=81360.99
[15:56:22.786] [OK] [EXEC] BUY ORDER SENT orderId=382686817 price=81356.01 qty=0.061450
[15:56:22.790] [OK] [EXEC] PLACE BUY price=81356.01 qty=0.061450
[15:56:27.076] [WARNING] [EXEC] BUY TIMEOUT orderId=382686817
[15:56:27.078] [WARNING] [EXEC] CANCEL BUY orderId=382686817
[15:56:27.369] [OK] [EXEC] BUY CANCELED confirmed
[15:56:27.648] [INFO] [EXEC] BUY FINAL STATUS status=CANCELED orderId=382686817
[15:56:27.652] [WARNING] [EXEC] BLOCK reason=buy_not_filled
[15:56:27.659] [WS] LIVE bid=81360.64 ask=81366.76
[15:56:29.994] [OK] [EXEC] BUY ORDER SENT orderId=382686970 price=81359.13 qty=0.061450
[15:56:29.997] [OK] [EXEC] PLACE BUY price=81359.13 qty=0.061450
[15:56:31.192] [WS] LIVE bid=81357.12 ask=81365.60
[15:56:31.579] [OK] [EXEC] BUY PARTIAL filled=0.061450 total=0.061450
[15:56:31.582] [OK] [EXEC] BUY REMAINING qty=0.000000
[15:56:31.583] [OK] [EXEC] POSITION qty=0.061450
[15:56:31.584] [OK] [EXEC] BUY FILLED id=382686970
[15:56:31.587] [OK] [PLAN] HOT entry=81356.01 exit=81361.93 profit=0.363784 age=1573ms
[15:56:32.648] [OK] [SYNC] order filled detected
[15:56:32.651] [OK] [SYNC] BUY filled on exchange
[15:56:33.739] [OK] [EXEC] PLACE SELL price=81359.99 qty=0.061450
[15:56:34.042] [OK] [EXEC] SELL ORDER SENT orderId=382687187
[15:56:34.112] [INFO] [EXEC] RECOVERY WAIT hard_sl_pending_recovery
[15:56:34.910] [OK] [SYNC] order filled detected
[15:56:34.912] [OK] [SYNC] SELL filled on exchange
[15:56:34.913] [OK] [EXEC] REALIZED pnl=+0.052847
[15:56:36.595] [OK] [EXEC] BUY ORDER SENT orderId=382687349 price=81356.27 qty=0.061450
[15:56:36.599] [OK] [EXEC] PLACE BUY price=81356.27 qty=0.061450
[15:56:37.164] [WS] LIVE bid=81363.78 ask=81367.44
[15:56:39.055] [OK] [EXEC] BUY PARTIAL filled=0.061450 total=0.061450
[15:56:39.058] [OK] [EXEC] BUY REMAINING qty=0.000000
[15:56:39.060] [OK] [EXEC] POSITION qty=0.061450
[15:56:39.061] [OK] [EXEC] BUY FILLED id=382687349
[15:56:40.161] [OK] [SYNC] order filled detected
[15:56:40.164] [OK] [SYNC] BUY filled on exchange
[15:56:40.363] [OK] [EXEC] PLACE SELL price=81356.31 qty=0.061450
[15:56:40.663] [OK] [EXEC] SELL ORDER SENT orderId=382687719
[15:56:41.686] [WS] LIVE bid=81338.08 ask=81356.03
[15:56:42.356] [INFO] [EXEC] RECOVERY WAIT hard_sl_pending_recovery
[15:56:43.886] [OK] [SYNC] order filled detected
[15:56:43.888] [OK] [SYNC] SELL filled on exchange
[15:56:43.889] [OK] [EXEC] REALIZED pnl=+0.002458
[15:56:46.726] [WS] LIVE bid=81350.68 ask=81357.11
[15:56:47.097] [WARNING] cancel all requested
[15:56:47.100] [WARNING] STOP
[15:56:47.898] [WS] stale/lost
[15:56:49.732] [OK] [PLAN] HOT entry=81340.01 exit=81349.57 profit=0.587653 age=20ms
[15:56:50.488] [OK] [PLAN] READY entry=81360.94 exit=81364.30 profit=0.206472 age=775ms
