[14:35:53.525] [OK] filters loaded
[14:36:19.609] [INFO] START_CLICK received enabled=True api_ready=True running=False
[14:36:19.609] [INFO] START_SETTINGS live_enabled=True guard_mode=FAST entry_mode=AGGRESSIVE exit_engine=True order_size=500.0
[14:36:19.609] [INFO] START_PROFILE order_size=500.0 min_spread=6.0 guard_mode=FAST entry_mode=AGGRESSIVE sell_timeout=900 far_sell_ticks=30 taker_exit_after_ms=850
[14:36:19.610] [INFO] SETTINGS_MERGE_PRESERVE existing_values=true missing_added=0
[14:36:20.121] [EXCHANGE] symbol=BTCU base=BTC quote=U status=TRADING permissions=[]
[14:36:20.142] [OK] START
[14:36:20.145] [OK] START_OK runtime_started
[14:36:20.147] [INFO] [EXEC] LIVE ON
[14:36:20.148] [INFO] [EXEC] WAIT READY
[14:36:20.149] [WARNING] [HEALTH] block spread_too_young lifetime=0
[14:36:20.150] [WARNING] [HEALTH] unstable_spread lifetime=0
[14:36:20.151] [WARNING] [EXEC] BLOCK_BUY reason=ws_stale mode=FAST ws_age=None spread=17.33 stable=1/1 mid_delta=0.00 bid_delta=0.00
[14:36:21.061] [WS] primary url=wss://stream.binance.com:9443/ws/btcu@bookTicker
[14:36:21.062] [WS] connecting primary
[14:36:21.198] [OK] [PLAN] HOT entry=80487.75 exit=80498.99 profit=0.069800 age=1051ms
[14:36:21.466] [WS] connected
[14:36:23.740] [INFO] [EXEC] SELL ACCOUNTING RESET new_cycle
[14:36:23.744] [OK] [EXEC] BUY ORDER SENT orderId=385865401 price=80483.01 qty=0.006210
[14:36:23.746] [OK] [EXEC] PLACE BUY price=80483.01 qty=0.006210
[14:36:25.743] [INFO] [EXEC] BUY_WATCHDOG_SYNC orderId=385865401 status=NEW
[14:36:25.743] [INFO] [EXEC] ENTRY_REPRICE reason=wide_spread_cross old=80483.01 new=80483.05 count=1
[14:36:26.290] [OK] [EXEC] ENTRY_PLACE price=80483.05 qty=0.006210
[14:36:27.587] [INFO] [EXEC] BUY_WATCHDOG_SYNC orderId=385865551 status=NEW
[14:36:27.587] [WARNING] [EXEC] BUY_WATCHDOG_FAR_CANCEL orderId=385865551 price=80483.05 bid=80484.96 dist_ticks=191
[14:36:28.355] [INFO] [HEALTH] state=GOOD
[14:36:28.619] [INFO] [EXEC] SELL ACCOUNTING RESET new_cycle
[14:36:28.619] [OK] [EXEC] BUY ORDER SENT orderId=385865672 price=80485.87 qty=0.006210
[14:36:28.619] [OK] [EXEC] PLACE BUY price=80485.87 qty=0.006210
[14:36:30.638] [INFO] [EXEC] BUY_WATCHDOG_SYNC orderId=385865672 status=NEW
[14:36:30.641] [WARNING] [EXEC] BUY_WATCHDOG_FAR_CANCEL orderId=385865672 price=80485.87 bid=80487.48 dist_ticks=161
[14:36:31.666] [INFO] [EXEC] SELL ACCOUNTING RESET new_cycle
[14:36:31.666] [OK] [EXEC] BUY ORDER SENT orderId=385865843 price=80483.01 qty=0.006210
[14:36:31.666] [OK] [EXEC] PLACE BUY price=80483.01 qty=0.006210
[14:36:33.693] [INFO] [EXEC] BUY_WATCHDOG_SYNC orderId=385865843 status=NEW
[14:36:33.696] [WARNING] [EXEC] BUY_WATCHDOG_FAR_CANCEL orderId=385865843 price=80483.01 bid=80498.08 dist_ticks=1507
[14:36:34.432] [INFO] [HEALTH] state=GOOD
[14:36:34.694] [INFO] [EXEC] SELL ACCOUNTING RESET new_cycle
[14:36:34.697] [OK] [EXEC] BUY ORDER SENT orderId=385866211 price=80497.27 qty=0.006210
[14:36:34.697] [OK] [EXEC] PLACE BUY price=80497.27 qty=0.006210
[14:36:36.713] [INFO] [EXEC] BUY_WATCHDOG_SYNC orderId=385866211 status=NEW
[14:36:36.717] [WARNING] [EXEC] BUY_WATCHDOG_FAR_CANCEL orderId=385866211 price=80497.27 bid=80502.83 dist_ticks=555
[14:36:37.768] [INFO] [EXEC] SELL ACCOUNTING RESET new_cycle
[14:36:37.769] [OK] [EXEC] BUY ORDER SENT orderId=385866483 price=80493.85 qty=0.006210
[14:36:37.771] [OK] [EXEC] PLACE BUY price=80493.85 qty=0.006210
[14:36:39.273] [INFO] [EXEC] BUY_WATCHDOG_SYNC orderId=385866483 status=NEW
[14:36:39.279] [WARNING] [EXEC] BUY_WATCHDOG_FAR_CANCEL orderId=385866483 price=80493.85 bid=80498.03 dist_ticks=417
[14:36:40.025] [INFO] [HEALTH] state=GOOD
[14:36:40.290] [INFO] [EXEC] SELL ACCOUNTING RESET new_cycle
[14:36:40.290] [OK] [EXEC] BUY ORDER SENT orderId=385866682 price=80500.54 qty=0.006210
[14:36:40.290] [OK] [EXEC] PLACE BUY price=80500.54 qty=0.006210
[14:36:40.826] [OK] [SYNC] order filled detected
[14:36:40.827] [OK] [SYNC] BUY filled on exchange
[14:36:40.827] [OK] [EXEC] BUY FILL UPDATE delta=0.006210 avg=80500.54
[14:36:40.829] [OK] [EXEC] CHUNK ADD qty=0.006210 entry=80500.54
[14:36:40.831] [INFO] [EXEC] CHUNK COUNT n=1
[14:36:40.831] [OK] [EXEC] INVENTORY qty=0.006210
[14:36:40.832] [OK] [EXEC] SELL REQUIRED inventory=0.006210
[14:36:41.580] [INFO] [EXEC] SELL CHECK inventory=0.006210 reported=0.000000 remaining=0.006210 chunks=1
[14:36:41.584] [INFO] [EXEC] PLACE_SELL_SOURCE source=plan price=80513.20
[14:36:41.587] [OK] [EXEC] PLACE SELL price=80513.20 qty=0.006210
[14:36:41.885] [OK] [EXEC] SELL ORDER SENT orderId=385866814
[14:36:43.104] [WARNING] [EXEC] TAKER_EXIT_TRIGGER reason=timeout_after_ms age=1254 qty=0.006210
[14:36:43.104] [WARNING] [EXEC] TAKER_EXIT_CANCEL_MAKER orderId=385866814
[14:36:43.905] [INFO] [EXEC] PLACE_SELL_SOURCE source=taker price=80488.52
[14:36:44.165] [WARNING] [EXEC] TAKER_EXIT_ORDER_SENT id=385866987 price=80488.52 qty=0.006210
[14:36:44.697] [WARNING] [SYNC] desync fixed
[14:36:44.894] [INFO] [EXEC] TAKER_STATUS_GUARD_SKIP reason=exit_recovery_inventory_no_sell
[14:36:44.897] [INFO] [EXEC] TAKER_STATUS_GUARD_SKIP reason=place_sell
[14:36:45.385] [INFO] [EXEC] TAKER_STATUS_WAIT orderId=385866987
[14:36:45.666] [INFO] [EXEC] TAKER_STATUS_SYNC orderId=385866987 status=EXPIRED
[14:36:45.666] [OK] [EXEC] FIFO CLOSE qty=0.000450 entry=80500.54 exit=80489.03 pnl=-0.005178
[14:36:45.666] [OK] [EXEC] REALIZED pnl=-0.005178
[14:36:45.946] [WARNING] [EXEC] TAKER_STATUS_FAILED status=EXPIRED
[14:36:45.949] [ERROR] [EXEC] TAKER_STATUS_TIMEOUT orderId=385866987
[14:36:47.465] [WARNING] [EXEC] SELL_PENDING_WITHOUT_ORDER_FIXED
[14:36:47.990] [INFO] [EXEC] SELL CHECK inventory=0.005760 reported=0.000450 remaining=0.005310 chunks=1
[14:36:47.990] [INFO] [EXEC] PLACE_SELL_SOURCE source=plan price=80502.00
[14:36:47.990] [OK] [EXEC] PLACE SELL price=80502.00 qty=0.005310
[14:36:48.266] [OK] [EXEC] SELL ORDER SENT orderId=385867240
[14:36:49.243] [INFO] [EXEC] SELL_UPSIZE_SKIPPED reason=exit_or_panic_active
[14:36:49.243] [WARNING] [EXEC] TAKER_EXIT_TRIGGER reason=timeout_after_ms age=993 qty=0.005760
[14:36:49.243] [WARNING] [EXEC] TAKER_EXIT_CANCEL_MAKER orderId=385867240
[14:36:50.079] [INFO] [EXEC] PLACE_SELL_SOURCE source=taker price=80492.09
[14:36:50.338] [WARNING] [EXEC] TAKER_EXIT_ORDER_SENT id=385867347 price=80492.09 qty=0.005760
[14:36:50.870] [OK] [SYNC] order filled detected
[14:36:50.872] [OK] [SYNC] SELL filled on exchange
[14:36:50.872] [OK] [EXEC] FIFO CLOSE qty=0.005760 entry=80500.54 exit=80495.91 pnl=-0.026669
[14:36:50.875] [INFO] [EXEC] CHUNK DRAINED
[14:36:50.877] [OK] [EXEC] REALIZED pnl=-0.026669
[14:36:50.879] [INFO] [EXEC] SELL ACCOUNTING RESET flat
[14:36:50.880] [OK] [EXEC] CYCLE CLOSED pnl=-0.031847
[14:36:50.881] [INFO] [EXEC] SESSION realized=-0.031847 wins=0 losses=1
[14:36:50.995] [INFO] [HEALTH] state=GOOD
[14:36:50.996] [WARNING] [EXEC] BLOCK_BUY reason=cooldown_loss_cycle mode=FAST ws_age=125 spread=10.08 stable=1/1 mid_delta=0.00 bid_delta=0.00
[14:36:51.790] [INFO] [EXEC] SELL ACCOUNTING RESET new_cycle
[14:36:51.790] [OK] [EXEC] BUY ORDER SENT orderId=385867482 price=80498.30 qty=0.006210
[14:36:51.790] [OK] [EXEC] PLACE BUY price=80498.30 qty=0.006210
[14:36:53.055] [INFO] [EXEC] ENTRY_REPRICE reason=wide_spread_cross old=80498.30 new=80514.04 count=1
[14:36:53.583] [OK] [EXEC] ENTRY_PLACE price=80514.04 qty=0.006210
[14:36:54.588] [INFO] [EXEC] BUY_WATCHDOG_SYNC orderId=385867640 status=FILLED
[14:36:54.588] [OK] [SYNC] order filled detected
[14:36:54.588] [OK] [SYNC] BUY filled on exchange
[14:36:54.588] [OK] [EXEC] BUY FILL UPDATE delta=0.006210 avg=80514.04
[14:36:54.588] [OK] [EXEC] CHUNK ADD qty=0.006210 entry=80514.04
[14:36:54.588] [INFO] [EXEC] CHUNK COUNT n=1
[14:36:54.588] [OK] [EXEC] INVENTORY qty=0.006210
[14:36:54.588] [OK] [EXEC] SELL REQUIRED inventory=0.006210
[14:36:55.609] [INFO] [EXEC] SELL CHECK inventory=0.006210 reported=0.000000 remaining=0.006210 chunks=1
[14:36:55.611] [INFO] [EXEC] PLACE_SELL_SOURCE source=plan price=80522.99
[14:36:55.614] [OK] [EXEC] PLACE SELL price=80522.99 qty=0.006210
[14:36:55.871] [OK] [EXEC] SELL ORDER SENT orderId=385867704
[14:36:56.837] [WARNING] [EXEC] TAKER_EXIT_TRIGGER reason=timeout_after_ms age=961 qty=0.006210
[14:36:56.837] [WARNING] [EXEC] TAKER_EXIT_CANCEL_MAKER orderId=385867704
[14:36:57.362] [OK] [EXEC] FIFO CLOSE qty=0.006210 entry=80514.04 exit=80522.99 pnl=+0.055579
[14:36:57.365] [INFO] [EXEC] CHUNK DRAINED
[14:36:57.367] [OK] [EXEC] REALIZED pnl=+0.055579
[14:36:57.370] [INFO] [EXEC] SELL ACCOUNTING RESET flat
[14:36:57.372] [OK] [EXEC] CYCLE CLOSED pnl=+0.055579
[14:36:57.374] [INFO] [EXEC] SESSION realized=+0.023733 wins=1 losses=1
[14:36:57.377] [INFO] [EXEC] SELL ACCOUNTING RESET flat
[14:36:57.379] [INFO] [EXEC] CYCLE SKIP no_fifo_pnl
[14:36:57.381] [OK] [EXEC] SELL FILLED id=385867704
[14:36:57.383] [OK] [EXEC] SELL FILLED qty=0.006210 remaining=0.000000
[14:36:57.385] [INFO] [EXEC] SELL ACCOUNTING RESET inventory_drained
[14:36:57.387] [INFO] [EXEC] INVENTORY DRAINED epsilon_cleanup qty=0.000000
[14:36:57.388] [INFO] [EXEC] SELL ACCOUNTING RESET flat
[14:36:57.389] [INFO] [EXEC] CYCLE SKIP no_fifo_pnl
[14:36:57.825] [INFO] [HEALTH] state=GOOD
[14:36:58.099] [INFO] [EXEC] SELL ACCOUNTING RESET new_cycle
[14:36:58.102] [OK] [EXEC] BUY ORDER SENT orderId=385867870 price=80515.01 qty=0.006210
[14:36:58.103] [OK] [EXEC] PLACE BUY price=80515.01 qty=0.006210
[14:36:58.637] [OK] [SYNC] order filled detected
[14:36:58.640] [OK] [SYNC] BUY filled on exchange
[14:36:58.641] [OK] [EXEC] BUY FILL UPDATE delta=0.006210 avg=80515.01
[14:36:58.642] [OK] [EXEC] CHUNK ADD qty=0.006210 entry=80515.01
[14:36:58.643] [INFO] [EXEC] CHUNK COUNT n=1
[14:36:58.644] [OK] [EXEC] INVENTORY qty=0.006210
[14:36:58.645] [OK] [EXEC] SELL REQUIRED inventory=0.006210
[14:36:59.862] [INFO] [EXEC] SELL CHECK inventory=0.006210 reported=0.000000 remaining=0.006210 chunks=1
[14:36:59.864] [INFO] [EXEC] PLACE_SELL_SOURCE source=plan price=80522.99
[14:36:59.866] [OK] [EXEC] PLACE SELL price=80522.99 qty=0.006210
[14:37:00.135] [OK] [EXEC] SELL ORDER SENT orderId=385868091
[14:37:00.729] [OK] [SYNC] order filled detected
[14:37:00.729] [OK] [SYNC] SELL filled on exchange
[14:37:00.729] [OK] [EXEC] FIFO CLOSE qty=0.006210 entry=80515.01 exit=80522.99 pnl=+0.049556
[14:37:00.729] [INFO] [EXEC] CHUNK DRAINED
[14:37:00.729] [OK] [EXEC] REALIZED pnl=+0.049556
[14:37:00.729] [INFO] [EXEC] SELL ACCOUNTING RESET flat
[14:37:00.729] [OK] [EXEC] CYCLE CLOSED pnl=+0.049556
[14:37:00.729] [INFO] [EXEC] SESSION realized=+0.073288 wins=2 losses=1
[14:37:01.603] [INFO] [EXEC] SELL ACCOUNTING RESET new_cycle
[14:37:01.603] [OK] [EXEC] BUY ORDER SENT orderId=385868230 price=80523.01 qty=0.006200
[14:37:01.603] [OK] [EXEC] PLACE BUY price=80523.01 qty=0.006200
[14:37:02.161] [OK] [SYNC] order filled detected
[14:37:02.165] [OK] [SYNC] BUY filled on exchange
[14:37:02.166] [OK] [EXEC] BUY FILL UPDATE delta=0.006200 avg=80523.01
[14:37:02.168] [OK] [EXEC] CHUNK ADD qty=0.006200 entry=80523.01
[14:37:02.170] [INFO] [EXEC] CHUNK COUNT n=1
[14:37:02.171] [OK] [EXEC] INVENTORY qty=0.006200
[14:37:02.172] [OK] [EXEC] SELL REQUIRED inventory=0.006200
[14:37:03.110] [INFO] [EXEC] SELL CHECK inventory=0.006200 reported=0.000000 remaining=0.006190 chunks=1
[14:37:03.110] [INFO] [EXEC] PLACE_SELL_SOURCE source=plan price=80523.02
[14:37:03.110] [OK] [EXEC] PLACE SELL price=80523.02 qty=0.006190
[14:37:03.394] [WARNING] [EXEC] SELL_HOLD_RECOVERY_START orderId=385868488 entry=80523.01 floor=80523.02 ask=80521.99
[14:37:03.398] [OK] [EXEC] SELL ORDER SENT orderId=385868488
[14:37:03.916] [OK] [SYNC] order filled detected
[14:37:03.916] [OK] [SYNC] SELL filled on exchange
[14:37:03.916] [OK] [EXEC] FIFO CLOSE qty=0.006190 entry=80523.01 exit=80532.90 pnl=+0.061219
[14:37:03.916] [INFO] [EXEC] CHUNK DRAINED
[14:37:03.931] [OK] [EXEC] REALIZED pnl=+0.061219
[14:37:03.931] [INFO] [EXEC] SELL ACCOUNTING RESET flat
[14:37:03.931] [OK] [EXEC] CYCLE CLOSED pnl=+0.061219
[14:37:03.931] [INFO] [EXEC] SESSION realized=+0.134508 wins=3 losses=1
[14:37:04.151] [INFO] [HEALTH] state=GOOD
[14:37:04.421] [INFO] [EXEC] SELL ACCOUNTING RESET new_cycle
[14:37:04.425] [OK] [EXEC] BUY ORDER SENT orderId=385868713 price=80540.36 qty=0.006200
[14:37:04.426] [OK] [EXEC] PLACE BUY price=80540.36 qty=0.006200
[14:37:06.519] [INFO] [EXEC] BUY_WATCHDOG_SYNC orderId=385868713 status=NEW
[14:37:06.524] [WARNING] [EXEC] BUY_WATCHDOG_FAR_CANCEL orderId=385868713 price=80540.36 bid=80544.85 dist_ticks=449
[14:37:07.511] [INFO] [EXEC] SELL ACCOUNTING RESET new_cycle
[14:37:07.515] [OK] [EXEC] BUY ORDER SENT orderId=385869135 price=80555.08 qty=0.006200
[14:37:07.516] [OK] [EXEC] PLACE BUY price=80555.08 qty=0.006200
[14:37:09.563] [INFO] [EXEC] BUY_WATCHDOG_SYNC orderId=385869135 status=NEW
[14:37:09.566] [WARNING] [EXEC] BUY_WATCHDOG_FAR_CANCEL orderId=385869135 price=80555.08 bid=80570.04 dist_ticks=1495
[14:37:10.306] [INFO] [HEALTH] state=GOOD
[14:37:10.588] [INFO] [EXEC] SELL ACCOUNTING RESET new_cycle
[14:37:10.588] [OK] [EXEC] BUY ORDER SENT orderId=385869424 price=80573.33 qty=0.006200
[14:37:10.588] [OK] [EXEC] PLACE BUY price=80573.33 qty=0.006200
[14:37:12.119] [OK] [SYNC] order filled detected
[14:37:12.134] [OK] [SYNC] BUY filled on exchange
[14:37:12.134] [OK] [EXEC] BUY FILL UPDATE delta=0.006200 avg=80573.33
[14:37:12.134] [OK] [EXEC] CHUNK ADD qty=0.006200 entry=80573.33
[14:37:12.134] [INFO] [EXEC] CHUNK COUNT n=1
[14:37:12.134] [OK] [EXEC] INVENTORY qty=0.006200
[14:37:12.134] [OK] [EXEC] SELL REQUIRED inventory=0.006200
[14:37:13.075] [INFO] [EXEC] SELL CHECK inventory=0.006200 reported=0.000000 remaining=0.006190 chunks=1
[14:37:13.078] [INFO] [EXEC] PLACE_SELL_SOURCE source=plan price=80579.00
[14:37:13.081] [OK] [EXEC] PLACE SELL price=80579.00 qty=0.006190
[14:37:13.344] [OK] [EXEC] SELL ORDER SENT orderId=385869662
[14:37:14.354] [INFO] [EXEC] SELL_UPSIZE_SKIPPED reason=exit_or_panic_active
[14:37:14.359] [WARNING] [EXEC] TAKER_EXIT_TRIGGER reason=timeout_after_ms age=1015 qty=0.006200
[14:37:14.361] [WARNING] [EXEC] TAKER_EXIT_CANCEL_MAKER orderId=385869662
[14:37:15.183] [INFO] [EXEC] PLACE_SELL_SOURCE source=taker price=80553.92
[14:37:15.431] [WARNING] [EXEC] TAKER_EXIT_ORDER_SENT id=385869838 price=80553.92 qty=0.006190
[14:37:15.447] [OK] [PLAN] HOT entry=80555.01 exit=80562.99 profit=0.049476 age=1599ms
[14:37:15.981] [WARNING] [SYNC] desync fixed
[14:37:16.123] [INFO] [EXEC] TAKER_STATUS_GUARD_SKIP reason=exit_recovery_inventory_no_sell
[14:37:16.127] [INFO] [EXEC] TAKER_STATUS_GUARD_SKIP reason=place_sell
[14:37:16.650] [INFO] [EXEC] TAKER_STATUS_WAIT orderId=385869838
[14:37:16.900] [INFO] [EXEC] TAKER_STATUS_SYNC orderId=385869838 status=EXPIRED
[14:37:17.181] [WARNING] [EXEC] TAKER_STATUS_FAILED status=EXPIRED
[14:37:17.181] [ERROR] [EXEC] TAKER_STATUS_TIMEOUT orderId=385869838
[14:37:18.678] [WARNING] [EXEC] SELL_PENDING_WITHOUT_ORDER_FIXED
[14:37:19.213] [INFO] [EXEC] SELL CHECK inventory=0.006200 reported=0.000000 remaining=0.006190 chunks=1
[14:37:19.213] [INFO] [EXEC] PLACE_SELL_SOURCE source=plan price=80573.34
[14:37:19.213] [OK] [EXEC] PLACE SELL price=80573.34 qty=0.006190
[14:37:19.509] [WARNING] [EXEC] SELL_HOLD_RECOVERY_START orderId=385870221 entry=80573.33 floor=80573.34 ask=80561.99
[14:37:19.509] [OK] [EXEC] SELL ORDER SENT orderId=385870221
[14:37:20.054] [OK] [SYNC] order filled detected
[14:37:20.057] [OK] [SYNC] SELL filled on exchange
[14:37:20.057] [OK] [EXEC] FIFO CLOSE qty=0.006190 entry=80573.33 exit=80573.34 pnl=+0.000062
[14:37:20.061] [INFO] [EXEC] CHUNK DRAINED
[14:37:20.064] [OK] [EXEC] REALIZED pnl=+0.000062
[14:37:20.066] [INFO] [EXEC] SELL ACCOUNTING RESET flat
[14:37:20.068] [OK] [EXEC] CYCLE CLOSED pnl=+0.000062
[14:37:20.070] [INFO] [EXEC] SESSION realized=+0.134569 wins=4 losses=1
[14:37:20.197] [INFO] [HEALTH] state=GOOD
[14:37:20.463] [INFO] [EXEC] SELL ACCOUNTING RESET new_cycle
[14:37:20.466] [OK] [EXEC] BUY ORDER SENT orderId=385870287 price=80571.28 qty=0.006200
[14:37:20.467] [OK] [EXEC] PLACE BUY price=80571.28 qty=0.006200
[14:37:22.464] [INFO] [EXEC] BUY_WATCHDOG_SYNC orderId=385870287 status=NEW
[14:37:22.467] [WARNING] [EXEC] BUY_WATCHDOG_FAR_CANCEL orderId=385870287 price=80571.28 bid=80577.20 dist_ticks=591
[14:37:24.009] [INFO] [EXEC] SELL ACCOUNTING RESET new_cycle
[14:37:24.009] [OK] [EXEC] BUY ORDER SENT orderId=385870593 price=80579.03 qty=0.006200
[14:37:24.009] [OK] [EXEC] PLACE BUY price=80579.03 qty=0.006200
[14:37:24.553] [OK] [SYNC] order filled detected
[14:37:24.556] [OK] [SYNC] BUY filled on exchange
[14:37:24.556] [OK] [EXEC] BUY FILL UPDATE delta=0.006200 avg=80579.03
[14:37:24.557] [OK] [EXEC] CHUNK ADD qty=0.006200 entry=80579.03
[14:37:24.557] [INFO] [EXEC] CHUNK COUNT n=1
[14:37:24.557] [OK] [EXEC] INVENTORY qty=0.006200
[14:37:24.557] [OK] [EXEC] SELL REQUIRED inventory=0.006200
