[14:54:39.134] [OK] filters loaded
[14:54:41.632] [EXCHANGE] symbol=BTCU base=BTC quote=U status=TRADING permissions=[]
[14:54:41.647] [OK] START
[14:54:41.647] [INFO] [EXEC] LIVE ON
[14:54:41.647] [INFO] [EXEC] WAIT READY
[14:54:42.397] [WS] primary url=wss://stream.binance.com:9443/ws/btcu@bookTicker
[14:54:42.397] [WS] connecting primary
[14:54:43.428] [OK] [EXEC] BUY ORDER SENT orderId=382426408 price=80835.77 qty=0.012370
[14:54:43.428] [OK] [EXEC] PLACE BUY price=80835.77 qty=0.012370
[14:54:43.970] [WS] connected
[14:54:43.971] [WS] LIVE bid=80833.78 ask=80842.00
[14:54:44.412] [OK] [EXEC] BUY PARTIAL filled=0.012370 total=0.012370
[14:54:44.412] [OK] [EXEC] BUY REMAINING qty=0.000000
[14:54:44.412] [OK] [EXEC] POSITION qty=0.012370
[14:54:44.412] [OK] [EXEC] BUY FILLED id=382426408
[14:54:44.961] [OK] [SYNC] order filled detected
[14:54:44.963] [OK] [SYNC] BUY filled on exchange
[14:54:45.930] [OK] [EXEC] PLACE SELL price=80835.81 qty=0.012370
[14:54:46.198] [OK] [EXEC] SELL ORDER SENT orderId=382426633
[14:54:47.397] [INFO] [EXEC] RECOVERY WAIT hard_sl_pending_recovery
[14:54:47.676] [OK] [EXEC] SELL FILLED id=382426633
[14:54:47.679] [OK] [EXEC] SELL FILLED qty=0.012370 remaining=0.000000
[14:54:47.681] [OK] [EXEC] REALIZED pnl=+0.000371
[14:54:48.210] [WS] LIVE bid=80831.31 ask=80837.05
[14:54:48.493] [OK] [EXEC] BUY ORDER SENT orderId=382426773 price=80833.31 qty=0.012370
[14:54:48.496] [OK] [EXEC] PLACE BUY price=80833.31 qty=0.012370
[14:54:52.908] [WARNING] [EXEC] BUY TIMEOUT orderId=382426773
[14:54:52.913] [WARNING] [EXEC] CANCEL BUY orderId=382426773
[14:54:53.162] [OK] [EXEC] BUY CANCELED confirmed
[14:54:53.445] [INFO] [EXEC] BUY FINAL STATUS status=CANCELED orderId=382426773
[14:54:53.449] [WARNING] [EXEC] BLOCK reason=buy_not_filled
[14:54:53.454] [OK] [PLAN] HOT entry=80839.22 exit=80855.89 profit=0.206208 age=817ms
[14:54:54.226] [WS] LIVE bid=80845.67 ask=80852.10
[14:54:56.683] [OK] [EXEC] BUY ORDER SENT orderId=382427525 price=80860.79 qty=0.012360
[14:54:56.686] [OK] [EXEC] PLACE BUY price=80860.79 qty=0.012360
[14:54:58.415] [OK] [PLAN] READY entry=80870.16 exit=80874.20 profit=0.049934 age=1731ms
[14:54:59.442] [WS] LIVE bid=80868.16 ask=80874.72
[14:55:00.870] [OK] [SYNC] order filled detected
[14:55:00.873] [OK] [SYNC] BUY filled on exchange
[14:55:01.806] [OK] [EXEC] PLACE SELL price=80871.83 qty=0.012360
[14:55:02.071] [OK] [EXEC] SELL ORDER SENT orderId=382427967
[14:55:02.077] [OK] [PLAN] HOT entry=80857.66 exit=80871.83 profit=0.175141 age=5389ms
[14:55:03.539] [INFO] [EXEC] RECOVERY WAIT hard_sl_pending_recovery
[14:55:04.336] [WS] LIVE bid=80858.03 ask=80865.99
[14:55:05.021] [INFO] [EXEC] RECOVERY WAIT hard_sl_pending_recovery
[14:55:05.286] [OK] [EXEC] SELL FILLED id=382427967
[14:55:05.290] [OK] [EXEC] SELL FILLED qty=0.012360 remaining=0.000000
[14:55:05.293] [OK] [EXEC] REALIZED pnl=+0.136454
[14:55:05.299] [OK] [PLAN] HOT entry=80860.03 exit=80872.00 profit=0.147949 age=1482ms
[14:55:05.832] [OK] [EXEC] BUY ORDER SENT orderId=382428341 price=80874.29 qty=0.012360
[14:55:05.835] [OK] [EXEC] PLACE BUY price=80874.29 qty=0.012360
[14:55:06.162] [OK] [PLAN] READY entry=80874.29 exit=80878.39 profit=0.050676 age=2357ms
[14:55:07.720] [OK] [EXEC] BUY PARTIAL filled=0.012360 total=0.012360
[14:55:07.721] [OK] [EXEC] BUY REMAINING qty=0.000000
[14:55:07.722] [OK] [EXEC] POSITION qty=0.012360
[14:55:07.723] [OK] [EXEC] BUY FILLED id=382428341
[14:55:08.246] [OK] [SYNC] order filled detected
[14:55:08.250] [OK] [SYNC] BUY filled on exchange
[14:55:09.079] [WS] LIVE bid=80863.33 ask=80874.92
[14:55:09.335] [OK] [EXEC] PLACE SELL price=80879.70 qty=0.012360
[14:55:09.628] [OK] [EXEC] SELL ORDER SENT orderId=382428593
[14:55:10.658] [OK] [SYNC] order filled detected
[14:55:10.660] [OK] [SYNC] SELL filled on exchange
[14:55:10.661] [OK] [EXEC] REALIZED pnl=+0.066868
[14:55:11.157] [OK] [EXEC] BUY ORDER SENT orderId=382428682 price=80877.27 qty=0.012360
[14:55:11.163] [OK] [EXEC] PLACE BUY price=80877.27 qty=0.012360
[14:55:11.169] [OK] [PLAN] READY entry=80877.27 exit=80881.06 profit=0.046844 age=1563ms
[14:55:13.823] [WS] LIVE bid=80877.37 ask=80883.18
[14:55:15.591] [WARNING] [EXEC] BUY TIMEOUT orderId=382428682
[14:55:15.593] [WARNING] [EXEC] CANCEL BUY orderId=382428682
[14:55:15.848] [OK] [EXEC] BUY CANCELED confirmed
[14:55:16.111] [INFO] [EXEC] BUY FINAL STATUS status=CANCELED orderId=382428682
[14:55:16.113] [WARNING] [EXEC] BLOCK reason=buy_not_filled
[14:55:17.591] [OK] [EXEC] BUY ORDER SENT orderId=382428939 price=80882.35 qty=0.012360
[14:55:17.594] [OK] [EXEC] PLACE BUY price=80882.35 qty=0.012360
[14:55:18.679] [OK] [SYNC] order filled detected
[14:55:18.682] [OK] [SYNC] BUY filled on exchange
[14:55:18.951] [WS] LIVE bid=80906.34 ask=80912.09
[14:55:19.023] [OK] [EXEC] PLACE SELL price=80910.09 qty=0.012360
[14:55:19.281] [OK] [EXEC] SELL ORDER SENT orderId=382429230
[14:55:19.284] [OK] [PLAN] HOT entry=80905.45 exit=80910.09 profit=0.057350 age=2173ms
[14:55:20.585] [INFO] [EXEC] RECOVERY WAIT hard_sl_pending_recovery
[14:55:23.049] [WARNING] [EXEC] SELL TIMEOUT orderId=382429230
[14:55:23.054] [WARNING] [EXEC] CANCEL SELL orderId=382429230
[14:55:23.669] [INFO] [EXEC] SELL FINAL STATUS status=CANCELED orderId=382429230
[14:55:23.672] [INFO] [EXEC] SAFE EXIT floor=80882.36
[14:55:23.675] [WARNING] [EXEC] SELL REPRICE old=80910.09 new=80910.08 count=1
[14:55:23.679] [OK] [EXEC] PLACE SELL price=80910.08 qty=0.012360
[14:55:24.057] [OK] [EXEC] SELL ORDER SENT orderId=382429657
[14:55:24.670] [WS] LIVE bid=80879.29 ask=80885.88
[14:55:24.689] [INFO] [EXEC] RECOVERY WAIT hard_sl_pending_recovery
[14:55:27.096] [WARNING] [EXEC] SELL TIMEOUT orderId=382429657
[14:55:27.099] [WARNING] [EXEC] CANCEL SELL orderId=382429657
[14:55:27.625] [INFO] [EXEC] SELL FINAL STATUS status=CANCELED orderId=382429657
[14:55:27.628] [INFO] [EXEC] SAFE EXIT floor=80882.36
[14:55:27.630] [WARNING] [EXEC] SELL REPRICE old=80910.08 new=80910.07 count=2
[14:55:27.634] [OK] [EXEC] PLACE SELL price=80910.07 qty=0.012360
[14:55:27.902] [OK] [EXEC] SELL ORDER SENT orderId=382429964
[14:55:28.748] [INFO] [EXEC] RECOVERY WAIT hard_sl_pending_recovery
[14:55:29.024] [OK] [PLAN] READY entry=80878.96 exit=80883.18 profit=0.052159 age=11898ms
[14:55:30.215] [WS] LIVE bid=80877.36 ask=80885.18
[14:55:31.077] [WARNING] [EXEC] SELL TIMEOUT orderId=382429964
[14:55:31.080] [WARNING] [EXEC] CANCEL SELL orderId=382429964
[14:55:31.624] [INFO] [EXEC] SELL FINAL STATUS status=CANCELED orderId=382429964
[14:55:31.628] [INFO] [EXEC] FORCE EXIT skipped market_stable
[14:55:31.635] [OK] [PLAN] HOT entry=80896.33 exit=80904.00 profit=0.094801 age=13952ms
[14:55:32.184] [WARNING] [SYNC] desync fixed
[14:55:32.477] [WARNING] [EXEC] WATCHDOG position open without sell -> recover
[14:55:33.164] [OK] [EXEC] PLACE SELL price=80905.45 qty=0.012360
[14:55:33.456] [OK] [EXEC] SELL ORDER SENT orderId=382430566
[14:55:34.574] [WS] LIVE bid=80893.46 ask=80900.47
[14:55:36.570] [WARNING] [EXEC] SELL TIMEOUT orderId=382430566
[14:55:36.570] [WARNING] [EXEC] CANCEL SELL orderId=382430566
[14:55:37.121] [INFO] [EXEC] SELL FINAL STATUS status=CANCELED orderId=382430566
[14:55:37.124] [INFO] [EXEC] FORCE EXIT skipped market_stable
[14:55:38.235] [WARNING] [SYNC] desync fixed
[14:55:39.328] [WARNING] [EXEC] BLOCK reason=position_open_no_new_buy
[14:55:39.616] [WS] LIVE bid=80890.00 ask=80898.00
[14:55:39.764] [OK] [PLAN] HOT entry=80892.01 exit=80898.19 profit=0.076385 age=433ms
[14:55:40.631] [WARNING] [EXEC] WATCHDOG position open without sell -> recover
[14:55:40.709] [OK] [EXEC] PLACE SELL price=80903.16 qty=0.012360
[14:55:40.982] [OK] [EXEC] SELL ORDER SENT orderId=382431031
[14:55:42.054] [OK] [SYNC] order filled detected
[14:55:42.055] [OK] [SYNC] SELL filled on exchange
[14:55:42.055] [OK] [EXEC] REALIZED pnl=+0.257212
[14:55:43.491] [OK] [EXEC] BUY ORDER SENT orderId=382431375 price=80899.49 qty=0.012360
[14:55:43.491] [OK] [EXEC] PLACE BUY price=80899.49 qty=0.012360
[14:55:44.569] [WS] LIVE bid=80899.49 ask=80908.74
[14:55:45.034] [OK] [PLAN] READY entry=80905.22 exit=80909.29 profit=0.050305 age=1564ms
[14:55:48.976] [WARNING] [EXEC] BUY TIMEOUT orderId=382431375
[14:55:48.976] [WARNING] [EXEC] CANCEL BUY orderId=382431375
[14:55:49.253] [OK] [EXEC] BUY CANCELED confirmed
[14:55:49.522] [INFO] [EXEC] BUY FINAL STATUS status=CANCELED orderId=382431375
[14:55:49.525] [WARNING] [EXEC] BLOCK reason=buy_not_filled
[14:55:49.789] [WS] LIVE bid=80913.34 ask=80920.06
[14:55:50.066] [OK] [EXEC] BUY ORDER SENT orderId=382431845 price=80919.91 qty=0.012350
[14:55:50.068] [OK] [EXEC] PLACE BUY price=80919.91 qty=0.012350
[14:55:50.072] [OK] [PLAN] HOT entry=80919.91 exit=80927.18 profit=0.089785 age=1098ms
[14:55:51.866] [OK] [SYNC] order filled detected
[14:55:51.868] [OK] [SYNC] BUY filled on exchange
[14:55:51.869] [OK] [EXEC] PLACE SELL price=80922.46 qty=0.012350
[14:55:52.150] [OK] [EXEC] SELL ORDER SENT orderId=382431956
[14:55:52.157] [OK] [PLAN] READY entry=80918.35 exit=80922.46 profit=0.050758 age=3161ms
[14:55:52.663] [INFO] [EXEC] RECOVERY WAIT hard_sl_pending_recovery
[14:55:52.976] [OK] [EXEC] SELL FILLED id=382431956
[14:55:52.978] [OK] [EXEC] SELL FILLED qty=0.012350 remaining=0.000000
[14:55:52.979] [OK] [EXEC] REALIZED pnl=+0.031493
[14:55:52.980] [OK] [PLAN] HOT entry=80911.11 exit=80923.22 profit=0.149559 age=3955ms
[14:55:54.215] [OK] [EXEC] BUY ORDER SENT orderId=382432114 price=80907.64 qty=0.012350
[14:55:54.218] [OK] [EXEC] PLACE BUY price=80907.64 qty=0.012350
[14:55:55.452] [OK] [SYNC] order filled detected
[14:55:55.456] [OK] [SYNC] BUY filled on exchange
[14:55:55.459] [WS] LIVE bid=80907.65 ask=80913.17
[14:55:55.788] [OK] [EXEC] PLACE SELL price=80911.08 qty=0.012350
[14:55:56.185] [OK] [EXEC] SELL ORDER SENT orderId=382432158
[14:55:57.908] [INFO] [EXEC] RECOVERY WAIT hard_sl_pending_recovery
[14:55:59.730] [OK] [EXEC] SELL FILLED id=382432158
[14:55:59.734] [OK] [EXEC] SELL FILLED qty=0.012350 remaining=0.000000
[14:55:59.738] [OK] [EXEC] REALIZED pnl=+0.042484
[14:56:00.006] [WS] LIVE bid=80915.77 ask=80921.80
[14:56:00.485] [OK] [EXEC] BUY ORDER SENT orderId=382432482 price=80913.16 qty=0.012350
[14:56:00.490] [OK] [EXEC] PLACE BUY price=80913.16 qty=0.012350
[14:56:00.490] [OK] [PLAN] HOT entry=80913.16 exit=80928.00 profit=0.183274 age=766ms
[14:56:02.095] [OK] [PLAN] READY entry=80915.16 exit=80919.47 profit=0.053228 age=2338ms
[14:56:02.616] [OK] [SYNC] order filled detected
[14:56:02.616] [OK] [SYNC] BUY filled on exchange
[14:56:03.484] [OK] [EXEC] PLACE SELL price=80913.20 qty=0.012350
[14:56:03.756] [OK] [EXEC] SELL ORDER SENT orderId=382432768
[14:56:04.770] [WS] LIVE bid=80896.10 ask=80903.09
[14:56:04.928] [INFO] [EXEC] RECOVERY WAIT hard_sl_pending_recovery
[14:56:07.244] [WARNING] [EXEC] SELL TIMEOUT orderId=382432768
[14:56:07.249] [WARNING] [EXEC] CANCEL SELL orderId=382432768
[14:56:07.793] [INFO] [EXEC] SELL FINAL STATUS status=CANCELED orderId=382432768
[14:56:07.796] [WARNING] [EXEC] FORCE EXIT hard_sl_triggered
[14:56:07.799] [ERROR] [EXEC] HARD SL triggered
[14:56:07.803] [WARNING] [EXEC] PANIC EXIT sl_mode
[14:56:07.805] [WARNING] [EXEC] FORCE EXIT price=80895.23
[14:56:07.808] [OK] [EXEC] PLACE SELL price=80895.23 qty=0.012350
[14:56:08.081] [OK] [EXEC] SELL ORDER SENT orderId=382433113
[14:56:08.716] [OK] [SYNC] order filled detected
[14:56:08.719] [OK] [SYNC] SELL filled on exchange
[14:56:08.720] [OK] [EXEC] REALIZED pnl=-0.125723
[14:56:09.293] [OK] [EXEC] BUY ORDER SENT orderId=382433188 price=80902.98 qty=0.012360
[14:56:09.296] [OK] [EXEC] PLACE BUY price=80902.98 qty=0.012360
[14:56:09.598] [OK] [PLAN] READY entry=80905.23 exit=80908.71 profit=0.043013 age=313ms
[14:56:10.620] [WS] LIVE bid=80904.74 ask=80911.63
[14:56:11.177] [OK] [PLAN] HOT entry=80904.99 exit=80910.77 profit=0.071441 age=1892ms
[14:56:13.179] [WARNING] [EXEC] BUY TIMEOUT orderId=382433188
[14:56:13.179] [WARNING] [EXEC] CANCEL BUY orderId=382433188
[14:56:13.460] [OK] [EXEC] BUY CANCELED confirmed
[14:56:13.723] [INFO] [EXEC] BUY FINAL STATUS status=CANCELED orderId=382433188
[14:56:13.725] [WARNING] [EXEC] BLOCK reason=buy_not_filled
[14:56:15.109] [OK] [EXEC] BUY ORDER SENT orderId=382433646 price=80910.57 qty=0.012350
[14:56:15.113] [OK] [EXEC] PLACE BUY price=80910.57 qty=0.012350
[14:56:15.119] [OK] [PLAN] READY entry=80910.57 exit=80914.44 profit=0.047794 age=5345ms
[14:56:16.625] [WS] LIVE bid=80908.57 ask=80914.84
[14:56:17.646] [OK] [SYNC] order filled detected
[14:56:17.649] [OK] [SYNC] BUY filled on exchange
[14:56:17.651] [OK] [EXEC] PLACE SELL price=80921.19 qty=0.012350
[14:56:17.916] [OK] [EXEC] SELL ORDER SENT orderId=382433831
[14:56:17.921] [OK] [PLAN] HOT entry=80912.65 exit=80921.19 profit=0.105469 age=8629ms
[14:56:20.689] [WS] LIVE bid=80896.11 ask=80908.22
[14:56:21.725] [WARNING] [EXEC] SELL TIMEOUT orderId=382433831
[14:56:21.729] [WARNING] [EXEC] CANCEL SELL orderId=382433831
[14:56:22.241] [INFO] [EXEC] SELL FINAL STATUS status=CANCELED orderId=382433831
[14:56:22.241] [WARNING] [EXEC] PANIC EXIT final_recover_place_sell
[14:56:22.241] [WARNING] [EXEC] PANIC EXIT panic_final_recover
[14:56:22.258] [WARNING] [EXEC] FORCE EXIT price=80903.80
[14:56:22.260] [OK] [EXEC] PLACE SELL price=80903.80 qty=0.012350
[14:56:22.519] [OK] [EXEC] SELL ORDER SENT orderId=382434066
[14:56:23.870] [OK] [EXEC] SELL FILLED id=382434066
[14:56:23.874] [OK] [EXEC] SELL FILLED qty=0.012350 remaining=0.000000
[14:56:23.877] [OK] [EXEC] REALIZED pnl=-0.083609
[14:56:24.929] [OK] [EXEC] BUY ORDER SENT orderId=382434242 price=80895.43 qty=0.012360
[14:56:24.931] [OK] [EXEC] PLACE BUY price=80895.43 qty=0.012360
[14:56:25.434] [WS] LIVE bid=80895.43 ask=80902.19
[14:56:28.336] [OK] [SYNC] order filled detected
[14:56:28.339] [OK] [SYNC] BUY filled on exchange
[14:56:29.382] [OK] [EXEC] PLACE SELL price=80904.27 qty=0.012360
[14:56:29.631] [OK] [EXEC] SELL ORDER SENT orderId=382434672
[14:56:30.951] [WS] LIVE bid=80888.68 ask=80899.88
[14:56:32.846] [WARNING] [EXEC] SELL TIMEOUT orderId=382434672
[14:56:32.850] [WARNING] [EXEC] CANCEL SELL orderId=382434672
[14:56:33.386] [INFO] [EXEC] SELL FINAL STATUS status=CANCELED orderId=382434672
[14:56:33.390] [WARNING] [EXEC] PANIC EXIT final_recover_place_sell
[14:56:33.395] [WARNING] [EXEC] PANIC EXIT panic_final_recover
[14:56:33.398] [WARNING] [EXEC] FORCE EXIT price=80891.57
[14:56:33.402] [OK] [EXEC] PLACE SELL price=80891.57 qty=0.012360
[14:56:33.684] [OK] [EXEC] SELL ORDER SENT orderId=382435126
[14:56:35.467] [WARNING] [EXEC] SELL TIMEOUT orderId=382435126
[14:56:35.471] [WARNING] [EXEC] CANCEL SELL orderId=382435126
[14:56:35.991] [INFO] [EXEC] SELL FINAL STATUS status=CANCELED orderId=382435126
[14:56:36.009] [WARNING] [EXEC] PANIC EXIT final_recover_place_sell
[14:56:36.012] [WARNING] [EXEC] PANIC EXIT panic_final_recover
[14:56:36.015] [WARNING] [EXEC] FORCE EXIT price=80859.00
[14:56:36.017] [OK] [EXEC] PLACE SELL price=80859.00 qty=0.012360
[14:56:36.280] [OK] [EXEC] SELL ORDER SENT orderId=382435440
[14:56:36.810] [WS] LIVE bid=80842.11 ask=80859.99
[14:56:37.256] [OK] [PLAN] READY entry=80852.00 exit=80856.00 profit=0.049440 age=1783ms
[14:56:38.853] [WARNING] [EXEC] SELL TIMEOUT orderId=382435440
[14:56:38.856] [WARNING] [EXEC] CANCEL SELL orderId=382435440
[14:56:39.381] [INFO] [EXEC] SELL FINAL STATUS status=CANCELED orderId=382435440
[14:56:39.381] [WARNING] [EXEC] PANIC EXIT final_recover_place_sell
[14:56:39.381] [WARNING] [EXEC] PANIC EXIT panic_final_recover
[14:56:39.381] [WARNING] [EXEC] FORCE EXIT price=80856.99
[14:56:39.381] [OK] [EXEC] PLACE SELL price=80856.99 qty=0.012360
[14:56:39.655] [OK] [EXEC] SELL ORDER SENT orderId=382435589
[14:56:39.661] [OK] [PLAN] HOT entry=80842.40 exit=80855.99 profit=0.167972 age=3384ms
[14:56:40.683] [WS] LIVE bid=80842.01 ask=80851.74
[14:56:41.573] [OK] [EXEC] SELL FILLED id=382435589
[14:56:41.577] [OK] [EXEC] SELL FILLED qty=0.012360 remaining=0.000000
[14:56:41.578] [OK] [EXEC] REALIZED pnl=-0.475118
[14:56:42.346] [OK] [EXEC] BUY ORDER SENT orderId=382435854 price=80854.38 qty=0.012360
[14:56:42.350] [OK] [EXEC] PLACE BUY price=80854.38 qty=0.012360
[14:56:43.272] [OK] [EXEC] BUY PARTIAL filled=0.012360 total=0.012360
[14:56:43.288] [OK] [EXEC] BUY REMAINING qty=0.000000
[14:56:43.288] [OK] [EXEC] POSITION qty=0.012360
[14:56:43.288] [OK] [EXEC] BUY FILLED id=382435854
[14:56:43.798] [OK] [EXEC] PLACE SELL price=80854.42 qty=0.012360
[14:56:44.064] [OK] [EXEC] SELL ORDER SENT orderId=382436041
[14:56:44.585] [OK] [SYNC] order filled detected
[14:56:44.585] [OK] [SYNC] SELL filled on exchange
[14:56:44.585] [OK] [EXEC] REALIZED pnl=+0.000494
[14:56:45.559] [OK] [EXEC] BUY ORDER SENT orderId=382436149 price=80852.01 qty=0.012360
[14:56:45.563] [OK] [EXEC] PLACE BUY price=80852.01 qty=0.012360
[14:56:45.568] [OK] [PLAN] READY entry=80852.01 exit=80856.00 profit=0.049316 age=10089ms
[14:56:46.091] [WS] LIVE bid=80850.01 ask=80861.77
[14:56:46.444] [OK] [PLAN] HOT entry=80854.02 exit=80864.00 profit=0.123353 age=10970ms
[14:56:51.100] [WARNING] [EXEC] BUY TIMEOUT orderId=382436149
[14:56:51.116] [WARNING] [EXEC] CANCEL BUY orderId=382436149
[14:56:51.366] [OK] [EXEC] BUY CANCELED confirmed
[14:56:51.631] [INFO] [EXEC] BUY FINAL STATUS status=CANCELED orderId=382436149
[14:56:51.647] [WARNING] [EXEC] BLOCK reason=buy_not_filled
[14:56:51.647] [WS] LIVE bid=80852.04 ask=80857.01
[14:56:52.084] [OK] [EXEC] BUY ORDER SENT orderId=382436490 price=80860.74 qty=0.012360
[14:56:52.084] [OK] [EXEC] PLACE BUY price=80860.74 qty=0.012360
[14:56:52.100] [OK] [PLAN] READY entry=80860.74 exit=80864.00 profit=0.040294 age=16630ms
[14:56:53.394] [OK] [PLAN] HOT entry=80864.39 exit=80871.56 profit=0.088621 age=17923ms
[14:56:55.694] [WS] LIVE bid=80874.01 ask=80879.01
[14:56:56.712] [WARNING] [EXEC] BUY TIMEOUT orderId=382436490
[14:56:56.714] [WARNING] [EXEC] CANCEL BUY orderId=382436490
[14:56:56.978] [OK] [EXEC] BUY CANCELED confirmed
[14:56:57.226] [INFO] [EXEC] BUY FINAL STATUS status=CANCELED orderId=382436490
[14:56:57.226] [WARNING] [EXEC] BLOCK reason=buy_not_filled
[14:56:57.772] [OK] [EXEC] BUY ORDER SENT orderId=382436938 price=80868.01 qty=0.012360
[14:56:57.788] [OK] [EXEC] PLACE BUY price=80868.01 qty=0.012360
[14:57:00.721] [WS] LIVE bid=80868.01 ask=80874.49
[14:57:01.681] [OK] [EXEC] BUY PARTIAL filled=0.012360 total=0.012360
[14:57:01.685] [OK] [EXEC] BUY REMAINING qty=0.000000
[14:57:01.688] [OK] [EXEC] POSITION qty=0.012360
[14:57:01.691] [OK] [EXEC] BUY FILLED id=382436938
[14:57:02.229] [OK] [SYNC] order filled detected
[14:57:02.232] [OK] [SYNC] BUY filled on exchange
[14:57:02.240] [OK] [EXEC] PLACE SELL price=80875.29 qty=0.012360
[14:57:02.546] [OK] [EXEC] SELL ORDER SENT orderId=382437383
[14:57:03.804] [INFO] [EXEC] RECOVERY WAIT hard_sl_pending_recovery
[14:57:04.073] [OK] [EXEC] SELL FILLED id=382437383
[14:57:04.077] [OK] [EXEC] SELL FILLED qty=0.012360 remaining=0.000000
[14:57:04.080] [OK] [EXEC] REALIZED pnl=+0.089981
[14:57:04.085] [OK] [PLAN] READY entry=80868.01 exit=80872.00 profit=0.049316 age=1564ms
[14:57:05.695] [OK] [EXEC] BUY ORDER SENT orderId=382437593 price=80871.34 qty=0.012360
[14:57:05.695] [OK] [EXEC] PLACE BUY price=80871.34 qty=0.012360
[14:57:05.695] [OK] [PLAN] HOT entry=80871.34 exit=80877.90 profit=0.081082 age=3185ms
[14:57:06.238] [WS] LIVE bid=80871.34 ask=80879.90
[14:57:06.571] [OK] [PLAN] READY entry=80873.35 exit=80877.20 profit=0.047586 age=4064ms
[14:57:07.632] [OK] [SYNC] order filled detected
[14:57:07.632] [OK] [SYNC] BUY filled on exchange
[14:57:07.867] [OK] [EXEC] PLACE SELL price=80874.00 qty=0.012360
[14:57:08.137] [OK] [EXEC] SELL ORDER SENT orderId=382437794
[14:57:08.145] [OK] [PLAN] HOT entry=80868.01 exit=80874.00 profit=0.074036 age=5627ms
[14:57:09.416] [OK] [SYNC] order filled detected
[14:57:09.420] [OK] [SYNC] SELL filled on exchange
[14:57:09.421] [OK] [EXEC] REALIZED pnl=+0.032878
[14:57:09.710] [OK] [EXEC] BUY ORDER SENT orderId=382437831 price=80869.12 qty=0.012360
[14:57:09.710] [OK] [EXEC] PLACE BUY price=80869.12 qty=0.012360
[14:57:10.750] [OK] [SYNC] order filled detected
[14:57:10.752] [OK] [SYNC] BUY filled on exchange
[14:57:10.759] [WS] LIVE bid=80866.01 ask=80873.99
[14:57:11.694] [OK] [EXEC] PLACE SELL price=80879.99 qty=0.012360
[14:57:11.974] [OK] [EXEC] SELL ORDER SENT orderId=382438079
[14:57:13.842] [INFO] [EXEC] RECOVERY WAIT hard_sl_pending_recovery
[14:57:16.988] [WARNING] [EXEC] SELL TIMEOUT orderId=382438079
[14:57:17.004] [WARNING] [EXEC] CANCEL SELL orderId=382438079
[14:57:17.533] [INFO] [EXEC] SELL FINAL STATUS status=CANCELED orderId=382438079
[14:57:17.537] [INFO] [EXEC] SAFE EXIT floor=80869.13
[14:57:17.538] [WARNING] [EXEC] SELL REPRICE old=80879.99 new=80879.98 count=1
[14:57:17.538] [OK] [EXEC] PLACE SELL price=80879.98 qty=0.012360
[14:57:18.272] [OK] [EXEC] SELL ORDER SENT orderId=382438385
[14:57:19.042] [WS] LIVE bid=80867.67 ask=80878.24
[14:57:19.170] [INFO] [EXEC] RECOVERY WAIT hard_sl_pending_recovery
[14:57:19.444] [WARNING] [EXEC] SELL TIMEOUT orderId=382438385
[14:57:19.444] [WARNING] [EXEC] CANCEL SELL orderId=382438385
[14:57:20.480] [INFO] [EXEC] SELL FINAL STATUS status=CANCELED orderId=382438385
[14:57:20.484] [INFO] [EXEC] SAFE EXIT floor=80869.13
[14:57:20.487] [WARNING] [EXEC] SELL REPRICE old=80879.98 new=80879.97 count=2
[14:57:20.490] [OK] [EXEC] PLACE SELL price=80879.97 qty=0.012360
[14:57:20.757] [OK] [EXEC] SELL ORDER SENT orderId=382438542
[14:57:20.762] [OK] [PLAN] READY entry=80860.01 exit=80864.00 profit=0.049316 age=16930ms
[14:57:21.788] [WS] LIVE bid=80856.89 ask=80864.94
[14:57:21.986] [INFO] [EXEC] RECOVERY WAIT hard_sl_pending_recovery
[14:57:22.276] [WARNING] [EXEC] SELL TIMEOUT orderId=382438542
[14:57:22.279] [WARNING] [EXEC] CANCEL SELL orderId=382438542
[14:57:22.809] [INFO] [EXEC] SELL FINAL STATUS status=CANCELED orderId=382438542
[14:57:22.809] [WARNING] [EXEC] FORCE EXIT hard_sl_triggered
[14:57:22.809] [ERROR] [EXEC] HARD SL triggered
[14:57:22.809] [WARNING] [EXEC] PANIC EXIT sl_mode
[14:57:22.809] [WARNING] [EXEC] FORCE EXIT price=80864.99
[14:57:22.809] [OK] [EXEC] PLACE SELL price=80864.99 qty=0.012360
[14:57:23.574] [OK] [EXEC] SELL ORDER SENT orderId=382438662
[14:57:24.637] [OK] [SYNC] order filled detected
[14:57:24.640] [OK] [SYNC] SELL filled on exchange
[14:57:24.640] [OK] [EXEC] REALIZED pnl=-0.051047
[14:57:25.883] [WS] LIVE bid=80853.56 ask=80863.88
[14:57:26.380] [OK] [EXEC] BUY ORDER SENT orderId=382438752 price=80855.56 qty=0.012360
[14:57:26.383] [OK] [EXEC] PLACE BUY price=80855.56 qty=0.012360
[14:57:28.979] [OK] [PLAN] HOT entry=80858.42 exit=80871.99 profit=0.167725 age=2593ms
[14:57:31.932] [WARNING] [EXEC] BUY TIMEOUT orderId=382438752
[14:57:31.935] [WARNING] [EXEC] CANCEL BUY orderId=382438752
[14:57:32.222] [OK] [EXEC] BUY CANCELED confirmed
[14:57:32.476] [INFO] [EXEC] BUY FINAL STATUS status=CANCELED orderId=382438752
[14:57:32.495] [WARNING] [EXEC] BLOCK reason=buy_not_filled
[14:57:32.760] [WS] LIVE bid=80858.01 ask=80867.62
[14:57:33.341] [OK] [EXEC] BUY ORDER SENT orderId=382438948 price=80860.01 qty=0.012360
[14:57:33.345] [OK] [EXEC] PLACE BUY price=80860.01 qty=0.012360
[14:57:35.920] [OK] [SYNC] order filled detected
[14:57:35.922] [OK] [SYNC] BUY filled on exchange
[14:57:36.658] [OK] [EXEC] PLACE SELL price=80864.39 qty=0.012360
[14:57:36.933] [OK] [EXEC] SELL ORDER SENT orderId=382439131
[14:57:36.936] [OK] [PLAN] READY entry=80860.01 exit=80864.39 profit=0.054137 age=10558ms
[14:57:37.459] [OK] [SYNC] order filled detected
[14:57:37.459] [OK] [SYNC] SELL filled on exchange
[14:57:37.459] [OK] [EXEC] REALIZED pnl=+0.054137
[14:57:37.459] [WS] LIVE bid=80858.01 ask=80866.40
[14:57:39.297] [OK] [EXEC] BUY ORDER SENT orderId=382439373 price=80879.63 qty=0.012360
[14:57:39.301] [OK] [EXEC] PLACE BUY price=80879.63 qty=0.012360
[14:57:41.361] [OK] [SYNC] order filled detected
[14:57:41.364] [OK] [SYNC] BUY filled on exchange
[14:57:42.120] [OK] [EXEC] PLACE SELL price=80879.67 qty=0.012360
[14:57:42.427] [OK] [EXEC] SELL ORDER SENT orderId=382439546
[14:57:42.434] [OK] [PLAN] HOT entry=80872.01 exit=80878.53 profit=0.080587 age=3112ms
[14:57:42.435] [WS] LIVE bid=80870.00 ask=80883.39
[14:57:42.851] [OK] [EXEC] SELL FILLED id=382439546
[14:57:42.854] [OK] [EXEC] SELL FILLED qty=0.012360 remaining=0.000000
[14:57:42.856] [OK] [EXEC] REALIZED pnl=+0.000494
[14:57:42.857] [OK] [PLAN] READY entry=80872.01 exit=80876.18 profit=0.051541 age=3500ms
[14:57:44.013] [OK] [EXEC] BUY ORDER SENT orderId=382439625 price=80876.00 qty=0.012360
[14:57:44.013] [OK] [EXEC] PLACE BUY price=80876.00 qty=0.012360
[14:57:45.127] [OK] [SYNC] order filled detected
[14:57:45.130] [OK] [SYNC] BUY filled on exchange
[14:57:45.770] [OK] [EXEC] PLACE SELL price=80876.14 qty=0.012360
[14:57:46.052] [OK] [EXEC] SELL ORDER SENT orderId=382439728
[14:57:46.570] [WS] LIVE bid=80870.02 ask=80876.13
[14:57:49.087] [OK] [EXEC] SELL FILLED id=382439728
[14:57:49.087] [OK] [EXEC] SELL FILLED qty=0.012360 remaining=0.000000
[14:57:49.087] [OK] [EXEC] REALIZED pnl=+0.001730
[14:57:50.910] [OK] [EXEC] BUY ORDER SENT orderId=382440008 price=80868.01 qty=0.012360
[14:57:50.913] [OK] [EXEC] PLACE BUY price=80868.01 qty=0.012360
[14:57:51.244] [OK] [PLAN] READY entry=80868.03 exit=80872.00 profit=0.049069 age=327ms
[14:57:52.616] [WS] LIVE bid=80868.02 ask=80873.99
[14:57:54.390] [OK] [PLAN] HOT entry=80873.04 exit=80880.00 profit=0.086026 age=843ms
[14:57:56.381] [WARNING] [EXEC] BUY TIMEOUT orderId=382440008
[14:57:56.381] [WARNING] [EXEC] CANCEL BUY orderId=382440008
[14:57:56.657] [OK] [EXEC] BUY CANCELED confirmed
[14:57:56.912] [INFO] [EXEC] BUY FINAL STATUS status=CANCELED orderId=382440008
[14:57:56.912] [WARNING] [EXEC] BLOCK reason=buy_not_filled
[14:57:57.507] [WS] LIVE bid=80874.06 ask=80882.00
[14:57:59.985] [OK] [EXEC] BUY ORDER SENT orderId=382440443 price=80889.64 qty=0.012360
[14:57:59.989] [OK] [EXEC] PLACE BUY price=80889.64 qty=0.012360
[14:58:00.395] [OK] [PLAN] HOT entry=80890.32 exit=80895.99 profit=0.070081 age=393ms
[14:58:00.699] [OK] [PLAN] READY entry=80892.38 exit=80895.98 profit=0.044496 age=716ms
[14:58:01.765] [OK] [SYNC] order filled detected
[14:58:01.765] [OK] [SYNC] BUY filled on exchange
[14:58:02.744] [OK] [EXEC] PLACE SELL price=80891.61 qty=0.012360
[14:58:03.019] [OK] [EXEC] SELL ORDER SENT orderId=382440584
[14:58:03.022] [OK] [PLAN] HOT entry=80884.01 exit=80891.61 profit=0.093936 age=3048ms
[14:58:03.022] [WS] LIVE bid=80877.39 ask=80897.73
[14:58:05.287] [OK] [SYNC] order filled detected
[14:58:05.287] [OK] [SYNC] SELL filled on exchange
[14:58:05.287] [OK] [EXEC] REALIZED pnl=+0.024349
[14:58:05.570] [OK] [EXEC] BUY ORDER SENT orderId=382440718 price=80884.01 qty=0.012360
[14:58:05.570] [OK] [EXEC] PLACE BUY price=80884.01 qty=0.012360
[14:58:07.475] [WS] LIVE bid=80889.35 ask=80898.00
[14:58:10.280] [WARNING] [EXEC] BUY TIMEOUT orderId=382440718
[14:58:10.284] [WARNING] [EXEC] CANCEL BUY orderId=382440718
[14:58:10.576] [OK] [EXEC] BUY CANCELED confirmed
[14:58:10.840] [INFO] [EXEC] BUY FINAL STATUS status=CANCELED orderId=382440718
[14:58:10.843] [WARNING] [EXEC] BLOCK reason=buy_not_filled
[14:58:11.664] [OK] [EXEC] BUY ORDER SENT orderId=382441123 price=80894.78 qty=0.012360
[14:58:11.668] [OK] [EXEC] PLACE BUY price=80894.78 qty=0.012360
[14:58:12.738] [OK] [SYNC] order filled detected
[14:58:12.741] [OK] [SYNC] BUY filled on exchange
[14:58:12.741] [WS] LIVE bid=80887.11 ask=80899.97
[14:58:12.962] [OK] [EXEC] PLACE SELL price=80894.82 qty=0.012360
[14:58:13.234] [OK] [EXEC] SELL ORDER SENT orderId=382441244
[14:58:14.804] [OK] [EXEC] SELL FILLED id=382441244
[14:58:14.808] [OK] [EXEC] SELL FILLED qty=0.012360 remaining=0.000000
[14:58:14.811] [OK] [EXEC] REALIZED pnl=+0.000371
[14:58:16.022] [OK] [EXEC] BUY ORDER SENT orderId=382441343 price=80889.61 qty=0.012360
[14:58:16.041] [OK] [EXEC] PLACE BUY price=80889.61 qty=0.012360
[14:58:16.045] [OK] [PLAN] HOT entry=80889.61 exit=80896.00 profit=0.078980 age=1236ms
[14:58:17.506] [WS] LIVE bid=80889.61 ask=80897.99
[14:58:18.319] [OK] [PLAN] READY entry=80892.01 exit=80896.00 profit=0.049316 age=3469ms
[14:58:20.314] [WARNING] [EXEC] BUY TIMEOUT orderId=382441343
[14:58:20.318] [WARNING] [EXEC] CANCEL BUY orderId=382441343
[14:58:20.587] [OK] [EXEC] BUY CANCELED confirmed
[14:58:20.851] [INFO] [EXEC] BUY FINAL STATUS status=CANCELED orderId=382441343
[14:58:20.855] [WARNING] [EXEC] BLOCK reason=buy_not_filled
[14:58:20.861] [OK] [PLAN] HOT entry=80895.34 exit=80903.99 profit=0.106914 age=5512ms
[14:58:21.992] [OK] [EXEC] BUY ORDER SENT orderId=382441612 price=80896.74 qty=0.012360
[14:58:21.994] [OK] [EXEC] PLACE BUY price=80896.74 qty=0.012360
[14:58:23.054] [WS] LIVE bid=80896.75 ask=80905.99
[14:58:26.753] [WARNING] [EXEC] BUY TIMEOUT orderId=382441612
[14:58:26.756] [WARNING] [EXEC] CANCEL BUY orderId=382441612
[14:58:27.019] [OK] [EXEC] BUY CANCELED confirmed
[14:58:27.281] [INFO] [EXEC] BUY FINAL STATUS status=CANCELED orderId=382441612
[14:58:27.284] [WARNING] [EXEC] BLOCK reason=buy_not_filled
[14:58:27.762] [WS] LIVE bid=80914.01 ask=80920.88
[14:58:31.148] [OK] [EXEC] BUY ORDER SENT orderId=382442132 price=80916.01 qty=0.012350
[14:58:31.167] [OK] [EXEC] PLACE BUY price=80916.01 qty=0.012350
[14:58:32.728] [WS] LIVE bid=80916.02 ask=80925.32
[14:58:35.464] [WARNING] [EXEC] BUY TIMEOUT orderId=382442132
[14:58:35.467] [WARNING] [EXEC] CANCEL BUY orderId=382442132
[14:58:35.730] [OK] [EXEC] BUY CANCELED confirmed
[14:58:35.991] [INFO] [EXEC] BUY FINAL STATUS status=CANCELED orderId=382442132
[14:58:35.995] [WARNING] [EXEC] BLOCK reason=buy_not_filled
[14:58:36.929] [OK] [EXEC] BUY ORDER SENT orderId=382442505 price=80918.72 qty=0.012350
[14:58:36.934] [OK] [EXEC] PLACE BUY price=80918.72 qty=0.012350
[14:58:39.088] [WS] LIVE bid=80923.99 ask=80929.99
[14:58:40.903] [WARNING] [EXEC] BUY TIMEOUT orderId=382442505
[14:58:40.906] [WARNING] [EXEC] CANCEL BUY orderId=382442505
[14:58:41.172] [OK] [EXEC] BUY CANCELED confirmed
[14:58:41.428] [INFO] [EXEC] BUY FINAL STATUS status=CANCELED orderId=382442505
[14:58:41.428] [WARNING] [EXEC] BLOCK reason=buy_not_filled
[14:58:41.444] [OK] [PLAN] HOT entry=80925.92 exit=80942.61 profit=0.206122 age=439ms
[14:58:43.824] [OK] [EXEC] BUY ORDER SENT orderId=382442992 price=80932.15 qty=0.012350
[14:58:43.828] [OK] [EXEC] PLACE BUY price=80932.15 qty=0.012350
[14:58:44.319] [WS] LIVE bid=80930.13 ask=80937.99
[14:58:44.690] [OK] [EXEC] BUY PARTIAL filled=0.012350 total=0.012350
[14:58:44.694] [OK] [EXEC] BUY REMAINING qty=0.000000
[14:58:44.697] [OK] [EXEC] POSITION qty=0.012350
[14:58:44.700] [OK] [EXEC] BUY FILLED id=382442992
[14:58:44.704] [OK] [PLAN] READY entry=80932.17 exit=80935.99 profit=0.047177 age=1344ms
[14:58:45.210] [OK] [EXEC] PLACE SELL price=80935.99 qty=0.012350
[14:58:45.475] [OK] [EXEC] SELL ORDER SENT orderId=382443050
[14:58:46.992] [OK] [EXEC] SELL FILLED id=382443050
[14:58:46.996] [OK] [EXEC] SELL FILLED qty=0.012350 remaining=0.000000
[14:58:46.998] [OK] [EXEC] REALIZED pnl=+0.047424
[14:58:47.000] [OK] [PLAN] HOT entry=80934.78 exit=80946.82 profit=0.148694 age=3626ms
[14:58:47.796] [OK] [EXEC] BUY ORDER SENT orderId=382443254 price=80935.56 qty=0.012350
[14:58:47.796] [OK] [EXEC] PLACE BUY price=80935.56 qty=0.012350
[14:58:48.839] [OK] [SYNC] order filled detected
[14:58:48.842] [OK] [SYNC] BUY filled on exchange
[14:58:49.106] [WS] LIVE bid=80932.40 ask=80938.00
[14:58:49.919] [OK] [EXEC] PLACE SELL price=80936.00 qty=0.012350
[14:58:50.178] [OK] [EXEC] SELL ORDER SENT orderId=382443437
[14:58:50.719] [INFO] [EXEC] RECOVERY WAIT hard_sl_pending_recovery
[14:58:53.413] [WARNING] [EXEC] SELL TIMEOUT orderId=382443437
[14:58:53.429] [WARNING] [EXEC] CANCEL SELL orderId=382443437
[14:58:53.954] [INFO] [EXEC] SELL FINAL STATUS status=CANCELED orderId=382443437
[14:58:53.956] [INFO] [EXEC] SAFE EXIT floor=80935.57
[14:58:53.958] [WARNING] [EXEC] SELL REPRICE old=80936.00 new=80935.99 count=1
[14:58:53.959] [OK] [EXEC] PLACE SELL price=80935.99 qty=0.012350
[14:58:54.229] [OK] [EXEC] SELL ORDER SENT orderId=382443759
[14:58:54.235] [OK] [PLAN] READY entry=80924.01 exit=80927.99 profit=0.049153 age=1547ms
[14:58:55.252] [WS] LIVE bid=80922.01 ask=80930.00
[14:58:55.828] [INFO] [EXEC] RECOVERY WAIT hard_sl_pending_recovery
[14:58:56.100] [WARNING] [EXEC] SELL TIMEOUT orderId=382443759
[14:58:56.103] [WARNING] [EXEC] CANCEL SELL orderId=382443759
[14:58:56.638] [INFO] [EXEC] SELL FINAL STATUS status=CANCELED orderId=382443759
[14:58:56.643] [INFO] [EXEC] SAFE EXIT floor=80935.57
[14:58:56.646] [WARNING] [EXEC] SELL REPRICE old=80935.99 new=80935.98 count=2
[14:58:56.648] [OK] [EXEC] PLACE SELL price=80935.98 qty=0.012350
[14:58:56.911] [OK] [EXEC] SELL ORDER SENT orderId=382443874
[14:58:56.916] [OK] [PLAN] HOT entry=80924.01 exit=80929.03 profit=0.061997 age=4212ms
[14:58:57.586] [INFO] [EXEC] RECOVERY WAIT hard_sl_pending_recovery
[14:58:59.193] [WS] LIVE bid=80925.65 ask=80934.69
[14:58:59.803] [INFO] [EXEC] RECOVERY WAIT hard_sl_pending_recovery
[14:59:00.064] [WARNING] [EXEC] SELL TIMEOUT orderId=382443874
[14:59:00.065] [WARNING] [EXEC] CANCEL SELL orderId=382443874
[14:59:00.585] [INFO] [EXEC] SELL FINAL STATUS status=CANCELED orderId=382443874
[14:59:00.603] [WARNING] [EXEC] FORCE EXIT hard_sl_triggered
[14:59:00.606] [ERROR] [EXEC] HARD SL triggered
[14:59:00.609] [WARNING] [EXEC] PANIC EXIT sl_mode
[14:59:00.610] [WARNING] [EXEC] FORCE EXIT price=80933.20
[14:59:00.612] [OK] [EXEC] PLACE SELL price=80933.20 qty=0.012350
[14:59:00.874] [OK] [EXEC] SELL ORDER SENT orderId=382444134
[14:59:01.399] [OK] [SYNC] order filled detected
[14:59:01.402] [OK] [SYNC] SELL filled on exchange
[14:59:01.403] [OK] [EXEC] REALIZED pnl=+0.076323
[14:59:01.944] [OK] [EXEC] BUY ORDER SENT orderId=382444207 price=80950.91 qty=0.012350
[14:59:01.945] [OK] [EXEC] PLACE BUY price=80950.91 qty=0.012350
[14:59:01.950] [OK] [PLAN] READY entry=80950.91 exit=80954.13 profit=0.039767 age=10062ms
[14:59:02.950] [OK] [SYNC] order filled detected
[14:59:02.952] [OK] [SYNC] BUY filled on exchange
[14:59:03.228] [OK] [EXEC] PLACE SELL price=80954.12 qty=0.012350
[14:59:03.490] [OK] [EXEC] SELL ORDER SENT orderId=382444276
[14:59:04.033] [OK] [SYNC] order filled detected
[14:59:04.035] [OK] [SYNC] SELL filled on exchange
[14:59:04.036] [OK] [EXEC] REALIZED pnl=+0.039643
[14:59:04.537] [WS] LIVE bid=80951.47 ask=80956.11
[14:59:05.206] [OK] [EXEC] BUY ORDER SENT orderId=382444457 price=80943.81 qty=0.012350
[14:59:05.209] [OK] [EXEC] PLACE BUY price=80943.81 qty=0.012350
[14:59:05.992] [OK] [EXEC] BUY PARTIAL filled=0.012350 total=0.012350
[14:59:06.008] [OK] [EXEC] BUY REMAINING qty=0.000000
[14:59:06.011] [OK] [EXEC] POSITION qty=0.012350
[14:59:06.014] [OK] [EXEC] BUY FILLED id=382444457
[14:59:07.029] [OK] [SYNC] order filled detected
[14:59:07.032] [OK] [SYNC] BUY filled on exchange
[14:59:07.305] [OK] [EXEC] PLACE SELL price=80949.55 qty=0.012350
[14:59:07.573] [OK] [EXEC] SELL ORDER SENT orderId=382444562
[14:59:10.135] [INFO] [EXEC] RECOVERY WAIT hard_sl_pending_recovery
[14:59:10.407] [WARNING] [EXEC] SELL TIMEOUT orderId=382444562
[14:59:10.410] [WARNING] [EXEC] CANCEL SELL orderId=382444562
[14:59:11.113] [INFO] [EXEC] SELL FINAL STATUS status=CANCELED orderId=382444562
[14:59:11.118] [INFO] [EXEC] SAFE EXIT floor=80943.82
[14:59:11.121] [WARNING] [EXEC] SELL REPRICE old=80949.55 new=80949.54 count=1
[14:59:11.123] [OK] [EXEC] PLACE SELL price=80949.54 qty=0.012350
[14:59:11.394] [OK] [EXEC] SELL ORDER SENT orderId=382444941
[14:59:11.399] [OK] [PLAN] HOT entry=80924.00 exit=80933.75 profit=0.120413 age=2830ms
[14:59:11.401] [WS] LIVE bid=80925.01 ask=80941.42
[14:59:11.925] [INFO] [EXEC] RECOVERY WAIT hard_sl_pending_recovery
[14:59:13.194] [WARNING] [EXEC] SELL TIMEOUT orderId=382444941
[14:59:13.194] [WARNING] [EXEC] CANCEL SELL orderId=382444941
[14:59:13.753] [INFO] [EXEC] SELL FINAL STATUS status=CANCELED orderId=382444941
[14:59:13.755] [INFO] [EXEC] SAFE EXIT floor=80943.82
[14:59:13.759] [WARNING] [EXEC] SELL REPRICE old=80949.54 new=80949.53 count=2
[14:59:13.762] [OK] [EXEC] PLACE SELL price=80949.53 qty=0.012350
[14:59:14.028] [OK] [EXEC] SELL ORDER SENT orderId=382445359
[14:59:15.100] [WS] LIVE bid=80903.29 ask=80915.36
[14:59:15.137] [INFO] [EXEC] RECOVERY WAIT hard_sl_pending_recovery
[14:59:15.397] [OK] [PLAN] READY entry=80900.95 exit=80904.59 profit=0.044990 age=7832ms
[14:59:17.576] [INFO] [EXEC] RECOVERY WAIT hard_sl_pending_recovery
[14:59:17.840] [WARNING] [EXEC] SELL TIMEOUT orderId=382445359
[14:59:17.843] [WARNING] [EXEC] CANCEL SELL orderId=382445359
[14:59:18.863] [INFO] [EXEC] SELL FINAL STATUS status=CANCELED orderId=382445359
[14:59:18.867] [WARNING] [EXEC] FORCE EXIT hard_sl_triggered
[14:59:18.869] [ERROR] [EXEC] HARD SL triggered
[14:59:18.872] [WARNING] [EXEC] PANIC EXIT sl_mode
[14:59:18.874] [WARNING] [EXEC] FORCE EXIT price=80902.64
[14:59:18.876] [OK] [EXEC] PLACE SELL price=80902.64 qty=0.012350
[14:59:19.146] [OK] [EXEC] SELL ORDER SENT orderId=382445825
[14:59:19.420] [WS] LIVE bid=80890.01 ask=80895.51
[14:59:20.869] [WARNING] [EXEC] SELL TIMEOUT orderId=382445825
[14:59:20.873] [WARNING] [EXEC] CANCEL SELL orderId=382445825
[14:59:21.397] [INFO] [EXEC] SELL FINAL STATUS status=CANCELED orderId=382445825
[14:59:21.397] [WARNING] [EXEC] PANIC EXIT final_recover_place_sell
[14:59:21.397] [WARNING] [EXEC] PANIC EXIT panic_final_recover
[14:59:21.397] [WARNING] [EXEC] FORCE EXIT price=80894.78
[14:59:21.397] [OK] [EXEC] PLACE SELL price=80894.78 qty=0.012350
[14:59:21.695] [OK] [EXEC] SELL ORDER SENT orderId=382446039
[14:59:23.647] [WARNING] [EXEC] SELL TIMEOUT orderId=382446039
[14:59:23.647] [WARNING] [EXEC] CANCEL SELL orderId=382446039
[14:59:24.678] [INFO] [EXEC] SELL FINAL STATUS status=CANCELED orderId=382446039
[14:59:24.681] [WARNING] [EXEC] PANIC EXIT final_recover_place_sell
[14:59:24.682] [WARNING] [EXEC] PANIC EXIT panic_final_recover
[14:59:24.683] [WARNING] [EXEC] FORCE EXIT price=80893.38
[14:59:24.684] [OK] [EXEC] PLACE SELL price=80893.38 qty=0.012350
[14:59:24.954] [OK] [EXEC] SELL ORDER SENT orderId=382446160
[14:59:24.959] [OK] [PLAN] READY entry=80889.10 exit=80892.38 profit=0.040541 age=1589ms
[14:59:25.965] [OK] [SYNC] order filled detected
[14:59:25.967] [OK] [SYNC] SELL filled on exchange
[14:59:25.968] [OK] [EXEC] REALIZED pnl=-0.622811
[14:59:25.973] [WS] LIVE bid=80887.33 ask=80894.77
[14:59:26.828] [OK] [EXEC] BUY ORDER SENT orderId=382446234 price=80892.05 qty=0.012360
[14:59:26.832] [OK] [EXEC] PLACE BUY price=80892.05 qty=0.012360
[14:59:29.111] [WS] LIVE bid=80894.72 ask=80901.05
[14:59:31.545] [WARNING] [EXEC] BUY TIMEOUT orderId=382446234
[14:59:31.549] [WARNING] [EXEC] CANCEL BUY orderId=382446234
[14:59:31.811] [OK] [EXEC] BUY CANCELED confirmed
[14:59:32.078] [INFO] [EXEC] BUY FINAL STATUS status=CANCELED orderId=382446234
[14:59:32.082] [WARNING] [EXEC] BLOCK reason=buy_not_filled
[14:59:34.354] [WS] LIVE bid=80910.27 ask=80916.10
[14:59:34.686] [OK] [EXEC] BUY ORDER SENT orderId=382446686 price=80909.53 qty=0.012350
[14:59:34.691] [OK] [EXEC] PLACE BUY price=80909.53 qty=0.012350
[14:59:37.802] [OK] [EXEC] BUY PARTIAL filled=0.012350 total=0.012350
[14:59:37.803] [OK] [EXEC] BUY REMAINING qty=0.000000
[14:59:37.803] [OK] [EXEC] POSITION qty=0.012350
[14:59:37.803] [OK] [EXEC] BUY FILLED id=382446686
[14:59:38.841] [OK] [SYNC] order filled detected
[14:59:38.841] [OK] [SYNC] BUY filled on exchange
[14:59:39.902] [OK] [EXEC] PLACE SELL price=80909.57 qty=0.012350
[14:59:40.168] [OK] [EXEC] SELL ORDER SENT orderId=382447008
[14:59:40.175] [OK] [PLAN] HOT entry=80896.25 exit=80907.45 profit=0.138432 age=2363ms
[14:59:40.177] [WS] LIVE bid=80904.78 ask=80910.26
[14:59:40.367] [INFO] [EXEC] RECOVERY WAIT hard_sl_pending_recovery
[14:59:42.206] [OK] [EXEC] SELL FILLED id=382447008
[14:59:42.210] [OK] [EXEC] SELL FILLED qty=0.012350 remaining=0.000000
[14:59:42.214] [OK] [EXEC] REALIZED pnl=+0.000371
[14:59:44.901] [WS] LIVE bid=80915.51 ask=80921.99
[14:59:46.296] [OK] [EXEC] BUY ORDER SENT orderId=382447458 price=80908.11 qty=0.012350
[14:59:46.301] [OK] [EXEC] PLACE BUY price=80908.11 qty=0.012350
[14:59:47.870] [OK] [PLAN] HOT entry=80929.01 exit=80937.99 profit=0.110903 age=1573ms
[14:59:49.530] [WARNING] cancel all requested
[14:59:50.350] [WARNING] [SYNC] desync fixed
[14:59:50.367] [WARNING] STOP
[14:59:50.904] [OK] [PLAN] READY entry=80929.86 exit=80934.10 profit=0.052364 age=4859ms
[14:59:51.176] [WS] stale/lost
