[16:48:52.865] [OK] filters loaded
[16:48:55.349] [EXCHANGE] symbol=BTCU base=BTC quote=U status=TRADING permissions=[]
[16:48:55.350] [OK] START
[16:48:55.352] [INFO] [EXEC] LIVE ON
[16:48:55.353] [INFO] [EXEC] WAIT READY
[16:48:55.892] [OK] [EXEC] BUY ORDER SENT orderId=382918926 price=81708.75 qty=0.122380
[16:48:55.895] [OK] [EXEC] PLACE BUY price=81708.75 qty=0.122380
[16:48:55.898] [OK] [PLAN] READY entry=81708.75 exit=81711.99 profit=0.396511 age=511ms
[16:48:56.965] [WS] primary url=wss://stream.binance.com:9443/ws/btcu@bookTicker
[16:48:56.966] [WS] connecting primary
[16:48:56.970] [WS] connected
[16:48:56.971] [WS] LIVE bid=81715.27 ask=81719.99
[16:48:58.423] [OK] [SYNC] order filled detected
[16:48:58.426] [OK] [SYNC] BUY filled on exchange
[16:48:58.446] [OK] [EXEC] PLACE SELL price=81708.79 qty=0.122380
[16:48:58.715] [OK] [EXEC] SELL ORDER SENT orderId=382919209
[16:49:00.019] [INFO] [EXEC] RECOVERY WAIT hard_sl_pending_recovery
[16:49:01.385] [WS] LIVE bid=81697.47 ask=81703.18
[16:49:02.279] [INFO] [EXEC] RECOVERY WAIT hard_sl_pending_recovery
[16:49:02.551] [OK] [EXEC] SELL PARTIAL delta=0.122380
[16:49:02.554] [OK] [EXEC] INVENTORY remaining=0.000000
[16:49:02.557] [OK] [EXEC] SELL FILLED id=382919209
[16:49:02.558] [OK] [EXEC] SELL FILLED qty=0.122380 remaining=0.000000
[16:49:02.559] [OK] [EXEC] CYCLE CLOSED pnl=+0.000000
[16:49:02.560] [INFO] [EXEC] SESSION realized=+0.000000 wins=0 losses=0
[16:49:03.717] [OK] [EXEC] BUY ORDER SENT orderId=382919510 price=81700.63 qty=0.122390
[16:49:03.720] [OK] [EXEC] PLACE BUY price=81700.63 qty=0.122390
[16:49:04.269] [OK] [SYNC] order filled detected
[16:49:04.272] [OK] [SYNC] BUY filled on exchange
[16:49:05.209] [OK] [EXEC] PLACE SELL price=81703.70 qty=0.122390
[16:49:05.477] [OK] [EXEC] SELL ORDER SENT orderId=382919586
[16:49:06.720] [INFO] [EXEC] RECOVERY WAIT hard_sl_pending_recovery
[16:49:07.523] [OK] [SYNC] order filled detected
[16:49:07.526] [OK] [SYNC] SELL filled on exchange
[16:49:07.527] [OK] [EXEC] CYCLE CLOSED pnl=+0.000000
[16:49:07.528] [INFO] [EXEC] SESSION realized=+0.000000 wins=0 losses=0
[16:49:07.529] [WS] LIVE bid=81697.90 ask=81703.69
[16:49:08.733] [OK] [EXEC] BUY ORDER SENT orderId=382919806 price=81706.96 qty=0.122380
[16:49:08.738] [OK] [EXEC] PLACE BUY price=81706.96 qty=0.122380
[16:49:09.874] [OK] [SYNC] order filled detected
[16:49:09.877] [OK] [SYNC] BUY filled on exchange
[16:49:10.837] [OK] [EXEC] PLACE SELL price=81711.07 qty=0.122380
[16:49:11.104] [OK] [EXEC] SELL ORDER SENT orderId=382919916
[16:49:12.501] [INFO] [EXEC] RECOVERY WAIT hard_sl_pending_recovery
[16:49:13.278] [WS] LIVE bid=81704.61 ask=81711.07
[16:49:13.914] [OK] [SYNC] order filled detected
[16:49:13.917] [OK] [SYNC] SELL filled on exchange
[16:49:13.917] [OK] [EXEC] CYCLE CLOSED pnl=+0.000000
[16:49:13.918] [INFO] [EXEC] SESSION realized=+0.000000 wins=0 losses=0
[16:49:14.191] [OK] [EXEC] BUY ORDER SENT orderId=382920065 price=81702.06 qty=0.122390
[16:49:14.194] [OK] [EXEC] PLACE BUY price=81702.06 qty=0.122390
[16:49:15.034] [OK] [PLAN] HOT entry=81711.14 exit=81720.00 profit=1.084287 age=785ms
[16:49:16.718] [OK] [SYNC] order filled detected
[16:49:16.721] [OK] [SYNC] BUY filled on exchange
[16:49:16.722] [OK] [EXEC] PLACE SELL price=81711.93 qty=0.122390
[16:49:17.001] [OK] [EXEC] SELL ORDER SENT orderId=382920315
[16:49:17.006] [OK] [PLAN] READY entry=81708.01 exit=81711.93 profit=0.479730 age=2803ms
[16:49:17.513] [WS] LIVE bid=81693.83 ask=81703.36
[16:49:17.525] [INFO] [EXEC] RECOVERY WAIT hard_sl_pending_recovery
[16:49:19.798] [WARNING] [EXEC] SELL TIMEOUT orderId=382920315
[16:49:19.801] [WARNING] [EXEC] CANCEL SELL orderId=382920315
[16:49:20.340] [INFO] [EXEC] SELL FINAL STATUS status=CANCELED orderId=382920315
[16:49:20.343] [INFO] [EXEC] SELL TIMEOUT check fast_exit
[16:49:20.345] [WARNING] [EXEC] FORCE EXIT hard_sl_triggered
[16:49:20.346] [ERROR] [EXEC] HARD SL triggered
[16:49:20.347] [WARNING] [EXEC] PANIC EXIT sl_mode
[16:49:20.348] [WARNING] [EXEC] FORCE EXIT price=81704.04
[16:49:20.349] [OK] [EXEC] PLACE SELL price=81704.04 qty=0.122390
[16:49:20.610] [WARNING] [EXEC] PANIC START price=81704.04
[16:49:20.614] [OK] [EXEC] SELL ORDER SENT orderId=382920411
[16:49:22.852] [WS] LIVE bid=81699.30 ask=81704.03
[16:49:23.434] [OK] [EXEC] SELL PARTIAL delta=0.122390
[16:49:23.437] [OK] [EXEC] INVENTORY remaining=0.000000
[16:49:23.438] [OK] [EXEC] SELL FILLED id=382920411
[16:49:23.439] [OK] [EXEC] SELL FILLED qty=0.122390 remaining=0.000000
[16:49:23.440] [OK] [EXEC] PANIC FILLED
[16:49:23.441] [INFO] [EXEC] PANIC RESET
[16:49:23.443] [OK] [EXEC] CYCLE CLOSED pnl=+0.000000
[16:49:23.444] [INFO] [EXEC] SESSION realized=+0.000000 wins=0 losses=0
[16:49:27.487] [OK] [EXEC] BUY ORDER SENT orderId=382920772 price=81707.09 qty=0.122380
[16:49:27.491] [OK] [EXEC] PLACE BUY price=81707.09 qty=0.122380
[16:49:29.029] [OK] [SYNC] order filled detected
[16:49:29.032] [OK] [SYNC] BUY filled on exchange
[16:49:29.034] [WS] LIVE bid=81707.09 ask=81712.93
[16:49:29.083] [OK] [EXEC] PLACE SELL price=81710.77 qty=0.122380
[16:49:29.370] [OK] [EXEC] SELL ORDER SENT orderId=382920872
[16:49:30.526] [OK] [SYNC] order filled detected
[16:49:30.528] [OK] [SYNC] SELL filled on exchange
[16:49:30.529] [OK] [EXEC] CYCLE CLOSED pnl=+0.000000
[16:49:30.531] [INFO] [EXEC] SESSION realized=+0.000000 wins=0 losses=0
[16:49:33.443] [OK] [EXEC] BUY ORDER SENT orderId=382921048 price=81704.48 qty=0.122390
[16:49:33.448] [OK] [EXEC] PLACE BUY price=81704.48 qty=0.122390
[16:49:33.453] [WS] LIVE bid=81702.78 ask=81710.36
[16:49:34.053] [OK] [EXEC] CHUNK ADD qty=0.122390 entry=81704.47
[16:49:34.058] [INFO] [EXEC] CHUNK COUNT n=1
[16:49:34.061] [OK] [EXEC] BUY PARTIAL delta=0.122390 total=0.122390
[16:49:34.064] [OK] [EXEC] BUY REMAINING qty=0.000000
[16:49:34.066] [OK] [EXEC] INVENTORY qty=0.122390
[16:49:34.068] [OK] [EXEC] BUY FILLED id=382921048
[16:49:34.072] [OK] [PLAN] HOT entry=81694.79 exit=81702.28 profit=0.916776 age=593ms
[16:49:34.608] [OK] [SYNC] order filled detected
[16:49:34.610] [OK] [SYNC] BUY filled on exchange
[16:49:35.458] [OK] [EXEC] PLACE SELL price=81704.51 qty=0.122390
[16:49:35.789] [OK] [EXEC] SELL ORDER SENT orderId=382921221
[16:49:36.907] [INFO] [EXEC] RECOVERY WAIT hard_sl_pending_recovery
[16:49:37.175] [OK] [EXEC] FIFO CLOSE qty=0.122390 entry=81704.47 exit=81704.50 pnl=+0.003687
[16:49:37.179] [INFO] [EXEC] CHUNK CLOSED entry=81704.47
[16:49:37.183] [OK] [EXEC] REALIZED pnl=+0.003687
[16:49:37.185] [OK] [EXEC] SELL PARTIAL delta=0.122390
[16:49:37.188] [OK] [EXEC] INVENTORY remaining=0.000000
[16:49:37.191] [OK] [EXEC] SELL FILLED id=382921221
[16:49:37.194] [OK] [EXEC] SELL FILLED qty=0.122390 remaining=0.000000
[16:49:37.196] [OK] [EXEC] CYCLE CLOSED pnl=+0.003687
[16:49:37.198] [INFO] [EXEC] SESSION realized=+0.003687 wins=1 losses=0
[16:49:37.789] [OK] [EXEC] BUY ORDER SENT orderId=382921401 price=81702.95 qty=0.122390
[16:49:37.792] [OK] [EXEC] PLACE BUY price=81702.95 qty=0.122390
[16:49:37.795] [OK] [PLAN] HOT entry=81702.95 exit=81710.03 profit=0.866521 age=611ms
[16:49:37.797] [WS] LIVE bid=81700.95 ask=81712.03
[16:49:39.123] [OK] [SYNC] order filled detected
[16:49:39.126] [OK] [SYNC] BUY filled on exchange
[16:49:39.385] [OK] [EXEC] PLACE SELL price=81702.99 qty=0.122390
[16:49:39.656] [OK] [EXEC] SELL ORDER SENT orderId=382921562
[16:49:40.672] [OK] [SYNC] order filled detected
[16:49:40.675] [OK] [SYNC] SELL filled on exchange
[16:49:40.676] [OK] [EXEC] CYCLE CLOSED pnl=+0.000000
[16:49:40.677] [INFO] [EXEC] SESSION realized=+0.003687 wins=1 losses=0
[16:49:42.152] [OK] [EXEC] BUY ORDER SENT orderId=382921704 price=81696.65 qty=0.122400
[16:49:42.155] [OK] [EXEC] PLACE BUY price=81696.65 qty=0.122400
[16:49:43.277] [WS] LIVE bid=81698.60 ask=81704.18
[16:49:44.211] [OK] [PLAN] HOT entry=81700.01 exit=81711.07 profit=1.353633 age=2057ms
[16:49:47.753] [WARNING] [EXEC] BUY TIMEOUT orderId=382921704
[16:49:47.757] [WARNING] [EXEC] CANCEL BUY orderId=382921704
[16:49:48.023] [OK] [EXEC] BUY CANCELED confirmed
[16:49:48.297] [INFO] [EXEC] BUY FINAL STATUS status=CANCELED orderId=382921704
[16:49:48.301] [WARNING] [EXEC] BLOCK reason=buy_not_filled
[16:49:48.308] [WS] LIVE bid=81705.87 ask=81711.19
[16:49:51.286] [OK] [EXEC] BUY ORDER SENT orderId=382922055 price=81700.01 qty=0.122390
[16:49:51.289] [OK] [EXEC] PLACE BUY price=81700.01 qty=0.122390
[16:49:51.842] [OK] [SYNC] order filled detected
[16:49:51.843] [OK] [SYNC] BUY filled on exchange
[16:49:52.207] [OK] [EXEC] PLACE SELL price=81707.24 qty=0.122390
[16:49:52.480] [OK] [EXEC] SELL ORDER SENT orderId=382922161
[16:49:53.018] [INFO] [EXEC] RECOVERY WAIT hard_sl_pending_recovery
[16:49:54.811] [WS] LIVE bid=81698.01 ask=81707.23
[16:49:55.948] [INFO] [EXEC] RECOVERY WAIT hard_sl_pending_recovery
[16:49:56.231] [WARNING] [EXEC] SELL TIMEOUT orderId=382922161
[16:49:56.233] [WARNING] [EXEC] CANCEL SELL orderId=382922161
[16:49:56.793] [INFO] [EXEC] SELL FINAL STATUS status=CANCELED orderId=382922161
[16:49:56.797] [INFO] [EXEC] SELL TIMEOUT check fast_exit
[16:49:56.800] [WARNING] [EXEC] FORCE EXIT hard_sl_triggered
[16:49:56.805] [ERROR] [EXEC] HARD SL triggered
[16:49:56.807] [WARNING] [EXEC] PANIC EXIT sl_mode
[16:49:56.810] [WARNING] [EXEC] FORCE EXIT price=81695.99
[16:49:56.812] [OK] [EXEC] PLACE SELL price=81695.99 qty=0.122390
[16:49:57.562] [WARNING] [EXEC] PANIC START price=81695.99
[16:49:57.568] [OK] [EXEC] SELL ORDER SENT orderId=382922545
[16:49:58.990] [WS] LIVE bid=81675.00 ask=81681.25
[16:49:59.807] [WARNING] [EXEC] PANIC WAIT still_open orderId=382922545
[16:49:59.811] [WARNING] [EXEC] PANIC HOLD active orderId=382922545
[16:50:03.150] [WS] LIVE bid=81677.47 ask=81681.99
[16:50:05.576] [WARNING] [EXEC] PANIC WAIT still_open orderId=382922545
[16:50:05.579] [WARNING] [EXEC] PANIC HOLD active orderId=382922545
[16:50:07.791] [OK] [PLAN] HOT entry=81679.31 exit=81686.56 profit=0.887617 age=340ms
[16:50:08.857] [WS] LIVE bid=81679.95 ask=81688.56
[16:50:10.231] [WARNING] [EXEC] PANIC WAIT still_open orderId=382922545
[16:50:10.235] [WARNING] [EXEC] PANIC HOLD active orderId=382922545
[16:50:13.120] [WS] LIVE bid=81681.50 ask=81688.01
[16:50:13.880] [WARNING] [EXEC] PANIC WAIT still_open orderId=382922545
[16:50:13.882] [WARNING] [EXEC] PANIC HOLD active orderId=382922545
[16:50:14.898] [OK] [SYNC] order filled detected
[16:50:14.901] [OK] [SYNC] SELL filled on exchange
[16:50:14.902] [OK] [EXEC] CYCLE CLOSED pnl=+0.000000
[16:50:14.903] [INFO] [EXEC] SESSION realized=+0.003687 wins=1 losses=0
[16:50:16.836] [OK] [EXEC] BUY ORDER SENT orderId=382923624 price=81700.24 qty=0.122390
[16:50:16.840] [OK] [EXEC] PLACE BUY price=81700.24 qty=0.122390
[16:50:17.856] [OK] [SYNC] order filled detected
[16:50:17.857] [OK] [SYNC] BUY filled on exchange
[16:50:18.018] [WS] LIVE bid=81692.80 ask=81699.58
[16:50:18.337] [OK] [EXEC] PLACE SELL price=81701.34 qty=0.122390
[16:50:18.612] [OK] [EXEC] SELL ORDER SENT orderId=382923709
[16:50:18.617] [OK] [PLAN] HOT entry=81695.66 exit=81701.34 profit=0.695232 age=1765ms
[16:50:21.392] [WARNING] [EXEC] PANIC WAIT still_open orderId=382923709
[16:50:21.395] [WARNING] [EXEC] PANIC STALE detected orderId=382923709
[16:50:21.396] [WARNING] [EXEC] PANIC ESCALATE old=81695.99 new=81691.45 qty=0.122390
[16:50:22.232] [WARNING] [EXEC] PANIC ESCALATE placed orderId=382923792
[16:50:22.783] [OK] [SYNC] order filled detected
[16:50:22.785] [OK] [SYNC] SELL filled on exchange
[16:50:22.786] [OK] [EXEC] CYCLE CLOSED pnl=+0.000000
[16:50:22.789] [INFO] [EXEC] SESSION realized=+0.003687 wins=1 losses=0
[16:50:23.074] [WS] LIVE bid=81694.11 ask=81700.99
[16:50:23.408] [OK] [EXEC] BUY ORDER SENT orderId=382923875 price=81692.01 qty=0.122410
[16:50:23.411] [OK] [EXEC] PLACE BUY price=81692.01 qty=0.122410
[16:50:23.418] [OK] [PLAN] HOT entry=81692.01 exit=81701.59 profit=1.172688 age=2013ms
[16:50:24.443] [OK] [SYNC] order filled detected
[16:50:24.446] [OK] [SYNC] BUY filled on exchange
[16:50:25.199] [OK] [EXEC] PLACE SELL price=81692.05 qty=0.122410
[16:50:25.478] [OK] [EXEC] SELL ORDER SENT orderId=382924018
[16:50:28.823] [WS] LIVE bid=81685.70 ask=81691.51
[16:50:29.345] [WARNING] [EXEC] PANIC WAIT still_open orderId=382924018
[16:50:29.349] [WARNING] [EXEC] PANIC HOLD active orderId=382924018
[16:50:30.902] [OK] [PLAN] HOT entry=81658.42 exit=81664.20 profit=0.707819 age=1554ms
[16:50:33.026] [WARNING] [EXEC] PANIC WAIT still_open orderId=382924018
[16:50:33.030] [WARNING] [EXEC] PANIC HOLD active orderId=382924018
[16:50:33.036] [OK] [PLAN] READY entry=81655.97 exit=81659.09 profit=0.382075 age=3676ms
[16:50:33.570] [WS] LIVE bid=81649.54 ask=81657.79
[16:50:34.481] [WARNING] [EXEC] PANIC HOLD active orderId=382924018
[16:50:37.154] [WARNING] [EXEC] PANIC WAIT still_open orderId=382924018
[16:50:37.158] [WARNING] [EXEC] PANIC HOLD active orderId=382924018
[16:50:38.176] [WS] LIVE bid=81636.82 ask=81641.04
[16:50:38.970] [WARNING] [EXEC] PANIC HOLD active orderId=382924018
[16:50:39.958] [OK] [PLAN] READY entry=81636.24 exit=81639.79 profit=0.434839 age=1001ms
[16:50:42.009] [WARNING] [EXEC] PANIC WAIT still_open orderId=382924018
[16:50:42.012] [WARNING] [EXEC] PANIC HOLD escalated orderId=382924018
[16:50:42.015] [OK] [PLAN] HOT entry=81633.49 exit=81644.06 profit=1.294719 age=3054ms
[16:50:43.398] [WARNING] [EXEC] PANIC HOLD escalated orderId=382924018
[16:50:44.462] [WS] LIVE bid=81634.01 ask=81650.00
[16:50:44.967] [WARNING] [EXEC] PANIC HOLD escalated orderId=382924018
[16:50:44.972] [OK] [PLAN] READY entry=81643.63 exit=81647.35 profit=0.455626 age=6006ms
[16:50:47.548] [WARNING] [EXEC] PANIC WAIT still_open orderId=382924018
[16:50:47.551] [WARNING] [EXEC] PANIC HOLD escalated orderId=382924018
[16:50:47.556] [OK] [PLAN] HOT entry=81636.00 exit=81645.93 profit=1.216326 age=8584ms
[16:50:48.941] [WARNING] [EXEC] PANIC HOLD escalated orderId=382924018
[16:50:48.946] [WS] LIVE bid=81636.52 ask=81649.99
[16:50:49.828] [WARNING] [EXEC] PANIC HOLD escalated orderId=382924018
[16:50:49.833] [OK] [PLAN] READY entry=81636.95 exit=81640.55 profit=0.440964 age=10863ms
[16:50:50.603] [WARNING] [EXEC] PANIC WAIT still_open orderId=382924018
[16:50:50.607] [WARNING] [EXEC] PANIC HOLD escalated orderId=382924018
[16:50:53.534] [WS] LIVE bid=81655.09 ask=81664.06
[16:50:54.485] [WARNING] [EXEC] PANIC WAIT still_open orderId=382924018
[16:50:54.488] [WARNING] [EXEC] PANIC HOLD escalated orderId=382924018
[16:50:58.415] [WARNING] [EXEC] PANIC WAIT still_open orderId=382924018
[16:50:58.419] [WARNING] [EXEC] PANIC HOLD escalated orderId=382924018
[16:50:59.418] [WS] LIVE bid=81658.00 ask=81662.95
[16:51:00.410] [WARNING] [EXEC] PANIC HOLD escalated orderId=382924018
[16:51:02.798] [WARNING] [EXEC] PANIC WAIT still_open orderId=382924018
[16:51:02.801] [WARNING] [EXEC] PANIC HOLD escalated orderId=382924018
[16:51:03.832] [WS] LIVE bid=81679.27 ask=81688.56
[16:51:04.413] [WARNING] [EXEC] PANIC HOLD escalated orderId=382924018
[16:51:05.925] [WARNING] [EXEC] PANIC WAIT still_open orderId=382924018
[16:51:05.930] [WARNING] [EXEC] PANIC HOLD escalated orderId=382924018
[16:51:08.516] [WS] LIVE bid=81678.33 ask=81686.87
[16:51:09.645] [WARNING] [EXEC] PANIC WAIT still_open orderId=382924018
[16:51:09.648] [WARNING] [EXEC] PANIC HOLD escalated orderId=382924018
[16:51:13.420] [WARNING] [EXEC] PANIC WAIT still_open orderId=382924018
[16:51:13.424] [WARNING] [EXEC] PANIC HOLD escalated orderId=382924018
[16:51:14.476] [WS] LIVE bid=81641.86 ask=81653.19
[16:51:14.974] [WARNING] [EXEC] PANIC HOLD escalated orderId=382924018
[16:51:16.547] [WARNING] [EXEC] PANIC WAIT still_open orderId=382924018
[16:51:16.551] [WARNING] [EXEC] PANIC HOLD escalated orderId=382924018
[16:51:19.113] [WS] LIVE bid=81639.78 ask=81646.40
[16:51:20.586] [WARNING] [EXEC] PANIC WAIT still_open orderId=382924018
[16:51:20.589] [WARNING] [EXEC] PANIC HOLD escalated orderId=382924018
[16:51:20.912] [OK] [PLAN] READY entry=81636.93 exit=81640.07 profit=0.384619 age=331ms
[16:51:23.068] [WARNING] [EXEC] PANIC HOLD escalated orderId=382924018
[16:51:23.608] [WS] LIVE bid=81634.01 ask=81641.54
[16:51:23.971] [WARNING] cancel all requested
[16:51:23.973] [WARNING] [EXEC] STOP canceled panic order, position remains open
[16:51:24.772] [WARNING] [SYNC] desync fixed
[16:51:24.775] [WARNING] STOP
[16:51:25.540] [WS] stale/lost
[16:51:25.666] [OK] [PLAN] HOT entry=81639.51 exit=81647.99 profit=1.038630 age=885ms
[16:51:27.845] [OK] [PLAN] HOT entry=81639.29 exit=81647.00 profit=0.944398 age=493ms
[16:51:30.661] [OK] [PLAN] HOT entry=81644.01 exit=81649.93 profit=0.725082 age=33ms
