[17:35:25.694] [OK] filters loaded
[17:35:28.838] [OK] [PLAN] READY entry=81681.62 exit=81685.01 profit=0.415004 age=125ms
[17:35:37.773] [OK] [PLAN] HOT entry=81683.54 exit=81695.13 profit=1.418848 age=773ms
[17:35:39.801] [OK] [SETTINGS] settings saved
[17:35:41.615] [EXCHANGE] symbol=BTCU base=BTC quote=U status=TRADING permissions=[]
[17:35:41.615] [OK] START
[17:35:42.366] [INFO] [EXEC] LIVE ON
[17:35:42.366] [INFO] [EXEC] WAIT READY
[17:35:42.881] [INFO] [EXEC] SELL ACCOUNTING RESET new_cycle
[17:35:42.897] [OK] [EXEC] BUY ORDER SENT orderId=383075825 price=81689.39 qty=0.244820
[17:35:42.897] [OK] [EXEC] PLACE BUY price=81689.39 qty=0.244820
[17:35:42.897] [WS] primary url=wss://stream.binance.com:9443/ws/btcu@bookTicker
[17:35:42.897] [WS] connecting primary
[17:35:42.913] [WS] connected
[17:35:42.913] [WS] LIVE bid=81687.95 ask=81695.79
[17:35:46.011] [OK] [EXEC] BUY FILL UPDATE delta=0.244820 avg=81689.39
[17:35:46.014] [OK] [EXEC] CHUNK ADD qty=0.244820 entry=81689.39
[17:35:46.016] [INFO] [EXEC] CHUNK COUNT n=1
[17:35:46.017] [OK] [EXEC] INVENTORY qty=0.244820
[17:35:46.018] [OK] [EXEC] SELL REQUIRED inventory=0.244820
[17:35:46.020] [OK] [EXEC] BUY PARTIAL delta=0.244820 total=0.244820
[17:35:46.021] [OK] [EXEC] BUY REMAINING qty=0.000000
[17:35:46.022] [OK] [EXEC] BUY FILLED id=383075825
[17:35:46.055] [INFO] [EXEC] SELL CHECK inventory=0.244820 reported=0.000000 remaining=0.244820 chunks=1
[17:35:46.055] [OK] [EXEC] PLACE SELL price=81696.00 qty=0.244820
[17:35:46.318] [OK] [EXEC] SELL ORDER SENT orderId=383075993
[17:35:46.318] [OK] [PLAN] HOT entry=81689.62 exit=81696.00 profit=1.561952 age=314ms
[17:35:46.855] [OK] [SYNC] order filled detected
[17:35:46.855] [OK] [SYNC] SELL filled on exchange
[17:35:46.855] [OK] [EXEC] FIFO CLOSE qty=0.244820 entry=81689.39 exit=81696.00 pnl=+1.618260
[17:35:46.860] [INFO] [EXEC] CHUNK CLOSED entry=81689.39
[17:35:46.860] [OK] [EXEC] REALIZED pnl=+1.618260
[17:35:46.860] [INFO] [EXEC] SELL ACCOUNTING RESET flat
[17:35:46.860] [OK] [EXEC] CYCLE CLOSED pnl=+1.618260
[17:35:46.860] [INFO] [EXEC] SESSION realized=+1.618260 wins=1 losses=0
[17:35:48.100] [INFO] [EXEC] SELL ACCOUNTING RESET new_cycle
[17:35:48.100] [OK] [EXEC] BUY ORDER SENT orderId=383076170 price=81698.43 qty=0.244800
[17:35:48.116] [OK] [EXEC] PLACE BUY price=81698.43 qty=0.244800
[17:35:48.620] [WS] LIVE bid=81694.58 ask=81706.73
[17:35:49.601] [OK] [PLAN] READY entry=81700.45 exit=81704.00 profit=0.869004 age=3594ms
[17:35:51.022] [WARNING] [EXEC] BLOCK reason=balance_low
[17:35:52.569] [OK] [EXEC] BUY FILL UPDATE delta=0.244800 avg=81698.43
[17:35:52.584] [OK] [EXEC] CHUNK ADD qty=0.244800 entry=81698.43
[17:35:52.584] [INFO] [EXEC] CHUNK COUNT n=1
[17:35:52.584] [OK] [EXEC] INVENTORY qty=0.244800
[17:35:52.584] [OK] [EXEC] SELL REQUIRED inventory=0.244800
[17:35:52.584] [OK] [EXEC] BUY PARTIAL delta=0.244800 total=0.244800
[17:35:52.584] [OK] [EXEC] BUY REMAINING qty=0.000000
[17:35:52.584] [OK] [EXEC] BUY FILLED id=383076170
[17:35:53.569] [OK] [SYNC] order filled detected
[17:35:53.569] [OK] [SYNC] BUY filled on exchange
[17:35:53.569] [WS] LIVE bid=81698.01 ask=81703.62
[17:35:53.866] [INFO] [EXEC] SELL CHECK inventory=0.244800 reported=0.000000 remaining=0.244800 chunks=1
[17:35:53.868] [OK] [EXEC] PLACE SELL price=81701.62 qty=0.244800
[17:35:54.139] [OK] [EXEC] SELL ORDER SENT orderId=383076484
[17:35:55.170] [OK] [SYNC] order filled detected
[17:35:55.170] [OK] [SYNC] SELL filled on exchange
[17:35:55.170] [OK] [EXEC] FIFO CLOSE qty=0.244800 entry=81698.43 exit=81701.62 pnl=+0.780912
[17:35:55.170] [INFO] [EXEC] CHUNK CLOSED entry=81698.43
[17:35:55.170] [OK] [EXEC] REALIZED pnl=+0.780912
[17:35:55.170] [INFO] [EXEC] SELL ACCOUNTING RESET flat
[17:35:55.186] [OK] [EXEC] CYCLE CLOSED pnl=+0.780912
[17:35:55.186] [INFO] [EXEC] SESSION realized=+2.399172 wins=2 losses=0
[17:35:56.085] [WARNING] [EXEC] BLOCK reason=balance_low
[17:35:58.147] [WS] LIVE bid=81690.95 ask=81698.00
[17:35:59.225] [WARNING] [EXEC] BLOCK reason=balance_low
[17:36:01.061] [INFO] [EXEC] SELL ACCOUNTING RESET new_cycle
[17:36:01.062] [OK] [EXEC] BUY ORDER SENT orderId=383077085 price=81692.01 qty=0.244820
[17:36:01.067] [OK] [EXEC] PLACE BUY price=81692.01 qty=0.244820
[17:36:02.616] [OK] [EXEC] BUY FILL UPDATE delta=0.060460 avg=81692.01
[17:36:02.620] [OK] [EXEC] CHUNK ADD qty=0.060460 entry=81692.01
[17:36:02.621] [INFO] [EXEC] CHUNK COUNT n=1
[17:36:02.622] [OK] [EXEC] INVENTORY qty=0.060460
[17:36:02.623] [OK] [EXEC] SELL REQUIRED inventory=0.060460
[17:36:02.624] [OK] [EXEC] BUY PARTIAL delta=0.060460 total=0.060460
[17:36:02.625] [OK] [EXEC] BUY REMAINING qty=0.184360
[17:36:03.641] [WS] LIVE bid=81692.02 ask=81698.52
[17:36:04.337] [OK] [SYNC] order filled detected
[17:36:04.339] [OK] [SYNC] BUY filled on exchange
[17:36:04.340] [OK] [EXEC] BUY FILL UPDATE delta=0.184360 avg=81692.01
[17:36:04.342] [OK] [EXEC] CHUNK ADD qty=0.184360 entry=81692.01
[17:36:04.345] [INFO] [EXEC] CHUNK COUNT n=2
[17:36:04.348] [OK] [EXEC] INVENTORY qty=0.244820
[17:36:04.349] [OK] [EXEC] SELL REQUIRED inventory=0.244820
[17:36:04.349] [INFO] [EXEC] SELL CHECK inventory=0.244820 reported=0.000000 remaining=0.244820 chunks=2
[17:36:04.349] [OK] [EXEC] PLACE SELL price=81696.92 qty=0.244820
[17:36:04.648] [OK] [EXEC] SELL ORDER SENT orderId=383077217
[17:36:05.710] [INFO] [EXEC] RECOVERY WAIT hard_sl_pending_recovery
[17:36:09.225] [WARNING] [EXEC] SELL TIMEOUT orderId=383077217
[17:36:09.225] [WARNING] [EXEC] CANCEL SELL orderId=383077217
[17:36:09.775] [INFO] [EXEC] SELL FINAL STATUS status=CANCELED orderId=383077217
[17:36:09.777] [INFO] [EXEC] SELL TIMEOUT check fast_exit
[17:36:09.778] [WARNING] [EXEC] FORCE EXIT hard_sl_triggered
[17:36:09.780] [ERROR] [EXEC] HARD SL triggered
[17:36:09.781] [WARNING] [EXEC] PANIC EXIT sl_mode
[17:36:09.782] [WARNING] [EXEC] FORCE EXIT price=81672.89
[17:36:09.783] [OK] [EXEC] PLACE SELL price=81672.89 qty=0.244820
[17:36:10.054] [WARNING] [EXEC] PANIC START price=81672.89
[17:36:10.059] [OK] [EXEC] SELL ORDER SENT orderId=383077551
[17:36:10.331] [WS] LIVE bid=81666.01 ask=81673.64
[17:36:11.211] [OK] [EXEC] FIFO CLOSE qty=0.060460 entry=81692.01 exit=81672.89 pnl=-1.155995
[17:36:11.211] [INFO] [EXEC] CHUNK CLOSED entry=81692.01
[17:36:11.211] [OK] [EXEC] FIFO CLOSE qty=0.184360 entry=81692.01 exit=81672.89 pnl=-3.524963
[17:36:11.211] [INFO] [EXEC] CHUNK CLOSED entry=81692.01
[17:36:11.211] [OK] [EXEC] REALIZED pnl=-4.680958
[17:36:11.226] [INFO] [EXEC] SELL ACCOUNTING RESET flat
[17:36:11.226] [OK] [EXEC] CYCLE CLOSED pnl=-4.680958
[17:36:11.226] [INFO] [EXEC] SESSION realized=-2.281786 wins=2 losses=1
[17:36:11.226] [INFO] [EXEC] SELL ACCOUNTING RESET flat
[17:36:11.226] [INFO] [EXEC] CYCLE SKIP no_fifo_pnl
[17:36:11.226] [OK] [EXEC] SELL FILLED id=383077551
[17:36:11.226] [OK] [EXEC] SELL FILLED qty=0.244820 remaining=0.000000
[17:36:11.226] [OK] [EXEC] PANIC FILLED
[17:36:11.226] [INFO] [EXEC] PANIC RESET
[17:36:11.226] [INFO] [EXEC] SELL ACCOUNTING RESET flat
[17:36:11.226] [INFO] [EXEC] CYCLE SKIP no_fifo_pnl
[17:36:11.993] [INFO] [EXEC] SELL ACCOUNTING RESET new_cycle
[17:36:12.008] [OK] [EXEC] BUY ORDER SENT orderId=383077614 price=81669.28 qty=0.244890
[17:36:12.008] [OK] [EXEC] PLACE BUY price=81669.28 qty=0.244890
[17:36:13.226] [WS] LIVE bid=81669.28 ask=81679.48
[17:36:13.587] [OK] [PLAN] HOT entry=81673.55 exit=81684.38 profit=2.651942 age=1578ms
[17:36:16.726] [WARNING] [EXEC] BUY TIMEOUT orderId=383077614
[17:36:16.742] [WARNING] [EXEC] CANCEL BUY orderId=383077614
[17:36:17.006] [OK] [EXEC] BUY CANCELED confirmed
[17:36:17.273] [INFO] [EXEC] BUY FINAL STATUS status=CANCELED orderId=383077614
[17:36:17.291] [WARNING] [EXEC] BLOCK reason=buy_not_filled
[17:36:19.210] [WS] LIVE bid=81676.13 ask=81682.82
[17:36:20.225] [INFO] [EXEC] SELL ACCOUNTING RESET new_cycle
[17:36:20.225] [OK] [EXEC] BUY ORDER SENT orderId=383077901 price=81678.83 qty=0.244860
[17:36:20.225] [OK] [EXEC] PLACE BUY price=81678.83 qty=0.244860
[17:36:21.459] [WARNING] [EXEC] BLOCK reason=balance_low
[17:36:23.021] [OK] [EXEC] BUY FILL UPDATE delta=0.244860 avg=81678.83
[17:36:23.037] [OK] [EXEC] CHUNK ADD qty=0.244860 entry=81678.83
[17:36:23.037] [INFO] [EXEC] CHUNK COUNT n=1
[17:36:23.044] [OK] [EXEC] INVENTORY qty=0.244860
[17:36:23.047] [OK] [EXEC] SELL REQUIRED inventory=0.244860
[17:36:23.048] [OK] [EXEC] BUY PARTIAL delta=0.244860 total=0.244860
[17:36:23.049] [OK] [EXEC] BUY REMAINING qty=0.000000
[17:36:23.049] [OK] [EXEC] BUY FILLED id=383077901
[17:36:23.569] [OK] [SYNC] order filled detected
[17:36:23.585] [OK] [SYNC] BUY filled on exchange
[17:36:24.057] [WS] LIVE bid=81675.50 ask=81684.10
[17:36:24.491] [INFO] [EXEC] SELL CHECK inventory=0.244860 reported=0.000000 remaining=0.244860 chunks=1
[17:36:24.510] [OK] [EXEC] PLACE SELL price=81681.50 qty=0.244860
[17:36:24.772] [OK] [EXEC] SELL ORDER SENT orderId=383078284
[17:36:25.902] [INFO] [EXEC] RECOVERY WAIT hard_sl_pending_recovery
[17:36:27.741] [WARNING] [EXEC] SELL TIMEOUT orderId=383078284
[17:36:27.741] [WARNING] [EXEC] CANCEL SELL orderId=383078284
[17:36:28.273] [INFO] [EXEC] SELL FINAL STATUS status=CANCELED orderId=383078284
[17:36:28.273] [INFO] [EXEC] SELL TIMEOUT check fast_exit
[17:36:28.288] [WARNING] [EXEC] FORCE EXIT hard_sl_triggered
[17:36:28.288] [ERROR] [EXEC] HARD SL triggered
[17:36:28.288] [WARNING] [EXEC] PANIC EXIT sl_mode
[17:36:28.288] [WARNING] [EXEC] FORCE EXIT price=81680.49
[17:36:28.288] [OK] [EXEC] PLACE SELL price=81680.49 qty=0.244860
[17:36:28.569] [WARNING] [EXEC] PANIC START price=81680.49
[17:36:28.569] [OK] [EXEC] SELL ORDER SENT orderId=383078357
[17:36:29.585] [WS] LIVE bid=81674.54 ask=81680.48
[17:36:31.835] [OK] [SYNC] order filled detected
[17:36:31.835] [OK] [SYNC] SELL filled on exchange
[17:36:31.840] [OK] [EXEC] FIFO CLOSE qty=0.244860 entry=81678.83 exit=81680.49 pnl=+0.406468
[17:36:31.841] [INFO] [EXEC] CHUNK CLOSED entry=81678.83
[17:36:31.842] [OK] [EXEC] REALIZED pnl=+0.406468
[17:36:31.842] [INFO] [EXEC] SELL ACCOUNTING RESET flat
[17:36:31.842] [OK] [EXEC] CYCLE CLOSED pnl=+0.406468
[17:36:31.842] [INFO] [EXEC] SESSION realized=-1.875319 wins=3 losses=1
[17:36:33.444] [WARNING] [EXEC] BLOCK reason=balance_low
[17:36:34.085] [WS] LIVE bid=81666.01 ask=81675.51
[17:36:36.932] [WARNING] [EXEC] BLOCK reason=balance_low
[17:36:38.932] [WS] LIVE bid=81676.42 ask=81681.99
[17:36:39.091] [WARNING] [EXEC] BLOCK reason=balance_low
[17:36:44.694] [INFO] [EXEC] SELL ACCOUNTING RESET new_cycle
[17:36:44.709] [OK] [EXEC] BUY ORDER SENT orderId=383078904 price=81678.36 qty=0.244860
[17:36:44.709] [OK] [EXEC] PLACE BUY price=81678.36 qty=0.244860
[17:36:44.709] [WS] LIVE bid=81676.36 ask=81682.00
[17:36:45.022] [OK] [PLAN] READY entry=81680.37 exit=81683.71 profit=0.817799 age=327ms
[17:36:46.906] [OK] [EXEC] BUY FILL UPDATE delta=0.244860 avg=81678.36
[17:36:46.906] [OK] [EXEC] CHUNK ADD qty=0.244860 entry=81678.36
[17:36:46.906] [INFO] [EXEC] CHUNK COUNT n=1
[17:36:46.922] [OK] [EXEC] INVENTORY qty=0.244860
[17:36:46.922] [OK] [EXEC] SELL REQUIRED inventory=0.244860
[17:36:46.922] [OK] [EXEC] BUY PARTIAL delta=0.244860 total=0.244860
[17:36:46.922] [OK] [EXEC] BUY REMAINING qty=0.000000
[17:36:46.922] [OK] [EXEC] BUY FILLED id=383078904
[17:36:47.956] [OK] [SYNC] order filled detected
[17:36:47.958] [OK] [SYNC] BUY filled on exchange
[17:36:48.443] [INFO] [EXEC] SELL CHECK inventory=0.244860 reported=0.000000 remaining=0.244860 chunks=1
[17:36:48.443] [OK] [EXEC] PLACE SELL price=81690.78 qty=0.244860
[17:36:48.711] [OK] [EXEC] SELL ORDER SENT orderId=383079093
[17:36:48.711] [OK] [PLAN] READY entry=81687.69 exit=81690.78 profit=0.756525 age=1796ms
[17:36:49.178] [WS] LIVE bid=81684.81 ask=81690.78
[17:36:49.963] [OK] [EXEC] FIFO CLOSE qty=0.244860 entry=81678.36 exit=81690.78 pnl=+3.041161
[17:36:49.964] [INFO] [EXEC] CHUNK CLOSED entry=81678.36
[17:36:49.964] [OK] [EXEC] REALIZED pnl=+3.041161
[17:36:49.964] [INFO] [EXEC] SELL ACCOUNTING RESET flat
[17:36:49.964] [OK] [EXEC] CYCLE CLOSED pnl=+3.041161
[17:36:49.964] [INFO] [EXEC] SESSION realized=+1.165843 wins=4 losses=1
[17:36:49.969] [INFO] [EXEC] SELL ACCOUNTING RESET flat
[17:36:49.970] [INFO] [EXEC] CYCLE SKIP no_fifo_pnl
[17:36:49.970] [OK] [EXEC] SELL FILLED id=383079093
[17:36:49.970] [OK] [EXEC] SELL FILLED qty=0.244860 remaining=0.000000
[17:36:49.970] [INFO] [EXEC] SELL ACCOUNTING RESET flat
[17:36:49.970] [INFO] [EXEC] CYCLE SKIP no_fifo_pnl
[17:36:53.004] [INFO] [EXEC] SELL ACCOUNTING RESET new_cycle
[17:36:53.004] [OK] [EXEC] BUY ORDER SENT orderId=383079552 price=81706.89 qty=0.244770
[17:36:53.004] [OK] [EXEC] PLACE BUY price=81706.89 qty=0.244770
[17:36:53.855] [OK] [PLAN] HOT entry=81709.18 exit=81716.44 profit=1.777030 age=863ms
[17:36:54.911] [WS] LIVE bid=81718.22 ask=81728.97
[17:36:57.170] [OK] [SYNC] order filled detected
[17:36:57.170] [OK] [SYNC] BUY filled on exchange
[17:36:57.170] [OK] [EXEC] BUY FILL UPDATE delta=0.244770 avg=81706.89
[17:36:57.185] [OK] [EXEC] CHUNK ADD qty=0.244770 entry=81706.89
[17:36:57.185] [INFO] [EXEC] CHUNK COUNT n=1
[17:36:57.185] [OK] [EXEC] INVENTORY qty=0.244770
[17:36:57.185] [OK] [EXEC] SELL REQUIRED inventory=0.244770
[17:36:57.185] [INFO] [EXEC] SELL CHECK inventory=0.244770 reported=0.000000 remaining=0.244770 chunks=1
[17:36:57.185] [OK] [EXEC] PLACE SELL price=81720.00 qty=0.244770
[17:36:57.445] [OK] [EXEC] SELL ORDER SENT orderId=383080053
[17:37:00.631] [WARNING] [EXEC] SELL TIMEOUT orderId=383080053
[17:37:00.647] [WARNING] [EXEC] CANCEL SELL orderId=383080053
[17:37:01.188] [INFO] [EXEC] SELL FINAL STATUS status=CANCELED orderId=383080053
[17:37:01.192] [INFO] [EXEC] SELL TIMEOUT check fast_exit
[17:37:01.194] [INFO] [EXEC] FAST SAFE EXIT price=81710.26 entry=81706.89 bid=81710.25
[17:37:01.194] [WARNING] [EXEC] SELL REPRICE old=81720.00 new=81719.99 count=1
[17:37:01.194] [INFO] [EXEC] SELL REPLACE remaining=0.244770
[17:37:01.194] [OK] [EXEC] PLACE SELL price=81719.99 qty=0.244770
[17:37:01.469] [OK] [EXEC] SELL ORDER SENT orderId=383080178
[17:37:01.737] [WS] LIVE bid=81711.94 ask=81719.99
[17:37:03.091] [OK] [SYNC] order filled detected
[17:37:03.106] [OK] [SYNC] SELL filled on exchange
[17:37:03.106] [OK] [EXEC] FIFO CLOSE qty=0.244770 entry=81706.89 exit=81719.99 pnl=+3.206487
[17:37:03.106] [INFO] [EXEC] CHUNK CLOSED entry=81706.89
[17:37:03.106] [OK] [EXEC] REALIZED pnl=+3.206487
[17:37:03.106] [INFO] [EXEC] SELL ACCOUNTING RESET flat
[17:37:03.106] [OK] [EXEC] CYCLE CLOSED pnl=+3.206487
[17:37:03.106] [INFO] [EXEC] SESSION realized=+4.372330 wins=5 losses=1
[17:37:03.864] [WARNING] [EXEC] BLOCK reason=balance_low
[17:37:05.131] [WS] LIVE bid=81714.00 ask=81722.00
[17:37:05.888] [WARNING] [EXEC] BLOCK reason=balance_low
[17:37:09.631] [WS] LIVE bid=81712.77 ask=81721.99
[17:37:10.886] [INFO] [EXEC] SELL ACCOUNTING RESET new_cycle
[17:37:10.890] [OK] [EXEC] BUY ORDER SENT orderId=383080680 price=81715.92 qty=0.244750
[17:37:10.890] [OK] [EXEC] PLACE BUY price=81715.92 qty=0.244750
[17:37:11.413] [OK] [SYNC] order filled detected
[17:37:11.413] [OK] [SYNC] BUY filled on exchange
[17:37:11.413] [OK] [EXEC] BUY FILL UPDATE delta=0.244750 avg=81715.92
[17:37:11.413] [OK] [EXEC] CHUNK ADD qty=0.244750 entry=81715.92
[17:37:11.429] [INFO] [EXEC] CHUNK COUNT n=1
[17:37:11.429] [OK] [EXEC] INVENTORY qty=0.244750
[17:37:11.430] [OK] [EXEC] SELL REQUIRED inventory=0.244750
[17:37:11.725] [INFO] [EXEC] SELL CHECK inventory=0.244750 reported=0.000000 remaining=0.244750 chunks=1
[17:37:11.725] [OK] [EXEC] PLACE SELL price=81717.52 qty=0.244750
[17:37:11.990] [OK] [EXEC] SELL ORDER SENT orderId=383080795
[17:37:12.008] [OK] [PLAN] READY entry=81713.92 exit=81717.52 profit=0.881100 age=1109ms
[17:37:12.788] [INFO] [EXEC] RECOVERY WAIT hard_sl_pending_recovery
[17:37:13.054] [OK] [EXEC] FIFO CLOSE qty=0.244750 entry=81715.92 exit=81717.52 pnl=+0.391600
[17:37:13.058] [INFO] [EXEC] CHUNK CLOSED entry=81715.92
[17:37:13.059] [OK] [EXEC] REALIZED pnl=+0.391600
[17:37:13.064] [INFO] [EXEC] SELL ACCOUNTING RESET flat
[17:37:13.066] [OK] [EXEC] CYCLE CLOSED pnl=+0.391600
[17:37:13.066] [INFO] [EXEC] SESSION realized=+4.763930 wins=6 losses=1
[17:37:13.066] [INFO] [EXEC] SELL ACCOUNTING RESET flat
[17:37:13.066] [INFO] [EXEC] CYCLE SKIP no_fifo_pnl
[17:37:13.070] [OK] [EXEC] SELL FILLED id=383080795
[17:37:13.071] [OK] [EXEC] SELL FILLED qty=0.244750 remaining=0.000000
[17:37:13.072] [INFO] [EXEC] SELL ACCOUNTING RESET flat
[17:37:13.073] [INFO] [EXEC] CYCLE SKIP no_fifo_pnl
[17:37:14.694] [INFO] [EXEC] SELL ACCOUNTING RESET new_cycle
[17:37:14.694] [OK] [EXEC] BUY ORDER SENT orderId=383080958 price=81720.01 qty=0.244730
[17:37:14.694] [OK] [EXEC] PLACE BUY price=81720.01 qty=0.244730
[17:37:14.710] [OK] [PLAN] HOT entry=81720.01 exit=81725.12 profit=1.250570 age=3817ms
[17:37:15.225] [OK] [SYNC] order filled detected
[17:37:15.241] [OK] [SYNC] BUY filled on exchange
[17:37:15.241] [OK] [EXEC] BUY FILL UPDATE delta=0.244730 avg=81720.01
[17:37:15.241] [OK] [EXEC] CHUNK ADD qty=0.244730 entry=81720.01
[17:37:15.241] [INFO] [EXEC] CHUNK COUNT n=1
[17:37:15.241] [OK] [EXEC] INVENTORY qty=0.244730
[17:37:15.241] [OK] [EXEC] SELL REQUIRED inventory=0.244730
[17:37:15.241] [WS] LIVE bid=81714.12 ask=81721.99
[17:37:15.288] [INFO] [EXEC] SELL CHECK inventory=0.244730 reported=0.000000 remaining=0.244730 chunks=1
[17:37:15.288] [OK] [EXEC] PLACE SELL price=81720.05 qty=0.244730
[17:37:15.554] [OK] [EXEC] SELL ORDER SENT orderId=383080993
[17:37:16.858] [INFO] [EXEC] RECOVERY WAIT hard_sl_pending_recovery
[17:37:18.710] [WARNING] [EXEC] SELL TIMEOUT orderId=383080993
[17:37:18.710] [WARNING] [EXEC] CANCEL SELL orderId=383080993
[17:37:19.257] [INFO] [EXEC] SELL FINAL STATUS status=CANCELED orderId=383080993
[17:37:19.257] [INFO] [EXEC] SELL TIMEOUT check fast_exit
[17:37:19.257] [WARNING] [EXEC] FORCE EXIT hard_sl_triggered
[17:37:19.257] [ERROR] [EXEC] HARD SL triggered
[17:37:19.257] [WARNING] [EXEC] PANIC EXIT sl_mode
[17:37:19.272] [WARNING] [EXEC] FORCE EXIT price=81704.99
[17:37:19.272] [OK] [EXEC] PLACE SELL price=81704.99 qty=0.244730
[17:37:19.553] [WARNING] [EXEC] PANIC START price=81704.99
[17:37:19.553] [OK] [EXEC] SELL ORDER SENT orderId=383081359
[17:37:19.553] [OK] [PLAN] READY entry=81700.77 exit=81703.99 profit=0.788224 age=1588ms
[17:37:20.909] [WS] LIVE bid=81700.43 ask=81704.99
[17:37:21.220] [WARNING] [EXEC] PANIC WAIT still_open orderId=383081359
[17:37:21.223] [WARNING] [EXEC] PANIC HOLD active orderId=383081359
[17:37:23.256] [OK] [EXEC] FIFO CLOSE qty=0.244730 entry=81720.01 exit=81704.99 pnl=-3.675845
[17:37:23.256] [INFO] [EXEC] CHUNK CLOSED entry=81720.01
[17:37:23.256] [OK] [EXEC] REALIZED pnl=-3.675845
[17:37:23.256] [INFO] [EXEC] SELL ACCOUNTING RESET flat
[17:37:23.256] [OK] [EXEC] CYCLE CLOSED pnl=-3.675845
[17:37:23.256] [INFO] [EXEC] SESSION realized=+1.088085 wins=6 losses=2
[17:37:23.256] [INFO] [EXEC] SELL ACCOUNTING RESET flat
[17:37:23.271] [INFO] [EXEC] CYCLE SKIP no_fifo_pnl
[17:37:23.271] [OK] [EXEC] SELL FILLED id=383081359
[17:37:23.271] [OK] [EXEC] SELL FILLED qty=0.244730 remaining=0.000000
[17:37:23.271] [OK] [EXEC] PANIC FILLED
[17:37:23.271] [INFO] [EXEC] PANIC RESET
[17:37:23.271] [INFO] [EXEC] SELL ACCOUNTING RESET flat
[17:37:23.271] [INFO] [EXEC] CYCLE SKIP no_fifo_pnl
[17:37:23.271] [WARNING] [EXEC] BLOCK reason=balance_low
[17:37:24.741] [WS] LIVE bid=81707.76 ask=81713.99
[17:37:25.490] [WARNING] [EXEC] BLOCK reason=balance_low
[17:37:30.870] [INFO] [EXEC] SELL ACCOUNTING RESET new_cycle
[17:37:30.875] [OK] [EXEC] BUY ORDER SENT orderId=383081899 price=81722.51 qty=0.244730
[17:37:30.875] [OK] [EXEC] PLACE BUY price=81722.51 qty=0.244730
[17:37:31.412] [OK] [SYNC] order filled detected
[17:37:31.412] [OK] [SYNC] BUY filled on exchange
[17:37:31.412] [OK] [EXEC] BUY FILL UPDATE delta=0.244730 avg=81722.51
[17:37:31.428] [OK] [EXEC] CHUNK ADD qty=0.244730 entry=81722.51
[17:37:31.428] [INFO] [EXEC] CHUNK COUNT n=1
[17:37:31.428] [OK] [EXEC] INVENTORY qty=0.244730
[17:37:31.428] [OK] [EXEC] SELL REQUIRED inventory=0.244730
[17:37:31.428] [WS] LIVE bid=81715.50 ask=81721.99
[17:37:32.029] [INFO] [EXEC] SELL CHECK inventory=0.244730 reported=0.000000 remaining=0.244730 chunks=1
[17:37:32.031] [OK] [EXEC] PLACE SELL price=81743.99 qty=0.244730
[17:37:32.303] [OK] [EXEC] SELL ORDER SENT orderId=383082133
[17:37:32.303] [OK] [PLAN] HOT entry=81737.13 exit=81743.99 profit=1.678505 age=1444ms
[17:37:33.197] [OK] [EXEC] FIFO CLOSE qty=0.213880 entry=81722.51 exit=81743.99 pnl=+4.594142
[17:37:33.200] [OK] [EXEC] REALIZED pnl=+4.594142
[17:37:33.202] [OK] [EXEC] SELL PARTIAL delta=0.213880
[17:37:33.203] [OK] [EXEC] INVENTORY remaining=0.030850
[17:37:33.205] [OK] [PLAN] READY entry=81737.54 exit=81741.98 profit=1.086379 age=2343ms
[17:37:34.256] [OK] [SYNC] order filled detected
[17:37:34.256] [OK] [SYNC] SELL filled on exchange
[17:37:34.256] [OK] [EXEC] FIFO CLOSE qty=0.030850 entry=81722.51 exit=81743.99 pnl=+0.662658
[17:37:34.256] [INFO] [EXEC] CHUNK CLOSED entry=81722.51
[17:37:34.256] [OK] [EXEC] REALIZED pnl=+0.662658
[17:37:34.256] [INFO] [EXEC] SELL ACCOUNTING RESET flat
[17:37:34.256] [OK] [EXEC] CYCLE CLOSED pnl=+5.256800
[17:37:34.272] [INFO] [EXEC] SESSION realized=+6.344885 wins=7 losses=2
[17:37:34.771] [INFO] [EXEC] SELL ACCOUNTING RESET new_cycle
[17:37:34.771] [OK] [EXEC] BUY ORDER SENT orderId=383082316 price=81740.38 qty=0.244670
[17:37:34.771] [OK] [EXEC] PLACE BUY price=81740.38 qty=0.244670
[17:37:35.788] [OK] [SYNC] order filled detected
[17:37:35.788] [OK] [SYNC] BUY filled on exchange
[17:37:35.788] [OK] [EXEC] BUY FILL UPDATE delta=0.244670 avg=81740.38
[17:37:35.805] [OK] [EXEC] CHUNK ADD qty=0.244670 entry=81740.38
[17:37:35.808] [INFO] [EXEC] CHUNK COUNT n=1
[17:37:35.810] [OK] [EXEC] INVENTORY qty=0.244670
[17:37:35.812] [OK] [EXEC] SELL REQUIRED inventory=0.244670
[17:37:35.815] [WS] LIVE bid=81740.80 ask=81746.00
[17:37:36.055] [INFO] [EXEC] SELL CHECK inventory=0.244670 reported=0.000000 remaining=0.244670 chunks=1
[17:37:36.058] [OK] [EXEC] PLACE SELL price=81743.99 qty=0.244670
[17:37:36.318] [OK] [EXEC] SELL ORDER SENT orderId=383082398
[17:37:37.381] [OK] [SYNC] order filled detected
[17:37:37.397] [OK] [SYNC] SELL filled on exchange
[17:37:37.397] [OK] [EXEC] FIFO CLOSE qty=0.244670 entry=81740.38 exit=81743.99 pnl=+0.883259
[17:37:37.397] [INFO] [EXEC] CHUNK CLOSED entry=81740.38
[17:37:37.397] [OK] [EXEC] REALIZED pnl=+0.883259
[17:37:37.397] [INFO] [EXEC] SELL ACCOUNTING RESET flat
[17:37:37.397] [OK] [EXEC] CYCLE CLOSED pnl=+0.883259
[17:37:37.397] [INFO] [EXEC] SESSION realized=+7.228144 wins=8 losses=2
[17:37:38.819] [INFO] [EXEC] SELL ACCOUNTING RESET new_cycle
[17:37:38.819] [OK] [EXEC] BUY ORDER SENT orderId=383082707 price=81757.57 qty=0.244620
[17:37:38.834] [OK] [EXEC] PLACE BUY price=81757.57 qty=0.244620
[17:37:40.303] [WS] LIVE bid=81757.58 ask=81765.64
[17:37:41.179] [WARNING] [EXEC] BLOCK reason=balance_low
[17:37:42.594] [WARNING] [EXEC] BUY TIMEOUT orderId=383082707
[17:37:42.597] [WARNING] [EXEC] CANCEL BUY orderId=383082707
[17:37:42.862] [OK] [EXEC] BUY CANCELED confirmed
[17:37:43.131] [INFO] [EXEC] BUY FINAL STATUS status=CANCELED orderId=383082707
[17:37:43.134] [WARNING] [EXEC] BLOCK reason=buy_not_filled
[17:37:45.819] [WS] LIVE bid=81754.84 ask=81762.79
[17:37:48.890] [WARNING] [EXEC] BLOCK reason=balance_low
[17:37:50.774] [INFO] [EXEC] SELL ACCOUNTING RESET new_cycle
[17:37:50.778] [OK] [EXEC] BUY ORDER SENT orderId=383083433 price=81741.62 qty=0.244670
[17:37:50.779] [OK] [EXEC] PLACE BUY price=81741.62 qty=0.244670
[17:37:51.819] [WS] LIVE bid=81739.62 ask=81749.63
[17:37:56.506] [WARNING] [EXEC] BUY TIMEOUT orderId=383083433
[17:37:56.506] [WARNING] [EXEC] CANCEL BUY orderId=383083433
[17:37:56.788] [OK] [EXEC] BUY CANCELED confirmed
[17:37:57.061] [INFO] [EXEC] BUY FINAL STATUS status=CANCELED orderId=383083433
[17:37:57.061] [WARNING] [EXEC] BLOCK reason=buy_not_filled
[17:37:57.066] [WS] LIVE bid=81747.28 ask=81753.99
[17:37:59.273] [INFO] [EXEC] SELL ACCOUNTING RESET new_cycle
[17:37:59.273] [OK] [EXEC] BUY ORDER SENT orderId=383083735 price=81748.54 qty=0.244650
[17:37:59.273] [OK] [EXEC] PLACE BUY price=81748.54 qty=0.244650
[17:38:01.738] [OK] [SYNC] order filled detected
[17:38:01.741] [OK] [SYNC] BUY filled on exchange
[17:38:01.741] [OK] [EXEC] BUY FILL UPDATE delta=0.244650 avg=81748.54
[17:38:01.743] [OK] [EXEC] CHUNK ADD qty=0.244650 entry=81748.54
[17:38:01.746] [INFO] [EXEC] CHUNK COUNT n=1
[17:38:01.748] [OK] [EXEC] INVENTORY qty=0.244650
[17:38:01.749] [OK] [EXEC] SELL REQUIRED inventory=0.244650
[17:38:01.751] [INFO] [EXEC] SELL CHECK inventory=0.244650 reported=0.000000 remaining=0.244650 chunks=1
[17:38:01.754] [OK] [EXEC] PLACE SELL price=81757.02 qty=0.244650
[17:38:02.048] [OK] [EXEC] SELL ORDER SENT orderId=383083953
[17:38:02.052] [WARNING] [EXEC] BLOCK reason=balance_low
[17:38:02.052] [WS] LIVE bid=81748.54 ask=81753.85
[17:38:02.133] [INFO] [EXEC] RECOVERY WAIT hard_sl_pending_recovery
[17:38:04.475] [WARNING] [EXEC] BLOCK reason=balance_low
[17:38:04.953] [INFO] [EXEC] RECOVERY WAIT hard_sl_pending_recovery
[17:38:05.217] [WARNING] [EXEC] SELL TIMEOUT orderId=383083953
[17:38:05.220] [WARNING] [EXEC] CANCEL SELL orderId=383083953
[17:38:05.756] [INFO] [EXEC] SELL FINAL STATUS status=CANCELED orderId=383083953
[17:38:05.772] [INFO] [EXEC] SELL TIMEOUT check fast_exit
[17:38:05.774] [WARNING] [EXEC] FORCE EXIT hard_sl_triggered
[17:38:05.775] [ERROR] [EXEC] HARD SL triggered
[17:38:05.776] [WARNING] [EXEC] PANIC EXIT sl_mode
[17:38:05.777] [WARNING] [EXEC] FORCE EXIT price=81752.99
[17:38:05.778] [OK] [EXEC] PLACE SELL price=81752.99 qty=0.244650
[17:38:06.042] [WARNING] [EXEC] PANIC START price=81752.99
[17:38:06.045] [OK] [EXEC] SELL ORDER SENT orderId=383084135
[17:38:07.050] [WS] LIVE bid=81746.50 ask=81753.99
[17:38:09.847] [WARNING] [EXEC] PANIC WAIT still_open orderId=383084135
[17:38:09.850] [WARNING] [EXEC] PANIC HOLD active orderId=383084135
[17:38:11.553] [WS] LIVE bid=81746.79 ask=81752.99
[17:38:11.896] [WARNING] [EXEC] PANIC HOLD active orderId=383084135
[17:38:13.490] [WARNING] [EXEC] PANIC WAIT still_open orderId=383084135
[17:38:13.490] [WARNING] [EXEC] PANIC HOLD active orderId=383084135
[17:38:16.084] [OK] [SYNC] order filled detected
[17:38:16.084] [OK] [SYNC] SELL filled on exchange
[17:38:16.099] [OK] [EXEC] FIFO CLOSE qty=0.244650 entry=81748.54 exit=81752.99 pnl=+1.088692
[17:38:16.099] [INFO] [EXEC] CHUNK CLOSED entry=81748.54
[17:38:16.099] [OK] [EXEC] REALIZED pnl=+1.088692
[17:38:16.099] [INFO] [EXEC] SELL ACCOUNTING RESET flat
[17:38:16.099] [OK] [EXEC] CYCLE CLOSED pnl=+1.088692
[17:38:16.099] [INFO] [EXEC] SESSION realized=+8.316837 wins=9 losses=2
[17:38:16.115] [WS] LIVE bid=81739.35 ask=81754.00
[17:38:20.740] [INFO] [EXEC] SELL ACCOUNTING RESET new_cycle
[17:38:20.740] [OK] [EXEC] BUY ORDER SENT orderId=383085126 price=81788.97 qty=0.244530
[17:38:20.740] [OK] [EXEC] PLACE BUY price=81788.97 qty=0.244530
[17:38:21.788] [WS] LIVE bid=81788.97 ask=81799.99
[17:38:23.163] [OK] [PLAN] HOT entry=81807.63 exit=81814.36 profit=1.645283 age=2433ms
[17:38:23.563] [OK] [PLAN] READY entry=81810.30 exit=81814.35 profit=0.990063 age=2828ms
[17:38:25.584] [WARNING] [EXEC] BUY TIMEOUT orderId=383085126
[17:38:25.587] [WARNING] [EXEC] CANCEL BUY orderId=383085126
[17:38:25.870] [OK] [EXEC] BUY CANCELED confirmed
[17:38:26.131] [INFO] [EXEC] BUY FINAL STATUS status=CANCELED orderId=383085126
[17:38:26.131] [WARNING] [EXEC] BLOCK reason=buy_not_filled
[17:38:26.615] [WS] LIVE bid=81811.60 ask=81821.02
[17:38:27.023] [INFO] [EXEC] SELL ACCOUNTING RESET new_cycle
[17:38:27.038] [OK] [EXEC] BUY ORDER SENT orderId=383085695 price=81813.60 qty=0.244450
[17:38:27.041] [OK] [EXEC] PLACE BUY price=81813.60 qty=0.244450
[17:38:27.046] [OK] [PLAN] HOT entry=81813.60 exit=81819.02 profit=1.324919 age=6296ms
[17:38:28.078] [OK] [SYNC] order filled detected
[17:38:28.078] [OK] [SYNC] BUY filled on exchange
[17:38:28.078] [OK] [EXEC] BUY FILL UPDATE delta=0.244450 avg=81813.60
[17:38:28.078] [OK] [EXEC] CHUNK ADD qty=0.244450 entry=81813.60
[17:38:28.078] [INFO] [EXEC] CHUNK COUNT n=1
[17:38:28.078] [OK] [EXEC] INVENTORY qty=0.244450
[17:38:28.078] [OK] [EXEC] SELL REQUIRED inventory=0.244450
[17:38:28.334] [INFO] [EXEC] SELL CHECK inventory=0.244450 reported=0.000000 remaining=0.244450 chunks=1
[17:38:28.334] [OK] [EXEC] PLACE SELL price=81815.19 qty=0.244450
[17:38:28.602] [OK] [EXEC] SELL ORDER SENT orderId=383085808
[17:38:30.796] [WARNING] [EXEC] BLOCK reason=balance_low
[17:38:31.304] [WS] LIVE bid=81806.65 ask=81815.18
[17:38:32.209] [WARNING] [EXEC] PANIC WAIT still_open orderId=383085808
[17:38:33.715] [OK] [EXEC] FIFO CLOSE qty=0.244450 entry=81813.60 exit=81815.19 pnl=+0.388675
[17:38:33.719] [INFO] [EXEC] CHUNK CLOSED entry=81813.60
[17:38:33.720] [OK] [EXEC] REALIZED pnl=+0.388675
[17:38:33.721] [INFO] [EXEC] SELL ACCOUNTING RESET flat
[17:38:33.722] [OK] [EXEC] CYCLE CLOSED pnl=+0.388675
[17:38:33.723] [INFO] [EXEC] SESSION realized=+8.705512 wins=10 losses=2
[17:38:33.724] [INFO] [EXEC] SELL ACCOUNTING RESET flat
[17:38:33.725] [INFO] [EXEC] CYCLE SKIP no_fifo_pnl
[17:38:33.725] [OK] [EXEC] SELL FILLED id=383085808
[17:38:33.725] [OK] [EXEC] SELL FILLED qty=0.244450 remaining=0.000000
[17:38:33.725] [OK] [EXEC] PANIC FILLED
[17:38:33.725] [INFO] [EXEC] PANIC RESET
[17:38:33.725] [INFO] [EXEC] SELL ACCOUNTING RESET flat
[17:38:33.725] [INFO] [EXEC] CYCLE SKIP no_fifo_pnl
[17:38:33.725] [WARNING] [EXEC] BLOCK reason=balance_low
[17:38:36.741] [WS] LIVE bid=81808.97 ask=81815.20
[17:38:41.154] [INFO] [EXEC] SELL ACCOUNTING RESET new_cycle
[17:38:41.170] [OK] [EXEC] BUY ORDER SENT orderId=383086471 price=81796.03 qty=0.244510
[17:38:41.170] [OK] [EXEC] PLACE BUY price=81796.03 qty=0.244510
[17:38:42.170] [WS] LIVE bid=81806.63 ask=81809.99
[17:38:43.193] [OK] [PLAN] HOT entry=81801.67 exit=81815.99 profit=3.501097 age=2028ms
[17:38:46.856] [WARNING] [EXEC] BUY TIMEOUT orderId=383086471
[17:38:46.860] [WARNING] [EXEC] CANCEL BUY orderId=383086471
[17:38:47.115] [OK] [EXEC] BUY CANCELED confirmed
[17:38:47.386] [INFO] [EXEC] BUY FINAL STATUS status=CANCELED orderId=383086471
[17:38:47.390] [WARNING] [EXEC] BLOCK reason=buy_not_filled
[17:38:47.397] [WS] LIVE bid=81808.80 ask=81815.19
[17:38:47.759] [INFO] [EXEC] SELL ACCOUNTING RESET new_cycle
[17:38:47.764] [OK] [EXEC] BUY ORDER SENT orderId=383086878 price=81794.78 qty=0.244510
[17:38:47.767] [OK] [EXEC] PLACE BUY price=81794.78 qty=0.244510
[17:38:47.772] [OK] [PLAN] HOT entry=81794.78 exit=81806.19 profit=2.789859 age=922ms
[17:38:51.679] [WARNING] [EXEC] BUY TIMEOUT orderId=383086878
[17:38:51.696] [WARNING] [EXEC] CANCEL BUY orderId=383086878
[17:38:51.976] [OK] [EXEC] BUY CANCELED confirmed
[17:38:52.243] [INFO] [EXEC] BUY FINAL STATUS status=CANCELED orderId=383086878
[17:38:52.245] [WARNING] [EXEC] BLOCK reason=buy_not_filled
[17:38:52.725] [WS] LIVE bid=81813.63 ask=81817.99
[17:38:53.761] [WARNING] [EXEC] BLOCK reason=balance_low
[17:38:57.987] [WS] LIVE bid=81802.38 ask=81808.29
[17:39:00.647] [INFO] [EXEC] SELL ACCOUNTING RESET new_cycle
[17:39:00.647] [OK] [EXEC] BUY ORDER SENT orderId=383087664 price=81819.10 qty=0.244440
[17:39:00.647] [OK] [EXEC] PLACE BUY price=81819.10 qty=0.244440
[17:39:01.240] [OK] [SYNC] order filled detected
[17:39:01.240] [OK] [SYNC] BUY filled on exchange
[17:39:01.240] [OK] [EXEC] BUY FILL UPDATE delta=0.244440 avg=81819.10
[17:39:01.240] [OK] [EXEC] CHUNK ADD qty=0.244440 entry=81819.10
[17:39:01.240] [INFO] [EXEC] CHUNK COUNT n=1
[17:39:01.240] [OK] [EXEC] INVENTORY qty=0.244440
[17:39:01.240] [OK] [EXEC] SELL REQUIRED inventory=0.244440
[17:39:01.741] [INFO] [EXEC] SELL CHECK inventory=0.244440 reported=0.000000 remaining=0.244440 chunks=1
[17:39:01.741] [OK] [EXEC] PLACE SELL price=81820.89 qty=0.244440
[17:39:02.018] [OK] [EXEC] SELL ORDER SENT orderId=383087720
[17:39:02.025] [OK] [PLAN] READY entry=81817.42 exit=81820.89 profit=0.848207 age=1359ms
[17:39:03.100] [INFO] [EXEC] RECOVERY WAIT hard_sl_pending_recovery
[17:39:03.382] [OK] [PLAN] HOT entry=81814.19 exit=81818.88 profit=1.146470 age=2718ms
[17:39:03.382] [WS] LIVE bid=81815.41 ask=81820.88
[17:39:04.035] [INFO] [EXEC] RECOVERY WAIT hard_sl_pending_recovery
[17:39:04.303] [OK] [PLAN] READY entry=81812.39 exit=81816.43 profit=0.987618 age=3653ms
[17:39:05.459] [INFO] [EXEC] RECOVERY WAIT hard_sl_pending_recovery
[17:39:05.725] [WARNING] [EXEC] SELL TIMEOUT orderId=383087720
[17:39:05.741] [WARNING] [EXEC] CANCEL SELL orderId=383087720
[17:39:06.272] [INFO] [EXEC] SELL FINAL STATUS status=CANCELED orderId=383087720
[17:39:06.287] [INFO] [EXEC] SELL TIMEOUT check fast_exit
[17:39:06.287] [WARNING] [EXEC] FORCE EXIT hard_sl_triggered
[17:39:06.287] [ERROR] [EXEC] HARD SL triggered
[17:39:06.287] [WARNING] [EXEC] PANIC EXIT sl_mode
[17:39:06.287] [WARNING] [EXEC] FORCE EXIT price=81817.00
[17:39:06.287] [OK] [EXEC] PLACE SELL price=81817.00 qty=0.244440
[17:39:06.554] [WARNING] [EXEC] PANIC START price=81817.00
[17:39:06.554] [OK] [EXEC] SELL ORDER SENT orderId=383088070
[17:39:08.059] [OK] [EXEC] FIFO CLOSE qty=0.244440 entry=81819.10 exit=81817.00 pnl=-0.513324
[17:39:08.063] [INFO] [EXEC] CHUNK CLOSED entry=81819.10
[17:39:08.065] [OK] [EXEC] REALIZED pnl=-0.513324
[17:39:08.065] [INFO] [EXEC] SELL ACCOUNTING RESET flat
[17:39:08.065] [OK] [EXEC] CYCLE CLOSED pnl=-0.513324
[17:39:08.070] [INFO] [EXEC] SESSION realized=+8.192188 wins=10 losses=3
[17:39:08.071] [INFO] [EXEC] SELL ACCOUNTING RESET flat
[17:39:08.071] [INFO] [EXEC] CYCLE SKIP no_fifo_pnl
[17:39:08.071] [OK] [EXEC] SELL FILLED id=383088070
[17:39:08.071] [OK] [EXEC] SELL FILLED qty=0.244440 remaining=0.000000
[17:39:08.071] [OK] [EXEC] PANIC FILLED
[17:39:08.071] [INFO] [EXEC] PANIC RESET
[17:39:08.071] [INFO] [EXEC] SELL ACCOUNTING RESET flat
[17:39:08.071] [INFO] [EXEC] CYCLE SKIP no_fifo_pnl
[17:39:08.350] [WS] LIVE bid=81810.86 ask=81818.00
[17:39:08.870] [INFO] [EXEC] SELL ACCOUNTING RESET new_cycle
[17:39:08.871] [OK] [EXEC] BUY ORDER SENT orderId=383088212 price=81813.00 qty=0.244450
[17:39:08.871] [OK] [EXEC] PLACE BUY price=81813.00 qty=0.244450
[17:39:08.871] [OK] [PLAN] HOT entry=81813.00 exit=81827.06 profit=3.436967 age=802ms
[17:39:09.912] [OK] [SYNC] order filled detected
[17:39:09.912] [OK] [SYNC] BUY filled on exchange
[17:39:09.912] [OK] [EXEC] BUY FILL UPDATE delta=0.244450 avg=81813.00
[17:39:09.912] [OK] [EXEC] CHUNK ADD qty=0.244450 entry=81813.00
[17:39:09.912] [INFO] [EXEC] CHUNK COUNT n=1
[17:39:09.912] [OK] [EXEC] INVENTORY qty=0.244450
[17:39:09.928] [OK] [EXEC] SELL REQUIRED inventory=0.244450
[17:39:11.256] [INFO] [EXEC] SELL CHECK inventory=0.244450 reported=0.000000 remaining=0.244450 chunks=1
[17:39:11.256] [OK] [EXEC] PLACE SELL price=81813.04 qty=0.244450
[17:39:11.523] [OK] [EXEC] SELL ORDER SENT orderId=383088365
[17:39:11.541] [WARNING] [EXEC] BLOCK reason=balance_low
[17:39:12.068] [OK] [SYNC] order filled detected
[17:39:12.070] [OK] [SYNC] SELL filled on exchange
[17:39:12.070] [OK] [EXEC] FIFO CLOSE qty=0.244450 entry=81813.00 exit=81813.04 pnl=+0.009778
[17:39:12.071] [INFO] [EXEC] CHUNK CLOSED entry=81813.00
[17:39:12.071] [OK] [EXEC] REALIZED pnl=+0.009778
[17:39:12.071] [INFO] [EXEC] SELL ACCOUNTING RESET flat
[17:39:12.071] [OK] [EXEC] CYCLE CLOSED pnl=+0.009778
[17:39:12.071] [INFO] [EXEC] SESSION realized=+8.201966 wins=11 losses=3
[17:39:13.069] [WS] LIVE bid=81822.84 ask=81831.49
[17:39:17.600] [WS] LIVE bid=81820.00 ask=81841.61
[17:39:20.876] [INFO] [EXEC] SELL ACCOUNTING RESET new_cycle
[17:39:20.876] [OK] [EXEC] BUY ORDER SENT orderId=383089299 price=81832.97 qty=0.244400
[17:39:20.876] [OK] [EXEC] PLACE BUY price=81832.97 qty=0.244400
[17:39:21.412] [OK] [SYNC] order filled detected
[17:39:21.428] [OK] [SYNC] BUY filled on exchange
[17:39:21.428] [OK] [EXEC] BUY FILL UPDATE delta=0.244400 avg=81832.97
[17:39:21.428] [OK] [EXEC] CHUNK ADD qty=0.244400 entry=81832.97
[17:39:21.428] [INFO] [EXEC] CHUNK COUNT n=1
[17:39:21.428] [OK] [EXEC] INVENTORY qty=0.244400
[17:39:21.428] [OK] [EXEC] SELL REQUIRED inventory=0.244400
[17:39:21.491] [INFO] [EXEC] SELL CHECK inventory=0.244400 reported=0.000000 remaining=0.244400 chunks=1
[17:39:21.491] [OK] [EXEC] PLACE SELL price=81838.59 qty=0.244400
[17:39:21.773] [OK] [EXEC] SELL ORDER SENT orderId=383089390
[17:39:21.781] [OK] [PLAN] HOT entry=81832.46 exit=81838.59 profit=1.498172 age=875ms
[17:39:21.818] [INFO] [EXEC] RECOVERY WAIT hard_sl_pending_recovery
[17:39:22.078] [OK] [EXEC] FIFO CLOSE qty=0.244400 entry=81832.97 exit=81838.59 pnl=+1.373528
[17:39:22.078] [INFO] [EXEC] CHUNK CLOSED entry=81832.97
[17:39:22.094] [OK] [EXEC] REALIZED pnl=+1.373528
[17:39:22.094] [INFO] [EXEC] SELL ACCOUNTING RESET flat
[17:39:22.094] [OK] [EXEC] CYCLE CLOSED pnl=+1.373528
[17:39:22.094] [INFO] [EXEC] SESSION realized=+9.575494 wins=12 losses=3
[17:39:22.094] [INFO] [EXEC] SELL ACCOUNTING RESET flat
[17:39:22.094] [INFO] [EXEC] CYCLE SKIP no_fifo_pnl
[17:39:22.109] [OK] [EXEC] SELL FILLED id=383089390
[17:39:22.109] [OK] [EXEC] SELL FILLED qty=0.244400 remaining=0.000000
[17:39:22.109] [INFO] [EXEC] SELL ACCOUNTING RESET flat
[17:39:22.109] [INFO] [EXEC] CYCLE SKIP no_fifo_pnl
[17:39:22.109] [OK] [PLAN] READY entry=81832.47 exit=81836.58 profit=1.004484 age=1202ms
[17:39:22.875] [WS] LIVE bid=81843.91 ask=81852.74
[17:39:23.334] [INFO] [EXEC] SELL ACCOUNTING RESET new_cycle
[17:39:23.334] [OK] [EXEC] BUY ORDER SENT orderId=383089625 price=81845.96 qty=0.244360
[17:39:23.334] [OK] [EXEC] PLACE BUY price=81845.96 qty=0.244360
[17:39:23.334] [OK] [PLAN] HOT entry=81845.96 exit=81855.99 profit=2.450931 age=2453ms
[17:39:24.923] [OK] [PLAN] READY entry=81855.88 exit=81859.43 profit=0.867371 age=4046ms
[17:39:27.742] [WARNING] [EXEC] BUY TIMEOUT orderId=383089625
[17:39:27.746] [WARNING] [EXEC] CANCEL BUY orderId=383089625
[17:39:28.040] [OK] [EXEC] BUY CANCELED confirmed
[17:39:28.331] [INFO] [EXEC] BUY FINAL STATUS status=CANCELED orderId=383089625
[17:39:28.335] [WARNING] [EXEC] BLOCK reason=buy_not_filled
[17:39:29.077] [WS] LIVE bid=81850.01 ask=81857.83
[17:39:29.631] [INFO] [EXEC] SELL ACCOUNTING RESET new_cycle
[17:39:29.631] [OK] [EXEC] BUY ORDER SENT orderId=383089853 price=81848.04 qty=0.244350
[17:39:29.631] [OK] [EXEC] PLACE BUY price=81848.04 qty=0.244350
[17:39:29.631] [OK] [PLAN] HOT entry=81848.04 exit=81855.98 profit=1.940139 age=1875ms
[17:39:31.858] [WARNING] [EXEC] BLOCK reason=balance_low
[17:39:33.709] [WARNING] [EXEC] BUY TIMEOUT orderId=383089853
[17:39:33.725] [WARNING] [EXEC] CANCEL BUY orderId=383089853
[17:39:33.988] [OK] [EXEC] BUY CANCELED confirmed
[17:39:34.274] [INFO] [EXEC] BUY FINAL STATUS status=CANCELED orderId=383089853
[17:39:34.278] [WARNING] [EXEC] BLOCK reason=buy_not_filled
[17:39:34.281] [WS] LIVE bid=81852.11 ask=81865.13
[17:39:38.787] [WARNING] [EXEC] BLOCK reason=balance_low
[17:39:38.787] [WS] LIVE bid=81842.08 ask=81852.01
[17:39:40.844] [INFO] [EXEC] SELL ACCOUNTING RESET new_cycle
[17:39:40.845] [OK] [EXEC] BUY ORDER SENT orderId=383090695 price=81845.76 qty=0.244360
[17:39:40.852] [OK] [EXEC] PLACE BUY price=81845.76 qty=0.244360
[17:39:42.360] [OK] [PLAN] READY entry=81859.56 exit=81862.65 profit=0.754949 age=1497ms
[17:39:44.335] [WS] LIVE bid=81856.20 ask=81862.96
[17:39:44.630] [WARNING] [EXEC] BUY TIMEOUT orderId=383090695
[17:39:44.632] [WARNING] [EXEC] CANCEL BUY orderId=383090695
[17:39:44.920] [OK] [EXEC] BUY CANCELED confirmed
[17:39:45.194] [INFO] [EXEC] BUY FINAL STATUS status=CANCELED orderId=383090695
[17:39:45.194] [WARNING] [EXEC] BLOCK reason=buy_not_filled
[17:39:46.759] [INFO] [EXEC] SELL ACCOUNTING RESET new_cycle
[17:39:46.764] [OK] [EXEC] BUY ORDER SENT orderId=383090874 price=81855.67 qty=0.244330
[17:39:46.767] [OK] [EXEC] PLACE BUY price=81855.67 qty=0.244330
[17:39:46.769] [OK] [PLAN] READY entry=81855.67 exit=81859.36 profit=0.901578 age=2120ms
[17:39:48.314] [OK] [PLAN] HOT entry=81860.27 exit=81865.99 profit=1.397453 age=3682ms
[17:39:48.852] [WS] LIVE bid=81858.64 ask=81865.79
[17:39:49.757] [OK] [PLAN] READY entry=81857.79 exit=81861.78 profit=0.974837 age=5125ms
[17:39:50.303] [OK] [SYNC] order filled detected
[17:39:50.303] [OK] [SYNC] BUY filled on exchange
[17:39:50.303] [OK] [EXEC] BUY FILL UPDATE delta=0.244330 avg=81855.67
[17:39:50.303] [OK] [EXEC] CHUNK ADD qty=0.244330 entry=81855.67
[17:39:50.303] [INFO] [EXEC] CHUNK COUNT n=1
[17:39:50.318] [OK] [EXEC] INVENTORY qty=0.244330
[17:39:50.318] [OK] [EXEC] SELL REQUIRED inventory=0.244330
[17:39:50.664] [INFO] [EXEC] SELL CHECK inventory=0.244330 reported=0.000000 remaining=0.244330 chunks=1
[17:39:50.668] [OK] [EXEC] PLACE SELL price=81857.62 qty=0.244330
[17:39:50.932] [OK] [EXEC] SELL ORDER SENT orderId=383091125
[17:39:53.026] [INFO] [EXEC] RECOVERY WAIT hard_sl_pending_recovery
[17:39:53.318] [WARNING] [EXEC] BLOCK reason=balance_low
[17:39:53.490] [INFO] [EXEC] RECOVERY WAIT hard_sl_pending_recovery
[17:39:53.772] [WARNING] [EXEC] SELL TIMEOUT orderId=383091125
[17:39:53.772] [WARNING] [EXEC] CANCEL SELL orderId=383091125
[17:39:54.311] [INFO] [EXEC] SELL FINAL STATUS status=CANCELED orderId=383091125
[17:39:54.315] [INFO] [EXEC] SELL TIMEOUT check fast_exit
[17:39:54.317] [WARNING] [EXEC] FORCE EXIT hard_sl_triggered
[17:39:54.318] [ERROR] [EXEC] HARD SL triggered
[17:39:54.318] [WARNING] [EXEC] PANIC EXIT sl_mode
[17:39:54.318] [WARNING] [EXEC] FORCE EXIT price=81851.19
[17:39:54.318] [OK] [EXEC] PLACE SELL price=81851.19 qty=0.244330
[17:39:54.589] [WARNING] [EXEC] PANIC START price=81851.19
[17:39:54.592] [OK] [EXEC] SELL ORDER SENT orderId=383091507
[17:39:55.632] [WS] LIVE bid=81846.73 ask=81852.19
[17:39:55.933] [WARNING] [EXEC] BLOCK reason=balance_low
[17:39:57.939] [WARNING] [EXEC] PANIC WAIT still_open orderId=383091507
[17:39:57.941] [WARNING] [EXEC] PANIC HOLD active orderId=383091507
[17:39:59.817] [WS] LIVE bid=81840.70 ask=81847.43
[17:40:01.431] [WARNING] [EXEC] PANIC WAIT still_open orderId=383091507
[17:40:01.436] [WARNING] [EXEC] PANIC HOLD active orderId=383091507
[17:40:01.440] [WARNING] [EXEC] BLOCK reason=balance_low
[17:40:02.332] [OK] [EXEC] FIFO CLOSE qty=0.120790 entry=81855.67 exit=81851.19 pnl=-0.541139
[17:40:02.338] [OK] [EXEC] REALIZED pnl=-0.541139
[17:40:02.342] [OK] [EXEC] SELL PARTIAL delta=0.120790
[17:40:02.347] [OK] [EXEC] INVENTORY remaining=0.123540
[17:40:02.350] [WARNING] [EXEC] PANIC PARTIAL filled=0.120790 remaining=0.123540
[17:40:02.352] [WARNING] [EXEC] PANIC HOLD active orderId=383091507
[17:40:02.902] [OK] [SYNC] order filled detected
[17:40:02.904] [OK] [SYNC] SELL filled on exchange
[17:40:02.905] [OK] [EXEC] FIFO CLOSE qty=0.123540 entry=81855.67 exit=81851.19 pnl=-0.553459
[17:40:02.907] [INFO] [EXEC] CHUNK CLOSED entry=81855.67
[17:40:02.911] [OK] [EXEC] REALIZED pnl=-0.553459
[17:40:02.915] [INFO] [EXEC] SELL ACCOUNTING RESET flat
[17:40:02.918] [OK] [EXEC] CYCLE CLOSED pnl=-1.094598
[17:40:02.921] [INFO] [EXEC] SESSION realized=+8.480896 wins=12 losses=4
[17:40:03.826] [WS] LIVE bid=81863.84 ask=81872.77
[17:40:05.542] [WARNING] [EXEC] BLOCK reason=balance_low
[17:40:08.818] [WS] LIVE bid=81860.62 ask=81867.97
[17:40:09.858] [WARNING] [EXEC] BLOCK reason=balance_low
[17:40:10.618] [INFO] [EXEC] SELL ACCOUNTING RESET new_cycle
[17:40:10.623] [OK] [EXEC] BUY ORDER SENT orderId=383092586 price=81868.22 qty=0.244290
[17:40:10.624] [OK] [EXEC] PLACE BUY price=81868.22 qty=0.244290
[17:40:12.721] [OK] [EXEC] BUY FILL UPDATE delta=0.243850 avg=81868.22
[17:40:12.726] [OK] [EXEC] CHUNK ADD qty=0.243850 entry=81868.22
[17:40:12.727] [INFO] [EXEC] CHUNK COUNT n=1
[17:40:12.729] [OK] [EXEC] INVENTORY qty=0.243850
[17:40:12.730] [OK] [EXEC] SELL REQUIRED inventory=0.243850
[17:40:12.732] [OK] [EXEC] BUY PARTIAL delta=0.243850 total=0.243850
[17:40:12.733] [OK] [EXEC] BUY REMAINING qty=0.000440
[17:40:13.907] [OK] [SYNC] order filled detected
[17:40:13.910] [OK] [SYNC] BUY filled on exchange
[17:40:13.911] [OK] [EXEC] BUY FILL UPDATE delta=0.000440 avg=81868.22
[17:40:13.913] [OK] [EXEC] CHUNK ADD qty=0.000440 entry=81868.22
[17:40:13.915] [INFO] [EXEC] CHUNK COUNT n=2
[17:40:13.916] [OK] [EXEC] INVENTORY qty=0.244290
[17:40:13.918] [OK] [EXEC] SELL REQUIRED inventory=0.244290
[17:40:13.919] [INFO] [EXEC] SELL CHECK inventory=0.244290 reported=0.000000 remaining=0.244290 chunks=2
[17:40:13.921] [OK] [EXEC] PLACE SELL price=81871.98 qty=0.244290
[17:40:14.221] [OK] [EXEC] SELL ORDER SENT orderId=383092657
[17:40:14.738] [WS] LIVE bid=81866.00 ask=81873.98
[17:40:18.753] [WARNING] [EXEC] PANIC WAIT still_open orderId=383092657
[17:40:19.792] [WS] LIVE bid=81858.01 ask=81871.97
[17:40:20.408] [WARNING] [EXEC] BLOCK reason=balance_low
[17:40:21.883] [WARNING] [EXEC] PANIC WAIT still_open orderId=383092657
[17:40:27.258] [WS] LIVE bid=81858.01 ask=81871.97
[17:40:29.979] [WARNING] [EXEC] PANIC WAIT still_open orderId=383092657
[17:40:31.991] [WS] LIVE bid=81861.22 ask=81865.99
[17:40:34.994] [WARNING] [EXEC] PANIC WAIT still_open orderId=383092657
[17:40:36.330] [WS] LIVE bid=81861.12 ask=81865.99
[17:40:38.121] [WARNING] [EXEC] PANIC WAIT still_open orderId=383092657
[17:40:42.036] [WARNING] [EXEC] BLOCK reason=balance_low
[17:40:42.575] [WS] LIVE bid=81856.62 ask=81865.70
[17:40:44.386] [WARNING] [EXEC] PANIC WAIT still_open orderId=383092657
[17:40:44.390] [WARNING] [EXEC] BLOCK reason=balance_low
[17:40:46.950] [WS] LIVE bid=81866.16 ask=81871.97
[17:40:47.587] [OK] [SYNC] order filled detected
[17:40:47.590] [OK] [SYNC] SELL filled on exchange
[17:40:47.591] [OK] [EXEC] FIFO CLOSE qty=0.243850 entry=81868.22 exit=81871.98 pnl=+0.916876
[17:40:47.595] [INFO] [EXEC] CHUNK CLOSED entry=81868.22
[17:40:47.600] [OK] [EXEC] FIFO CLOSE qty=0.000440 entry=81868.22 exit=81871.98 pnl=+0.001654
[17:40:47.605] [INFO] [EXEC] CHUNK CLOSED entry=81868.22
[17:40:47.607] [OK] [EXEC] REALIZED pnl=+0.918530
[17:40:47.609] [INFO] [EXEC] SELL ACCOUNTING RESET flat
[17:40:47.612] [OK] [EXEC] CYCLE CLOSED pnl=+0.918530
[17:40:47.613] [INFO] [EXEC] SESSION realized=+9.399426 wins=13 losses=4
[17:40:48.168] [WARNING] [EXEC] BLOCK reason=balance_low
[17:40:52.009] [WS] LIVE bid=81874.00 ask=81879.55
[17:40:53.039] [INFO] [EXEC] SELL ACCOUNTING RESET new_cycle
[17:40:53.042] [OK] [EXEC] BUY ORDER SENT orderId=383094523 price=81860.00 qty=0.244310
[17:40:53.044] [OK] [EXEC] PLACE BUY price=81860.00 qty=0.244310
[17:40:54.601] [OK] [PLAN] READY entry=81868.01 exit=81871.99 profit=0.972274 age=1540ms
[17:40:56.642] [WS] LIVE bid=81874.54 ask=81880.68
[17:40:58.107] [WARNING] [EXEC] BUY TIMEOUT orderId=383094523
[17:40:58.111] [WARNING] [EXEC] CANCEL BUY orderId=383094523
[17:40:58.377] [OK] [EXEC] BUY CANCELED confirmed
[17:40:58.645] [INFO] [EXEC] BUY FINAL STATUS status=CANCELED orderId=383094523
[17:40:58.649] [WARNING] [EXEC] BLOCK reason=buy_not_filled
[17:40:59.082] [INFO] [EXEC] SELL ACCOUNTING RESET new_cycle
[17:40:59.087] [OK] [EXEC] BUY ORDER SENT orderId=383094846 price=81876.59 qty=0.244270
[17:40:59.091] [OK] [EXEC] PLACE BUY price=81876.59 qty=0.244270
[17:40:59.095] [OK] [PLAN] READY entry=81876.59 exit=81879.99 profit=0.830518 age=973ms
[17:41:00.145] [OK] [SYNC] order filled detected
[17:41:00.146] [OK] [SYNC] BUY filled on exchange
[17:41:00.147] [OK] [EXEC] BUY FILL UPDATE delta=0.244270 avg=81876.59
[17:41:00.149] [OK] [EXEC] CHUNK ADD qty=0.244270 entry=81876.59
[17:41:00.152] [INFO] [EXEC] CHUNK COUNT n=1
[17:41:00.154] [OK] [EXEC] INVENTORY qty=0.244270
[17:41:00.157] [OK] [EXEC] SELL REQUIRED inventory=0.244270
[17:41:00.688] [INFO] [EXEC] SELL CHECK inventory=0.244270 reported=0.000000 remaining=0.244270 chunks=1
[17:41:00.692] [OK] [EXEC] PLACE SELL price=81876.73 qty=0.244270
[17:41:00.960] [OK] [EXEC] SELL ORDER SENT orderId=383094972
[17:41:00.966] [WARNING] [EXEC] BLOCK reason=balance_low
[17:41:01.995] [WS] LIVE bid=81872.72 ask=81876.72
[17:41:02.535] [OK] [EXEC] FIFO CLOSE qty=0.244270 entry=81876.59 exit=81876.73 pnl=+0.034198
[17:41:02.540] [INFO] [EXEC] CHUNK CLOSED entry=81876.59
[17:41:02.544] [OK] [EXEC] REALIZED pnl=+0.034198
[17:41:02.547] [INFO] [EXEC] SELL ACCOUNTING RESET flat
[17:41:02.549] [OK] [EXEC] CYCLE CLOSED pnl=+0.034198
[17:41:02.551] [INFO] [EXEC] SESSION realized=+9.433624 wins=14 losses=4
[17:41:02.552] [INFO] [EXEC] SELL ACCOUNTING RESET flat
[17:41:02.554] [INFO] [EXEC] CYCLE SKIP no_fifo_pnl
[17:41:02.555] [OK] [EXEC] SELL FILLED id=383094972
[17:41:02.557] [OK] [EXEC] SELL FILLED qty=0.244270 remaining=0.000000
[17:41:02.558] [OK] [EXEC] PANIC FILLED
[17:41:02.560] [INFO] [EXEC] PANIC RESET
[17:41:02.561] [INFO] [EXEC] SELL ACCOUNTING RESET flat
[17:41:02.563] [INFO] [EXEC] CYCLE SKIP no_fifo_pnl
[17:41:03.495] [WARNING] [EXEC] BLOCK reason=balance_low
[17:41:06.798] [WS] LIVE bid=81901.68 ask=81909.01
[17:41:09.600] [WARNING] [EXEC] BLOCK reason=balance_low
[17:41:10.902] [INFO] [EXEC] SELL ACCOUNTING RESET new_cycle
[17:41:10.909] [OK] [EXEC] BUY ORDER SENT orderId=383095689 price=81903.19 qty=0.244190
[17:41:10.913] [OK] [EXEC] PLACE BUY price=81903.19 qty=0.244190
[17:41:12.919] [WS] LIVE bid=81904.95 ask=81911.16
[17:41:15.110] [WARNING] [EXEC] BUY TIMEOUT orderId=383095689
[17:41:15.114] [WARNING] [EXEC] CANCEL BUY orderId=383095689
[17:41:15.391] [OK] [EXEC] BUY CANCELED confirmed
[17:41:15.658] [INFO] [EXEC] BUY FINAL STATUS status=CANCELED orderId=383095689
[17:41:15.664] [WARNING] [EXEC] BLOCK reason=buy_not_filled
[17:41:16.581] [INFO] [EXEC] SELL ACCOUNTING RESET new_cycle
[17:41:16.586] [OK] [EXEC] BUY ORDER SENT orderId=383096082 price=81911.17 qty=0.244160
[17:41:16.591] [OK] [EXEC] PLACE BUY price=81911.17 qty=0.244160
[17:41:17.650] [WS] LIVE bid=81943.14 ask=81949.99
[17:41:18.141] [OK] [PLAN] HOT entry=81930.21 exit=81935.99 profit=1.410956 age=1556ms
[17:41:19.184] [OK] [SYNC] order filled detected
[17:41:19.187] [OK] [SYNC] BUY filled on exchange
[17:41:19.188] [OK] [EXEC] BUY FILL UPDATE delta=0.244160 avg=81911.17
[17:41:19.191] [OK] [EXEC] CHUNK ADD qty=0.244160 entry=81911.17
[17:41:19.194] [INFO] [EXEC] CHUNK COUNT n=1
[17:41:19.198] [OK] [EXEC] INVENTORY qty=0.244160
[17:41:19.201] [OK] [EXEC] SELL REQUIRED inventory=0.244160
[17:41:20.142] [INFO] [EXEC] SELL CHECK inventory=0.244160 reported=0.000000 remaining=0.244160 chunks=1
[17:41:20.147] [OK] [EXEC] PLACE SELL price=81911.21 qty=0.244160
[17:41:20.416] [OK] [EXEC] SELL ORDER SENT orderId=383096839
[17:41:21.799] [INFO] [EXEC] RECOVERY WAIT hard_sl_pending_recovery
[17:41:22.068] [OK] [EXEC] FIFO CLOSE qty=0.242090 entry=81911.17 exit=81911.21 pnl=+0.009684
[17:41:22.073] [OK] [EXEC] REALIZED pnl=+0.009684
[17:41:22.077] [OK] [EXEC] SELL PARTIAL delta=0.242090
[17:41:22.080] [OK] [EXEC] INVENTORY remaining=0.002070
[17:41:22.083] [WARNING] [EXEC] BLOCK reason=balance_low
[17:41:22.086] [WS] LIVE bid=81898.78 ask=81911.20
[17:41:22.749] [INFO] [EXEC] RECOVERY WAIT hard_sl_pending_recovery
[17:41:24.409] [WARNING] [EXEC] SELL TIMEOUT orderId=383096839
[17:41:24.411] [WARNING] [EXEC] CANCEL SELL orderId=383096839
[17:41:24.943] [INFO] [EXEC] SELL FINAL STATUS status=FILLED orderId=383096839
[17:41:24.945] [OK] [EXEC] FIFO CLOSE qty=0.002070 entry=81911.17 exit=81911.21 pnl=+0.000083
[17:41:24.945] [INFO] [EXEC] CHUNK CLOSED entry=81911.17
[17:41:24.946] [OK] [EXEC] REALIZED pnl=+0.000083
[17:41:24.947] [INFO] [EXEC] SELL ACCOUNTING RESET flat
[17:41:24.948] [OK] [EXEC] CYCLE CLOSED pnl=+0.009766
[17:41:24.949] [INFO] [EXEC] SESSION realized=+9.443390 wins=15 losses=4
[17:41:24.950] [OK] [EXEC] SELL FILLED id=383096839
[17:41:24.951] [OK] [EXEC] SELL FILLED qty=0.244160 remaining=0.000000
[17:41:24.952] [INFO] [EXEC] SELL ACCOUNTING RESET flat
[17:41:24.953] [INFO] [EXEC] CYCLE SKIP no_fifo_pnl
[17:41:27.418] [WARNING] [EXEC] BLOCK reason=balance_low
[17:41:27.695] [WS] LIVE bid=81912.98 ask=81922.02
[17:41:29.615] [WARNING] cancel all requested
[17:41:29.618] [WARNING] STOP
[17:41:30.664] [WS] stale/lost
[17:41:31.435] [OK] [PLAN] HOT entry=81908.01 exit=81921.29 profit=3.242578 age=755ms
[17:41:32.452] [OK] [PLAN] READY entry=81916.38 exit=81919.95 profit=0.871615 age=1772ms
[17:41:34.766] [OK] [PLAN] HOT entry=81885.29 exit=81896.28 profit=2.684198 age=309ms
[17:41:35.473] [OK] [PLAN] READY entry=81906.70 exit=81910.78 profit=0.996254 age=1017ms
[17:41:40.712] [OK] [PLAN] HOT entry=81918.49 exit=81933.40 profit=3.640127 age=692ms
[17:41:41.516] [OK] [PLAN] READY entry=81930.48 exit=81933.62 profit=0.766474 age=1496ms
