[15:51:41.467] [OK] filters loaded
[15:51:43.628] [INFO] START_CLICK received enabled=True api_ready=True running=False
[15:51:43.628] [INFO] START_SETTINGS live_enabled=True guard_mode=FAST entry_mode=AGGRESSIVE exit_engine=True order_size=4000.0
[15:51:43.628] [INFO] START_PROFILE order_size=4000.0 min_spread=7.0 guard_mode=FAST entry_mode=AGGRESSIVE sell_timeout=2200 far_sell_ticks=30 taker_exit_after_ms=1600
[15:51:43.629] [INFO] SETTINGS_MERGE_PRESERVE existing_values=true missing_added=0
[15:51:44.120] [EXCHANGE] symbol=BTCU base=BTC quote=U status=TRADING permissions=[]
[15:51:44.120] [OK] START
[15:51:44.120] [OK] START_OK runtime_started
[15:51:44.120] [INFO] [EXEC] GRID_BUDGET_DEPRECATED_USING_MAX_EXPOSURE
[15:51:44.120] [INFO] [EXEC] GRID_BUDGET_SOURCE source=max_exposure_u budget=5000.00
[15:51:44.120] [INFO] [EXEC] GRID_PARALLEL_START levels=10 budget=5000.00
[15:51:44.120] [INFO] [EXEC] GRID_BUDGET_ALLOC levels=10 budget=5000.00 per_level=500.00
[15:51:44.120] [INFO] [EXEC] GRID_LEVELS_CREATED count=10 budget=5000.00 step=20 size=200
[15:51:44.915] [INFO] [EXEC] LIVE ON
[15:51:44.915] [INFO] [EXEC] WAIT READY
[15:51:44.915] [WARNING] [HEALTH] block spread_too_young lifetime=0
[15:51:44.915] [WARNING] [HEALTH] unstable_spread lifetime=0
[15:51:44.915] [WARNING] [EXEC] BLOCK_BUY reason=ws_stale mode=FAST ws_age=None spread=9.54 stable=1/1 mid_delta=0.00 bid_delta=0.00
[15:51:44.915] [WS] primary url=wss://stream.binance.com:9443/ws/btcu@bookTicker
[15:51:44.915] [WS] connecting primary
[15:51:45.043] [OK] [PLAN] HOT entry=80381.00 exit=80390.53 profit=0.474213 age=125ms
[15:51:45.806] [WS] connected
[15:51:46.027] [INFO] [EXEC] GRID_MODE_ACTIVE_SKIP_SINGLE_ENTRY
[15:51:46.604] [INFO] [EXEC] GRID_BUY_PLACED level_id=1 order_id=386173028
[15:51:46.620] [OK] [EXEC] PLACE BUY price=80377.81 qty=0.006220
[15:51:46.883] [INFO] [EXEC] GRID_BUY_PLACED level_id=2 order_id=386173047
[15:51:46.885] [OK] [EXEC] PLACE BUY price=80377.61 qty=0.006220
[15:51:47.150] [INFO] [EXEC] GRID_BUY_PLACED level_id=3 order_id=386173105
[15:51:47.150] [OK] [EXEC] PLACE BUY price=80377.40 qty=0.006220
[15:51:47.707] [INFO] START_CLICK received enabled=True api_ready=True running=True
[15:51:48.025] [WARNING] cancel all requested
[15:51:48.025] [WARNING] [EXEC] BALANCE_EXTERNAL_BTC free=0.018667 locked=0.000000
[15:51:48.041] [INFO] [EXEC] SELL ACCOUNTING RESET reconcile_stop
[15:51:48.041] [INFO] [EXEC] RECONCILE_FLAT reason=inventory_empty_safe_qty_zero
[15:51:48.041] [WARNING] STOP
[15:51:54.991] [INFO] START_CLICK received enabled=True api_ready=True running=False
[15:51:54.991] [INFO] START_SETTINGS live_enabled=True guard_mode=FAST entry_mode=AGGRESSIVE exit_engine=True order_size=4000.0
[15:51:54.991] [INFO] START_PROFILE order_size=4000.0 min_spread=7.0 guard_mode=FAST entry_mode=AGGRESSIVE sell_timeout=2200 far_sell_ticks=30 taker_exit_after_ms=1600
[15:51:54.991] [INFO] SETTINGS_MERGE_PRESERVE existing_values=true missing_added=0
[15:51:55.479] [EXCHANGE] symbol=BTCU base=BTC quote=U status=TRADING permissions=[]
[15:51:55.479] [OK] START
[15:51:55.479] [OK] START_OK runtime_started
[15:51:55.479] [INFO] [EXEC] GRID_BUDGET_DEPRECATED_USING_MAX_EXPOSURE
[15:51:55.479] [INFO] [EXEC] GRID_BUDGET_SOURCE source=max_exposure_u budget=5000.00
[15:51:55.495] [INFO] [EXEC] GRID_PARALLEL_START levels=10 budget=5000.00
[15:51:55.497] [INFO] [EXEC] GRID_BUDGET_ALLOC levels=10 budget=5000.00 per_level=500.00
[15:51:55.500] [INFO] [EXEC] GRID_LEVELS_CREATED count=10 budget=5000.00 step=20 size=200
[15:51:55.990] [INFO] [EXEC] LIVE ON
[15:51:55.990] [INFO] [EXEC] WAIT READY
[15:51:55.990] [INFO] [HEALTH] state=GOOD
[15:51:55.990] [WARNING] [EXEC] BLOCK_BUY reason=ws_stale mode=FAST ws_age=8297 spread=10.68 stable=1/1 mid_delta=0.00 bid_delta=0.00
[15:51:56.266] [WS] primary url=wss://stream.binance.com:9443/ws/btcu@bookTicker
[15:51:56.270] [WS] connecting primary
[15:51:57.040] [WS] connected
[15:51:57.262] [INFO] [EXEC] GRID_MODE_ACTIVE_SKIP_SINGLE_ENTRY
[15:51:57.525] [INFO] [EXEC] GRID_BUY_PLACED level_id=1 order_id=386173714
[15:51:57.525] [OK] [EXEC] PLACE BUY price=80378.45 qty=0.006220
[15:51:57.803] [INFO] [EXEC] GRID_BUY_PLACED level_id=2 order_id=386173736
[15:51:57.810] [OK] [EXEC] PLACE BUY price=80378.25 qty=0.006220
[15:51:58.127] [INFO] [EXEC] GRID_BUY_PLACED level_id=3 order_id=386173775
[15:51:58.127] [OK] [EXEC] PLACE BUY price=80378.04 qty=0.006220
[15:52:00.134] [INFO] [EXEC] GRID_BUY_PLACED level_id=4 order_id=386173912
[15:52:00.134] [OK] [EXEC] PLACE BUY price=80377.84 qty=0.006220
[15:52:00.408] [INFO] [EXEC] GRID_BUY_PLACED level_id=5 order_id=386173945
[15:52:00.412] [OK] [EXEC] PLACE BUY price=80377.65 qty=0.006220
[15:52:00.681] [INFO] [EXEC] GRID_BUY_PLACED level_id=6 order_id=386173974
[15:52:00.681] [OK] [EXEC] PLACE BUY price=80377.45 qty=0.006220
[15:52:02.650] [INFO] [HEALTH] state=GOOD
[15:52:02.907] [INFO] [EXEC] GRID_BUY_PLACED level_id=7 order_id=386174080
[15:52:02.907] [OK] [EXEC] PLACE BUY price=80377.25 qty=0.006220
[15:52:03.181] [INFO] [EXEC] GRID_BUY_PLACED level_id=8 order_id=386174102
[15:52:03.181] [OK] [EXEC] PLACE BUY price=80377.04 qty=0.006220
[15:52:03.862] [INFO] [EXEC] GRID_BUY_FILLED level_id=1
[15:52:03.865] [OK] [EXEC] CHUNK ADD qty=0.006220 entry=80378.45
[15:52:03.867] [INFO] [EXEC] CHUNK COUNT n=1
[15:52:04.129] [INFO] [EXEC] GRID_SELL_PLACED level_id=1 chunk_id=1813171828976 order_id=386174218 price=80378.48 qty=0.006220
[15:52:04.384] [INFO] [EXEC] GRID_BUY_FILLED level_id=2
[15:52:04.402] [OK] [EXEC] CHUNK ADD qty=0.006220 entry=80378.25
[15:52:04.404] [INFO] [EXEC] CHUNK COUNT n=2
[15:52:04.666] [INFO] [EXEC] GRID_SELL_PLACED level_id=2 chunk_id=1813171819184 order_id=386174342 price=80378.28 qty=0.006220
[15:52:04.939] [INFO] [EXEC] GRID_BUY_FILLED level_id=3
[15:52:04.956] [OK] [EXEC] CHUNK ADD qty=0.006220 entry=80378.04
[15:52:04.957] [INFO] [EXEC] CHUNK COUNT n=3
[15:52:05.213] [INFO] [EXEC] GRID_SELL_PLACED level_id=3 chunk_id=1813171830224 order_id=386174392 price=80378.06 qty=0.006220
[15:52:05.483] [INFO] [EXEC] GRID_BUY_FILLED level_id=4
[15:52:05.486] [OK] [EXEC] CHUNK ADD qty=0.006220 entry=80377.84
[15:52:05.487] [INFO] [EXEC] CHUNK COUNT n=4
[15:52:05.759] [INFO] [EXEC] GRID_SELL_PLACED level_id=4 chunk_id=1813121465568 order_id=386174433 price=80377.87 qty=0.006220
[15:52:06.024] [INFO] [EXEC] GRID_BUY_FILLED level_id=5
[15:52:06.024] [OK] [EXEC] CHUNK ADD qty=0.006220 entry=80377.65
[15:52:06.024] [INFO] [EXEC] CHUNK COUNT n=5
[15:52:06.322] [INFO] [EXEC] GRID_SELL_PLACED level_id=5 chunk_id=1813171819472 order_id=386174448 price=80377.68 qty=0.006220
[15:52:06.665] [INFO] [EXEC] GRID_BUY_FILLED level_id=6
[15:52:06.668] [OK] [EXEC] CHUNK ADD qty=0.006220 entry=80377.45
[15:52:06.670] [INFO] [EXEC] CHUNK COUNT n=6
[15:52:06.931] [INFO] [EXEC] GRID_SELL_PLACED level_id=6 chunk_id=1813171825136 order_id=386174502 price=80377.48 qty=0.006220
[15:52:07.197] [INFO] [EXEC] GRID_BUY_FILLED level_id=7
[15:52:07.197] [OK] [EXEC] CHUNK ADD qty=0.006220 entry=80377.25
[15:52:07.197] [INFO] [EXEC] CHUNK COUNT n=7
[15:52:07.478] [INFO] [EXEC] GRID_SELL_PLACED level_id=7 chunk_id=1813171828592 order_id=386174523 price=80377.28 qty=0.006220
[15:52:07.773] [INFO] [EXEC] GRID_BUY_FILLED level_id=8
[15:52:07.777] [OK] [EXEC] CHUNK ADD qty=0.006220 entry=80377.04
[15:52:07.778] [INFO] [EXEC] CHUNK COUNT n=8
[15:52:08.064] [INFO] [EXEC] GRID_SELL_PLACED level_id=8 chunk_id=1813121465760 order_id=386174569 price=80377.06 qty=0.006220
[15:52:08.813] [INFO] [EXEC] GRID_SELL_FILLED level_id=1 chunk_id=1813171828976 order_id=386174218
[15:52:08.816] [OK] [EXEC] FIFO CLOSE qty=0.006220 entry=80378.45 exit=80378.48 pnl=+0.000187
[15:52:08.818] [INFO] [EXEC] GRID_LEVEL_RECYCLED level_id=1
[15:52:09.089] [INFO] [EXEC] GRID_SELL_FILLED level_id=2 chunk_id=1813171819184 order_id=386174342
[15:52:09.094] [OK] [EXEC] FIFO CLOSE qty=0.006220 entry=80378.25 exit=80378.28 pnl=+0.000187
[15:52:09.096] [INFO] [EXEC] GRID_LEVEL_RECYCLED level_id=2
[15:52:09.360] [INFO] [EXEC] GRID_SELL_FILLED level_id=3 chunk_id=1813171830224 order_id=386174392
[15:52:09.363] [OK] [EXEC] FIFO CLOSE qty=0.006220 entry=80378.04 exit=80378.06 pnl=+0.000124
[15:52:09.364] [INFO] [EXEC] GRID_LEVEL_RECYCLED level_id=3
[15:52:09.619] [INFO] [EXEC] GRID_SELL_FILLED level_id=4 chunk_id=1813121465568 order_id=386174433
[15:52:09.619] [OK] [EXEC] FIFO CLOSE qty=0.006220 entry=80377.84 exit=80377.87 pnl=+0.000187
[15:52:09.619] [INFO] [EXEC] GRID_LEVEL_RECYCLED level_id=4
[15:52:09.909] [INFO] [EXEC] GRID_SELL_FILLED level_id=5 chunk_id=1813171819472 order_id=386174448
[15:52:09.911] [OK] [EXEC] FIFO CLOSE qty=0.006220 entry=80377.65 exit=80377.68 pnl=+0.000187
[15:52:09.912] [INFO] [EXEC] GRID_LEVEL_RECYCLED level_id=5
[15:52:10.166] [INFO] [EXEC] GRID_SELL_FILLED level_id=6 chunk_id=1813171825136 order_id=386174502
[15:52:10.166] [OK] [EXEC] FIFO CLOSE qty=0.006220 entry=80377.45 exit=80377.48 pnl=+0.000187
[15:52:10.181] [INFO] [EXEC] GRID_LEVEL_RECYCLED level_id=6
[15:52:10.447] [INFO] [EXEC] GRID_SELL_FILLED level_id=7 chunk_id=1813171828592 order_id=386174523
[15:52:10.449] [OK] [EXEC] FIFO CLOSE qty=0.006220 entry=80377.25 exit=80377.28 pnl=+0.000187
[15:52:10.450] [INFO] [EXEC] GRID_LEVEL_RECYCLED level_id=7
[15:52:11.182] [INFO] [EXEC] GRID_SELL_FILLED level_id=8 chunk_id=1813121465760 order_id=386174569
[15:52:11.182] [OK] [EXEC] FIFO CLOSE qty=0.006220 entry=80377.04 exit=80377.06 pnl=+0.000124
[15:52:11.182] [INFO] [EXEC] GRID_LEVEL_RECYCLED level_id=8
[15:52:11.182] [WARNING] [EXEC] BLOCK_BUY reason=ws_stale mode=FAST ws_age=7936 spread=10.14 stable=1/1 mid_delta=0.00 bid_delta=0.00
[15:52:12.384] [INFO] [HEALTH] state=GOOD
[15:52:12.384] [INFO] [EXEC] GRID_MODE_ACTIVE_SKIP_SINGLE_ENTRY
[15:52:12.649] [INFO] [EXEC] GRID_BUY_PLACED level_id=1 order_id=386174732
[15:52:12.649] [OK] [EXEC] PLACE BUY price=80378.45 qty=0.006220
[15:52:12.916] [INFO] [EXEC] GRID_BUY_PLACED level_id=2 order_id=386174752
[15:52:12.919] [OK] [EXEC] PLACE BUY price=80378.25 qty=0.006220
[15:52:13.181] [INFO] [EXEC] GRID_BUY_PLACED level_id=3 order_id=386174763
[15:52:13.181] [OK] [EXEC] PLACE BUY price=80378.04 qty=0.006220
[15:52:13.891] [INFO] [EXEC] GRID_BUY_FILLED level_id=1
[15:52:13.907] [OK] [EXEC] CHUNK ADD qty=0.006220 entry=80378.45
[15:52:13.907] [INFO] [EXEC] CHUNK COUNT n=1
[15:52:14.166] [INFO] [EXEC] GRID_SELL_PLACED level_id=1 chunk_id=1813121452848 order_id=386174871 price=80378.48 qty=0.006220
[15:52:14.445] [INFO] [EXEC] GRID_BUY_FILLED level_id=2
[15:52:14.447] [OK] [EXEC] CHUNK ADD qty=0.006220 entry=80378.25
[15:52:14.448] [INFO] [EXEC] CHUNK COUNT n=2
[15:52:14.728] [INFO] [EXEC] GRID_SELL_PLACED level_id=2 chunk_id=1813121454000 order_id=386174920 price=80378.28 qty=0.006220
[15:52:15.135] [INFO] [EXEC] GRID_BUY_FILLED level_id=3
[15:52:15.150] [OK] [EXEC] CHUNK ADD qty=0.006220 entry=80378.04
[15:52:15.150] [INFO] [EXEC] CHUNK COUNT n=3
[15:52:15.437] [INFO] [EXEC] GRID_SELL_PLACED level_id=3 chunk_id=1813120564496 order_id=386174933 price=80378.06 qty=0.006220
[15:52:15.697] [INFO] [EXEC] GRID_SELL_FILLED level_id=1 chunk_id=1813121452848 order_id=386174871
[15:52:15.697] [OK] [EXEC] FIFO CLOSE qty=0.006220 entry=80378.45 exit=80378.48 pnl=+0.000187
[15:52:15.697] [INFO] [EXEC] GRID_LEVEL_RECYCLED level_id=1
[15:52:15.965] [INFO] [EXEC] GRID_SELL_FILLED level_id=2 chunk_id=1813121454000 order_id=386174920
[15:52:15.969] [OK] [EXEC] FIFO CLOSE qty=0.006220 entry=80378.25 exit=80378.28 pnl=+0.000187
[15:52:15.972] [INFO] [EXEC] GRID_LEVEL_RECYCLED level_id=2
[15:52:16.315] [INFO] [EXEC] GRID_SELL_FILLED level_id=3 chunk_id=1813120564496 order_id=386174933
[15:52:16.318] [OK] [EXEC] FIFO CLOSE qty=0.006220 entry=80378.04 exit=80378.06 pnl=+0.000124
[15:52:16.321] [INFO] [EXEC] GRID_LEVEL_RECYCLED level_id=3
[15:52:16.322] [WARNING] [EXEC] BLOCK_BUY reason=ws_stale mode=FAST ws_age=3140 spread=9.45 stable=1/1 mid_delta=0.00 bid_delta=0.00
[15:52:17.975] [INFO] [HEALTH] state=GOOD
[15:52:17.975] [INFO] [EXEC] GRID_MODE_ACTIVE_SKIP_SINGLE_ENTRY
[15:52:18.338] [INFO] [EXEC] GRID_BUY_PLACED level_id=1 order_id=386175041
[15:52:18.338] [OK] [EXEC] PLACE BUY price=80378.45 qty=0.006220
[15:52:18.618] [INFO] [EXEC] GRID_BUY_PLACED level_id=2 order_id=386175062
[15:52:18.621] [OK] [EXEC] PLACE BUY price=80378.25 qty=0.006220
[15:52:18.887] [INFO] [EXEC] GRID_BUY_PLACED level_id=3 order_id=386175063
[15:52:18.890] [OK] [EXEC] PLACE BUY price=80378.04 qty=0.006220
[15:52:20.776] [INFO] [EXEC] GRID_BUY_PLACED level_id=4 order_id=386175157
[15:52:20.792] [OK] [EXEC] PLACE BUY price=80377.84 qty=0.006220
[15:52:21.069] [INFO] [EXEC] GRID_BUY_PLACED level_id=5 order_id=386175174
[15:52:21.073] [OK] [EXEC] PLACE BUY price=80377.65 qty=0.006220
[15:52:21.322] [INFO] [EXEC] GRID_BUY_PLACED level_id=6 order_id=386175195
[15:52:21.338] [OK] [EXEC] PLACE BUY price=80377.45 qty=0.006220
[15:52:23.805] [WARNING] [EXEC] BLOCK_BUY reason=ws_stale mode=FAST ws_age=2452 spread=11.50 stable=1/1 mid_delta=0.00 bid_delta=0.00
[15:52:26.271] [INFO] [HEALTH] state=GOOD
[15:52:26.272] [WARNING] [EXEC] BLOCK_BUY reason=ws_stale mode=FAST ws_age=2172 spread=10.38 stable=1/1 mid_delta=0.00 bid_delta=0.00
[15:52:28.249] [INFO] [EXEC] GRID_MODE_ACTIVE_SKIP_SINGLE_ENTRY
[15:52:28.517] [INFO] [EXEC] GRID_BUY_PLACED level_id=7 order_id=386175499
[15:52:28.520] [OK] [EXEC] PLACE BUY price=80377.25 qty=0.006220
[15:52:28.793] [INFO] [EXEC] GRID_BUY_PLACED level_id=8 order_id=386175503
[15:52:28.797] [OK] [EXEC] PLACE BUY price=80377.04 qty=0.006220
[15:52:32.086] [WARNING] [EXEC] BLOCK_BUY reason=ws_stale mode=FAST ws_age=3016 spread=9.69 stable=1/1 mid_delta=0.00 bid_delta=0.00
[15:52:34.806] [INFO] [HEALTH] state=GOOD
[15:52:34.807] [WARNING] [EXEC] BLOCK_BUY reason=ws_stale mode=FAST ws_age=2217 spread=9.27 stable=1/1 mid_delta=0.00 bid_delta=0.00
[15:52:38.522] [WARNING] [EXEC] BLOCK_BUY reason=ws_stale mode=FAST ws_age=3157 spread=9.09 stable=1/1 mid_delta=0.00 bid_delta=0.00
[15:52:41.256] [INFO] [HEALTH] state=GOOD
[15:52:41.258] [WARNING] [EXEC] BLOCK_BUY reason=ws_stale mode=FAST ws_age=2156 spread=17.21 stable=1/1 mid_delta=0.00 bid_delta=0.00
[15:52:44.384] [WARNING] [EXEC] BLOCK_BUY reason=ws_stale mode=FAST ws_age=2484 spread=9.08 stable=1/1 mid_delta=0.00 bid_delta=0.00
[15:52:45.090] [INFO] [EXEC] GRID_BUY_FILLED level_id=1
[15:52:45.090] [OK] [EXEC] CHUNK ADD qty=0.006220 entry=80378.45
[15:52:45.090] [INFO] [EXEC] CHUNK COUNT n=1
[15:52:45.353] [INFO] [EXEC] GRID_SELL_PLACED level_id=1 chunk_id=1813172428896 order_id=386176363 price=80378.48 qty=0.006220
[15:52:45.645] [INFO] [EXEC] GRID_BUY_FILLED level_id=2
[15:52:45.649] [OK] [EXEC] CHUNK ADD qty=0.006220 entry=80378.25
[15:52:45.652] [INFO] [EXEC] CHUNK COUNT n=2
[15:52:45.950] [INFO] [EXEC] GRID_SELL_PLACED level_id=2 chunk_id=1813172436000 order_id=386176456 price=80378.28 qty=0.006220
[15:52:46.226] [INFO] [EXEC] GRID_BUY_FILLED level_id=3
[15:52:46.228] [OK] [EXEC] CHUNK ADD qty=0.006220 entry=80378.04
[15:52:46.228] [INFO] [EXEC] CHUNK COUNT n=3
[15:52:46.510] [INFO] [EXEC] GRID_SELL_PLACED level_id=3 chunk_id=1813172434320 order_id=386176516 price=80378.06 qty=0.006220
[15:52:46.773] [INFO] [EXEC] GRID_BUY_FILLED level_id=4
[15:52:46.778] [OK] [EXEC] CHUNK ADD qty=0.006220 entry=80377.84
[15:52:46.781] [INFO] [EXEC] CHUNK COUNT n=4
[15:52:47.040] [INFO] [EXEC] GRID_SELL_PLACED level_id=4 chunk_id=1813120562624 order_id=386176573 price=80377.87 qty=0.006220
[15:52:47.304] [INFO] [EXEC] GRID_BUY_FILLED level_id=5
[15:52:47.309] [OK] [EXEC] CHUNK ADD qty=0.006220 entry=80377.65
[15:52:47.312] [INFO] [EXEC] CHUNK COUNT n=5
[15:52:48.069] [INFO] [EXEC] GRID_SELL_PLACED level_id=5 chunk_id=1813172435952 order_id=386176669 price=80377.68 qty=0.006220
[15:52:48.334] [INFO] [EXEC] GRID_BUY_FILLED level_id=6
[15:52:48.338] [OK] [EXEC] CHUNK ADD qty=0.006220 entry=80377.45
[15:52:48.341] [INFO] [EXEC] CHUNK COUNT n=6
[15:52:48.632] [INFO] [EXEC] GRID_SELL_PLACED level_id=6 chunk_id=1813172430144 order_id=386176692 price=80377.48 qty=0.006220
[15:52:48.897] [INFO] [EXEC] GRID_BUY_FILLED level_id=7
[15:52:48.900] [OK] [EXEC] CHUNK ADD qty=0.006220 entry=80377.25
[15:52:48.900] [INFO] [EXEC] CHUNK COUNT n=7
[15:52:49.149] [INFO] [EXEC] GRID_SELL_PLACED level_id=7 chunk_id=1813120564784 order_id=386176743 price=80377.28 qty=0.006220
[15:52:49.434] [INFO] [EXEC] GRID_BUY_FILLED level_id=8
[15:52:49.438] [OK] [EXEC] CHUNK ADD qty=0.006220 entry=80377.04
[15:52:49.439] [INFO] [EXEC] CHUNK COUNT n=8
[15:52:49.697] [INFO] [EXEC] GRID_SELL_PLACED level_id=8 chunk_id=1813172432496 order_id=386176748 price=80377.06 qty=0.006220
[15:52:52.525] [WARNING] [EXEC] STATE REPAIR reason=inventory_cannot_be_flat
[15:52:52.525] [INFO] [EXEC] EXIT RECOVERY inventory_no_sell qty=0.049760
[15:52:52.814] [INFO] [EXEC] ADOPT SELL orderId=386176363 qty=0.006220 price=80378.48
[15:52:54.218] [WARNING] [EXEC] SELL_QTY_CLAMP inventory=0.049760 free=0.018667 final=0.018667
[15:52:56.720] [INFO] [EXEC] SELL_WATCHDOG_SYNC orderId=386176363 status=NEW
[15:52:56.724] [WARNING] [EXEC] SELL_WATCHDOG_FAR_CANCEL orderId=386176363 price=80378.48 ask=80369.99 dist_ticks=848
[15:52:57.760] [INFO] [EXEC] SELL_FAR_CANCEL_FINAL_STATUS status=CANCELED
[15:53:00.080] [WARNING] [EXEC] SELL_QTY_CLAMP inventory=0.049760 free=0.024887 final=0.024887
[15:53:02.263] [INFO] [EXEC] GRID_SELL_FILLED level_id=8 chunk_id=1813172432496 order_id=386176748
[15:53:02.267] [OK] [EXEC] FIFO CLOSE qty=0.006220 entry=80377.04 exit=80377.06 pnl=+0.000124
[15:53:02.268] [INFO] [EXEC] GRID_LEVEL_RECYCLED level_id=8
[15:53:02.541] [WARNING] [EXEC] SELL_QTY_CLAMP inventory=0.043540 free=0.024887 final=0.024887
[15:53:02.541] [WARNING] [EXEC] PLACE_SELL_STUCK_RECOVERY qty=0.024887
[15:53:02.807] [WARNING] [EXEC] SELL_WATCHDOG_FAR_CANCEL orderId=386176456 price=80378.28 ask=80373.85 dist_ticks=442
[15:53:03.478] [INFO] [EXEC] SELL_FAR_CANCEL_FINAL_STATUS status=CANCELED
[15:53:05.470] [WARNING] [EXEC] SELL_QTY_CLAMP inventory=0.043540 free=0.031107 final=0.031107
[15:53:06.330] [INFO] [EXEC] GRID_SELL_FILLED level_id=3 chunk_id=1813172434320 order_id=386176516
[15:53:06.333] [OK] [EXEC] FIFO CLOSE qty=0.006220 entry=80378.04 exit=80378.06 pnl=+0.000124
[15:53:06.336] [INFO] [EXEC] GRID_LEVEL_RECYCLED level_id=3
[15:53:06.588] [INFO] [EXEC] GRID_SELL_FILLED level_id=4 chunk_id=1813120562624 order_id=386176573
[15:53:06.588] [OK] [EXEC] FIFO CLOSE qty=0.006220 entry=80377.84 exit=80377.87 pnl=+0.000187
[15:53:06.604] [INFO] [EXEC] GRID_LEVEL_RECYCLED level_id=4
[15:53:06.872] [INFO] [EXEC] GRID_SELL_FILLED level_id=5 chunk_id=1813172435952 order_id=386176669
[15:53:06.877] [OK] [EXEC] FIFO CLOSE qty=0.006220 entry=80377.65 exit=80377.68 pnl=+0.000187
[15:53:06.878] [INFO] [EXEC] GRID_LEVEL_RECYCLED level_id=5
[15:53:07.165] [INFO] [EXEC] GRID_SELL_FILLED level_id=6 chunk_id=1813172430144 order_id=386176692
[15:53:07.181] [OK] [EXEC] FIFO CLOSE qty=0.006220 entry=80377.45 exit=80377.48 pnl=+0.000187
[15:53:07.184] [INFO] [EXEC] GRID_LEVEL_RECYCLED level_id=6
[15:53:07.448] [INFO] [EXEC] GRID_SELL_FILLED level_id=7 chunk_id=1813120564784 order_id=386176743
[15:53:07.448] [OK] [EXEC] FIFO CLOSE qty=0.006220 entry=80377.25 exit=80377.28 pnl=+0.000187
[15:53:07.448] [INFO] [EXEC] GRID_LEVEL_RECYCLED level_id=7
[15:53:07.741] [WARNING] [EXEC] PLACE_SELL_STUCK_RECOVERY qty=0.012430
[15:53:08.290] [INFO] [EXEC] SELL CHECK inventory=0.012440 reported=0.000000 remaining=0.012430 chunks=2
[15:53:08.291] [INFO] [EXEC] SELL_REPRICE_FRESH_APPLIED old=80378.28 new=80394.62 ask=80394.65 bid=80380.65
[15:53:08.293] [INFO] [EXEC] SELL_REPRICE_VALIDATION old=80378.28 new=80394.62 ask=80394.65 dist_ticks=2 source=fresh_snapshot
[15:53:08.294] [INFO] [EXEC] PLACE_SELL_SOURCE source=fresh_after_far_cancel price=80394.62
[15:53:08.295] [OK] [EXEC] PLACE SELL price=80394.62 qty=0.012430
[15:53:08.612] [OK] [EXEC] SELL ORDER SENT orderId=386177791
[15:53:10.107] [INFO] [EXEC] SELL UPSIZE old=0.012430 new=0.012440
[15:53:10.107] [WARNING] [EXEC] SELL TIMEOUT orderId=386177791
[15:53:10.123] [WARNING] [EXEC] CANCEL SELL orderId=386177791
[15:53:10.822] [INFO] [EXEC] SELL FINAL STATUS status=CANCELED orderId=386177791
[15:53:10.840] [INFO] [EXEC] SELL TIMEOUT check fast_exit
[15:53:10.842] [INFO] [EXEC] FAST SAFE EXIT price=80382.32 entry=80378.35 bid=80382.31
[15:53:10.843] [WARNING] [EXEC] FAST_SAFE_EXIT_EXECUTE price=80382.32 qty=0.012440
[15:53:10.844] [WARNING] [EXEC] TAKER_EXIT_TRIGGER reason=fast_safe_exit age=1550 qty=0.012440
[15:53:10.844] [WARNING] [EXEC] TAKER_EXIT_CANCEL_MAKER orderId=386177791
[15:53:11.759] [INFO] [EXEC] PLACE_SELL_SOURCE source=taker price=80382.28
[15:53:12.035] [WARNING] [EXEC] TAKER_EXIT_ORDER_SENT id=386177990 price=80382.28 qty=0.012430
[15:53:13.058] [OK] [SYNC] order filled detected
[15:53:13.061] [OK] [SYNC] SELL filled on exchange
[15:53:13.062] [OK] [EXEC] FIFO CLOSE qty=0.006220 entry=80378.45 exit=80386.02 pnl=+0.047085
[15:53:13.064] [INFO] [EXEC] CHUNK DRAINED
[15:53:13.065] [OK] [EXEC] FIFO CLOSE qty=0.006210 entry=80378.25 exit=80386.02 pnl=+0.048252
[15:53:13.066] [INFO] [EXEC] CHUNK DRAINED
[15:53:13.067] [OK] [EXEC] REALIZED pnl=+0.095337
[15:53:13.068] [INFO] [EXEC] SELL ACCOUNTING RESET flat
[15:53:13.069] [OK] [EXEC] CYCLE CLOSED pnl=+0.095337
[15:53:13.070] [INFO] [EXEC] SESSION realized=+0.095337 wins=1 losses=0
[15:53:14.681] [INFO] [HEALTH] state=GOOD
[15:53:14.681] [INFO] [EXEC] GRID_MODE_ACTIVE_SKIP_SINGLE_ENTRY
[15:53:14.962] [INFO] [EXEC] GRID_BUY_PLACED level_id=3 order_id=386178184
[15:53:14.967] [OK] [EXEC] PLACE BUY price=80378.04 qty=0.006220
[15:53:15.229] [INFO] [EXEC] GRID_BUY_PLACED level_id=4 order_id=386178195
[15:53:15.229] [OK] [EXEC] PLACE BUY price=80377.84 qty=0.006220
[15:53:15.541] [INFO] [EXEC] GRID_BUY_PLACED level_id=5 order_id=386178202
[15:53:15.541] [OK] [EXEC] PLACE BUY price=80377.65 qty=0.006220
[15:53:17.290] [WARNING] [EXEC] BLOCK_BUY reason=market_health_bad mode=FAST ws_age=1734 spread=6.78 stable=1/1 mid_delta=0.00 bid_delta=0.00
[15:53:19.568] [WARNING] [HEALTH] block spread_too_young lifetime=0
[15:53:19.571] [WARNING] [HEALTH] unstable_spread lifetime=0
[15:53:19.572] [WARNING] [EXEC] BLOCK_BUY reason=spread_too_young mode=FAST ws_age=1890 spread=13.99 stable=1/1 mid_delta=0.00 bid_delta=0.00
[15:53:20.328] [INFO] [EXEC] GRID_BUY_FILLED level_id=3
[15:53:20.331] [OK] [EXEC] CHUNK ADD qty=0.006220 entry=80378.04
[15:53:20.333] [INFO] [EXEC] CHUNK COUNT n=1
[15:53:20.635] [INFO] [EXEC] GRID_SELL_PLACED level_id=3 chunk_id=1813121460336 order_id=386178586 price=80378.06 qty=0.006220
[15:53:20.967] [INFO] [EXEC] GRID_BUY_FILLED level_id=4
[15:53:20.971] [OK] [EXEC] CHUNK ADD qty=0.006220 entry=80377.84
[15:53:20.974] [INFO] [EXEC] CHUNK COUNT n=2
[15:53:21.712] [INFO] [EXEC] GRID_SELL_PLACED level_id=4 chunk_id=1813121453760 order_id=386178631 price=80377.87 qty=0.006220
[15:53:21.996] [INFO] [EXEC] GRID_BUY_FILLED level_id=5
[15:53:21.996] [OK] [EXEC] CHUNK ADD qty=0.006220 entry=80377.65
[15:53:21.996] [INFO] [EXEC] CHUNK COUNT n=3
[15:53:22.259] [INFO] [EXEC] GRID_SELL_PLACED level_id=5 chunk_id=1813172428416 order_id=386178656 price=80377.68 qty=0.006220
[15:53:23.548] [INFO] [EXEC] GRID_SELL_FILLED level_id=3 chunk_id=1813121460336 order_id=386178586
[15:53:23.552] [OK] [EXEC] FIFO CLOSE qty=0.006220 entry=80378.04 exit=80378.06 pnl=+0.000124
[15:53:23.555] [INFO] [EXEC] GRID_LEVEL_RECYCLED level_id=3
[15:53:23.838] [INFO] [EXEC] GRID_SELL_FILLED level_id=4 chunk_id=1813121453760 order_id=386178631
[15:53:23.842] [OK] [EXEC] FIFO CLOSE qty=0.006220 entry=80377.84 exit=80377.87 pnl=+0.000187
[15:53:23.843] [INFO] [EXEC] GRID_LEVEL_RECYCLED level_id=4
[15:53:24.093] [INFO] [EXEC] GRID_SELL_FILLED level_id=5 chunk_id=1813172428416 order_id=386178656
[15:53:24.109] [OK] [EXEC] FIFO CLOSE qty=0.006220 entry=80377.65 exit=80377.68 pnl=+0.000187
[15:53:24.109] [INFO] [EXEC] GRID_LEVEL_RECYCLED level_id=5
[15:53:24.109] [WARNING] [EXEC] BLOCK_BUY reason=ws_stale mode=FAST ws_age=4437 spread=7.95 stable=1/1 mid_delta=0.00 bid_delta=0.00
[15:53:25.884] [INFO] [HEALTH] state=GOOD
[15:53:25.885] [INFO] [EXEC] GRID_MODE_ACTIVE_SKIP_SINGLE_ENTRY
[15:53:26.149] [INFO] [EXEC] GRID_BUY_PLACED level_id=3 order_id=386178766
[15:53:26.149] [OK] [EXEC] PLACE BUY price=80378.04 qty=0.006220
[15:53:26.931] [INFO] [EXEC] GRID_BUY_PLACED level_id=4 order_id=386178793
[15:53:26.931] [OK] [EXEC] PLACE BUY price=80377.84 qty=0.006220
[15:53:27.223] [INFO] [EXEC] GRID_BUY_PLACED level_id=5 order_id=386178800
[15:53:27.226] [OK] [EXEC] PLACE BUY price=80377.65 qty=0.006220
[15:53:29.322] [INFO] [EXEC] GRID_BUY_PLACED level_id=6 order_id=386178830
[15:53:29.322] [OK] [EXEC] PLACE BUY price=80377.45 qty=0.006220
[15:53:29.572] [INFO] [EXEC] GRID_BUY_PLACED level_id=7 order_id=386178836
[15:53:29.572] [OK] [EXEC] PLACE BUY price=80377.25 qty=0.006220
[15:53:29.848] [INFO] [EXEC] GRID_BUY_PLACED level_id=8 order_id=386178851
[15:53:29.851] [OK] [EXEC] PLACE BUY price=80377.04 qty=0.006220
[15:53:32.682] [INFO] [HEALTH] state=GOOD
[15:53:32.682] [WARNING] [EXEC] BLOCK_BUY reason=ws_stale mode=FAST ws_age=2561 spread=7.94 stable=1/1 mid_delta=0.00 bid_delta=0.00
[15:53:34.822] [INFO] [EXEC] GRID_BUY_FILLED level_id=7
[15:53:34.822] [OK] [EXEC] CHUNK ADD qty=0.006220 entry=80377.25
[15:53:34.822] [INFO] [EXEC] CHUNK COUNT n=1
[15:53:35.103] [INFO] [EXEC] GRID_SELL_PLACED level_id=7 chunk_id=1813120562624 order_id=386178992 price=80377.28 qty=0.006220
[15:53:35.369] [INFO] [EXEC] GRID_BUY_FILLED level_id=8
[15:53:35.369] [OK] [EXEC] CHUNK ADD qty=0.006220 entry=80377.04
[15:53:35.369] [INFO] [EXEC] CHUNK COUNT n=2
[15:53:35.646] [INFO] [EXEC] GRID_SELL_PLACED level_id=8 chunk_id=1813121460192 order_id=386179014 price=80377.06 qty=0.006220
[15:53:36.463] [INFO] [EXEC] GRID_SELL_FILLED level_id=7 chunk_id=1813120562624 order_id=386178992
[15:53:36.463] [OK] [EXEC] FIFO CLOSE qty=0.006220 entry=80377.25 exit=80377.28 pnl=+0.000187
[15:53:36.463] [INFO] [EXEC] GRID_LEVEL_RECYCLED level_id=7
[15:53:37.197] [INFO] [EXEC] GRID_SELL_FILLED level_id=8 chunk_id=1813121460192 order_id=386179014
[15:53:37.212] [OK] [EXEC] FIFO CLOSE qty=0.006220 entry=80377.04 exit=80377.06 pnl=+0.000124
[15:53:37.212] [INFO] [EXEC] GRID_LEVEL_RECYCLED level_id=8
[15:53:37.212] [WARNING] [EXEC] BLOCK_BUY reason=ws_stale mode=FAST ws_age=4532 spread=7.94 stable=1/1 mid_delta=0.00 bid_delta=0.00
[15:53:38.650] [INFO] [EXEC] GRID_BUY_FILLED level_id=3
[15:53:38.665] [OK] [EXEC] CHUNK ADD qty=0.006220 entry=80378.04
[15:53:38.667] [INFO] [EXEC] CHUNK COUNT n=1
[15:53:38.947] [INFO] [EXEC] GRID_SELL_PLACED level_id=3 chunk_id=1813171816448 order_id=386179051 price=80378.06 qty=0.006220
[15:53:39.212] [INFO] [EXEC] GRID_BUY_FILLED level_id=4
[15:53:39.212] [OK] [EXEC] CHUNK ADD qty=0.006220 entry=80377.84
[15:53:39.212] [INFO] [EXEC] CHUNK COUNT n=2
[15:53:39.494] [INFO] [EXEC] GRID_SELL_PLACED level_id=4 chunk_id=1813171827632 order_id=386179126 price=80377.87 qty=0.006220
[15:53:39.822] [INFO] [EXEC] GRID_BUY_FILLED level_id=5
[15:53:39.822] [OK] [EXEC] CHUNK ADD qty=0.006220 entry=80377.65
[15:53:39.822] [INFO] [EXEC] CHUNK COUNT n=3
[15:53:40.119] [INFO] [EXEC] GRID_SELL_PLACED level_id=5 chunk_id=1813120562624 order_id=386179155 price=80377.68 qty=0.006220
[15:53:40.383] [INFO] [EXEC] GRID_BUY_FILLED level_id=6
[15:53:40.387] [OK] [EXEC] CHUNK ADD qty=0.006220 entry=80377.45
[15:53:40.390] [INFO] [EXEC] CHUNK COUNT n=4
[15:53:40.652] [INFO] [EXEC] GRID_SELL_PLACED level_id=6 chunk_id=1813120562384 order_id=386179217 price=80377.48 qty=0.006220
[15:53:41.462] [INFO] [EXEC] GRID_SELL_FILLED level_id=3 chunk_id=1813171816448 order_id=386179051
[15:53:41.462] [OK] [EXEC] FIFO CLOSE qty=0.006220 entry=80378.04 exit=80378.06 pnl=+0.000124
[15:53:41.478] [INFO] [EXEC] GRID_LEVEL_RECYCLED level_id=3
[15:53:41.760] [INFO] [EXEC] GRID_SELL_FILLED level_id=4 chunk_id=1813171827632 order_id=386179126
[15:53:41.760] [OK] [EXEC] FIFO CLOSE qty=0.006220 entry=80377.84 exit=80377.87 pnl=+0.000187
[15:53:41.760] [INFO] [EXEC] GRID_LEVEL_RECYCLED level_id=4
[15:53:42.041] [INFO] [EXEC] GRID_SELL_FILLED level_id=5 chunk_id=1813120562624 order_id=386179155
[15:53:42.041] [OK] [EXEC] FIFO CLOSE qty=0.006220 entry=80377.65 exit=80377.68 pnl=+0.000187
[15:53:42.041] [INFO] [EXEC] GRID_LEVEL_RECYCLED level_id=5
[15:53:42.337] [INFO] [EXEC] GRID_SELL_FILLED level_id=6 chunk_id=1813120562384 order_id=386179217
[15:53:42.337] [OK] [EXEC] FIFO CLOSE qty=0.006220 entry=80377.45 exit=80377.48 pnl=+0.000187
[15:53:42.337] [INFO] [EXEC] GRID_LEVEL_RECYCLED level_id=6
[15:53:42.337] [INFO] [HEALTH] state=GOOD
[15:53:42.337] [WARNING] [EXEC] BLOCK_BUY reason=ws_stale mode=FAST ws_age=4312 spread=8.71 stable=1/1 mid_delta=0.00 bid_delta=0.00
[15:53:43.976] [INFO] [HEALTH] state=GOOD
[15:53:43.977] [INFO] [EXEC] GRID_MODE_ACTIVE_SKIP_SINGLE_ENTRY
[15:53:44.243] [INFO] [EXEC] GRID_BUY_PLACED level_id=3 order_id=386179413
[15:53:44.243] [OK] [EXEC] PLACE BUY price=80378.04 qty=0.006220
[15:53:44.524] [INFO] [EXEC] GRID_BUY_PLACED level_id=4 order_id=386179418
[15:53:44.530] [OK] [EXEC] PLACE BUY price=80377.84 qty=0.006220
[15:53:44.799] [INFO] [EXEC] GRID_BUY_PLACED level_id=5 order_id=386179432
[15:53:44.804] [OK] [EXEC] PLACE BUY price=80377.65 qty=0.006220
[15:53:45.516] [INFO] [EXEC] GRID_BUY_FILLED level_id=3
[15:53:45.520] [OK] [EXEC] CHUNK ADD qty=0.006220 entry=80378.04
[15:53:45.523] [INFO] [EXEC] CHUNK COUNT n=1
[15:53:45.806] [INFO] [EXEC] GRID_SELL_PLACED level_id=3 chunk_id=1813172427264 order_id=386179547 price=80378.06 qty=0.006220
[15:53:46.128] [INFO] [EXEC] GRID_BUY_FILLED level_id=4
[15:53:46.128] [OK] [EXEC] CHUNK ADD qty=0.006220 entry=80377.84
[15:53:46.128] [INFO] [EXEC] CHUNK COUNT n=2
[15:53:46.448] [INFO] [EXEC] GRID_SELL_PLACED level_id=4 chunk_id=1813172430864 order_id=386179609 price=80377.87 qty=0.006220
[15:53:46.728] [INFO] [EXEC] GRID_BUY_FILLED level_id=5
[15:53:46.728] [OK] [EXEC] CHUNK ADD qty=0.006220 entry=80377.65
[15:53:46.728] [INFO] [EXEC] CHUNK COUNT n=3
[15:53:46.992] [INFO] [EXEC] GRID_SELL_PLACED level_id=5 chunk_id=1813172429712 order_id=386179639 price=80377.68 qty=0.006220
[15:53:48.322] [WARNING] [EXEC] STATE REPAIR reason=inventory_cannot_be_flat
[15:53:48.322] [INFO] [EXEC] EXIT RECOVERY inventory_no_sell qty=0.018660
[15:53:48.587] [WARNING] [EXEC] SELL_WATCHDOG_FAR_CANCEL orderId=386179547 price=80378.06 ask=80377.65 dist_ticks=41
[15:53:49.151] [INFO] [EXEC] SELL_FAR_CANCEL_FINAL_STATUS status=CANCELED
[15:53:52.963] [WARNING] [EXEC] PLACE_SELL_STUCK_RECOVERY qty=0.018650
[15:53:53.231] [WARNING] [EXEC] SELL_WATCHDOG_FAR_CANCEL orderId=386179609 price=80377.87 ask=80359.15 dist_ticks=1872
[15:53:53.775] [INFO] [EXEC] SELL_FAR_CANCEL_FINAL_STATUS status=CANCELED
[15:53:56.815] [WARNING] [EXEC] PLACE_SELL_STUCK_RECOVERY qty=0.018650
[15:53:57.074] [WARNING] [EXEC] SELL_WATCHDOG_FAR_CANCEL orderId=386179639 price=80377.68 ask=80359.03 dist_ticks=1864
[15:53:57.604] [INFO] [EXEC] SELL_FAR_CANCEL_FINAL_STATUS status=CANCELED
[15:54:00.556] [WARNING] [EXEC] PLACE_SELL_STUCK_RECOVERY qty=0.018650
[15:54:01.117] [INFO] [EXEC] SELL CHECK inventory=0.018660 reported=0.000000 remaining=0.018650 chunks=3
[15:54:01.120] [INFO] [EXEC] SELL_REPRICE_FRESH_APPLIED old=80377.68 new=80359.75 ask=80359.77 bid=80349.55
[15:54:01.121] [INFO] [EXEC] SELL_REPRICE_VALIDATION old=80377.68 new=80359.75 ask=80359.77 dist_ticks=2 source=fresh_snapshot
[15:54:01.123] [WARNING] [EXEC] SELL_FLOOR_BLOCKED price=80359.75 floor=80377.85 entry=80377.84 reason=below_min_profit source=fresh_after_far_cancel
[15:54:01.124] [INFO] [EXEC] PLACE_SELL_SOURCE source=fresh_after_far_cancel price=80377.85
[15:54:01.125] [OK] [EXEC] PLACE SELL price=80377.85 qty=0.018650
[15:54:01.415] [WARNING] [EXEC] SELL_HOLD_RECOVERY_START orderId=386180389 entry=80377.84 floor=80377.85 ask=80359.77
[15:54:01.415] [OK] [EXEC] SELL ORDER SENT orderId=386180389
[15:54:04.217] [INFO] [EXEC] SELL_WATCHDOG_SYNC orderId=386180389 status=NEW
[15:54:04.220] [INFO] [EXEC] SELL_WATCHDOG_FAR_IGNORE orderId=386180389 reason=protected_sell dist_ticks=1822
[15:54:06.588] [INFO] [EXEC] SELL_WATCHDOG_SYNC orderId=386180389 status=NEW
[15:54:09.369] [WARNING] [EXEC] SMART_EXIT_ACTIVE
[15:54:09.369] [WARNING] [EXEC] SMART_EXIT_BREAK_HOLD reason=too_far age=7678 dist_ticks=1707
[15:54:09.915] [WARNING] [EXEC] TAKER_EXIT_TRIGGER reason=smart_break_hold_too_far age=7969 qty=0.018660
[15:54:09.915] [WARNING] [EXEC] SMART_EXIT_TO_TAKER reason=smart_break_hold_too_far
[15:54:09.915] [WARNING] [EXEC] TAKER_EXIT_CANCEL_MAKER orderId=386180389
[15:54:11.694] [INFO] [EXEC] PLACE_SELL_SOURCE source=taker price=80348.81
[15:54:11.970] [WARNING] [EXEC] TAKER_EXIT_ORDER_SENT id=386180746 price=80348.81 qty=0.018650
[15:54:14.879] [OK] [SYNC] order filled detected
[15:54:14.883] [OK] [SYNC] SELL filled on exchange
[15:54:14.884] [OK] [EXEC] FIFO CLOSE qty=0.006220 entry=80378.04 exit=80349.78 pnl=-0.175777
[15:54:14.886] [INFO] [EXEC] CHUNK DRAINED
[15:54:14.888] [OK] [EXEC] FIFO CLOSE qty=0.006220 entry=80377.84 exit=80349.78 pnl=-0.174533
[15:54:14.889] [INFO] [EXEC] CHUNK DRAINED
[15:54:14.890] [OK] [EXEC] FIFO CLOSE qty=0.006210 entry=80377.65 exit=80349.78 pnl=-0.173073
[15:54:14.891] [INFO] [EXEC] CHUNK DRAINED
[15:54:14.892] [OK] [EXEC] REALIZED pnl=-0.523383
[15:54:14.893] [OK] [EXEC] SMART_EXIT_DONE_FLAT
[15:54:14.894] [INFO] [EXEC] SELL ACCOUNTING RESET flat
[15:54:14.895] [OK] [EXEC] CYCLE CLOSED pnl=-0.523383
[15:54:14.896] [INFO] [EXEC] SESSION realized=-0.428046 wins=1 losses=1
[15:54:16.777] [INFO] [HEALTH] state=GOOD
[15:54:16.779] [WARNING] [EXEC] BLOCK_BUY reason=ws_stale mode=FAST ws_age=3547 spread=7.98 stable=1/1 mid_delta=0.00 bid_delta=0.00
[15:54:19.455] [INFO] [EXEC] GRID_MODE_ACTIVE_SKIP_SINGLE_ENTRY
[15:54:19.719] [INFO] [EXEC] GRID_BUY_PLACED level_id=6 order_id=386181181
[15:54:19.723] [OK] [EXEC] PLACE BUY price=80377.45 qty=0.006220
[15:54:20.017] [INFO] [EXEC] GRID_BUY_PLACED level_id=7 order_id=386181186
[15:54:20.020] [OK] [EXEC] PLACE BUY price=80377.25 qty=0.006220
[15:54:20.304] [INFO] [EXEC] GRID_BUY_PLACED level_id=8 order_id=386181199
[15:54:20.308] [OK] [EXEC] PLACE BUY price=80377.04 qty=0.006220
[15:54:21.012] [INFO] [EXEC] GRID_BUY_FILLED level_id=6
[15:54:21.016] [OK] [EXEC] CHUNK ADD qty=0.006220 entry=80377.45
[15:54:21.018] [INFO] [EXEC] CHUNK COUNT n=1
[15:54:21.292] [INFO] [EXEC] GRID_SELL_PLACED level_id=6 chunk_id=1813121460672 order_id=386181218 price=80377.48 qty=0.006220
[15:54:21.549] [INFO] [EXEC] GRID_BUY_FILLED level_id=7
[15:54:21.549] [OK] [EXEC] CHUNK ADD qty=0.006220 entry=80377.25
[15:54:21.549] [INFO] [EXEC] CHUNK COUNT n=2
[15:54:21.838] [INFO] [EXEC] GRID_SELL_PLACED level_id=7 chunk_id=1813121452224 order_id=386181229 price=80377.28 qty=0.006220
[15:54:22.244] [INFO] [EXEC] GRID_BUY_FILLED level_id=8
[15:54:22.248] [OK] [EXEC] CHUNK ADD qty=0.006220 entry=80377.04
[15:54:22.251] [INFO] [EXEC] CHUNK COUNT n=3
[15:54:22.651] [INFO] [EXEC] GRID_SELL_PLACED level_id=8 chunk_id=1813171823072 order_id=386181235 price=80377.06 qty=0.006220
[15:54:25.322] [WARNING] [EXEC] STATE REPAIR reason=inventory_cannot_be_flat
[15:54:25.322] [INFO] [EXEC] EXIT RECOVERY inventory_no_sell qty=0.018660
[15:54:25.601] [WARNING] [EXEC] SELL_WATCHDOG_FAR_CANCEL orderId=386181218 price=80377.48 ask=80373.95 dist_ticks=352
[15:54:26.173] [INFO] [EXEC] SELL_FAR_CANCEL_FINAL_STATUS status=CANCELED
[15:54:30.322] [INFO] [EXEC] GRID_SELL_FILLED level_id=7 chunk_id=1813121452224 order_id=386181229
[15:54:30.322] [OK] [EXEC] FIFO CLOSE qty=0.006220 entry=80377.25 exit=80377.28 pnl=+0.000187
[15:54:30.322] [INFO] [EXEC] GRID_LEVEL_RECYCLED level_id=7
[15:54:30.603] [INFO] [EXEC] GRID_SELL_FILLED level_id=8 chunk_id=1813171823072 order_id=386181235
[15:54:30.603] [OK] [EXEC] FIFO CLOSE qty=0.006220 entry=80377.04 exit=80377.06 pnl=+0.000124
[15:54:30.603] [INFO] [EXEC] GRID_LEVEL_RECYCLED level_id=8
[15:54:30.892] [WARNING] [EXEC] PLACE_SELL_STUCK_RECOVERY qty=0.006210
[15:54:31.494] [INFO] [EXEC] SELL CHECK inventory=0.006220 reported=0.000000 remaining=0.006210 chunks=1
[15:54:31.497] [INFO] [EXEC] SELL_REPRICE_FRESH_APPLIED old=80377.48 new=80377.97 ask=80378.00 bid=80374.51
[15:54:31.498] [INFO] [EXEC] SELL_REPRICE_VALIDATION old=80377.48 new=80377.97 ask=80378.00 dist_ticks=2 source=fresh_snapshot
[15:54:31.499] [INFO] [EXEC] PLACE_SELL_SOURCE source=fresh_after_far_cancel price=80377.97
[15:54:31.500] [OK] [EXEC] PLACE SELL price=80377.97 qty=0.006210
[15:54:31.763] [OK] [EXEC] SELL ORDER SENT orderId=386181689
[15:54:31.771] [OK] [PLAN] READY entry=80374.51 exit=80378.00 profit=0.173662 age=152363ms
[15:54:34.906] [INFO] [EXEC] SELL_WATCHDOG_SYNC orderId=386181689 status=FILLED
[15:54:34.911] [OK] [EXEC] FIFO CLOSE qty=0.006210 entry=80377.45 exit=80378.97 pnl=+0.009439
[15:54:34.913] [INFO] [EXEC] CHUNK DRAINED
[15:54:34.916] [OK] [EXEC] REALIZED pnl=+0.009439
[15:54:34.918] [INFO] [EXEC] SELL ACCOUNTING RESET flat
[15:54:34.919] [OK] [EXEC] CYCLE CLOSED pnl=+0.009439
[15:54:34.921] [INFO] [EXEC] SESSION realized=-0.418607 wins=2 losses=1
[15:54:34.922] [OK] [EXEC] SELL FILLED id=386181689
[15:54:34.923] [OK] [EXEC] SELL FILLED qty=0.006210 remaining=0.000000
[15:54:34.924] [INFO] [EXEC] SELL ACCOUNTING RESET inventory_drained
[15:54:34.925] [INFO] [EXEC] INVENTORY DRAINED epsilon_cleanup qty=0.000000
[15:54:34.926] [INFO] [EXEC] SELL ACCOUNTING RESET flat
[15:54:34.927] [INFO] [EXEC] CYCLE SKIP no_fifo_pnl
[15:54:37.620] [INFO] [HEALTH] state=GOOD
[15:54:37.621] [WARNING] [EXEC] BLOCK_BUY reason=ws_stale mode=FAST ws_age=2078 spread=13.13 stable=1/1 mid_delta=0.00 bid_delta=0.00
[15:54:37.627] [OK] [PLAN] HOT entry=80378.12 exit=80391.24 profit=0.652851 age=159955ms
[15:54:39.572] [INFO] [EXEC] GRID_MODE_ACTIVE_SKIP_SINGLE_ENTRY
[15:54:39.853] [INFO] [EXEC] GRID_BUY_PLACED level_id=7 order_id=386181917
[15:54:39.857] [OK] [EXEC] PLACE BUY price=80377.25 qty=0.006220
[15:54:40.132] [INFO] [EXEC] GRID_BUY_PLACED level_id=8 order_id=386181924
[15:54:40.135] [OK] [EXEC] PLACE BUY price=80377.04 qty=0.006220
[15:54:40.400] [INFO] [EXEC] GRID_BUY_PLACED level_id=9 order_id=386181933
[15:54:40.400] [OK] [EXEC] PLACE BUY price=80376.84 qty=0.006220
[15:54:43.603] [INFO] [HEALTH] state=GOOD
[15:54:43.603] [WARNING] [EXEC] BLOCK_BUY reason=ws_stale mode=FAST ws_age=2890 spread=11.19 stable=1/1 mid_delta=0.00 bid_delta=0.00
[15:54:46.493] [WARNING] [EXEC] BLOCK_BUY reason=ws_stale mode=FAST ws_age=2733 spread=7.67 stable=1/1 mid_delta=0.00 bid_delta=0.00
[15:54:49.621] [INFO] [HEALTH] state=GOOD
[15:54:49.622] [WARNING] [EXEC] BLOCK_BUY reason=ws_stale mode=FAST ws_age=2813 spread=7.98 stable=1/1 mid_delta=0.00 bid_delta=0.00
[15:54:52.598] [WARNING] [EXEC] BLOCK_BUY reason=ws_stale mode=FAST ws_age=2937 spread=6.36 stable=1/1 mid_delta=0.00 bid_delta=0.00
[15:54:53.650] [INFO] [EXEC] GRID_BUY_FILLED level_id=7
[15:54:53.650] [OK] [EXEC] CHUNK ADD qty=0.006220 entry=80377.25
[15:54:53.666] [INFO] [EXEC] CHUNK COUNT n=1
[15:54:53.950] [INFO] [EXEC] GRID_SELL_PLACED level_id=7 chunk_id=1813121459712 order_id=386182582 price=80377.28 qty=0.006220
[15:54:54.197] [INFO] [EXEC] GRID_BUY_FILLED level_id=8
[15:54:54.215] [OK] [EXEC] CHUNK ADD qty=0.006220 entry=80377.04
[15:54:54.218] [INFO] [EXEC] CHUNK COUNT n=2
[15:54:54.555] [INFO] [EXEC] GRID_SELL_PLACED level_id=8 chunk_id=1813121459376 order_id=386182613 price=80377.06 qty=0.006220
[15:54:57.228] [INFO] [EXEC] GRID_SELL_FILLED level_id=7 chunk_id=1813121459712 order_id=386182582
[15:54:57.245] [OK] [EXEC] FIFO CLOSE qty=0.006220 entry=80377.25 exit=80377.28 pnl=+0.000187
[15:54:57.248] [INFO] [EXEC] GRID_LEVEL_RECYCLED level_id=7
[15:54:57.541] [INFO] [EXEC] GRID_SELL_FILLED level_id=8 chunk_id=1813121459376 order_id=386182613
[15:54:57.541] [OK] [EXEC] FIFO CLOSE qty=0.006220 entry=80377.04 exit=80377.06 pnl=+0.000124
[15:54:57.541] [INFO] [EXEC] GRID_LEVEL_RECYCLED level_id=8
[15:54:57.541] [WARNING] [HEALTH] block spread_too_young lifetime=0
[15:54:57.541] [WARNING] [HEALTH] unstable_spread lifetime=0
[15:54:57.541] [WARNING] [EXEC] BLOCK_BUY reason=ws_stale mode=FAST ws_age=4625 spread=7.08 stable=1/1 mid_delta=0.00 bid_delta=0.00
[15:55:00.092] [INFO] [EXEC] GRID_MODE_ACTIVE_SKIP_SINGLE_ENTRY
[15:55:00.352] [INFO] [EXEC] GRID_BUY_PLACED level_id=7 order_id=386182857
[15:55:00.368] [OK] [EXEC] PLACE BUY price=80377.25 qty=0.006220
[15:55:01.463] [INFO] [EXEC] GRID_BUY_PLACED level_id=8 order_id=386182927
[15:55:01.463] [OK] [EXEC] PLACE BUY price=80377.04 qty=0.006220
[15:55:01.734] [INFO] [EXEC] GRID_BUY_PLACED level_id=10 order_id=386182954
[15:55:01.737] [OK] [EXEC] PLACE BUY price=80376.65 qty=0.006220
[15:55:03.525] [INFO] [EXEC] GRID_BUY_FILLED level_id=7
[15:55:03.525] [OK] [EXEC] CHUNK ADD qty=0.006220 entry=80377.25
[15:55:03.525] [INFO] [EXEC] CHUNK COUNT n=1
[15:55:03.791] [INFO] [EXEC] GRID_SELL_PLACED level_id=7 chunk_id=1813121454528 order_id=386183185 price=80377.28 qty=0.006220
[15:55:04.087] [INFO] [EXEC] GRID_BUY_FILLED level_id=8
[15:55:04.092] [OK] [EXEC] CHUNK ADD qty=0.006220 entry=80377.04
[15:55:04.095] [INFO] [EXEC] CHUNK COUNT n=2
[15:55:04.397] [INFO] [EXEC] GRID_SELL_PLACED level_id=8 chunk_id=1813121459712 order_id=386183248 price=80377.06 qty=0.006220
[15:55:04.728] [INFO] [EXEC] GRID_BUY_FILLED level_id=9
[15:55:04.728] [OK] [EXEC] CHUNK ADD qty=0.006220 entry=80376.84
[15:55:04.728] [INFO] [EXEC] CHUNK COUNT n=3
[15:55:05.010] [INFO] [EXEC] GRID_SELL_PLACED level_id=9 chunk_id=1813120564544 order_id=386183299 price=80376.87 qty=0.006220
[15:55:05.320] [INFO] [EXEC] GRID_BUY_FILLED level_id=10
[15:55:05.324] [OK] [EXEC] CHUNK ADD qty=0.006220 entry=80376.65
[15:55:05.327] [INFO] [EXEC] CHUNK COUNT n=4
[15:55:05.603] [INFO] [EXEC] GRID_SELL_PLACED level_id=10 chunk_id=1813121451120 order_id=386183325 price=80376.68 qty=0.006220
[15:55:08.815] [WARNING] [EXEC] STATE REPAIR reason=inventory_cannot_be_flat
[15:55:08.819] [INFO] [EXEC] EXIT RECOVERY inventory_no_sell qty=0.024880
[15:55:09.115] [WARNING] [EXEC] SELL_WATCHDOG_FAR_CANCEL orderId=386183185 price=80377.28 ask=80363.99 dist_ticks=1328
[15:55:09.728] [INFO] [EXEC] SELL_FAR_CANCEL_FINAL_STATUS status=CANCELED
[15:55:14.944] [WARNING] [EXEC] PLACE_SELL_STUCK_RECOVERY qty=0.024870
[15:55:15.212] [WARNING] [EXEC] SELL_WATCHDOG_FAR_CANCEL orderId=386183248 price=80377.06 ask=80344.54 dist_ticks=3252
[15:55:16.228] [INFO] [EXEC] SELL_FAR_CANCEL_FINAL_STATUS status=CANCELED
[15:55:21.354] [WARNING] [EXEC] PLACE_SELL_STUCK_RECOVERY qty=0.024870
[15:55:21.603] [WARNING] [EXEC] SELL_WATCHDOG_FAR_CANCEL orderId=386183299 price=80376.87 ask=80359.71 dist_ticks=1715
[15:55:22.182] [INFO] [EXEC] SELL_FAR_CANCEL_FINAL_STATUS status=CANCELED
[15:55:27.837] [WARNING] [EXEC] PLACE_SELL_STUCK_RECOVERY qty=0.024870
[15:55:28.118] [WARNING] [EXEC] SELL_WATCHDOG_FAR_CANCEL orderId=386183325 price=80376.68 ask=80361.99 dist_ticks=1468
[15:55:28.634] [INFO] [EXEC] SELL_FAR_CANCEL_FINAL_STATUS status=CANCELED
[15:55:34.525] [WARNING] [EXEC] PLACE_SELL_STUCK_RECOVERY qty=0.024870
[15:55:35.069] [INFO] [EXEC] SELL CHECK inventory=0.024880 reported=0.000000 remaining=0.024870 chunks=4
[15:55:35.074] [INFO] [EXEC] SELL_REPRICE_FRESH_APPLIED old=80376.68 new=80365.67 ask=80365.70 bid=80356.27
[15:55:35.076] [INFO] [EXEC] SELL_REPRICE_VALIDATION old=80376.68 new=80365.67 ask=80365.70 dist_ticks=2 source=fresh_snapshot
[15:55:35.080] [WARNING] [EXEC] SELL_FLOOR_BLOCKED price=80365.67 floor=80376.95 entry=80376.94 reason=below_min_profit source=fresh_after_far_cancel
[15:55:35.082] [INFO] [EXEC] PLACE_SELL_SOURCE source=fresh_after_far_cancel price=80376.95
[15:55:35.083] [OK] [EXEC] PLACE SELL price=80376.95 qty=0.024870
[15:55:35.355] [WARNING] [EXEC] SELL_HOLD_RECOVERY_START orderId=386185062 entry=80376.94 floor=80376.95 ask=80365.70
[15:55:35.358] [OK] [EXEC] SELL ORDER SENT orderId=386185062
[15:55:36.915] [OK] [SYNC] order filled detected
[15:55:36.915] [OK] [SYNC] SELL filled on exchange
[15:55:36.915] [OK] [EXEC] FIFO CLOSE qty=0.006220 entry=80377.25 exit=80376.95 pnl=-0.001866
[15:55:36.915] [INFO] [EXEC] CHUNK DRAINED
[15:55:36.915] [OK] [EXEC] FIFO CLOSE qty=0.006220 entry=80377.04 exit=80376.95 pnl=-0.000560
[15:55:36.915] [INFO] [EXEC] CHUNK DRAINED
[15:55:36.915] [OK] [EXEC] FIFO CLOSE qty=0.006220 entry=80376.84 exit=80376.95 pnl=+0.000684
[15:55:36.915] [INFO] [EXEC] CHUNK DRAINED
[15:55:36.915] [OK] [EXEC] FIFO CLOSE qty=0.006210 entry=80376.65 exit=80376.95 pnl=+0.001863
[15:55:36.931] [INFO] [EXEC] CHUNK DRAINED
[15:55:36.932] [OK] [EXEC] REALIZED pnl=+0.000121
[15:55:36.934] [INFO] [EXEC] SELL ACCOUNTING RESET flat
[15:55:36.935] [OK] [EXEC] CYCLE CLOSED pnl=+0.000121
[15:55:36.936] [INFO] [EXEC] SESSION realized=-0.418485 wins=3 losses=1
[15:55:39.634] [INFO] [HEALTH] state=GOOD
[15:55:39.634] [WARNING] [EXEC] BLOCK_BUY reason=ws_stale mode=FAST ws_age=3469 spread=13.89 stable=1/1 mid_delta=0.00 bid_delta=0.00
[15:55:43.635] [WARNING] [EXEC] BLOCK_BUY reason=ws_stale mode=FAST ws_age=3484 spread=13.50 stable=1/1 mid_delta=0.00 bid_delta=0.00
[15:55:47.603] [INFO] [HEALTH] state=GOOD
[15:55:47.603] [WARNING] [EXEC] BLOCK_BUY reason=ws_stale mode=FAST ws_age=3217 spread=10.91 stable=1/1 mid_delta=0.00 bid_delta=0.00
[15:55:52.005] [WARNING] [EXEC] BLOCK_BUY reason=ws_stale mode=FAST ws_age=3594 spread=13.21 stable=1/1 mid_delta=0.00 bid_delta=0.00
[15:55:56.526] [INFO] [HEALTH] state=GOOD
[15:55:56.526] [WARNING] [EXEC] BLOCK_BUY reason=ws_stale mode=FAST ws_age=3672 spread=9.99 stable=1/1 mid_delta=0.00 bid_delta=0.00
[15:56:01.232] [WARNING] [EXEC] BLOCK_BUY reason=ws_stale mode=FAST ws_age=4172 spread=15.64 stable=1/1 mid_delta=0.00 bid_delta=0.00
[15:56:06.338] [INFO] [HEALTH] state=GOOD
[15:56:06.338] [WARNING] [EXEC] BLOCK_BUY reason=ws_stale mode=FAST ws_age=3750 spread=14.35 stable=1/1 mid_delta=0.00 bid_delta=0.00
[15:56:10.092] [WARNING] [EXEC] BLOCK_BUY reason=ws_stale mode=FAST ws_age=2937 spread=13.63 stable=1/1 mid_delta=0.00 bid_delta=0.00
[15:56:13.212] [INFO] [HEALTH] state=GOOD
[15:56:13.228] [WARNING] [EXEC] BLOCK_BUY reason=ws_stale mode=FAST ws_age=2984 spread=13.72 stable=1/1 mid_delta=0.00 bid_delta=0.00
[15:56:19.524] [WARNING] [EXEC] BLOCK_BUY reason=ws_stale mode=FAST ws_age=5500 spread=15.61 stable=1/1 mid_delta=0.00 bid_delta=0.00
[15:56:23.308] [INFO] [HEALTH] state=GOOD
[15:56:23.324] [WARNING] [EXEC] BLOCK_BUY reason=ws_stale mode=FAST ws_age=3031 spread=11.11 stable=1/1 mid_delta=0.00 bid_delta=0.00
[15:56:27.145] [WARNING] [EXEC] BLOCK_BUY reason=ws_stale mode=FAST ws_age=3015 spread=10.99 stable=1/1 mid_delta=0.00 bid_delta=0.00
[15:56:30.579] [INFO] [HEALTH] state=GOOD
[15:56:30.581] [WARNING] [EXEC] BLOCK_BUY reason=ws_stale mode=FAST ws_age=2827 spread=12.39 stable=1/1 mid_delta=0.00 bid_delta=0.00
[15:56:34.879] [WARNING] [EXEC] BLOCK_BUY reason=ws_stale mode=FAST ws_age=3266 spread=12.26 stable=1/1 mid_delta=0.00 bid_delta=0.00
[15:56:35.716] [INFO] START_CLICK received enabled=True api_ready=True running=True
[15:56:35.984] [WARNING] cancel all requested
[15:56:35.990] [WARNING] [EXEC] BALANCE_EXTERNAL_BTC free=0.018707 locked=0.000000
[15:56:35.990] [INFO] [EXEC] SELL ACCOUNTING RESET reconcile_stop
[15:56:35.990] [INFO] [EXEC] RECONCILE_FLAT reason=inventory_empty_safe_qty_zero
[15:56:35.990] [WARNING] STOP
