[08:42:16.384] [OK] filters loaded
[08:42:23.840] [INFO] START_CLICK received enabled=True api_ready=True running=False
[08:42:23.840] [INFO] START_SETTINGS live_enabled=True guard_mode=FAST entry_mode=AGGRESSIVE exit_engine=True order_size=3000.0
[08:42:24.318] [EXCHANGE] symbol=BTCU base=BTC quote=U status=TRADING permissions=[]
[08:42:24.322] [OK] START
[08:42:24.325] [OK] START_OK runtime_started
[08:42:24.607] [INFO] [EXEC] LIVE ON
[08:42:24.608] [INFO] [EXEC] WAIT READY
[08:42:24.610] [WS] primary url=wss://stream.binance.com:9443/ws/btcu@bookTicker
[08:42:24.624] [WS] connecting primary
[08:42:25.844] [WS] connected
[08:42:35.004] [INFO] START_CLICK received enabled=True api_ready=True running=True
[08:42:35.288] [WARNING] cancel all requested
[08:42:35.291] [WARNING] [EXEC] BALANCE_EXTERNAL_BTC free=0.037077 locked=0.000000
[08:42:35.293] [INFO] [EXEC] SELL ACCOUNTING RESET reconcile_stop
[08:42:35.294] [INFO] [EXEC] RECONCILE_FLAT reason=inventory_empty_safe_qty_zero
[08:42:35.295] [WARNING] STOP
[08:43:01.695] [OK] [SETTINGS] settings saved
[08:43:02.499] [INFO] START_CLICK received enabled=True api_ready=True running=False
[08:43:02.500] [INFO] START_SETTINGS live_enabled=True guard_mode=FAST entry_mode=AGGRESSIVE exit_engine=True order_size=3000.0
[08:43:02.983] [EXCHANGE] symbol=BTCU base=BTC quote=U status=TRADING permissions=[]
[08:43:02.988] [OK] START
[08:43:02.991] [OK] START_OK runtime_started
[08:43:03.276] [INFO] [EXEC] LIVE ON
[08:43:03.277] [INFO] [EXEC] WAIT READY
[08:43:03.280] [WS] primary url=wss://stream.binance.com:9443/ws/btcu@bookTicker
[08:43:03.280] [WS] connecting primary
[08:43:04.201] [WS] connected
[08:43:07.963] [WARNING] [HEALTH] block spread_too_young lifetime=0
[08:43:07.965] [WARNING] [HEALTH] unstable_spread lifetime=0
[08:43:07.967] [WARNING] [EXEC] BLOCK_BUY reason=spread_too_young mode=FAST ws_age=62 spread=11.87 stable=1/1 mid_delta=0.00 bid_delta=0.00
[08:43:08.202] [WARNING] [HEALTH] block spread_too_young lifetime=240
[08:43:08.205] [WARNING] [EXEC] BLOCK_BUY reason=market_health_bad mode=FAST ws_age=31 spread=11.86 stable=2/1 mid_delta=0.50 bid_delta=1.00
[08:43:08.210] [OK] [PLAN] HOT entry=80911.12 exit=80920.99 profit=0.365881 age=240ms
[08:43:08.451] [WARNING] [HEALTH] block spread_too_young lifetime=488
[08:43:09.239] [INFO] [EXEC] SELL ACCOUNTING RESET new_cycle
[08:43:09.245] [OK] [EXEC] BUY ORDER SENT orderId=384900125 price=80911.13 qty=0.037070
[08:43:09.248] [OK] [EXEC] PLACE BUY price=80911.13 qty=0.037070
[08:43:10.977] [INFO] [EXEC] ENTRY_REPRICE reason=bid_moved_up old=80911.13 new=80914.42 count=1
[08:43:11.516] [OK] [EXEC] ENTRY_PLACE price=80914.42 qty=0.037070
[08:43:13.869] [INFO] [EXEC] ENTRY_REPRICE reason=bid_moved_up old=80914.42 new=80914.44 count=2
[08:43:14.407] [OK] [EXEC] ENTRY_PLACE price=80914.44 qty=0.037070
[08:43:15.243] [WARNING] [EXEC] BUY TIMEOUT orderId=384900187
[08:43:15.246] [WARNING] [EXEC] CANCEL BUY orderId=384900187
[08:43:15.518] [OK] [EXEC] BUY CANCELED confirmed
[08:43:15.783] [INFO] [EXEC] BUY FINAL STATUS status=CANCELED orderId=384900187
[08:43:15.786] [WARNING] [EXEC] BLOCK reason=buy_not_filled
[08:43:24.708] [INFO] [HEALTH] state=GOOD
[08:43:24.975] [INFO] [EXEC] SELL ACCOUNTING RESET new_cycle
[08:43:24.979] [OK] [EXEC] BUY ORDER SENT orderId=384900262 price=80915.15 qty=0.037070
[08:43:24.981] [OK] [EXEC] PLACE BUY price=80915.15 qty=0.037070
[08:43:26.748] [INFO] [EXEC] ENTRY_REPRICE reason=bid_moved_up old=80915.15 new=80915.17 count=1
[08:43:27.275] [OK] [EXEC] ENTRY_PLACE price=80915.17 qty=0.037070
[08:43:28.135] [INFO] [EXEC] ENTRY_REPRICE reason=bid_moved_up old=80915.17 new=80915.19 count=2
[08:43:28.669] [OK] [EXEC] ENTRY_PLACE price=80915.19 qty=0.037070
[08:43:30.130] [WARNING] [EXEC] BUY TIMEOUT orderId=384900346
[08:43:30.133] [WARNING] [EXEC] CANCEL BUY orderId=384900346
[08:43:30.409] [OK] [EXEC] BUY CANCELED confirmed
[08:43:30.684] [INFO] [EXEC] BUY FINAL STATUS status=CANCELED orderId=384900346
[08:43:30.687] [WARNING] [EXEC] BLOCK reason=buy_not_filled
[08:43:32.201] [INFO] [HEALTH] state=GOOD
[08:43:32.467] [INFO] [EXEC] SELL ACCOUNTING RESET new_cycle
[08:43:32.471] [OK] [EXEC] BUY ORDER SENT orderId=384900419 price=80915.70 qty=0.037070
[08:43:32.473] [OK] [EXEC] PLACE BUY price=80915.70 qty=0.037070
[08:43:33.985] [INFO] [EXEC] ENTRY_REPRICE reason=bid_moved_up old=80915.70 new=80915.72 count=1
[08:43:34.518] [OK] [EXEC] ENTRY_PLACE price=80915.72 qty=0.037070
[08:43:35.377] [INFO] [EXEC] ENTRY_REPRICE reason=bid_moved_up old=80915.72 new=80915.74 count=2
[08:43:35.932] [OK] [EXEC] ENTRY_PLACE price=80915.74 qty=0.037070
[08:43:37.108] [INFO] [EXEC] ENTRY_REPRICE reason=bid_moved_up old=80915.74 new=80915.75 count=3
[08:43:37.641] [OK] [EXEC] ENTRY_PLACE price=80915.75 qty=0.037070
[08:43:38.519] [WARNING] [EXEC] BUY TIMEOUT orderId=384900487
[08:43:38.523] [WARNING] [EXEC] CANCEL BUY orderId=384900487
[08:43:38.788] [OK] [EXEC] BUY CANCELED confirmed
[08:43:39.051] [INFO] [EXEC] BUY FINAL STATUS status=CANCELED orderId=384900487
[08:43:39.054] [WARNING] [EXEC] BLOCK reason=buy_not_filled
[08:43:39.215] [INFO] [HEALTH] state=GOOD
[08:43:39.501] [INFO] [EXEC] SELL ACCOUNTING RESET new_cycle
[08:43:39.505] [OK] [EXEC] BUY ORDER SENT orderId=384900505 price=80916.76 qty=0.037070
[08:43:39.506] [OK] [EXEC] PLACE BUY price=80916.76 qty=0.037070
[08:43:41.244] [INFO] [EXEC] ENTRY_REPRICE reason=bid_moved_up old=80916.76 new=80916.78 count=1
[08:43:41.771] [OK] [EXEC] ENTRY_PLACE price=80916.78 qty=0.037070
[08:43:43.825] [INFO] [EXEC] ENTRY_REPRICE reason=bid_moved_up old=80916.78 new=80916.80 count=2
[08:43:44.350] [OK] [EXEC] ENTRY_PLACE price=80916.80 qty=0.037070
[08:43:45.252] [WARNING] [EXEC] BUY TIMEOUT orderId=384900565
[08:43:45.255] [WARNING] [EXEC] CANCEL BUY orderId=384900565
[08:43:45.520] [OK] [EXEC] BUY CANCELED confirmed
[08:43:45.784] [INFO] [EXEC] BUY FINAL STATUS status=FILLED orderId=384900565
[08:43:45.788] [OK] [EXEC] BUY FILL UPDATE delta=0.037070 avg=80916.79
[08:43:45.789] [OK] [EXEC] CHUNK ADD qty=0.037070 entry=80916.79
[08:43:45.790] [INFO] [EXEC] CHUNK COUNT n=1
[08:43:45.791] [OK] [EXEC] INVENTORY qty=0.037070
[08:43:45.792] [OK] [EXEC] SELL REQUIRED inventory=0.037070
[08:43:45.793] [OK] [EXEC] BUY FILLED during cancel
[08:43:45.794] [OK] [EXEC] BUY FILLED id=384900565
[08:43:46.115] [OK] [SYNC] order filled detected
[08:43:46.118] [OK] [SYNC] BUY filled on exchange
[08:43:46.655] [INFO] [EXEC] SELL CHECK inventory=0.037070 reported=0.000000 remaining=0.037060 chunks=1
[08:43:46.658] [OK] [EXEC] PLACE SELL price=80920.61 qty=0.037060
[08:43:46.918] [OK] [EXEC] SELL ORDER SENT orderId=384900665
[08:43:47.521] [OK] [EXEC] FIFO CLOSE qty=0.037060 entry=80916.79 exit=80920.61 pnl=+0.141569
[08:43:47.524] [INFO] [EXEC] CHUNK DRAINED
[08:43:47.527] [OK] [EXEC] REALIZED pnl=+0.141569
[08:43:47.529] [INFO] [EXEC] SELL ACCOUNTING RESET flat
[08:43:47.530] [OK] [EXEC] CYCLE CLOSED pnl=+0.141569
[08:43:47.532] [INFO] [EXEC] SESSION realized=+0.141569 wins=1 losses=0
[08:43:47.533] [OK] [EXEC] EXIT_FILLED
[08:43:47.534] [INFO] [EXEC] SELL ACCOUNTING RESET flat
[08:43:47.535] [INFO] [EXEC] CYCLE SKIP no_fifo_pnl
[08:43:47.536] [OK] [EXEC] SELL FILLED id=384900665
[08:43:47.537] [OK] [EXEC] SELL FILLED qty=0.037060 remaining=0.000000
[08:43:47.538] [INFO] [EXEC] SELL ACCOUNTING RESET inventory_drained
[08:43:47.539] [INFO] [EXEC] INVENTORY DRAINED epsilon_cleanup qty=0.000000
[08:43:47.540] [INFO] [EXEC] SELL ACCOUNTING RESET flat
[08:43:47.541] [INFO] [EXEC] CYCLE SKIP no_fifo_pnl
[08:43:47.543] [OK] [PLAN] READY entry=80911.51 exit=80916.55 profit=0.186833 age=1137ms
[08:43:47.731] [INFO] [HEALTH] state=GOOD
[08:43:47.995] [INFO] [EXEC] SELL ACCOUNTING RESET new_cycle
[08:43:47.999] [OK] [EXEC] BUY ORDER SENT orderId=384900737 price=80917.09 qty=0.037070
[08:43:48.002] [OK] [EXEC] PLACE BUY price=80917.09 qty=0.037070
[08:43:49.758] [INFO] [EXEC] ENTRY_REPRICE reason=bid_moved_up old=80917.09 new=80917.11 count=1
[08:43:50.765] [OK] [EXEC] ENTRY_PLACE price=80917.11 qty=0.037070
[08:43:51.654] [INFO] [EXEC] ENTRY_REPRICE reason=bid_moved_up old=80917.11 new=80917.13 count=2
[08:43:52.179] [OK] [EXEC] ENTRY_PLACE price=80917.13 qty=0.037070
[08:43:54.074] [WARNING] [EXEC] BUY TIMEOUT orderId=384900799
[08:43:54.077] [WARNING] [EXEC] CANCEL BUY orderId=384900799
[08:43:54.341] [OK] [EXEC] BUY CANCELED confirmed
[08:43:54.602] [INFO] [EXEC] BUY FINAL STATUS status=CANCELED orderId=384900799
[08:43:54.606] [WARNING] [EXEC] BLOCK reason=buy_not_filled
[08:43:54.637] [INFO] [HEALTH] state=GOOD
[08:43:54.898] [INFO] [EXEC] SELL ACCOUNTING RESET new_cycle
[08:43:54.901] [OK] [EXEC] BUY ORDER SENT orderId=384900981 price=80927.44 qty=0.037070
[08:43:54.904] [OK] [EXEC] PLACE BUY price=80927.44 qty=0.037070
[08:43:54.908] [OK] [PLAN] HOT entry=80927.44 exit=80935.17 profit=0.286551 age=827ms
[08:43:55.514] [OK] [PLAN] READY entry=80934.17 exit=80939.74 profit=0.206424 age=1442ms
[08:43:56.385] [INFO] [EXEC] ENTRY_REPRICE reason=bid_moved_up old=80927.44 new=80933.18 count=1
[08:43:56.910] [OK] [EXEC] ENTRY_PLACE price=80933.18 qty=0.037070
[08:43:58.412] [INFO] [EXEC] ENTRY_REPRICE reason=bid_moved_up old=80933.18 new=80933.20 count=2
[08:43:58.946] [OK] [EXEC] ENTRY_PLACE price=80933.20 qty=0.037070
[08:43:58.954] [OK] [PLAN] READY entry=80934.19 exit=80939.74 profit=0.205683 age=889ms
[08:44:00.431] [WARNING] [EXEC] BUY TIMEOUT orderId=384901119
[08:44:00.436] [WARNING] [EXEC] CANCEL BUY orderId=384901119
[08:44:00.702] [OK] [EXEC] BUY CANCELED confirmed
[08:44:00.967] [INFO] [EXEC] BUY FINAL STATUS status=CANCELED orderId=384901119
[08:44:00.973] [WARNING] [EXEC] BLOCK reason=buy_not_filled
[08:44:01.961] [INFO] [HEALTH] state=GOOD
[08:44:02.222] [INFO] [EXEC] SELL ACCOUNTING RESET new_cycle
[08:44:02.228] [OK] [EXEC] BUY ORDER SENT orderId=384901201 price=80934.22 qty=0.037060
[08:44:02.231] [OK] [EXEC] PLACE BUY price=80934.22 qty=0.037060
[08:44:03.923] [INFO] [EXEC] ENTRY_REPRICE reason=bid_moved_up old=80934.22 new=80934.24 count=1
[08:44:04.450] [OK] [EXEC] ENTRY_PLACE price=80934.24 qty=0.037060
[08:44:05.298] [INFO] [EXEC] ENTRY_REPRICE reason=bid_moved_up old=80934.24 new=80934.25 count=2
[08:44:06.297] [OK] [EXEC] ENTRY_PLACE price=80934.25 qty=0.037060
[08:44:06.923] [INFO] [EXEC] ENTRY_REPRICE reason=bid_moved_up old=80934.25 new=80934.67 count=3
[08:44:07.445] [OK] [EXEC] ENTRY_PLACE price=80934.67 qty=0.037060
[08:44:07.447] [OK] [PLAN] READY entry=80935.66 exit=80941.51 profit=0.216801 age=1624ms
[08:44:08.285] [WARNING] [EXEC] BUY TIMEOUT orderId=384901346
[08:44:08.287] [WARNING] [EXEC] CANCEL BUY orderId=384901346
[08:44:08.548] [OK] [EXEC] BUY CANCELED confirmed
[08:44:08.804] [INFO] [EXEC] BUY FINAL STATUS status=CANCELED orderId=384901346
[08:44:08.805] [WARNING] [EXEC] BLOCK reason=buy_not_filled
[08:44:09.013] [INFO] [HEALTH] state=GOOD
[08:44:09.013] [WARNING] [EXEC] BLOCK_BUY reason=ws_stale mode=FAST ws_age=1562 spread=7.83 stable=1/1 mid_delta=0.00 bid_delta=0.00
[08:44:10.290] [INFO] [EXEC] SELL ACCOUNTING RESET new_cycle
[08:44:10.296] [OK] [EXEC] BUY ORDER SENT orderId=384901400 price=80935.68 qty=0.037060
[08:44:10.298] [OK] [EXEC] PLACE BUY price=80935.68 qty=0.037060
[08:44:11.779] [INFO] [EXEC] ENTRY_REPRICE reason=bid_moved_up old=80935.68 new=80935.70 count=1
[08:44:12.302] [OK] [EXEC] ENTRY_PLACE price=80935.70 qty=0.037060
[08:44:13.428] [INFO] [EXEC] ENTRY_REPRICE reason=bid_moved_up old=80935.70 new=80935.72 count=2
[08:44:13.955] [OK] [EXEC] ENTRY_PLACE price=80935.72 qty=0.037060
[08:44:14.275] [OK] [SYNC] order filled detected
[08:44:14.278] [OK] [SYNC] BUY filled on exchange
[08:44:14.279] [OK] [EXEC] BUY FILL UPDATE delta=0.037060 avg=80935.72
[08:44:14.284] [OK] [EXEC] CHUNK ADD qty=0.037060 entry=80935.72
[08:44:14.287] [INFO] [EXEC] CHUNK COUNT n=1
[08:44:14.289] [OK] [EXEC] INVENTORY qty=0.037060
[08:44:14.291] [OK] [EXEC] SELL REQUIRED inventory=0.037060
[08:44:14.824] [INFO] [EXEC] SELL CHECK inventory=0.037060 reported=0.000000 remaining=0.037060 chunks=1
[08:44:14.827] [OK] [EXEC] PLACE SELL price=80939.78 qty=0.037060
[08:44:15.092] [OK] [EXEC] SELL ORDER SENT orderId=384901521
[08:44:16.292] [WARNING] [EXEC] TAKER_EXIT_TRIGGER reason=timeout_after_ms age=1204 qty=0.037060
[08:44:16.296] [WARNING] [EXEC] TAKER_EXIT_CANCEL_MAKER orderId=384901521
[08:44:17.348] [WARNING] [EXEC] TAKER_EXIT_ORDER_SENT id=384901579 price=80929.90 qty=0.037060
[08:44:17.350] [OK] [PLAN] READY entry=80931.01 exit=80938.14 profit=0.264238 age=625ms
[08:44:18.394] [WARNING] [SYNC] desync fixed
[08:44:18.397] [INFO] [EXEC] EXIT RECOVERY inventory_no_sell qty=0.037060
[08:44:18.943] [INFO] [EXEC] SELL CHECK inventory=0.037060 reported=0.000000 remaining=0.037060 chunks=1
[08:44:18.944] [OK] [EXEC] PLACE SELL price=80937.31 qty=0.037060
[08:44:19.680] [OK] [EXEC] SELL ORDER SENT orderId=384901649
[08:44:19.688] [OK] [PLAN] HOT entry=80929.62 exit=80937.31 profit=0.284991 age=2992ms
[08:44:20.299] [OK] [PLAN] READY entry=80931.01 exit=80936.30 profit=0.196047 age=4622ms
[08:44:21.187] [WARNING] [EXEC] EXIT_FAIL reason=taker_force_flat_failed force_exit
[08:44:21.190] [WARNING] [EXEC] CANCEL SELL orderId=384901649 reason=taker_force_flat_failed
[08:44:21.716] [WARNING] [EXEC] PANIC EXIT taker_force_flat_failed
[08:44:21.980] [WARNING] [EXEC] FORCE EXIT price=80936.30
[08:44:21.983] [OK] [EXEC] PLACE SELL price=80936.30 qty=0.037060
[08:44:22.246] [WARNING] [EXEC] PANIC START price=80936.30
[08:44:22.250] [OK] [EXEC] SELL ORDER SENT orderId=384901680
[08:44:24.765] [OK] [SYNC] order filled detected
[08:44:24.768] [OK] [SYNC] SELL filled on exchange
[08:44:24.769] [OK] [EXEC] FIFO CLOSE qty=0.037060 entry=80935.72 exit=80936.30 pnl=+0.021495
[08:44:24.771] [INFO] [EXEC] CHUNK DRAINED
[08:44:24.774] [OK] [EXEC] REALIZED pnl=+0.021495
[08:44:24.776] [INFO] [EXEC] SELL ACCOUNTING RESET flat
[08:44:24.778] [OK] [EXEC] CYCLE CLOSED pnl=+0.021495
[08:44:24.780] [INFO] [EXEC] SESSION realized=+0.163064 wins=2 losses=0
[08:44:25.172] [INFO] [HEALTH] state=GOOD
[08:44:25.436] [INFO] [EXEC] SELL ACCOUNTING RESET new_cycle
[08:44:25.439] [OK] [EXEC] BUY ORDER SENT orderId=384901873 price=80941.76 qty=0.037060
[08:44:25.443] [OK] [EXEC] PLACE BUY price=80941.76 qty=0.037060
[08:44:25.790] [OK] [SYNC] order filled detected
[08:44:25.791] [OK] [SYNC] BUY filled on exchange
[08:44:25.791] [OK] [EXEC] BUY FILL UPDATE delta=0.037060 avg=80941.76
[08:44:25.793] [OK] [EXEC] CHUNK ADD qty=0.037060 entry=80941.76
[08:44:25.795] [INFO] [EXEC] CHUNK COUNT n=1
[08:44:25.796] [OK] [EXEC] INVENTORY qty=0.037060
[08:44:25.797] [OK] [EXEC] SELL REQUIRED inventory=0.037060
[08:44:26.329] [INFO] [EXEC] SELL CHECK inventory=0.037060 reported=0.000000 remaining=0.037060 chunks=1
[08:44:26.330] [OK] [EXEC] PLACE SELL price=80944.98 qty=0.037060
[08:44:26.596] [OK] [EXEC] SELL ORDER SENT orderId=384901922
[08:44:26.600] [OK] [PLAN] READY entry=80939.00 exit=80944.98 profit=0.221619 age=628ms
[08:44:33.443] [OK] [EXEC] FIFO CLOSE qty=0.037060 entry=80941.76 exit=80944.98 pnl=+0.119333
[08:44:33.447] [INFO] [EXEC] CHUNK DRAINED
[08:44:33.450] [OK] [EXEC] REALIZED pnl=+0.119333
[08:44:33.452] [INFO] [EXEC] SELL ACCOUNTING RESET flat
[08:44:33.454] [OK] [EXEC] CYCLE CLOSED pnl=+0.119333
[08:44:33.456] [INFO] [EXEC] SESSION realized=+0.282397 wins=3 losses=0
[08:44:33.457] [OK] [EXEC] EXIT_FILLED
[08:44:33.458] [INFO] [EXEC] SELL ACCOUNTING RESET flat
[08:44:33.459] [INFO] [EXEC] CYCLE SKIP no_fifo_pnl
[08:44:33.460] [OK] [EXEC] SELL FILLED id=384901922
[08:44:33.461] [OK] [EXEC] SELL FILLED qty=0.037060 remaining=0.000000
[08:44:33.462] [INFO] [EXEC] SELL ACCOUNTING RESET inventory_drained
[08:44:33.463] [INFO] [EXEC] INVENTORY DRAINED epsilon_cleanup qty=0.000000
[08:44:33.464] [INFO] [EXEC] SELL ACCOUNTING RESET flat
[08:44:33.465] [INFO] [EXEC] CYCLE SKIP no_fifo_pnl
[08:44:34.032] [INFO] [HEALTH] state=GOOD
[08:44:34.291] [INFO] [EXEC] SELL ACCOUNTING RESET new_cycle
[08:44:34.296] [OK] [EXEC] BUY ORDER SENT orderId=384902019 price=80945.76 qty=0.037060
[08:44:34.299] [OK] [EXEC] PLACE BUY price=80945.76 qty=0.037060
[08:44:36.062] [INFO] [EXEC] ENTRY_REPRICE reason=bid_moved_up old=80945.76 new=80946.20 count=1
[08:44:36.586] [OK] [EXEC] ENTRY_PLACE price=80946.20 qty=0.037060
[08:44:38.061] [INFO] [EXEC] ENTRY_REPRICE reason=bid_moved_up old=80946.20 new=80947.95 count=2
[08:44:38.585] [OK] [EXEC] ENTRY_PLACE price=80947.95 qty=0.037060
[08:44:39.187] [WARNING] [EXEC] BUY TIMEOUT orderId=384902174
[08:44:39.190] [WARNING] [EXEC] CANCEL BUY orderId=384902174
[08:44:39.449] [OK] [EXEC] BUY CANCELED confirmed
[08:44:39.709] [INFO] [EXEC] BUY FINAL STATUS status=CANCELED orderId=384902174
[08:44:39.712] [WARNING] [EXEC] BLOCK reason=buy_not_filled
[08:44:42.287] [INFO] [HEALTH] state=GOOD
[08:44:42.551] [INFO] [EXEC] SELL ACCOUNTING RESET new_cycle
[08:44:42.557] [OK] [EXEC] BUY ORDER SENT orderId=384902263 price=80939.00 qty=0.037060
[08:44:42.560] [OK] [EXEC] PLACE BUY price=80939.00 qty=0.037060
[08:44:43.448] [OK] [PLAN] READY entry=80940.01 exit=80947.47 profit=0.276468 age=896ms
[08:44:44.952] [INFO] [EXEC] ENTRY_REPRICE reason=bid_moved_up old=80939.00 new=80939.02 count=1
[08:44:45.482] [OK] [EXEC] ENTRY_PLACE price=80939.02 qty=0.037060
[08:44:46.962] [INFO] [EXEC] ENTRY_REPRICE reason=bid_moved_up old=80939.02 new=80940.15 count=2
[08:44:47.483] [OK] [EXEC] ENTRY_PLACE price=80940.15 qty=0.037060
[08:44:47.788] [WARNING] [EXEC] BUY TIMEOUT orderId=384902321
[08:44:47.790] [WARNING] [EXEC] CANCEL BUY orderId=384902321
[08:44:48.049] [OK] [EXEC] BUY CANCELED confirmed
[08:44:48.309] [INFO] [EXEC] BUY FINAL STATUS status=CANCELED orderId=384902321
[08:44:48.311] [WARNING] [EXEC] BLOCK reason=buy_not_filled
[08:44:48.779] [INFO] [HEALTH] state=GOOD
[08:44:49.042] [INFO] [EXEC] SELL ACCOUNTING RESET new_cycle
[08:44:49.044] [OK] [EXEC] BUY ORDER SENT orderId=384902335 price=80941.16 qty=0.037060
[08:44:49.046] [OK] [EXEC] PLACE BUY price=80941.16 qty=0.037060
[08:44:51.442] [INFO] [EXEC] ENTRY_REPRICE reason=wide_spread_cross old=80941.16 new=80942.74 count=1
[08:44:51.962] [OK] [EXEC] ENTRY_PLACE price=80942.74 qty=0.037060
[08:44:52.541] [OK] [PLAN] READY entry=80943.76 exit=80950.30 profit=0.242372 age=1096ms
[08:44:54.196] [INFO] [EXEC] ENTRY_REPRICE reason=bid_moved_up old=80942.74 new=80942.75 count=2
[08:44:54.723] [OK] [EXEC] ENTRY_PLACE price=80942.75 qty=0.037060
[08:44:55.047] [WARNING] [EXEC] BUY TIMEOUT orderId=384902450
[08:44:55.051] [WARNING] [EXEC] CANCEL BUY orderId=384902450
[08:44:55.313] [OK] [EXEC] BUY CANCELED confirmed
[08:44:55.576] [INFO] [EXEC] BUY FINAL STATUS status=CANCELED orderId=384902450
[08:44:55.580] [WARNING] [EXEC] BLOCK reason=buy_not_filled
[08:44:59.033] [INFO] [HEALTH] state=GOOD
[08:44:59.297] [INFO] [EXEC] SELL ACCOUNTING RESET new_cycle
[08:44:59.301] [OK] [EXEC] BUY ORDER SENT orderId=384902553 price=80939.00 qty=0.037060
[08:44:59.305] [OK] [EXEC] PLACE BUY price=80939.00 qty=0.037060
[08:45:00.205] [OK] [EXEC] BUY FILL UPDATE delta=0.037060 avg=80939.00
[08:45:00.208] [OK] [EXEC] CHUNK ADD qty=0.037060 entry=80939.00
[08:45:00.210] [INFO] [EXEC] CHUNK COUNT n=1
[08:45:00.211] [OK] [EXEC] INVENTORY qty=0.037060
[08:45:00.212] [OK] [EXEC] SELL REQUIRED inventory=0.037060
[08:45:00.213] [OK] [EXEC] BUY PARTIAL delta=0.037060 total=0.037060
[08:45:00.215] [OK] [EXEC] BUY REMAINING qty=0.000000
[08:45:00.216] [OK] [EXEC] BUY FILLED id=384902553
[08:45:00.218] [OK] [PLAN] READY entry=80944.54 exit=80950.03 profit=0.203459 age=915ms
[08:45:00.839] [OK] [SYNC] order filled detected
[08:45:00.841] [OK] [SYNC] BUY filled on exchange
[08:45:01.369] [INFO] [EXEC] SELL CHECK inventory=0.037060 reported=0.000000 remaining=0.037060 chunks=1
[08:45:01.372] [OK] [EXEC] PLACE SELL price=80946.58 qty=0.037060
[08:45:01.634] [OK] [EXEC] SELL ORDER SENT orderId=384902705
[08:45:01.639] [OK] [PLAN] HOT entry=80939.01 exit=80946.58 profit=0.280544 age=1810ms
[08:45:03.105] [WARNING] [EXEC] TAKER_EXIT_TRIGGER reason=timeout_after_ms age=1467 qty=0.037060
[08:45:03.108] [WARNING] [EXEC] TAKER_EXIT_CANCEL_MAKER orderId=384902705
[08:45:04.164] [WARNING] [EXEC] TAKER_EXIT_ORDER_SENT id=384902738 price=80935.39 qty=0.037060
[08:45:04.716] [WARNING] [SYNC] desync fixed
[08:45:04.717] [INFO] [EXEC] EXIT RECOVERY inventory_no_sell qty=0.037060
[08:45:05.244] [INFO] [EXEC] SELL CHECK inventory=0.037060 reported=0.000000 remaining=0.037060 chunks=1
[08:45:05.246] [OK] [EXEC] PLACE SELL price=80942.33 qty=0.037060
[08:45:05.505] [OK] [EXEC] SELL ORDER SENT orderId=384902756
[08:45:05.511] [OK] [PLAN] HOT entry=80934.73 exit=80942.33 profit=0.281656 age=1879ms
[08:45:06.089] [OK] [PLAN] READY entry=80936.18 exit=80941.28 profit=0.189006 age=2991ms
[08:45:07.608] [WARNING] [EXEC] EXIT_FAIL reason=taker_force_flat_failed force_exit
[08:45:07.612] [WARNING] [EXEC] CANCEL SELL orderId=384902756 reason=taker_force_flat_failed
[08:45:08.136] [WARNING] [EXEC] PANIC EXIT taker_force_flat_failed
[08:45:08.400] [WARNING] [EXEC] FORCE EXIT price=80929.00
[08:45:08.403] [OK] [EXEC] PLACE SELL price=80929.00 qty=0.037060
[08:45:08.673] [WARNING] [EXEC] PANIC START price=80929.00
[08:45:08.675] [OK] [EXEC] SELL ORDER SENT orderId=384902905
[08:45:11.333] [OK] [EXEC] FIFO CLOSE qty=0.037060 entry=80939.00 exit=80929.00 pnl=-0.370600
[08:45:11.337] [INFO] [EXEC] CHUNK DRAINED
[08:45:11.340] [OK] [EXEC] REALIZED pnl=-0.370600
[08:45:11.342] [INFO] [EXEC] SELL ACCOUNTING RESET flat
[08:45:11.344] [OK] [EXEC] CYCLE CLOSED pnl=-0.370600
[08:45:11.345] [INFO] [EXEC] SESSION realized=-0.088203 wins=3 losses=1
[08:45:11.347] [OK] [EXEC] EXIT_FILLED
[08:45:11.348] [INFO] [EXEC] SELL ACCOUNTING RESET flat
[08:45:11.348] [INFO] [EXEC] CYCLE SKIP no_fifo_pnl
[08:45:11.349] [OK] [EXEC] SELL FILLED id=384902905
[08:45:11.350] [OK] [EXEC] SELL FILLED qty=0.037060 remaining=0.000000
[08:45:11.352] [INFO] [EXEC] SELL ACCOUNTING RESET inventory_drained
[08:45:11.353] [INFO] [EXEC] INVENTORY DRAINED epsilon_cleanup qty=0.000000
[08:45:11.354] [INFO] [EXEC] SELL ACCOUNTING RESET flat
[08:45:11.354] [INFO] [EXEC] CYCLE SKIP no_fifo_pnl
[08:45:11.695] [INFO] [HEALTH] state=GOOD
[08:45:11.696] [WARNING] [EXEC] BLOCK_BUY reason=cooldown_loss_cycle mode=FAST ws_age=311 spread=12.71 stable=1/1 mid_delta=0.00 bid_delta=0.00
[08:45:12.317] [WARNING] [HEALTH] block falling_market bid_ticks=0.00 mid_ticks=-236.50
[08:45:12.319] [WARNING] [HEALTH] negative_momentum ticks=-236.50
[08:45:12.321] [WARNING] [EXEC] BLOCK_BUY reason=mid_momentum_negative mode=FAST ws_age=77 spread=7.98 stable=2/1 mid_delta=-236.50 bid_delta=0.00
[08:45:12.565] [WARNING] [HEALTH] block falling_market bid_ticks=0.00 mid_ticks=-241.50
[08:45:12.569] [WARNING] [HEALTH] negative_momentum ticks=-241.50
[08:45:12.572] [OK] [PLAN] READY entry=80923.00 exit=80928.98 profit=0.221679 age=249ms
[08:45:12.817] [WARNING] [HEALTH] block falling_market bid_ticks=0.00 mid_ticks=-5.00
[08:45:12.819] [WARNING] [EXEC] BLOCK_BUY reason=market_health_bad mode=FAST ws_age=280 spread=7.88 stable=3/1 mid_delta=-5.00 bid_delta=0.00
[08:45:13.330] [INFO] [EXEC] SELL ACCOUNTING RESET new_cycle
[08:45:13.334] [OK] [EXEC] BUY ORDER SENT orderId=384903057 price=80923.64 qty=0.037070
[08:45:13.337] [OK] [EXEC] PLACE BUY price=80923.64 qty=0.037070
[08:45:18.334] [WARNING] [EXEC] BUY TIMEOUT orderId=384903057
[08:45:18.337] [WARNING] [EXEC] CANCEL BUY orderId=384903057
[08:45:19.100] [OK] [EXEC] BUY CANCELED confirmed
[08:45:19.362] [INFO] [EXEC] BUY FINAL STATUS status=CANCELED orderId=384903057
[08:45:19.363] [WARNING] [EXEC] BLOCK reason=buy_not_filled
[08:45:19.697] [INFO] [HEALTH] state=GOOD
[08:45:19.954] [INFO] [EXEC] SELL ACCOUNTING RESET new_cycle
[08:45:19.956] [OK] [EXEC] BUY ORDER SENT orderId=384903142 price=80929.04 qty=0.037060
[08:45:19.957] [OK] [EXEC] PLACE BUY price=80929.04 qty=0.037060
[08:45:19.958] [OK] [PLAN] READY entry=80929.04 exit=80935.26 profit=0.230513 age=1622ms
[08:45:21.837] [OK] [EXEC] BUY FILL UPDATE delta=0.037060 avg=80929.04
[08:45:21.841] [OK] [EXEC] CHUNK ADD qty=0.037060 entry=80929.04
[08:45:21.842] [INFO] [EXEC] CHUNK COUNT n=1
[08:45:21.843] [OK] [EXEC] INVENTORY qty=0.037060
[08:45:21.844] [OK] [EXEC] SELL REQUIRED inventory=0.037060
[08:45:21.845] [OK] [EXEC] BUY PARTIAL delta=0.037060 total=0.037060
[08:45:21.846] [OK] [EXEC] BUY REMAINING qty=0.000000
[08:45:21.847] [OK] [EXEC] BUY FILLED id=384903142
[08:45:23.202] [OK] [SYNC] order filled detected
[08:45:23.205] [OK] [SYNC] BUY filled on exchange
[08:45:23.728] [INFO] [EXEC] SELL CHECK inventory=0.037060 reported=0.000000 remaining=0.037060 chunks=1
[08:45:23.731] [OK] [EXEC] PLACE SELL price=80932.45 qty=0.037060
[08:45:24.012] [OK] [EXEC] SELL ORDER SENT orderId=384903234
[08:45:24.018] [OK] [PLAN] HOT entry=80923.00 exit=80932.45 profit=0.350311 age=5132ms
[08:45:24.324] [OK] [SYNC] order filled detected
[08:45:24.327] [OK] [SYNC] SELL filled on exchange
[08:45:24.327] [OK] [EXEC] FIFO CLOSE qty=0.037060 entry=80929.04 exit=80932.45 pnl=+0.126375
[08:45:24.329] [INFO] [EXEC] CHUNK DRAINED
[08:45:24.330] [OK] [EXEC] REALIZED pnl=+0.126375
[08:45:24.331] [INFO] [EXEC] SELL ACCOUNTING RESET flat
[08:45:24.332] [OK] [EXEC] CYCLE CLOSED pnl=+0.126375
[08:45:24.333] [INFO] [EXEC] SESSION realized=+0.038172 wins=4 losses=1
[08:45:24.808] [INFO] [HEALTH] state=GOOD
[08:45:25.079] [INFO] [EXEC] SELL ACCOUNTING RESET new_cycle
[08:45:25.082] [OK] [EXEC] BUY ORDER SENT orderId=384903266 price=80926.69 qty=0.037070
[08:45:25.085] [OK] [EXEC] PLACE BUY price=80926.69 qty=0.037070
[08:45:26.224] [OK] [PLAN] HOT entry=80940.45 exit=80948.99 profit=0.316492 age=1155ms
[08:45:26.858] [INFO] [EXEC] ENTRY_REPRICE reason=bid_moved_up old=80926.69 new=80945.36 count=1
[08:45:27.389] [OK] [EXEC] ENTRY_PLACE price=80945.36 qty=0.037070
[08:45:27.395] [OK] [PLAN] READY entry=80946.35 exit=80951.77 profit=0.200865 age=1768ms
[08:45:29.959] [WARNING] [EXEC] BUY TIMEOUT orderId=384903431
[08:45:29.962] [WARNING] [EXEC] CANCEL BUY orderId=384903431
[08:45:30.229] [OK] [EXEC] BUY CANCELED confirmed
[08:45:30.491] [INFO] [EXEC] BUY FINAL STATUS status=CANCELED orderId=384903431
[08:45:30.495] [WARNING] [EXEC] BLOCK reason=buy_not_filled
[08:45:30.849] [INFO] [HEALTH] state=GOOD
[08:45:31.111] [INFO] [EXEC] SELL ACCOUNTING RESET new_cycle
[08:45:31.115] [OK] [EXEC] BUY ORDER SENT orderId=384903540 price=80947.33 qty=0.037060
[08:45:31.117] [OK] [EXEC] PLACE BUY price=80947.33 qty=0.037060
[08:45:31.121] [OK] [PLAN] READY entry=80947.33 exit=80952.99 profit=0.209760 age=1153ms
[08:45:32.628] [INFO] [EXEC] ENTRY_REPRICE reason=bid_moved_up old=80947.33 new=80955.86 count=1
[08:45:33.148] [OK] [EXEC] ENTRY_PLACE price=80955.86 qty=0.037060
[08:45:33.754] [OK] [SYNC] order filled detected
[08:45:33.756] [OK] [SYNC] BUY filled on exchange
[08:45:33.757] [OK] [EXEC] BUY FILL UPDATE delta=0.037060 avg=80955.86
[08:45:33.759] [OK] [EXEC] CHUNK ADD qty=0.037060 entry=80955.86
[08:45:33.760] [INFO] [EXEC] CHUNK COUNT n=1
[08:45:33.762] [OK] [EXEC] INVENTORY qty=0.037060
[08:45:33.763] [OK] [EXEC] SELL REQUIRED inventory=0.037060
[08:45:33.764] [WARNING] [EXEC] SELL_QTY_CLAMP inventory=0.037060 free=0.030917 final=0.030917
[08:45:34.291] [INFO] [EXEC] SELL CHECK inventory=0.037060 reported=0.000000 remaining=0.037060 chunks=1
[08:45:34.293] [OK] [EXEC] PLACE SELL price=80960.98 qty=0.037060
[08:45:34.556] [OK] [EXEC] SELL ORDER SENT orderId=384903688
[08:45:35.749] [WARNING] [EXEC] TAKER_EXIT_TRIGGER reason=timeout_after_ms age=1196 qty=0.037060
[08:45:35.753] [WARNING] [EXEC] TAKER_EXIT_CANCEL_MAKER orderId=384903688
[08:45:36.796] [WARNING] [EXEC] TAKER_EXIT_ORDER_SENT id=384903829 price=80946.79 qty=0.037060
[08:45:36.800] [OK] [PLAN] READY entry=80947.90 exit=80952.99 profit=0.188635 age=626ms
[08:45:37.896] [WARNING] [SYNC] desync fixed
[08:45:37.900] [INFO] [EXEC] EXIT RECOVERY inventory_no_sell qty=0.037060
[08:45:38.436] [INFO] [EXEC] SELL CHECK inventory=0.037060 reported=0.000000 remaining=0.037060 chunks=1
[08:45:38.439] [OK] [EXEC] PLACE SELL price=80955.89 qty=0.037060
[08:45:38.702] [OK] [EXEC] SELL ORDER SENT orderId=384903860
[08:45:41.282] [WARNING] [EXEC] EXIT_FAIL reason=taker_force_flat_failed force_exit
[08:45:41.285] [WARNING] [EXEC] CANCEL SELL orderId=384903860 reason=taker_force_flat_failed
[08:45:41.807] [WARNING] [EXEC] PANIC EXIT taker_force_flat_failed
[08:45:42.073] [WARNING] [EXEC] FORCE EXIT price=80949.20
[08:45:42.076] [OK] [EXEC] PLACE SELL price=80949.20 qty=0.037060
[08:45:42.335] [WARNING] [EXEC] PANIC START price=80949.20
[08:45:42.338] [OK] [EXEC] SELL ORDER SENT orderId=384903992
[08:45:43.152] [WARNING] [EXEC] SELL_QTY_CLAMP inventory=0.037060 free=0.030917 final=0.030917
[08:45:49.370] [OK] [PLAN] READY entry=80935.05 exit=80940.25 profit=0.192712 age=633ms
[08:45:50.006] [WARNING] [EXEC] SELL_QTY_CLAMP inventory=0.037060 free=0.030917 final=0.030917
[08:45:50.894] [OK] [EXEC] FIFO CLOSE qty=0.037060 entry=80955.86 exit=80949.20 pnl=-0.246820
[08:45:50.897] [INFO] [EXEC] CHUNK DRAINED
[08:45:50.900] [OK] [EXEC] REALIZED pnl=-0.246820
[08:45:50.902] [INFO] [EXEC] SELL ACCOUNTING RESET flat
[08:45:50.905] [OK] [EXEC] CYCLE CLOSED pnl=-0.246820
[08:45:50.906] [INFO] [EXEC] SESSION realized=-0.208648 wins=4 losses=2
[08:45:50.908] [OK] [EXEC] EXIT_FILLED
[08:45:50.909] [INFO] [EXEC] SELL ACCOUNTING RESET flat
[08:45:50.910] [INFO] [EXEC] CYCLE SKIP no_fifo_pnl
[08:45:50.911] [OK] [EXEC] SELL FILLED id=384903992
[08:45:50.912] [OK] [EXEC] SELL FILLED qty=0.037060 remaining=0.000000
[08:45:50.913] [INFO] [EXEC] SELL ACCOUNTING RESET inventory_drained
[08:45:50.914] [INFO] [EXEC] INVENTORY DRAINED epsilon_cleanup qty=0.000000
[08:45:50.915] [INFO] [EXEC] SELL ACCOUNTING RESET flat
[08:45:50.916] [INFO] [EXEC] CYCLE SKIP no_fifo_pnl
[08:45:51.371] [INFO] [HEALTH] state=GOOD
[08:45:51.372] [WARNING] [EXEC] BLOCK_BUY reason=cooldown_loss_cycle mode=FAST ws_age=234 spread=7.13 stable=1/1 mid_delta=0.00 bid_delta=0.00
[08:45:52.382] [INFO] [EXEC] SELL ACCOUNTING RESET new_cycle
[08:45:52.385] [OK] [EXEC] BUY ORDER SENT orderId=384904348 price=80953.35 qty=0.037050
[08:45:52.388] [OK] [EXEC] PLACE BUY price=80953.35 qty=0.037050
[08:45:53.635] [OK] [SYNC] order filled detected
[08:45:53.638] [OK] [SYNC] BUY filled on exchange
[08:45:53.639] [OK] [EXEC] BUY FILL UPDATE delta=0.037050 avg=80953.35
[08:45:53.642] [OK] [EXEC] CHUNK ADD qty=0.037050 entry=80953.35
[08:45:53.644] [INFO] [EXEC] CHUNK COUNT n=1
[08:45:53.646] [OK] [EXEC] INVENTORY qty=0.037050
[08:45:53.648] [OK] [EXEC] SELL REQUIRED inventory=0.037050
[08:45:53.649] [WARNING] [EXEC] SELL_QTY_CLAMP inventory=0.037050 free=0.030917 final=0.030917
[08:45:54.168] [INFO] [EXEC] SELL CHECK inventory=0.037050 reported=0.000000 remaining=0.037040 chunks=1
[08:45:54.171] [OK] [EXEC] PLACE SELL price=80962.85 qty=0.037040
[08:45:54.432] [OK] [EXEC] SELL ORDER SENT orderId=384904430
[08:45:55.019] [INFO] [EXEC] SELL UPSIZE old=0.037040 new=0.037050
[08:45:55.023] [WARNING] [EXEC] SELL TIMEOUT orderId=384904430
[08:45:55.026] [WARNING] [EXEC] CANCEL SELL orderId=384904430
[08:45:55.549] [INFO] [EXEC] SELL FINAL STATUS status=CANCELED orderId=384904430
[08:45:55.551] [INFO] [EXEC] SELL TIMEOUT check fast_exit
[08:45:55.552] [INFO] [EXEC] FAST SAFE EXIT price=80955.31 entry=80953.35 bid=80955.30
[08:45:55.553] [WARNING] [EXEC] FAST_SAFE_EXIT_EXECUTE price=80955.31 qty=0.037050
[08:45:55.555] [WARNING] [EXEC] TAKER_EXIT_TRIGGER reason=fast_safe_exit age=589 qty=0.037050
[08:45:55.557] [WARNING] [EXEC] TAKER_EXIT_CANCEL_MAKER orderId=384904430
[08:45:56.620] [WARNING] [EXEC] TAKER_EXIT_ORDER_SENT id=384904448 price=80955.20 qty=0.037040
[08:45:57.277] [WARNING] [SYNC] desync fixed
[08:45:57.281] [INFO] [EXEC] EXIT RECOVERY inventory_no_sell qty=0.037050
[08:45:57.807] [INFO] [EXEC] SELL CHECK inventory=0.037050 reported=0.000000 remaining=0.037040 chunks=1
[08:45:57.809] [OK] [EXEC] PLACE SELL price=80960.34 qty=0.037040
[08:45:58.069] [OK] [EXEC] SELL ORDER SENT orderId=384904532
[08:45:59.449] [OK] [PLAN] HOT entry=80947.00 exit=80957.98 profit=0.406919 age=776ms
[08:46:00.426] [WARNING] [EXEC] EXIT_FAIL reason=taker_force_flat_failed force_exit
[08:46:00.430] [WARNING] [EXEC] CANCEL SELL orderId=384904532 reason=taker_force_flat_failed
[08:46:00.954] [WARNING] [EXEC] PANIC EXIT taker_force_flat_failed
[08:46:01.218] [WARNING] [EXEC] FORCE EXIT price=80951.29
[08:46:01.220] [OK] [EXEC] PLACE SELL price=80951.29 qty=0.037040
[08:46:01.490] [WARNING] [EXEC] PANIC START price=80951.29
[08:46:01.495] [OK] [EXEC] SELL ORDER SENT orderId=384904674
[08:46:02.630] [WARNING] [EXEC] SELL_QTY_CLAMP inventory=0.037050 free=0.030927 final=0.030927
[08:46:03.524] [OK] [SYNC] order filled detected
[08:46:03.527] [OK] [SYNC] SELL filled on exchange
[08:46:03.528] [OK] [EXEC] FIFO CLOSE qty=0.037040 entry=80953.35 exit=80951.29 pnl=-0.076302
[08:46:03.531] [INFO] [EXEC] CHUNK DRAINED
[08:46:03.533] [OK] [EXEC] REALIZED pnl=-0.076302
[08:46:03.535] [INFO] [EXEC] SELL ACCOUNTING RESET flat
[08:46:03.537] [OK] [EXEC] CYCLE CLOSED pnl=-0.076302
[08:46:03.538] [INFO] [EXEC] SESSION realized=-0.284950 wins=4 losses=3
[08:46:06.380] [INFO] [HEALTH] state=GOOD
[08:46:06.641] [INFO] [EXEC] SELL ACCOUNTING RESET new_cycle
[08:46:06.645] [OK] [EXEC] BUY ORDER SENT orderId=384904791 price=80944.91 qty=0.037060
[08:46:06.647] [OK] [EXEC] PLACE BUY price=80944.91 qty=0.037060
[08:46:08.164] [INFO] [EXEC] ENTRY_REPRICE reason=bid_moved_up old=80944.91 new=80946.01 count=1
[08:46:08.703] [OK] [EXEC] ENTRY_PLACE price=80946.01 qty=0.037060
[08:46:09.569] [INFO] [EXEC] ENTRY_REPRICE reason=bid_moved_up old=80946.01 new=80946.39 count=2
[08:46:10.142] [OK] [EXEC] ENTRY_PLACE price=80946.39 qty=0.037060
[08:46:10.505] [OK] [SYNC] order filled detected
[08:46:10.507] [OK] [SYNC] BUY filled on exchange
[08:46:10.508] [OK] [EXEC] BUY FILL UPDATE delta=0.037060 avg=80945.12
[08:46:10.511] [OK] [EXEC] CHUNK ADD qty=0.037060 entry=80945.12
[08:46:10.513] [INFO] [EXEC] CHUNK COUNT n=1
[08:46:10.515] [OK] [EXEC] INVENTORY qty=0.037060
[08:46:10.516] [OK] [EXEC] SELL REQUIRED inventory=0.037060
[08:46:10.518] [WARNING] [EXEC] SELL_QTY_CLAMP inventory=0.037060 free=0.030927 final=0.030927
[08:46:11.037] [INFO] [EXEC] SELL CHECK inventory=0.037060 reported=0.000000 remaining=0.037060 chunks=1
[08:46:11.039] [OK] [EXEC] PLACE SELL price=80945.15 qty=0.037060
[08:46:11.296] [OK] [EXEC] SELL ORDER SENT orderId=384905042
[08:46:11.908] [OK] [PLAN] READY entry=80933.79 exit=80938.80 profit=0.185671 age=1120ms
[08:46:31.660] [OK] [PLAN] READY entry=80934.28 exit=80939.94 profit=0.209760 age=363ms
[08:46:41.198] [OK] [PLAN] READY entry=80926.80 exit=80932.66 profit=0.217230 age=642ms
[08:46:45.693] [OK] [PLAN] READY entry=80927.13 exit=80932.14 profit=0.185721 age=621ms
[08:46:48.714] [OK] [PLAN] READY entry=80928.58 exit=80934.24 profit=0.209760 age=900ms
[08:47:04.744] [OK] [PLAN] HOT entry=80917.80 exit=80927.38 profit=0.355131 age=885ms
[08:47:06.729] [OK] [PLAN] HOT entry=80917.49 exit=80925.19 profit=0.285439 age=1017ms
[08:47:08.220] [OK] [PLAN] READY entry=80919.14 exit=80924.89 profit=0.213152 age=2508ms
[08:47:12.740] [OK] [PLAN] READY entry=80919.41 exit=80924.84 profit=0.201290 age=611ms
[08:47:24.643] [OK] [PLAN] READY entry=80923.01 exit=80928.99 profit=0.221679 age=633ms
[08:47:31.800] [OK] [PLAN] READY entry=80919.29 exit=80924.50 profit=0.193135 age=884ms
[08:48:03.803] [OK] [PLAN] READY entry=80915.79 exit=80921.60 profit=0.215377 age=602ms
[08:48:11.689] [OK] [PLAN] HOT entry=80917.70 exit=80931.36 profit=0.506376 age=881ms
