[14:25:24.871] [OK] filters loaded
[14:25:27.077] [OK] [PLAN] READY entry=80942.66 exit=80946.64 profit=0.000716 age=822ms
[14:25:28.116] [OK] [PLAN] HOT entry=80946.15 exit=80951.98 profit=0.001049 age=1863ms
[14:25:29.647] [OK] [PLAN] READY entry=80943.20 exit=80947.05 profit=0.000693 age=3390ms
[14:25:30.625] [OK] [PLAN] HOT entry=80940.00 exit=80944.82 profit=0.000868 age=4368ms
[14:25:32.631] [OK] [PLAN] READY entry=80947.95 exit=80951.75 profit=0.000684 age=6378ms
[14:25:36.446] [OK] [PLAN] READY entry=80955.36 exit=80958.72 profit=0.000605 age=16ms
[14:25:37.174] [OK] [SETTINGS] settings saved
[14:25:41.657] [EXCHANGE] symbol=BTCU base=BTC quote=U status=TRADING permissions=[]
[14:25:41.661] [OK] START
[14:25:42.459] [INFO] [EXEC] LIVE ON
[14:25:42.459] [INFO] [EXEC] WAIT READY
[14:25:42.991] [OK] [EXEC] BUY ORDER SENT orderId=382256004 price=80964.01 qty=0.123510
[14:25:42.995] [OK] [EXEC] PLACE BUY price=80964.01 qty=0.123510
[14:25:43.002] [WS] primary url=wss://stream.binance.com:9443/ws/btcu@bookTicker
[14:25:43.003] [WS] connecting primary
[14:25:43.004] [WS] connected
[14:25:43.004] [WS] LIVE bid=80962.39 ask=80969.22
[14:25:43.279] [OK] [EXEC] BUY FILLED id=382256004
[14:25:44.288] [OK] [SYNC] order filled detected
[14:25:44.288] [OK] [SYNC] BUY filled on exchange
[14:25:44.788] [OK] [EXEC] PLACE SELL price=80968.75 qty=0.123510
[14:25:45.051] [OK] [EXEC] SELL ORDER SENT orderId=382256214
[14:25:46.194] [WARNING] [EXEC] CANCEL SELL orderId=382256214
[14:25:46.465] [ERROR] [EXEC] HARD SL triggered
[14:25:46.468] [WARNING] [EXEC] PANIC EXIT sl_mode
[14:25:46.470] [WARNING] [EXEC] FORCE EXIT price=80944.40
[14:25:46.471] [OK] [EXEC] PLACE SELL price=80944.40 qty=0.123510
[14:25:46.725] [OK] [EXEC] SELL ORDER SENT orderId=382256446
[14:25:47.757] [OK] [SYNC] order filled detected
[14:25:47.757] [OK] [SYNC] SELL filled on exchange
[14:25:47.757] [OK] [EXEC] REALIZED pnl=-2.422031
[14:25:48.522] [WS] LIVE bid=80932.79 ask=80944.02
[14:25:49.123] [OK] [EXEC] BUY ORDER SENT orderId=382256816 price=80927.00 qty=0.123560
[14:25:49.127] [OK] [EXEC] PLACE BUY price=80927.00 qty=0.123560
[14:25:49.128] [OK] [PLAN] HOT entry=80927.00 exit=80934.23 profit=0.893339 age=4069ms
[14:25:50.516] [OK] [EXEC] BUY FILLED id=382256816
[14:25:51.062] [OK] [SYNC] order filled detected
[14:25:51.062] [OK] [SYNC] BUY filled on exchange
[14:25:51.208] [OK] [EXEC] PLACE SELL price=80927.02 qty=0.123560
[14:25:51.490] [OK] [EXEC] SELL ORDER SENT orderId=382257129
[14:25:51.490] [OK] [PLAN] READY entry=80920.71 exit=80924.79 profit=0.504166 age=6420ms
[14:25:52.537] [OK] [SYNC] order filled detected
[14:25:52.537] [OK] [SYNC] SELL filled on exchange
[14:25:52.537] [OK] [EXEC] REALIZED pnl=+0.004816
[14:25:52.602] [WS] LIVE bid=80927.98 ask=80934.84
[14:25:53.722] [OK] [EXEC] BUY ORDER SENT orderId=382257230 price=80926.98 qty=0.123560
[14:25:53.726] [OK] [EXEC] PLACE BUY price=80926.98 qty=0.123560
[14:25:53.732] [OK] [PLAN] HOT entry=80926.98 exit=80934.13 profit=0.883454 age=8659ms
[14:25:55.027] [OK] [EXEC] BUY FILLED id=382257230
[14:25:55.033] [OK] [PLAN] READY entry=80928.99 exit=80932.39 profit=0.420104 age=9471ms
[14:25:55.550] [OK] [SYNC] order filled detected
[14:25:55.553] [OK] [SYNC] BUY filled on exchange
[14:25:55.602] [OK] [EXEC] PLACE SELL price=80927.50 qty=0.123560
[14:25:55.866] [OK] [EXEC] SELL ORDER SENT orderId=382257342
[14:25:56.963] [OK] [SYNC] order filled detected
[14:25:56.966] [OK] [SYNC] SELL filled on exchange
[14:25:56.966] [OK] [EXEC] REALIZED pnl=+0.064251
[14:25:57.717] [OK] [EXEC] BUY ORDER SENT orderId=382257544 price=80940.71 qty=0.123540
[14:25:57.723] [OK] [EXEC] PLACE BUY price=80940.71 qty=0.123540
[14:25:57.726] [OK] [PLAN] HOT entry=80940.71 exit=80948.00 profit=0.900607 age=12649ms
[14:25:58.741] [OK] [SYNC] order filled detected
[14:25:58.757] [OK] [SYNC] BUY filled on exchange
[14:25:58.758] [WS] LIVE bid=80931.04 ask=80941.60
[14:25:59.273] [OK] [EXEC] PLACE SELL price=80940.75 qty=0.123540
[14:25:59.554] [OK] [EXEC] SELL ORDER SENT orderId=382257672
[14:25:59.554] [OK] [PLAN] READY entry=80932.01 exit=80935.82 profit=0.470764 age=14485ms
[14:26:00.074] [OK] [SYNC] order filled detected
[14:26:00.074] [OK] [SYNC] SELL filled on exchange
[14:26:00.074] [OK] [EXEC] REALIZED pnl=+0.004942
[14:26:01.122] [OK] [EXEC] BUY ORDER SENT orderId=382257832 price=80932.00 qty=0.123560
[14:26:01.125] [OK] [EXEC] PLACE BUY price=80932.00 qty=0.123560
[14:26:01.128] [OK] [PLAN] HOT entry=80932.00 exit=80937.92 profit=0.731475 age=16072ms
[14:26:01.652] [OK] [SYNC] order filled detected
[14:26:01.655] [OK] [SYNC] BUY filled on exchange
[14:26:02.346] [OK] [EXEC] PLACE SELL price=80935.50 qty=0.123560
[14:26:03.108] [OK] [EXEC] SELL ORDER SENT orderId=382257965
[14:26:03.663] [OK] [SYNC] order filled detected
[14:26:03.663] [OK] [SYNC] SELL filled on exchange
[14:26:03.663] [OK] [EXEC] REALIZED pnl=+0.432460
[14:26:03.663] [WS] LIVE bid=80926.29 ask=80934.99
[14:26:04.083] [OK] [EXEC] BUY ORDER SENT orderId=382258034 price=80936.84 qty=0.123550
[14:26:04.087] [OK] [EXEC] PLACE BUY price=80936.84 qty=0.123550
[14:26:04.093] [OK] [PLAN] READY entry=80936.84 exit=80940.51 profit=0.453429 age=19032ms
[14:26:08.332] [WS] LIVE bid=80939.06 ask=80946.00
[14:26:09.097] [WARNING] [EXEC] BUY TIMEOUT orderId=382258034
[14:26:09.100] [WARNING] [EXEC] CANCEL BUY orderId=382258034
[14:26:09.372] [OK] [EXEC] BUY CANCELED confirmed
[14:26:09.635] [INFO] [EXEC] BUY FINAL STATUS status=CANCELED orderId=382258034
[14:26:09.637] [WARNING] [EXEC] BLOCK reason=buy_not_filled
[14:26:10.363] [OK] [EXEC] BUY ORDER SENT orderId=382258415 price=80950.91 qty=0.123530
[14:26:10.366] [OK] [EXEC] PLACE BUY price=80950.91 qty=0.123530
[14:26:10.366] [OK] [PLAN] HOT entry=80950.91 exit=80959.99 profit=1.121652 age=1267ms
[14:26:11.388] [OK] [SYNC] order filled detected
[14:26:11.391] [OK] [SYNC] BUY filled on exchange
[14:26:11.689] [OK] [EXEC] PLACE SELL price=80950.95 qty=0.123530
[14:26:11.953] [OK] [EXEC] SELL ORDER SENT orderId=382258618
[14:26:12.919] [WS] LIVE bid=80938.01 ask=80942.46
[14:26:13.581] [WARNING] [EXEC] CANCEL SELL orderId=382258618
[14:26:13.834] [ERROR] [EXEC] HARD SL triggered
[14:26:13.834] [WARNING] [EXEC] PANIC EXIT sl_mode
[14:26:13.850] [WARNING] [EXEC] FORCE EXIT price=80941.37
[14:26:13.850] [OK] [EXEC] PLACE SELL price=80941.37 qty=0.123530
[14:26:14.100] [OK] [EXEC] SELL ORDER SENT orderId=382258770
[14:26:17.898] [WARNING] [EXEC] SELL TIMEOUT orderId=382258770
[14:26:17.898] [WARNING] [EXEC] CANCEL SELL orderId=382258770
[14:26:18.428] [INFO] [EXEC] SELL FINAL STATUS status=CANCELED orderId=382258770
[14:26:18.428] [WARNING] [EXEC] PANIC EXIT final_recover_place_sell
[14:26:18.428] [WARNING] [EXEC] PANIC EXIT panic_final_recover
[14:26:18.428] [WARNING] [EXEC] FORCE EXIT price=80937.00
[14:26:18.428] [OK] [EXEC] PLACE SELL price=80937.00 qty=0.123530
[14:26:18.693] [OK] [EXEC] SELL ORDER SENT orderId=382259142
[14:26:19.756] [OK] [SYNC] order filled detected
[14:26:19.758] [OK] [SYNC] SELL filled on exchange
[14:26:19.759] [OK] [EXEC] REALIZED pnl=-1.718302
[14:26:19.762] [WS] LIVE bid=80924.85 ask=80936.12
[14:26:20.147] [OK] [EXEC] BUY ORDER SENT orderId=382259212 price=80934.44 qty=0.123550
[14:26:20.147] [OK] [EXEC] PLACE BUY price=80934.44 qty=0.123550
[14:26:20.147] [OK] [PLAN] READY entry=80934.44 exit=80937.64 profit=0.395360 age=2226ms
[14:26:24.006] [WS] LIVE bid=80942.26 ask=80949.27
[14:26:24.550] [WARNING] [EXEC] BUY TIMEOUT orderId=382259212
[14:26:24.553] [WARNING] [EXEC] CANCEL BUY orderId=382259212
[14:26:24.815] [OK] [EXEC] BUY CANCELED confirmed
[14:26:25.079] [INFO] [EXEC] BUY FINAL STATUS status=CANCELED orderId=382259212
[14:26:25.082] [WARNING] [EXEC] BLOCK reason=buy_not_filled
[14:26:25.085] [OK] [PLAN] HOT entry=80940.01 exit=80947.98 profit=0.984614 age=6633ms
[14:26:26.960] [OK] [EXEC] BUY ORDER SENT orderId=382259650 price=80933.71 qty=0.123550
[14:26:26.967] [OK] [EXEC] PLACE BUY price=80933.71 qty=0.123550
[14:26:26.973] [OK] [PLAN] READY entry=80933.71 exit=80936.96 profit=0.401537 age=9053ms
[14:26:27.370] [OK] [EXEC] BUY FILLED id=382259650
[14:26:27.376] [OK] [PLAN] HOT entry=80925.93 exit=80935.99 profit=1.243014 age=9460ms
[14:26:28.691] [OK] [SYNC] order filled detected
[14:26:28.693] [OK] [SYNC] BUY filled on exchange
[14:26:28.698] [WS] LIVE bid=80933.67 ask=80942.25
[14:26:29.509] [OK] [EXEC] PLACE SELL price=80946.03 qty=0.123550
[14:26:29.773] [OK] [EXEC] SELL ORDER SENT orderId=382259855
[14:26:29.776] [OK] [PLAN] READY entry=80942.24 exit=80946.03 profit=0.468217 age=11869ms
[14:26:30.303] [OK] [SYNC] order filled detected
[14:26:30.303] [OK] [SYNC] SELL filled on exchange
[14:26:30.303] [OK] [EXEC] REALIZED pnl=+1.536288
[14:26:31.202] [OK] [EXEC] BUY ORDER SENT orderId=382259905 price=80943.07 qty=0.123540
[14:26:31.205] [OK] [EXEC] PLACE BUY price=80943.07 qty=0.123540
[14:26:31.726] [OK] [SYNC] order filled detected
[14:26:31.726] [OK] [SYNC] BUY filled on exchange
[14:26:32.032] [OK] [EXEC] PLACE SELL price=80946.24 qty=0.123540
[14:26:32.294] [OK] [EXEC] SELL ORDER SENT orderId=382259947
[14:26:32.299] [OK] [PLAN] HOT entry=80941.46 exit=80946.24 profit=0.590521 age=14392ms
[14:26:33.431] [WARNING] [EXEC] CANCEL SELL orderId=382259947
[14:26:33.704] [ERROR] [EXEC] HARD SL triggered
[14:26:33.709] [WARNING] [EXEC] PANIC EXIT sl_mode
[14:26:33.713] [WARNING] [EXEC] FORCE EXIT price=80947.41
[14:26:33.716] [OK] [EXEC] PLACE SELL price=80947.41 qty=0.123540
[14:26:33.974] [ERROR] [EXEC] PANIC SELL FAILED reason=Binance request failed status=400 code=-2010 msg=Account has insufficient balance for requested action. body={"code":-2010,"msg":"Account has insufficient balance for requested action."}
[14:26:34.506] [OK] [SYNC] order filled detected
[14:26:34.509] [OK] [SYNC] SELL filled on exchange
[14:26:34.509] [OK] [EXEC] REALIZED pnl=+0.391622
[14:26:34.511] [WS] LIVE bid=80939.88 ask=80950.00
[14:26:34.903] [OK] [EXEC] BUY ORDER SENT orderId=382260032 price=80942.70 qty=0.123540
[14:26:34.906] [OK] [EXEC] PLACE BUY price=80942.70 qty=0.123540
[14:26:38.235] [WS] LIVE bid=80962.00 ask=80970.00
[14:26:39.100] [WARNING] [EXEC] BUY TIMEOUT orderId=382260032
[14:26:39.115] [WARNING] [EXEC] CANCEL BUY orderId=382260032
[14:26:39.407] [OK] [EXEC] BUY CANCELED confirmed
[14:26:39.672] [INFO] [EXEC] BUY FINAL STATUS status=CANCELED orderId=382260032
[14:26:39.676] [WARNING] [EXEC] BLOCK reason=buy_not_filled
[14:26:39.678] [OK] [PLAN] READY entry=80964.00 exit=80968.00 profit=0.494040 age=2354ms
[14:26:40.646] [OK] [EXEC] BUY ORDER SENT orderId=382260413 price=80953.67 qty=0.123520
[14:26:40.646] [OK] [EXEC] PLACE BUY price=80953.67 qty=0.123520
[14:26:40.662] [OK] [PLAN] HOT entry=80953.67 exit=80967.87 profit=1.753984 age=3781ms
[14:26:41.701] [OK] [SYNC] order filled detected
[14:26:41.703] [OK] [SYNC] BUY filled on exchange
[14:26:41.850] [OK] [EXEC] PLACE SELL price=80954.15 qty=0.123520
[14:26:42.100] [OK] [EXEC] SELL ORDER SENT orderId=382260483
[14:26:43.138] [OK] [SYNC] order filled detected
[14:26:43.141] [OK] [SYNC] SELL filled on exchange
[14:26:43.142] [OK] [EXEC] REALIZED pnl=+0.059290
[14:26:43.709] [OK] [EXEC] BUY ORDER SENT orderId=382260595 price=80951.12 qty=0.123530
[14:26:43.709] [OK] [EXEC] PLACE BUY price=80951.12 qty=0.123530
[14:26:44.224] [WS] LIVE bid=80949.12 ask=80957.52
[14:26:48.312] [OK] [EXEC] BUY FILLED id=382260595
[14:26:48.838] [OK] [SYNC] order filled detected
[14:26:48.841] [OK] [SYNC] BUY filled on exchange
[14:26:48.844] [WS] LIVE bid=80940.93 ask=80955.91
[14:26:49.628] [OK] [EXEC] PLACE SELL price=80951.16 qty=0.123530
[14:26:49.894] [OK] [EXEC] SELL ORDER SENT orderId=382260925
[14:26:49.897] [OK] [PLAN] HOT entry=80942.94 exit=80950.50 profit=0.933962 age=1586ms
[14:26:51.584] [OK] [SYNC] order filled detected
[14:26:51.601] [OK] [SYNC] SELL filled on exchange
[14:26:51.602] [OK] [EXEC] REALIZED pnl=+0.003706
[14:26:52.395] [OK] [EXEC] BUY ORDER SENT orderId=382261061 price=80946.23 qty=0.123530
[14:26:52.399] [OK] [EXEC] PLACE BUY price=80946.23 qty=0.123530
[14:26:52.405] [OK] [PLAN] READY entry=80946.23 exit=80949.71 profit=0.429884 age=4076ms
[14:26:53.895] [WS] LIVE bid=80946.23 ask=80952.35
[14:26:56.406] [WARNING] [EXEC] BUY TIMEOUT orderId=382261061
[14:26:56.410] [WARNING] [EXEC] CANCEL BUY orderId=382261061
[14:26:56.686] [OK] [EXEC] BUY CANCELED confirmed
[14:26:56.949] [INFO] [EXEC] BUY FINAL STATUS status=CANCELED orderId=382261061
[14:26:56.952] [WARNING] [EXEC] BLOCK reason=buy_not_filled
[14:26:58.710] [OK] [EXEC] BUY ORDER SENT orderId=382261282 price=80948.54 qty=0.123530
[14:26:58.715] [OK] [EXEC] PLACE BUY price=80948.54 qty=0.123530
[14:26:59.083] [OK] [PLAN] HOT entry=80950.55 exit=80959.99 profit=1.166123 age=377ms
[14:26:59.085] [WS] LIVE bid=80948.55 ask=80956.91
[14:27:01.851] [OK] [SYNC] order filled detected
[14:27:01.852] [OK] [SYNC] BUY filled on exchange
[14:27:02.600] [OK] [EXEC] PLACE SELL price=80948.58 qty=0.123530
[14:27:02.877] [OK] [EXEC] SELL ORDER SENT orderId=382261523
[14:27:04.007] [WS] LIVE bid=80925.01 ask=80938.68
[14:27:04.163] [WARNING] [EXEC] CANCEL SELL orderId=382261523
[14:27:04.429] [ERROR] [EXEC] HARD SL triggered
[14:27:04.432] [WARNING] [EXEC] PANIC EXIT sl_mode
[14:27:04.434] [WARNING] [EXEC] FORCE EXIT price=80937.68
[14:27:04.435] [OK] [EXEC] PLACE SELL price=80937.68 qty=0.123530
[14:27:04.694] [OK] [EXEC] SELL ORDER SENT orderId=382261752
[14:27:06.754] [OK] [PLAN] HOT entry=80925.76 exit=80933.75 profit=0.987324 age=3889ms
[14:27:08.894] [WARNING] [EXEC] SELL TIMEOUT orderId=382261752
[14:27:08.897] [WARNING] [EXEC] CANCEL SELL orderId=382261752
[14:27:09.451] [INFO] [EXEC] SELL FINAL STATUS status=CANCELED orderId=382261752
[14:27:09.454] [WARNING] [EXEC] PANIC EXIT final_recover_place_sell
[14:27:09.455] [WARNING] [EXEC] PANIC EXIT panic_final_recover
[14:27:09.457] [WARNING] [EXEC] FORCE EXIT price=80932.18
[14:27:09.458] [OK] [EXEC] PLACE SELL price=80932.18 qty=0.123530
[14:27:09.718] [OK] [EXEC] SELL ORDER SENT orderId=382261963
[14:27:10.238] [WS] LIVE bid=80922.02 ask=80931.32
[14:27:11.040] [OK] [PLAN] READY entry=80924.00 exit=80927.55 profit=0.438673 age=8155ms
[14:27:12.468] [WARNING] [EXEC] SELL TIMEOUT orderId=382261963
[14:27:12.471] [WARNING] [EXEC] CANCEL SELL orderId=382261963
[14:27:12.994] [INFO] [EXEC] SELL FINAL STATUS status=CANCELED orderId=382261963
[14:27:12.997] [WARNING] [EXEC] PANIC EXIT final_recover_place_sell
[14:27:13.000] [WARNING] [EXEC] PANIC EXIT panic_final_recover
[14:27:13.002] [WARNING] [EXEC] FORCE EXIT price=80926.96
[14:27:13.003] [OK] [EXEC] PLACE SELL price=80926.96 qty=0.123530
[14:27:13.303] [OK] [EXEC] SELL ORDER SENT orderId=382262274
[14:27:15.117] [WS] LIVE bid=80910.01 ask=80919.30
[14:27:15.867] [WARNING] [EXEC] SELL TIMEOUT orderId=382262274
[14:27:15.871] [WARNING] [EXEC] CANCEL SELL orderId=382262274
[14:27:16.395] [INFO] [EXEC] SELL FINAL STATUS status=CANCELED orderId=382262274
[14:27:16.400] [WARNING] [EXEC] PANIC EXIT final_recover_place_sell
[14:27:16.403] [WARNING] [EXEC] PANIC EXIT panic_final_recover
[14:27:16.405] [WARNING] [EXEC] FORCE EXIT price=80920.43
[14:27:16.408] [OK] [EXEC] PLACE SELL price=80920.43 qty=0.123530
[14:27:16.663] [OK] [EXEC] SELL ORDER SENT orderId=382262566
[14:27:16.663] [OK] [PLAN] READY entry=80916.01 exit=80919.43 profit=0.422644 age=805ms
[14:27:17.689] [OK] [SYNC] order filled detected
[14:27:17.692] [OK] [SYNC] SELL filled on exchange
[14:27:17.692] [OK] [EXEC] REALIZED pnl=-3.472428
[14:27:19.310] [WS] LIVE bid=80910.00 ask=80915.88
[14:27:20.503] [OK] [EXEC] BUY ORDER SENT orderId=382262797 price=80914.14 qty=0.123580
[14:27:20.506] [OK] [EXEC] PLACE BUY price=80914.14 qty=0.123580
[14:27:21.536] [OK] [SYNC] order filled detected
[14:27:21.539] [OK] [SYNC] BUY filled on exchange
[14:27:21.794] [OK] [EXEC] PLACE SELL price=80914.18 qty=0.123580
[14:27:22.057] [OK] [EXEC] SELL ORDER SENT orderId=382262962
[14:27:24.638] [WS] LIVE bid=80900.03 ask=80908.33
[14:27:26.225] [WARNING] [EXEC] SELL TIMEOUT orderId=382262962
[14:27:26.229] [WARNING] [EXEC] CANCEL SELL orderId=382262962
[14:27:26.762] [INFO] [EXEC] SELL FINAL STATUS status=CANCELED orderId=382262962
[14:27:26.766] [WARNING] [EXEC] PANIC EXIT final_recover_place_sell
[14:27:26.767] [WARNING] [EXEC] PANIC EXIT panic_final_recover
[14:27:26.768] [WARNING] [EXEC] FORCE EXIT price=80913.00
[14:27:26.769] [OK] [EXEC] PLACE SELL price=80913.00 qty=0.123580
[14:27:27.046] [OK] [EXEC] SELL ORDER SENT orderId=382263220
[14:27:28.944] [WARNING] [EXEC] SELL TIMEOUT orderId=382263220
[14:27:28.947] [WARNING] [EXEC] CANCEL SELL orderId=382263220
[14:27:29.477] [INFO] [EXEC] SELL FINAL STATUS status=CANCELED orderId=382263220
[14:27:29.481] [WARNING] [EXEC] PANIC EXIT final_recover_place_sell
[14:27:29.482] [WARNING] [EXEC] PANIC EXIT panic_final_recover
[14:27:29.483] [WARNING] [EXEC] FORCE EXIT price=80908.13
[14:27:29.485] [OK] [EXEC] PLACE SELL price=80908.13 qty=0.123580
[14:27:29.741] [OK] [EXEC] SELL ORDER SENT orderId=382263414
[14:27:29.741] [OK] [PLAN] HOT entry=80900.01 exit=80907.13 profit=0.880032 age=1554ms
[14:27:30.789] [WS] LIVE bid=80898.00 ask=80901.87
[14:27:32.712] [WARNING] [EXEC] SELL TIMEOUT orderId=382263414
[14:27:32.715] [WARNING] [EXEC] CANCEL SELL orderId=382263414
[14:27:33.334] [INFO] [EXEC] SELL FINAL STATUS status=CANCELED orderId=382263414
[14:27:33.338] [WARNING] [EXEC] PANIC EXIT final_recover_place_sell
[14:27:33.339] [WARNING] [EXEC] PANIC EXIT panic_final_recover
[14:27:33.340] [WARNING] [EXEC] FORCE EXIT price=80899.45
[14:27:33.341] [OK] [EXEC] PLACE SELL price=80899.45 qty=0.123580
[14:27:33.604] [OK] [EXEC] SELL ORDER SENT orderId=382263689
[14:27:34.644] [WS] LIVE bid=80870.00 ask=80884.11
[14:27:34.924] [OK] [PLAN] HOT entry=80866.70 exit=80879.41 profit=1.571719 age=2215ms
[14:27:35.209] [WARNING] [EXEC] SELL TIMEOUT orderId=382263689
[14:27:35.225] [WARNING] [EXEC] CANCEL SELL orderId=382263689
[14:27:36.226] [INFO] [EXEC] SELL FINAL STATUS status=CANCELED orderId=382263689
[14:27:36.230] [WARNING] [EXEC] PANIC EXIT final_recover_place_sell
[14:27:36.232] [WARNING] [EXEC] PANIC EXIT panic_final_recover
[14:27:36.234] [WARNING] [EXEC] FORCE EXIT price=80874.61
[14:27:36.234] [OK] [EXEC] PLACE SELL price=80874.61 qty=0.123580
[14:27:36.490] [OK] [EXEC] SELL ORDER SENT orderId=382264276
[14:27:38.037] [OK] [EXEC] SELL FILLED id=382264276
[14:27:38.037] [OK] [EXEC] SELL FILLED qty=0.123580 remaining=0.000000
[14:27:38.037] [OK] [EXEC] REALIZED pnl=-4.885117
[14:27:39.288] [OK] [EXEC] BUY ORDER SENT orderId=382264450 price=80868.01 qty=0.123650
[14:27:39.303] [OK] [EXEC] PLACE BUY price=80868.01 qty=0.123650
[14:27:39.303] [OK] [PLAN] READY entry=80868.01 exit=80871.99 profit=0.492127 age=6593ms
[14:27:40.354] [WS] LIVE bid=80868.02 ask=80873.99
[14:27:41.335] [OK] [PLAN] HOT entry=80870.02 exit=80878.70 profit=1.073282 age=8608ms
[14:27:41.881] [OK] [SYNC] order filled detected
[14:27:41.896] [OK] [SYNC] BUY filled on exchange
[14:27:42.506] [OK] [EXEC] PLACE SELL price=80868.05 qty=0.123650
[14:27:42.769] [OK] [EXEC] SELL ORDER SENT orderId=382264673
[14:27:43.301] [OK] [SYNC] order filled detected
[14:27:43.304] [OK] [SYNC] SELL filled on exchange
[14:27:43.305] [OK] [EXEC] REALIZED pnl=+0.004946
[14:27:43.694] [OK] [EXEC] BUY ORDER SENT orderId=382264760 price=80869.39 qty=0.123650
[14:27:43.694] [OK] [EXEC] PLACE BUY price=80869.39 qty=0.123650
[14:27:44.741] [WS] LIVE bid=80869.40 ask=80875.85
[14:27:45.262] [OK] [EXEC] BUY FILLED id=382264760
[14:27:46.282] [OK] [SYNC] order filled detected
[14:27:46.285] [OK] [SYNC] BUY filled on exchange
[14:27:46.555] [OK] [EXEC] PLACE SELL price=80871.99 qty=0.123650
[14:27:46.821] [OK] [EXEC] SELL ORDER SENT orderId=382265144
[14:27:46.825] [OK] [PLAN] READY entry=80868.00 exit=80871.99 profit=0.493364 age=14110ms
[14:27:48.138] [WARNING] [EXEC] CANCEL SELL orderId=382265144
[14:27:48.439] [ERROR] [EXEC] HARD SL triggered
[14:27:48.443] [WARNING] [EXEC] PANIC EXIT sl_mode
[14:27:48.443] [WARNING] [EXEC] FORCE EXIT price=80852.16
[14:27:48.443] [OK] [EXEC] PLACE SELL price=80852.16 qty=0.123650
[14:27:48.710] [OK] [EXEC] SELL ORDER SENT orderId=382265440
[14:27:49.757] [WS] LIVE bid=80834.00 ask=80842.74
[14:27:53.271] [WARNING] [EXEC] SELL TIMEOUT orderId=382265440
[14:27:53.271] [WARNING] [EXEC] CANCEL SELL orderId=382265440
[14:27:54.287] [INFO] [EXEC] SELL FINAL STATUS status=CANCELED orderId=382265440
[14:27:54.303] [WARNING] [EXEC] PANIC EXIT final_recover_place_sell
[14:27:54.304] [WARNING] [EXEC] PANIC EXIT panic_final_recover
[14:27:54.305] [WARNING] [EXEC] FORCE EXIT price=80840.99
[14:27:54.306] [OK] [EXEC] PLACE SELL price=80840.99 qty=0.123650
[14:27:54.555] [OK] [EXEC] SELL ORDER SENT orderId=382265979
[14:27:55.041] [WS] LIVE bid=80809.09 ask=80823.02
[14:27:55.344] [OK] [PLAN] HOT entry=80814.20 exit=80821.40 profit=0.890928 age=22637ms
[14:27:57.804] [WARNING] [EXEC] SELL TIMEOUT orderId=382265979
[14:27:57.804] [WARNING] [EXEC] CANCEL SELL orderId=382265979
[14:27:58.333] [INFO] [EXEC] SELL FINAL STATUS status=CANCELED orderId=382265979
[14:27:58.336] [WARNING] [EXEC] PANIC EXIT final_recover_place_sell
[14:27:58.337] [WARNING] [EXEC] PANIC EXIT panic_final_recover
[14:27:58.338] [WARNING] [EXEC] FORCE EXIT price=80816.99
[14:27:58.339] [OK] [EXEC] PLACE SELL price=80816.99 qty=0.123650
[14:27:58.600] [OK] [EXEC] SELL ORDER SENT orderId=382266289
[14:27:58.600] [OK] [PLAN] READY entry=80812.01 exit=80815.99 profit=0.492485 age=24627ms
[14:27:59.412] [WS] LIVE bid=80801.00 ask=80811.23
[14:28:00.241] [OK] [PLAN] HOT entry=80797.18 exit=80807.90 profit=1.326707 age=27047ms
[14:28:01.290] [OK] [SYNC] order filled detected
[14:28:01.292] [OK] [SYNC] SELL filled on exchange
[14:28:01.293] [OK] [EXEC] REALIZED pnl=-6.479260
[14:28:01.683] [WARNING] cancel all requested
[14:28:01.686] [WARNING] STOP
[14:28:02.438] [WS] stale/lost
