[14:16:29.188] [OK] filters loaded
[14:16:31.017] [EXCHANGE] symbol=BTCU base=BTC quote=U status=TRADING permissions=[]
[14:16:31.021] [OK] START
[14:16:31.021] [INFO] [EXEC] LIVE ON
[14:16:31.021] [INFO] [EXEC] WAIT READY
[14:16:32.039] [OK] [EXEC] BUY ORDER SENT orderId=382221252 price=81132.01 qty=0.184880
[14:16:32.040] [OK] [EXEC] PLACE BUY price=81132.01 qty=0.184880
[14:16:33.040] [WS] primary url=wss://stream.binance.com:9443/ws/btcu@bookTicker
[14:16:33.041] [WS] connecting primary
[14:16:33.329] [OK] [PLAN] HOT entry=81134.48 exit=81138.98 profit=0.831915 age=2041ms
[14:16:35.953] [OK] [SYNC] order filled detected
[14:16:35.953] [OK] [SYNC] BUY filled on exchange
[14:16:36.226] [OK] [EXEC] PLACE SELL price=81143.47 qty=0.184880
[14:16:36.492] [OK] [EXEC] SELL ORDER SENT orderId=382221596
[14:16:38.457] [WARNING] [EXEC] CANCEL SELL orderId=382221596
[14:16:38.726] [ERROR] [EXEC] HARD SL triggered
[14:16:38.744] [WARNING] [EXEC] PANIC EXIT sl_mode
[14:16:38.745] [WARNING] [EXEC] FORCE EXIT price=81133.76
[14:16:38.747] [OK] [EXEC] PLACE SELL price=81133.76 qty=0.184880
[14:16:39.048] [OK] [EXEC] SELL ORDER SENT orderId=382221700
[14:16:39.595] [OK] [SYNC] order filled detected
[14:16:39.598] [OK] [SYNC] SELL filled on exchange
[14:16:39.599] [OK] [EXEC] REALIZED pnl=+0.323540
[14:16:42.860] [OK] [EXEC] BUY ORDER SENT orderId=382221982 price=81138.94 qty=0.184860
[14:16:42.864] [OK] [EXEC] PLACE BUY price=81138.94 qty=0.184860
[14:16:44.455] [OK] [PLAN] HOT entry=81138.94 exit=81147.99 profit=1.672983 age=1603ms
[14:16:45.306] [OK] [PLAN] READY entry=81145.27 exit=81148.81 profit=0.654369 age=2454ms
[14:16:47.617] [WARNING] [EXEC] BUY TIMEOUT orderId=382221982
[14:16:47.617] [WARNING] [EXEC] CANCEL BUY orderId=382221982
[14:16:47.881] [OK] [EXEC] BUY CANCELED confirmed
[14:16:48.146] [INFO] [EXEC] BUY FINAL STATUS status=CANCELED orderId=382221982
[14:16:48.146] [WARNING] [EXEC] BLOCK reason=buy_not_filled
[14:16:52.694] [WS] error [WinError 10060] Попытка установить соединение была безуспешной, т.к. от другого компьютера за требуемое время не получен нужный отклик, или было разорвано уже установленное соединение из-за неверного отклика уже подключенного компьютера
[14:16:52.694] [WS] stale/lost
[14:16:53.991] [OK] [EXEC] BUY ORDER SENT orderId=382222695 price=81158.90 qty=0.184820
[14:16:54.008] [OK] [EXEC] PLACE BUY price=81158.90 qty=0.184820
[14:16:54.054] [WS] primary url=wss://stream.binance.com:9443/ws/btcu@bookTicker
[14:16:54.055] [WS] connecting primary
[14:16:54.483] [OK] [PLAN] HOT entry=81158.90 exit=81165.45 profit=1.210571 age=484ms
[14:16:56.840] [OK] [EXEC] BUY FILLED id=382222695
[14:16:57.405] [OK] [SYNC] order filled detected
[14:16:57.408] [OK] [SYNC] BUY filled on exchange
[14:16:58.040] [OK] [EXEC] PLACE SELL price=81166.48 qty=0.184820
[14:16:58.311] [OK] [EXEC] SELL ORDER SENT orderId=382222948
[14:16:58.315] [OK] [PLAN] HOT entry=81158.43 exit=81166.48 profit=1.487801 age=1487ms
[14:16:59.272] [WARNING] [EXEC] CANCEL SELL orderId=382222948
[14:16:59.538] [ERROR] [EXEC] HARD SL triggered
[14:16:59.538] [WARNING] [EXEC] PANIC EXIT sl_mode
[14:16:59.554] [WARNING] [EXEC] FORCE EXIT price=81167.48
[14:16:59.555] [OK] [EXEC] PLACE SELL price=81167.48 qty=0.184820
[14:16:59.819] [OK] [EXEC] SELL ORDER SENT orderId=382223013
[14:17:02.397] [WARNING] [EXEC] SELL TIMEOUT orderId=382223013
[14:17:02.397] [WARNING] [EXEC] CANCEL SELL orderId=382223013
[14:17:02.963] [INFO] [EXEC] SELL FINAL STATUS status=CANCELED orderId=382223013
[14:17:02.966] [WARNING] [EXEC] PANIC EXIT final_recover_place_sell
[14:17:02.968] [WARNING] [EXEC] PANIC EXIT panic_final_recover
[14:17:02.969] [WARNING] [EXEC] FORCE EXIT price=81158.84
[14:17:02.970] [OK] [EXEC] PLACE SELL price=81158.84 qty=0.184820
[14:17:03.235] [OK] [EXEC] SELL ORDER SENT orderId=382223196
[14:17:05.236] [WARNING] [EXEC] SELL TIMEOUT orderId=382223196
[14:17:05.239] [WARNING] [EXEC] CANCEL SELL orderId=382223196
[14:17:05.772] [INFO] [EXEC] SELL FINAL STATUS status=CANCELED orderId=382223196
[14:17:05.772] [WARNING] [EXEC] PANIC EXIT final_recover_place_sell
[14:17:05.772] [WARNING] [EXEC] PANIC EXIT panic_final_recover
[14:17:05.772] [WARNING] [EXEC] FORCE EXIT price=81157.68
[14:17:05.772] [OK] [EXEC] PLACE SELL price=81157.68 qty=0.184820
[14:17:06.052] [OK] [EXEC] SELL ORDER SENT orderId=382223479
[14:17:07.728] [OK] [PLAN] HOT entry=81121.97 exit=81126.94 profit=0.918953 age=2487ms
[14:17:10.490] [WARNING] [EXEC] SELL TIMEOUT orderId=382223479
[14:17:10.494] [WARNING] [EXEC] CANCEL SELL orderId=382223479
[14:17:11.052] [INFO] [EXEC] SELL FINAL STATUS status=CANCELED orderId=382223479
[14:17:11.056] [WARNING] [EXEC] PANIC EXIT final_recover_place_sell
[14:17:11.059] [WARNING] [EXEC] PANIC EXIT panic_final_recover
[14:17:11.062] [WARNING] [EXEC] FORCE EXIT price=81130.58
[14:17:11.064] [OK] [EXEC] PLACE SELL price=81130.58 qty=0.184820
[14:17:11.334] [OK] [EXEC] SELL ORDER SENT orderId=382223911
[14:17:11.845] [OK] [EXEC] SELL FILLED id=382223911
[14:17:11.852] [OK] [EXEC] SELL FILLED qty=0.184820 remaining=0.000000
[14:17:11.853] [OK] [EXEC] REALIZED pnl=-5.234102
[14:17:14.984] [OK] [EXEC] BUY ORDER SENT orderId=382224016 price=81124.01 qty=0.184900
[14:17:14.987] [OK] [EXEC] PLACE BUY price=81124.01 qty=0.184900
[14:17:15.553] [WS] error [WinError 10060] Попытка установить соединение была безуспешной, т.к. от другого компьютера за требуемое время не получен нужный отклик, или было разорвано уже установленное соединение из-за неверного отклика уже подключенного компьютера
[14:17:15.553] [WS] stale/lost
[14:17:15.903] [OK] [PLAN] HOT entry=81124.01 exit=81135.99 profit=2.215102 age=942ms
[14:17:17.102] [WS] primary url=wss://stream.binance.com:9443/ws/btcu@bookTicker
[14:17:17.104] [WS] connecting primary
[14:17:17.460] [OK] [PLAN] READY entry=81129.53 exit=81132.99 profit=0.639685 age=2490ms
[14:17:19.522] [OK] [SYNC] order filled detected
[14:17:19.522] [OK] [SYNC] BUY filled on exchange
[14:17:19.522] [OK] [EXEC] PLACE SELL price=81132.99 qty=0.184900
[14:17:19.800] [OK] [EXEC] SELL ORDER SENT orderId=382224099
[14:17:19.805] [OK] [PLAN] HOT entry=81126.01 exit=81132.99 profit=1.290532 age=4817ms
[14:17:24.616] [WARNING] [EXEC] SELL TIMEOUT orderId=382224099
[14:17:24.620] [WARNING] [EXEC] CANCEL SELL orderId=382224099
[14:17:25.164] [INFO] [EXEC] SELL FINAL STATUS status=CANCELED orderId=382224099
[14:17:25.168] [WARNING] [EXEC] PANIC EXIT final_recover_place_sell
[14:17:25.170] [WARNING] [EXEC] PANIC EXIT panic_final_recover
[14:17:25.173] [WARNING] [EXEC] FORCE EXIT price=81120.01
[14:17:25.175] [OK] [EXEC] PLACE SELL price=81120.01 qty=0.184900
[14:17:25.443] [OK] [EXEC] SELL ORDER SENT orderId=382224374
[14:17:25.975] [OK] [SYNC] order filled detected
[14:17:25.991] [OK] [SYNC] SELL filled on exchange
[14:17:25.991] [OK] [EXEC] REALIZED pnl=-0.671101
[14:17:27.378] [OK] [EXEC] BUY ORDER SENT orderId=382224561 price=81130.15 qty=0.184880
[14:17:27.382] [OK] [EXEC] PLACE BUY price=81130.15 qty=0.184880
[14:17:27.916] [OK] [PLAN] HOT entry=81130.15 exit=81135.98 profit=1.077850 age=545ms
[14:17:29.305] [OK] [SYNC] order filled detected
[14:17:29.307] [OK] [SYNC] BUY filled on exchange
[14:17:29.841] [OK] [EXEC] PLACE SELL price=81132.55 qty=0.184880
[14:17:30.147] [OK] [EXEC] SELL ORDER SENT orderId=382224715
[14:17:30.679] [OK] [SYNC] order filled detected
[14:17:30.695] [OK] [SYNC] SELL filled on exchange
[14:17:30.695] [OK] [EXEC] REALIZED pnl=+0.443712
[14:17:31.069] [OK] [EXEC] BUY ORDER SENT orderId=382224786 price=81124.01 qty=0.184900
[14:17:31.072] [OK] [EXEC] PLACE BUY price=81124.01 qty=0.184900
[14:17:32.625] [OK] [PLAN] READY entry=81128.32 exit=81131.54 profit=0.595346 age=5248ms
[14:17:33.742] [OK] [SYNC] order filled detected
[14:17:33.742] [OK] [SYNC] BUY filled on exchange
[14:17:34.435] [OK] [EXEC] PLACE SELL price=81129.20 qty=0.184900
[14:17:34.693] [OK] [EXEC] SELL ORDER SENT orderId=382225092
[14:17:36.584] [OK] [PLAN] HOT entry=81090.84 exit=81098.44 profit=1.405772 age=9210ms
[14:17:38.631] [WS] error [WinError 10060] Попытка установить соединение была безуспешной, т.к. от другого компьютера за требуемое время не получен нужный отклик, или было разорвано уже установленное соединение из-за неверного отклика уже подключенного компьютера
[14:17:38.631] [WS] stale/lost
[14:17:39.028] [WARNING] [EXEC] SELL TIMEOUT orderId=382225092
[14:17:39.031] [WARNING] [EXEC] CANCEL SELL orderId=382225092
[14:17:39.553] [INFO] [EXEC] SELL FINAL STATUS status=CANCELED orderId=382225092
[14:17:39.553] [WARNING] [EXEC] PANIC EXIT final_recover_place_sell
[14:17:39.553] [WARNING] [EXEC] PANIC EXIT panic_final_recover
[14:17:39.553] [WARNING] [EXEC] FORCE EXIT price=81097.00
[14:17:39.553] [OK] [EXEC] PLACE SELL price=81097.00 qty=0.184900
[14:17:39.880] [OK] [EXEC] SELL ORDER SENT orderId=382225415
[14:17:41.084] [OK] [SYNC] order filled detected
[14:17:41.084] [OK] [SYNC] SELL filled on exchange
[14:17:41.084] [OK] [EXEC] REALIZED pnl=-4.989291
[14:17:41.103] [WS] primary url=wss://stream.binance.com:9443/ws/btcu@bookTicker
[14:17:41.104] [WS] connecting primary
[14:17:42.055] [OK] [EXEC] BUY ORDER SENT orderId=382225556 price=81092.01 qty=0.184970
[14:17:42.058] [OK] [EXEC] PLACE BUY price=81092.01 qty=0.184970
[14:17:43.460] [OK] [PLAN] READY entry=81099.73 exit=81103.72 profit=0.737950 age=1905ms
[14:17:46.906] [WARNING] [EXEC] BUY TIMEOUT orderId=382225556
[14:17:46.906] [WARNING] [EXEC] CANCEL BUY orderId=382225556
[14:17:47.175] [OK] [EXEC] BUY CANCELED confirmed
[14:17:47.445] [INFO] [EXEC] BUY FINAL STATUS status=CANCELED orderId=382225556
[14:17:47.448] [WARNING] [EXEC] BLOCK reason=buy_not_filled
[14:17:47.451] [OK] [PLAN] HOT entry=81094.01 exit=81100.67 profit=1.231900 age=5373ms
[14:17:49.678] [OK] [EXEC] BUY ORDER SENT orderId=382225676 price=81098.09 qty=0.184960
[14:17:49.696] [OK] [EXEC] PLACE BUY price=81098.09 qty=0.184960
[14:17:50.678] [OK] [EXEC] BUY FILLED id=382225676
[14:17:50.683] [OK] [PLAN] READY entry=81097.16 exit=81100.40 profit=0.599270 age=1000ms
[14:17:51.787] [OK] [SYNC] order filled detected
[14:17:51.790] [OK] [SYNC] BUY filled on exchange
[14:17:51.974] [OK] [EXEC] PLACE SELL price=81100.04 qty=0.184960
[14:17:52.243] [OK] [EXEC] SELL ORDER SENT orderId=382225732
[14:17:52.250] [OK] [PLAN] HOT entry=81094.37 exit=81100.04 profit=1.048723 age=2561ms
[14:17:53.336] [OK] [SYNC] order filled detected
[14:17:53.339] [OK] [SYNC] SELL filled on exchange
[14:17:53.340] [OK] [EXEC] REALIZED pnl=+0.360672
[14:17:53.788] [OK] [EXEC] BUY ORDER SENT orderId=382225769 price=81097.74 qty=0.184960
[14:17:53.788] [OK] [EXEC] PLACE BUY price=81097.74 qty=0.184960
[14:17:53.788] [OK] [PLAN] READY entry=81097.74 exit=81101.15 profit=0.630714 age=4110ms
[14:17:55.318] [OK] [SYNC] order filled detected
[14:17:55.334] [OK] [SYNC] BUY filled on exchange
[14:17:55.428] [OK] [EXEC] PLACE SELL price=81101.15 qty=0.184960
[14:17:55.694] [OK] [EXEC] SELL ORDER SENT orderId=382225781
[14:17:56.991] [WARNING] [EXEC] CANCEL SELL orderId=382225781
[14:17:57.255] [ERROR] [EXEC] HARD SL triggered
[14:17:57.258] [WARNING] [EXEC] PANIC EXIT sl_mode
[14:17:57.259] [WARNING] [EXEC] FORCE EXIT price=81100.14
[14:17:57.260] [OK] [EXEC] PLACE SELL price=81100.14 qty=0.184960
[14:17:57.523] [OK] [EXEC] SELL ORDER SENT orderId=382225862
[14:17:58.538] [OK] [SYNC] order filled detected
[14:17:58.538] [OK] [SYNC] SELL filled on exchange
[14:17:58.538] [OK] [EXEC] REALIZED pnl=+0.443904
[14:17:59.147] [OK] [EXEC] BUY ORDER SENT orderId=382226036 price=81104.75 qty=0.184940
[14:17:59.147] [OK] [EXEC] PLACE BUY price=81104.75 qty=0.184940
[14:17:59.687] [OK] [SYNC] order filled detected
[14:17:59.689] [OK] [SYNC] BUY filled on exchange
[14:18:00.475] [OK] [EXEC] PLACE SELL price=81103.85 qty=0.184940
[14:18:00.760] [OK] [EXEC] SELL ORDER SENT orderId=382226308
[14:18:00.766] [OK] [PLAN] HOT entry=81075.50 exit=81087.08 profit=2.142416 age=1586ms
[14:18:02.301] [WS] error [WinError 10060] Попытка установить соединение была безуспешной, т.к. от другого компьютера за требуемое время не получен нужный отклик, или было разорвано уже установленное соединение из-за неверного отклика уже подключенного компьютера
[14:18:02.302] [WS] stale/lost
[14:18:03.785] [WS] primary url=wss://stream.binance.com:9443/ws/btcu@bookTicker
[14:18:03.786] [WS] connecting primary
[14:18:04.663] [WARNING] [EXEC] SELL TIMEOUT orderId=382226308
[14:18:04.666] [WARNING] [EXEC] CANCEL SELL orderId=382226308
