[11:43:19.515] [OK] filters loaded
[11:43:20.888] [INFO] START_CLICK received enabled=True api_ready=True running=False
[11:43:20.888] [INFO] START_SETTINGS live_enabled=True guard_mode=FAST entry_mode=AGGRESSIVE exit_engine=True order_size=4000.0
[11:43:20.888] [INFO] START_PROFILE order_size=4000.0 min_spread=7.0 guard_mode=FAST entry_mode=AGGRESSIVE sell_timeout=2200 far_sell_ticks=30 taker_exit_after_ms=1600
[11:43:20.888] [INFO] SETTINGS_MERGE_PRESERVE existing_values=true missing_added=0
[11:43:21.354] [EXCHANGE] symbol=BTCU base=BTC quote=U status=TRADING permissions=[]
[11:43:21.370] [OK] START
[11:43:21.373] [OK] START_OK runtime_started
[11:43:21.635] [INFO] [EXEC] LIVE ON
[11:43:21.651] [INFO] [EXEC] WAIT READY
[11:43:22.131] [WS] primary url=wss://stream.binance.com:9443/ws/btcu@bookTicker
[11:43:22.131] [WS] connecting primary
[11:43:22.600] [WS] connected
[11:43:23.341] [WARNING] [HEALTH] block spread_too_young lifetime=0
[11:43:23.344] [WARNING] [HEALTH] unstable_spread lifetime=0
[11:43:23.347] [WARNING] [EXEC] BLOCK_BUY reason=spread_too_young mode=FAST ws_age=32 spread=8.48 stable=1/1 mid_delta=0.00 bid_delta=0.00
[11:43:26.635] [INFO] [EXEC] SELL ACCOUNTING RESET new_cycle
[11:43:26.638] [OK] [EXEC] BUY ORDER SENT orderId=385270459 price=80700.97 qty=0.049560
[11:43:26.640] [OK] [EXEC] PLACE BUY price=80700.97 qty=0.049560
[11:43:27.646] [INFO] [EXEC] ENTRY_REPRICE reason=bid_moved_up old=80700.97 new=80702.79 count=1
[11:43:28.175] [OK] [EXEC] ENTRY_PLACE price=80702.79 qty=0.049560
[11:43:29.134] [INFO] [EXEC] BUY_WATCHDOG_SYNC orderId=385270464 status=NEW
[11:43:29.134] [WARNING] [EXEC] BUY TIMEOUT orderId=385270464
[11:43:29.134] [WARNING] [EXEC] CANCEL BUY orderId=385270464
[11:43:29.405] [OK] [EXEC] BUY CANCELED confirmed
[11:43:29.672] [INFO] [EXEC] BUY FINAL STATUS status=CANCELED orderId=385270464
[11:43:29.675] [WARNING] [EXEC] BLOCK reason=buy_not_filled
[11:43:30.916] [INFO] [HEALTH] state=GOOD
[11:43:31.181] [INFO] [EXEC] SELL ACCOUNTING RESET new_cycle
[11:43:31.181] [OK] [EXEC] BUY ORDER SENT orderId=385270528 price=80704.93 qty=0.049560
[11:43:31.181] [OK] [EXEC] PLACE BUY price=80704.93 qty=0.049560
[11:43:31.713] [OK] [SYNC] order filled detected
[11:43:31.713] [OK] [SYNC] BUY filled on exchange
[11:43:31.713] [OK] [EXEC] BUY FILL UPDATE delta=0.049560 avg=80704.93
[11:43:31.713] [OK] [EXEC] CHUNK ADD qty=0.049560 entry=80704.93
[11:43:31.713] [INFO] [EXEC] CHUNK COUNT n=1
[11:43:31.713] [OK] [EXEC] INVENTORY qty=0.049560
[11:43:31.729] [OK] [EXEC] SELL REQUIRED inventory=0.049560
[11:43:31.926] [WARNING] [EXEC] SELL_QTY_CLAMP inventory=0.049560 free=0.001237 final=0.001237
[11:43:32.447] [INFO] [EXEC] SELL CHECK inventory=0.049560 reported=0.000000 remaining=0.049560 chunks=1
[11:43:32.447] [INFO] [EXEC] PLACE_SELL_SOURCE source=plan price=80710.66
[11:43:32.447] [OK] [EXEC] PLACE SELL price=80710.66 qty=0.049560
[11:43:32.712] [OK] [EXEC] SELL ORDER SENT orderId=385270541
[11:43:32.728] [OK] [PLAN] HOT entry=80704.93 exit=80710.66 profit=0.283979 age=1010ms
[11:43:35.228] [INFO] [EXEC] SELL_WATCHDOG_SYNC orderId=385270541 status=NEW
[11:43:35.228] [WARNING] [EXEC] TAKER_EXIT_TRIGGER reason=force_flat_after_ms age=2518 qty=0.049560
[11:43:35.228] [WARNING] [EXEC] TAKER_EXIT_CANCEL_MAKER orderId=385270541
[11:43:36.035] [INFO] [EXEC] PLACE_SELL_SOURCE source=taker price=80704.64
[11:43:36.303] [WARNING] [EXEC] TAKER_EXIT_ORDER_SENT id=385270565 price=80704.64 qty=0.049560
[11:43:36.822] [WARNING] [SYNC] desync fixed
[11:43:37.505] [WARNING] [EXEC] SELL_QTY_CLAMP inventory=0.049560 free=0.044607 final=0.044607
[11:43:37.509] [INFO] [EXEC] EXIT RECOVERY inventory_no_sell qty=0.049560
[11:43:37.509] [WARNING] [EXEC] SELL_PENDING_WITHOUT_ORDER_FIXED
[11:43:38.041] [INFO] [EXEC] SELL CHECK inventory=0.049560 reported=0.000000 remaining=0.044607 chunks=1
[11:43:38.041] [INFO] [EXEC] PLACE_SELL_SOURCE source=plan price=80710.15
[11:43:38.041] [OK] [EXEC] PLACE SELL price=80710.15 qty=0.044607
[11:43:38.291] [OK] [EXEC] SELL ORDER SENT orderId=385270634
[11:43:39.076] [OK] [SYNC] order filled detected
[11:43:39.079] [OK] [SYNC] SELL filled on exchange
[11:43:39.079] [OK] [EXEC] FIFO CLOSE qty=0.044600 entry=80704.93 exit=80710.15 pnl=+0.232812
[11:43:39.082] [OK] [EXEC] REALIZED pnl=+0.232812
[11:43:39.085] [WARNING] [EXEC] SELL ACCOUNTING STALE RESET
[11:43:39.603] [INFO] [EXEC] SELL CHECK inventory=0.004960 reported=0.000000 remaining=0.000000 chunks=1
[11:43:39.603] [WARNING] [EXEC] SELL ACCOUNTING STALE RESET
[11:43:39.603] [WARNING] [EXEC] EXIT_BLOCKED_NO_SELLABLE_QTY inventory=0.004960 free=0.000007 safe=0.000000 reason=dust_or_locked_balance
[11:43:40.620] [INFO] [EXEC] SELL CHECK inventory=0.004960 reported=0.000000 remaining=0.000000 chunks=1
[11:43:40.620] [WARNING] [EXEC] SELL ACCOUNTING STALE RESET
[11:43:40.620] [WARNING] [EXEC] EXIT_BLOCKED_NO_SELLABLE_QTY inventory=0.004960 free=0.000007 safe=0.000000 reason=dust_or_locked_balance
[11:43:41.082] [INFO] [EXEC] EXIT RECOVERY inventory_no_sell qty=0.004960
[11:43:41.347] [WARNING] [EXEC] PLACE_SELL_STUCK_RECOVERY qty=0.000000
[11:43:41.878] [INFO] [EXEC] SELL CHECK inventory=0.004960 reported=0.000000 remaining=0.000000 chunks=1
[11:43:41.879] [WARNING] [EXEC] SELL ACCOUNTING STALE RESET
[11:43:41.885] [WARNING] [EXEC] EXIT_BLOCKED_NO_SELLABLE_QTY inventory=0.004960 free=0.000007 safe=0.000000 reason=dust_or_locked_balance
[11:43:43.127] [INFO] [EXEC] SELL CHECK inventory=0.004960 reported=0.000000 remaining=0.000000 chunks=1
[11:43:43.127] [WARNING] [EXEC] SELL ACCOUNTING STALE RESET
[11:43:43.127] [WARNING] [EXEC] EXIT_BLOCKED_NO_SELLABLE_QTY inventory=0.004960 free=0.000007 safe=0.000000 reason=dust_or_locked_balance
[11:43:44.126] [INFO] [EXEC] SELL CHECK inventory=0.004960 reported=0.000000 remaining=0.000000 chunks=1
[11:43:44.142] [WARNING] [EXEC] SELL ACCOUNTING STALE RESET
[11:43:44.144] [WARNING] [EXEC] EXIT_BLOCKED_NO_SELLABLE_QTY inventory=0.004960 free=0.000007 safe=0.000000 reason=dust_or_locked_balance
[11:43:44.611] [INFO] [EXEC] EXIT RECOVERY inventory_no_sell qty=0.004960
[11:43:44.891] [WARNING] [EXEC] PLACE_SELL_STUCK_RECOVERY qty=0.000000
[11:43:45.421] [INFO] [EXEC] SELL CHECK inventory=0.004960 reported=0.000000 remaining=0.000000 chunks=1
[11:43:45.424] [WARNING] [EXEC] SELL ACCOUNTING STALE RESET
[11:43:45.427] [WARNING] [EXEC] EXIT_BLOCKED_NO_SELLABLE_QTY inventory=0.004960 free=0.000007 safe=0.000000 reason=dust_or_locked_balance
[11:43:46.462] [INFO] [EXEC] SELL CHECK inventory=0.004960 reported=0.000000 remaining=0.000000 chunks=1
[11:43:46.462] [WARNING] [EXEC] SELL ACCOUNTING STALE RESET
[11:43:46.462] [WARNING] [EXEC] EXIT_BLOCKED_NO_SELLABLE_QTY inventory=0.004960 free=0.000007 safe=0.000000 reason=dust_or_locked_balance
[11:43:47.462] [INFO] [EXEC] SELL CHECK inventory=0.004960 reported=0.000000 remaining=0.000000 chunks=1
[11:43:47.478] [WARNING] [EXEC] SELL ACCOUNTING STALE RESET
[11:43:47.478] [WARNING] [EXEC] EXIT_BLOCKED_NO_SELLABLE_QTY inventory=0.004960 free=0.000007 safe=0.000000 reason=dust_or_locked_balance
[11:43:47.964] [INFO] [EXEC] EXIT RECOVERY inventory_no_sell qty=0.004960
[11:43:48.494] [INFO] [EXEC] SELL CHECK inventory=0.004960 reported=0.000000 remaining=0.000000 chunks=1
[11:43:48.494] [WARNING] [EXEC] SELL ACCOUNTING STALE RESET
[11:43:48.494] [WARNING] [EXEC] EXIT_BLOCKED_NO_SELLABLE_QTY inventory=0.004960 free=0.000007 safe=0.000000 reason=dust_or_locked_balance
[11:43:49.506] [WARNING] [EXEC] PLACE_SELL_STUCK_RECOVERY qty=0.000000
[11:43:50.038] [INFO] [EXEC] SELL CHECK inventory=0.004960 reported=0.000000 remaining=0.000000 chunks=1
[11:43:50.038] [WARNING] [EXEC] SELL ACCOUNTING STALE RESET
[11:43:50.038] [WARNING] [EXEC] EXIT_BLOCKED_NO_SELLABLE_QTY inventory=0.004960 free=0.000007 safe=0.000000 reason=dust_or_locked_balance
[11:43:51.037] [INFO] [EXEC] SELL CHECK inventory=0.004960 reported=0.000000 remaining=0.000000 chunks=1
[11:43:51.037] [WARNING] [EXEC] SELL ACCOUNTING STALE RESET
[11:43:51.037] [WARNING] [EXEC] EXIT_BLOCKED_NO_SELLABLE_QTY inventory=0.004960 free=0.000007 safe=0.000000 reason=dust_or_locked_balance
[11:43:51.322] [INFO] [EXEC] EXIT RECOVERY inventory_no_sell qty=0.004960
[11:43:51.839] [INFO] [EXEC] SELL CHECK inventory=0.004960 reported=0.000000 remaining=0.000000 chunks=1
[11:43:51.839] [WARNING] [EXEC] SELL ACCOUNTING STALE RESET
[11:43:51.856] [WARNING] [EXEC] EXIT_BLOCKED_NO_SELLABLE_QTY inventory=0.004960 free=0.000007 safe=0.000000 reason=dust_or_locked_balance
[11:43:52.838] [INFO] [EXEC] SELL CHECK inventory=0.004960 reported=0.000000 remaining=0.000000 chunks=1
[11:43:52.838] [WARNING] [EXEC] SELL ACCOUNTING STALE RESET
[11:43:52.854] [WARNING] [EXEC] EXIT_BLOCKED_NO_SELLABLE_QTY inventory=0.004960 free=0.000007 safe=0.000000 reason=dust_or_locked_balance
[11:43:53.604] [WARNING] [EXEC] PLACE_SELL_STUCK_RECOVERY qty=0.000000
[11:43:54.134] [INFO] [EXEC] SELL CHECK inventory=0.004960 reported=0.000000 remaining=0.000000 chunks=1
[11:43:54.134] [WARNING] [EXEC] SELL ACCOUNTING STALE RESET
[11:43:54.150] [WARNING] [EXEC] EXIT_BLOCKED_NO_SELLABLE_QTY inventory=0.004960 free=0.000007 safe=0.000000 reason=dust_or_locked_balance
[11:43:54.837] [INFO] [EXEC] EXIT RECOVERY inventory_no_sell qty=0.004960
[11:43:55.353] [INFO] [EXEC] SELL CHECK inventory=0.004960 reported=0.000000 remaining=0.000000 chunks=1
[11:43:55.353] [WARNING] [EXEC] SELL ACCOUNTING STALE RESET
[11:43:55.368] [WARNING] [EXEC] EXIT_BLOCKED_NO_SELLABLE_QTY inventory=0.004960 free=0.000007 safe=0.000000 reason=dust_or_locked_balance
[11:43:56.357] [INFO] [EXEC] SELL CHECK inventory=0.004960 reported=0.000000 remaining=0.000000 chunks=1
[11:43:56.361] [WARNING] [EXEC] SELL ACCOUNTING STALE RESET
[11:43:56.364] [WARNING] [EXEC] EXIT_BLOCKED_NO_SELLABLE_QTY inventory=0.004960 free=0.000007 safe=0.000000 reason=dust_or_locked_balance
[11:43:57.140] [WARNING] [EXEC] PLACE_SELL_STUCK_RECOVERY qty=0.000000
[11:43:57.665] [INFO] [EXEC] SELL CHECK inventory=0.004960 reported=0.000000 remaining=0.000000 chunks=1
[11:43:57.665] [WARNING] [EXEC] SELL ACCOUNTING STALE RESET
[11:43:57.665] [WARNING] [EXEC] EXIT_BLOCKED_NO_SELLABLE_QTY inventory=0.004960 free=0.000007 safe=0.000000 reason=dust_or_locked_balance
[11:43:58.167] [INFO] [EXEC] EXIT RECOVERY inventory_no_sell qty=0.004960
[11:43:58.697] [INFO] [EXEC] SELL CHECK inventory=0.004960 reported=0.000000 remaining=0.000000 chunks=1
[11:43:58.697] [WARNING] [EXEC] SELL ACCOUNTING STALE RESET
[11:43:58.697] [WARNING] [EXEC] EXIT_BLOCKED_NO_SELLABLE_QTY inventory=0.004960 free=0.000007 safe=0.000000 reason=dust_or_locked_balance
[11:43:59.682] [INFO] [EXEC] SELL CHECK inventory=0.004960 reported=0.000000 remaining=0.000000 chunks=1
[11:43:59.682] [WARNING] [EXEC] SELL ACCOUNTING STALE RESET
[11:43:59.698] [WARNING] [EXEC] EXIT_BLOCKED_NO_SELLABLE_QTY inventory=0.004960 free=0.000007 safe=0.000000 reason=dust_or_locked_balance
[11:44:00.848] [INFO] [EXEC] SELL CHECK inventory=0.004960 reported=0.000000 remaining=0.000000 chunks=1
[11:44:00.850] [WARNING] [EXEC] SELL ACCOUNTING STALE RESET
[11:44:00.852] [WARNING] [EXEC] EXIT_BLOCKED_NO_SELLABLE_QTY inventory=0.004960 free=0.000007 safe=0.000000 reason=dust_or_locked_balance
[11:44:01.206] [INFO] [EXEC] EXIT RECOVERY inventory_no_sell qty=0.004960
[11:44:01.463] [WARNING] [EXEC] PLACE_SELL_STUCK_RECOVERY qty=0.000000
[11:44:02.012] [INFO] [EXEC] SELL CHECK inventory=0.004960 reported=0.000000 remaining=0.000000 chunks=1
[11:44:02.012] [WARNING] [EXEC] SELL ACCOUNTING STALE RESET
[11:44:02.012] [WARNING] [EXEC] EXIT_BLOCKED_NO_SELLABLE_QTY inventory=0.004960 free=0.000007 safe=0.000000 reason=dust_or_locked_balance
[11:44:03.017] [INFO] [EXEC] SELL CHECK inventory=0.004960 reported=0.000000 remaining=0.000000 chunks=1
[11:44:03.019] [WARNING] [EXEC] SELL ACCOUNTING STALE RESET
[11:44:03.021] [WARNING] [EXEC] EXIT_BLOCKED_NO_SELLABLE_QTY inventory=0.004960 free=0.000007 safe=0.000000 reason=dust_or_locked_balance
[11:44:04.025] [INFO] [EXEC] SELL CHECK inventory=0.004960 reported=0.000000 remaining=0.000000 chunks=1
[11:44:04.025] [WARNING] [EXEC] SELL ACCOUNTING STALE RESET
[11:44:04.025] [WARNING] [EXEC] EXIT_BLOCKED_NO_SELLABLE_QTY inventory=0.004960 free=0.000007 safe=0.000000 reason=dust_or_locked_balance
[11:44:04.518] [INFO] [EXEC] EXIT RECOVERY inventory_no_sell qty=0.004960
[11:44:05.057] [INFO] [EXEC] SELL CHECK inventory=0.004960 reported=0.000000 remaining=0.000000 chunks=1
[11:44:05.062] [WARNING] [EXEC] SELL ACCOUNTING STALE RESET
[11:44:05.063] [WARNING] [EXEC] EXIT_BLOCKED_NO_SELLABLE_QTY inventory=0.004960 free=0.000007 safe=0.000000 reason=dust_or_locked_balance
[11:44:05.781] [WARNING] [EXEC] PLACE_SELL_STUCK_RECOVERY qty=0.000000
[11:44:06.322] [INFO] [EXEC] SELL CHECK inventory=0.004960 reported=0.000000 remaining=0.000000 chunks=1
[11:44:06.322] [WARNING] [EXEC] SELL ACCOUNTING STALE RESET
[11:44:06.322] [WARNING] [EXEC] EXIT_BLOCKED_NO_SELLABLE_QTY inventory=0.004960 free=0.000007 safe=0.000000 reason=dust_or_locked_balance
[11:44:07.559] [INFO] [EXEC] SELL CHECK inventory=0.004960 reported=0.000000 remaining=0.000000 chunks=1
[11:44:07.563] [WARNING] [EXEC] SELL ACCOUNTING STALE RESET
[11:44:07.566] [WARNING] [EXEC] EXIT_BLOCKED_NO_SELLABLE_QTY inventory=0.004960 free=0.000007 safe=0.000000 reason=dust_or_locked_balance
[11:44:08.042] [INFO] [EXEC] EXIT RECOVERY inventory_no_sell qty=0.004960
[11:44:08.573] [INFO] [EXEC] SELL CHECK inventory=0.004960 reported=0.000000 remaining=0.000000 chunks=1
[11:44:08.573] [WARNING] [EXEC] SELL ACCOUNTING STALE RESET
[11:44:08.573] [WARNING] [EXEC] EXIT_BLOCKED_NO_SELLABLE_QTY inventory=0.004960 free=0.000007 safe=0.000000 reason=dust_or_locked_balance
[11:44:09.338] [WARNING] [EXEC] PLACE_SELL_STUCK_RECOVERY qty=0.000000
[11:44:09.875] [INFO] [EXEC] SELL CHECK inventory=0.004960 reported=0.000000 remaining=0.000000 chunks=1
[11:44:09.875] [WARNING] [EXEC] SELL ACCOUNTING STALE RESET
[11:44:09.875] [WARNING] [EXEC] EXIT_BLOCKED_NO_SELLABLE_QTY inventory=0.004960 free=0.000007 safe=0.000000 reason=dust_or_locked_balance
[11:44:10.875] [INFO] [EXEC] SELL CHECK inventory=0.004960 reported=0.000000 remaining=0.000000 chunks=1
[11:44:10.875] [WARNING] [EXEC] SELL ACCOUNTING STALE RESET
[11:44:10.881] [WARNING] [EXEC] EXIT_BLOCKED_NO_SELLABLE_QTY inventory=0.004960 free=0.000007 safe=0.000000 reason=dust_or_locked_balance
[11:44:11.338] [INFO] [EXEC] EXIT RECOVERY inventory_no_sell qty=0.004960
[11:44:11.877] [INFO] [EXEC] SELL CHECK inventory=0.004960 reported=0.000000 remaining=0.000000 chunks=1
[11:44:11.882] [WARNING] [EXEC] SELL ACCOUNTING STALE RESET
[11:44:11.882] [WARNING] [EXEC] EXIT_BLOCKED_NO_SELLABLE_QTY inventory=0.004960 free=0.000007 safe=0.000000 reason=dust_or_locked_balance
[11:44:13.150] [INFO] [EXEC] SELL CHECK inventory=0.004960 reported=0.000000 remaining=0.000000 chunks=1
[11:44:13.165] [WARNING] [EXEC] SELL ACCOUNTING STALE RESET
[11:44:13.165] [WARNING] [EXEC] EXIT_BLOCKED_NO_SELLABLE_QTY inventory=0.004960 free=0.000007 safe=0.000000 reason=dust_or_locked_balance
[11:44:14.369] [WARNING] [EXEC] PLACE_SELL_STUCK_RECOVERY qty=0.000000
[11:44:14.906] [INFO] [EXEC] SELL CHECK inventory=0.004960 reported=0.000000 remaining=0.000000 chunks=1
[11:44:14.906] [WARNING] [EXEC] SELL ACCOUNTING STALE RESET
[11:44:14.906] [WARNING] [EXEC] EXIT_BLOCKED_NO_SELLABLE_QTY inventory=0.004960 free=0.000007 safe=0.000000 reason=dust_or_locked_balance
[11:44:15.857] [INFO] [EXEC] EXIT RECOVERY inventory_no_sell qty=0.004960
[11:44:16.370] [INFO] [EXEC] SELL CHECK inventory=0.004960 reported=0.000000 remaining=0.000000 chunks=1
[11:44:16.387] [WARNING] [EXEC] SELL ACCOUNTING STALE RESET
[11:44:16.390] [WARNING] [EXEC] EXIT_BLOCKED_NO_SELLABLE_QTY inventory=0.004960 free=0.000007 safe=0.000000 reason=dust_or_locked_balance
[11:44:17.401] [INFO] [EXEC] SELL CHECK inventory=0.004960 reported=0.000000 remaining=0.000000 chunks=1
[11:44:17.401] [WARNING] [EXEC] SELL ACCOUNTING STALE RESET
[11:44:17.401] [WARNING] [EXEC] EXIT_BLOCKED_NO_SELLABLE_QTY inventory=0.004960 free=0.000007 safe=0.000000 reason=dust_or_locked_balance
[11:44:18.147] [WARNING] [EXEC] PLACE_SELL_STUCK_RECOVERY qty=0.004950
[11:44:18.680] [INFO] [EXEC] SELL CHECK inventory=0.004960 reported=0.000000 remaining=0.004950 chunks=1
[11:44:18.683] [INFO] [EXEC] SELL_REPRICE_FRESH_APPLIED old=80710.15 new=80727.40 ask=80727.41 bid=80718.69
[11:44:18.685] [INFO] [EXEC] SELL_REPRICE_VALIDATION old=80710.15 new=80727.40 ask=80727.41 dist_ticks=0 source=fresh_snapshot
[11:44:18.687] [INFO] [EXEC] PLACE_SELL_SOURCE source=fresh_after_far_cancel price=80727.40
[11:44:18.689] [OK] [EXEC] PLACE SELL price=80727.40 qty=0.004950
[11:44:18.950] [OK] [EXEC] SELL ORDER SENT orderId=385271620
[11:44:20.166] [INFO] [EXEC] SELL_UPSIZE_SKIPPED reason=exit_or_panic_active
[11:44:21.185] [INFO] [EXEC] SELL_WATCHDOG_SYNC orderId=385271620 status=NEW
[11:44:21.187] [WARNING] [EXEC] SELL_WATCHDOG_FAR_CANCEL orderId=385271620 price=80727.40 ask=80725.30 dist_ticks=210
[11:44:21.698] [INFO] [EXEC] SELL_FAR_CANCEL_FINAL_STATUS status=CANCELED
[11:44:22.698] [INFO] [EXEC] SELL CHECK inventory=0.004960 reported=0.000000 remaining=0.004950 chunks=1
[11:44:22.700] [INFO] [EXEC] SELL_REPRICE_FRESH_APPLIED old=80727.40 new=80725.29 ask=80725.30 bid=80719.05
[11:44:22.701] [INFO] [EXEC] SELL_REPRICE_VALIDATION old=80727.40 new=80725.29 ask=80725.30 dist_ticks=0 source=fresh_snapshot
[11:44:22.702] [INFO] [EXEC] PLACE_SELL_SOURCE source=fresh_after_far_cancel price=80725.29
[11:44:22.703] [OK] [EXEC] PLACE SELL price=80725.29 qty=0.004950
[11:44:22.964] [OK] [EXEC] SELL ORDER SENT orderId=385271653
[11:44:25.858] [INFO] [EXEC] SELL_WATCHDOG_SYNC orderId=385271653 status=NEW
[11:44:25.859] [WARNING] [EXEC] EXIT_FAIL reason=taker_force_flat_failed force_exit
[11:44:25.859] [WARNING] [EXEC] CANCEL SELL orderId=385271653 reason=taker_force_flat_failed
[11:44:26.385] [WARNING] [EXEC] PANIC EXIT taker_force_flat_failed
[11:44:26.651] [WARNING] [EXEC] FORCE EXIT price=80725.27
[11:44:26.651] [INFO] [EXEC] PLACE_SELL_SOURCE source=panic price=80725.27
[11:44:26.651] [OK] [EXEC] PLACE SELL price=80725.27 qty=0.004950
