[16:33:11.381] [OK] filters loaded
[16:33:13.532] [OK] [PLAN] READY entry=81860.95 exit=81864.21 profit=0.003977 age=162ms
[16:33:14.878] [EXCHANGE] symbol=BTCU base=BTC quote=U status=TRADING permissions=[]
[16:33:14.882] [OK] START
[16:33:14.886] [INFO] [EXEC] LIVE ON
[16:33:14.889] [INFO] [EXEC] WAIT READY
[16:33:15.695] [WS] primary url=wss://stream.binance.com:9443/ws/btcu@bookTicker
[16:33:15.697] [WS] connecting primary
[16:33:15.915] [WS] connected
[16:33:16.076] [WS] LIVE bid=81855.44 ask=81861.57
[16:33:17.143] [OK] [EXEC] BUY ORDER SENT orderId=382849479 price=81853.34 qty=0.001220
[16:33:17.149] [OK] [EXEC] PLACE BUY price=81853.34 qty=0.001220
[16:33:19.410] [OK] [EXEC] CHUNK ADD qty=0.001220 entry=81853.34
[16:33:19.413] [INFO] [EXEC] CHUNK COUNT n=1
[16:33:19.415] [OK] [EXEC] BUY PARTIAL delta=0.001220 total=0.001220
[16:33:19.416] [OK] [EXEC] BUY REMAINING qty=0.000000
[16:33:19.417] [OK] [EXEC] INVENTORY qty=0.001220
[16:33:19.418] [OK] [EXEC] BUY FILLED id=382849479
[16:33:19.975] [OK] [SYNC] order filled detected
[16:33:19.978] [OK] [SYNC] BUY filled on exchange
[16:33:21.031] [OK] [EXEC] PLACE SELL price=81853.38 qty=0.001220
[16:33:21.357] [OK] [EXEC] SELL ORDER SENT orderId=382849788
[16:33:22.414] [OK] [SYNC] order filled detected
[16:33:22.418] [OK] [SYNC] SELL filled on exchange
[16:33:22.419] [OK] [EXEC] FIFO CLOSE qty=0.001220 entry=81853.34 exit=81853.37 pnl=+0.000037
[16:33:22.422] [INFO] [EXEC] CHUNK CLOSED entry=81853.34
[16:33:22.425] [OK] [EXEC] REALIZED pnl=+0.000037
[16:33:22.429] [WS] LIVE bid=81842.00 ask=81844.79
[16:33:23.800] [OK] [EXEC] BUY ORDER SENT orderId=382850051 price=81856.31 qty=0.001220
[16:33:23.803] [OK] [EXEC] PLACE BUY price=81856.31 qty=0.001220
[16:33:24.836] [OK] [SYNC] order filled detected
[16:33:24.838] [OK] [SYNC] BUY filled on exchange
[16:33:25.118] [OK] [EXEC] PLACE SELL price=81865.39 qty=0.001220
[16:33:25.405] [OK] [EXEC] SELL ORDER SENT orderId=382850179
[16:33:25.410] [OK] [PLAN] HOT entry=81858.75 exit=81865.39 profit=0.008101 age=1582ms
[16:33:27.302] [OK] [SYNC] order filled detected
[16:33:27.306] [OK] [SYNC] SELL filled on exchange
[16:33:27.307] [OK] [EXEC] REALIZED pnl=+0.000000
[16:33:27.311] [WS] LIVE bid=81858.02 ask=81861.65
[16:33:29.771] [OK] [EXEC] BUY ORDER SENT orderId=382850433 price=81860.01 qty=0.001220
[16:33:29.775] [OK] [EXEC] PLACE BUY price=81860.01 qty=0.001220
[16:33:30.913] [OK] [SYNC] order filled detected
[16:33:30.916] [OK] [SYNC] BUY filled on exchange
[16:33:31.837] [WS] LIVE bid=81845.49 ask=81852.20
[16:33:32.157] [OK] [EXEC] PLACE SELL price=81858.19 qty=0.001220
[16:33:32.427] [OK] [EXEC] SELL ORDER SENT orderId=382850760
[16:33:32.432] [OK] [PLAN] HOT entry=81847.99 exit=81852.70 profit=0.005746 age=2675ms
[16:33:33.714] [INFO] [EXEC] RECOVERY WAIT hard_sl_pending_recovery
[16:33:34.547] [OK] [SYNC] order filled detected
[16:33:34.550] [OK] [SYNC] SELL filled on exchange
[16:33:34.551] [OK] [EXEC] REALIZED pnl=+0.000000
[16:33:35.704] [OK] [EXEC] BUY ORDER SENT orderId=382851017 price=81854.68 qty=0.001220
[16:33:35.707] [OK] [EXEC] PLACE BUY price=81854.68 qty=0.001220
[16:33:37.227] [WS] LIVE bid=81858.38 ask=81865.99
[16:33:37.969] [OK] [EXEC] CHUNK ADD qty=0.001220 entry=81854.68
[16:33:37.972] [INFO] [EXEC] CHUNK COUNT n=1
[16:33:37.975] [OK] [EXEC] BUY PARTIAL delta=0.001220 total=0.001220
[16:33:37.978] [OK] [EXEC] BUY REMAINING qty=0.000000
[16:33:37.981] [OK] [EXEC] INVENTORY qty=0.001220
[16:33:37.983] [OK] [EXEC] BUY FILLED id=382851017
[16:33:38.516] [OK] [SYNC] order filled detected
[16:33:38.519] [OK] [SYNC] BUY filled on exchange
[16:33:38.532] [OK] [EXEC] PLACE SELL price=81872.42 qty=0.001220
[16:33:38.795] [OK] [EXEC] SELL ORDER SENT orderId=382851284
[16:33:38.798] [OK] [PLAN] HOT entry=81867.14 exit=81872.42 profit=0.006442 age=826ms
[16:33:41.919] [OK] [EXEC] FIFO CLOSE qty=0.001220 entry=81854.68 exit=81872.42 pnl=+0.021643
[16:33:41.922] [INFO] [EXEC] CHUNK CLOSED entry=81854.68
[16:33:41.924] [OK] [EXEC] SELL PARTIAL delta=0.001220
[16:33:41.925] [OK] [EXEC] INVENTORY remaining=0.000000
[16:33:41.926] [OK] [EXEC] SELL FILLED id=382851284
[16:33:41.927] [OK] [EXEC] SELL FILLED qty=0.001220 remaining=0.000000
[16:33:41.928] [OK] [EXEC] REALIZED pnl=+0.000000
[16:33:42.917] [WS] LIVE bid=81872.31 ask=81879.99
[16:33:44.417] [OK] [EXEC] BUY ORDER SENT orderId=382851825 price=81854.78 qty=0.001220
[16:33:44.421] [OK] [EXEC] PLACE BUY price=81854.78 qty=0.001220
[16:33:47.651] [WS] LIVE bid=81860.82 ask=81865.32
[16:33:48.490] [WARNING] [EXEC] BUY TIMEOUT orderId=382851825
[16:33:48.493] [WARNING] [EXEC] CANCEL BUY orderId=382851825
[16:33:48.754] [OK] [EXEC] BUY CANCELED confirmed
[16:33:49.030] [INFO] [EXEC] BUY FINAL STATUS status=CANCELED orderId=382851825
[16:33:49.033] [WARNING] [EXEC] BLOCK reason=buy_not_filled
[16:33:52.267] [WS] LIVE bid=81858.00 ask=81869.91
[16:33:53.355] [OK] [EXEC] BUY ORDER SENT orderId=382852439 price=81854.79 qty=0.001220
[16:33:53.358] [OK] [EXEC] PLACE BUY price=81854.79 qty=0.001220
[16:33:55.982] [OK] [SYNC] order filled detected
[16:33:55.985] [OK] [SYNC] BUY filled on exchange
[16:33:56.780] [OK] [EXEC] PLACE SELL price=81854.83 qty=0.001220
[16:33:57.066] [OK] [EXEC] SELL ORDER SENT orderId=382852608
[16:33:57.541] [WS] LIVE bid=81856.21 ask=81865.43
[16:33:57.588] [INFO] [EXEC] RECOVERY WAIT hard_sl_pending_recovery
[16:33:57.856] [OK] [EXEC] SELL PARTIAL delta=0.001220
[16:33:57.860] [OK] [EXEC] INVENTORY remaining=0.000000
[16:33:57.863] [OK] [EXEC] SELL FILLED id=382852608
[16:33:57.865] [OK] [EXEC] SELL FILLED qty=0.001220 remaining=0.000000
[16:33:57.868] [OK] [EXEC] REALIZED pnl=+0.000000
[16:34:00.560] [OK] [EXEC] BUY ORDER SENT orderId=382853030 price=81863.78 qty=0.001220
[16:34:00.562] [OK] [EXEC] PLACE BUY price=81863.78 qty=0.001220
[16:34:03.013] [WS] LIVE bid=81868.08 ask=81874.00
[16:34:05.041] [WARNING] [EXEC] BUY TIMEOUT orderId=382853030
[16:34:05.044] [WARNING] [EXEC] CANCEL BUY orderId=382853030
[16:34:05.314] [OK] [EXEC] BUY CANCELED confirmed
[16:34:05.598] [INFO] [EXEC] BUY FINAL STATUS status=CANCELED orderId=382853030
[16:34:05.602] [WARNING] [EXEC] BLOCK reason=buy_not_filled
[16:34:05.607] [OK] [PLAN] READY entry=81873.96 exit=81877.99 profit=0.004917 age=1564ms
[16:34:07.699] [WS] LIVE bid=81874.62 ask=81880.18
[16:34:10.151] [OK] [EXEC] BUY ORDER SENT orderId=382853536 price=81877.52 qty=0.001220
[16:34:10.154] [OK] [EXEC] PLACE BUY price=81877.52 qty=0.001220
[16:34:11.300] [OK] [EXEC] CHUNK ADD qty=0.000070 entry=81877.52
[16:34:11.303] [INFO] [EXEC] CHUNK COUNT n=1
[16:34:11.305] [OK] [EXEC] BUY PARTIAL delta=0.000070 total=0.000070
[16:34:11.306] [OK] [EXEC] BUY REMAINING qty=0.001150
[16:34:11.306] [OK] [EXEC] INVENTORY qty=0.000070
[16:34:11.845] [OK] [SYNC] order filled detected
[16:34:11.849] [OK] [SYNC] BUY filled on exchange
[16:34:12.370] [WS] LIVE bid=81874.00 ask=81879.23
[16:34:12.870] [OK] [EXEC] PLACE SELL price=81877.83 qty=0.001220
[16:34:13.136] [OK] [EXEC] SELL ORDER SENT orderId=382853668
[16:34:13.675] [OK] [SYNC] order filled detected
[16:34:13.679] [OK] [SYNC] SELL filled on exchange
[16:34:13.680] [OK] [EXEC] FIFO CLOSE qty=0.000070 entry=81877.52 exit=81877.83 pnl=+0.000022
[16:34:13.683] [INFO] [EXEC] CHUNK CLOSED entry=81877.52
[16:34:13.685] [OK] [EXEC] REALIZED pnl=+0.000022
[16:34:14.155] [OK] [EXEC] BUY ORDER SENT orderId=382853759 price=81876.01 qty=0.001220
[16:34:14.158] [OK] [EXEC] PLACE BUY price=81876.01 qty=0.001220
[16:34:17.935] [OK] [SYNC] order filled detected
[16:34:17.937] [OK] [SYNC] BUY filled on exchange
[16:34:17.938] [OK] [EXEC] PLACE SELL price=81888.00 qty=0.001220
[16:34:18.261] [OK] [EXEC] SELL ORDER SENT orderId=382854031
[16:34:18.268] [WS] LIVE bid=81877.27 ask=81890.00
[16:34:19.405] [INFO] [EXEC] RECOVERY WAIT hard_sl_pending_recovery
[16:34:22.210] [WARNING] [EXEC] SELL TIMEOUT orderId=382854031
[16:34:22.214] [WARNING] [EXEC] CANCEL SELL orderId=382854031
[16:34:22.759] [INFO] [EXEC] SELL FINAL STATUS status=CANCELED orderId=382854031
[16:34:22.763] [INFO] [EXEC] SELL TIMEOUT check fast_exit
[16:34:22.764] [INFO] [EXEC] FAST SAFE EXIT price=81876.05 entry=81876.01 bid=81876.04
[16:34:22.766] [WARNING] [EXEC] SELL REPRICE old=81888.00 new=81887.99 count=1
[16:34:22.767] [INFO] [EXEC] SELL REPLACE remaining=0.001220
[16:34:22.768] [OK] [EXEC] PLACE SELL price=81887.99 qty=0.001220
[16:34:23.034] [OK] [EXEC] SELL ORDER SENT orderId=382854198
[16:34:23.589] [WS] LIVE bid=81876.04 ask=81882.00
[16:34:25.909] [INFO] [EXEC] RECOVERY WAIT hard_sl_pending_recovery
[16:34:26.180] [WARNING] [EXEC] SELL TIMEOUT orderId=382854198
[16:34:26.184] [WARNING] [EXEC] CANCEL SELL orderId=382854198
[16:34:26.746] [INFO] [EXEC] SELL FINAL STATUS status=CANCELED orderId=382854198
[16:34:26.750] [INFO] [EXEC] SELL TIMEOUT check fast_exit
[16:34:26.752] [WARNING] [EXEC] FORCE EXIT hard_sl_triggered
[16:34:26.754] [ERROR] [EXEC] HARD SL triggered
[16:34:26.755] [WARNING] [EXEC] PANIC EXIT sl_mode
[16:34:26.756] [WARNING] [EXEC] FORCE EXIT price=81879.06
[16:34:26.757] [OK] [EXEC] PLACE SELL price=81879.06 qty=0.001220
[16:34:27.042] [WARNING] [EXEC] PANIC START price=81879.06
[16:34:27.045] [OK] [EXEC] SELL ORDER SENT orderId=382854403
[16:34:27.563] [WS] LIVE bid=81885.90 ask=81891.41
[16:34:27.909] [OK] [EXEC] SELL PARTIAL delta=0.001220
[16:34:27.912] [OK] [EXEC] INVENTORY remaining=0.000000
[16:34:27.914] [OK] [EXEC] SELL FILLED id=382854403
[16:34:27.915] [OK] [EXEC] SELL FILLED qty=0.001220 remaining=0.000000
[16:34:27.916] [OK] [EXEC] REALIZED pnl=+0.000000
[16:34:27.917] [OK] [EXEC] PANIC FILLED
[16:34:27.918] [INFO] [EXEC] PANIC RESET
[16:34:29.007] [OK] [EXEC] BUY ORDER SENT orderId=382854497 price=81882.13 qty=0.001220
[16:34:29.011] [OK] [EXEC] PLACE BUY price=81882.13 qty=0.001220
[16:34:29.457] [OK] [EXEC] CHUNK ADD qty=0.001220 entry=81882.13
[16:34:29.460] [INFO] [EXEC] CHUNK COUNT n=1
[16:34:29.462] [OK] [EXEC] BUY PARTIAL delta=0.001220 total=0.001220
[16:34:29.463] [OK] [EXEC] BUY REMAINING qty=0.000000
[16:34:29.464] [OK] [EXEC] INVENTORY qty=0.001220
[16:34:29.465] [OK] [EXEC] BUY FILLED id=382854497
[16:34:29.467] [OK] [PLAN] HOT entry=81876.01 exit=81885.07 profit=0.011053 age=429ms
[16:34:30.508] [OK] [SYNC] order filled detected
[16:34:30.511] [OK] [SYNC] BUY filled on exchange
[16:34:31.755] [OK] [EXEC] PLACE SELL price=81888.00 qty=0.001220
[16:34:32.024] [OK] [EXEC] SELL ORDER SENT orderId=382854737
[16:34:32.292] [INFO] [EXEC] RECOVERY WAIT hard_sl_pending_recovery
[16:34:32.560] [OK] [EXEC] FIFO CLOSE qty=0.001220 entry=81882.13 exit=81888.00 pnl=+0.007161
[16:34:32.564] [INFO] [EXEC] CHUNK CLOSED entry=81882.13
[16:34:32.567] [OK] [EXEC] SELL PARTIAL delta=0.001220
[16:34:32.570] [OK] [EXEC] INVENTORY remaining=0.000000
[16:34:32.572] [OK] [EXEC] SELL FILLED id=382854737
[16:34:32.573] [OK] [EXEC] SELL FILLED qty=0.001220 remaining=0.000000
[16:34:32.574] [OK] [EXEC] REALIZED pnl=+0.000000
[16:34:33.349] [WS] LIVE bid=81881.22 ask=81890.00
[16:34:34.278] [OK] [EXEC] BUY ORDER SENT orderId=382854937 price=81890.06 qty=0.001220
[16:34:34.281] [OK] [EXEC] PLACE BUY price=81890.06 qty=0.001220
[16:34:35.776] [OK] [PLAN] HOT entry=81893.29 exit=81904.00 profit=0.013066 age=1501ms
[16:34:37.944] [OK] [PLAN] READY entry=81895.16 exit=81898.92 profit=0.004587 age=3658ms
[16:34:37.945] [WS] LIVE bid=81892.57 ask=81900.34
[16:34:39.111] [OK] [SYNC] order filled detected
[16:34:39.114] [OK] [SYNC] BUY filled on exchange
[16:34:39.115] [OK] [EXEC] PLACE SELL price=81890.30 qty=0.001220
[16:34:39.490] [OK] [EXEC] SELL ORDER SENT orderId=382855332
[16:34:39.493] [OK] [PLAN] HOT entry=81876.01 exit=81890.30 profit=0.017434 age=5111ms
[16:34:39.790] [INFO] [EXEC] RECOVERY WAIT hard_sl_pending_recovery
[16:34:40.060] [OK] [EXEC] SELL PARTIAL delta=0.001220
[16:34:40.063] [OK] [EXEC] INVENTORY remaining=0.000000
[16:34:40.065] [OK] [EXEC] SELL FILLED id=382855332
[16:34:40.068] [OK] [EXEC] SELL FILLED qty=0.001220 remaining=0.000000
[16:34:40.070] [OK] [EXEC] REALIZED pnl=+0.000000
[16:34:41.653] [OK] [EXEC] BUY ORDER SENT orderId=382855560 price=81862.28 qty=0.001220
[16:34:41.656] [OK] [EXEC] PLACE BUY price=81862.28 qty=0.001220
[16:34:42.817] [WS] LIVE bid=81859.05 ask=81869.27
[16:34:43.202] [OK] [EXEC] CHUNK ADD qty=0.001220 entry=81862.28
[16:34:43.205] [INFO] [EXEC] CHUNK COUNT n=1
[16:34:43.207] [OK] [EXEC] BUY PARTIAL delta=0.001220 total=0.001220
[16:34:43.210] [OK] [EXEC] BUY REMAINING qty=0.000000
[16:34:43.212] [OK] [EXEC] INVENTORY qty=0.001220
[16:34:43.214] [OK] [EXEC] BUY FILLED id=382855560
[16:34:43.219] [OK] [PLAN] HOT entry=81859.36 exit=81864.71 profit=0.006527 age=1558ms
[16:34:43.751] [OK] [SYNC] order filled detected
[16:34:43.754] [OK] [SYNC] BUY filled on exchange
[16:34:44.605] [OK] [EXEC] PLACE SELL price=81864.00 qty=0.001220
[16:34:44.868] [OK] [EXEC] SELL ORDER SENT orderId=382855734
[16:34:45.689] [OK] [EXEC] FIFO CLOSE qty=0.001220 entry=81862.28 exit=81864.12 pnl=+0.002245
[16:34:45.693] [INFO] [EXEC] CHUNK CLOSED entry=81862.28
[16:34:45.694] [OK] [EXEC] SELL PARTIAL delta=0.001220
[16:34:45.695] [OK] [EXEC] INVENTORY remaining=0.000000
[16:34:45.696] [OK] [EXEC] SELL FILLED id=382855734
[16:34:45.697] [OK] [EXEC] SELL FILLED qty=0.001220 remaining=0.000000
[16:34:45.698] [OK] [EXEC] REALIZED pnl=+0.000000
[16:34:47.830] [WS] LIVE bid=81871.05 ask=81877.26
[16:34:49.143] [OK] [EXEC] BUY ORDER SENT orderId=382855911 price=81868.10 qty=0.001220
[16:34:49.146] [OK] [EXEC] PLACE BUY price=81868.10 qty=0.001220
[16:34:53.620] [OK] [SYNC] order filled detected
[16:34:53.623] [OK] [SYNC] BUY filled on exchange
[16:34:53.626] [WS] LIVE bid=81860.27 ask=81871.96
[16:34:53.873] [OK] [EXEC] PLACE SELL price=81871.99 qty=0.001220
[16:34:54.142] [OK] [EXEC] SELL ORDER SENT orderId=382856176
[16:34:55.636] [OK] [SYNC] order filled detected
[16:34:55.640] [OK] [SYNC] SELL filled on exchange
[16:34:55.641] [OK] [EXEC] REALIZED pnl=+0.000000
[16:34:57.668] [WS] LIVE bid=81885.13 ask=81890.00
[16:35:03.017] [WS] LIVE bid=81882.42 ask=81888.37
[16:35:04.199] [OK] [EXEC] BUY ORDER SENT orderId=382856760 price=81887.07 qty=0.001220
[16:35:04.203] [OK] [EXEC] PLACE BUY price=81887.07 qty=0.001220
[16:35:04.788] [OK] [SYNC] order filled detected
[16:35:04.791] [OK] [SYNC] BUY filled on exchange
[16:35:04.807] [OK] [EXEC] PLACE SELL price=81891.62 qty=0.001220
[16:35:05.151] [OK] [EXEC] SELL ORDER SENT orderId=382856789
[16:35:05.156] [OK] [PLAN] READY entry=81887.32 exit=81891.62 profit=0.005246 age=875ms
[16:35:05.705] [INFO] [EXEC] RECOVERY WAIT hard_sl_pending_recovery
[16:35:08.031] [WS] LIVE bid=81878.36 ask=81885.84
[16:35:08.986] [INFO] [EXEC] RECOVERY WAIT hard_sl_pending_recovery
[16:35:09.297] [WARNING] [EXEC] SELL TIMEOUT orderId=382856789
[16:35:09.301] [WARNING] [EXEC] CANCEL SELL orderId=382856789
[16:35:09.883] [INFO] [EXEC] SELL FINAL STATUS status=CANCELED orderId=382856789
[16:35:09.887] [INFO] [EXEC] SELL TIMEOUT check fast_exit
[16:35:09.890] [WARNING] [EXEC] FORCE EXIT hard_sl_triggered
[16:35:09.893] [ERROR] [EXEC] HARD SL triggered
[16:35:09.895] [WARNING] [EXEC] PANIC EXIT sl_mode
[16:35:09.897] [WARNING] [EXEC] FORCE EXIT price=81881.77
[16:35:09.898] [OK] [EXEC] PLACE SELL price=81881.77 qty=0.001220
[16:35:10.182] [WARNING] [EXEC] PANIC START price=81881.77
[16:35:10.185] [OK] [EXEC] SELL ORDER SENT orderId=382857113
[16:35:10.791] [OK] [SYNC] order filled detected
[16:35:10.794] [OK] [SYNC] SELL filled on exchange
[16:35:10.795] [OK] [EXEC] REALIZED pnl=+0.000000
[16:35:12.090] [OK] [EXEC] BUY ORDER SENT orderId=382857149 price=81879.61 qty=0.001220
[16:35:12.094] [OK] [EXEC] PLACE BUY price=81879.61 qty=0.001220
[16:35:12.639] [OK] [SYNC] order filled detected
[16:35:12.642] [OK] [SYNC] BUY filled on exchange
[16:35:13.218] [OK] [EXEC] PLACE SELL price=81879.65 qty=0.001220
[16:35:13.547] [OK] [EXEC] SELL ORDER SENT orderId=382857198
[16:35:14.117] [WS] LIVE bid=81874.06 ask=81879.14
[16:35:16.298] [OK] [SYNC] order filled detected
[16:35:16.301] [OK] [SYNC] SELL filled on exchange
[16:35:16.302] [OK] [EXEC] REALIZED pnl=+0.000000
[16:35:17.163] [OK] [EXEC] BUY ORDER SENT orderId=382857291 price=81880.07 qty=0.001220
[16:35:17.167] [OK] [EXEC] PLACE BUY price=81880.07 qty=0.001220
[16:35:17.926] [OK] [SYNC] order filled detected
[16:35:17.929] [OK] [SYNC] BUY filled on exchange
[16:35:18.554] [OK] [EXEC] PLACE SELL price=81880.11 qty=0.001220
[16:35:18.821] [OK] [EXEC] SELL ORDER SENT orderId=382857440
[16:35:18.825] [OK] [PLAN] HOT entry=81868.00 exit=81877.90 profit=0.012078 age=2185ms
[16:35:19.890] [WS] LIVE bid=81860.28 ask=81871.26
[16:35:20.615] [OK] [PLAN] READY entry=81860.65 exit=81864.00 profit=0.004087 age=3979ms
[16:35:22.055] [OK] [EXEC] SELL PARTIAL delta=0.001220
[16:35:22.058] [OK] [EXEC] INVENTORY remaining=0.000000
[16:35:22.060] [OK] [EXEC] SELL FILLED id=382857440
[16:35:22.061] [OK] [EXEC] SELL FILLED qty=0.001220 remaining=0.000000
[16:35:22.063] [OK] [EXEC] REALIZED pnl=+0.000000
[16:35:22.064] [OK] [EXEC] PANIC FILLED
[16:35:22.065] [INFO] [EXEC] PANIC RESET
[16:35:23.245] [OK] [EXEC] BUY ORDER SENT orderId=382857844 price=81854.79 qty=0.001220
[16:35:23.248] [OK] [EXEC] PLACE BUY price=81854.79 qty=0.001220
[16:35:23.254] [OK] [PLAN] HOT entry=81854.79 exit=81868.27 profit=0.016446 age=6561ms
[16:35:23.813] [OK] [SYNC] order filled detected
[16:35:23.816] [OK] [SYNC] BUY filled on exchange
[16:35:24.350] [WS] LIVE bid=81847.99 ask=81853.35
[16:35:24.719] [OK] [EXEC] PLACE SELL price=81854.83 qty=0.001220
[16:35:25.003] [OK] [EXEC] SELL ORDER SENT orderId=382858024
[16:35:25.008] [OK] [PLAN] READY entry=81844.83 exit=81847.86 profit=0.003697 age=8350ms
[16:35:25.746] [INFO] [EXEC] RECOVERY WAIT hard_sl_pending_recovery
[16:35:26.044] [OK] [EXEC] SELL PARTIAL delta=0.001220
[16:35:26.045] [OK] [EXEC] INVENTORY remaining=0.000000
[16:35:26.045] [OK] [EXEC] SELL FILLED id=382858024
[16:35:26.046] [OK] [EXEC] SELL FILLED qty=0.001220 remaining=0.000000
[16:35:26.047] [OK] [EXEC] REALIZED pnl=+0.000000
[16:35:26.048] [OK] [PLAN] HOT entry=81842.00 exit=81847.99 profit=0.007308 age=9377ms
[16:35:27.260] [OK] [EXEC] BUY ORDER SENT orderId=382858190 price=81844.01 qty=0.001220
[16:35:27.263] [OK] [EXEC] PLACE BUY price=81844.01 qty=0.001220
[16:35:27.269] [OK] [PLAN] READY entry=81844.01 exit=81848.00 profit=0.004868 age=10625ms
[16:35:28.824] [OK] [PLAN] HOT entry=81846.02 exit=81857.12 profit=0.013542 age=12185ms
[16:35:29.838] [WS] LIVE bid=81844.02 ask=81859.11
[16:35:30.644] [OK] [SYNC] order filled detected
[16:35:30.647] [OK] [SYNC] BUY filled on exchange
[16:35:30.926] [OK] [EXEC] PLACE SELL price=81853.31 qty=0.001220
[16:35:31.247] [OK] [EXEC] SELL ORDER SENT orderId=382858462
[16:35:32.276] [INFO] [EXEC] RECOVERY WAIT hard_sl_pending_recovery
[16:35:34.561] [WS] LIVE bid=81820.01 ask=81834.00
[16:35:35.328] [INFO] [EXEC] RECOVERY WAIT hard_sl_pending_recovery
[16:35:35.606] [OK] [EXEC] SELL PARTIAL delta=0.001220
[16:35:35.609] [OK] [EXEC] INVENTORY remaining=0.000000
[16:35:35.611] [OK] [EXEC] SELL FILLED id=382858462
[16:35:35.613] [OK] [EXEC] SELL FILLED qty=0.001220 remaining=0.000000
[16:35:35.614] [OK] [EXEC] REALIZED pnl=+0.000000
[16:35:35.617] [OK] [PLAN] READY entry=81836.20 exit=81840.00 profit=0.004636 age=18959ms
[16:35:36.344] [OK] [EXEC] BUY ORDER SENT orderId=382858945 price=81854.47 qty=0.001220
[16:35:36.348] [OK] [EXEC] PLACE BUY price=81854.47 qty=0.001220
[16:35:36.354] [OK] [PLAN] HOT entry=81854.47 exit=81863.99 profit=0.011614 age=19694ms
[16:35:37.921] [OK] [EXEC] CHUNK ADD qty=0.001220 entry=81854.47
[16:35:37.924] [INFO] [EXEC] CHUNK COUNT n=1
[16:35:37.927] [OK] [EXEC] BUY PARTIAL delta=0.001220 total=0.001220
[16:35:37.929] [OK] [EXEC] BUY REMAINING qty=0.000000
[16:35:37.932] [OK] [EXEC] INVENTORY qty=0.001220
[16:35:37.934] [OK] [EXEC] BUY FILLED id=382858945
[16:35:37.938] [OK] [PLAN] READY entry=81851.83 exit=81855.99 profit=0.005075 age=21249ms
[16:35:38.469] [OK] [SYNC] order filled detected
[16:35:38.473] [OK] [SYNC] BUY filled on exchange
[16:35:39.183] [OK] [EXEC] PLACE SELL price=81855.99 qty=0.001220
[16:35:39.455] [OK] [EXEC] SELL ORDER SENT orderId=382859006
[16:35:39.980] [OK] [SYNC] order filled detected
[16:35:39.982] [OK] [SYNC] SELL filled on exchange
[16:35:39.982] [OK] [EXEC] FIFO CLOSE qty=0.001220 entry=81854.47 exit=81855.99 pnl=+0.001854
[16:35:39.983] [INFO] [EXEC] CHUNK CLOSED entry=81854.47
[16:35:39.985] [OK] [EXEC] REALIZED pnl=+0.001854
[16:35:40.751] [WS] LIVE bid=81850.00 ask=81858.00
[16:35:42.649] [OK] [EXEC] BUY ORDER SENT orderId=382859162 price=81852.00 qty=0.001220
[16:35:42.653] [OK] [EXEC] PLACE BUY price=81852.00 qty=0.001220
[16:35:44.571] [WS] LIVE bid=81852.78 ask=81858.00
[16:35:46.801] [OK] [SYNC] order filled detected
[16:35:46.804] [OK] [SYNC] BUY filled on exchange
[16:35:46.805] [OK] [EXEC] PLACE SELL price=81856.00 qty=0.001220
[16:35:47.075] [OK] [EXEC] SELL ORDER SENT orderId=382859425
[16:35:47.890] [OK] [EXEC] SELL PARTIAL delta=0.001220
[16:35:47.892] [OK] [EXEC] INVENTORY remaining=0.000000
[16:35:47.893] [OK] [EXEC] SELL FILLED id=382859425
[16:35:47.895] [OK] [EXEC] SELL FILLED qty=0.001220 remaining=0.000000
[16:35:47.896] [OK] [EXEC] REALIZED pnl=+0.000000
[16:35:49.147] [OK] [EXEC] BUY ORDER SENT orderId=382859663 price=81866.93 qty=0.001220
[16:35:49.151] [OK] [EXEC] PLACE BUY price=81866.93 qty=0.001220
[16:35:50.721] [OK] [SYNC] order filled detected
[16:35:50.724] [OK] [SYNC] BUY filled on exchange
[16:35:50.995] [WS] LIVE bid=81866.93 ask=81874.00
[16:35:51.061] [OK] [EXEC] PLACE SELL price=81869.73 qty=0.001220
[16:35:51.326] [OK] [EXEC] SELL ORDER SENT orderId=382859821
[16:35:51.333] [OK] [PLAN] HOT entry=81863.63 exit=81869.73 profit=0.007442 age=2189ms
[16:35:53.450] [INFO] [EXEC] RECOVERY WAIT hard_sl_pending_recovery
[16:35:53.739] [OK] [PLAN] READY entry=81863.75 exit=81867.72 profit=0.004843 age=4578ms
[16:35:53.894] [INFO] [EXEC] RECOVERY WAIT hard_sl_pending_recovery
[16:35:54.209] [WARNING] [EXEC] SELL TIMEOUT orderId=382859821
[16:35:54.213] [WARNING] [EXEC] CANCEL SELL orderId=382859821
[16:35:54.766] [INFO] [EXEC] SELL FINAL STATUS status=CANCELED orderId=382859821
[16:35:54.769] [INFO] [EXEC] SELL TIMEOUT check fast_exit
[16:35:54.771] [WARNING] [EXEC] FORCE EXIT hard_sl_triggered
[16:35:54.773] [ERROR] [EXEC] HARD SL triggered
[16:35:54.776] [WARNING] [EXEC] PANIC EXIT sl_mode
[16:35:54.777] [WARNING] [EXEC] FORCE EXIT price=81868.72
[16:35:54.778] [OK] [EXEC] PLACE SELL price=81868.72 qty=0.001220
[16:35:55.071] [WARNING] [EXEC] PANIC START price=81868.72
[16:35:55.073] [OK] [EXEC] SELL ORDER SENT orderId=382859870
[16:35:55.075] [OK] [PLAN] HOT entry=81862.93 exit=81867.72 profit=0.005844 age=5022ms
[16:35:56.107] [WS] LIVE bid=81861.40 ask=81868.72
[16:35:56.660] [OK] [PLAN] READY entry=81863.36 exit=81866.71 profit=0.004087 age=7516ms
[16:35:58.226] [WARNING] [EXEC] PANIC WAIT still_open orderId=382859870
[16:35:58.230] [WARNING] [EXEC] PANIC HOLD active orderId=382859870
[16:35:59.283] [OK] [SYNC] order filled detected
[16:35:59.287] [OK] [SYNC] SELL filled on exchange
[16:35:59.288] [OK] [EXEC] REALIZED pnl=+0.000000
[16:36:00.429] [OK] [EXEC] BUY ORDER SENT orderId=382860255 price=81866.30 qty=0.001220
[16:36:00.433] [OK] [EXEC] PLACE BUY price=81866.30 qty=0.001220
[16:36:00.439] [OK] [PLAN] HOT entry=81866.30 exit=81872.22 profit=0.007222 age=11192ms
[16:36:01.273] [WS] LIVE bid=81866.00 ask=81874.22
[16:36:04.791] [WARNING] [EXEC] BUY TIMEOUT orderId=382860255
[16:36:04.796] [WARNING] [EXEC] CANCEL BUY orderId=382860255
[16:36:05.076] [OK] [EXEC] BUY CANCELED confirmed
[16:36:05.372] [INFO] [EXEC] BUY FINAL STATUS status=CANCELED orderId=382860255
[16:36:05.375] [WARNING] [EXEC] BLOCK reason=buy_not_filled
[16:36:06.651] [WS] LIVE bid=81878.22 ask=81884.23
[16:36:07.135] [OK] [EXEC] BUY ORDER SENT orderId=382860596 price=81882.54 qty=0.001220
[16:36:07.140] [OK] [EXEC] PLACE BUY price=81882.54 qty=0.001220
[16:36:11.100] [WARNING] [EXEC] BUY TIMEOUT orderId=382860596
[16:36:11.103] [WARNING] [EXEC] CANCEL BUY orderId=382860596
[16:36:11.428] [OK] [EXEC] BUY CANCELED confirmed
[16:36:11.745] [INFO] [EXEC] BUY FINAL STATUS status=CANCELED orderId=382860596
[16:36:11.749] [WARNING] [EXEC] BLOCK reason=buy_not_filled
[16:36:12.015] [WS] LIVE bid=81883.21 ask=81888.46
[16:36:15.164] [WS] LIVE bid=81884.71 ask=81889.30
[16:36:15.855] [OK] [EXEC] BUY ORDER SENT orderId=382860809 price=81884.01 qty=0.001220
[16:36:15.859] [OK] [EXEC] PLACE BUY price=81884.01 qty=0.001220
[16:36:16.941] [OK] [SYNC] order filled detected
[16:36:16.944] [OK] [SYNC] BUY filled on exchange
[16:36:17.013] [OK] [EXEC] PLACE SELL price=81884.05 qty=0.001220
[16:36:17.276] [OK] [EXEC] SELL ORDER SENT orderId=382860879
[16:36:17.282] [OK] [PLAN] HOT entry=81876.02 exit=81883.58 profit=0.009223 age=1565ms
[16:36:19.435] [OK] [SYNC] order filled detected
[16:36:19.439] [OK] [SYNC] SELL filled on exchange
[16:36:19.439] [OK] [EXEC] REALIZED pnl=+0.000000
[16:36:20.799] [OK] [EXEC] BUY ORDER SENT orderId=382860921 price=81876.02 qty=0.001220
[16:36:20.803] [OK] [EXEC] PLACE BUY price=81876.02 qty=0.001220
[16:36:21.310] [WS] LIVE bid=81874.02 ask=81887.09
[16:36:24.787] [WARNING] [EXEC] BUY TIMEOUT orderId=382860921
[16:36:24.790] [WARNING] [EXEC] CANCEL BUY orderId=382860921
[16:36:25.081] [OK] [EXEC] BUY CANCELED confirmed
[16:36:25.349] [INFO] [EXEC] BUY FINAL STATUS status=CANCELED orderId=382860921
[16:36:25.353] [WARNING] [EXEC] BLOCK reason=buy_not_filled
[16:36:26.149] [WS] LIVE bid=81880.07 ask=81885.70
[16:36:28.051] [OK] [EXEC] BUY ORDER SENT orderId=382861139 price=81876.01 qty=0.001220
[16:36:28.055] [OK] [EXEC] PLACE BUY price=81876.01 qty=0.001220
[16:36:30.429] [WS] LIVE bid=81876.01 ask=81885.37
[16:36:33.325] [OK] [SYNC] order filled detected
[16:36:33.328] [OK] [SYNC] BUY filled on exchange
[16:36:33.329] [OK] [EXEC] PLACE SELL price=81877.59 qty=0.001220
[16:36:33.626] [OK] [EXEC] SELL ORDER SENT orderId=382861346
[16:36:34.601] [OK] [EXEC] SELL PARTIAL delta=0.001220
[16:36:34.605] [OK] [EXEC] INVENTORY remaining=0.000000
[16:36:34.606] [OK] [EXEC] SELL FILLED id=382861346
[16:36:34.607] [OK] [EXEC] SELL FILLED qty=0.001220 remaining=0.000000
[16:36:34.608] [OK] [EXEC] REALIZED pnl=+0.000000
[16:36:34.609] [OK] [EXEC] PANIC FILLED
[16:36:34.610] [INFO] [EXEC] PANIC RESET
[16:36:36.347] [OK] [EXEC] BUY ORDER SENT orderId=382861467 price=81873.97 qty=0.001220
[16:36:36.351] [OK] [EXEC] PLACE BUY price=81873.97 qty=0.001220
[16:36:36.355] [WS] LIVE bid=81874.89 ask=81880.15
[16:36:37.920] [OK] [SYNC] order filled detected
[16:36:37.924] [OK] [SYNC] BUY filled on exchange
[16:36:37.925] [OK] [EXEC] PLACE SELL price=81877.01 qty=0.001220
[16:36:38.227] [OK] [EXEC] SELL ORDER SENT orderId=382861545
[16:36:39.060] [OK] [SYNC] order filled detected
[16:36:39.063] [OK] [SYNC] SELL filled on exchange
[16:36:39.063] [OK] [EXEC] REALIZED pnl=+0.000000
[16:36:39.330] [OK] [EXEC] BUY ORDER SENT orderId=382861608 price=81870.05 qty=0.001220
[16:36:39.333] [OK] [EXEC] PLACE BUY price=81870.05 qty=0.001220
[16:36:41.538] [WS] LIVE bid=81872.83 ask=81880.74
[16:36:44.043] [WARNING] [EXEC] BUY TIMEOUT orderId=382861608
[16:36:44.046] [WARNING] [EXEC] CANCEL BUY orderId=382861608
[16:36:44.327] [OK] [EXEC] BUY CANCELED confirmed
[16:36:44.642] [INFO] [EXEC] BUY FINAL STATUS status=CANCELED orderId=382861608
[16:36:44.646] [WARNING] [EXEC] BLOCK reason=buy_not_filled
[16:36:45.508] [WARNING] cancel all requested
[16:36:45.512] [WARNING] STOP
[16:36:46.300] [WS] stale/lost
[16:36:47.364] [OK] [PLAN] HOT entry=81869.21 exit=81879.99 profit=0.013152 age=427ms
[16:36:52.988] [OK] [PLAN] HOT entry=81891.81 exit=81897.29 profit=0.006686 age=445ms
[16:36:53.881] [OK] [PLAN] READY entry=81889.86 exit=81893.38 profit=0.004294 age=1339ms
[16:36:58.617] [OK] [PLAN] READY entry=81863.85 exit=81868.00 profit=0.005063 age=165ms
[16:37:03.607] [OK] [PLAN] READY entry=81860.00 exit=81863.37 profit=0.004111 age=404ms
