[13:27:57.729] [OK] filters loaded
[13:27:59.152] [OK] [PLAN] READY entry=81142.76 exit=81146.90 profit=0.255065 age=518ms
[13:27:59.973] [OK] [PLAN] HOT entry=81125.19 exit=81136.24 profit=0.681011 age=1335ms
[13:28:01.197] [OK] [PLAN] READY entry=81140.01 exit=81143.99 profit=0.245248 age=2563ms
[13:28:01.968] [OK] [PLAN] HOT entry=81123.36 exit=81129.10 profit=0.353756 age=3326ms
[13:28:06.445] [OK] [PLAN] READY entry=81144.32 exit=81147.99 profit=0.226109 age=7811ms
[13:28:07.807] [EXCHANGE] symbol=BTCU base=BTC quote=U status=TRADING permissions=[]
[13:28:07.822] [OK] START
[13:28:07.822] [INFO] [EXEC] LIVE ON
[13:28:07.822] [INFO] [EXEC] WAIT READY
[13:28:08.353] [OK] [EXEC] BUY ORDER SENT orderId=381964073 price=81144.32 qty=0.061610
[13:28:08.353] [OK] [EXEC] PLACE BUY price=81144.32 qty=0.061610
[13:28:09.384] [WS] primary url=wss://stream.binance.com:9443/ws/btcu@bookTicker
[13:28:09.384] [WS] connecting primary
[13:28:09.384] [WS] connected
[13:28:09.384] [WS] LIVE bid=81147.85 ask=81156.51
[13:28:10.697] [OK] [EXEC] BUY FILLED id=381964073
[13:28:10.822] [OK] [EXEC] PLACE SELL price=81150.11 qty=0.061610
[13:28:11.088] [OK] [EXEC] SELL ORDER SENT orderId=381964226
[13:28:11.088] [OK] [PLAN] HOT entry=81144.17 exit=81150.11 profit=0.365963 age=12188ms
[13:28:12.088] [OK] [SYNC] order filled detected
[13:28:12.088] [OK] [SYNC] SELL filled on exchange
[13:28:12.103] [OK] [EXEC] REALIZED pnl=+0.356722
[13:28:12.650] [OK] [EXEC] BUY ORDER SENT orderId=381964367 price=81148.00 qty=0.061610
[13:28:12.650] [OK] [EXEC] PLACE BUY price=81148.00 qty=0.061610
[13:28:15.228] [WS] LIVE bid=81162.77 ask=81168.33
[13:28:16.227] [OK] [EXEC] BUY FILLED id=381964367
[13:28:16.743] [OK] [SYNC] order filled detected
[13:28:16.759] [OK] [SYNC] BUY filled on exchange
[13:28:17.069] [OK] [EXEC] PLACE SELL price=81149.78 qty=0.061610
[13:28:17.326] [OK] [EXEC] SELL ORDER SENT orderId=381964671
[13:28:17.389] [WARNING] [EXEC] CANCEL SELL orderId=381964671
[13:28:17.654] [ERROR] [EXEC] HARD SL triggered
[13:28:17.654] [WARNING] [EXEC] PANIC EXIT sl_mode
[13:28:17.654] [WARNING] [EXEC] FORCE EXIT price=81151.90
[13:28:17.654] [OK] [EXEC] PLACE SELL price=81151.90 qty=0.061610
[13:28:17.922] [OK] [EXEC] SELL ORDER SENT orderId=381964704
[13:28:18.951] [OK] [SYNC] order filled detected
[13:28:18.952] [OK] [SYNC] SELL filled on exchange
[13:28:18.952] [OK] [EXEC] REALIZED pnl=+0.240279
[13:28:19.003] [WS] LIVE bid=81146.00 ask=81157.59
[13:28:20.018] [OK] [EXEC] BUY ORDER SENT orderId=381964820 price=81148.01 qty=0.061610
[13:28:20.018] [OK] [EXEC] PLACE BUY price=81148.01 qty=0.061610
[13:28:20.452] [OK] [EXEC] BUY FILLED id=381964820
[13:28:20.467] [OK] [PLAN] HOT entry=81142.03 exit=81156.64 profit=0.900268 age=439ms
[13:28:20.971] [OK] [EXEC] PLACE SELL price=81148.08 qty=0.061610
[13:28:21.234] [OK] [EXEC] SELL ORDER SENT orderId=381964949
[13:28:22.497] [WARNING] [EXEC] CANCEL SELL orderId=381964949
[13:28:22.762] [ERROR] [EXEC] HARD SL triggered
[13:28:22.762] [WARNING] [EXEC] PANIC EXIT sl_mode
[13:28:22.762] [WARNING] [EXEC] FORCE EXIT price=81147.08
[13:28:22.762] [OK] [EXEC] PLACE SELL price=81147.08 qty=0.061610
[13:28:23.020] [OK] [EXEC] SELL ORDER SENT orderId=381965007
[13:28:23.891] [OK] [PLAN] READY entry=81134.79 exit=81138.25 profit=0.213205 age=3877ms
[13:28:25.233] [WS] LIVE bid=81132.79 ask=81142.44
[13:28:25.795] [WARNING] [EXEC] SELL TIMEOUT orderId=381965007
[13:28:25.795] [WARNING] [EXEC] CANCEL SELL orderId=381965007
[13:28:26.327] [INFO] [EXEC] SELL FINAL STATUS status=CANCELED orderId=381965007
[13:28:26.342] [WARNING] [EXEC] PANIC EXIT final_recover_place_sell
[13:28:26.342] [WARNING] [EXEC] PANIC EXIT panic_final_recover
[13:28:26.342] [WARNING] [EXEC] FORCE EXIT price=81145.00
[13:28:26.342] [OK] [EXEC] PLACE SELL price=81145.00 qty=0.061610
[13:28:26.608] [OK] [EXEC] SELL ORDER SENT orderId=381965109
[13:28:26.624] [OK] [PLAN] HOT entry=81136.69 exit=81144.00 profit=0.450442 age=5751ms
[13:28:28.762] [WARNING] [EXEC] SELL TIMEOUT orderId=381965109
[13:28:28.762] [WARNING] [EXEC] CANCEL SELL orderId=381965109
[13:28:29.295] [INFO] [EXEC] SELL FINAL STATUS status=CANCELED orderId=381965109
[13:28:29.295] [WARNING] [EXEC] PANIC EXIT final_recover_place_sell
[13:28:29.295] [WARNING] [EXEC] PANIC EXIT panic_final_recover
[13:28:29.295] [WARNING] [EXEC] FORCE EXIT price=81138.00
[13:28:29.295] [OK] [EXEC] PLACE SELL price=81138.00 qty=0.061610
[13:28:29.561] [OK] [EXEC] SELL ORDER SENT orderId=381965161
[13:28:30.092] [OK] [SYNC] order filled detected
[13:28:30.092] [OK] [SYNC] SELL filled on exchange
[13:28:30.092] [OK] [EXEC] REALIZED pnl=-0.616716
[13:28:30.092] [WS] LIVE bid=81132.79 ask=81139.96
[13:28:31.717] [OK] [EXEC] BUY ORDER SENT orderId=381965184 price=81134.79 qty=0.061620
[13:28:31.717] [OK] [EXEC] PLACE BUY price=81134.79 qty=0.061620
[13:28:32.732] [OK] [SYNC] order filled detected
[13:28:32.732] [OK] [SYNC] BUY filled on exchange
[13:28:33.278] [OK] [EXEC] PLACE SELL price=81136.00 qty=0.061620
[13:28:33.544] [OK] [EXEC] SELL ORDER SENT orderId=381965323
[13:28:34.527] [OK] [EXEC] SELL FILLED id=381965323
[13:28:34.527] [OK] [EXEC] SELL FILLED qty=0.061620 remaining=0.000000
[13:28:34.527] [OK] [EXEC] REALIZED pnl=+0.074560
[13:28:35.310] [WS] LIVE bid=81130.01 ask=81138.00
[13:28:35.794] [OK] [EXEC] BUY ORDER SENT orderId=381965388 price=81132.01 qty=0.061620
[13:28:35.794] [OK] [EXEC] PLACE BUY price=81132.01 qty=0.061620
[13:28:35.810] [OK] [PLAN] READY entry=81132.01 exit=81136.00 profit=0.245864 age=1252ms
[13:28:37.653] [OK] [PLAN] HOT entry=81135.22 exit=81143.99 profit=0.540407 age=3127ms
[13:28:39.216] [OK] [SYNC] order filled detected
[13:28:39.216] [OK] [SYNC] BUY filled on exchange
[13:28:39.216] [OK] [EXEC] PLACE SELL price=81137.30 qty=0.061620
[13:28:39.497] [OK] [EXEC] SELL ORDER SENT orderId=381965627
[13:28:39.497] [OK] [PLAN] READY entry=81134.02 exit=81137.30 profit=0.202114 age=4955ms
[13:28:39.978] [WS] LIVE bid=81130.00 ask=81138.76
[13:28:41.309] [OK] [SYNC] order filled detected
[13:28:41.309] [OK] [SYNC] SELL filled on exchange
[13:28:41.309] [OK] [EXEC] REALIZED pnl=+0.325970
[13:28:41.700] [OK] [EXEC] BUY ORDER SENT orderId=381965778 price=81138.87 qty=0.061620
[13:28:41.715] [OK] [EXEC] PLACE BUY price=81138.87 qty=0.061620
[13:28:43.559] [OK] [PLAN] READY entry=81140.88 exit=81144.37 profit=0.215054 age=1843ms
[13:28:45.371] [WS] LIVE bid=81138.88 ask=81147.14
[13:28:45.762] [WARNING] [EXEC] BUY TIMEOUT orderId=381965778
[13:28:45.777] [WARNING] [EXEC] CANCEL BUY orderId=381965778
[13:28:46.039] [OK] [EXEC] BUY CANCELED confirmed
[13:28:46.293] [INFO] [EXEC] BUY FINAL STATUS status=CANCELED orderId=381965778
[13:28:46.308] [WARNING] [EXEC] BLOCK reason=buy_not_filled
[13:28:47.636] [OK] [EXEC] BUY ORDER SENT orderId=381965926 price=81138.04 qty=0.061620
[13:28:47.652] [OK] [EXEC] PLACE BUY price=81138.04 qty=0.061620
[13:28:50.214] [WS] LIVE bid=81138.05 ask=81144.68
[13:28:52.324] [OK] [EXEC] BUY FILLED id=381965926
[13:28:53.355] [OK] [SYNC] order filled detected
[13:28:53.355] [OK] [SYNC] BUY filled on exchange
[13:28:54.089] [OK] [EXEC] PLACE SELL price=81142.69 qty=0.061620
[13:28:54.354] [OK] [EXEC] SELL ORDER SENT orderId=381966040
[13:28:56.244] [WS] LIVE bid=81138.00 ask=81142.69
[13:28:56.976] [OK] [EXEC] SELL FILLED id=381966040
[13:28:56.976] [OK] [EXEC] SELL FILLED qty=0.061620 remaining=0.000000
[13:28:56.992] [OK] [EXEC] REALIZED pnl=+0.286533
[13:28:59.104] [OK] [EXEC] BUY ORDER SENT orderId=381966194 price=81141.08 qty=0.061620
[13:28:59.104] [OK] [EXEC] PLACE BUY price=81141.08 qty=0.061620
[13:28:59.510] [OK] [PLAN] HOT entry=81148.00 exit=81152.78 profit=0.294496 age=410ms
[13:28:59.844] [OK] [PLAN] READY entry=81148.16 exit=81152.24 profit=0.251369 age=723ms
[13:29:00.864] [WS] LIVE bid=81146.63 ask=81160.00
[13:29:03.572] [WARNING] [EXEC] BUY TIMEOUT orderId=381966194
[13:29:03.572] [WARNING] [EXEC] CANCEL BUY orderId=381966194
[13:29:03.893] [OK] [EXEC] BUY CANCELED confirmed
[13:29:04.196] [INFO] [EXEC] BUY FINAL STATUS status=CANCELED orderId=381966194
[13:29:04.196] [WARNING] [EXEC] BLOCK reason=buy_not_filled
[13:29:05.603] [WS] LIVE bid=81147.94 ask=81154.00
[13:29:10.907] [WS] LIVE bid=81148.41 ask=81154.00
[13:29:12.908] [OK] [EXEC] BUY ORDER SENT orderId=381966688 price=81150.19 qty=0.061610
[13:29:12.923] [OK] [EXEC] PLACE BUY price=81150.19 qty=0.061610
[13:29:14.421] [OK] [EXEC] BUY FILLED id=381966688
[13:29:15.655] [OK] [EXEC] PLACE SELL price=81158.00 qty=0.061610
[13:29:15.922] [OK] [EXEC] SELL ORDER SENT orderId=381966950
[13:29:16.734] [WS] LIVE bid=81148.39 ask=81154.00
[13:29:16.765] [WARNING] [EXEC] CANCEL SELL orderId=381966950
[13:29:17.018] [ERROR] [EXEC] HARD SL triggered
[13:29:17.018] [WARNING] [EXEC] PANIC EXIT sl_mode
[13:29:17.033] [WARNING] [EXEC] FORCE EXIT price=81155.61
[13:29:17.033] [OK] [EXEC] PLACE SELL price=81155.61 qty=0.061610
[13:29:17.296] [OK] [EXEC] SELL ORDER SENT orderId=381966970
[13:29:18.575] [OK] [EXEC] SELL FILLED id=381966970
[13:29:18.575] [OK] [EXEC] SELL FILLED qty=0.061610 remaining=0.000000
[13:29:18.590] [OK] [EXEC] REALIZED pnl=+0.333926
[13:29:18.590] [OK] [PLAN] HOT entry=81152.78 exit=81157.99 profit=0.320988 age=2670ms
[13:29:19.868] [OK] [EXEC] BUY ORDER SENT orderId=381967128 price=81156.01 qty=0.061600
[13:29:19.868] [OK] [EXEC] PLACE BUY price=81156.01 qty=0.061600
[13:29:19.874] [OK] [PLAN] READY entry=81156.01 exit=81159.99 profit=0.245168 age=3920ms
[13:29:20.868] [WS] LIVE bid=81156.02 ask=81161.06
[13:29:24.201] [WARNING] [EXEC] BUY TIMEOUT orderId=381967128
[13:29:24.201] [WARNING] [EXEC] CANCEL BUY orderId=381967128
[13:29:24.467] [OK] [EXEC] BUY CANCELED confirmed
[13:29:24.732] [INFO] [EXEC] BUY FINAL STATUS status=CANCELED orderId=381967128
[13:29:24.748] [WARNING] [EXEC] BLOCK reason=buy_not_filled
[13:29:24.748] [OK] [PLAN] READY entry=81158.02 exit=81162.01 profit=0.245784 age=1556ms
[13:29:25.778] [OK] [EXEC] BUY ORDER SENT orderId=381967304 price=81158.02 qty=0.061600
[13:29:25.778] [OK] [EXEC] PLACE BUY price=81158.02 qty=0.061600
[13:29:27.054] [WS] LIVE bid=81158.02 ask=81163.84
[13:29:29.905] [OK] [SYNC] order filled detected
[13:29:29.905] [OK] [SYNC] BUY filled on exchange
[13:29:30.716] [OK] [EXEC] PLACE SELL price=81163.31 qty=0.061600
[13:29:30.976] [OK] [EXEC] SELL ORDER SENT orderId=381967466
[13:29:31.986] [WS] LIVE bid=81154.74 ask=81162.64
[13:29:32.341] [OK] [PLAN] READY entry=81156.74 exit=81160.19 profit=0.212520 age=1359ms
[13:29:33.904] [WARNING] [EXEC] SELL TIMEOUT orderId=381967466
[13:29:33.904] [WARNING] [EXEC] CANCEL SELL orderId=381967466
[13:29:34.435] [INFO] [EXEC] SELL FINAL STATUS status=CANCELED orderId=381967466
[13:29:34.435] [WARNING] [EXEC] PANIC EXIT final_recover_place_sell
[13:29:34.435] [WARNING] [EXEC] PANIC EXIT panic_final_recover
[13:29:34.435] [WARNING] [EXEC] FORCE EXIT price=81160.72
[13:29:34.450] [OK] [EXEC] PLACE SELL price=81160.72 qty=0.061600
[13:29:34.700] [OK] [EXEC] SELL ORDER SENT orderId=381967570
[13:29:36.215] [WS] LIVE bid=81154.00 ask=81160.71
[13:29:37.450] [WARNING] [EXEC] SELL TIMEOUT orderId=381967570
[13:29:37.450] [WARNING] [EXEC] CANCEL SELL orderId=381967570
[13:29:37.993] [INFO] [EXEC] SELL FINAL STATUS status=CANCELED orderId=381967570
[13:29:37.993] [WARNING] [EXEC] PANIC EXIT final_recover_place_sell
[13:29:37.993] [WARNING] [EXEC] PANIC EXIT panic_final_recover
[13:29:38.009] [WARNING] [EXEC] FORCE EXIT price=81159.72
[13:29:38.009] [OK] [EXEC] PLACE SELL price=81159.72 qty=0.061600
[13:29:38.262] [OK] [EXEC] SELL ORDER SENT orderId=381967685
[13:29:40.919] [WARNING] [EXEC] SELL TIMEOUT orderId=381967685
[13:29:40.935] [WARNING] [EXEC] CANCEL SELL orderId=381967685
[13:29:41.449] [INFO] [EXEC] SELL FINAL STATUS status=CANCELED orderId=381967685
[13:29:41.465] [WARNING] [EXEC] PANIC EXIT final_recover_place_sell
[13:29:41.465] [WARNING] [EXEC] PANIC EXIT panic_final_recover
[13:29:41.465] [WARNING] [EXEC] FORCE EXIT price=81143.78
[13:29:41.465] [OK] [EXEC] PLACE SELL price=81143.78 qty=0.061600
[13:29:41.730] [OK] [EXEC] SELL ORDER SENT orderId=381967969
[13:29:42.277] [WS] LIVE bid=81138.01 ask=81144.78
[13:29:43.449] [OK] [EXEC] SELL FILLED id=381967969
[13:29:43.449] [OK] [EXEC] SELL FILLED qty=0.061600 remaining=0.000000
[13:29:43.449] [OK] [EXEC] REALIZED pnl=-0.877184
[13:29:43.449] [OK] [PLAN] HOT entry=81137.73 exit=81150.18 profit=0.767169 age=796ms
[13:29:44.942] [OK] [EXEC] BUY ORDER SENT orderId=381968276 price=81133.71 qty=0.061620
[13:29:44.948] [OK] [EXEC] PLACE BUY price=81133.71 qty=0.061620
[13:29:45.777] [OK] [PLAN] HOT entry=81135.72 exit=81140.79 profit=0.312413 age=844ms
[13:29:47.073] [WS] LIVE bid=81134.63 ask=81142.35
[13:29:48.464] [OK] [SYNC] order filled detected
[13:29:48.464] [OK] [SYNC] BUY filled on exchange
[13:29:48.823] [OK] [EXEC] PLACE SELL price=81137.33 qty=0.061620
[13:29:49.104] [OK] [EXEC] SELL ORDER SENT orderId=381968478
[13:29:51.007] [OK] [SYNC] order filled detected
[13:29:51.023] [OK] [SYNC] SELL filled on exchange
[13:29:51.023] [OK] [EXEC] REALIZED pnl=+0.223064
[13:29:51.104] [WS] LIVE bid=81136.61 ask=81152.18
[13:29:51.417] [OK] [EXEC] BUY ORDER SENT orderId=381968688 price=81138.61 qty=0.061620
[13:29:51.417] [OK] [EXEC] PLACE BUY price=81138.61 qty=0.061620
[13:29:53.416] [OK] [PLAN] READY entry=81143.38 exit=81147.09 profit=0.228573 age=2015ms
[13:29:54.214] [OK] [PLAN] HOT entry=81153.67 exit=81159.99 profit=0.389375 age=2811ms
[13:29:55.776] [OK] [EXEC] BUY FILLED id=381968688
[13:29:57.276] [OK] [SYNC] order filled detected
[13:29:57.292] [OK] [SYNC] BUY filled on exchange
[13:29:57.557] [WS] LIVE bid=81138.00 ask=81146.14
[13:29:57.698] [OK] [EXEC] PLACE SELL price=81141.45 qty=0.061620
[13:29:58.447] [OK] [EXEC] SELL ORDER SENT orderId=381969175
[13:30:00.180] [OK] [SYNC] order filled detected
[13:30:00.180] [OK] [SYNC] SELL filled on exchange
[13:30:00.180] [OK] [EXEC] REALIZED pnl=+0.175001
[13:30:00.953] [OK] [EXEC] BUY ORDER SENT orderId=381969634 price=81144.41 qty=0.061610
[13:30:00.959] [OK] [EXEC] PLACE BUY price=81144.41 qty=0.061610
[13:30:01.967] [OK] [SYNC] order filled detected
[13:30:01.972] [OK] [SYNC] BUY filled on exchange
[13:30:01.974] [WS] LIVE bid=81137.22 ask=81152.37
[13:30:02.069] [OK] [EXEC] PLACE SELL price=81144.45 qty=0.061610
[13:30:02.806] [OK] [EXEC] SELL ORDER SENT orderId=381969952
[13:30:02.806] [OK] [PLAN] HOT entry=81117.69 exit=81130.99 profit=0.819679 age=1858ms
[13:30:04.578] [WARNING] [EXEC] CANCEL SELL orderId=381969952
[13:30:04.841] [ERROR] [EXEC] HARD SL triggered
[13:30:04.848] [WARNING] [EXEC] PANIC EXIT sl_mode
[13:30:04.848] [WARNING] [EXEC] FORCE EXIT price=81130.32
[13:30:04.848] [OK] [EXEC] PLACE SELL price=81130.32 qty=0.061610
[13:30:05.125] [OK] [EXEC] SELL ORDER SENT orderId=381970242
[13:30:06.125] [OK] [SYNC] order filled detected
[13:30:06.125] [OK] [SYNC] SELL filled on exchange
[13:30:06.125] [OK] [EXEC] REALIZED pnl=-0.868085
[13:30:06.421] [OK] [EXEC] BUY ORDER SENT orderId=381970355 price=81117.69 qty=0.061630
[13:30:06.421] [OK] [EXEC] PLACE BUY price=81117.69 qty=0.061630
[13:30:07.687] [OK] [SYNC] order filled detected
[13:30:07.687] [OK] [SYNC] BUY filled on exchange
[13:30:07.687] [WS] LIVE bid=81118.81 ask=81132.44
[13:30:07.718] [OK] [EXEC] PLACE SELL price=81118.24 qty=0.061630
[13:30:07.989] [OK] [EXEC] SELL ORDER SENT orderId=381970586
[13:30:11.296] [WARNING] [EXEC] SELL TIMEOUT orderId=381970586
[13:30:11.296] [WARNING] [EXEC] CANCEL SELL orderId=381970586
[13:30:11.835] [INFO] [EXEC] SELL FINAL STATUS status=CANCELED orderId=381970586
[13:30:11.839] [WARNING] [EXEC] PANIC EXIT final_recover_place_sell
[13:30:11.840] [WARNING] [EXEC] PANIC EXIT panic_final_recover
[13:30:11.840] [WARNING] [EXEC] FORCE EXIT price=81113.00
[13:30:11.840] [OK] [EXEC] PLACE SELL price=81113.00 qty=0.061630
[13:30:12.093] [OK] [EXEC] SELL ORDER SENT orderId=381971059
[13:30:12.108] [OK] [PLAN] READY entry=81108.00 exit=81112.00 profit=0.246560 age=10825ms
[13:30:12.593] [WS] LIVE bid=81091.35 ask=81102.39
[13:30:12.966] [OK] [PLAN] HOT entry=81095.93 exit=81102.72 profit=0.418604 age=12491ms
[13:30:15.069] [WARNING] [EXEC] SELL TIMEOUT orderId=381971059
[13:30:15.075] [WARNING] [EXEC] CANCEL SELL orderId=381971059
[13:30:15.622] [INFO] [EXEC] SELL FINAL STATUS status=CANCELED orderId=381971059
[13:30:15.638] [WARNING] [EXEC] PANIC EXIT final_recover_place_sell
[13:30:15.638] [WARNING] [EXEC] PANIC EXIT panic_final_recover
[13:30:15.638] [WARNING] [EXEC] FORCE EXIT price=81102.52
[13:30:15.638] [OK] [EXEC] PLACE SELL price=81102.52 qty=0.061630
[13:30:15.906] [OK] [EXEC] SELL ORDER SENT orderId=381971455
[13:30:15.906] [OK] [PLAN] READY entry=81097.69 exit=81101.52 profit=0.236120 age=14475ms
[13:30:16.436] [WS] LIVE bid=81082.00 ask=81089.99
[13:30:16.988] [OK] [PLAN] HOT entry=81085.07 exit=81095.11 profit=0.619066 age=16506ms
[13:30:18.280] [WARNING] [EXEC] SELL TIMEOUT orderId=381971455
[13:30:18.280] [WARNING] [EXEC] CANCEL SELL orderId=381971455
[13:30:18.811] [INFO] [EXEC] SELL FINAL STATUS status=CANCELED orderId=381971455
[13:30:18.811] [WARNING] [EXEC] PANIC EXIT final_recover_place_sell
[13:30:18.811] [WARNING] [EXEC] PANIC EXIT panic_final_recover
[13:30:18.811] [WARNING] [EXEC] FORCE EXIT price=81096.71
[13:30:18.811] [OK] [EXEC] PLACE SELL price=81096.71 qty=0.061630
[13:30:19.076] [OK] [EXEC] SELL ORDER SENT orderId=381971834
[13:30:20.076] [OK] [SYNC] order filled detected
[13:30:20.076] [OK] [SYNC] SELL filled on exchange
[13:30:20.076] [OK] [EXEC] REALIZED pnl=-1.292997
[13:30:20.467] [OK] [EXEC] BUY ORDER SENT orderId=381972029 price=81084.01 qty=0.061660
[13:30:20.467] [OK] [EXEC] PLACE BUY price=81084.01 qty=0.061660
[13:30:21.948] [WS] LIVE bid=81110.85 ask=81120.00
[13:30:24.294] [WARNING] [EXEC] BUY TIMEOUT orderId=381972029
[13:30:24.294] [WARNING] [EXEC] CANCEL BUY orderId=381972029
[13:30:24.560] [OK] [EXEC] BUY CANCELED confirmed
[13:30:24.826] [INFO] [EXEC] BUY FINAL STATUS status=CANCELED orderId=381972029
[13:30:24.830] [WARNING] [EXEC] BLOCK reason=buy_not_filled
[13:30:24.838] [OK] [PLAN] READY entry=81094.79 exit=81098.06 profit=0.201596 age=23823ms
[13:30:25.776] [OK] [EXEC] BUY ORDER SENT orderId=381972638 price=81095.30 qty=0.061650
[13:30:25.776] [OK] [EXEC] PLACE BUY price=81095.30 qty=0.061650
[13:30:25.776] [OK] [PLAN] HOT entry=81095.30 exit=81104.96 profit=0.595539 age=25299ms
[13:30:26.778] [OK] [SYNC] order filled detected
[13:30:26.778] [OK] [SYNC] BUY filled on exchange
[13:30:27.061] [WS] LIVE bid=81092.78 ask=81100.26
[13:30:27.074] [OK] [EXEC] PLACE SELL price=81103.17 qty=0.061650
[13:30:27.340] [OK] [EXEC] SELL ORDER SENT orderId=381972786
[13:30:28.372] [OK] [SYNC] order filled detected
[13:30:28.372] [OK] [SYNC] SELL filled on exchange
[13:30:28.372] [OK] [EXEC] REALIZED pnl=+0.485186
[13:30:29.402] [OK] [EXEC] BUY ORDER SENT orderId=381972965 price=81097.17 qty=0.061650
[13:30:29.402] [OK] [EXEC] PLACE BUY price=81097.17 qty=0.061650
[13:30:32.949] [WS] LIVE bid=81118.84 ask=81127.14
[13:30:33.431] [WARNING] [EXEC] BUY TIMEOUT orderId=381972965
[13:30:33.431] [WARNING] [EXEC] CANCEL BUY orderId=381972965
[13:30:33.697] [OK] [EXEC] BUY CANCELED confirmed
[13:30:33.975] [INFO] [EXEC] BUY FINAL STATUS status=CANCELED orderId=381972965
[13:30:33.975] [WARNING] [EXEC] BLOCK reason=buy_not_filled
[13:30:33.991] [OK] [PLAN] READY entry=81124.01 exit=81127.99 profit=0.245287 age=32955ms
[13:30:35.793] [OK] [EXEC] BUY ORDER SENT orderId=381973819 price=81124.01 qty=0.061630
[13:30:35.793] [OK] [EXEC] PLACE BUY price=81124.01 qty=0.061630
[13:30:37.433] [WS] LIVE bid=81124.02 ask=81131.03
[13:30:37.955] [OK] [EXEC] BUY FILLED id=381973819
[13:30:38.447] [OK] [EXEC] PLACE SELL price=81124.05 qty=0.061630
[13:30:38.712] [OK] [EXEC] SELL ORDER SENT orderId=381974220
[13:30:38.712] [OK] [PLAN] HOT entry=81099.62 exit=81114.56 profit=0.921051 age=748ms
[13:30:39.761] [WARNING] [EXEC] CANCEL SELL orderId=381974220
[13:30:40.023] [ERROR] [EXEC] HARD SL triggered
[13:30:40.023] [WARNING] [EXEC] PANIC EXIT sl_mode
[13:30:40.023] [WARNING] [EXEC] FORCE EXIT price=81105.77
[13:30:40.023] [OK] [EXEC] PLACE SELL price=81105.77 qty=0.061630
[13:30:40.761] [OK] [EXEC] SELL ORDER SENT orderId=381974429
[13:30:41.761] [OK] [SYNC] order filled detected
[13:30:41.777] [OK] [SYNC] SELL filled on exchange
[13:30:41.777] [OK] [EXEC] REALIZED pnl=-1.124131
[13:30:42.321] [INFO] [SETTINGS] exported path=C:/Users/Art/Desktop/UB/settings_export.json
[13:30:42.587] [OK] [EXEC] BUY ORDER SENT orderId=381974522 price=81101.56 qty=0.061650
[13:30:42.603] [OK] [EXEC] PLACE BUY price=81101.56 qty=0.061650
[13:30:42.603] [OK] [PLAN] READY entry=81101.56 exit=81105.76 profit=0.258930 age=4638ms
[13:30:43.119] [OK] [SYNC] order filled detected
[13:30:43.119] [OK] [SYNC] BUY filled on exchange
[13:30:43.603] [WS] LIVE bid=81099.56 ask=81110.48
[13:30:43.634] [OK] [EXEC] PLACE SELL price=81103.97 qty=0.061650
[13:30:43.900] [OK] [EXEC] SELL ORDER SENT orderId=381974633
[13:30:44.941] [OK] [SYNC] order filled detected
[13:30:44.941] [OK] [SYNC] SELL filled on exchange
[13:30:44.945] [OK] [EXEC] REALIZED pnl=+0.148576
[13:30:45.494] [OK] [EXEC] BUY ORDER SENT orderId=381974934 price=81105.52 qty=0.061640
[13:30:45.509] [OK] [EXEC] PLACE BUY price=81105.52 qty=0.061640
[13:30:45.509] [OK] [PLAN] HOT entry=81105.52 exit=81120.99 profit=0.953571 age=7498ms
[13:30:46.807] [WS] LIVE bid=81109.12 ask=81121.08
[13:30:49.909] [WARNING] [EXEC] BUY TIMEOUT orderId=381974934
[13:30:49.909] [WARNING] [EXEC] CANCEL BUY orderId=381974934
[13:30:50.181] [OK] [EXEC] BUY CANCELED confirmed
[13:30:50.478] [INFO] [EXEC] BUY FINAL STATUS status=CANCELED orderId=381974934
[13:30:50.494] [WARNING] [EXEC] BLOCK reason=buy_not_filled
[13:30:51.711] [OK] [EXEC] BUY ORDER SENT orderId=381975444 price=81116.01 qty=0.061640
[13:30:51.711] [OK] [EXEC] PLACE BUY price=81116.01 qty=0.061640
[13:30:52.728] [WS] LIVE bid=81116.01 ask=81121.99
[13:30:53.541] [OK] [PLAN] READY entry=81118.02 exit=81121.86 profit=0.236659 age=1830ms
[13:30:56.734] [WARNING] [EXEC] BUY TIMEOUT orderId=381975444
[13:30:56.736] [WARNING] [EXEC] CANCEL BUY orderId=381975444
[13:30:57.023] [OK] [EXEC] BUY CANCELED confirmed
[13:30:57.298] [INFO] [EXEC] BUY FINAL STATUS status=CANCELED orderId=381975444
[13:30:57.299] [WARNING] [EXEC] BLOCK reason=buy_not_filled
[13:30:57.820] [WS] LIVE bid=81116.01 ask=81124.31
[13:30:58.289] [OK] [EXEC] BUY ORDER SENT orderId=381975859 price=81117.68 qty=0.061630
[13:30:58.290] [OK] [EXEC] PLACE BUY price=81117.68 qty=0.061630
[13:30:59.276] [OK] [SYNC] order filled detected
[13:30:59.279] [OK] [SYNC] BUY filled on exchange
[13:30:59.569] [OK] [EXEC] PLACE SELL price=81126.09 qty=0.061630
[13:30:59.843] [OK] [EXEC] SELL ORDER SENT orderId=381975926
[13:30:59.846] [OK] [PLAN] HOT entry=81117.68 exit=81126.09 profit=0.518308 age=8124ms
[13:31:01.413] [OK] [PLAN] READY entry=81108.00 exit=81111.56 profit=0.219438 age=9710ms
[13:31:02.580] [WS] LIVE bid=81106.61 ask=81114.04
[13:31:03.503] [OK] [EXEC] SELL FILLED id=381975926
[13:31:03.503] [OK] [EXEC] SELL FILLED qty=0.061630 remaining=0.000000
[13:31:03.503] [OK] [EXEC] REALIZED pnl=+0.518308
[13:31:03.519] [OK] [PLAN] HOT entry=81126.96 exit=81141.12 profit=0.872681 age=11780ms
[13:31:04.289] [OK] [EXEC] BUY ORDER SENT orderId=381976496 price=81129.85 qty=0.061620
[13:31:04.289] [OK] [EXEC] PLACE BUY price=81129.85 qty=0.061620
[13:31:04.803] [OK] [SYNC] order filled detected
[13:31:04.803] [OK] [SYNC] BUY filled on exchange
[13:31:05.554] [OK] [EXEC] PLACE SELL price=81138.96 qty=0.061620
[13:31:05.804] [OK] [EXEC] SELL ORDER SENT orderId=381976646
[13:31:07.211] [WS] LIVE bid=81122.57 ask=81130.88
[13:31:08.645] [WARNING] [EXEC] SELL TIMEOUT orderId=381976646
[13:31:08.648] [WARNING] [EXEC] CANCEL SELL orderId=381976646
[13:31:09.163] [INFO] [EXEC] SELL FINAL STATUS status=FILLED orderId=381976646
[13:31:09.182] [OK] [EXEC] SELL FILLED id=381976646
[13:31:09.185] [OK] [EXEC] SELL FILLED qty=0.061620 remaining=0.000000
[13:31:09.189] [OK] [EXEC] REALIZED pnl=+0.561358
[13:31:09.193] [OK] [PLAN] READY entry=81115.95 exit=81119.58 profit=0.223753 age=16935ms
[13:31:10.132] [OK] [EXEC] BUY ORDER SENT orderId=381977193 price=81118.51 qty=0.061630
[13:31:10.132] [OK] [EXEC] PLACE BUY price=81118.51 qty=0.061630
[13:31:10.132] [OK] [PLAN] HOT entry=81118.51 exit=81125.07 profit=0.404293 age=18422ms
[13:31:10.676] [OK] [SYNC] order filled detected
[13:31:10.679] [OK] [SYNC] BUY filled on exchange
[13:31:11.430] [OK] [EXEC] PLACE SELL price=81128.00 qty=0.061630
[13:31:11.709] [OK] [EXEC] SELL ORDER SENT orderId=381977372
[13:31:11.709] [OK] [PLAN] READY entry=81124.43 exit=81128.00 profit=0.220019 age=19985ms
[13:31:12.243] [OK] [SYNC] order filled detected
[13:31:12.246] [OK] [SYNC] SELL filled on exchange
[13:31:12.247] [OK] [EXEC] REALIZED pnl=+0.584869
[13:31:12.254] [WS] LIVE bid=81125.78 ask=81134.92
[13:31:13.459] [OK] [EXEC] BUY ORDER SENT orderId=381977569 price=81131.03 qty=0.061620
[13:31:13.459] [OK] [EXEC] PLACE BUY price=81131.03 qty=0.061620
[13:31:15.147] [OK] [SYNC] order filled detected
[13:31:15.147] [OK] [SYNC] BUY filled on exchange
[13:31:15.334] [OK] [EXEC] PLACE SELL price=81134.08 qty=0.061620
[13:31:15.601] [OK] [EXEC] SELL ORDER SENT orderId=381977714
[13:31:16.695] [OK] [SYNC] order filled detected
[13:31:16.695] [OK] [SYNC] SELL filled on exchange
[13:31:16.695] [OK] [EXEC] REALIZED pnl=+0.187941
[13:31:16.986] [WS] LIVE bid=81122.47 ask=81132.69
[13:31:17.748] [OK] [EXEC] BUY ORDER SENT orderId=381977868 price=81124.00 qty=0.061630
[13:31:17.750] [OK] [EXEC] PLACE BUY price=81124.00 qty=0.061630
[13:31:19.182] [OK] [PLAN] HOT entry=81127.47 exit=81138.02 profit=0.650196 age=1474ms
[13:31:19.710] [OK] [SYNC] order filled detected
[13:31:19.710] [OK] [SYNC] BUY filled on exchange
[13:31:19.744] [OK] [EXEC] PLACE SELL price=81124.04 qty=0.061630
[13:31:20.021] [OK] [EXEC] SELL ORDER SENT orderId=381978160
[13:31:22.726] [WS] LIVE bid=81098.41 ask=81106.89
[13:31:24.227] [WARNING] [EXEC] SELL TIMEOUT orderId=381978160
[13:31:24.229] [WARNING] [EXEC] CANCEL SELL orderId=381978160
[13:31:24.771] [INFO] [EXEC] SELL FINAL STATUS status=CANCELED orderId=381978160
[13:31:24.774] [WARNING] [EXEC] PANIC EXIT final_recover_place_sell
[13:31:24.777] [WARNING] [EXEC] PANIC EXIT panic_final_recover
[13:31:24.781] [WARNING] [EXEC] FORCE EXIT price=81102.59
[13:31:24.783] [OK] [EXEC] PLACE SELL price=81102.59 qty=0.061630
[13:31:25.044] [OK] [EXEC] SELL ORDER SENT orderId=381978518
[13:31:25.051] [OK] [PLAN] HOT entry=81094.78 exit=81101.59 profit=0.419837 age=2163ms
[13:31:28.303] [WARNING] [EXEC] SELL TIMEOUT orderId=381978518
[13:31:28.303] [WARNING] [EXEC] CANCEL SELL orderId=381978518
[13:31:28.872] [INFO] [EXEC] SELL FINAL STATUS status=CANCELED orderId=381978518
[13:31:28.872] [WARNING] [EXEC] PANIC EXIT final_recover_place_sell
[13:31:28.872] [WARNING] [EXEC] PANIC EXIT panic_final_recover
[13:31:28.872] [WARNING] [EXEC] FORCE EXIT price=81066.45
[13:31:28.872] [OK] [EXEC] PLACE SELL price=81066.45 qty=0.061630
[13:31:29.147] [OK] [EXEC] SELL ORDER SENT orderId=381979343
[13:31:29.152] [WS] LIVE bid=81063.06 ask=81075.66
[13:31:30.985] [WARNING] [EXEC] SELL TIMEOUT orderId=381979343
[13:31:30.988] [WARNING] [EXEC] CANCEL SELL orderId=381979343
[13:31:31.523] [INFO] [EXEC] SELL FINAL STATUS status=CANCELED orderId=381979343
[13:31:31.523] [WARNING] [EXEC] PANIC EXIT final_recover_place_sell
[13:31:31.523] [WARNING] [EXEC] PANIC EXIT panic_final_recover
[13:31:31.523] [WARNING] [EXEC] FORCE EXIT price=81053.87
[13:31:31.523] [OK] [EXEC] PLACE SELL price=81053.87 qty=0.061630
[13:31:31.798] [OK] [EXEC] SELL ORDER SENT orderId=381979677
[13:31:32.935] [OK] [SYNC] order filled detected
[13:31:32.940] [OK] [SYNC] SELL filled on exchange
[13:31:32.940] [OK] [EXEC] REALIZED pnl=-4.322112
[13:31:32.947] [WS] LIVE bid=81043.87 ask=81053.86
[13:31:33.857] [OK] [EXEC] BUY ORDER SENT orderId=381979912 price=81052.65 qty=0.061680
[13:31:33.862] [OK] [EXEC] PLACE BUY price=81052.65 qty=0.061680
[13:31:34.397] [OK] [SYNC] order filled detected
[13:31:34.397] [OK] [SYNC] BUY filled on exchange
[13:31:35.008] [OK] [EXEC] PLACE SELL price=81052.69 qty=0.061680
[13:31:35.287] [OK] [EXEC] SELL ORDER SENT orderId=381980168
[13:31:37.578] [WS] LIVE bid=81020.01 ask=81033.99
[13:31:37.913] [OK] [PLAN] READY entry=81022.01 exit=81025.33 profit=0.204877 age=15844ms
[13:31:38.804] [OK] [EXEC] SELL FILLED id=381980168
[13:31:38.804] [OK] [EXEC] SELL FILLED qty=0.061680 remaining=0.000000
[13:31:38.804] [OK] [EXEC] REALIZED pnl=+0.002467
[13:31:38.804] [OK] [PLAN] HOT entry=81043.30 exit=81052.87 profit=0.590373 age=16747ms
[13:31:39.490] [OK] [EXEC] BUY ORDER SENT orderId=381980746 price=81044.74 qty=0.061690
[13:31:39.490] [OK] [EXEC] PLACE BUY price=81044.74 qty=0.061690
[13:31:40.637] [OK] [SYNC] order filled detected
[13:31:40.640] [OK] [SYNC] BUY filled on exchange
[13:31:41.047] [OK] [EXEC] PLACE SELL price=81044.78 qty=0.061690
[13:31:41.309] [OK] [EXEC] SELL ORDER SENT orderId=381981066
[13:31:42.844] [OK] [EXEC] SELL FILLED id=381981066
[13:31:42.847] [OK] [EXEC] SELL FILLED qty=0.061690 remaining=0.000000
[13:31:42.849] [OK] [EXEC] REALIZED pnl=+0.002468
[13:31:43.103] [WS] LIVE bid=81034.01 ask=81052.77
[13:31:43.583] [OK] [EXEC] BUY ORDER SENT orderId=381981282 price=81036.02 qty=0.061700
[13:31:43.585] [OK] [EXEC] PLACE BUY price=81036.02 qty=0.061700
[13:31:47.491] [WARNING] [EXEC] BUY TIMEOUT orderId=381981282
[13:31:47.507] [WARNING] [EXEC] CANCEL BUY orderId=381981282
[13:31:47.773] [OK] [EXEC] BUY CANCELED confirmed
[13:31:48.041] [INFO] [EXEC] BUY FINAL STATUS status=CANCELED orderId=381981282
[13:31:48.045] [WARNING] [EXEC] BLOCK reason=buy_not_filled
[13:31:48.050] [OK] [PLAN] HOT entry=81064.98 exit=81075.88 profit=0.672203 age=1063ms
[13:31:48.553] [WS] LIVE bid=81055.71 ask=81067.98
[13:31:48.944] [OK] [EXEC] BUY ORDER SENT orderId=381981972 price=81049.52 qty=0.061690
[13:31:48.947] [OK] [EXEC] PLACE BUY price=81049.52 qty=0.061690
[13:31:50.782] [OK] [PLAN] READY entry=81060.01 exit=81064.00 profit=0.246103 age=4328ms
[13:31:51.314] [OK] [SYNC] order filled detected
[13:31:51.317] [OK] [SYNC] BUY filled on exchange
[13:31:51.631] [OK] [EXEC] PLACE SELL price=81049.56 qty=0.061690
[13:31:51.909] [OK] [EXEC] SELL ORDER SENT orderId=381982319
[13:31:52.432] [WS] LIVE bid=81049.55 ask=81058.00
[13:31:52.694] [OK] [EXEC] SELL FILLED id=381982319
[13:31:52.709] [OK] [EXEC] SELL FILLED qty=0.061690 remaining=0.000000
[13:31:52.709] [OK] [EXEC] REALIZED pnl=+0.001851
[13:31:54.351] [OK] [EXEC] BUY ORDER SENT orderId=381982500 price=81052.69 qty=0.061680
[13:31:54.355] [OK] [EXEC] PLACE BUY price=81052.69 qty=0.061680
[13:31:54.882] [OK] [SYNC] order filled detected
[13:31:54.884] [OK] [SYNC] BUY filled on exchange
[13:31:54.991] [OK] [EXEC] PLACE SELL price=81052.73 qty=0.061680
[13:31:55.272] [OK] [EXEC] SELL ORDER SENT orderId=381982661
[13:31:57.991] [WS] LIVE bid=81034.00 ask=81038.86
[13:31:58.850] [WARNING] [EXEC] SELL TIMEOUT orderId=381982661
[13:31:58.854] [WARNING] [EXEC] CANCEL SELL orderId=381982661
[13:31:59.388] [INFO] [EXEC] SELL FINAL STATUS status=CANCELED orderId=381982661
[13:31:59.391] [WARNING] [EXEC] PANIC EXIT final_recover_place_sell
[13:31:59.393] [WARNING] [EXEC] PANIC EXIT panic_final_recover
[13:31:59.394] [WARNING] [EXEC] FORCE EXIT price=81041.00
[13:31:59.395] [OK] [EXEC] PLACE SELL price=81041.00 qty=0.061680
[13:31:59.663] [OK] [EXEC] SELL ORDER SENT orderId=381983086
[13:31:59.679] [OK] [PLAN] HOT entry=81034.78 exit=81040.00 profit=0.322074 age=1860ms
[13:32:01.890] [OK] [EXEC] SELL FILLED id=381983086
[13:32:01.893] [OK] [EXEC] SELL FILLED qty=0.061680 remaining=0.000000
[13:32:01.895] [OK] [EXEC] REALIZED pnl=-0.721039
[13:32:01.899] [OK] [PLAN] READY entry=81041.82 exit=81045.77 profit=0.243675 age=4890ms
[13:32:02.678] [WS] LIVE bid=81032.10 ask=81038.80
[13:32:03.155] [OK] [EXEC] BUY ORDER SENT orderId=381983572 price=81028.58 qty=0.061700
[13:32:03.155] [OK] [EXEC] PLACE BUY price=81028.58 qty=0.061700
[13:32:03.155] [OK] [PLAN] HOT entry=81028.58 exit=81034.65 profit=0.374519 age=6171ms
[13:32:04.189] [OK] [SYNC] order filled detected
[13:32:04.192] [OK] [SYNC] BUY filled on exchange
[13:32:04.630] [OK] [EXEC] PLACE SELL price=81028.62 qty=0.061700
[13:32:04.895] [OK] [EXEC] SELL ORDER SENT orderId=381983769
[13:32:05.694] [OK] [EXEC] SELL FILLED id=381983769
[13:32:05.694] [OK] [EXEC] SELL FILLED qty=0.061700 remaining=0.000000
[13:32:05.710] [OK] [EXEC] REALIZED pnl=+0.002468
[13:32:07.350] [OK] [EXEC] BUY ORDER SENT orderId=381983965 price=81036.01 qty=0.061700
[13:32:07.350] [OK] [EXEC] PLACE BUY price=81036.01 qty=0.061700
[13:32:07.350] [OK] [PLAN] HOT entry=81036.01 exit=81049.53 profit=0.834184 age=1656ms
[13:32:07.819] [WS] LIVE bid=81034.01 ask=81050.00
[13:32:08.178] [OK] [EXEC] BUY FILLED id=381983965
[13:32:09.225] [OK] [SYNC] order filled detected
[13:32:09.225] [OK] [SYNC] BUY filled on exchange
[13:32:09.566] [OK] [EXEC] PLACE SELL price=81050.78 qty=0.061700
[13:32:09.838] [OK] [EXEC] SELL ORDER SENT orderId=381984287
[13:32:10.756] [OK] [EXEC] SELL FILLED id=381984287
[13:32:10.756] [OK] [EXEC] SELL FILLED qty=0.061700 remaining=0.000000
[13:32:10.756] [OK] [EXEC] REALIZED pnl=+0.911309
[13:32:12.662] [OK] [EXEC] BUY ORDER SENT orderId=381984549 price=81044.00 qty=0.061690
[13:32:12.678] [OK] [EXEC] PLACE BUY price=81044.00 qty=0.061690
[13:32:12.678] [OK] [PLAN] READY entry=81044.00 exit=81047.99 profit=0.246143 age=6970ms
[13:32:12.678] [WS] LIVE bid=81033.19 ask=81046.16
[13:32:12.973] [OK] [EXEC] BUY FILLED id=381984549
[13:32:12.978] [OK] [PLAN] HOT entry=81030.66 exit=81045.94 profit=0.942776 age=7278ms
[13:32:13.006] [OK] [EXEC] PLACE SELL price=81043.29 qty=0.061690
[13:32:13.256] [OK] [EXEC] SELL ORDER SENT orderId=381984639
[13:32:14.584] [WARNING] [EXEC] CANCEL SELL orderId=381984639
[13:32:14.850] [ERROR] [EXEC] HARD SL triggered
[13:32:14.853] [WARNING] [EXEC] PANIC EXIT sl_mode
[13:32:14.853] [WARNING] [EXEC] FORCE EXIT price=81028.38
[13:32:14.853] [OK] [EXEC] PLACE SELL price=81028.38 qty=0.061690
[13:32:15.116] [OK] [EXEC] SELL ORDER SENT orderId=381984841
[13:32:16.193] [OK] [SYNC] order filled detected
[13:32:16.193] [OK] [SYNC] SELL filled on exchange
[13:32:16.193] [OK] [EXEC] REALIZED pnl=-0.917525
[13:32:17.239] [OK] [EXEC] BUY ORDER SENT orderId=381985081 price=81020.46 qty=0.061710
[13:32:17.241] [OK] [EXEC] PLACE BUY price=81020.46 qty=0.061710
[13:32:17.756] [OK] [SYNC] order filled detected
[13:32:17.756] [OK] [SYNC] BUY filled on exchange
[13:32:17.774] [WS] LIVE bid=81013.33 ask=81029.74
[13:32:18.007] [OK] [EXEC] PLACE SELL price=81028.56 qty=0.061710
[13:32:18.273] [OK] [EXEC] SELL ORDER SENT orderId=381985216
[13:32:21.444] [WARNING] [EXEC] SELL TIMEOUT orderId=381985216
[13:32:21.444] [WARNING] [EXEC] CANCEL SELL orderId=381985216
[13:32:21.994] [INFO] [EXEC] SELL FINAL STATUS status=CANCELED orderId=381985216
[13:32:21.998] [WARNING] [EXEC] PANIC EXIT final_recover_place_sell
[13:32:21.999] [WARNING] [EXEC] PANIC EXIT panic_final_recover
[13:32:22.000] [WARNING] [EXEC] FORCE EXIT price=81016.07
[13:32:22.002] [OK] [EXEC] PLACE SELL price=81016.07 qty=0.061710
[13:32:22.268] [OK] [EXEC] SELL ORDER SENT orderId=381985648
[13:32:23.256] [OK] [SYNC] order filled detected
[13:32:23.258] [OK] [SYNC] SELL filled on exchange
[13:32:23.259] [OK] [EXEC] REALIZED pnl=-0.270907
[13:32:23.272] [WS] LIVE bid=80987.07 ask=81004.45
[13:32:23.655] [OK] [EXEC] BUY ORDER SENT orderId=381985876 price=81005.80 qty=0.061720
[13:32:23.660] [OK] [EXEC] PLACE BUY price=81005.80 qty=0.061720
[13:32:23.977] [OK] [PLAN] HOT entry=81007.81 exit=81016.32 profit=0.525237 age=328ms
[13:32:27.340] [WS] LIVE bid=81016.02 ask=81022.11
[13:32:27.745] [WARNING] [EXEC] BUY TIMEOUT orderId=381985876
[13:32:27.745] [WARNING] [EXEC] CANCEL BUY orderId=381985876
[13:32:28.009] [OK] [EXEC] BUY CANCELED confirmed
[13:32:28.279] [INFO] [EXEC] BUY FINAL STATUS status=CANCELED orderId=381985876
[13:32:28.282] [WARNING] [EXEC] BLOCK reason=buy_not_filled
[13:32:29.319] [OK] [EXEC] BUY ORDER SENT orderId=381986498 price=81008.29 qty=0.061720
[13:32:29.335] [OK] [EXEC] PLACE BUY price=81008.29 qty=0.061720
[13:32:32.116] [OK] [EXEC] BUY FILLED id=381986498
[13:32:32.669] [OK] [SYNC] order filled detected
[13:32:32.672] [OK] [SYNC] BUY filled on exchange
[13:32:33.244] [WS] LIVE bid=80992.79 ask=81003.28
[13:32:33.847] [OK] [EXEC] PLACE SELL price=81008.33 qty=0.061720
[13:32:34.129] [OK] [EXEC] SELL ORDER SENT orderId=381986973
[13:32:34.135] [OK] [PLAN] READY entry=80996.40 exit=80999.99 profit=0.221611 age=10465ms
[13:32:34.647] [OK] [SYNC] order filled detected
[13:32:34.662] [OK] [SYNC] SELL filled on exchange
[13:32:34.662] [OK] [EXEC] REALIZED pnl=+0.001852
[13:32:34.960] [OK] [EXEC] BUY ORDER SENT orderId=381987117 price=81003.95 qty=0.061720
[13:32:34.967] [OK] [EXEC] PLACE BUY price=81003.95 qty=0.061720
[13:32:34.967] [OK] [PLAN] HOT entry=81003.95 exit=81010.77 profit=0.420930 age=11312ms
[13:32:37.814] [WS] LIVE bid=81011.28 ask=81020.60
[13:32:38.390] [OK] [PLAN] READY entry=81020.72 exit=81024.39 profit=0.226476 age=14735ms
[13:32:39.960] [WARNING] [EXEC] BUY TIMEOUT orderId=381987117
[13:32:39.966] [WARNING] [EXEC] CANCEL BUY orderId=381987117
[13:32:40.225] [OK] [EXEC] BUY CANCELED confirmed
[13:32:40.522] [INFO] [EXEC] BUY FINAL STATUS status=CANCELED orderId=381987117
[13:32:40.522] [WARNING] [EXEC] BLOCK reason=buy_not_filled
[13:32:40.538] [OK] [PLAN] HOT entry=81014.55 exit=81020.64 profit=0.375814 age=16310ms
[13:32:42.091] [OK] [EXEC] BUY ORDER SENT orderId=381987775 price=81030.42 qty=0.061700
[13:32:42.095] [OK] [EXEC] PLACE BUY price=81030.42 qty=0.061700
[13:32:42.631] [OK] [SYNC] order filled detected
[13:32:42.647] [OK] [SYNC] BUY filled on exchange
[13:32:42.653] [WS] LIVE bid=81026.00 ask=81034.00
[13:32:42.933] [OK] [EXEC] PLACE SELL price=81031.99 qty=0.061700
[13:32:43.201] [OK] [EXEC] SELL ORDER SENT orderId=381987861
[13:32:43.203] [OK] [PLAN] READY entry=81028.01 exit=81031.99 profit=0.245566 age=19551ms
[13:32:43.756] [WARNING] [EXEC] CANCEL SELL orderId=381987861
[13:32:44.022] [ERROR] [EXEC] HARD SL triggered
[13:32:44.022] [WARNING] [EXEC] PANIC EXIT sl_mode
[13:32:44.022] [WARNING] [EXEC] FORCE EXIT price=81030.99
[13:32:44.022] [OK] [EXEC] PLACE SELL price=81030.99 qty=0.061700
[13:32:44.303] [OK] [EXEC] SELL ORDER SENT orderId=381987952
[13:32:45.344] [OK] [SYNC] order filled detected
[13:32:45.347] [OK] [SYNC] SELL filled on exchange
[13:32:45.348] [OK] [EXEC] REALIZED pnl=+0.355392
[13:32:45.913] [OK] [EXEC] BUY ORDER SENT orderId=381988279 price=81066.98 qty=0.061670
[13:32:45.913] [OK] [EXEC] PLACE BUY price=81066.98 qty=0.061670
[13:32:46.961] [OK] [SYNC] order filled detected
[13:32:46.964] [OK] [SYNC] BUY filled on exchange
[13:32:48.063] [OK] [EXEC] PLACE SELL price=81071.99 qty=0.061670
[13:32:48.330] [OK] [EXEC] SELL ORDER SENT orderId=381988467
[13:32:48.337] [OK] [PLAN] HOT entry=81066.84 exit=81071.99 profit=0.317601 age=2414ms
[13:32:48.337] [WS] LIVE bid=81066.00 ask=81073.98
[13:32:51.123] [OK] [SYNC] order filled detected
[13:32:51.124] [OK] [SYNC] SELL filled on exchange
[13:32:51.124] [OK] [EXEC] REALIZED pnl=+0.308967
[13:32:51.568] [OK] [EXEC] BUY ORDER SENT orderId=381988720 price=81086.10 qty=0.061660
[13:32:51.571] [OK] [EXEC] PLACE BUY price=81086.10 qty=0.061660
[13:32:52.706] [OK] [SYNC] order filled detected
[13:32:52.709] [OK] [SYNC] BUY filled on exchange
[13:32:52.716] [WS] LIVE bid=81067.67 ask=81080.05
[13:32:52.869] [OK] [EXEC] PLACE SELL price=81086.14 qty=0.061660
[13:32:53.145] [OK] [EXEC] SELL ORDER SENT orderId=381988908
[13:32:56.774] [WARNING] [EXEC] SELL TIMEOUT orderId=381988908
[13:32:56.775] [WARNING] [EXEC] CANCEL SELL orderId=381988908
[13:32:57.294] [INFO] [EXEC] SELL FINAL STATUS status=CANCELED orderId=381988908
[13:32:57.296] [WARNING] [EXEC] PANIC EXIT final_recover_place_sell
[13:32:57.298] [WARNING] [EXEC] PANIC EXIT panic_final_recover
[13:32:57.299] [WARNING] [EXEC] FORCE EXIT price=81075.04
[13:32:57.301] [OK] [EXEC] PLACE SELL price=81075.04 qty=0.061660
[13:32:57.553] [OK] [EXEC] SELL ORDER SENT orderId=381989236
[13:32:57.569] [OK] [PLAN] READY entry=81070.03 exit=81074.04 profit=0.247297 age=10858ms
[13:32:58.370] [OK] [SYNC] order filled detected
[13:32:58.372] [OK] [SYNC] SELL filled on exchange
[13:32:58.372] [OK] [EXEC] REALIZED pnl=-0.681960
[13:32:58.380] [WS] LIVE bid=81066.01 ask=81074.00
[13:32:59.217] [OK] [EXEC] BUY ORDER SENT orderId=381989424 price=81056.90 qty=0.061680
[13:32:59.219] [OK] [EXEC] PLACE BUY price=81056.90 qty=0.061680
[13:32:59.222] [OK] [PLAN] HOT entry=81056.90 exit=81067.87 profit=0.676630 age=13306ms
[13:33:01.132] [OK] [SYNC] order filled detected
[13:33:01.135] [OK] [SYNC] BUY filled on exchange
[13:33:01.340] [OK] [EXEC] PLACE SELL price=81056.94 qty=0.061680
[13:33:01.603] [OK] [EXEC] SELL ORDER SENT orderId=381989770
[13:33:02.748] [WS] LIVE bid=81032.79 ask=81052.93
[13:33:05.226] [WARNING] [EXEC] SELL TIMEOUT orderId=381989770
[13:33:05.229] [WARNING] [EXEC] CANCEL SELL orderId=381989770
[13:33:05.741] [INFO] [EXEC] SELL FINAL STATUS status=CANCELED orderId=381989770
[13:33:05.741] [WARNING] [EXEC] PANIC EXIT final_recover_place_sell
[13:33:05.741] [WARNING] [EXEC] PANIC EXIT panic_final_recover
[13:33:05.741] [WARNING] [EXEC] FORCE EXIT price=81037.48
[13:33:05.741] [OK] [EXEC] PLACE SELL price=81037.48 qty=0.061680
[13:33:06.017] [OK] [EXEC] SELL ORDER SENT orderId=381990215
[13:33:06.546] [OK] [SYNC] order filled detected
[13:33:06.549] [OK] [SYNC] SELL filled on exchange
[13:33:06.549] [OK] [EXEC] REALIZED pnl=-1.197826
[13:33:07.727] [OK] [EXEC] BUY ORDER SENT orderId=381990419 price=81032.01 qty=0.061700
[13:33:07.731] [OK] [EXEC] PLACE BUY price=81032.01 qty=0.061700
[13:33:07.736] [OK] [PLAN] READY entry=81032.01 exit=81035.42 profit=0.210397 age=2509ms
[13:33:08.260] [WS] LIVE bid=81030.01 ask=81044.32
[13:33:09.195] [OK] [EXEC] BUY FILLED id=381990419
[13:33:09.195] [OK] [PLAN] HOT entry=81032.01 exit=81039.38 profit=0.454729 age=3977ms
[13:33:09.738] [OK] [SYNC] order filled detected
[13:33:09.741] [OK] [SYNC] BUY filled on exchange
[13:33:09.835] [OK] [EXEC] PLACE SELL price=81039.73 qty=0.061700
[13:33:10.097] [OK] [EXEC] SELL ORDER SENT orderId=381990693
[13:33:11.209] [OK] [SYNC] order filled detected
[13:33:11.209] [OK] [SYNC] SELL filled on exchange
[13:33:11.209] [OK] [EXEC] REALIZED pnl=+0.476324
[13:33:12.240] [OK] [EXEC] BUY ORDER SENT orderId=381990816 price=81041.64 qty=0.061690
[13:33:12.242] [OK] [EXEC] PLACE BUY price=81041.64 qty=0.061690
[13:33:12.242] [OK] [PLAN] READY entry=81041.64 exit=81045.95 profit=0.265884 age=6998ms
[13:33:13.710] [OK] [EXEC] BUY FILLED id=381990816
[13:33:13.732] [OK] [PLAN] HOT entry=81032.00 exit=81040.00 profit=0.493600 age=8519ms
[13:33:14.256] [OK] [SYNC] order filled detected
[13:33:14.259] [OK] [SYNC] BUY filled on exchange
[13:33:14.260] [WS] LIVE bid=81039.23 ask=81042.00
[13:33:15.188] [OK] [EXEC] PLACE SELL price=81041.68 qty=0.061690
[13:33:15.460] [OK] [EXEC] SELL ORDER SENT orderId=381991053
[13:33:15.506] [WARNING] [EXEC] CANCEL SELL orderId=381991053
[13:33:15.768] [ERROR] [EXEC] HARD SL triggered
[13:33:15.773] [WARNING] [EXEC] PANIC EXIT sl_mode
[13:33:15.775] [WARNING] [EXEC] FORCE EXIT price=81040.66
[13:33:15.775] [OK] [EXEC] PLACE SELL price=81040.66 qty=0.061690
[13:33:16.038] [OK] [EXEC] SELL ORDER SENT orderId=381991096
[13:33:17.137] [OK] [SYNC] order filled detected
[13:33:17.140] [OK] [SYNC] SELL filled on exchange
[13:33:17.141] [OK] [EXEC] REALIZED pnl=-0.060456
[13:33:18.247] [WS] LIVE bid=81033.89 ask=81041.99
[13:33:18.588] [OK] [EXEC] BUY ORDER SENT orderId=381991291 price=81035.90 qty=0.061700
[13:33:18.592] [OK] [EXEC] PLACE BUY price=81035.90 qty=0.061700
[13:33:20.150] [OK] [EXEC] BUY FILLED id=381991291
[13:33:21.303] [OK] [SYNC] order filled detected
[13:33:21.303] [OK] [SYNC] BUY filled on exchange
[13:33:21.972] [OK] [EXEC] PLACE SELL price=81044.87 qty=0.061700
[13:33:22.236] [OK] [EXEC] SELL ORDER SENT orderId=381991473
[13:33:22.757] [OK] [SYNC] order filled detected
[13:33:22.774] [OK] [SYNC] SELL filled on exchange
[13:33:22.776] [OK] [EXEC] REALIZED pnl=+0.553449
[13:33:23.772] [OK] [EXEC] BUY ORDER SENT orderId=381991659 price=81043.21 qty=0.061690
[13:33:23.772] [OK] [EXEC] PLACE BUY price=81043.21 qty=0.061690
[13:33:23.792] [OK] [PLAN] HOT entry=81043.21 exit=81049.38 profit=0.380627 age=1535ms
[13:33:24.318] [WS] LIVE bid=81039.66 ask=81052.78
[13:33:25.366] [OK] [EXEC] BUY FILLED id=381991659
[13:33:25.910] [OK] [SYNC] order filled detected
[13:33:25.912] [OK] [SYNC] BUY filled on exchange
[13:33:26.586] [OK] [EXEC] PLACE SELL price=81045.31 qty=0.061690
[13:33:26.851] [OK] [EXEC] SELL ORDER SENT orderId=381991904
[13:33:27.714] [WARNING] [EXEC] CANCEL SELL orderId=381991904
[13:33:27.987] [ERROR] [EXEC] HARD SL triggered
[13:33:27.990] [WARNING] [EXEC] PANIC EXIT sl_mode
[13:33:27.991] [WARNING] [EXEC] FORCE EXIT price=81039.29
[13:33:27.991] [OK] [EXEC] PLACE SELL price=81039.29 qty=0.061690
[13:33:28.241] [OK] [EXEC] SELL ORDER SENT orderId=381992017
[13:33:29.273] [WS] LIVE bid=81031.42 ask=81039.92
[13:33:29.553] [OK] [PLAN] READY entry=81033.94 exit=81037.28 profit=0.206078 age=2712ms
[13:33:31.460] [WARNING] [EXEC] SELL TIMEOUT orderId=381992017
[13:33:31.463] [WARNING] [EXEC] CANCEL SELL orderId=381992017
[13:33:32.064] [INFO] [EXEC] SELL FINAL STATUS status=CANCELED orderId=381992017
[13:33:32.066] [WARNING] [EXEC] PANIC EXIT final_recover_place_sell
[13:33:32.070] [WARNING] [EXEC] PANIC EXIT panic_final_recover
[13:33:32.072] [WARNING] [EXEC] FORCE EXIT price=81036.52
[13:33:32.074] [OK] [EXEC] PLACE SELL price=81036.52 qty=0.061690
[13:33:32.382] [OK] [EXEC] SELL ORDER SENT orderId=381992178
[13:33:32.382] [OK] [PLAN] HOT entry=81028.21 exit=81035.52 profit=0.451027 age=4597ms
[13:33:34.022] [OK] [SYNC] order filled detected
[13:33:34.022] [OK] [SYNC] SELL filled on exchange
[13:33:34.022] [OK] [EXEC] REALIZED pnl=-0.412706
[13:33:34.299] [OK] [EXEC] BUY ORDER SENT orderId=381992356 price=81033.22 qty=0.061700
[13:33:34.303] [OK] [EXEC] PLACE BUY price=81033.22 qty=0.061700
[13:33:34.307] [OK] [PLAN] READY entry=81033.22 exit=81036.86 profit=0.224588 age=7436ms
[13:33:34.308] [WS] LIVE bid=81032.26 ask=81036.52
[13:33:36.179] [OK] [PLAN] HOT entry=81035.23 exit=81043.15 profit=0.488664 age=301ms
[13:33:38.263] [WARNING] [EXEC] BUY TIMEOUT orderId=381992356
[13:33:38.266] [WARNING] [EXEC] CANCEL BUY orderId=381992356
[13:33:38.534] [OK] [EXEC] BUY CANCELED confirmed
[13:33:38.788] [INFO] [EXEC] BUY FINAL STATUS status=CANCELED orderId=381992356
[13:33:38.803] [WARNING] [EXEC] BLOCK reason=buy_not_filled
[13:33:39.064] [WS] LIVE bid=81034.01 ask=81044.64
[13:33:40.538] [OK] [EXEC] BUY ORDER SENT orderId=381992795 price=81027.25 qty=0.061700
[13:33:40.541] [OK] [EXEC] PLACE BUY price=81027.25 qty=0.061700
[13:33:40.881] [OK] [EXEC] BUY FILLED id=381992795
[13:33:40.929] [OK] [EXEC] PLACE SELL price=81029.67 qty=0.061700
[13:33:41.193] [OK] [EXEC] SELL ORDER SENT orderId=381992864
[13:33:42.303] [OK] [SYNC] order filled detected
[13:33:42.303] [OK] [SYNC] SELL filled on exchange
[13:33:42.303] [OK] [EXEC] REALIZED pnl=+0.149314
[13:33:42.756] [OK] [EXEC] BUY ORDER SENT orderId=381993014 price=81031.36 qty=0.061700
[13:33:42.756] [OK] [EXEC] PLACE BUY price=81031.36 qty=0.061700
[13:33:42.756] [OK] [PLAN] READY entry=81031.36 exit=81035.21 profit=0.237545 age=1563ms
[13:33:43.795] [OK] [SYNC] order filled detected
[13:33:43.798] [OK] [SYNC] BUY filled on exchange
[13:33:43.800] [WS] LIVE bid=81031.37 ask=81037.36
[13:33:44.527] [OK] [EXEC] PLACE SELL price=81031.40 qty=0.061700
[13:33:44.787] [OK] [EXEC] SELL ORDER SENT orderId=381993237
[13:33:44.804] [OK] [PLAN] HOT entry=81017.95 exit=81026.00 profit=0.496766 age=3598ms
[13:33:46.037] [WARNING] [EXEC] CANCEL SELL orderId=381993237
[13:33:46.299] [ERROR] [EXEC] HARD SL triggered
[13:33:46.302] [WARNING] [EXEC] PANIC EXIT sl_mode
[13:33:46.303] [WARNING] [EXEC] FORCE EXIT price=81029.22
[13:33:46.303] [OK] [EXEC] PLACE SELL price=81029.22 qty=0.061700
[13:33:46.569] [OK] [EXEC] SELL ORDER SENT orderId=381993316
[13:33:47.101] [OK] [SYNC] order filled detected
[13:33:47.101] [OK] [SYNC] SELL filled on exchange
[13:33:47.101] [OK] [EXEC] REALIZED pnl=-0.132038
[13:33:48.566] [OK] [EXEC] BUY ORDER SENT orderId=381993509 price=81031.09 qty=0.061700
[13:33:48.570] [OK] [EXEC] PLACE BUY price=81031.09 qty=0.061700
[13:33:48.570] [WS] LIVE bid=81027.30 ask=81036.27
[13:33:49.007] [OK] [EXEC] BUY FILLED id=381993509
[13:33:49.007] [OK] [PLAN] HOT entry=81020.42 exit=81035.51 profit=0.931204 age=454ms
[13:33:49.573] [OK] [EXEC] PLACE SELL price=81031.13 qty=0.061700
[13:33:49.835] [OK] [EXEC] SELL ORDER SENT orderId=381993775
[13:33:51.509] [WARNING] [EXEC] CANCEL SELL orderId=381993775
[13:33:51.771] [ERROR] [EXEC] HARD SL triggered
[13:33:51.771] [WARNING] [EXEC] PANIC EXIT sl_mode
[13:33:51.771] [WARNING] [EXEC] FORCE EXIT price=81014.54
[13:33:51.771] [OK] [EXEC] PLACE SELL price=81014.54 qty=0.061700
[13:33:52.053] [OK] [EXEC] SELL ORDER SENT orderId=381993980
[13:33:53.116] [OK] [PLAN] READY entry=81008.64 exit=81012.38 profit=0.230833 age=4565ms
[13:33:54.161] [WS] LIVE bid=81004.43 ask=81009.99
[13:33:54.725] [OK] [SYNC] order filled detected
[13:33:54.725] [OK] [SYNC] SELL filled on exchange
[13:33:54.725] [OK] [EXEC] REALIZED pnl=-1.021135
[13:33:55.622] [OK] [EXEC] BUY ORDER SENT orderId=381994232 price=81006.29 qty=0.061720
[13:33:55.628] [OK] [EXEC] PLACE BUY price=81006.29 qty=0.061720
[13:33:57.192] [OK] [EXEC] BUY FILLED id=381994232
[13:33:57.200] [OK] [PLAN] HOT entry=81004.00 exit=81016.00 profit=0.740640 age=1581ms
[13:33:58.196] [OK] [SYNC] order filled detected
[13:33:58.199] [OK] [SYNC] BUY filled on exchange
[13:33:58.551] [OK] [EXEC] PLACE SELL price=81006.66 qty=0.061720
[13:33:58.831] [OK] [EXEC] SELL ORDER SENT orderId=381994400
[13:33:59.318] [WS] LIVE bid=80994.00 ask=81008.01
[13:33:59.413] [WARNING] [EXEC] CANCEL SELL orderId=381994400
[13:33:59.694] [ERROR] [EXEC] HARD SL triggered
[13:33:59.694] [WARNING] [EXEC] PANIC EXIT sl_mode
[13:33:59.694] [WARNING] [EXEC] FORCE EXIT price=80998.98
[13:33:59.694] [OK] [EXEC] PLACE SELL price=80998.98 qty=0.061720
[13:33:59.969] [OK] [EXEC] SELL ORDER SENT orderId=381994659
[13:34:01.866] [OK] [PLAN] READY entry=80976.04 exit=80979.96 profit=0.242021 age=2189ms
[13:34:02.813] [WARNING] [EXEC] SELL TIMEOUT orderId=381994659
[13:34:02.818] [WARNING] [EXEC] CANCEL SELL orderId=381994659
[13:34:03.351] [INFO] [EXEC] SELL FINAL STATUS status=CANCELED orderId=381994659
[13:34:03.355] [WARNING] [EXEC] PANIC EXIT final_recover_place_sell
[13:34:03.357] [WARNING] [EXEC] PANIC EXIT panic_final_recover
[13:34:03.359] [WARNING] [EXEC] FORCE EXIT price=80991.78
[13:34:03.360] [OK] [EXEC] PLACE SELL price=80991.78 qty=0.061720
[13:34:03.616] [OK] [EXEC] SELL ORDER SENT orderId=381995208
[13:34:03.616] [OK] [PLAN] HOT entry=80984.12 exit=80990.78 profit=0.411188 age=3137ms
[13:34:05.126] [WS] LIVE bid=80970.00 ask=80981.50
[13:34:05.911] [WARNING] [EXEC] SELL TIMEOUT orderId=381995208
[13:34:05.917] [WARNING] [EXEC] CANCEL SELL orderId=381995208
[13:34:06.428] [INFO] [EXEC] SELL FINAL STATUS status=CANCELED orderId=381995208
[13:34:06.446] [WARNING] [EXEC] PANIC EXIT final_recover_place_sell
[13:34:06.448] [WARNING] [EXEC] PANIC EXIT panic_final_recover
[13:34:06.449] [WARNING] [EXEC] FORCE EXIT price=80968.78
[13:34:06.451] [OK] [EXEC] PLACE SELL price=80968.78 qty=0.061720
[13:34:06.725] [OK] [EXEC] SELL ORDER SENT orderId=381995544
[13:34:06.733] [OK] [PLAN] READY entry=80964.37 exit=80967.78 profit=0.210567 age=6230ms
[13:34:07.265] [OK] [SYNC] order filled detected
[13:34:07.266] [OK] [SYNC] SELL filled on exchange
[13:34:07.266] [OK] [EXEC] REALIZED pnl=-2.315117
[13:34:08.314] [OK] [EXEC] BUY ORDER SENT orderId=381995816 price=80960.89 qty=0.061750
[13:34:08.318] [OK] [EXEC] PLACE BUY price=80960.89 qty=0.061750
[13:34:08.318] [OK] [PLAN] HOT entry=80960.89 exit=80966.42 profit=0.341477 age=8159ms
[13:34:09.842] [OK] [SYNC] order filled detected
[13:34:09.845] [OK] [SYNC] BUY filled on exchange
[13:34:09.851] [WS] LIVE bid=80946.99 ask=80961.99
[13:34:10.206] [WARNING] cancel all requested
[13:34:10.207] [WARNING] STOP
[13:34:10.980] [WS] stale/lost
[13:34:19.366] [OK] [PLAN] READY entry=80956.01 exit=80960.00 profit=0.246422 age=19953ms
[13:34:20.377] [OK] [PLAN] HOT entry=80959.90 exit=80966.78 profit=0.424840 age=20958ms
[13:34:22.679] [OK] [PLAN] READY entry=80956.01 exit=80960.00 profit=0.246422 age=47ms
[13:34:24.554] [OK] [PLAN] HOT entry=80956.01 exit=80961.95 profit=0.366854 age=1922ms
[13:34:30.305] [OK] [PLAN] HOT entry=80960.38 exit=80965.32 profit=0.305045 age=425ms
[13:34:34.396] [OK] [PLAN] HOT entry=80976.18 exit=80989.27 profit=0.808177 age=995ms
[13:34:35.431] [OK] [PLAN] READY entry=80980.01 exit=80984.00 profit=0.246343 age=2029ms
[13:34:36.398] [OK] [PLAN] HOT entry=80972.01 exit=80982.17 profit=0.627278 age=2999ms
[13:34:40.479] [OK] [PLAN] HOT entry=80959.28 exit=80969.15 profit=0.609472 age=55ms
[13:34:44.853] [OK] [PLAN] HOT entry=80927.01 exit=80938.16 profit=0.688847 age=189ms
[13:34:45.906] [OK] [PLAN] READY entry=80932.01 exit=80935.15 profit=0.193989 age=1237ms
[13:34:46.866] [OK] [PLAN] HOT entry=80916.01 exit=80927.36 profit=0.701317 age=2203ms
[13:34:48.238] [OK] [PLAN] READY entry=80924.01 exit=80927.02 profit=0.185958 age=3575ms
[13:34:48.881] [OK] [PLAN] HOT entry=80931.38 exit=80937.39 profit=0.371298 age=4218ms
[13:34:50.363] [OK] [PLAN] READY entry=80924.01 exit=80927.16 profit=0.194607 age=5699ms
[13:34:51.402] [OK] [PLAN] HOT entry=80922.13 exit=80936.00 profit=0.856889 age=6738ms
[13:34:52.652] [OK] [PLAN] READY entry=80924.01 exit=80928.00 profit=0.246502 age=7987ms
[13:34:53.406] [OK] [PLAN] HOT entry=80914.78 exit=80921.78 profit=0.432530 age=8743ms
[13:34:55.912] [OK] [PLAN] READY entry=80908.01 exit=80912.00 profit=0.246542 age=11243ms
[13:34:58.010] [OK] [PLAN] HOT entry=80906.25 exit=80916.88 profit=0.656828 age=13346ms
[13:35:19.142] [OK] [PLAN] READY entry=80867.78 exit=80871.99 profit=0.260262 age=853ms
[13:35:20.400] [OK] [PLAN] HOT entry=80863.51 exit=80879.18 profit=0.968876 age=2111ms
