[14:54:21.883] [OK] filters loaded
[14:54:48.074] [OK] [SETTINGS] settings saved
[14:54:49.315] [INFO] START_CLICK received enabled=True api_ready=True running=False
[14:54:49.316] [INFO] START_SETTINGS live_enabled=True guard_mode=FAST entry_mode=AGGRESSIVE exit_engine=True order_size=4000.0
[14:54:49.316] [INFO] START_PROFILE order_size=4000.0 min_spread=7.0 guard_mode=FAST entry_mode=AGGRESSIVE sell_timeout=2200 far_sell_ticks=30 taker_exit_after_ms=1600
[14:54:49.317] [INFO] SETTINGS_MERGE_PRESERVE existing_values=true missing_added=1
[14:54:49.802] [EXCHANGE] symbol=BTCU base=BTC quote=U status=TRADING permissions=[]
[14:54:49.808] [OK] START
[14:54:49.811] [OK] START_OK runtime_started
[14:54:50.113] [INFO] [EXEC] LIVE ON
[14:54:50.119] [INFO] [EXEC] WAIT READY
[14:54:50.121] [WARNING] [HEALTH] block spread_too_young lifetime=0
[14:54:50.121] [WARNING] [HEALTH] unstable_spread lifetime=0
[14:54:50.121] [WARNING] [EXEC] BLOCK_BUY reason=ws_stale mode=FAST ws_age=None spread=21.96 stable=1/1 mid_delta=0.00 bid_delta=0.00
[14:54:50.628] [WS] primary url=wss://stream.binance.com:9443/ws/btcu@bookTicker
[14:54:50.629] [WS] connecting primary
[14:54:50.911] [OK] [PLAN] HOT entry=80524.53 exit=80533.38 profit=0.439580 age=795ms
[14:54:51.428] [WS] connected
[14:54:52.472] [INFO] [EXEC] SELL ACCOUNTING RESET new_cycle
[14:54:52.475] [OK] [EXEC] BUY ORDER SENT orderId=385942545 price=80524.63 qty=0.049670
[14:54:52.476] [OK] [EXEC] PLACE BUY price=80524.63 qty=0.049670
[14:54:53.469] [INFO] [EXEC] ENTRY_REPRICE reason=wide_spread_cross old=80524.63 new=80530.03 count=1
[14:54:54.006] [OK] [EXEC] ENTRY_PLACE price=80530.03 qty=0.049670
[14:54:54.902] [OK] [SYNC] order filled detected
[14:54:54.904] [OK] [SYNC] BUY filled on exchange
[14:54:54.905] [OK] [EXEC] BUY FILL UPDATE delta=0.049670 avg=80530.02
[14:54:54.907] [OK] [EXEC] CHUNK ADD qty=0.049670 entry=80530.02
[14:54:54.910] [INFO] [EXEC] CHUNK COUNT n=1
[14:54:54.912] [OK] [EXEC] INVENTORY qty=0.049670
[14:54:54.913] [OK] [EXEC] SELL REQUIRED inventory=0.049670
[14:54:55.436] [INFO] [EXEC] SELL CHECK inventory=0.049670 reported=0.000000 remaining=0.049660 chunks=1
[14:54:55.439] [INFO] [EXEC] PLACE_SELL_SOURCE source=plan price=80533.75
[14:54:55.442] [OK] [EXEC] PLACE SELL price=80533.75 qty=0.049660
[14:54:56.188] [OK] [EXEC] SELL ORDER SENT orderId=385942779
[14:54:56.957] [OK] [SYNC] order filled detected
[14:54:56.960] [OK] [SYNC] SELL filled on exchange
[14:54:56.960] [OK] [EXEC] FIFO CLOSE qty=0.049660 entry=80530.02 exit=80534.50 pnl=+0.222459
[14:54:56.962] [INFO] [EXEC] CHUNK DRAINED
[14:54:56.963] [OK] [EXEC] REALIZED pnl=+0.222459
[14:54:56.964] [INFO] [EXEC] SELL ACCOUNTING RESET flat
[14:54:56.965] [OK] [EXEC] CYCLE CLOSED pnl=+0.222459
[14:54:56.966] [INFO] [EXEC] SESSION realized=+0.222459 wins=1 losses=0
[14:54:56.968] [INFO] [HEALTH] state=GOOD
[14:54:57.231] [INFO] [EXEC] SELL ACCOUNTING RESET new_cycle
[14:54:57.233] [OK] [EXEC] BUY ORDER SENT orderId=385942827 price=80532.32 qty=0.049660
[14:54:57.234] [OK] [EXEC] PLACE BUY price=80532.32 qty=0.049660
[14:54:58.241] [WARNING] [EXEC] ENTRY_CANCEL reason=spread_dead
[14:55:00.617] [INFO] [EXEC] SELL ACCOUNTING RESET new_cycle
[14:55:00.620] [OK] [EXEC] BUY ORDER SENT orderId=385943073 price=80533.35 qty=0.049660
[14:55:00.621] [OK] [EXEC] PLACE BUY price=80533.35 qty=0.049660
[14:55:01.510] [INFO] [EXEC] ENTRY_REPRICE reason=wide_spread_cross old=80533.35 new=80542.27 count=1
[14:55:02.049] [OK] [EXEC] ENTRY_PLACE price=80542.27 qty=0.049660
[14:55:02.058] [OK] [PLAN] HOT entry=80543.25 exit=80563.96 profit=1.028459 age=899ms
[14:55:03.037] [INFO] [EXEC] BUY_WATCHDOG_SYNC orderId=385943435 status=NEW
[14:55:03.041] [WARNING] [EXEC] BUY TIMEOUT orderId=385943435
[14:55:03.042] [WARNING] [EXEC] CANCEL BUY orderId=385943435
[14:55:03.309] [OK] [EXEC] BUY CANCELED confirmed
[14:55:03.576] [INFO] [EXEC] BUY FINAL STATUS status=CANCELED orderId=385943435
[14:55:03.578] [WARNING] [EXEC] BLOCK reason=buy_not_filled
[14:55:04.025] [INFO] [HEALTH] state=GOOD
[14:55:04.293] [INFO] [EXEC] SELL ACCOUNTING RESET new_cycle
[14:55:04.296] [OK] [EXEC] BUY ORDER SENT orderId=385943637 price=80539.34 qty=0.049660
[14:55:04.296] [OK] [EXEC] PLACE BUY price=80539.34 qty=0.049660
[14:55:05.287] [INFO] [EXEC] ENTRY_REPRICE reason=wide_spread_cross old=80539.34 new=80555.74 count=1
[14:55:05.820] [OK] [EXEC] ENTRY_PLACE price=80555.74 qty=0.049660
[14:55:07.041] [INFO] [EXEC] BUY_WATCHDOG_SYNC orderId=385943899 status=NEW
[14:55:07.045] [WARNING] [EXEC] BUY TIMEOUT orderId=385943899
[14:55:07.046] [WARNING] [EXEC] CANCEL BUY orderId=385943899
[14:55:07.311] [OK] [EXEC] BUY CANCELED confirmed
[14:55:07.576] [INFO] [EXEC] BUY FINAL STATUS status=CANCELED orderId=385943899
[14:55:07.578] [WARNING] [EXEC] BLOCK reason=buy_not_filled
[14:55:08.324] [INFO] [EXEC] SELL ACCOUNTING RESET new_cycle
[14:55:08.327] [OK] [EXEC] BUY ORDER SENT orderId=385944132 price=80555.13 qty=0.049650
[14:55:08.330] [OK] [EXEC] PLACE BUY price=80555.13 qty=0.049650
[14:55:09.314] [INFO] [EXEC] ENTRY_REPRICE reason=wide_spread_cross old=80555.13 new=80555.25 count=1
[14:55:09.872] [OK] [EXEC] ENTRY_PLACE price=80555.25 qty=0.049650
[14:55:10.849] [INFO] [EXEC] BUY_WATCHDOG_SYNC orderId=385944237 status=NEW
[14:55:10.853] [WARNING] [EXEC] BUY TIMEOUT orderId=385944237
[14:55:10.854] [WARNING] [EXEC] CANCEL BUY orderId=385944237
[14:55:11.120] [OK] [EXEC] BUY CANCELED confirmed
[14:55:11.391] [INFO] [EXEC] BUY FINAL STATUS status=CANCELED orderId=385944237
[14:55:11.397] [WARNING] [EXEC] BLOCK reason=buy_not_filled
[14:55:11.861] [INFO] [HEALTH] state=GOOD
[14:55:12.149] [INFO] [EXEC] SELL ACCOUNTING RESET new_cycle
[14:55:12.154] [OK] [EXEC] BUY ORDER SENT orderId=385944499 price=80557.10 qty=0.049650
[14:55:12.156] [OK] [EXEC] PLACE BUY price=80557.10 qty=0.049650
[14:55:12.688] [OK] [SYNC] order filled detected
[14:55:12.690] [OK] [SYNC] BUY filled on exchange
[14:55:12.690] [OK] [EXEC] BUY FILL UPDATE delta=0.049650 avg=80555.14
[14:55:12.692] [OK] [EXEC] CHUNK ADD qty=0.049650 entry=80555.14
[14:55:12.693] [INFO] [EXEC] CHUNK COUNT n=1
[14:55:12.695] [OK] [EXEC] INVENTORY qty=0.049650
[14:55:12.696] [OK] [EXEC] SELL REQUIRED inventory=0.049650
[14:55:13.668] [INFO] [EXEC] SELL CHECK inventory=0.049650 reported=0.000000 remaining=0.049650 chunks=1
[14:55:13.672] [INFO] [EXEC] PLACE_SELL_SOURCE source=plan price=80555.16
[14:55:13.673] [OK] [EXEC] PLACE SELL price=80555.16 qty=0.049650
[14:55:13.947] [OK] [EXEC] SELL ORDER SENT orderId=385944764
[14:55:16.857] [INFO] [EXEC] SELL_WATCHDOG_SYNC orderId=385944764 status=NEW
[14:55:16.861] [WARNING] [EXEC] SELL_WATCHDOG_FAR_CANCEL orderId=385944764 price=80555.16 ask=80532.76 dist_ticks=2239
[14:55:17.384] [INFO] [EXEC] SELL_FAR_CANCEL_FINAL_STATUS status=CANCELED
[14:55:18.416] [INFO] [EXEC] SELL CHECK inventory=0.049650 reported=0.000000 remaining=0.049650 chunks=1
[14:55:18.419] [INFO] [EXEC] SELL_REPRICE_FRESH_APPLIED old=80555.16 new=80537.73 ask=80537.76 bid=80525.01
[14:55:18.422] [INFO] [EXEC] SELL_REPRICE_VALIDATION old=80555.16 new=80537.73 ask=80537.76 dist_ticks=2 source=fresh_snapshot
[14:55:18.425] [WARNING] [EXEC] SELL_FLOOR_BLOCKED price=80537.73 floor=80555.15 entry=80555.14 reason=below_min_profit source=fresh_after_far_cancel
[14:55:18.428] [INFO] [EXEC] PLACE_SELL_SOURCE source=fresh_after_far_cancel price=80555.15
[14:55:18.429] [OK] [EXEC] PLACE SELL price=80555.15 qty=0.049650
[14:55:18.701] [WARNING] [EXEC] SELL_HOLD_RECOVERY_START orderId=385944986 entry=80555.14 floor=80555.15 ask=80537.76
[14:55:18.704] [OK] [EXEC] SELL ORDER SENT orderId=385944986
[14:55:19.658] [WARNING] [EXEC] SELL_QTY_CLAMP inventory=0.049650 free=0.043577 final=0.043577
[14:55:20.932] [INFO] [EXEC] SELL_WATCHDOG_SYNC orderId=385944986 status=NEW
[14:55:20.936] [INFO] [EXEC] SELL_WATCHDOG_FAR_IGNORE orderId=385944986 reason=protected_sell dist_ticks=1291
[14:55:22.413] [INFO] [EXEC] SELL_WATCHDOG_SYNC orderId=385944986 status=NEW
[14:55:23.197] [WARNING] [EXEC] SELL_QTY_CLAMP inventory=0.049650 free=0.043577 final=0.043577
[14:55:23.478] [INFO] [EXEC] SELL_WATCHDOG_SYNC orderId=385944986 status=NEW
[14:55:26.443] [WARNING] [EXEC] SELL_QTY_CLAMP inventory=0.049650 free=0.043577 final=0.043577
[14:55:26.723] [INFO] [EXEC] SELL_WATCHDOG_SYNC orderId=385944986 status=NEW
[14:55:26.726] [WARNING] [EXEC] SMART_EXIT_ACTIVE
[14:55:26.728] [WARNING] [EXEC] SMART_EXIT_BREAK_HOLD reason=too_far age=7747 dist_ticks=1446
[14:55:27.251] [WARNING] [EXEC] TAKER_EXIT_TRIGGER reason=smart_break_hold_too_far age=8020 qty=0.049650
[14:55:27.255] [WARNING] [EXEC] SMART_EXIT_TO_TAKER reason=smart_break_hold_too_far
[14:55:27.256] [WARNING] [EXEC] TAKER_EXIT_CANCEL_MAKER orderId=385944986
[14:55:28.081] [INFO] [EXEC] PLACE_SELL_SOURCE source=taker price=80530.14
[14:55:28.346] [WARNING] [EXEC] TAKER_EXIT_ORDER_SENT id=385945438 price=80530.14 qty=0.049650
[14:55:28.898] [WARNING] [SYNC] desync fixed
[14:55:29.026] [WARNING] [EXEC] SMART_EXIT_ORPHAN_INVENTORY qty=0.049650
[14:55:29.030] [WARNING] [EXEC] SMART_EXIT_PANIC_RETRY reason=inventory_no_sell attempt=1
[14:55:29.031] [WARNING] [EXEC] EXIT_FAIL reason=smart_exit_inventory_no_sell force_exit
[14:55:29.033] [WARNING] [EXEC] PANIC EXIT smart_exit_inventory_no_sell
[14:55:29.312] [WARNING] [EXEC] FORCE EXIT price=80537.98
[14:55:29.314] [INFO] [EXEC] PLACE_SELL_SOURCE source=panic price=80537.98
[14:55:29.315] [OK] [EXEC] PLACE SELL price=80537.98 qty=0.049650
[14:55:29.586] [WARNING] [EXEC] PANIC START price=80537.98
[14:55:29.587] [OK] [EXEC] SELL ORDER SENT orderId=385945528
[14:55:30.535] [WARNING] [EXEC] SELL_QTY_CLAMP inventory=0.049650 free=0.043577 final=0.043577
[14:55:30.801] [INFO] [EXEC] SMART_EXIT_PANIC_STATUS id=385945528 status=FILLED filled=0.049650 remaining=0.000000 age=1508
[14:55:31.068] [OK] [EXEC] FIFO CLOSE qty=0.049650 entry=80555.14 exit=80537.98 pnl=-0.851908
[14:55:31.072] [INFO] [EXEC] CHUNK DRAINED
[14:55:31.075] [OK] [EXEC] REALIZED pnl=-0.851908
[14:55:31.077] [OK] [EXEC] SMART_EXIT_DONE_FLAT
[14:55:31.080] [INFO] [EXEC] SELL ACCOUNTING RESET flat
[14:55:31.081] [OK] [EXEC] CYCLE CLOSED pnl=-0.851908
[14:55:31.083] [INFO] [EXEC] SESSION realized=-0.629449 wins=1 losses=1
[14:55:31.084] [OK] [EXEC] EXIT_FILLED
[14:55:31.085] [INFO] [EXEC] SELL ACCOUNTING RESET flat
[14:55:31.086] [INFO] [EXEC] CYCLE SKIP no_fifo_pnl
[14:55:31.087] [OK] [EXEC] SELL FILLED id=385945528
[14:55:31.088] [OK] [EXEC] SELL FILLED qty=0.049650 remaining=0.000000
[14:55:31.089] [INFO] [EXEC] SELL ACCOUNTING RESET inventory_drained
[14:55:31.090] [INFO] [EXEC] INVENTORY DRAINED epsilon_cleanup qty=0.000000
[14:55:31.091] [INFO] [EXEC] SELL ACCOUNTING RESET flat
[14:55:31.092] [INFO] [EXEC] CYCLE SKIP no_fifo_pnl
[14:55:31.532] [INFO] [HEALTH] state=GOOD
[14:55:31.534] [WARNING] [EXEC] BLOCK_BUY reason=cooldown_loss_cycle mode=FAST ws_age=30 spread=12.01 stable=1/1 mid_delta=0.00 bid_delta=0.00
[14:55:32.291] [INFO] [EXEC] SELL ACCOUNTING RESET new_cycle
[14:55:32.294] [OK] [EXEC] BUY ORDER SENT orderId=385945671 price=80531.21 qty=0.049670
[14:55:32.297] [OK] [EXEC] PLACE BUY price=80531.21 qty=0.049670
[14:55:33.314] [INFO] [EXEC] ENTRY_REPRICE reason=wide_spread_cross old=80531.21 new=80531.24 count=1
[14:55:33.861] [OK] [EXEC] ENTRY_PLACE price=80531.24 qty=0.049670
[14:55:34.838] [INFO] [EXEC] BUY_WATCHDOG_SYNC orderId=385945708 status=NEW
[14:55:34.841] [WARNING] [EXEC] BUY TIMEOUT orderId=385945708
[14:55:34.843] [WARNING] [EXEC] CANCEL BUY orderId=385945708
[14:55:35.104] [OK] [EXEC] BUY CANCELED confirmed
[14:55:35.370] [INFO] [EXEC] BUY FINAL STATUS status=CANCELED orderId=385945708
[14:55:35.374] [WARNING] [EXEC] BLOCK reason=buy_not_filled
[14:55:36.089] [INFO] [EXEC] SELL ACCOUNTING RESET new_cycle
[14:55:36.093] [OK] [EXEC] BUY ORDER SENT orderId=385945779 price=80533.43 qty=0.049660
[14:55:36.096] [OK] [EXEC] PLACE BUY price=80533.43 qty=0.049660
[14:55:37.876] [INFO] [EXEC] BUY_WATCHDOG_SYNC orderId=385945779 status=NEW
[14:55:37.880] [WARNING] [EXEC] BUY TIMEOUT orderId=385945779
[14:55:37.883] [WARNING] [EXEC] CANCEL BUY orderId=385945779
[14:55:38.231] [OK] [EXEC] BUY CANCELED confirmed
[14:55:38.500] [INFO] [EXEC] BUY FINAL STATUS status=FILLED orderId=385945779
[14:55:38.505] [OK] [EXEC] BUY FILL UPDATE delta=0.049660 avg=80533.43
[14:55:38.508] [OK] [EXEC] CHUNK ADD qty=0.049660 entry=80533.43
[14:55:38.511] [INFO] [EXEC] CHUNK COUNT n=1
[14:55:38.514] [OK] [EXEC] INVENTORY qty=0.049660
[14:55:38.516] [OK] [EXEC] SELL REQUIRED inventory=0.049660
[14:55:38.518] [OK] [EXEC] BUY FILLED during cancel
[14:55:38.521] [OK] [EXEC] BUY FILLED id=385945779
[14:55:39.094] [OK] [SYNC] order filled detected
[14:55:39.096] [OK] [SYNC] BUY filled on exchange
[14:55:39.097] [WARNING] [EXEC] SELL_QTY_CLAMP inventory=0.049660 free=0.043577 final=0.043577
[14:55:39.626] [INFO] [EXEC] SELL CHECK inventory=0.049660 reported=0.000000 remaining=0.049660 chunks=1
[14:55:39.628] [INFO] [EXEC] PLACE_SELL_SOURCE source=plan price=80534.31
[14:55:39.629] [OK] [EXEC] PLACE SELL price=80534.31 qty=0.049660
[14:55:39.922] [OK] [EXEC] SELL ORDER SENT orderId=385945941
[14:55:41.659] [OK] [SYNC] order filled detected
[14:55:41.662] [OK] [SYNC] SELL filled on exchange
[14:55:41.662] [OK] [EXEC] FIFO CLOSE qty=0.049660 entry=80533.43 exit=80534.31 pnl=+0.043701
[14:55:41.664] [INFO] [EXEC] CHUNK DRAINED
[14:55:41.665] [OK] [EXEC] REALIZED pnl=+0.043701
[14:55:41.666] [INFO] [EXEC] SELL ACCOUNTING RESET flat
[14:55:41.667] [OK] [EXEC] CYCLE CLOSED pnl=+0.043701
[14:55:41.668] [INFO] [EXEC] SESSION realized=-0.585748 wins=2 losses=1
[14:55:41.669] [INFO] [HEALTH] state=GOOD
[14:55:41.928] [INFO] [EXEC] SELL ACCOUNTING RESET new_cycle
[14:55:41.932] [OK] [EXEC] BUY ORDER SENT orderId=385946059 price=80523.98 qty=0.049670
[14:55:41.933] [OK] [EXEC] PLACE BUY price=80523.98 qty=0.049670
[14:55:44.238] [INFO] [EXEC] BUY_WATCHDOG_SYNC orderId=385946059 status=NEW
[14:55:44.242] [WARNING] [EXEC] BUY TIMEOUT orderId=385946059
[14:55:44.243] [WARNING] [EXEC] CANCEL BUY orderId=385946059
[14:55:44.527] [OK] [EXEC] BUY CANCELED confirmed
[14:55:45.286] [INFO] [EXEC] BUY FINAL STATUS status=CANCELED orderId=385946059
[14:55:45.289] [WARNING] [EXEC] BLOCK reason=buy_not_filled
[14:55:45.960] [INFO] [EXEC] SELL ACCOUNTING RESET new_cycle
[14:55:45.964] [OK] [EXEC] BUY ORDER SENT orderId=385946321 price=80523.00 qty=0.049670
[14:55:45.966] [OK] [EXEC] PLACE BUY price=80523.00 qty=0.049670
[14:55:46.984] [INFO] [EXEC] ENTRY_REPRICE reason=wide_spread_cross old=80523.00 new=80523.03 count=1
[14:55:47.511] [OK] [EXEC] ENTRY_PLACE price=80523.03 qty=0.049670
[14:55:48.516] [INFO] [EXEC] BUY_WATCHDOG_SYNC orderId=385946400 status=NEW
[14:55:48.520] [WARNING] [EXEC] BUY_WATCHDOG_FAR_CANCEL orderId=385946400 price=80523.03 bid=80525.20 dist_ticks=217
[14:55:49.227] [INFO] [HEALTH] state=GOOD
[14:55:49.494] [INFO] [EXEC] SELL ACCOUNTING RESET new_cycle
[14:55:49.497] [OK] [EXEC] BUY ORDER SENT orderId=385946491 price=80523.01 qty=0.049670
[14:55:49.499] [OK] [EXEC] PLACE BUY price=80523.01 qty=0.049670
[14:55:50.982] [INFO] [EXEC] BUY_WATCHDOG_SYNC orderId=385946491 status=NEW
[14:55:50.986] [WARNING] [EXEC] BUY_WATCHDOG_FAR_CANCEL orderId=385946491 price=80523.01 bid=80525.07 dist_ticks=206
[14:55:51.999] [INFO] [EXEC] SELL ACCOUNTING RESET new_cycle
[14:55:52.003] [OK] [EXEC] BUY ORDER SENT orderId=385946534 price=80526.07 qty=0.049670
[14:55:52.006] [OK] [EXEC] PLACE BUY price=80526.07 qty=0.049670
[14:55:53.031] [INFO] [EXEC] ENTRY_REPRICE reason=wide_spread_cross old=80526.07 new=80532.45 count=1
[14:55:53.556] [OK] [EXEC] ENTRY_PLACE price=80532.45 qty=0.049670
[14:55:54.474] [INFO] START_CLICK received enabled=True api_ready=True running=True
[14:55:54.840] [WARNING] cancel all requested
[14:55:55.643] [WARNING] [SYNC] desync fixed
[14:55:55.646] [WARNING] [EXEC] BALANCE_EXTERNAL_BTC free=0.043577 locked=0.000000
[14:55:55.648] [INFO] [EXEC] SELL ACCOUNTING RESET reconcile_stop
[14:55:55.649] [INFO] [EXEC] RECONCILE_FLAT reason=inventory_empty_safe_qty_zero
[14:55:55.651] [WARNING] STOP
