[12:13:43.730] [OK] filters loaded
[12:13:51.416] [INFO] START_CLICK received enabled=True api_ready=True running=False
[12:13:51.416] [INFO] START_SETTINGS live_enabled=True guard_mode=FAST entry_mode=AGGRESSIVE exit_engine=True order_size=4000.0
[12:13:51.416] [INFO] START_PROFILE order_size=4000.0 min_spread=7.0 guard_mode=FAST entry_mode=AGGRESSIVE sell_timeout=2200 far_sell_ticks=30 taker_exit_after_ms=1600
[12:13:51.416] [INFO] SETTINGS_MERGE_PRESERVE existing_values=true missing_added=0
[12:13:51.899] [EXCHANGE] symbol=BTCU base=BTC quote=U status=TRADING permissions=[]
[12:13:51.899] [OK] START
[12:13:51.899] [OK] START_OK runtime_started
[12:13:52.425] [INFO] [EXEC] LIVE ON
[12:13:52.426] [INFO] [EXEC] WAIT READY
[12:13:52.718] [WS] primary url=wss://stream.binance.com:9443/ws/btcu@bookTicker
[12:13:52.718] [WS] connecting primary
[12:13:53.699] [WS] connected
[12:13:57.667] [WARNING] [HEALTH] block spread_too_young lifetime=0
[12:13:57.670] [WARNING] [HEALTH] unstable_spread lifetime=0
[12:13:57.672] [WARNING] [EXEC] BLOCK_BUY reason=spread_too_young mode=FAST ws_age=46 spread=11.79 stable=1/1 mid_delta=0.00 bid_delta=0.00
[12:13:59.267] [INFO] [EXEC] SELL ACCOUNTING RESET new_cycle
[12:13:59.271] [OK] [EXEC] BUY ORDER SENT orderId=385330879 price=80803.01 qty=0.049500
[12:13:59.276] [OK] [EXEC] PLACE BUY price=80803.01 qty=0.049500
[12:14:00.212] [INFO] [EXEC] ENTRY_REPRICE reason=wide_spread_cross old=80803.01 new=80806.34 count=1
[12:14:00.759] [OK] [EXEC] ENTRY_PLACE price=80806.34 qty=0.049500
[12:14:02.495] [INFO] [EXEC] BUY_WATCHDOG_SYNC orderId=385330976 status=FILLED
[12:14:02.511] [OK] [SYNC] order filled detected
[12:14:02.511] [OK] [SYNC] BUY filled on exchange
[12:14:02.511] [OK] [EXEC] BUY FILL UPDATE delta=0.049500 avg=80806.34
[12:14:02.511] [OK] [EXEC] CHUNK ADD qty=0.049500 entry=80806.34
[12:14:02.511] [INFO] [EXEC] CHUNK COUNT n=1
[12:14:02.511] [OK] [EXEC] INVENTORY qty=0.049500
[12:14:02.511] [OK] [EXEC] SELL REQUIRED inventory=0.049500
[12:14:03.538] [INFO] [EXEC] SELL CHECK inventory=0.049500 reported=0.000000 remaining=0.049500 chunks=1
[12:14:03.539] [INFO] [EXEC] PLACE_SELL_SOURCE source=plan price=80811.76
[12:14:03.539] [OK] [EXEC] PLACE SELL price=80811.76 qty=0.049500
[12:14:03.799] [OK] [EXEC] SELL ORDER SENT orderId=385331015
[12:14:05.875] [INFO] [EXEC] SELL_WATCHDOG_SYNC orderId=385331015 status=NEW
[12:14:05.878] [WARNING] [EXEC] TAKER_EXIT_TRIGGER reason=force_flat_after_ms age=2064 qty=0.049500
[12:14:05.880] [WARNING] [EXEC] TAKER_EXIT_CANCEL_MAKER orderId=385331015
[12:14:06.698] [INFO] [EXEC] PLACE_SELL_SOURCE source=taker price=80808.36
[12:14:06.983] [WARNING] [EXEC] TAKER_EXIT_ORDER_SENT id=385331063 price=80808.36 qty=0.049500
[12:14:08.025] [WARNING] [SYNC] desync fixed
[12:14:08.025] [INFO] [EXEC] EXIT RECOVERY inventory_no_sell qty=0.049500
[12:14:08.025] [WARNING] [EXEC] SELL_PENDING_WITHOUT_ORDER_FIXED
[12:14:08.590] [INFO] [EXEC] SELL CHECK inventory=0.049500 reported=0.000000 remaining=0.049500 chunks=1
[12:14:08.592] [INFO] [EXEC] PLACE_SELL_SOURCE source=plan price=80806.36
[12:14:08.593] [OK] [EXEC] PLACE SELL price=80806.36 qty=0.049500
[12:14:08.860] [OK] [EXEC] SELL ORDER SENT orderId=385331210
[12:14:09.556] [OK] [SYNC] order filled detected
[12:14:09.556] [OK] [SYNC] SELL filled on exchange
[12:14:09.556] [OK] [EXEC] FIFO CLOSE qty=0.049500 entry=80806.34 exit=80806.36 pnl=+0.000990
[12:14:09.575] [INFO] [EXEC] CHUNK DRAINED
[12:14:09.578] [OK] [EXEC] REALIZED pnl=+0.000990
[12:14:09.580] [INFO] [EXEC] SELL ACCOUNTING RESET flat
[12:14:09.582] [OK] [EXEC] CYCLE CLOSED pnl=+0.000990
[12:14:09.584] [INFO] [EXEC] SESSION realized=+0.000990 wins=1 losses=0
[12:14:10.259] [INFO] [HEALTH] state=GOOD
[12:14:10.541] [INFO] [EXEC] SELL ACCOUNTING RESET new_cycle
[12:14:10.541] [OK] [EXEC] BUY ORDER SENT orderId=385331287 price=80804.28 qty=0.049500
[12:14:10.541] [OK] [EXEC] PLACE BUY price=80804.28 qty=0.049500
[12:14:11.571] [INFO] [EXEC] ENTRY_REPRICE reason=bid_moved_up old=80804.28 new=80807.42 count=1
[12:14:12.587] [OK] [EXEC] ENTRY_PLACE price=80807.42 qty=0.049500
[12:14:14.851] [INFO] [EXEC] BUY_WATCHDOG_SYNC orderId=385331369 status=NEW
[12:14:14.853] [WARNING] [EXEC] BUY_WATCHDOG_FAR_CANCEL orderId=385331369 price=80807.42 bid=80809.60 dist_ticks=218
[12:14:17.323] [INFO] [HEALTH] state=GOOD
[12:14:17.604] [INFO] [EXEC] SELL ACCOUNTING RESET new_cycle
[12:14:17.604] [OK] [EXEC] BUY ORDER SENT orderId=385331550 price=80807.13 qty=0.049500
[12:14:17.604] [OK] [EXEC] PLACE BUY price=80807.13 qty=0.049500
[12:14:19.088] [INFO] [EXEC] ENTRY_REPRICE reason=bid_moved_up old=80807.13 new=80823.01 count=1
[12:14:19.650] [OK] [EXEC] ENTRY_PLACE price=80823.01 qty=0.049500
[12:14:20.215] [OK] [SYNC] order filled detected
[12:14:20.217] [OK] [SYNC] BUY filled on exchange
[12:14:20.217] [OK] [EXEC] BUY FILL UPDATE delta=0.049500 avg=80823.01
[12:14:20.218] [OK] [EXEC] CHUNK ADD qty=0.049500 entry=80823.01
[12:14:20.220] [INFO] [EXEC] CHUNK COUNT n=1
[12:14:20.221] [OK] [EXEC] INVENTORY qty=0.049500
[12:14:20.221] [OK] [EXEC] SELL REQUIRED inventory=0.049500
[12:14:21.102] [INFO] [EXEC] SELL CHECK inventory=0.049500 reported=0.000000 remaining=0.049500 chunks=1
[12:14:21.102] [INFO] [EXEC] PLACE_SELL_SOURCE source=plan price=80823.03
[12:14:21.102] [OK] [EXEC] PLACE SELL price=80823.03 qty=0.049500
[12:14:21.420] [OK] [EXEC] SELL ORDER SENT orderId=385331795
[12:14:21.962] [OK] [SYNC] order filled detected
[12:14:21.962] [OK] [SYNC] SELL filled on exchange
[12:14:21.966] [OK] [EXEC] FIFO CLOSE qty=0.049500 entry=80823.01 exit=80823.03 pnl=+0.000990
[12:14:21.968] [INFO] [EXEC] CHUNK DRAINED
[12:14:21.968] [OK] [EXEC] REALIZED pnl=+0.000990
[12:14:21.974] [INFO] [EXEC] SELL ACCOUNTING RESET flat
[12:14:21.974] [OK] [EXEC] CYCLE CLOSED pnl=+0.000990
[12:14:21.974] [INFO] [EXEC] SESSION realized=+0.001980 wins=2 losses=0
[12:14:26.619] [INFO] [HEALTH] state=GOOD
[12:14:26.891] [INFO] [EXEC] SELL ACCOUNTING RESET new_cycle
[12:14:26.891] [OK] [EXEC] BUY ORDER SENT orderId=385332175 price=80811.00 qty=0.049490
[12:14:26.891] [OK] [EXEC] PLACE BUY price=80811.00 qty=0.049490
[12:14:27.891] [INFO] [EXEC] ENTRY_REPRICE reason=bid_moved_up old=80811.00 new=80813.74 count=1
[12:14:28.923] [OK] [EXEC] ENTRY_PLACE price=80813.74 qty=0.049490
[12:14:29.489] [OK] [SYNC] order filled detected
[12:14:29.492] [OK] [SYNC] BUY filled on exchange
[12:14:29.492] [OK] [EXEC] BUY FILL UPDATE delta=0.049490 avg=80813.73
[12:14:29.494] [OK] [EXEC] CHUNK ADD qty=0.049490 entry=80813.73
[12:14:29.494] [INFO] [EXEC] CHUNK COUNT n=1
[12:14:29.496] [OK] [EXEC] INVENTORY qty=0.049490
[12:14:29.497] [OK] [EXEC] SELL REQUIRED inventory=0.049490
[12:14:30.198] [INFO] [EXEC] SELL CHECK inventory=0.049490 reported=0.000000 remaining=0.049480 chunks=1
[12:14:30.198] [INFO] [EXEC] PLACE_SELL_SOURCE source=plan price=80817.72
[12:14:30.215] [OK] [EXEC] PLACE SELL price=80817.72 qty=0.049480
[12:14:30.510] [OK] [EXEC] SELL ORDER SENT orderId=385332288
[12:14:31.989] [OK] [SYNC] order filled detected
[12:14:31.995] [OK] [SYNC] SELL filled on exchange
[12:14:31.996] [OK] [EXEC] FIFO CLOSE qty=0.049480 entry=80813.73 exit=80817.72 pnl=+0.197425
[12:14:31.996] [INFO] [EXEC] CHUNK DRAINED
[12:14:31.996] [OK] [EXEC] REALIZED pnl=+0.197425
[12:14:31.996] [INFO] [EXEC] SELL ACCOUNTING RESET flat
[12:14:31.996] [OK] [EXEC] CYCLE CLOSED pnl=+0.197425
[12:14:31.996] [INFO] [EXEC] SESSION realized=+0.199405 wins=3 losses=0
[12:14:32.731] [INFO] [HEALTH] state=GOOD
[12:14:32.997] [INFO] [EXEC] SELL ACCOUNTING RESET new_cycle
[12:14:32.999] [OK] [EXEC] BUY ORDER SENT orderId=385332418 price=80814.86 qty=0.049490
[12:14:33.000] [OK] [EXEC] PLACE BUY price=80814.86 qty=0.049490
[12:14:34.006] [OK] [EXEC] BUY FILL UPDATE delta=0.049490 avg=80814.86
[12:14:34.011] [OK] [EXEC] CHUNK ADD qty=0.049490 entry=80814.86
[12:14:34.014] [INFO] [EXEC] CHUNK COUNT n=1
[12:14:34.016] [OK] [EXEC] INVENTORY qty=0.049490
[12:14:34.018] [OK] [EXEC] SELL REQUIRED inventory=0.049490
[12:14:34.021] [OK] [EXEC] BUY PARTIAL delta=0.049490 total=0.049490
[12:14:34.023] [OK] [EXEC] BUY REMAINING qty=0.000000
[12:14:34.025] [OK] [EXEC] BUY FILLED id=385332418
[12:14:34.572] [OK] [SYNC] order filled detected
[12:14:34.572] [OK] [SYNC] BUY filled on exchange
[12:14:34.760] [WARNING] [EXEC] SELL_QTY_CLAMP inventory=0.049490 free=0.000017 final=0.000017
[12:14:35.323] [INFO] [EXEC] SELL CHECK inventory=0.049490 reported=0.000000 remaining=0.049480 chunks=1
[12:14:35.323] [INFO] [EXEC] PLACE_SELL_SOURCE source=plan price=80818.86
[12:14:35.323] [OK] [EXEC] PLACE SELL price=80818.86 qty=0.049480
[12:14:35.603] [OK] [EXEC] SELL ORDER SENT orderId=385332548
[12:14:36.698] [OK] [SYNC] order filled detected
[12:14:36.698] [OK] [SYNC] SELL filled on exchange
[12:14:36.714] [OK] [EXEC] FIFO CLOSE qty=0.049480 entry=80814.86 exit=80819.09 pnl=+0.209538
[12:14:36.717] [INFO] [EXEC] CHUNK DRAINED
[12:14:36.720] [OK] [EXEC] REALIZED pnl=+0.209538
[12:14:36.722] [INFO] [EXEC] SELL ACCOUNTING RESET flat
[12:14:36.725] [OK] [EXEC] CYCLE CLOSED pnl=+0.209538
[12:14:36.727] [INFO] [EXEC] SESSION realized=+0.408944 wins=4 losses=0
[12:14:37.807] [INFO] [EXEC] SELL ACCOUNTING RESET new_cycle
[12:14:37.807] [OK] [EXEC] BUY ORDER SENT orderId=385332690 price=80811.01 qty=0.049490
[12:14:37.807] [OK] [EXEC] PLACE BUY price=80811.01 qty=0.049490
[12:14:38.806] [INFO] [EXEC] ENTRY_REPRICE reason=bid_moved_up old=80811.01 new=80812.01 count=1
[12:14:39.442] [OK] [EXEC] ENTRY_PLACE price=80812.01 qty=0.049490
[12:14:40.431] [INFO] [EXEC] BUY_WATCHDOG_SYNC orderId=385332742 status=NEW
[12:14:40.431] [WARNING] [EXEC] BUY_WATCHDOG_FAR_CANCEL orderId=385332742 price=80812.01 bid=80813.22 dist_ticks=121
[12:15:06.198] [INFO] [HEALTH] state=GOOD
[12:15:06.482] [INFO] [EXEC] SELL ACCOUNTING RESET new_cycle
[12:15:06.486] [OK] [EXEC] BUY ORDER SENT orderId=385333300 price=80815.17 qty=0.049490
[12:15:06.489] [OK] [EXEC] PLACE BUY price=80815.17 qty=0.049490
[12:15:07.786] [INFO] [EXEC] ENTRY_REPRICE reason=bid_moved_up old=80815.17 new=80817.39 count=1
[12:15:08.348] [OK] [EXEC] ENTRY_PLACE price=80817.39 qty=0.049490
[12:15:09.311] [INFO] [EXEC] BUY_WATCHDOG_SYNC orderId=385333368 status=NEW
[12:15:09.316] [WARNING] [EXEC] BUY TIMEOUT orderId=385333368
[12:15:09.319] [WARNING] [EXEC] CANCEL BUY orderId=385333368
[12:15:09.584] [OK] [EXEC] BUY CANCELED confirmed
[12:15:09.859] [INFO] [EXEC] BUY FINAL STATUS status=CANCELED orderId=385333368
[12:15:09.861] [WARNING] [EXEC] BLOCK reason=buy_not_filled
[12:15:11.081] [INFO] [EXEC] SELL ACCOUNTING RESET new_cycle
[12:15:11.084] [OK] [EXEC] BUY ORDER SENT orderId=385333409 price=80811.01 qty=0.049490
[12:15:11.087] [OK] [EXEC] PLACE BUY price=80811.01 qty=0.049490
[12:15:12.095] [INFO] [EXEC] ENTRY_REPRICE reason=bid_moved_up old=80811.01 new=80814.11 count=1
[12:15:13.157] [OK] [EXEC] ENTRY_PLACE price=80814.11 qty=0.049490
[12:15:13.705] [OK] [SYNC] order filled detected
[12:15:13.708] [OK] [SYNC] BUY filled on exchange
[12:15:13.709] [OK] [EXEC] BUY FILL UPDATE delta=0.049490 avg=80813.16
[12:15:13.712] [OK] [EXEC] CHUNK ADD qty=0.049490 entry=80813.16
[12:15:13.713] [INFO] [EXEC] CHUNK COUNT n=1
[12:15:13.713] [OK] [EXEC] INVENTORY qty=0.049490
[12:15:13.713] [OK] [EXEC] SELL REQUIRED inventory=0.049490
[12:15:14.948] [INFO] [EXEC] SELL CHECK inventory=0.049490 reported=0.000000 remaining=0.049480 chunks=1
[12:15:14.951] [INFO] [EXEC] PLACE_SELL_SOURCE source=plan price=80813.18
[12:15:14.953] [OK] [EXEC] PLACE SELL price=80813.18 qty=0.049480
[12:15:15.241] [OK] [EXEC] SELL ORDER SENT orderId=385333567
[12:15:16.665] [INFO] [EXEC] SELL UPSIZE old=0.049480 new=0.049490
[12:15:16.665] [WARNING] [EXEC] SELL TIMEOUT orderId=385333567
[12:15:16.665] [WARNING] [EXEC] CANCEL SELL orderId=385333567
[12:15:17.244] [INFO] [EXEC] SELL FINAL STATUS status=CANCELED orderId=385333567
[12:15:17.244] [INFO] [EXEC] SELL TIMEOUT check fast_exit
[12:15:17.244] [WARNING] [EXEC] FORCE EXIT hard_sl_triggered
[12:15:17.260] [ERROR] [EXEC] HARD SL triggered
[12:15:17.260] [WARNING] [EXEC] PANIC EXIT sl_mode
[12:15:17.527] [WARNING] [EXEC] FORCE EXIT price=80811.95
[12:15:17.531] [INFO] [EXEC] PLACE_SELL_SOURCE source=panic price=80811.95
[12:15:17.534] [OK] [EXEC] PLACE SELL price=80811.95 qty=0.049480
[12:15:17.790] [WARNING] [EXEC] PANIC START price=80811.95
[12:15:17.790] [OK] [EXEC] SELL ORDER SENT orderId=385333630
[12:15:19.228] [INFO] [EXEC] SELL_WATCHDOG_SYNC orderId=385333630 status=NEW
[12:15:19.228] [INFO] [EXEC] SELL_UPSIZE_SKIPPED reason=exit_or_panic_active
[12:15:21.007] [INFO] [EXEC] SELL_WATCHDOG_SYNC orderId=385333630 status=NEW
[12:15:21.803] [OK] [SYNC] order filled detected
[12:15:21.807] [OK] [SYNC] SELL filled on exchange
[12:15:21.808] [OK] [EXEC] FIFO CLOSE qty=0.049480 entry=80813.16 exit=80811.95 pnl=-0.059913
[12:15:21.809] [INFO] [EXEC] CHUNK DRAINED
[12:15:21.810] [OK] [EXEC] REALIZED pnl=-0.059913
[12:15:21.811] [INFO] [EXEC] SELL ACCOUNTING RESET flat
[12:15:21.812] [OK] [EXEC] CYCLE CLOSED pnl=-0.059913
[12:15:21.813] [INFO] [EXEC] SESSION realized=+0.349031 wins=4 losses=1
[12:15:22.480] [INFO] [HEALTH] state=GOOD
[12:15:22.729] [INFO] [EXEC] SELL ACCOUNTING RESET new_cycle
[12:15:22.744] [OK] [EXEC] BUY ORDER SENT orderId=385333768 price=80819.01 qty=0.049490
[12:15:22.744] [OK] [EXEC] PLACE BUY price=80819.01 qty=0.049490
[12:15:23.760] [OK] [EXEC] BUY FILL UPDATE delta=0.049490 avg=80819.01
[12:15:23.760] [OK] [EXEC] CHUNK ADD qty=0.049490 entry=80819.01
[12:15:23.779] [INFO] [EXEC] CHUNK COUNT n=1
[12:15:23.782] [OK] [EXEC] INVENTORY qty=0.049490
[12:15:23.783] [OK] [EXEC] SELL REQUIRED inventory=0.049490
[12:15:23.785] [OK] [EXEC] BUY PARTIAL delta=0.049490 total=0.049490
[12:15:23.786] [OK] [EXEC] BUY REMAINING qty=0.000000
[12:15:23.787] [OK] [EXEC] BUY FILLED id=385333768
[12:15:23.790] [OK] [PLAN] HOT entry=80811.36 exit=80825.50 profit=0.699789 age=1032ms
[12:15:24.325] [OK] [SYNC] order filled detected
[12:15:24.327] [OK] [SYNC] BUY filled on exchange
[12:15:25.756] [INFO] [EXEC] SELL CHECK inventory=0.049490 reported=0.000000 remaining=0.049480 chunks=1
[12:15:25.760] [INFO] [EXEC] PLACE_SELL_SOURCE source=plan price=80821.36
[12:15:25.760] [OK] [EXEC] PLACE SELL price=80821.36 qty=0.049480
[12:15:26.028] [OK] [EXEC] SELL ORDER SENT orderId=385333843
[12:15:26.606] [OK] [SYNC] order filled detected
[12:15:26.609] [OK] [SYNC] SELL filled on exchange
[12:15:26.610] [OK] [EXEC] FIFO CLOSE qty=0.049480 entry=80819.01 exit=80821.36 pnl=+0.116278
[12:15:26.611] [INFO] [EXEC] CHUNK DRAINED
[12:15:26.612] [OK] [EXEC] REALIZED pnl=+0.116278
[12:15:26.613] [INFO] [EXEC] SELL ACCOUNTING RESET flat
[12:15:26.614] [OK] [EXEC] CYCLE CLOSED pnl=+0.116278
[12:15:26.615] [INFO] [EXEC] SESSION realized=+0.465309 wins=5 losses=1
[12:15:27.322] [INFO] [EXEC] SELL ACCOUNTING RESET new_cycle
[12:15:27.338] [OK] [EXEC] BUY ORDER SENT orderId=385333884 price=80818.01 qty=0.049490
[12:15:27.338] [OK] [EXEC] PLACE BUY price=80818.01 qty=0.049490
[12:15:28.338] [INFO] [EXEC] ENTRY_REPRICE reason=wide_spread_cross old=80818.01 new=80820.83 count=1
[12:15:28.930] [OK] [EXEC] ENTRY_PLACE price=80820.83 qty=0.049490
[12:15:29.483] [OK] [SYNC] order filled detected
[12:15:29.486] [OK] [SYNC] BUY filled on exchange
[12:15:29.486] [OK] [EXEC] BUY FILL UPDATE delta=0.049490 avg=80820.82
[12:15:29.489] [OK] [EXEC] CHUNK ADD qty=0.049490 entry=80820.82
[12:15:29.491] [INFO] [EXEC] CHUNK COUNT n=1
[12:15:29.493] [OK] [EXEC] INVENTORY qty=0.049490
[12:15:29.494] [OK] [EXEC] SELL REQUIRED inventory=0.049490
[12:15:30.150] [INFO] [EXEC] SELL CHECK inventory=0.049490 reported=0.000000 remaining=0.049480 chunks=1
[12:15:30.150] [INFO] [EXEC] PLACE_SELL_SOURCE source=plan price=80821.06
[12:15:30.150] [OK] [EXEC] PLACE SELL price=80821.06 qty=0.049480
[12:15:30.415] [OK] [EXEC] SELL ORDER SENT orderId=385334097
[12:15:32.092] [INFO] [EXEC] SELL UPSIZE old=0.049480 new=0.049490
[12:15:32.092] [WARNING] [EXEC] SELL TIMEOUT orderId=385334097
[12:15:32.109] [WARNING] [EXEC] CANCEL SELL orderId=385334097
[12:15:32.657] [INFO] [EXEC] SELL FINAL STATUS status=FILLED orderId=385334097
[12:15:32.661] [OK] [EXEC] FIFO CLOSE qty=0.049480 entry=80820.82 exit=80821.06 pnl=+0.011875
[12:15:32.664] [INFO] [EXEC] CHUNK DRAINED
[12:15:32.666] [OK] [EXEC] REALIZED pnl=+0.011875
[12:15:32.666] [INFO] [EXEC] SELL ACCOUNTING RESET flat
[12:15:32.666] [OK] [EXEC] CYCLE CLOSED pnl=+0.011875
[12:15:32.666] [INFO] [EXEC] SESSION realized=+0.477184 wins=6 losses=1
[12:15:32.666] [OK] [EXEC] SELL FILLED id=385334097
[12:15:32.666] [OK] [EXEC] SELL FILLED qty=0.049480 remaining=0.000000
[12:15:32.666] [INFO] [EXEC] SELL ACCOUNTING RESET inventory_drained
[12:15:32.666] [INFO] [EXEC] INVENTORY DRAINED epsilon_cleanup qty=0.000000
[12:15:32.666] [INFO] [EXEC] SELL ACCOUNTING RESET flat
[12:15:32.666] [INFO] [EXEC] CYCLE SKIP no_fifo_pnl
[12:15:33.353] [INFO] [HEALTH] state=GOOD
[12:15:33.640] [INFO] [EXEC] SELL ACCOUNTING RESET new_cycle
[12:15:33.644] [OK] [EXEC] BUY ORDER SENT orderId=385334201 price=80814.25 qty=0.049490
[12:15:33.647] [OK] [EXEC] PLACE BUY price=80814.25 qty=0.049490
[12:15:35.176] [INFO] [EXEC] BUY_WATCHDOG_SYNC orderId=385334201 status=NEW
[12:15:35.179] [WARNING] [EXEC] BUY_WATCHDOG_FAR_CANCEL orderId=385334201 price=80814.25 bid=80815.14 dist_ticks=88
[12:15:37.431] [INFO] [EXEC] SELL ACCOUNTING RESET new_cycle
[12:15:37.431] [OK] [EXEC] BUY ORDER SENT orderId=385334330 price=80816.14 qty=0.049490
[12:15:37.431] [OK] [EXEC] PLACE BUY price=80816.14 qty=0.049490
[12:15:38.450] [INFO] [EXEC] ENTRY_REPRICE reason=bid_moved_up old=80816.14 new=80816.16 count=1
[12:15:39.001] [OK] [EXEC] ENTRY_PLACE price=80816.16 qty=0.049490
[12:15:39.989] [INFO] [EXEC] BUY_WATCHDOG_SYNC orderId=385334385 status=PARTIALLY_FILLED
[12:15:39.992] [OK] [EXEC] BUY FILL UPDATE delta=0.001080 avg=80816.15
[12:15:39.993] [OK] [EXEC] CHUNK ADD qty=0.001080 entry=80816.15
[12:15:39.994] [INFO] [EXEC] CHUNK COUNT n=1
[12:15:39.994] [OK] [EXEC] INVENTORY qty=0.001080
[12:15:39.994] [OK] [EXEC] SELL REQUIRED inventory=0.001080
[12:15:39.994] [OK] [EXEC] BUY PARTIAL delta=0.001080 total=0.001080
[12:15:39.994] [OK] [EXEC] BUY REMAINING qty=0.048410
[12:15:39.994] [WARNING] [EXEC] BUY TIMEOUT orderId=385334385
[12:15:39.994] [WARNING] [EXEC] CANCEL BUY orderId=385334385
[12:15:40.259] [OK] [EXEC] BUY CANCELED confirmed
[12:15:40.531] [INFO] [EXEC] BUY FINAL STATUS status=CANCELED orderId=385334385
[12:15:40.535] [WARNING] [EXEC] BUY REMAINDER CANCELLED
[12:15:40.538] [INFO] [EXEC] SELL CONTINUES inventory=0.001080
[12:15:41.560] [INFO] [EXEC] SELL CHECK inventory=0.001080 reported=0.000000 remaining=0.001070 chunks=1
[12:15:41.563] [INFO] [EXEC] PLACE_SELL_SOURCE source=plan price=80818.42
[12:15:41.565] [OK] [EXEC] PLACE SELL price=80818.42 qty=0.001070
[12:15:41.823] [OK] [EXEC] SELL ORDER SENT orderId=385334469
[12:15:42.382] [OK] [SYNC] order filled detected
[12:15:42.386] [OK] [SYNC] SELL filled on exchange
[12:15:42.386] [OK] [EXEC] FIFO CLOSE qty=0.001070 entry=80816.15 exit=80818.42 pnl=+0.002429
[12:15:42.389] [INFO] [EXEC] CHUNK DRAINED
[12:15:42.391] [OK] [EXEC] REALIZED pnl=+0.002429
[12:15:42.393] [INFO] [EXEC] SELL ACCOUNTING RESET flat
[12:15:42.394] [OK] [EXEC] CYCLE CLOSED pnl=+0.002429
[12:15:42.395] [INFO] [EXEC] SESSION realized=+0.479613 wins=7 losses=1
[12:15:46.837] [INFO] [HEALTH] state=GOOD
[12:15:47.103] [INFO] [EXEC] SELL ACCOUNTING RESET new_cycle
[12:15:47.119] [OK] [EXEC] BUY ORDER SENT orderId=385334825 price=80821.26 qty=0.049490
[12:15:47.119] [OK] [EXEC] PLACE BUY price=80821.26 qty=0.049490
[12:15:48.113] [OK] [EXEC] BUY FILL UPDATE delta=0.001080 avg=80821.26
[12:15:48.113] [OK] [EXEC] CHUNK ADD qty=0.001080 entry=80821.26
[12:15:48.113] [INFO] [EXEC] CHUNK COUNT n=1
[12:15:48.128] [OK] [EXEC] INVENTORY qty=0.001080
[12:15:48.128] [OK] [EXEC] SELL REQUIRED inventory=0.001080
[12:15:48.128] [OK] [EXEC] BUY PARTIAL delta=0.001080 total=0.001080
[12:15:48.128] [OK] [EXEC] BUY REMAINING qty=0.048410
[12:15:48.128] [OK] [PLAN] HOT entry=80822.26 exit=80831.80 profit=0.472135 age=1016ms
[12:15:49.651] [OK] [SYNC] order filled detected
[12:15:49.651] [OK] [SYNC] BUY filled on exchange
[12:15:49.651] [OK] [EXEC] BUY FILL UPDATE delta=0.048410 avg=80821.26
[12:15:49.651] [OK] [EXEC] CHUNK ADD qty=0.048410 entry=80821.26
[12:15:49.651] [INFO] [EXEC] CHUNK COUNT n=2
[12:15:49.651] [OK] [EXEC] INVENTORY qty=0.049490
[12:15:49.651] [OK] [EXEC] SELL REQUIRED inventory=0.049490
[12:15:49.926] [INFO] [EXEC] SELL CHECK inventory=0.049490 reported=0.000000 remaining=0.049480 chunks=2
[12:15:49.926] [INFO] [EXEC] PLACE_SELL_SOURCE source=plan price=80829.06
[12:15:49.926] [OK] [EXEC] PLACE SELL price=80829.06 qty=0.049480
[12:15:50.231] [OK] [EXEC] SELL ORDER SENT orderId=385335135
[12:15:51.634] [INFO] [EXEC] SELL UPSIZE old=0.049480 new=0.049490
[12:15:51.634] [WARNING] [EXEC] SELL TIMEOUT orderId=385335135
[12:15:51.634] [WARNING] [EXEC] CANCEL SELL orderId=385335135
[12:15:52.166] [INFO] [EXEC] SELL FINAL STATUS status=CANCELED orderId=385335135
[12:15:52.170] [INFO] [EXEC] SELL TIMEOUT check fast_exit
[12:15:52.173] [WARNING] [EXEC] FORCE EXIT hard_sl_triggered
[12:15:52.175] [ERROR] [EXEC] HARD SL triggered
[12:15:52.178] [WARNING] [EXEC] PANIC EXIT sl_mode
[12:15:52.447] [WARNING] [EXEC] FORCE EXIT price=80823.57
[12:15:52.447] [INFO] [EXEC] PLACE_SELL_SOURCE source=panic price=80823.57
[12:15:52.447] [OK] [EXEC] PLACE SELL price=80823.57 qty=0.049480
[12:15:52.712] [WARNING] [EXEC] PANIC START price=80823.57
[12:15:52.728] [OK] [EXEC] SELL ORDER SENT orderId=385335227
[12:15:53.243] [OK] [SYNC] order filled detected
[12:15:53.243] [OK] [SYNC] SELL filled on exchange
[12:15:53.243] [OK] [EXEC] FIFO CLOSE qty=0.001080 entry=80821.26 exit=80823.57 pnl=+0.002495
[12:15:53.243] [INFO] [EXEC] CHUNK DRAINED
[12:15:53.243] [OK] [EXEC] FIFO CLOSE qty=0.048400 entry=80821.26 exit=80823.57 pnl=+0.111804
[12:15:53.243] [INFO] [EXEC] CHUNK DRAINED
[12:15:53.243] [OK] [EXEC] REALIZED pnl=+0.114299
[12:15:53.243] [INFO] [EXEC] SELL ACCOUNTING RESET flat
[12:15:53.243] [OK] [EXEC] CYCLE CLOSED pnl=+0.114299
[12:15:53.243] [INFO] [EXEC] SESSION realized=+0.593911 wins=8 losses=1
[12:15:53.400] [INFO] [HEALTH] state=GOOD
[12:15:53.400] [WARNING] [EXEC] BLOCK_BUY reason=cooldown_panic_exit mode=FAST ws_age=0 spread=12.55 stable=1/1 mid_delta=0.00 bid_delta=0.00
[12:15:54.150] [INFO] [EXEC] SELL ACCOUNTING RESET new_cycle
[12:15:54.150] [OK] [EXEC] BUY ORDER SENT orderId=385335316 price=80824.75 qty=0.049480
[12:15:54.166] [OK] [EXEC] PLACE BUY price=80824.75 qty=0.049480
[12:15:54.166] [OK] [PLAN] HOT entry=80824.75 exit=80830.61 profit=0.289953 age=486ms
[12:15:55.446] [OK] [EXEC] BUY FILL UPDATE delta=0.049480 avg=80824.75
[12:15:55.446] [OK] [EXEC] CHUNK ADD qty=0.049480 entry=80824.75
[12:15:55.446] [INFO] [EXEC] CHUNK COUNT n=1
[12:15:55.446] [OK] [EXEC] INVENTORY qty=0.049480
[12:15:55.446] [OK] [EXEC] SELL REQUIRED inventory=0.049480
[12:15:55.446] [OK] [EXEC] BUY PARTIAL delta=0.049480 total=0.049480
[12:15:55.446] [OK] [EXEC] BUY REMAINING qty=0.000000
[12:15:55.446] [OK] [EXEC] BUY FILLED id=385335316
[12:15:55.990] [OK] [SYNC] order filled detected
[12:15:55.993] [OK] [SYNC] BUY filled on exchange
[12:15:56.713] [INFO] [EXEC] SELL CHECK inventory=0.049480 reported=0.000000 remaining=0.049480 chunks=1
[12:15:56.713] [INFO] [EXEC] PLACE_SELL_SOURCE source=plan price=80826.08
[12:15:56.713] [OK] [EXEC] PLACE SELL price=80826.08 qty=0.049480
[12:15:56.985] [OK] [EXEC] SELL ORDER SENT orderId=385335478
[12:15:57.513] [OK] [SYNC] order filled detected
[12:15:57.514] [OK] [SYNC] SELL filled on exchange
[12:15:57.514] [OK] [EXEC] FIFO CLOSE qty=0.049480 entry=80824.75 exit=80826.08 pnl=+0.065808
[12:15:57.515] [INFO] [EXEC] CHUNK DRAINED
[12:15:57.517] [OK] [EXEC] REALIZED pnl=+0.065808
[12:15:57.518] [INFO] [EXEC] SELL ACCOUNTING RESET flat
[12:15:57.519] [OK] [EXEC] CYCLE CLOSED pnl=+0.065808
[12:15:57.520] [INFO] [EXEC] SESSION realized=+0.659720 wins=9 losses=1
[12:15:57.982] [INFO] [EXEC] SELL ACCOUNTING RESET new_cycle
[12:15:57.985] [OK] [EXEC] BUY ORDER SENT orderId=385335546 price=80822.51 qty=0.049490
[12:15:57.985] [OK] [EXEC] PLACE BUY price=80822.51 qty=0.049490
[12:15:58.963] [INFO] [EXEC] ENTRY_REPRICE reason=bid_moved_up old=80822.51 new=80822.53 count=1
[12:15:59.494] [OK] [EXEC] ENTRY_PLACE price=80822.53 qty=0.049490
[12:16:00.052] [OK] [SYNC] order filled detected
[12:16:00.057] [OK] [SYNC] BUY filled on exchange
[12:16:00.059] [OK] [EXEC] BUY FILL UPDATE delta=0.049490 avg=80822.53
[12:16:00.060] [OK] [EXEC] CHUNK ADD qty=0.049490 entry=80822.53
[12:16:00.061] [INFO] [EXEC] CHUNK COUNT n=1
[12:16:00.062] [OK] [EXEC] INVENTORY qty=0.049490
[12:16:00.062] [OK] [EXEC] SELL REQUIRED inventory=0.049490
[12:16:00.713] [INFO] [EXEC] SELL CHECK inventory=0.049490 reported=0.000000 remaining=0.049480 chunks=1
[12:16:00.730] [INFO] [EXEC] PLACE_SELL_SOURCE source=plan price=80828.93
[12:16:00.733] [OK] [EXEC] PLACE SELL price=80828.93 qty=0.049480
[12:16:01.005] [OK] [EXEC] SELL ORDER SENT orderId=385335728
[12:16:02.746] [INFO] [EXEC] SELL UPSIZE old=0.049480 new=0.049490
[12:16:02.750] [WARNING] [EXEC] SELL TIMEOUT orderId=385335728
[12:16:02.754] [WARNING] [EXEC] CANCEL SELL orderId=385335728
[12:16:03.775] [INFO] [EXEC] SELL FINAL STATUS status=CANCELED orderId=385335728
[12:16:03.776] [INFO] [EXEC] SELL TIMEOUT check fast_exit
[12:16:03.778] [WARNING] [EXEC] FORCE EXIT hard_sl_triggered
[12:16:03.780] [ERROR] [EXEC] HARD SL triggered
[12:16:03.781] [WARNING] [EXEC] PANIC EXIT sl_mode
[12:16:04.063] [WARNING] [EXEC] FORCE EXIT price=80820.10
[12:16:04.066] [INFO] [EXEC] PLACE_SELL_SOURCE source=panic price=80820.10
[12:16:04.068] [OK] [EXEC] PLACE SELL price=80820.10 qty=0.049480
[12:16:04.336] [WARNING] [EXEC] PANIC START price=80820.10
[12:16:04.338] [OK] [EXEC] SELL ORDER SENT orderId=385335883
[12:16:05.478] [OK] [SYNC] order filled detected
[12:16:05.494] [OK] [SYNC] SELL filled on exchange
[12:16:05.494] [OK] [EXEC] FIFO CLOSE qty=0.049480 entry=80822.53 exit=80820.19 pnl=-0.115986
[12:16:05.494] [INFO] [EXEC] CHUNK DRAINED
[12:16:05.494] [OK] [EXEC] REALIZED pnl=-0.115986
[12:16:05.494] [INFO] [EXEC] SELL ACCOUNTING RESET flat
[12:16:05.494] [OK] [EXEC] CYCLE CLOSED pnl=-0.115986
[12:16:05.494] [INFO] [EXEC] SESSION realized=+0.543734 wins=9 losses=2
[12:16:06.983] [INFO] [HEALTH] state=GOOD
[12:16:07.260] [INFO] [EXEC] SELL ACCOUNTING RESET new_cycle
[12:16:07.265] [OK] [EXEC] BUY ORDER SENT orderId=385336058 price=80821.12 qty=0.049490
[12:16:07.267] [OK] [EXEC] PLACE BUY price=80821.12 qty=0.049490
[12:16:08.258] [INFO] [EXEC] ENTRY_REPRICE reason=wide_spread_cross old=80821.12 new=80821.16 count=1
[12:16:08.823] [OK] [EXEC] ENTRY_PLACE price=80821.16 qty=0.049490
[12:16:08.840] [OK] [PLAN] HOT entry=80822.14 exit=80829.38 profit=0.358308 age=1009ms
[12:16:09.806] [INFO] [EXEC] BUY_WATCHDOG_SYNC orderId=385336123 status=NEW
[12:16:09.806] [WARNING] [EXEC] BUY TIMEOUT orderId=385336123
[12:16:09.806] [WARNING] [EXEC] CANCEL BUY orderId=385336123
[12:16:10.092] [OK] [EXEC] BUY CANCELED confirmed
[12:16:10.369] [INFO] [EXEC] BUY FINAL STATUS status=CANCELED orderId=385336123
[12:16:10.369] [WARNING] [EXEC] BLOCK reason=buy_not_filled
[12:16:11.079] [INFO] [EXEC] SELL ACCOUNTING RESET new_cycle
[12:16:11.081] [OK] [EXEC] BUY ORDER SENT orderId=385336190 price=80822.16 qty=0.049490
[12:16:11.086] [OK] [EXEC] PLACE BUY price=80822.16 qty=0.049490
[12:16:12.079] [INFO] [EXEC] ENTRY_REPRICE reason=wide_spread_cross old=80822.16 new=80822.19 count=1
[12:16:12.683] [OK] [EXEC] ENTRY_PLACE price=80822.19 qty=0.049490
[12:16:13.228] [OK] [SYNC] order filled detected
[12:16:13.228] [OK] [SYNC] BUY filled on exchange
[12:16:13.228] [OK] [EXEC] BUY FILL UPDATE delta=0.049490 avg=80822.18
[12:16:13.228] [OK] [EXEC] CHUNK ADD qty=0.049490 entry=80822.18
[12:16:13.228] [INFO] [EXEC] CHUNK COUNT n=1
[12:16:13.228] [OK] [EXEC] INVENTORY qty=0.049490
[12:16:13.244] [OK] [EXEC] SELL REQUIRED inventory=0.049490
[12:16:14.385] [INFO] [EXEC] SELL CHECK inventory=0.049490 reported=0.000000 remaining=0.049480 chunks=1
[12:16:14.401] [INFO] [EXEC] PLACE_SELL_SOURCE source=plan price=80822.20
[12:16:14.401] [OK] [EXEC] PLACE SELL price=80822.20 qty=0.049480
[12:16:14.709] [OK] [EXEC] SELL ORDER SENT orderId=385336382
[12:16:15.660] [INFO] [EXEC] SELL_UPSIZE_SKIPPED reason=exit_or_panic_active
[12:16:16.681] [INFO] [EXEC] SELL_WATCHDOG_SYNC orderId=385336382 status=NEW
[12:16:16.681] [WARNING] [EXEC] SELL_WATCHDOG_FAR_CANCEL orderId=385336382 price=80822.20 ask=80819.77 dist_ticks=242
[12:16:17.229] [INFO] [EXEC] SELL_FAR_CANCEL_FINAL_STATUS status=CANCELED
[12:16:18.219] [INFO] [EXEC] SELL CHECK inventory=0.049490 reported=0.000000 remaining=0.049480 chunks=1
[12:16:18.223] [INFO] [EXEC] SELL_REPRICE_FRESH_APPLIED old=80822.20 new=80820.37 ask=80820.40 bid=80814.14
[12:16:18.225] [INFO] [EXEC] SELL_REPRICE_VALIDATION old=80822.20 new=80820.37 ask=80820.40 dist_ticks=2 source=fresh_snapshot
[12:16:18.227] [WARNING] [EXEC] SELL_FLOOR_BLOCKED price=80820.37 floor=80822.19 entry=80822.18 reason=below_min_profit source=fresh_after_far_cancel
[12:16:18.229] [INFO] [EXEC] PLACE_SELL_SOURCE source=fresh_after_far_cancel price=80822.19
[12:16:18.230] [OK] [EXEC] PLACE SELL price=80822.19 qty=0.049480
[12:16:18.494] [OK] [EXEC] SELL ORDER SENT orderId=385336484
[12:16:19.338] [OK] [SYNC] order filled detected
[12:16:19.338] [OK] [SYNC] SELL filled on exchange
[12:16:19.338] [OK] [EXEC] FIFO CLOSE qty=0.049480 entry=80822.18 exit=80822.18 pnl=+0.000000
[12:16:19.338] [INFO] [EXEC] CHUNK DRAINED
[12:16:19.338] [INFO] [EXEC] SELL ACCOUNTING RESET flat
[12:16:19.353] [INFO] [EXEC] CYCLE SKIP no_fifo_pnl
[12:16:26.228] [INFO] [HEALTH] state=GOOD
[12:16:26.494] [INFO] [EXEC] SELL ACCOUNTING RESET new_cycle
[12:16:26.512] [OK] [EXEC] BUY ORDER SENT orderId=385336655 price=80814.66 qty=0.049490
[12:16:26.516] [OK] [EXEC] PLACE BUY price=80814.66 qty=0.049490
[12:16:27.541] [OK] [EXEC] BUY FILL UPDATE delta=0.049490 avg=80814.66
[12:16:27.541] [OK] [EXEC] CHUNK ADD qty=0.049490 entry=80814.66
[12:16:27.557] [INFO] [EXEC] CHUNK COUNT n=1
[12:16:27.557] [OK] [EXEC] INVENTORY qty=0.049490
[12:16:27.557] [OK] [EXEC] SELL REQUIRED inventory=0.049490
[12:16:27.557] [OK] [EXEC] BUY PARTIAL delta=0.049490 total=0.049490
[12:16:27.557] [OK] [EXEC] BUY REMAINING qty=0.000000
[12:16:27.557] [OK] [EXEC] BUY FILLED id=385336655
[12:16:27.557] [OK] [PLAN] HOT entry=80809.06 exit=80818.52 profit=0.468175 age=1048ms
[12:16:28.134] [OK] [SYNC] order filled detected
[12:16:28.134] [OK] [SYNC] BUY filled on exchange
[12:16:28.932] [INFO] [EXEC] SELL CHECK inventory=0.049490 reported=0.000000 remaining=0.049480 chunks=1
[12:16:28.948] [INFO] [EXEC] PLACE_SELL_SOURCE source=plan price=80819.84
[12:16:28.952] [OK] [EXEC] PLACE SELL price=80819.84 qty=0.049480
[12:16:29.218] [OK] [EXEC] SELL ORDER SENT orderId=385336879
[12:16:30.386] [INFO] [EXEC] SELL UPSIZE old=0.049480 new=0.049490
[12:16:30.390] [WARNING] [EXEC] SELL TIMEOUT orderId=385336879
[12:16:30.393] [WARNING] [EXEC] CANCEL SELL orderId=385336879
[12:16:30.960] [INFO] [EXEC] SELL FINAL STATUS status=CANCELED orderId=385336879
[12:16:30.964] [INFO] [EXEC] SELL TIMEOUT check fast_exit
[12:16:30.965] [WARNING] [EXEC] FORCE EXIT hard_sl_triggered
[12:16:30.965] [ERROR] [EXEC] HARD SL triggered
[12:16:30.970] [WARNING] [EXEC] PANIC EXIT sl_mode
[12:16:31.229] [WARNING] [EXEC] FORCE EXIT price=80812.65
[12:16:31.244] [INFO] [EXEC] PLACE_SELL_SOURCE source=panic price=80812.65
[12:16:31.244] [OK] [EXEC] PLACE SELL price=80812.65 qty=0.049480
[12:16:31.525] [WARNING] [EXEC] PANIC START price=80812.65
[12:16:31.540] [OK] [EXEC] SELL ORDER SENT orderId=385336939
[12:16:32.077] [OK] [SYNC] order filled detected
[12:16:32.079] [OK] [SYNC] SELL filled on exchange
[12:16:32.080] [OK] [EXEC] FIFO CLOSE qty=0.049480 entry=80814.66 exit=80812.65 pnl=-0.099455
[12:16:32.082] [INFO] [EXEC] CHUNK DRAINED
[12:16:32.084] [OK] [EXEC] REALIZED pnl=-0.099455
[12:16:32.087] [INFO] [EXEC] SELL ACCOUNTING RESET flat
[12:16:32.089] [OK] [EXEC] CYCLE CLOSED pnl=-0.099455
[12:16:32.092] [INFO] [EXEC] SESSION realized=+0.444279 wins=9 losses=3
[12:16:32.930] [INFO] [HEALTH] state=GOOD
[12:16:33.228] [INFO] [EXEC] SELL ACCOUNTING RESET new_cycle
[12:16:33.228] [OK] [EXEC] BUY ORDER SENT orderId=385337061 price=80809.23 qty=0.049490
[12:16:33.228] [OK] [EXEC] PLACE BUY price=80809.23 qty=0.049490
[12:16:34.213] [INFO] [EXEC] ENTRY_REPRICE reason=wide_spread_cross old=80809.23 new=80810.35 count=1
[12:16:34.760] [OK] [EXEC] ENTRY_PLACE price=80810.35 qty=0.049490
[12:16:35.463] [OK] [SYNC] order filled detected
[12:16:35.463] [OK] [SYNC] BUY filled on exchange
[12:16:35.463] [OK] [EXEC] BUY FILL UPDATE delta=0.049490 avg=80810.34
[12:16:35.463] [OK] [EXEC] CHUNK ADD qty=0.049490 entry=80810.34
[12:16:35.463] [INFO] [EXEC] CHUNK COUNT n=1
[12:16:35.463] [OK] [EXEC] INVENTORY qty=0.049490
[12:16:35.463] [OK] [EXEC] SELL REQUIRED inventory=0.049490
[12:16:36.082] [INFO] [EXEC] SELL CHECK inventory=0.049490 reported=0.000000 remaining=0.049480 chunks=1
[12:16:36.082] [INFO] [EXEC] PLACE_SELL_SOURCE source=plan price=80816.39
[12:16:36.082] [OK] [EXEC] PLACE SELL price=80816.39 qty=0.049480
[12:16:36.385] [OK] [EXEC] SELL ORDER SENT orderId=385337222
[12:16:37.259] [INFO] [EXEC] SELL_UPSIZE_SKIPPED reason=exit_or_panic_active
[12:16:38.494] [INFO] [EXEC] SELL_WATCHDOG_SYNC orderId=385337222 status=NEW
[12:16:38.494] [WARNING] [EXEC] SELL_WATCHDOG_FAR_CANCEL orderId=385337222 price=80816.39 ask=80814.08 dist_ticks=230
[12:16:39.041] [INFO] [EXEC] SELL_FAR_CANCEL_FINAL_STATUS status=CANCELED
[12:16:40.025] [INFO] [EXEC] SELL CHECK inventory=0.049490 reported=0.000000 remaining=0.049480 chunks=1
[12:16:40.025] [INFO] [EXEC] SELL_REPRICE_FRESH_APPLIED old=80816.39 new=80810.30 ask=80810.32 bid=80806.35
[12:16:40.041] [INFO] [EXEC] SELL_REPRICE_VALIDATION old=80816.39 new=80810.30 ask=80810.32 dist_ticks=2 source=fresh_snapshot
[12:16:40.043] [WARNING] [EXEC] SELL_FLOOR_BLOCKED price=80810.30 floor=80810.35 entry=80810.34 reason=below_min_profit source=fresh_after_far_cancel
[12:16:40.044] [INFO] [EXEC] PLACE_SELL_SOURCE source=fresh_after_far_cancel price=80810.35
[12:16:40.045] [OK] [EXEC] PLACE SELL price=80810.35 qty=0.049480
[12:16:40.337] [OK] [EXEC] SELL ORDER SENT orderId=385337449
[12:16:40.979] [OK] [SYNC] order filled detected
[12:16:40.979] [OK] [SYNC] SELL filled on exchange
[12:16:40.979] [OK] [EXEC] FIFO CLOSE qty=0.049480 entry=80810.34 exit=80810.34 pnl=+0.000000
[12:16:40.983] [INFO] [EXEC] CHUNK DRAINED
[12:16:40.984] [INFO] [EXEC] SELL ACCOUNTING RESET flat
[12:16:40.984] [INFO] [EXEC] CYCLE SKIP no_fifo_pnl
[12:16:42.229] [INFO] [HEALTH] state=GOOD
[12:16:42.494] [INFO] [EXEC] SELL ACCOUNTING RESET new_cycle
[12:16:42.510] [OK] [EXEC] BUY ORDER SENT orderId=385337538 price=80803.01 qty=0.049500
[12:16:42.510] [OK] [EXEC] PLACE BUY price=80803.01 qty=0.049500
[12:16:44.337] [INFO] [EXEC] BUY_WATCHDOG_SYNC orderId=385337538 status=NEW
[12:16:44.353] [WARNING] [EXEC] BUY_WATCHDOG_FAR_CANCEL orderId=385337538 price=80803.01 bid=80805.00 dist_ticks=199
[12:16:45.837] [INFO] [EXEC] SELL ACCOUNTING RESET new_cycle
[12:16:45.837] [OK] [EXEC] BUY ORDER SENT orderId=385337659 price=80806.00 qty=0.049500
[12:16:45.837] [OK] [EXEC] PLACE BUY price=80806.00 qty=0.049500
[12:16:47.526] [OK] [SYNC] order filled detected
[12:16:47.526] [OK] [SYNC] BUY filled on exchange
[12:16:47.526] [OK] [EXEC] BUY FILL UPDATE delta=0.049500 avg=80806.00
[12:16:47.526] [OK] [EXEC] CHUNK ADD qty=0.049500 entry=80806.00
[12:16:47.526] [INFO] [EXEC] CHUNK COUNT n=1
[12:16:47.526] [OK] [EXEC] INVENTORY qty=0.049500
[12:16:47.526] [OK] [EXEC] SELL REQUIRED inventory=0.049500
[12:16:48.556] [INFO] [EXEC] SELL CHECK inventory=0.049500 reported=0.000000 remaining=0.049500 chunks=1
[12:16:48.556] [INFO] [EXEC] PLACE_SELL_SOURCE source=plan price=80810.96
[12:16:48.556] [OK] [EXEC] PLACE SELL price=80810.96 qty=0.049500
[12:16:48.821] [OK] [EXEC] SELL ORDER SENT orderId=385337933
[12:16:50.619] [INFO] [EXEC] SELL_WATCHDOG_SYNC orderId=385337933 status=NEW
[12:16:50.634] [WARNING] [EXEC] SELL_WATCHDOG_FAR_CANCEL orderId=385337933 price=80810.96 ask=80807.83 dist_ticks=313
[12:16:51.666] [INFO] [EXEC] SELL_FAR_CANCEL_FINAL_STATUS status=CANCELED
[12:16:52.666] [INFO] [EXEC] SELL CHECK inventory=0.049500 reported=0.000000 remaining=0.049500 chunks=1
[12:16:52.666] [INFO] [EXEC] SELL_REPRICE_FRESH_APPLIED old=80810.96 new=80800.11 ask=80800.13 bid=80790.00
[12:16:52.666] [INFO] [EXEC] SELL_REPRICE_VALIDATION old=80810.96 new=80800.11 ask=80800.13 dist_ticks=2 source=fresh_snapshot
[12:16:52.666] [WARNING] [EXEC] SELL_FLOOR_BLOCKED price=80800.11 floor=80806.01 entry=80806.00 reason=below_min_profit source=fresh_after_far_cancel
[12:16:52.666] [INFO] [EXEC] PLACE_SELL_SOURCE source=fresh_after_far_cancel price=80806.01
[12:16:52.666] [OK] [EXEC] PLACE SELL price=80806.01 qty=0.049500
[12:16:52.931] [OK] [EXEC] SELL ORDER SENT orderId=385338233
[12:16:54.992] [INFO] [EXEC] SELL_WATCHDOG_SYNC orderId=385338233 status=NEW
[12:16:54.992] [INFO] [EXEC] SELL_WATCHDOG_FAR_IGNORE orderId=385338233 reason=protected_sell dist_ticks=947
[12:16:56.646] [INFO] [EXEC] SELL_WATCHDOG_SYNC orderId=385338233 status=NEW
[12:16:59.276] [OK] [SYNC] order filled detected
[12:16:59.276] [OK] [SYNC] SELL filled on exchange
[12:16:59.276] [OK] [EXEC] FIFO CLOSE qty=0.049500 entry=80806.00 exit=80806.01 pnl=+0.000495
[12:16:59.276] [INFO] [EXEC] CHUNK DRAINED
[12:16:59.276] [OK] [EXEC] REALIZED pnl=+0.000495
[12:16:59.291] [INFO] [EXEC] SELL ACCOUNTING RESET flat
[12:16:59.291] [OK] [EXEC] CYCLE CLOSED pnl=+0.000495
[12:16:59.291] [INFO] [EXEC] SESSION realized=+0.444774 wins=10 losses=3
[12:16:59.401] [INFO] [HEALTH] state=GOOD
[12:16:59.698] [INFO] [EXEC] SELL ACCOUNTING RESET new_cycle
[12:16:59.698] [OK] [EXEC] BUY ORDER SENT orderId=385338618 price=80795.02 qty=0.049500
[12:16:59.698] [OK] [EXEC] PLACE BUY price=80795.02 qty=0.049500
[12:17:00.666] [INFO] [EXEC] ENTRY_REPRICE reason=bid_moved_up old=80795.02 new=80810.66 count=1
[12:17:01.213] [OK] [EXEC] ENTRY_PLACE price=80810.66 qty=0.049500
[12:17:02.463] [INFO] [EXEC] BUY_WATCHDOG_SYNC orderId=385338691 status=NEW
[12:17:02.463] [WARNING] [EXEC] BUY TIMEOUT orderId=385338691
[12:17:02.463] [WARNING] [EXEC] CANCEL BUY orderId=385338691
[12:17:02.775] [OK] [EXEC] BUY CANCELED confirmed
[12:17:03.041] [INFO] [EXEC] BUY FINAL STATUS status=CANCELED orderId=385338691
[12:17:03.041] [WARNING] [EXEC] BLOCK reason=buy_not_filled
[12:17:04.969] [INFO] [HEALTH] state=GOOD
[12:17:05.228] [INFO] [EXEC] SELL ACCOUNTING RESET new_cycle
[12:17:05.228] [OK] [EXEC] BUY ORDER SENT orderId=385338827 price=80793.78 qty=0.049500
[12:17:05.243] [OK] [EXEC] PLACE BUY price=80793.78 qty=0.049500
[12:17:06.244] [INFO] [EXEC] ENTRY_REPRICE reason=bid_moved_up old=80793.78 new=80805.09 count=1
[12:17:06.792] [OK] [EXEC] ENTRY_PLACE price=80805.09 qty=0.049500
[12:17:08.627] [INFO] [EXEC] BUY_WATCHDOG_SYNC orderId=385338912 status=NEW
[12:17:08.632] [WARNING] [EXEC] BUY TIMEOUT orderId=385338912
[12:17:08.634] [WARNING] [EXEC] CANCEL BUY orderId=385338912
[12:17:09.384] [OK] [EXEC] BUY CANCELED confirmed
[12:17:09.696] [INFO] [EXEC] BUY FINAL STATUS status=CANCELED orderId=385338912
[12:17:09.696] [WARNING] [EXEC] BLOCK reason=buy_not_filled
[12:17:14.062] [INFO] [HEALTH] state=GOOD
[12:17:14.329] [INFO] [EXEC] SELL ACCOUNTING RESET new_cycle
[12:17:14.336] [OK] [EXEC] BUY ORDER SENT orderId=385339143 price=80809.61 qty=0.049490
[12:17:14.338] [OK] [EXEC] PLACE BUY price=80809.61 qty=0.049490
[12:17:15.347] [INFO] [EXEC] ENTRY_REPRICE reason=wide_spread_cross old=80809.61 new=80809.64 count=1
[12:17:15.938] [OK] [EXEC] ENTRY_PLACE price=80809.64 qty=0.049490
[12:17:16.864] [INFO] [EXEC] BUY_WATCHDOG_SYNC orderId=385339203 status=FILLED
[12:17:16.870] [OK] [SYNC] order filled detected
[12:17:16.871] [OK] [SYNC] BUY filled on exchange
[12:17:16.871] [OK] [EXEC] BUY FILL UPDATE delta=0.049490 avg=80809.63
[12:17:16.873] [OK] [EXEC] CHUNK ADD qty=0.049490 entry=80809.63
[12:17:16.874] [INFO] [EXEC] CHUNK COUNT n=1
[12:17:16.876] [OK] [EXEC] INVENTORY qty=0.049490
[12:17:16.877] [OK] [EXEC] SELL REQUIRED inventory=0.049490
[12:17:17.904] [INFO] [EXEC] SELL CHECK inventory=0.049490 reported=0.000000 remaining=0.049480 chunks=1
[12:17:17.904] [INFO] [EXEC] PLACE_SELL_SOURCE source=plan price=80812.17
[12:17:17.904] [OK] [EXEC] PLACE SELL price=80812.17 qty=0.049480
[12:17:18.182] [OK] [EXEC] SELL ORDER SENT orderId=385339241
[12:17:19.374] [OK] [EXEC] FIFO CLOSE qty=0.049480 entry=80809.63 exit=80812.17 pnl=+0.125679
[12:17:19.380] [INFO] [EXEC] CHUNK DRAINED
[12:17:19.384] [OK] [EXEC] REALIZED pnl=+0.125679
[12:17:19.387] [INFO] [EXEC] SELL ACCOUNTING RESET flat
[12:17:19.388] [OK] [EXEC] CYCLE CLOSED pnl=+0.125679
[12:17:19.390] [INFO] [EXEC] SESSION realized=+0.570453 wins=11 losses=3
[12:17:19.391] [OK] [EXEC] EXIT_FILLED
[12:17:19.393] [INFO] [EXEC] SELL ACCOUNTING RESET flat
[12:17:19.394] [INFO] [EXEC] CYCLE SKIP no_fifo_pnl
[12:17:19.396] [OK] [EXEC] SELL FILLED id=385339241
[12:17:19.397] [OK] [EXEC] SELL FILLED qty=0.049480 remaining=0.000000
[12:17:19.398] [INFO] [EXEC] SELL ACCOUNTING RESET inventory_drained
[12:17:19.400] [INFO] [EXEC] INVENTORY DRAINED epsilon_cleanup qty=0.000000
[12:17:19.402] [INFO] [EXEC] SELL ACCOUNTING RESET flat
[12:17:19.404] [INFO] [EXEC] CYCLE SKIP no_fifo_pnl
[12:17:26.728] [INFO] [HEALTH] state=GOOD
[12:17:26.997] [INFO] [EXEC] SELL ACCOUNTING RESET new_cycle
[12:17:27.002] [OK] [EXEC] BUY ORDER SENT orderId=385339650 price=80808.51 qty=0.049490
[12:17:27.006] [OK] [EXEC] PLACE BUY price=80808.51 qty=0.049490
[12:17:28.020] [INFO] [EXEC] ENTRY_REPRICE reason=bid_moved_up old=80808.51 new=80810.78 count=1
[12:17:28.562] [OK] [EXEC] ENTRY_PLACE price=80810.78 qty=0.049490
[12:17:29.555] [INFO] [EXEC] BUY_WATCHDOG_SYNC orderId=385339698 status=NEW
[12:17:29.557] [WARNING] [EXEC] BUY_WATCHDOG_FAR_CANCEL orderId=385339698 price=80810.78 bid=80811.19 dist_ticks=41
[12:17:32.056] [INFO] [HEALTH] state=GOOD
[12:17:32.353] [INFO] [EXEC] SELL ACCOUNTING RESET new_cycle
[12:17:32.353] [OK] [EXEC] BUY ORDER SENT orderId=385339931 price=80812.37 qty=0.049490
[12:17:32.353] [OK] [EXEC] PLACE BUY price=80812.37 qty=0.049490
[12:17:33.338] [INFO] [EXEC] ENTRY_REPRICE reason=wide_spread_cross old=80812.37 new=80823.30 count=1
[12:17:33.885] [OK] [EXEC] ENTRY_PLACE price=80823.30 qty=0.049490
[12:17:33.891] [OK] [PLAN] HOT entry=80824.28 exit=80831.79 profit=0.371670 age=1000ms
[12:17:34.822] [INFO] [EXEC] BUY_WATCHDOG_SYNC orderId=385340038 status=NEW
[12:17:34.822] [WARNING] [EXEC] BUY TIMEOUT orderId=385340038
[12:17:34.822] [WARNING] [EXEC] CANCEL BUY orderId=385340038
[12:17:35.110] [OK] [EXEC] BUY CANCELED confirmed
[12:17:35.415] [INFO] [EXEC] BUY FINAL STATUS status=CANCELED orderId=385340038
[12:17:35.416] [WARNING] [EXEC] BLOCK reason=buy_not_filled
[12:17:36.588] [INFO] [EXEC] SELL ACCOUNTING RESET new_cycle
[12:17:36.588] [OK] [EXEC] BUY ORDER SENT orderId=385340171 price=80816.29 qty=0.049490
[12:17:36.588] [OK] [EXEC] PLACE BUY price=80816.29 qty=0.049490
[12:17:37.128] [OK] [SYNC] order filled detected
[12:17:37.128] [OK] [SYNC] BUY filled on exchange
[12:17:37.128] [OK] [EXEC] BUY FILL UPDATE delta=0.049490 avg=80816.29
[12:17:37.128] [OK] [EXEC] CHUNK ADD qty=0.049490 entry=80816.29
[12:17:37.128] [INFO] [EXEC] CHUNK COUNT n=1
[12:17:37.128] [OK] [EXEC] INVENTORY qty=0.049490
[12:17:37.128] [OK] [EXEC] SELL REQUIRED inventory=0.049490
[12:17:38.134] [INFO] [EXEC] SELL CHECK inventory=0.049490 reported=0.000000 remaining=0.049480 chunks=1
[12:17:38.138] [INFO] [EXEC] PLACE_SELL_SOURCE source=plan price=80817.05
[12:17:38.141] [OK] [EXEC] PLACE SELL price=80817.05 qty=0.049480
[12:17:38.415] [OK] [EXEC] SELL ORDER SENT orderId=385340302
[12:17:39.384] [INFO] [EXEC] SELL UPSIZE old=0.049480 new=0.049490
[12:17:39.384] [WARNING] [EXEC] SELL TIMEOUT orderId=385340302
[12:17:39.384] [WARNING] [EXEC] CANCEL SELL orderId=385340302
[12:17:39.927] [INFO] [EXEC] SELL FINAL STATUS status=CANCELED orderId=385340302
[12:17:39.927] [INFO] [EXEC] SELL TIMEOUT check fast_exit
[12:17:39.927] [WARNING] [EXEC] FORCE EXIT hard_sl_triggered
[12:17:39.942] [ERROR] [EXEC] HARD SL triggered
[12:17:39.942] [WARNING] [EXEC] PANIC EXIT sl_mode
[12:17:40.213] [WARNING] [EXEC] FORCE EXIT price=80817.03
[12:17:40.213] [INFO] [EXEC] PLACE_SELL_SOURCE source=panic price=80817.03
[12:17:40.213] [OK] [EXEC] PLACE SELL price=80817.03 qty=0.049480
[12:17:40.515] [WARNING] [EXEC] PANIC START price=80817.03
[12:17:40.517] [OK] [EXEC] SELL ORDER SENT orderId=385340324
[12:17:41.057] [OK] [SYNC] order filled detected
[12:17:41.059] [OK] [SYNC] SELL filled on exchange
[12:17:41.060] [OK] [EXEC] FIFO CLOSE qty=0.049480 entry=80816.29 exit=80817.03 pnl=+0.036615
[12:17:41.064] [INFO] [EXEC] CHUNK DRAINED
[12:17:41.067] [OK] [EXEC] REALIZED pnl=+0.036615
[12:17:41.068] [INFO] [EXEC] SELL ACCOUNTING RESET flat
[12:17:41.070] [OK] [EXEC] CYCLE CLOSED pnl=+0.036615
[12:17:41.071] [INFO] [EXEC] SESSION realized=+0.607068 wins=12 losses=3
[12:17:41.157] [INFO] [HEALTH] state=GOOD
[12:17:41.157] [WARNING] [EXEC] BLOCK_BUY reason=cooldown_panic_exit mode=FAST ws_age=62 spread=9.10 stable=1/1 mid_delta=0.00 bid_delta=0.00
[12:17:43.112] [INFO] [EXEC] SELL ACCOUNTING RESET new_cycle
[12:17:43.118] [OK] [EXEC] BUY ORDER SENT orderId=385340474 price=80811.42 qty=0.049490
[12:17:43.121] [OK] [EXEC] PLACE BUY price=80811.42 qty=0.049490
[12:17:43.966] [INFO] [EXEC] ENTRY_REPRICE reason=wide_spread_cross old=80811.42 new=80814.72 count=1
[12:17:44.494] [OK] [EXEC] ENTRY_PLACE price=80814.72 qty=0.049490
[12:17:45.495] [INFO] [EXEC] BUY_WATCHDOG_SYNC orderId=385340548 status=NEW
[12:17:45.495] [WARNING] [EXEC] BUY_WATCHDOG_FAR_CANCEL orderId=385340548 price=80814.72 bid=80815.68 dist_ticks=96
[12:17:46.243] [INFO] [HEALTH] state=GOOD
[12:17:46.537] [INFO] [EXEC] SELL ACCOUNTING RESET new_cycle
[12:17:46.539] [OK] [EXEC] BUY ORDER SENT orderId=385340637 price=80811.01 qty=0.049490
[12:17:46.540] [OK] [EXEC] PLACE BUY price=80811.01 qty=0.049490
[12:17:47.535] [INFO] [EXEC] ENTRY_REPRICE reason=bid_moved_up old=80811.01 new=80816.23 count=1
[12:17:48.092] [OK] [EXEC] ENTRY_PLACE price=80816.23 qty=0.049490
[12:17:48.635] [OK] [SYNC] order filled detected
[12:17:48.635] [OK] [SYNC] BUY filled on exchange
[12:17:48.635] [OK] [EXEC] BUY FILL UPDATE delta=0.049490 avg=80816.23
[12:17:48.635] [OK] [EXEC] CHUNK ADD qty=0.049490 entry=80816.23
[12:17:48.635] [INFO] [EXEC] CHUNK COUNT n=1
[12:17:48.635] [OK] [EXEC] INVENTORY qty=0.049490
[12:17:48.635] [OK] [EXEC] SELL REQUIRED inventory=0.049490
[12:17:49.590] [INFO] [EXEC] SELL CHECK inventory=0.049490 reported=0.000000 remaining=0.049480 chunks=1
[12:17:49.595] [INFO] [EXEC] PLACE_SELL_SOURCE source=plan price=80819.29
[12:17:49.598] [OK] [EXEC] PLACE SELL price=80819.29 qty=0.049480
[12:17:49.872] [OK] [EXEC] SELL ORDER SENT orderId=385340792
[12:17:50.821] [INFO] [EXEC] SELL_UPSIZE_SKIPPED reason=exit_or_panic_active
[12:17:51.822] [INFO] [EXEC] SELL_WATCHDOG_SYNC orderId=385340792 status=NEW
[12:17:55.634] [INFO] [EXEC] SELL_WATCHDOG_SYNC orderId=385340792 status=FILLED
[12:17:55.634] [OK] [EXEC] FIFO CLOSE qty=0.049480 entry=80816.23 exit=80819.29 pnl=+0.151409
[12:17:55.634] [INFO] [EXEC] CHUNK DRAINED
[12:17:55.634] [OK] [EXEC] REALIZED pnl=+0.151409
[12:17:55.634] [INFO] [EXEC] SELL ACCOUNTING RESET flat
[12:17:55.650] [OK] [EXEC] CYCLE CLOSED pnl=+0.151409
[12:17:55.652] [INFO] [EXEC] SESSION realized=+0.758477 wins=13 losses=3
[12:17:55.653] [OK] [EXEC] SELL FILLED id=385340792
[12:17:55.655] [OK] [EXEC] SELL FILLED qty=0.049480 remaining=0.000000
[12:17:55.656] [INFO] [EXEC] SELL ACCOUNTING RESET inventory_drained
[12:17:55.658] [INFO] [EXEC] INVENTORY DRAINED epsilon_cleanup qty=0.000000
[12:17:55.659] [INFO] [EXEC] SELL ACCOUNTING RESET flat
[12:17:55.660] [INFO] [EXEC] CYCLE SKIP no_fifo_pnl
[12:17:58.197] [INFO] [HEALTH] state=GOOD
[12:17:58.471] [INFO] [EXEC] SELL ACCOUNTING RESET new_cycle
[12:17:58.475] [OK] [EXEC] BUY ORDER SENT orderId=385341086 price=80811.06 qty=0.049490
[12:17:58.478] [OK] [EXEC] PLACE BUY price=80811.06 qty=0.049490
[12:17:59.010] [OK] [SYNC] order filled detected
[12:17:59.010] [OK] [SYNC] BUY filled on exchange
[12:17:59.010] [OK] [EXEC] BUY FILL UPDATE delta=0.049490 avg=80811.06
[12:17:59.010] [OK] [EXEC] CHUNK ADD qty=0.049490 entry=80811.06
[12:17:59.010] [INFO] [EXEC] CHUNK COUNT n=1
[12:17:59.010] [OK] [EXEC] INVENTORY qty=0.049490
[12:17:59.010] [OK] [EXEC] SELL REQUIRED inventory=0.049490
[12:17:59.775] [INFO] [EXEC] SELL CHECK inventory=0.049490 reported=0.000000 remaining=0.049480 chunks=1
[12:17:59.775] [INFO] [EXEC] PLACE_SELL_SOURCE source=plan price=80811.08
[12:17:59.775] [OK] [EXEC] PLACE SELL price=80811.08 qty=0.049480
[12:18:00.037] [OK] [EXEC] SELL ORDER SENT orderId=385341192
[12:18:01.162] [INFO] [EXEC] SELL UPSIZE old=0.049480 new=0.049490
[12:18:01.166] [WARNING] [EXEC] SELL TIMEOUT orderId=385341192
[12:18:01.166] [WARNING] [EXEC] CANCEL SELL orderId=385341192
[12:18:01.705] [INFO] [EXEC] SELL FINAL STATUS status=CANCELED orderId=385341192
[12:18:01.710] [INFO] [EXEC] SELL TIMEOUT check fast_exit
[12:18:01.715] [WARNING] [EXEC] FORCE EXIT hard_sl_triggered
[12:18:01.718] [ERROR] [EXEC] HARD SL triggered
[12:18:01.720] [WARNING] [EXEC] PANIC EXIT sl_mode
[12:18:01.992] [WARNING] [EXEC] FORCE EXIT price=80811.07
[12:18:01.995] [INFO] [EXEC] PLACE_SELL_SOURCE source=panic price=80811.07
[12:18:01.995] [OK] [EXEC] PLACE SELL price=80811.07 qty=0.049480
[12:18:02.752] [WARNING] [EXEC] PANIC START price=80811.07
[12:18:02.758] [OK] [EXEC] SELL ORDER SENT orderId=385341266
[12:18:03.806] [OK] [SYNC] order filled detected
[12:18:03.806] [OK] [SYNC] SELL filled on exchange
[12:18:03.806] [OK] [EXEC] FIFO CLOSE qty=0.049480 entry=80811.06 exit=80811.07 pnl=+0.000495
[12:18:03.822] [INFO] [EXEC] CHUNK DRAINED
[12:18:03.822] [OK] [EXEC] REALIZED pnl=+0.000495
[12:18:03.822] [INFO] [EXEC] SELL ACCOUNTING RESET flat
[12:18:03.822] [OK] [EXEC] CYCLE CLOSED pnl=+0.000495
[12:18:03.822] [INFO] [EXEC] SESSION realized=+0.758972 wins=14 losses=3
[12:18:06.510] [INFO] [HEALTH] state=GOOD
[12:18:06.778] [INFO] [EXEC] SELL ACCOUNTING RESET new_cycle
[12:18:06.782] [OK] [EXEC] BUY ORDER SENT orderId=385341471 price=80822.02 qty=0.049490
[12:18:06.783] [OK] [EXEC] PLACE BUY price=80822.02 qty=0.049490
[12:18:08.041] [INFO] [EXEC] ENTRY_REPRICE reason=wide_spread_cross old=80822.02 new=80824.99 count=1
[12:18:08.572] [OK] [EXEC] ENTRY_PLACE price=80824.99 qty=0.049490
[12:18:09.589] [OK] [SYNC] order filled detected
[12:18:09.589] [OK] [SYNC] BUY filled on exchange
[12:18:09.589] [OK] [EXEC] BUY FILL UPDATE delta=0.049490 avg=80824.98
[12:18:09.605] [OK] [EXEC] CHUNK ADD qty=0.049490 entry=80824.98
[12:18:09.605] [INFO] [EXEC] CHUNK COUNT n=1
[12:18:09.605] [OK] [EXEC] INVENTORY qty=0.049490
[12:18:09.605] [OK] [EXEC] SELL REQUIRED inventory=0.049490
[12:18:10.322] [INFO] [EXEC] SELL CHECK inventory=0.049490 reported=0.000000 remaining=0.049480 chunks=1
[12:18:10.325] [INFO] [EXEC] PLACE_SELL_SOURCE source=plan price=80829.36
[12:18:10.327] [OK] [EXEC] PLACE SELL price=80829.36 qty=0.049480
[12:18:10.596] [OK] [EXEC] SELL ORDER SENT orderId=385341682
[12:18:11.573] [INFO] [EXEC] SELL_UPSIZE_SKIPPED reason=exit_or_panic_active
[12:18:12.572] [INFO] [EXEC] SELL_WATCHDOG_SYNC orderId=385341682 status=NEW
[12:18:14.367] [OK] [PLAN] HOT entry=80821.74 exit=80827.70 profit=0.294960 age=1794ms
[12:18:15.416] [INFO] [EXEC] SELL_WATCHDOG_SYNC orderId=385341682 status=NEW
[12:18:15.432] [WARNING] [EXEC] SELL_WATCHDOG_FAR_CANCEL orderId=385341682 price=80829.36 ask=80825.73 dist_ticks=363
[12:18:15.978] [INFO] [EXEC] SELL_FAR_CANCEL_FINAL_STATUS status=CANCELED
[12:18:16.916] [INFO] [EXEC] SELL CHECK inventory=0.049490 reported=0.000000 remaining=0.049480 chunks=1
[12:18:16.916] [INFO] [EXEC] SELL_REPRICE_FRESH_APPLIED old=80829.36 new=80827.97 ask=80828.00 bid=80818.01
[12:18:16.916] [INFO] [EXEC] SELL_REPRICE_VALIDATION old=80829.36 new=80827.97 ask=80828.00 dist_ticks=2 source=fresh_snapshot
[12:18:16.933] [INFO] [EXEC] PLACE_SELL_SOURCE source=fresh_after_far_cancel price=80827.97
[12:18:16.935] [OK] [EXEC] PLACE SELL price=80827.97 qty=0.049480
[12:18:17.207] [OK] [EXEC] SELL ORDER SENT orderId=385341921
[12:18:19.725] [INFO] [EXEC] SELL_WATCHDOG_SYNC orderId=385341921 status=NEW
[12:18:20.821] [WARNING] [EXEC] SELL_WATCHDOG_FAR_CANCEL orderId=385341921 price=80827.97 ask=80824.83 dist_ticks=313
[12:18:21.400] [INFO] [EXEC] SELL_FAR_CANCEL_FINAL_STATUS status=CANCELED
[12:18:22.322] [INFO] [EXEC] SELL CHECK inventory=0.049490 reported=0.000000 remaining=0.049480 chunks=1
[12:18:22.340] [INFO] [EXEC] SELL_REPRICE_FRESH_APPLIED old=80827.97 new=80832.26 ask=80832.29 bid=80818.01
[12:18:22.344] [INFO] [EXEC] SELL_REPRICE_VALIDATION old=80827.97 new=80832.26 ask=80832.29 dist_ticks=2 source=fresh_snapshot
[12:18:22.346] [INFO] [EXEC] PLACE_SELL_SOURCE source=fresh_after_far_cancel price=80832.26
[12:18:22.348] [OK] [EXEC] PLACE SELL price=80832.26 qty=0.049480
[12:18:22.637] [OK] [EXEC] SELL ORDER SENT orderId=385342116
[12:18:24.615] [INFO] [EXEC] SELL_WATCHDOG_SYNC orderId=385342116 status=NEW
[12:18:24.619] [WARNING] [EXEC] SELL_WATCHDOG_FAR_CANCEL orderId=385342116 price=80832.26 ask=80826.33 dist_ticks=592
[12:18:25.154] [INFO] [EXEC] SELL_FAR_CANCEL_FINAL_STATUS status=CANCELED
[12:18:26.432] [INFO] [EXEC] SELL CHECK inventory=0.049490 reported=0.000000 remaining=0.049480 chunks=1
[12:18:26.432] [INFO] [EXEC] SELL_REPRICE_FRESH_APPLIED old=80832.26 new=80826.75 ask=80826.77 bid=80821.41
[12:18:26.432] [INFO] [EXEC] SELL_REPRICE_VALIDATION old=80832.26 new=80826.75 ask=80826.77 dist_ticks=2 source=fresh_snapshot
[12:18:26.432] [INFO] [EXEC] PLACE_SELL_SOURCE source=fresh_after_far_cancel price=80826.75
[12:18:26.432] [OK] [EXEC] PLACE SELL price=80826.75 qty=0.049480
[12:18:26.712] [OK] [EXEC] SELL ORDER SENT orderId=385342294
[12:18:28.634] [INFO] [EXEC] SELL_WATCHDOG_SYNC orderId=385342294 status=NEW
[12:18:30.423] [OK] [SYNC] order filled detected
[12:18:30.427] [OK] [SYNC] SELL filled on exchange
[12:18:30.427] [OK] [EXEC] FIFO CLOSE qty=0.049480 entry=80824.98 exit=80826.75 pnl=+0.087580
[12:18:30.429] [INFO] [EXEC] CHUNK DRAINED
[12:18:30.430] [OK] [EXEC] REALIZED pnl=+0.087580
[12:18:30.431] [INFO] [EXEC] SELL ACCOUNTING RESET flat
[12:18:30.431] [OK] [EXEC] CYCLE CLOSED pnl=+0.087580
[12:18:30.431] [INFO] [EXEC] SESSION realized=+0.846551 wins=15 losses=3
[12:18:31.181] [INFO] [HEALTH] state=GOOD
[12:18:31.448] [INFO] [EXEC] SELL ACCOUNTING RESET new_cycle
[12:18:31.448] [OK] [EXEC] BUY ORDER SENT orderId=385342474 price=80823.55 qty=0.049490
[12:18:31.448] [OK] [EXEC] PLACE BUY price=80823.55 qty=0.049490
[12:18:33.463] [INFO] [EXEC] BUY_WATCHDOG_SYNC orderId=385342474 status=FILLED
[12:18:33.463] [OK] [SYNC] order filled detected
[12:18:33.463] [OK] [SYNC] BUY filled on exchange
[12:18:33.463] [OK] [EXEC] BUY FILL UPDATE delta=0.049490 avg=80823.55
[12:18:33.463] [OK] [EXEC] CHUNK ADD qty=0.049490 entry=80823.55
[12:18:33.463] [INFO] [EXEC] CHUNK COUNT n=1
[12:18:33.463] [OK] [EXEC] INVENTORY qty=0.049490
[12:18:33.463] [OK] [EXEC] SELL REQUIRED inventory=0.049490
[12:18:34.479] [INFO] [EXEC] SELL CHECK inventory=0.049490 reported=0.000000 remaining=0.049480 chunks=1
[12:18:34.479] [INFO] [EXEC] PLACE_SELL_SOURCE source=plan price=80831.79
[12:18:34.479] [OK] [EXEC] PLACE SELL price=80831.79 qty=0.049480
[12:18:34.744] [OK] [EXEC] SELL ORDER SENT orderId=385342613
[12:18:35.713] [INFO] [EXEC] SELL_UPSIZE_SKIPPED reason=exit_or_panic_active
[12:18:36.713] [INFO] [EXEC] SELL_WATCHDOG_SYNC orderId=385342613 status=NEW
[12:18:36.713] [WARNING] [EXEC] SELL_WATCHDOG_FAR_CANCEL orderId=385342613 price=80831.79 ask=80829.20 dist_ticks=258
[12:18:37.244] [INFO] [EXEC] SELL_FAR_CANCEL_FINAL_STATUS status=CANCELED
[12:18:38.462] [INFO] [EXEC] SELL CHECK inventory=0.049490 reported=0.000000 remaining=0.049480 chunks=1
[12:18:38.479] [INFO] [EXEC] SELL_REPRICE_FRESH_APPLIED old=80831.79 new=80826.75 ask=80826.77 bid=80821.16
[12:18:38.481] [INFO] [EXEC] SELL_REPRICE_VALIDATION old=80831.79 new=80826.75 ask=80826.77 dist_ticks=2 source=fresh_snapshot
[12:18:38.483] [INFO] [EXEC] PLACE_SELL_SOURCE source=fresh_after_far_cancel price=80826.75
[12:18:38.484] [OK] [EXEC] PLACE SELL price=80826.75 qty=0.049480
[12:18:38.744] [OK] [EXEC] SELL ORDER SENT orderId=385342768
[12:18:39.774] [OK] [SYNC] order filled detected
[12:18:39.774] [OK] [SYNC] SELL filled on exchange
[12:18:39.774] [OK] [EXEC] FIFO CLOSE qty=0.049480 entry=80823.55 exit=80826.75 pnl=+0.158336
[12:18:39.774] [INFO] [EXEC] CHUNK DRAINED
[12:18:39.774] [OK] [EXEC] REALIZED pnl=+0.158336
[12:18:39.774] [INFO] [EXEC] SELL ACCOUNTING RESET flat
[12:18:39.774] [OK] [EXEC] CYCLE CLOSED pnl=+0.158336
[12:18:39.790] [INFO] [EXEC] SESSION realized=+1.004887 wins=16 losses=3
[12:18:41.712] [INFO] START_CLICK received enabled=True api_ready=True running=True
[12:18:42.056] [WARNING] cancel all requested
[12:18:42.062] [WARNING] [EXEC] BALANCE_EXTERNAL_BTC free=0.148637 locked=0.000000
[12:18:42.064] [INFO] [EXEC] SELL ACCOUNTING RESET reconcile_stop
[12:18:42.066] [INFO] [EXEC] RECONCILE_FLAT reason=inventory_empty_safe_qty_zero
[12:18:42.066] [WARNING] STOP
