[11:51:55.354] [OK] filters loaded
[11:52:17.229] [OK] [SETTINGS] settings saved
[11:53:27.308] [INFO] START_CLICK received enabled=True api_ready=True running=False
[11:53:27.308] [INFO] START_SETTINGS live_enabled=True guard_mode=FAST entry_mode=AGGRESSIVE exit_engine=True order_size=10000.0
[11:53:27.309] [INFO] START_PROFILE order_size=10000.0 min_spread=7.0 guard_mode=FAST entry_mode=AGGRESSIVE sell_timeout=2200 far_sell_ticks=30 taker_exit_after_ms=1600
[11:53:27.309] [INFO] SETTINGS_MERGE_PRESERVE existing_values=true missing_added=0
[11:53:27.837] [EXCHANGE] symbol=BTCU base=BTC quote=U status=TRADING permissions=[]
[11:53:27.845] [OK] START
[11:53:27.846] [OK] START_OK runtime_started
[11:53:27.847] [INFO] [EXEC] LIVE ON
[11:53:27.848] [INFO] [EXEC] WAIT READY
[11:53:28.713] [WS] primary url=wss://stream.binance.com:9443/ws/btcu@bookTicker
[11:53:28.713] [WS] connecting primary
[11:53:29.150] [WS] connected
[11:53:30.908] [WARNING] [HEALTH] block spread_too_young lifetime=0
[11:53:30.908] [WARNING] [HEALTH] unstable_spread lifetime=0
[11:53:30.908] [WARNING] [EXEC] BLOCK_BUY reason=spread_too_young mode=FAST ws_age=15 spread=7.99 stable=1/1 mid_delta=0.00 bid_delta=0.00
[11:53:34.479] [INFO] [EXEC] SELL ACCOUNTING RESET new_cycle
[11:53:34.479] [OK] [EXEC] BUY ORDER SENT orderId=385286915 price=80726.16 qty=0.123870
[11:53:34.494] [OK] [EXEC] PLACE BUY price=80726.16 qty=0.123870
[11:53:35.462] [INFO] [EXEC] ENTRY_REPRICE reason=wide_spread_cross old=80726.16 new=80726.19 count=1
[11:53:36.022] [OK] [EXEC] ENTRY_PLACE price=80726.19 qty=0.123870
[11:53:36.022] [OK] [PLAN] HOT entry=80727.17 exit=80733.09 profit=0.733310 age=1264ms
[11:53:37.245] [INFO] [EXEC] BUY_WATCHDOG_SYNC orderId=385287012 status=NEW
[11:53:37.249] [WARNING] [EXEC] BUY TIMEOUT orderId=385287012
[11:53:37.254] [WARNING] [EXEC] CANCEL BUY orderId=385287012
[11:53:37.525] [OK] [EXEC] BUY CANCELED confirmed
[11:53:37.801] [INFO] [EXEC] BUY FINAL STATUS status=CANCELED orderId=385287012
[11:53:37.804] [WARNING] [EXEC] BLOCK reason=buy_not_filled
[11:53:38.259] [INFO] [HEALTH] state=GOOD
[11:53:38.526] [INFO] [EXEC] SELL ACCOUNTING RESET new_cycle
[11:53:38.526] [OK] [EXEC] BUY ORDER SENT orderId=385287045 price=80723.01 qty=0.123880
[11:53:38.526] [OK] [EXEC] PLACE BUY price=80723.01 qty=0.123880
[11:53:39.580] [INFO] [EXEC] ENTRY_REPRICE reason=wide_spread_cross old=80723.01 new=80723.04 count=1
[11:53:40.117] [OK] [EXEC] ENTRY_PLACE price=80723.04 qty=0.123880
[11:53:40.122] [OK] [PLAN] HOT entry=80724.02 exit=80732.90 profit=1.099966 age=1031ms
[11:53:41.079] [INFO] [EXEC] BUY_WATCHDOG_SYNC orderId=385287087 status=NEW
[11:53:41.085] [WARNING] [EXEC] BUY_WATCHDOG_FAR_CANCEL orderId=385287087 price=80723.04 bid=80731.56 dist_ticks=852
[11:53:43.354] [INFO] [EXEC] SELL ACCOUNTING RESET new_cycle
[11:53:43.354] [OK] [EXEC] BUY ORDER SENT orderId=385287204 price=80727.78 qty=0.123870
[11:53:43.354] [OK] [EXEC] PLACE BUY price=80727.78 qty=0.123870
[11:53:44.369] [INFO] [EXEC] ENTRY_REPRICE reason=bid_moved_up old=80727.78 new=80730.13 count=1
[11:53:44.941] [OK] [EXEC] ENTRY_PLACE price=80730.13 qty=0.123870
[11:53:45.870] [INFO] [EXEC] BUY_WATCHDOG_SYNC orderId=385287237 status=NEW
[11:53:45.870] [WARNING] [EXEC] BUY_WATCHDOG_FAR_CANCEL orderId=385287237 price=80730.13 bid=80730.50 dist_ticks=37
[11:53:46.624] [INFO] [HEALTH] state=GOOD
[11:53:46.886] [INFO] [EXEC] SELL ACCOUNTING RESET new_cycle
[11:53:46.891] [OK] [EXEC] BUY ORDER SENT orderId=385287322 price=80728.88 qty=0.123870
[11:53:46.891] [OK] [EXEC] PLACE BUY price=80728.88 qty=0.123870
[11:53:47.420] [OK] [SYNC] order filled detected
[11:53:47.420] [OK] [SYNC] BUY filled on exchange
[11:53:47.424] [OK] [EXEC] BUY FILL UPDATE delta=0.123870 avg=80728.85
[11:53:47.426] [OK] [EXEC] CHUNK ADD qty=0.123870 entry=80728.85
[11:53:47.426] [INFO] [EXEC] CHUNK COUNT n=1
[11:53:47.426] [OK] [EXEC] INVENTORY qty=0.123870
[11:53:47.426] [OK] [EXEC] SELL REQUIRED inventory=0.123870
[11:53:48.481] [INFO] [EXEC] SELL CHECK inventory=0.123870 reported=0.000000 remaining=0.123860 chunks=1
[11:53:48.488] [INFO] [EXEC] PLACE_SELL_SOURCE source=plan price=80730.21
[11:53:48.488] [OK] [EXEC] PLACE SELL price=80730.21 qty=0.123860
[11:53:48.754] [OK] [EXEC] SELL ORDER SENT orderId=385287426
[11:53:49.708] [INFO] [EXEC] SELL UPSIZE old=0.123860 new=0.123870
[11:53:49.711] [WARNING] [EXEC] SELL TIMEOUT orderId=385287426
[11:53:49.715] [WARNING] [EXEC] CANCEL SELL orderId=385287426
[11:53:50.263] [INFO] [EXEC] SELL FINAL STATUS status=CANCELED orderId=385287426
[11:53:50.263] [INFO] [EXEC] SELL TIMEOUT check fast_exit
[11:53:50.263] [WARNING] [EXEC] FORCE EXIT hard_sl_triggered
[11:53:50.263] [ERROR] [EXEC] HARD SL triggered
[11:53:50.263] [WARNING] [EXEC] PANIC EXIT sl_mode
[11:53:50.559] [WARNING] [EXEC] FORCE EXIT price=80722.91
[11:53:50.559] [INFO] [EXEC] PLACE_SELL_SOURCE source=panic price=80722.91
[11:53:50.559] [OK] [EXEC] PLACE SELL price=80722.91 qty=0.123860
[11:53:50.834] [WARNING] [EXEC] PANIC START price=80722.91
[11:53:50.834] [OK] [EXEC] SELL ORDER SENT orderId=385287632
[11:53:51.728] [INFO] [EXEC] SELL_WATCHDOG_SYNC orderId=385287632 status=NEW
[11:53:51.731] [WARNING] [EXEC] SELL_WATCHDOG_FAR_CANCEL orderId=385287632 price=80722.91 ask=80713.88 dist_ticks=902
[11:53:52.260] [INFO] [EXEC] SELL_FAR_CANCEL_FINAL_STATUS status=CANCELED
[11:53:53.301] [INFO] [EXEC] SELL CHECK inventory=0.123870 reported=0.000000 remaining=0.123860 chunks=1
[11:53:53.308] [INFO] [EXEC] SELL_REPRICE_FRESH_APPLIED old=80722.91 new=80717.03 ask=80717.06 bid=80713.18
[11:53:53.308] [INFO] [EXEC] SELL_REPRICE_VALIDATION old=80722.91 new=80717.03 ask=80717.06 dist_ticks=2 source=fresh_snapshot
[11:53:53.312] [WARNING] [EXEC] SELL_FLOOR_BLOCKED price=80717.03 floor=80728.86 entry=80728.85 reason=below_min_profit source=fresh_after_far_cancel
[11:53:53.313] [INFO] [EXEC] PLACE_SELL_SOURCE source=fresh_after_far_cancel price=80728.86
[11:53:53.314] [OK] [EXEC] PLACE SELL price=80728.86 qty=0.123860
[11:53:53.583] [OK] [EXEC] SELL ORDER SENT orderId=385287747
[11:53:54.114] [OK] [SYNC] order filled detected
[11:53:54.118] [OK] [SYNC] SELL filled on exchange
[11:53:54.118] [OK] [EXEC] FIFO CLOSE qty=0.123860 entry=80728.85 exit=80728.85 pnl=+0.000182
[11:53:54.118] [INFO] [EXEC] CHUNK DRAINED
[11:53:54.118] [OK] [EXEC] REALIZED pnl=+0.000182
[11:53:54.118] [INFO] [EXEC] SELL ACCOUNTING RESET flat
[11:53:54.134] [OK] [EXEC] CYCLE CLOSED pnl=+0.000182
[11:53:54.134] [INFO] [EXEC] SESSION realized=+0.000182 wins=1 losses=0
[11:53:57.078] [INFO] [HEALTH] state=GOOD
[11:53:57.354] [INFO] [EXEC] SELL ACCOUNTING RESET new_cycle
[11:53:57.354] [OK] [EXEC] BUY ORDER SENT orderId=385287969 price=80728.96 qty=0.123870
[11:53:57.370] [OK] [EXEC] PLACE BUY price=80728.96 qty=0.123870
[11:53:59.354] [INFO] [EXEC] BUY_WATCHDOG_SYNC orderId=385287969 status=NEW
[11:53:59.354] [WARNING] [EXEC] BUY_WATCHDOG_FAR_CANCEL orderId=385287969 price=80728.96 bid=80733.32 dist_ticks=436
[11:54:04.641] [INFO] [HEALTH] state=GOOD
[11:54:04.900] [INFO] [EXEC] SELL ACCOUNTING RESET new_cycle
[11:54:04.900] [OK] [EXEC] BUY ORDER SENT orderId=385288304 price=80734.65 qty=0.123860
[11:54:04.900] [OK] [EXEC] PLACE BUY price=80734.65 qty=0.123860
[11:54:06.182] [INFO] [EXEC] ENTRY_REPRICE reason=bid_moved_up old=80734.65 new=80734.75 count=1
[11:54:06.728] [OK] [EXEC] ENTRY_PLACE price=80734.75 qty=0.123860
[11:54:08.212] [INFO] [EXEC] BUY_WATCHDOG_SYNC orderId=385288364 status=NEW
[11:54:08.212] [WARNING] [EXEC] BUY_WATCHDOG_FAR_CANCEL orderId=385288364 price=80734.75 bid=80735.38 dist_ticks=63
[11:54:15.832] [INFO] START_CLICK received enabled=True api_ready=True running=True
[11:54:16.140] [WARNING] cancel all requested
[11:54:16.145] [WARNING] [EXEC] BALANCE_EXTERNAL_BTC free=0.213187 locked=0.000000
[11:54:16.148] [INFO] [EXEC] SELL ACCOUNTING RESET reconcile_stop
[11:54:16.151] [INFO] [EXEC] RECONCILE_FLAT reason=inventory_empty_safe_qty_zero
[11:54:16.153] [WARNING] STOP
