[17:52:48.733] [OK] filters loaded
[17:52:49.779] [WARNING] [EXEC] BLOCK reason=balance_low
[17:53:59.193] [OK] [PLAN] HOT entry=81977.67 exit=81983.01 profit=1.302746 age=467ms
[17:53:59.753] [OK] [PLAN] READY entry=81987.70 exit=81991.00 profit=0.804969 age=1024ms
[17:54:01.801] [EXCHANGE] symbol=BTCU base=BTC quote=U status=TRADING permissions=[]
[17:54:01.805] [OK] START
[17:54:02.325] [INFO] [EXEC] LIVE ON
[17:54:02.327] [INFO] [EXEC] WAIT READY
[17:54:02.869] [INFO] [EXEC] SELL ACCOUNTING RESET new_cycle
[17:54:02.870] [OK] [EXEC] BUY ORDER SENT orderId=383142604 price=81986.12 qty=0.243940
[17:54:02.872] [OK] [EXEC] PLACE BUY price=81986.12 qty=0.243940
[17:54:03.403] [WS] primary url=wss://stream.binance.com:9443/ws/btcu@bookTicker
[17:54:03.404] [WS] connecting primary
[17:54:03.407] [WS] connected
[17:54:04.911] [WS] LIVE bid=81986.13 ask=81992.26
[17:54:06.947] [WARNING] [EXEC] BUY TIMEOUT orderId=383142604
[17:54:06.951] [WARNING] [EXEC] CANCEL BUY orderId=383142604
[17:54:07.219] [OK] [EXEC] BUY CANCELED confirmed
[17:54:07.484] [INFO] [EXEC] BUY FINAL STATUS status=CANCELED orderId=383142604
[17:54:07.488] [WARNING] [EXEC] BLOCK reason=buy_not_filled
[17:54:08.751] [WS] LIVE bid=81986.13 ask=81993.00
[17:54:09.843] [INFO] [EXEC] SELL ACCOUNTING RESET new_cycle
[17:54:09.847] [OK] [EXEC] BUY ORDER SENT orderId=383142745 price=81987.23 qty=0.243940
[17:54:09.849] [OK] [EXEC] PLACE BUY price=81987.23 qty=0.243940
[17:54:10.402] [OK] [EXEC] BUY FILL UPDATE delta=0.243940 avg=81987.23
[17:54:10.404] [OK] [EXEC] CHUNK ADD qty=0.243940 entry=81987.23
[17:54:10.406] [INFO] [EXEC] CHUNK COUNT n=1
[17:54:10.408] [OK] [EXEC] INVENTORY qty=0.243940
[17:54:10.409] [OK] [EXEC] SELL REQUIRED inventory=0.243940
[17:54:10.410] [OK] [EXEC] BUY PARTIAL delta=0.243940 total=0.243940
[17:54:10.411] [OK] [EXEC] BUY REMAINING qty=0.000000
[17:54:10.412] [OK] [EXEC] BUY FILLED id=383142745
[17:54:10.414] [OK] [PLAN] HOT entry=81979.33 exit=81984.81 profit=1.336901 age=543ms
[17:54:10.945] [OK] [SYNC] order filled detected
[17:54:10.948] [OK] [SYNC] BUY filled on exchange
[17:54:12.194] [INFO] [EXEC] SELL CHECK inventory=0.243940 reported=0.000000 remaining=0.243940 chunks=1
[17:54:12.197] [OK] [EXEC] PLACE SELL price=81987.27 qty=0.243940
[17:54:12.463] [OK] [EXEC] SELL ORDER SENT orderId=383143049
[17:54:12.470] [OK] [PLAN] READY entry=81974.10 exit=81978.11 profit=0.978320 age=2354ms
[17:54:12.975] [INFO] [EXEC] RECOVERY WAIT hard_sl_pending_recovery
[17:54:13.238] [OK] [PLAN] HOT entry=81969.93 exit=81974.50 profit=1.115034 age=3402ms
[17:54:14.265] [WS] LIVE bid=81967.20 ask=81976.36
[17:54:15.366] [INFO] [EXEC] RECOVERY WAIT hard_sl_pending_recovery
[17:54:15.634] [WARNING] [EXEC] SELL TIMEOUT orderId=383143049
[17:54:15.637] [WARNING] [EXEC] CANCEL SELL orderId=383143049
[17:54:16.167] [INFO] [EXEC] SELL FINAL STATUS status=CANCELED orderId=383143049
[17:54:16.171] [INFO] [EXEC] SELL TIMEOUT check fast_exit
[17:54:16.172] [WARNING] [EXEC] FORCE EXIT hard_sl_triggered
[17:54:16.173] [ERROR] [EXEC] HARD SL triggered
[17:54:16.174] [WARNING] [EXEC] PANIC EXIT sl_mode
[17:54:16.175] [WARNING] [EXEC] FORCE EXIT price=81974.62
[17:54:16.176] [OK] [EXEC] PLACE SELL price=81974.62 qty=0.243940
[17:54:16.440] [WARNING] [EXEC] PANIC START price=81974.62
[17:54:16.444] [OK] [EXEC] SELL ORDER SENT orderId=383143227
[17:54:17.110] [OK] [SYNC] order filled detected
[17:54:17.112] [OK] [SYNC] SELL filled on exchange
[17:54:17.113] [OK] [EXEC] FIFO CLOSE qty=0.243940 entry=81987.23 exit=81974.78 pnl=-3.036058
[17:54:17.115] [INFO] [EXEC] CHUNK DRAINED
[17:54:17.118] [OK] [EXEC] REALIZED pnl=-3.036058
[17:54:17.120] [INFO] [EXEC] SELL ACCOUNTING RESET flat
[17:54:17.123] [OK] [EXEC] CYCLE CLOSED pnl=-3.036058
[17:54:17.124] [INFO] [EXEC] SESSION realized=-3.036058 wins=0 losses=1
[17:54:17.388] [INFO] [EXEC] SELL ACCOUNTING RESET new_cycle
[17:54:17.389] [OK] [EXEC] BUY ORDER SENT orderId=383143340 price=81976.62 qty=0.243970
[17:54:17.391] [OK] [EXEC] PLACE BUY price=81976.62 qty=0.243970
[17:54:18.564] [OK] [EXEC] BUY FILL UPDATE delta=0.243970 avg=81976.62
[17:54:18.568] [OK] [EXEC] CHUNK ADD qty=0.243970 entry=81976.62
[17:54:18.569] [INFO] [EXEC] CHUNK COUNT n=1
[17:54:18.570] [OK] [EXEC] INVENTORY qty=0.243970
[17:54:18.572] [OK] [EXEC] SELL REQUIRED inventory=0.243970
[17:54:18.574] [OK] [EXEC] BUY PARTIAL delta=0.243970 total=0.243970
[17:54:18.575] [OK] [EXEC] BUY REMAINING qty=0.000000
[17:54:18.576] [OK] [EXEC] BUY FILLED id=383143340
[17:54:19.597] [OK] [SYNC] order filled detected
[17:54:19.598] [OK] [SYNC] BUY filled on exchange
[17:54:19.600] [WS] LIVE bid=81969.63 ask=81976.23
[17:54:20.602] [INFO] [EXEC] SELL CHECK inventory=0.243970 reported=0.000000 remaining=0.243970 chunks=1
[17:54:20.606] [OK] [EXEC] PLACE SELL price=81976.66 qty=0.243970
[17:54:20.872] [OK] [EXEC] SELL ORDER SENT orderId=383143508
[17:54:20.878] [WARNING] [EXEC] BLOCK reason=balance_low
[17:54:21.426] [INFO] [EXEC] RECOVERY WAIT hard_sl_pending_recovery
[17:54:24.109] [WARNING] [EXEC] SELL TIMEOUT orderId=383143508
[17:54:24.113] [WARNING] [EXEC] CANCEL SELL orderId=383143508
[17:54:24.644] [INFO] [EXEC] SELL FINAL STATUS status=CANCELED orderId=383143508
[17:54:24.648] [INFO] [EXEC] SELL TIMEOUT check fast_exit
[17:54:24.650] [WARNING] [EXEC] FORCE EXIT hard_sl_triggered
[17:54:24.652] [ERROR] [EXEC] HARD SL triggered
[17:54:24.653] [WARNING] [EXEC] PANIC EXIT sl_mode
[17:54:24.655] [WARNING] [EXEC] FORCE EXIT price=81965.35
[17:54:24.657] [OK] [EXEC] PLACE SELL price=81965.35 qty=0.243970
[17:54:24.923] [WARNING] [EXEC] PANIC START price=81965.35
[17:54:24.927] [OK] [EXEC] SELL ORDER SENT orderId=383143873
[17:54:24.930] [WS] LIVE bid=81954.45 ask=81961.98
[17:54:27.650] [WARNING] [EXEC] PANIC WAIT still_open orderId=383143873
[17:54:27.654] [WARNING] [EXEC] PANIC HOLD active orderId=383143873
[17:54:29.579] [WS] LIVE bid=81942.76 ask=81946.26
[17:54:30.146] [WARNING] [EXEC] PANIC HOLD active orderId=383143873
[17:54:30.151] [WARNING] [EXEC] BLOCK reason=balance_low
[17:54:32.631] [WARNING] [EXEC] PANIC WAIT still_open orderId=383143873
[17:54:32.634] [WARNING] [EXEC] PANIC HOLD active orderId=383143873
[17:54:34.000] [WS] LIVE bid=81940.65 ask=81949.32
[17:54:34.946] [WARNING] [EXEC] PANIC HOLD active orderId=383143873
[17:54:34.950] [WARNING] [EXEC] BLOCK reason=balance_low
[17:54:35.764] [WARNING] [EXEC] PANIC WAIT still_open orderId=383143873
[17:54:35.768] [WARNING] [EXEC] PANIC HOLD active orderId=383143873
[17:54:38.887] [WARNING] [EXEC] PANIC WAIT still_open orderId=383143873
[17:54:38.891] [WARNING] [EXEC] PANIC HOLD active orderId=383143873
[17:54:40.210] [WS] LIVE bid=81937.24 ask=81944.51
[17:54:41.681] [WARNING] [EXEC] PANIC HOLD active orderId=383143873
[17:54:42.015] [WARNING] [EXEC] PANIC WAIT still_open orderId=383143873
[17:54:42.019] [WARNING] [EXEC] PANIC HOLD active orderId=383143873
[17:54:44.590] [WS] LIVE bid=81916.25 ask=81922.47
[17:54:45.512] [WARNING] [EXEC] PANIC WAIT still_open orderId=383143873
[17:54:45.515] [WARNING] [EXEC] PANIC STALE detected orderId=383143873
[17:54:45.516] [WARNING] [EXEC] PANIC ESCALATE old=81965.35 new=81914.01 qty=0.243970
[17:54:46.334] [WARNING] [EXEC] PANIC ESCALATE placed orderId=383144945
[17:54:46.343] [WARNING] [EXEC] BLOCK reason=balance_low
[17:54:47.670] [OK] [EXEC] FIFO CLOSE qty=0.243970 entry=81976.62 exit=81917.11 pnl=-14.518359
[17:54:47.674] [INFO] [EXEC] CHUNK DRAINED
[17:54:47.675] [OK] [EXEC] REALIZED pnl=-14.518359
[17:54:47.676] [INFO] [EXEC] SELL ACCOUNTING RESET flat
[17:54:47.677] [OK] [EXEC] CYCLE CLOSED pnl=-14.518359
[17:54:47.678] [INFO] [EXEC] SESSION realized=-17.554417 wins=0 losses=2
[17:54:47.679] [INFO] [EXEC] SELL ACCOUNTING RESET flat
[17:54:47.680] [INFO] [EXEC] CYCLE SKIP no_fifo_pnl
[17:54:47.681] [OK] [EXEC] SELL FILLED id=383144945
[17:54:47.682] [OK] [EXEC] SELL FILLED qty=0.243970 remaining=0.000000
[17:54:47.683] [INFO] [EXEC] SELL ACCOUNTING RESET inventory_drained
[17:54:47.684] [INFO] [EXEC] INVENTORY DRAINED epsilon_cleanup qty=0.000000
[17:54:47.685] [INFO] [EXEC] SELL ACCOUNTING RESET flat
[17:54:47.686] [INFO] [EXEC] CYCLE SKIP no_fifo_pnl
[17:54:48.570] [INFO] [EXEC] SELL ACCOUNTING RESET new_cycle
[17:54:48.575] [OK] [EXEC] BUY ORDER SENT orderId=383145090 price=81929.34 qty=0.244110
[17:54:48.578] [OK] [EXEC] PLACE BUY price=81929.34 qty=0.244110
[17:54:50.945] [WS] LIVE bid=81929.35 ask=81935.84
[17:54:52.640] [WARNING] [EXEC] BUY TIMEOUT orderId=383145090
[17:54:52.644] [WARNING] [EXEC] CANCEL BUY orderId=383145090
[17:54:52.915] [OK] [EXEC] BUY CANCELED confirmed
[17:54:53.198] [INFO] [EXEC] BUY FINAL STATUS status=CANCELED orderId=383145090
[17:54:53.201] [WARNING] [EXEC] BLOCK reason=buy_not_filled
[17:54:53.204] [OK] [PLAN] HOT entry=81934.59 exit=81939.67 profit=1.239977 age=809ms
[17:54:54.522] [INFO] [EXEC] SELL ACCOUNTING RESET new_cycle
[17:54:54.526] [OK] [EXEC] BUY ORDER SENT orderId=383145411 price=81924.88 qty=0.244120
[17:54:54.528] [OK] [EXEC] PLACE BUY price=81924.88 qty=0.244120
[17:54:55.567] [WS] LIVE bid=81932.44 ask=81940.83
[17:54:57.178] [OK] [SYNC] order filled detected
[17:54:57.181] [OK] [SYNC] BUY filled on exchange
[17:54:57.182] [OK] [EXEC] BUY FILL UPDATE delta=0.244120 avg=81924.88
[17:54:57.184] [OK] [EXEC] CHUNK ADD qty=0.244120 entry=81924.88
[17:54:57.187] [INFO] [EXEC] CHUNK COUNT n=1
[17:54:57.190] [OK] [EXEC] INVENTORY qty=0.244120
[17:54:57.191] [OK] [EXEC] SELL REQUIRED inventory=0.244120
[17:54:58.102] [INFO] [EXEC] SELL CHECK inventory=0.244120 reported=0.000000 remaining=0.244120 chunks=1
[17:54:58.106] [OK] [EXEC] PLACE SELL price=81926.11 qty=0.244120
[17:54:58.373] [OK] [EXEC] SELL ORDER SENT orderId=383145687
[17:54:58.931] [INFO] [EXEC] RECOVERY WAIT hard_sl_pending_recovery
[17:54:59.202] [WARNING] [EXEC] BLOCK reason=balance_low
[17:55:00.540] [WS] LIVE bid=81901.64 ask=81910.15
[17:55:00.818] [INFO] [EXEC] RECOVERY WAIT hard_sl_pending_recovery
[17:55:01.083] [WARNING] [EXEC] SELL TIMEOUT orderId=383145687
[17:55:01.085] [WARNING] [EXEC] CANCEL SELL orderId=383145687
[17:55:01.614] [INFO] [EXEC] SELL FINAL STATUS status=CANCELED orderId=383145687
[17:55:01.619] [INFO] [EXEC] SELL TIMEOUT check fast_exit
[17:55:01.623] [WARNING] [EXEC] FORCE EXIT hard_sl_triggered
[17:55:01.625] [ERROR] [EXEC] HARD SL triggered
[17:55:01.627] [WARNING] [EXEC] PANIC EXIT sl_mode
[17:55:01.629] [WARNING] [EXEC] FORCE EXIT price=81903.47
[17:55:01.630] [OK] [EXEC] PLACE SELL price=81903.47 qty=0.244120
[17:55:01.890] [WARNING] [EXEC] PANIC START price=81903.47
[17:55:01.894] [OK] [EXEC] SELL ORDER SENT orderId=383145968
[17:55:02.423] [OK] [SYNC] order filled detected
[17:55:02.425] [OK] [SYNC] SELL filled on exchange
[17:55:02.426] [OK] [EXEC] FIFO CLOSE qty=0.244120 entry=81924.88 exit=81903.47 pnl=-5.226609
[17:55:02.427] [INFO] [EXEC] CHUNK DRAINED
[17:55:02.428] [OK] [EXEC] REALIZED pnl=-5.226609
[17:55:02.430] [INFO] [EXEC] SELL ACCOUNTING RESET flat
[17:55:02.432] [OK] [EXEC] CYCLE CLOSED pnl=-5.226609
[17:55:02.434] [INFO] [EXEC] SESSION realized=-22.781026 wins=0 losses=3
[17:55:04.967] [WS] LIVE bid=81893.08 ask=81902.05
[17:55:05.330] [WARNING] cancel all requested
[17:55:05.332] [WARNING] STOP
[17:55:06.093] [WS] stale/lost
[17:55:09.881] [OK] [PLAN] READY entry=81894.79 exit=81898.30 profit=0.857177 age=143ms
[17:55:13.002] [OK] [PLAN] HOT entry=81895.81 exit=81902.91 profit=1.733891 age=495ms
[17:55:14.773] [OK] [PLAN] READY entry=81897.21 exit=81901.25 profit=0.986568 age=2266ms
[17:55:15.514] [OK] [PLAN] HOT entry=81894.79 exit=81900.90 profit=1.492123 age=3008ms
[17:55:17.773] [OK] [PLAN] READY entry=81898.59 exit=81902.77 profit=1.020756 age=5265ms
