[08:56:27.313] [OK] filters loaded
[08:56:27.314] [INFO] GUI_PERF tick_ms=0 logs_visible=False gui_log_mode=OFF append_skipped=0
[08:56:27.666] [INFO] [EXEC] STREAM_STATS_UI cycles=0 wins=0 losses=0 pnl=+0.000000 winrate=0.00%
[08:56:33.112] [INFO] START_CLICK received enabled=True api_ready=True running=False
[08:56:33.113] [INFO] GUI_PERF tick_ms=0 logs_visible=False gui_log_mode=OFF append_skipped=2
[08:56:33.113] [INFO] START_SETTINGS live_enabled=True guard_mode=FAST entry_mode=AGGRESSIVE exit_engine=True order_size=223.0
[08:56:33.113] [INFO] START_PROFILE order_size=223.0 min_spread=6.0 guard_mode=FAST entry_mode=AGGRESSIVE sell_timeout=1800 far_sell_ticks=60 taker_exit_after_ms=2200
[08:56:33.116] [INFO] SETTINGS_MERGE_PRESERVE existing_values=true missing_added=0
[08:56:33.618] [EXCHANGE] symbol=BTCU base=BTC quote=U status=TRADING permissions=[]
[08:56:33.623] [OK] START
[08:56:33.624] [OK] START_OK runtime_started
[08:56:33.624] [INFO] [EXEC] STREAMS_ENABLED count=10 range_ticks=800 step_ticks=80
[08:56:33.625] [INFO] [EXEC] GRID_BUDGET_SOURCE source=max_exposure_u budget=5000.00
[08:56:33.625] [INFO] [EXEC] STREAM_CREATE stream_id=1 buy_price=81146.97000000 budget=500.00 qty=0.00616000
[08:56:33.626] [INFO] [EXEC] STREAM_CREATE stream_id=2 buy_price=81146.17000000 budget=500.00 qty=0.00616000
[08:56:33.626] [INFO] [EXEC] STREAM_CREATE stream_id=3 buy_price=81145.37000000 budget=500.00 qty=0.00616000
[08:56:33.626] [INFO] [EXEC] STREAM_CREATE stream_id=4 buy_price=81144.57000000 budget=500.00 qty=0.00616000
[08:56:33.627] [INFO] [EXEC] STREAM_CREATE stream_id=5 buy_price=81143.77000000 budget=500.00 qty=0.00616000
[08:56:33.628] [INFO] [EXEC] STREAM_CREATE stream_id=6 buy_price=81142.97000000 budget=500.00 qty=0.00616000
[08:56:33.629] [INFO] [EXEC] STREAM_CREATE stream_id=7 buy_price=81142.17000000 budget=500.00 qty=0.00616000
[08:56:33.630] [INFO] [EXEC] STREAM_CREATE stream_id=8 buy_price=81141.37000000 budget=500.00 qty=0.00616000
[08:56:33.631] [INFO] [EXEC] STREAM_CREATE stream_id=9 buy_price=81140.57000000 budget=500.00 qty=0.00616000
[08:56:33.631] [INFO] [EXEC] STREAM_CREATE stream_id=10 buy_price=81139.77000000 budget=500.00 qty=0.00616000
[08:56:33.632] [INFO] [EXEC] STREAM_CREATE_DONE count=10 budget=5000.00 step_ticks=80
[08:56:33.634] [INFO] [EXEC] LIVE ON
[08:56:33.635] [INFO] [EXEC] WAIT READY
[08:56:33.635] [INFO] [HEALTH] state=DANGER
[08:56:33.635] [INFO] [EXEC] STREAM_GUARD_SIMPLE_PASS
[08:56:33.636] [INFO] [EXEC] STREAM_MODE_ACTIVE_SKIP_SINGLE_ENTRY
[08:56:34.186] [INFO] [EXEC] STREAM_BUY_PLACED level_id=1 order_id=388164030
[08:56:34.187] [INFO] GUI_PERF tick_ms=0 logs_visible=False gui_log_mode=OFF append_skipped=27
[08:56:34.187] [OK] [EXEC] PLACE BUY price=81146.97 qty=0.006160
[08:56:35.190] [WS] primary url=wss://stream.binance.com:9443/ws/btcu@bookTicker
[08:56:35.191] [INFO] GUI_PERF tick_ms=0 logs_visible=False gui_log_mode=OFF append_skipped=29
[08:56:35.191] [WS] connecting primary
[08:56:35.192] [WS] connected
[08:56:35.867] [INFO] [EXEC] STREAM_GUARD_SIMPLE_PASS
[08:56:36.130] [INFO] [EXEC] STREAM_BUY_PLACED level_id=2 order_id=388164043
[08:56:36.131] [OK] [EXEC] PLACE BUY price=81146.17 qty=0.006160
[08:56:37.149] [INFO] [EXEC] STREAM_GUARD_SIMPLE_PASS
[08:56:37.149] [INFO] GUI_PERF tick_ms=0 logs_visible=False gui_log_mode=OFF append_skipped=35
[08:56:37.408] [INFO] [EXEC] STREAM_BUY_PLACED level_id=3 order_id=388164077
[08:56:37.409] [OK] [EXEC] PLACE BUY price=81145.37 qty=0.006160
[08:56:38.652] [INFO] [EXEC] STREAM_GUARD_SIMPLE_PASS
[08:56:38.653] [INFO] GUI_PERF tick_ms=0 logs_visible=False gui_log_mode=OFF append_skipped=38
[08:56:38.654] [INFO] [EXEC] STREAM_MODE_ACTIVE_SKIP_SINGLE_ENTRY
[08:56:38.918] [INFO] [EXEC] STREAM_BUY_PLACED level_id=4 order_id=388164097
[08:56:38.919] [OK] [EXEC] PLACE BUY price=81144.57 qty=0.006160
[08:56:40.433] [INFO] [HEALTH] state=DANGER
[08:56:40.434] [INFO] GUI_PERF tick_ms=0 logs_visible=False gui_log_mode=OFF append_skipped=42
[08:56:40.435] [INFO] [EXEC] STREAM_GUARD_SIMPLE_PASS
[08:56:40.698] [INFO] [EXEC] STREAM_BUY_PLACED level_id=5 order_id=388164126
[08:56:40.700] [OK] [EXEC] PLACE BUY price=81143.77 qty=0.006160
[08:56:40.701] [INFO] [EXEC] STREAM_STATS_UI cycles=0 wins=0 losses=0 pnl=+0.000000 winrate=0.00%
[08:56:42.451] [WARNING] [HEALTH] block spread_too_young lifetime=0
[08:56:42.452] [INFO] GUI_PERF tick_ms=0 logs_visible=False gui_log_mode=OFF append_skipped=47
[08:56:42.453] [WARNING] [HEALTH] unstable_spread lifetime=0
[08:56:42.453] [INFO] [EXEC] STREAM_GUARD_SIMPLE_PASS
[08:56:42.726] [INFO] [EXEC] STREAM_BUY_PLACED level_id=6 order_id=388164164
[08:56:42.727] [OK] [EXEC] PLACE BUY price=81142.97 qty=0.006160
[08:56:45.016] [INFO] [EXEC] STREAM_GUARD_SIMPLE_PASS
[08:56:45.017] [INFO] GUI_PERF tick_ms=0 logs_visible=False gui_log_mode=OFF append_skipped=52
[08:56:45.017] [INFO] [EXEC] STREAM_MODE_ACTIVE_SKIP_SINGLE_ENTRY
[08:56:45.287] [INFO] [EXEC] STREAM_BUY_PLACED level_id=7 order_id=388164227
[08:56:45.288] [OK] [EXEC] PLACE BUY price=81142.17 qty=0.006160
[08:56:47.613] [INFO] [EXEC] STREAM_GUARD_SIMPLE_PASS
[08:56:47.614] [INFO] GUI_PERF tick_ms=0 logs_visible=False gui_log_mode=OFF append_skipped=56
[08:56:47.880] [INFO] [EXEC] STREAM_BUY_PLACED level_id=8 order_id=388164278
[08:56:47.881] [OK] [EXEC] PLACE BUY price=81141.37 qty=0.006160
[08:56:47.882] [INFO] [EXEC] STREAM_STATS_UI cycles=0 wins=0 losses=0 pnl=+0.000000 winrate=0.00%
[08:56:50.346] [INFO] [HEALTH] state=DANGER
[08:56:50.347] [INFO] GUI_PERF tick_ms=0 logs_visible=False gui_log_mode=OFF append_skipped=60
[08:56:50.347] [INFO] [EXEC] STREAM_GUARD_SIMPLE_PASS
[08:56:50.347] [INFO] [EXEC] STREAM_MODE_ACTIVE_SKIP_SINGLE_ENTRY
[08:56:51.081] [INFO] [EXEC] STREAM_BUY_PLACED level_id=9 order_id=388164342
[08:56:51.083] [OK] [EXEC] PLACE BUY price=81140.57 qty=0.006160
[08:56:52.752] [INFO] [EXEC] STREAM_BUY_FILLED level_id=1
[08:56:52.753] [INFO] GUI_PERF tick_ms=0 logs_visible=False gui_log_mode=OFF append_skipped=65
[08:56:52.754] [OK] [EXEC] CHUNK ADD qty=0.006160 entry=81146.97
[08:56:52.755] [INFO] [EXEC] CHUNK COUNT n=1
[08:56:52.756] [INFO] [EXEC] STREAM_TARGET_USED ticks=40 sell_price=81147.37
[08:56:53.017] [INFO] [EXEC] STREAM_SELL_PLACED stream_id=1 chunk_id=1778599001840 order_id=388164368 price=81147.37 qty=0.006160
[08:56:53.278] [INFO] [EXEC] STREAM_BUY_FILLED level_id=2
[08:56:53.279] [OK] [EXEC] CHUNK ADD qty=0.006160 entry=81146.17
[08:56:53.279] [INFO] [EXEC] CHUNK COUNT n=2
[08:56:53.279] [INFO] [EXEC] STREAM_TARGET_USED ticks=40 sell_price=81146.56
[08:56:53.538] [INFO] [EXEC] STREAM_SELL_PLACED stream_id=2 chunk_id=1778599169200 order_id=388164378 price=81146.56 qty=0.006160
[08:56:54.278] [INFO] [EXEC] STREAM_BUY_FILLED level_id=3
[08:56:54.279] [INFO] GUI_PERF tick_ms=0 logs_visible=False gui_log_mode=OFF append_skipped=75
[08:56:54.279] [OK] [EXEC] CHUNK ADD qty=0.006160 entry=81145.37
[08:56:54.279] [INFO] [EXEC] CHUNK COUNT n=3
[08:56:54.279] [INFO] [EXEC] STREAM_TARGET_USED ticks=40 sell_price=81145.76
[08:56:54.543] [INFO] [EXEC] STREAM_SELL_PLACED stream_id=3 chunk_id=1778599180624 order_id=388164428 price=81145.76 qty=0.006160
[08:56:54.807] [INFO] [EXEC] STREAM_BUY_FILLED level_id=4
[08:56:54.808] [OK] [EXEC] CHUNK ADD qty=0.006160 entry=81144.57
[08:56:54.808] [INFO] [EXEC] CHUNK COUNT n=4
[08:56:54.808] [INFO] [EXEC] STREAM_TARGET_USED ticks=40 sell_price=81144.97
[08:56:55.554] [INFO] [EXEC] STREAM_SELL_PLACED stream_id=4 chunk_id=1778599179040 order_id=388164454 price=81144.97 qty=0.006160
[08:56:55.556] [INFO] GUI_PERF tick_ms=0 logs_visible=False gui_log_mode=OFF append_skipped=84
[08:56:58.373] [INFO] [EXEC] STREAM_SELL_STATUS stream_id=1 chunk_id=1778599001840 order_id=388164368 status=FILLED
[08:56:58.374] [INFO] GUI_PERF tick_ms=0 logs_visible=False gui_log_mode=OFF append_skipped=85
[08:56:58.374] [INFO] [EXEC] STREAM_SELL_FILLED stream_id=1 chunk_id=1778599001840 order_id=388164368
[08:56:58.374] [OK] [EXEC] FIFO CLOSE qty=0.006160 entry=81146.97 exit=81147.37 pnl=+0.002464
[08:56:58.374] [INFO] [EXEC] STREAM_PNL stream_id=1 pnl=+0.002464
[08:56:58.374] [INFO] [EXEC] STREAM_RECYCLED level_id=1
[08:56:58.374] [INFO] [EXEC] STREAM_RECYCLED stream_id=1
[08:56:58.632] [INFO] [EXEC] STREAM_SELL_STATUS stream_id=2 chunk_id=1778599169200 order_id=388164378 status=FILLED
[08:56:58.632] [INFO] [EXEC] STREAM_SELL_FILLED stream_id=2 chunk_id=1778599169200 order_id=388164378
[08:56:58.633] [OK] [EXEC] FIFO CLOSE qty=0.006160 entry=81146.17 exit=81146.56 pnl=+0.002402
[08:56:58.633] [INFO] [EXEC] STREAM_PNL stream_id=2 pnl=+0.002402
[08:56:58.634] [INFO] [EXEC] STREAM_RECYCLED level_id=2
[08:56:58.634] [INFO] [EXEC] STREAM_RECYCLED stream_id=2
[08:56:59.406] [INFO] [EXEC] STREAM_SELL_STATUS stream_id=3 chunk_id=1778599180624 order_id=388164428 status=FILLED
[08:56:59.407] [INFO] GUI_PERF tick_ms=0 logs_visible=False gui_log_mode=OFF append_skipped=97
[08:56:59.407] [INFO] [EXEC] STREAM_SELL_FILLED stream_id=3 chunk_id=1778599180624 order_id=388164428
[08:56:59.407] [OK] [EXEC] FIFO CLOSE qty=0.006160 entry=81145.37 exit=81145.76 pnl=+0.002402
[08:56:59.407] [INFO] [EXEC] STREAM_PNL stream_id=3 pnl=+0.002402
[08:56:59.407] [INFO] [EXEC] STREAM_RECYCLED level_id=3
[08:56:59.408] [INFO] [EXEC] STREAM_RECYCLED stream_id=3
[08:56:59.669] [INFO] [EXEC] STREAM_SELL_STATUS stream_id=4 chunk_id=1778599179040 order_id=388164454 status=FILLED
[08:56:59.670] [INFO] [EXEC] STREAM_SELL_FILLED stream_id=4 chunk_id=1778599179040 order_id=388164454
[08:56:59.671] [OK] [EXEC] FIFO CLOSE qty=0.006160 entry=81144.57 exit=81144.97 pnl=+0.002464
[08:56:59.672] [INFO] [EXEC] STREAM_PNL stream_id=4 pnl=+0.002464
[08:56:59.673] [INFO] [EXEC] STREAM_RECYCLED level_id=4
[08:56:59.674] [INFO] [EXEC] STREAM_RECYCLED stream_id=4
[08:56:59.675] [WARNING] [HEALTH] block spread_too_young lifetime=0
[08:56:59.676] [WARNING] [HEALTH] unstable_spread lifetime=0
[08:56:59.676] [INFO] [EXEC] STREAM_GUARD_SIMPLE_PASS
[08:56:59.677] [INFO] [EXEC] STREAM_MODE_ACTIVE_SKIP_SINGLE_ENTRY
[08:56:59.941] [INFO] [EXEC] STREAM_BUY_PLACED level_id=1 order_id=388164530
[08:56:59.943] [OK] [EXEC] PLACE BUY price=81146.97 qty=0.006160
[08:56:59.971] [INFO] [EXEC] STREAM_STATS_UI cycles=4 wins=4 losses=0 pnl=+0.009733 winrate=100.00%
[08:57:02.688] [INFO] [HEALTH] state=DANGER
[08:57:02.689] [INFO] GUI_PERF tick_ms=0 logs_visible=False gui_log_mode=OFF append_skipped=116
[08:57:02.689] [INFO] [EXEC] STREAM_GUARD_SIMPLE_PASS
[08:57:02.690] [INFO] [EXEC] STREAM_MODE_ACTIVE_SKIP_SINGLE_ENTRY
[08:57:02.951] [INFO] [EXEC] STREAM_BUY_PLACED level_id=2 order_id=388164598
[08:57:02.952] [OK] [EXEC] PLACE BUY price=81146.17 qty=0.006160
[08:57:05.184] [INFO] [EXEC] STREAM_GUARD_SIMPLE_PASS
[08:57:05.185] [INFO] GUI_PERF tick_ms=0 logs_visible=False gui_log_mode=OFF append_skipped=121
[08:57:05.445] [INFO] [EXEC] STREAM_BUY_PLACED level_id=3 order_id=388164633
[08:57:05.447] [OK] [EXEC] PLACE BUY price=81145.37 qty=0.006160
[08:57:05.448] [INFO] [EXEC] STREAM_STATS_UI cycles=4 wins=4 losses=0 pnl=+0.009733 winrate=100.00%
[08:57:07.975] [INFO] [EXEC] STREAM_GUARD_SIMPLE_PASS
[08:57:07.976] [INFO] GUI_PERF tick_ms=0 logs_visible=False gui_log_mode=OFF append_skipped=125
[08:57:07.977] [INFO] [EXEC] STREAM_MODE_ACTIVE_SKIP_SINGLE_ENTRY
[08:57:08.242] [INFO] [EXEC] STREAM_BUY_PLACED level_id=4 order_id=388164653
[08:57:08.243] [OK] [EXEC] PLACE BUY price=81144.57 qty=0.006160
[08:57:11.984] [INFO] [HEALTH] state=DANGER
[08:57:11.985] [INFO] GUI_PERF tick_ms=0 logs_visible=False gui_log_mode=OFF append_skipped=129
[08:57:11.986] [INFO] [EXEC] STREAM_GUARD_SIMPLE_PASS
[08:57:12.728] [INFO] [EXEC] STREAM_BUY_PLACED level_id=10 order_id=388164734
[08:57:12.729] [OK] [EXEC] PLACE BUY price=81139.77 qty=0.006160
[08:57:12.731] [INFO] [EXEC] STREAM_STATS_UI cycles=4 wins=4 losses=0 pnl=+0.009733 winrate=100.00%
[08:57:13.408] [INFO] [EXEC] STREAM_BUY_FILLED level_id=1
[08:57:13.408] [INFO] GUI_PERF tick_ms=0 logs_visible=False gui_log_mode=OFF append_skipped=134
[08:57:13.408] [OK] [EXEC] CHUNK ADD qty=0.006160 entry=81146.97
[08:57:13.408] [INFO] [EXEC] CHUNK COUNT n=1
[08:57:13.408] [INFO] [EXEC] STREAM_TARGET_USED ticks=40 sell_price=81147.37
[08:57:13.685] [INFO] [EXEC] STREAM_SELL_PLACED stream_id=1 chunk_id=1778650331712 order_id=388164747 price=81147.37 qty=0.006160
[08:57:13.950] [INFO] [EXEC] STREAM_BUY_FILLED level_id=2
[08:57:13.950] [OK] [EXEC] CHUNK ADD qty=0.006160 entry=81146.17
[08:57:13.951] [INFO] [EXEC] CHUNK COUNT n=2
[08:57:13.951] [INFO] [EXEC] STREAM_TARGET_USED ticks=40 sell_price=81146.56
[08:57:14.226] [INFO] [EXEC] STREAM_SELL_PLACED stream_id=2 chunk_id=1778599172992 order_id=388164762 price=81146.56 qty=0.006160
[08:57:14.488] [INFO] [EXEC] STREAM_BUY_FILLED level_id=3
[08:57:14.489] [INFO] GUI_PERF tick_ms=0 logs_visible=False gui_log_mode=OFF append_skipped=144
[08:57:14.489] [OK] [EXEC] CHUNK ADD qty=0.006160 entry=81145.37
[08:57:14.490] [INFO] [EXEC] CHUNK COUNT n=3
[08:57:14.490] [INFO] [EXEC] STREAM_TARGET_USED ticks=40 sell_price=81145.76
[08:57:14.771] [INFO] [EXEC] STREAM_SELL_PLACED stream_id=3 chunk_id=1778599181056 order_id=388164773 price=81145.76 qty=0.006160
[08:57:16.910] [INFO] [EXEC] STREAM_SELL_STATUS stream_id=1 chunk_id=1778650331712 order_id=388164747 status=FILLED
[08:57:16.911] [INFO] GUI_PERF tick_ms=0 logs_visible=False gui_log_mode=OFF append_skipped=149
[08:57:16.912] [INFO] [EXEC] STREAM_SELL_FILLED stream_id=1 chunk_id=1778650331712 order_id=388164747
[08:57:16.912] [OK] [EXEC] FIFO CLOSE qty=0.006160 entry=81146.97 exit=81147.37 pnl=+0.002464
[08:57:16.913] [INFO] [EXEC] STREAM_PNL stream_id=1 pnl=+0.002464
[08:57:16.913] [INFO] [EXEC] STREAM_RECYCLED level_id=1
[08:57:16.914] [INFO] [EXEC] STREAM_RECYCLED stream_id=1
[08:57:17.174] [INFO] [EXEC] STREAM_SELL_STATUS stream_id=2 chunk_id=1778599172992 order_id=388164762 status=FILLED
[08:57:17.175] [INFO] [EXEC] STREAM_SELL_FILLED stream_id=2 chunk_id=1778599172992 order_id=388164762
[08:57:17.176] [OK] [EXEC] FIFO CLOSE qty=0.006160 entry=81146.17 exit=81146.56 pnl=+0.002402
[08:57:17.177] [INFO] [EXEC] STREAM_PNL stream_id=2 pnl=+0.002402
[08:57:17.178] [INFO] [EXEC] STREAM_RECYCLED level_id=2
[08:57:17.178] [INFO] [EXEC] STREAM_RECYCLED stream_id=2
[08:57:17.912] [INFO] [EXEC] STREAM_SELL_STATUS stream_id=3 chunk_id=1778599181056 order_id=388164773 status=FILLED
[08:57:17.914] [INFO] GUI_PERF tick_ms=0 logs_visible=False gui_log_mode=OFF append_skipped=161
[08:57:17.914] [INFO] [EXEC] STREAM_SELL_FILLED stream_id=3 chunk_id=1778599181056 order_id=388164773
[08:57:17.915] [OK] [EXEC] FIFO CLOSE qty=0.006160 entry=81145.37 exit=81145.76 pnl=+0.002402
[08:57:17.916] [INFO] [EXEC] STREAM_PNL stream_id=3 pnl=+0.002402
[08:57:17.917] [INFO] [EXEC] STREAM_RECYCLED level_id=3
[08:57:17.917] [INFO] [EXEC] STREAM_RECYCLED stream_id=3
[08:57:17.918] [INFO] [EXEC] STREAM_GUARD_SIMPLE_PASS
[08:57:17.918] [INFO] [EXEC] STREAM_MODE_ACTIVE_SKIP_SINGLE_ENTRY
[08:57:18.178] [INFO] [EXEC] STREAM_BUY_PLACED level_id=1 order_id=388164905
[08:57:18.179] [OK] [EXEC] PLACE BUY price=81146.97 qty=0.006160
[08:57:18.180] [INFO] [EXEC] STREAM_STATS_UI cycles=7 wins=7 losses=0 pnl=+0.017002 winrate=100.00%
[08:57:21.041] [INFO] [HEALTH] state=DANGER
[08:57:21.042] [INFO] GUI_PERF tick_ms=0 logs_visible=False gui_log_mode=OFF append_skipped=172
[08:57:21.043] [INFO] [EXEC] STREAM_GUARD_SIMPLE_PASS
[08:57:21.044] [INFO] [EXEC] STREAM_MODE_ACTIVE_SKIP_SINGLE_ENTRY
[08:57:21.780] [INFO] [EXEC] STREAM_BUY_PLACED level_id=2 order_id=388164946
[08:57:21.781] [OK] [EXEC] PLACE BUY price=81146.17 qty=0.006160
[08:57:24.601] [WARNING] [HEALTH] block spread_too_young lifetime=0
[08:57:24.603] [INFO] GUI_PERF tick_ms=0 logs_visible=False gui_log_mode=OFF append_skipped=177
[08:57:24.604] [WARNING] [HEALTH] unstable_spread lifetime=0
[08:57:24.604] [INFO] [EXEC] STREAM_GUARD_SIMPLE_PASS
[08:57:24.892] [INFO] [EXEC] STREAM_BUY_PLACED level_id=3 order_id=388164986
[08:57:24.894] [OK] [EXEC] PLACE BUY price=81145.37 qty=0.006160
[08:57:25.155] [INFO] [EXEC] STREAM_STATS_UI cycles=7 wins=7 losses=0 pnl=+0.017002 winrate=100.00%
[08:57:28.129] [INFO] [EXEC] STREAM_GUARD_SIMPLE_PASS
[08:57:28.130] [INFO] GUI_PERF tick_ms=0 logs_visible=False gui_log_mode=OFF append_skipped=183
[08:57:28.130] [INFO] [EXEC] STREAM_MODE_ACTIVE_SKIP_SINGLE_ENTRY
[08:57:31.483] [INFO] [HEALTH] state=DANGER
[08:57:31.483] [INFO] GUI_PERF tick_ms=0 logs_visible=False gui_log_mode=OFF append_skipped=185
[08:57:31.484] [INFO] [EXEC] STREAM_GUARD_SIMPLE_PASS
[08:57:31.484] [INFO] [EXEC] STREAM_STATS_UI cycles=7 wins=7 losses=0 pnl=+0.017002 winrate=100.00%
[08:57:32.475] [INFO] [EXEC] STREAM_BUY_FILLED level_id=1
[08:57:32.476] [OK] [EXEC] CHUNK ADD qty=0.006160 entry=81146.97
[08:57:32.477] [INFO] [EXEC] CHUNK COUNT n=1
[08:57:32.478] [INFO] [EXEC] STREAM_TARGET_USED ticks=40 sell_price=81147.37
[08:57:32.747] [INFO] [EXEC] STREAM_SELL_PLACED stream_id=1 chunk_id=1778650318752 order_id=388165106 price=81147.37 qty=0.006160
[08:57:32.749] [INFO] GUI_PERF tick_ms=0 logs_visible=False gui_log_mode=OFF append_skipped=192
[08:57:33.268] [INFO] [EXEC] STREAM_BUY_FILLED level_id=3
[08:57:33.268] [OK] [EXEC] CHUNK ADD qty=0.006160 entry=81145.37
[08:57:33.268] [INFO] [EXEC] CHUNK COUNT n=2
[08:57:33.268] [INFO] [EXEC] STREAM_TARGET_USED ticks=40 sell_price=81145.76
[08:57:33.532] [INFO] [EXEC] STREAM_SELL_PLACED stream_id=3 chunk_id=1778650331472 order_id=388165160 price=81145.76 qty=0.006160
[08:57:33.796] [INFO] [EXEC] STREAM_BUY_FILLED level_id=4
[08:57:33.797] [INFO] GUI_PERF tick_ms=0 logs_visible=False gui_log_mode=OFF append_skipped=198
[08:57:33.797] [OK] [EXEC] CHUNK ADD qty=0.006160 entry=81144.57
[08:57:33.797] [INFO] [EXEC] CHUNK COUNT n=3
[08:57:33.798] [INFO] [EXEC] STREAM_TARGET_USED ticks=40 sell_price=81144.97
[08:57:34.064] [INFO] [EXEC] STREAM_SELL_PLACED stream_id=4 chunk_id=1778650328064 order_id=388165168 price=81144.97 qty=0.006160
[08:57:34.324] [INFO] [EXEC] STREAM_BUY_FILLED level_id=5
[08:57:34.324] [OK] [EXEC] CHUNK ADD qty=0.006160 entry=81143.77
[08:57:34.324] [INFO] [EXEC] CHUNK COUNT n=4
[08:57:34.325] [INFO] [EXEC] STREAM_TARGET_USED ticks=40 sell_price=81144.17
[08:57:34.585] [INFO] [EXEC] STREAM_SELL_PLACED stream_id=5 chunk_id=1778650322304 order_id=388165176 price=81144.17 qty=0.006160
[08:57:34.851] [INFO] [EXEC] STREAM_BUY_FILLED level_id=6
[08:57:34.852] [INFO] GUI_PERF tick_ms=0 logs_visible=False gui_log_mode=OFF append_skipped=208
[08:57:34.852] [OK] [EXEC] CHUNK ADD qty=0.006160 entry=81142.97
[08:57:34.852] [INFO] [EXEC] CHUNK COUNT n=5
[08:57:34.853] [INFO] [EXEC] STREAM_TARGET_USED ticks=40 sell_price=81143.37
[08:57:35.114] [INFO] [EXEC] STREAM_SELL_PLACED stream_id=6 chunk_id=1778599166032 order_id=388165184 price=81143.37 qty=0.006160
[08:57:35.373] [INFO] [EXEC] STREAM_BUY_FILLED level_id=7
[08:57:35.373] [OK] [EXEC] CHUNK ADD qty=0.006160 entry=81142.17
[08:57:35.373] [INFO] [EXEC] CHUNK COUNT n=6
[08:57:35.374] [INFO] [EXEC] STREAM_TARGET_USED ticks=40 sell_price=81142.56
[08:57:35.634] [INFO] [EXEC] STREAM_SELL_PLACED stream_id=7 chunk_id=1778650321296 order_id=388165198 price=81142.56 qty=0.006160
[08:57:36.707] [INFO] [EXEC] STREAM_SELL_STATUS stream_id=1 chunk_id=1778650318752 order_id=388165106 status=FILLED
[08:57:36.708] [INFO] GUI_PERF tick_ms=0 logs_visible=False gui_log_mode=OFF append_skipped=218
[08:57:36.709] [INFO] [EXEC] STREAM_SELL_FILLED stream_id=1 chunk_id=1778650318752 order_id=388165106
[08:57:36.710] [OK] [EXEC] FIFO CLOSE qty=0.006160 entry=81146.97 exit=81147.37 pnl=+0.002464
[08:57:36.710] [INFO] [EXEC] STREAM_PNL stream_id=1 pnl=+0.002464
[08:57:36.710] [INFO] [EXEC] STREAM_RECYCLED level_id=1
[08:57:36.711] [INFO] [EXEC] STREAM_RECYCLED stream_id=1
[08:57:36.971] [INFO] [EXEC] STREAM_SELL_STATUS stream_id=3 chunk_id=1778650331472 order_id=388165160 status=FILLED
[08:57:36.972] [INFO] [EXEC] STREAM_SELL_FILLED stream_id=3 chunk_id=1778650331472 order_id=388165160
[08:57:36.973] [OK] [EXEC] FIFO CLOSE qty=0.006160 entry=81145.37 exit=81145.76 pnl=+0.002402
[08:57:36.974] [INFO] [EXEC] STREAM_PNL stream_id=3 pnl=+0.002402
[08:57:36.975] [INFO] [EXEC] STREAM_RECYCLED level_id=3
[08:57:36.975] [INFO] [EXEC] STREAM_RECYCLED stream_id=3
[08:57:37.235] [INFO] [EXEC] STREAM_SELL_STATUS stream_id=4 chunk_id=1778650328064 order_id=388165168 status=FILLED
[08:57:37.236] [INFO] [EXEC] STREAM_SELL_FILLED stream_id=4 chunk_id=1778650328064 order_id=388165168
[08:57:37.237] [OK] [EXEC] FIFO CLOSE qty=0.006160 entry=81144.57 exit=81144.97 pnl=+0.002464
[08:57:37.237] [INFO] [EXEC] STREAM_PNL stream_id=4 pnl=+0.002464
[08:57:37.237] [INFO] [EXEC] STREAM_RECYCLED level_id=4
[08:57:37.238] [INFO] [EXEC] STREAM_RECYCLED stream_id=4
[08:57:37.497] [INFO] [EXEC] STREAM_SELL_STATUS stream_id=5 chunk_id=1778650322304 order_id=388165176 status=FILLED
[08:57:37.498] [INFO] [EXEC] STREAM_SELL_FILLED stream_id=5 chunk_id=1778650322304 order_id=388165176
[08:57:37.498] [OK] [EXEC] FIFO CLOSE qty=0.006160 entry=81143.77 exit=81144.17 pnl=+0.002464
[08:57:37.498] [INFO] [EXEC] STREAM_PNL stream_id=5 pnl=+0.002464
[08:57:37.498] [INFO] [EXEC] STREAM_RECYCLED level_id=5
[08:57:37.499] [INFO] [EXEC] STREAM_RECYCLED stream_id=5
[08:57:37.758] [INFO] [EXEC] STREAM_SELL_STATUS stream_id=6 chunk_id=1778599166032 order_id=388165184 status=FILLED
[08:57:37.759] [INFO] GUI_PERF tick_ms=0 logs_visible=False gui_log_mode=OFF append_skipped=242
[08:57:37.760] [INFO] [EXEC] STREAM_SELL_FILLED stream_id=6 chunk_id=1778599166032 order_id=388165184
[08:57:37.761] [OK] [EXEC] FIFO CLOSE qty=0.006160 entry=81142.97 exit=81143.37 pnl=+0.002464
[08:57:37.761] [INFO] [EXEC] STREAM_PNL stream_id=6 pnl=+0.002464
[08:57:37.762] [INFO] [EXEC] STREAM_RECYCLED level_id=6
[08:57:37.762] [INFO] [EXEC] STREAM_RECYCLED stream_id=6
[08:57:38.024] [INFO] [EXEC] STREAM_SELL_STATUS stream_id=7 chunk_id=1778650321296 order_id=388165198 status=FILLED
[08:57:38.025] [INFO] [EXEC] STREAM_SELL_FILLED stream_id=7 chunk_id=1778650321296 order_id=388165198
[08:57:38.026] [OK] [EXEC] FIFO CLOSE qty=0.006160 entry=81142.17 exit=81142.56 pnl=+0.002402
[08:57:38.027] [INFO] [EXEC] STREAM_PNL stream_id=7 pnl=+0.002402
[08:57:38.028] [INFO] [EXEC] STREAM_RECYCLED level_id=7
[08:57:38.029] [INFO] [EXEC] STREAM_RECYCLED stream_id=7
[08:57:38.029] [INFO] [EXEC] STREAM_GUARD_SIMPLE_PASS
[08:57:38.030] [INFO] [EXEC] STREAM_MODE_ACTIVE_SKIP_SINGLE_ENTRY
[08:57:38.289] [INFO] [EXEC] STREAM_BUY_PLACED level_id=1 order_id=388165256
[08:57:38.290] [OK] [EXEC] PLACE BUY price=81146.97 qty=0.006160
[08:57:39.743] [INFO] [EXEC] STREAM_BUY_FILLED level_id=1
[08:57:39.744] [INFO] GUI_PERF tick_ms=0 logs_visible=False gui_log_mode=OFF append_skipped=258
[08:57:39.745] [OK] [EXEC] CHUNK ADD qty=0.006160 entry=81146.97
[08:57:39.746] [INFO] [EXEC] CHUNK COUNT n=1
[08:57:39.746] [INFO] [EXEC] STREAM_TARGET_USED ticks=40 sell_price=81147.37
[08:57:40.007] [INFO] [EXEC] STREAM_SELL_PLACED stream_id=1 chunk_id=1778650636480 order_id=388165280 price=81147.37 qty=0.006160
[08:57:40.269] [INFO] [EXEC] STREAM_BUY_FILLED level_id=2
[08:57:40.270] [OK] [EXEC] CHUNK ADD qty=0.006160 entry=81146.17
[08:57:40.270] [INFO] [EXEC] CHUNK COUNT n=2
[08:57:40.271] [INFO] [EXEC] STREAM_TARGET_USED ticks=40 sell_price=81146.56
[08:57:40.538] [INFO] [EXEC] STREAM_SELL_PLACED stream_id=2 chunk_id=1778650629184 order_id=388165283 price=81146.56 qty=0.006160
[08:57:41.575] [INFO] [EXEC] STREAM_SELL_STATUS stream_id=1 chunk_id=1778650636480 order_id=388165280 status=FILLED
[08:57:41.576] [INFO] GUI_PERF tick_ms=0 logs_visible=False gui_log_mode=OFF append_skipped=268
[08:57:41.576] [INFO] [EXEC] STREAM_SELL_FILLED stream_id=1 chunk_id=1778650636480 order_id=388165280
[08:57:41.576] [OK] [EXEC] FIFO CLOSE qty=0.006160 entry=81146.97 exit=81147.37 pnl=+0.002464
[08:57:41.576] [INFO] [EXEC] STREAM_PNL stream_id=1 pnl=+0.002464
[08:57:41.576] [INFO] [EXEC] STREAM_RECYCLED level_id=1
[08:57:41.576] [INFO] [EXEC] STREAM_RECYCLED stream_id=1
[08:57:41.846] [INFO] [EXEC] STREAM_SELL_STATUS stream_id=2 chunk_id=1778650629184 order_id=388165283 status=FILLED
[08:57:41.847] [INFO] [EXEC] STREAM_SELL_FILLED stream_id=2 chunk_id=1778650629184 order_id=388165283
[08:57:41.847] [OK] [EXEC] FIFO CLOSE qty=0.006160 entry=81146.17 exit=81146.56 pnl=+0.002402
[08:57:41.848] [INFO] [EXEC] STREAM_PNL stream_id=2 pnl=+0.002402
[08:57:41.848] [INFO] [EXEC] STREAM_RECYCLED level_id=2
[08:57:41.849] [INFO] [EXEC] STREAM_RECYCLED stream_id=2
[08:57:41.850] [INFO] [HEALTH] state=DANGER
[08:57:41.851] [INFO] [EXEC] STREAM_GUARD_SIMPLE_PASS
[08:57:41.852] [INFO] [EXEC] STREAM_MODE_ACTIVE_SKIP_SINGLE_ENTRY
[08:57:42.121] [INFO] [EXEC] STREAM_BUY_PLACED level_id=1 order_id=388165339
[08:57:42.122] [OK] [EXEC] PLACE BUY price=81146.97 qty=0.006160
[08:57:42.123] [INFO] [EXEC] STREAM_STATS_UI cycles=15 wins=15 losses=0 pnl=+0.036529 winrate=100.00%
[08:57:42.772] [INFO] [EXEC] STREAM_BUY_FILLED level_id=1
[08:57:42.773] [INFO] GUI_PERF tick_ms=0 logs_visible=False gui_log_mode=OFF append_skipped=286
[08:57:42.774] [OK] [EXEC] CHUNK ADD qty=0.006160 entry=81146.97
[08:57:42.774] [INFO] [EXEC] CHUNK COUNT n=1
[08:57:42.775] [INFO] [EXEC] STREAM_TARGET_USED ticks=40 sell_price=81147.37
[08:57:43.049] [INFO] [EXEC] STREAM_SELL_PLACED stream_id=1 chunk_id=1778650630672 order_id=388165377 price=81147.37 qty=0.006160
[08:57:44.088] [INFO] [EXEC] STREAM_SELL_STATUS stream_id=1 chunk_id=1778650630672 order_id=388165377 status=FILLED
[08:57:44.090] [INFO] GUI_PERF tick_ms=0 logs_visible=False gui_log_mode=OFF append_skipped=291
[08:57:44.090] [INFO] [EXEC] STREAM_SELL_FILLED stream_id=1 chunk_id=1778650630672 order_id=388165377
[08:57:44.091] [OK] [EXEC] FIFO CLOSE qty=0.006160 entry=81146.97 exit=81147.37 pnl=+0.002464
[08:57:44.091] [INFO] [EXEC] STREAM_PNL stream_id=1 pnl=+0.002464
[08:57:44.092] [INFO] [EXEC] STREAM_RECYCLED level_id=1
[08:57:44.092] [INFO] [EXEC] STREAM_RECYCLED stream_id=1
[08:57:44.092] [WARNING] [HEALTH] block spread_too_young lifetime=0
[08:57:44.093] [WARNING] [HEALTH] unstable_spread lifetime=0
[08:57:44.093] [INFO] [EXEC] STREAM_GUARD_SIMPLE_PASS
[08:57:44.356] [INFO] [EXEC] STREAM_BUY_PLACED level_id=1 order_id=388165397
[08:57:44.356] [OK] [EXEC] PLACE BUY price=81146.97 qty=0.006160
[08:57:45.817] [INFO] [EXEC] STREAM_GUARD_SIMPLE_PASS
[08:57:45.818] [INFO] GUI_PERF tick_ms=0 logs_visible=False gui_log_mode=OFF append_skipped=302
[08:57:45.819] [INFO] [EXEC] STREAM_MODE_ACTIVE_SKIP_SINGLE_ENTRY
[08:57:46.079] [INFO] [EXEC] STREAM_BUY_PLACED level_id=2 order_id=388165417
[08:57:46.080] [OK] [EXEC] PLACE BUY price=81146.17 qty=0.006160
[08:57:47.034] [INFO] [EXEC] STREAM_BUY_FILLED level_id=1
[08:57:47.035] [INFO] GUI_PERF tick_ms=0 logs_visible=False gui_log_mode=OFF append_skipped=306
[08:57:47.036] [OK] [EXEC] CHUNK ADD qty=0.006160 entry=81146.97
[08:57:47.037] [INFO] [EXEC] CHUNK COUNT n=1
[08:57:47.038] [INFO] [EXEC] STREAM_TARGET_USED ticks=40 sell_price=81147.37
[08:57:47.299] [INFO] [EXEC] STREAM_SELL_PLACED stream_id=1 chunk_id=1778599172896 order_id=388165428 price=81147.37 qty=0.006160
[08:57:48.629] [INFO] [EXEC] STREAM_SELL_STATUS stream_id=1 chunk_id=1778599172896 order_id=388165428 status=NEW
[08:57:48.631] [INFO] GUI_PERF tick_ms=0 logs_visible=False gui_log_mode=OFF append_skipped=311
[08:57:48.632] [INFO] [EXEC] STREAM_REPAIR_SKIP reason=stream_owned_inventory
[08:57:48.632] [INFO] [EXEC] STREAM_GLOBAL_SELL_SKIP reason=exit_recovery_inventory_no_sell
[08:57:48.633] [INFO] [EXEC] STREAM_GLOBAL_SELL_SKIP reason=place_sell
[08:57:48.633] [INFO] [EXEC] STREAM_STATS_UI cycles=16 wins=16 losses=0 pnl=+0.038993 winrate=100.00%
[08:57:49.314] [INFO] [EXEC] STREAM_BUY_FILLED level_id=2
[08:57:49.314] [OK] [EXEC] CHUNK ADD qty=0.006160 entry=81146.17
[08:57:49.315] [INFO] [EXEC] CHUNK COUNT n=2
[08:57:49.315] [INFO] [EXEC] STREAM_TARGET_USED ticks=40 sell_price=81146.56
[08:57:49.592] [INFO] [EXEC] STREAM_SELL_PLACED stream_id=2 chunk_id=1778650319424 order_id=388165437 price=81146.56 qty=0.006160
[08:57:50.648] [INFO] [EXEC] STREAM_SELL_STATUS stream_id=1 chunk_id=1778599172896 order_id=388165428 status=FILLED
[08:57:50.649] [INFO] GUI_PERF tick_ms=0 logs_visible=False gui_log_mode=OFF append_skipped=321
[08:57:50.650] [INFO] [EXEC] STREAM_SELL_FILLED stream_id=1 chunk_id=1778599172896 order_id=388165428
[08:57:50.650] [OK] [EXEC] FIFO CLOSE qty=0.006160 entry=81146.97 exit=81147.37 pnl=+0.002464
[08:57:50.651] [INFO] [EXEC] STREAM_PNL stream_id=1 pnl=+0.002464
[08:57:50.651] [INFO] [EXEC] STREAM_RECYCLED level_id=1
[08:57:50.652] [INFO] [EXEC] STREAM_RECYCLED stream_id=1
[08:57:50.916] [INFO] [EXEC] STREAM_SELL_STATUS stream_id=2 chunk_id=1778650319424 order_id=388165437 status=FILLED
[08:57:50.918] [INFO] [EXEC] STREAM_SELL_FILLED stream_id=2 chunk_id=1778650319424 order_id=388165437
[08:57:50.919] [OK] [EXEC] FIFO CLOSE qty=0.006160 entry=81146.17 exit=81146.56 pnl=+0.002402
[08:57:50.920] [INFO] [EXEC] STREAM_PNL stream_id=2 pnl=+0.002402
[08:57:50.921] [INFO] [EXEC] STREAM_RECYCLED level_id=2
[08:57:50.922] [INFO] [EXEC] STREAM_RECYCLED stream_id=2
[08:57:50.923] [INFO] [HEALTH] state=DANGER
[08:57:50.925] [INFO] [EXEC] STREAM_GUARD_SIMPLE_PASS
[08:57:50.926] [INFO] [EXEC] STREAM_MODE_ACTIVE_SKIP_SINGLE_ENTRY
[08:57:51.189] [INFO] [EXEC] STREAM_BUY_PLACED level_id=1 order_id=388165463
[08:57:51.191] [OK] [EXEC] PLACE BUY price=81146.97 qty=0.006160
[08:57:52.623] [INFO] [EXEC] STREAM_GUARD_SIMPLE_PASS
[08:57:52.624] [INFO] GUI_PERF tick_ms=0 logs_visible=False gui_log_mode=OFF append_skipped=338
[08:57:52.886] [INFO] [EXEC] STREAM_BUY_PLACED level_id=2 order_id=388165477
[08:57:52.887] [OK] [EXEC] PLACE BUY price=81146.17 qty=0.006160
[08:57:54.695] [INFO] [EXEC] STREAM_GUARD_SIMPLE_PASS
[08:57:54.696] [INFO] GUI_PERF tick_ms=0 logs_visible=False gui_log_mode=OFF append_skipped=341
[08:57:54.696] [INFO] [EXEC] STREAM_MODE_ACTIVE_SKIP_SINGLE_ENTRY
[08:57:54.958] [INFO] [EXEC] STREAM_BUY_PLACED level_id=3 order_id=388165511
[08:57:54.959] [OK] [EXEC] PLACE BUY price=81145.37 qty=0.006160
[08:57:54.961] [INFO] [EXEC] STREAM_STATS_UI cycles=18 wins=18 losses=0 pnl=+0.043859 winrate=100.00%
[08:57:55.941] [INFO] [EXEC] STREAM_BUY_FILLED level_id=1
[08:57:55.942] [INFO] GUI_PERF tick_ms=0 logs_visible=False gui_log_mode=OFF append_skipped=346
[08:57:55.943] [OK] [EXEC] CHUNK ADD qty=0.006160 entry=81146.97
[08:57:55.944] [INFO] [EXEC] CHUNK COUNT n=1
[08:57:55.944] [INFO] [EXEC] STREAM_TARGET_USED ticks=40 sell_price=81147.37
[08:57:56.689] [INFO] [EXEC] STREAM_SELL_PLACED stream_id=1 chunk_id=1778650638496 order_id=388165528 price=81147.37 qty=0.006160
[08:57:56.955] [INFO] [EXEC] STREAM_BUY_FILLED level_id=2
[08:57:56.958] [INFO] GUI_PERF tick_ms=0 logs_visible=False gui_log_mode=OFF append_skipped=351
[08:57:56.959] [OK] [EXEC] CHUNK ADD qty=0.006160 entry=81146.17
[08:57:56.959] [INFO] [EXEC] CHUNK COUNT n=2
[08:57:56.960] [INFO] [EXEC] STREAM_TARGET_USED ticks=40 sell_price=81146.56
[08:57:57.240] [INFO] [EXEC] STREAM_SELL_PLACED stream_id=2 chunk_id=1778650629184 order_id=388165568 price=81146.56 qty=0.006160
[08:57:58.573] [INFO] [EXEC] STREAM_SELL_STATUS stream_id=1 chunk_id=1778650638496 order_id=388165528 status=FILLED
[08:57:58.574] [INFO] GUI_PERF tick_ms=0 logs_visible=False gui_log_mode=OFF append_skipped=356
[08:57:58.574] [INFO] [EXEC] STREAM_SELL_FILLED stream_id=1 chunk_id=1778650638496 order_id=388165528
[08:57:58.575] [OK] [EXEC] FIFO CLOSE qty=0.006160 entry=81146.97 exit=81147.37 pnl=+0.002464
[08:57:58.575] [INFO] [EXEC] STREAM_PNL stream_id=1 pnl=+0.002464
[08:57:58.576] [INFO] [EXEC] STREAM_RECYCLED level_id=1
[08:57:58.577] [INFO] [EXEC] STREAM_RECYCLED stream_id=1
[08:57:58.840] [INFO] [EXEC] STREAM_SELL_STATUS stream_id=2 chunk_id=1778650629184 order_id=388165568 status=FILLED
[08:57:58.842] [INFO] [EXEC] STREAM_SELL_FILLED stream_id=2 chunk_id=1778650629184 order_id=388165568
[08:57:58.842] [OK] [EXEC] FIFO CLOSE qty=0.006160 entry=81146.17 exit=81146.56 pnl=+0.002402
[08:57:58.843] [INFO] [EXEC] STREAM_PNL stream_id=2 pnl=+0.002402
[08:57:58.844] [INFO] [EXEC] STREAM_RECYCLED level_id=2
[08:57:58.845] [INFO] [EXEC] STREAM_RECYCLED stream_id=2
[08:57:58.846] [INFO] [HEALTH] state=DANGER
[08:57:58.847] [INFO] [EXEC] STREAM_GUARD_SIMPLE_PASS
[08:57:59.115] [INFO] [EXEC] STREAM_BUY_PLACED level_id=1 order_id=388165604
[08:57:59.116] [OK] [EXEC] PLACE BUY price=81146.97 qty=0.006160
[08:58:00.889] [INFO] [EXEC] STREAM_GUARD_SIMPLE_PASS
[08:58:00.890] [INFO] GUI_PERF tick_ms=0 logs_visible=False gui_log_mode=OFF append_skipped=372
[08:58:00.891] [INFO] [EXEC] STREAM_MODE_ACTIVE_SKIP_SINGLE_ENTRY
[08:58:01.150] [INFO] [EXEC] STREAM_BUY_PLACED level_id=2 order_id=388165753
[08:58:01.150] [OK] [EXEC] PLACE BUY price=81146.17 qty=0.006160
[08:58:01.150] [INFO] [EXEC] STREAM_STATS_UI cycles=20 wins=20 losses=0 pnl=+0.048726 winrate=100.00%
[08:58:03.157] [INFO] [HEALTH] state=DANGER
[08:58:03.158] [INFO] GUI_PERF tick_ms=0 logs_visible=False gui_log_mode=OFF append_skipped=377
[08:58:03.159] [INFO] [EXEC] STREAM_GUARD_SIMPLE_PASS
[08:58:03.424] [INFO] [EXEC] STREAM_BUY_PLACED level_id=4 order_id=388165839
[08:58:03.426] [OK] [EXEC] PLACE BUY price=81144.57 qty=0.006160
[08:58:05.921] [INFO] [EXEC] STREAM_GUARD_SIMPLE_PASS
[08:58:05.922] [INFO] GUI_PERF tick_ms=0 logs_visible=False gui_log_mode=OFF append_skipped=381
[08:58:05.923] [INFO] [EXEC] STREAM_MODE_ACTIVE_SKIP_SINGLE_ENTRY
[08:58:06.185] [INFO] [EXEC] STREAM_BUY_PLACED level_id=5 order_id=388165873
[08:58:06.186] [OK] [EXEC] PLACE BUY price=81143.77 qty=0.006160
[08:58:06.188] [INFO] [EXEC] STREAM_STATS_UI cycles=20 wins=20 losses=0 pnl=+0.048726 winrate=100.00%
[08:58:09.273] [INFO] [HEALTH] state=DANGER
[08:58:09.274] [INFO] GUI_PERF tick_ms=0 logs_visible=False gui_log_mode=OFF append_skipped=386
[08:58:09.275] [INFO] [EXEC] STREAM_GUARD_SIMPLE_PASS
[08:58:09.547] [INFO] [EXEC] STREAM_BUY_PLACED level_id=6 order_id=388165921
[08:58:09.548] [OK] [EXEC] PLACE BUY price=81142.97 qty=0.006160
[08:58:12.277] [INFO] [EXEC] STREAM_GUARD_SIMPLE_PASS
[08:58:12.278] [INFO] GUI_PERF tick_ms=0 logs_visible=False gui_log_mode=OFF append_skipped=390
[08:58:12.279] [INFO] [EXEC] STREAM_MODE_ACTIVE_SKIP_SINGLE_ENTRY
[08:58:12.546] [INFO] [EXEC] STREAM_BUY_PLACED level_id=7 order_id=388165965
[08:58:12.547] [OK] [EXEC] PLACE BUY price=81142.17 qty=0.006160
[08:58:12.548] [INFO] [EXEC] STREAM_STATS_UI cycles=20 wins=20 losses=0 pnl=+0.048726 winrate=100.00%
[08:58:16.742] [INFO] [HEALTH] state=DANGER
[08:58:16.743] [INFO] GUI_PERF tick_ms=0 logs_visible=False gui_log_mode=OFF append_skipped=395
[08:58:16.744] [INFO] [EXEC] STREAM_GUARD_SIMPLE_PASS
[08:58:20.402] [INFO] [EXEC] STREAM_MODE_ACTIVE_SKIP_SINGLE_ENTRY
[08:58:20.402] [INFO] GUI_PERF tick_ms=0 logs_visible=False gui_log_mode=OFF append_skipped=397
[08:58:20.664] [INFO] [EXEC] STREAM_STATS_UI cycles=20 wins=20 losses=0 pnl=+0.048726 winrate=100.00%
[08:58:24.016] [INFO] [HEALTH] state=DANGER
[08:58:24.017] [INFO] GUI_PERF tick_ms=0 logs_visible=False gui_log_mode=OFF append_skipped=399
[08:58:24.018] [INFO] [EXEC] STREAM_GUARD_SIMPLE_PASS
[08:58:24.019] [INFO] [EXEC] STREAM_MODE_ACTIVE_SKIP_SINGLE_ENTRY
[08:58:26.962] [INFO] [EXEC] STREAM_GUARD_SIMPLE_PASS
[08:58:26.962] [INFO] GUI_PERF tick_ms=0 logs_visible=False gui_log_mode=OFF append_skipped=402
[08:58:26.963] [INFO] [EXEC] STREAM_STATS_UI cycles=20 wins=20 losses=0 pnl=+0.048726 winrate=100.00%
[08:58:30.268] [INFO] [HEALTH] state=DANGER
[08:58:30.270] [INFO] GUI_PERF tick_ms=0 logs_visible=False gui_log_mode=OFF append_skipped=404
[08:58:30.271] [INFO] [EXEC] STREAM_GUARD_SIMPLE_PASS
[08:58:30.271] [INFO] [EXEC] STREAM_MODE_ACTIVE_SKIP_SINGLE_ENTRY
[08:58:33.389] [INFO] [EXEC] STREAM_GUARD_SIMPLE_PASS
[08:58:33.390] [INFO] GUI_PERF tick_ms=0 logs_visible=False gui_log_mode=OFF append_skipped=407
[08:58:33.391] [INFO] [EXEC] STREAM_STATS_UI cycles=20 wins=20 losses=0 pnl=+0.048726 winrate=100.00%
[08:58:36.866] [INFO] [HEALTH] state=DANGER
[08:58:36.866] [INFO] GUI_PERF tick_ms=0 logs_visible=False gui_log_mode=OFF append_skipped=409
[08:58:36.868] [INFO] [EXEC] STREAM_GUARD_SIMPLE_PASS
[08:58:36.869] [INFO] [EXEC] STREAM_MODE_ACTIVE_SKIP_SINGLE_ENTRY
[08:58:40.708] [INFO] [EXEC] STREAM_GUARD_SIMPLE_PASS
[08:58:40.709] [INFO] GUI_PERF tick_ms=0 logs_visible=False gui_log_mode=OFF append_skipped=412
[08:58:40.710] [INFO] [EXEC] STREAM_STATS_UI cycles=20 wins=20 losses=0 pnl=+0.048726 winrate=100.00%
[08:58:44.266] [INFO] [HEALTH] state=DANGER
[08:58:44.267] [INFO] GUI_PERF tick_ms=0 logs_visible=False gui_log_mode=OFF append_skipped=414
[08:58:44.268] [INFO] [EXEC] STREAM_GUARD_SIMPLE_PASS
[08:58:44.269] [INFO] [EXEC] STREAM_MODE_ACTIVE_SKIP_SINGLE_ENTRY
[08:58:47.958] [INFO] [EXEC] STREAM_GUARD_SIMPLE_PASS
[08:58:47.959] [INFO] GUI_PERF tick_ms=0 logs_visible=False gui_log_mode=OFF append_skipped=417
[08:58:47.960] [INFO] [EXEC] STREAM_STATS_UI cycles=20 wins=20 losses=0 pnl=+0.048726 winrate=100.00%
[08:58:51.067] [INFO] [HEALTH] state=DANGER
[08:58:51.068] [INFO] GUI_PERF tick_ms=0 logs_visible=False gui_log_mode=OFF append_skipped=419
[08:58:51.069] [INFO] [EXEC] STREAM_GUARD_SIMPLE_PASS
[08:58:51.070] [INFO] [EXEC] STREAM_MODE_ACTIVE_SKIP_SINGLE_ENTRY
[08:58:54.311] [WARNING] [HEALTH] block spread_too_young lifetime=0
[08:58:54.312] [INFO] GUI_PERF tick_ms=0 logs_visible=False gui_log_mode=OFF append_skipped=422
[08:58:54.313] [WARNING] [HEALTH] unstable_spread lifetime=0
[08:58:54.314] [INFO] [EXEC] STREAM_GUARD_SIMPLE_PASS
[08:58:54.314] [INFO] [EXEC] STREAM_STATS_UI cycles=20 wins=20 losses=0 pnl=+0.048726 winrate=100.00%
[08:58:57.346] [INFO] [EXEC] STREAM_GUARD_SIMPLE_PASS
[08:58:57.347] [INFO] GUI_PERF tick_ms=0 logs_visible=False gui_log_mode=OFF append_skipped=426
[08:58:57.348] [INFO] [EXEC] STREAM_MODE_ACTIVE_SKIP_SINGLE_ENTRY
[08:59:00.484] [INFO] [HEALTH] state=DANGER
[08:59:00.485] [INFO] GUI_PERF tick_ms=0 logs_visible=False gui_log_mode=OFF append_skipped=428
[08:59:00.486] [INFO] [EXEC] STREAM_GUARD_SIMPLE_PASS
[08:59:03.699] [INFO] [EXEC] STREAM_MODE_ACTIVE_SKIP_SINGLE_ENTRY
[08:59:03.700] [INFO] GUI_PERF tick_ms=0 logs_visible=False gui_log_mode=OFF append_skipped=430
[08:59:03.700] [INFO] [EXEC] STREAM_STATS_UI cycles=20 wins=20 losses=0 pnl=+0.048726 winrate=100.00%
[08:59:06.692] [WARNING] [HEALTH] block spread_too_young lifetime=0
[08:59:06.692] [INFO] GUI_PERF tick_ms=0 logs_visible=False gui_log_mode=OFF append_skipped=432
[08:59:06.693] [WARNING] [HEALTH] unstable_spread lifetime=0
[08:59:06.693] [INFO] [EXEC] STREAM_GUARD_SIMPLE_PASS
[08:59:09.962] [INFO] [EXEC] STREAM_MODE_ACTIVE_SKIP_SINGLE_ENTRY
[08:59:09.964] [INFO] GUI_PERF tick_ms=0 logs_visible=False gui_log_mode=OFF append_skipped=435
[08:59:10.344] [INFO] [EXEC] STREAM_STATS_UI cycles=20 wins=20 losses=0 pnl=+0.048726 winrate=100.00%
[08:59:13.429] [WARNING] [HEALTH] block spread_too_young lifetime=0
[08:59:13.430] [INFO] GUI_PERF tick_ms=0 logs_visible=False gui_log_mode=OFF append_skipped=437
[08:59:13.430] [WARNING] [HEALTH] unstable_spread lifetime=0
[08:59:13.430] [INFO] [EXEC] STREAM_GUARD_SIMPLE_PASS
[08:59:16.966] [INFO] [EXEC] STREAM_MODE_ACTIVE_SKIP_SINGLE_ENTRY
[08:59:16.968] [INFO] GUI_PERF tick_ms=0 logs_visible=False gui_log_mode=OFF append_skipped=440
[08:59:19.981] [WARNING] [HEALTH] block spread_too_young lifetime=0
[08:59:19.982] [INFO] GUI_PERF tick_ms=0 logs_visible=False gui_log_mode=OFF append_skipped=441
[08:59:19.983] [WARNING] [HEALTH] unstable_spread lifetime=0
[08:59:19.984] [INFO] [EXEC] STREAM_GUARD_SIMPLE_PASS
[08:59:20.247] [INFO] [EXEC] STREAM_STATS_UI cycles=20 wins=20 losses=0 pnl=+0.048726 winrate=100.00%
[08:59:23.098] [INFO] [EXEC] STREAM_GUARD_SIMPLE_PASS
[08:59:23.100] [INFO] GUI_PERF tick_ms=0 logs_visible=False gui_log_mode=OFF append_skipped=445
[08:59:23.101] [INFO] [EXEC] STREAM_MODE_ACTIVE_SKIP_SINGLE_ENTRY
[08:59:26.712] [INFO] [HEALTH] state=DANGER
[08:59:26.713] [INFO] GUI_PERF tick_ms=0 logs_visible=False gui_log_mode=OFF append_skipped=447
[08:59:26.714] [INFO] [EXEC] STREAM_GUARD_SIMPLE_PASS
[08:59:26.715] [INFO] [EXEC] STREAM_STATS_UI cycles=20 wins=20 losses=0 pnl=+0.048726 winrate=100.00%
[08:59:29.704] [INFO] [EXEC] STREAM_GUARD_SIMPLE_PASS
[08:59:29.705] [INFO] GUI_PERF tick_ms=0 logs_visible=False gui_log_mode=OFF append_skipped=450
[08:59:29.705] [INFO] [EXEC] STREAM_MODE_ACTIVE_SKIP_SINGLE_ENTRY
[08:59:32.702] [INFO] [HEALTH] state=DANGER
[08:59:32.703] [INFO] GUI_PERF tick_ms=0 logs_visible=False gui_log_mode=OFF append_skipped=452
[08:59:32.704] [INFO] [EXEC] STREAM_GUARD_SIMPLE_PASS
[08:59:32.976] [INFO] [EXEC] STREAM_STATS_UI cycles=20 wins=20 losses=0 pnl=+0.048726 winrate=100.00%
[08:59:35.995] [WARNING] [HEALTH] block spread_too_young lifetime=0
[08:59:35.995] [INFO] GUI_PERF tick_ms=0 logs_visible=False gui_log_mode=OFF append_skipped=455
[08:59:35.995] [WARNING] [HEALTH] unstable_spread lifetime=0
[08:59:35.995] [INFO] [EXEC] STREAM_GUARD_SIMPLE_PASS
[08:59:36.010] [INFO] [EXEC] STREAM_MODE_ACTIVE_SKIP_SINGLE_ENTRY
[08:59:36.010] [INFO] START_CLICK received enabled=True api_ready=True running=True
[08:59:36.334] [WARNING] cancel all requested
[08:59:45.559] [WARNING] [EXEC] BALANCE_EXTERNAL_BTC free=0.172577 locked=0.000000
[08:59:45.559] [INFO] GUI_PERF tick_ms=0 logs_visible=False gui_log_mode=OFF append_skipped=461
[08:59:45.559] [INFO] [EXEC] SELL ACCOUNTING RESET reconcile_stop
[08:59:45.559] [INFO] [EXEC] RECONCILE_FLAT reason=inventory_empty_safe_qty_zero
[08:59:45.559] [WARNING] STOP
[08:59:45.854] [INFO] [EXEC] STREAM_STATS_UI cycles=20 wins=20 losses=0 pnl=+0.048726 winrate=100.00%
