[09:17:16.557] [OK] filters loaded
[09:17:18.839] [INFO] START_CLICK received enabled=True api_ready=True running=False
[09:17:18.839] [INFO] START_SETTINGS live_enabled=True guard_mode=FAST entry_mode=AGGRESSIVE exit_engine=True order_size=5000.0
[09:17:18.839] [INFO] START_PROFILE guard=FAST/True entry=AGGRESSIVE/repr=True exit=eng:True,timeout:2200 taker=True/1800 order=5000.0 spread=min:5.0,target:3.0
[09:17:19.349] [EXCHANGE] symbol=BTCU base=BTC quote=U status=TRADING permissions=[]
[09:17:19.354] [OK] START
[09:17:19.357] [OK] START_OK runtime_started
[09:17:19.651] [INFO] [EXEC] LIVE ON
[09:17:19.651] [INFO] [EXEC] WAIT READY
[09:17:20.119] [WS] primary url=wss://stream.binance.com:9443/ws/btcu@bookTicker
[09:17:20.119] [WS] connecting primary
[09:17:20.631] [WARNING] [HEALTH] block spread_too_young lifetime=0
[09:17:20.633] [WARNING] [HEALTH] unstable_spread lifetime=0
[09:17:20.635] [WARNING] [EXEC] BLOCK_BUY reason=ws_stale mode=FAST ws_age=None spread=5.92 stable=1/1 mid_delta=0.00 bid_delta=0.00
[09:17:20.635] [WS] connected
[09:17:20.854] [WARNING] [HEALTH] block falling_market bid_ticks=0.00 mid_ticks=-62.00
[09:17:20.858] [WARNING] [HEALTH] negative_momentum ticks=-62.00
[09:17:20.860] [WARNING] [EXEC] BLOCK_BUY reason=mid_momentum_negative mode=FAST ws_age=217 spread=4.68 stable=2/1 mid_delta=-62.00 bid_delta=0.00
[09:17:20.861] [OK] [PLAN] READY entry=80739.08 exit=80743.00 profit=0.242726 age=224ms
[09:17:21.387] [WARNING] [HEALTH] block spread_too_young lifetime=0
[09:17:21.389] [WARNING] [HEALTH] unstable_spread lifetime=0
[09:17:21.391] [WARNING] [EXEC] BLOCK_BUY reason=spread_too_young mode=FAST ws_age=79 spread=17.96 stable=3/1 mid_delta=1197.00 bid_delta=595.00
[09:17:21.397] [OK] [PLAN] HOT entry=80745.03 exit=80760.99 profit=0.988243 age=756ms
[09:17:21.902] [WARNING] [HEALTH] block falling_market bid_ticks=-522.00 mid_ticks=-630.50
[09:17:21.905] [WARNING] [HEALTH] unstable_bid delta_ticks=-522.00
[09:17:21.907] [WARNING] [HEALTH] negative_momentum ticks=-630.50
[09:17:21.909] [WARNING] [EXEC] BLOCK_BUY reason=bid_unstable mode=FAST ws_age=77 spread=15.79 stable=2/1 mid_delta=-630.50 bid_delta=-522.00
[09:17:22.417] [WARNING] [HEALTH] block falling_market bid_ticks=-80.00 mid_ticks=-325.00
[09:17:22.421] [WARNING] [HEALTH] unstable_bid delta_ticks=-80.00
[09:17:22.423] [WARNING] [HEALTH] negative_momentum ticks=-325.00
[09:17:27.462] [INFO] [HEALTH] state=GOOD
[09:17:27.992] [INFO] [EXEC] SELL ACCOUNTING RESET new_cycle
[09:17:27.994] [OK] [EXEC] BUY ORDER SENT orderId=384961521 price=80739.19 qty=0.061920
[09:17:27.994] [OK] [EXEC] PLACE BUY price=80739.19 qty=0.061920
[09:17:28.974] [INFO] [EXEC] ENTRY_REPRICE reason=wide_spread_cross old=80739.19 new=80740.29 count=1
[09:17:29.510] [OK] [EXEC] ENTRY_PLACE price=80740.29 qty=0.061920
[09:17:29.515] [OK] [PLAN] READY entry=80741.26 exit=80744.39 profit=0.193810 age=1252ms
[09:17:30.496] [WARNING] [EXEC] BUY TIMEOUT orderId=384961634
[09:17:30.500] [WARNING] [EXEC] CANCEL BUY orderId=384961634
[09:17:30.760] [OK] [EXEC] BUY CANCELED confirmed
[09:17:31.026] [INFO] [EXEC] BUY FINAL STATUS status=CANCELED orderId=384961634
[09:17:31.026] [WARNING] [EXEC] BLOCK reason=buy_not_filled
[09:17:31.026] [OK] [PLAN] HOT entry=80744.10 exit=80749.32 profit=0.323222 age=2774ms
[09:17:32.259] [INFO] [EXEC] SELL ACCOUNTING RESET new_cycle
[09:17:32.259] [OK] [EXEC] BUY ORDER SENT orderId=384961719 price=80743.44 qty=0.061920
[09:17:32.275] [OK] [EXEC] PLACE BUY price=80743.44 qty=0.061920
[09:17:32.275] [OK] [PLAN] READY entry=80743.44 exit=80747.26 profit=0.236534 age=4070ms
[09:17:33.557] [INFO] [EXEC] ENTRY_REPRICE reason=wide_spread_cross old=80743.44 new=80743.69 count=1
[09:17:34.174] [OK] [EXEC] ENTRY_PLACE price=80743.69 qty=0.061920
[09:17:34.174] [OK] [PLAN] HOT entry=80744.66 exit=80750.81 profit=0.380808 age=5577ms
[09:17:35.909] [OK] [EXEC] BUY FILL UPDATE delta=0.061920 avg=80743.69
[09:17:35.909] [OK] [EXEC] CHUNK ADD qty=0.061920 entry=80743.69
[09:17:35.909] [INFO] [EXEC] CHUNK COUNT n=1
[09:17:35.909] [OK] [EXEC] INVENTORY qty=0.061920
[09:17:35.909] [OK] [EXEC] SELL REQUIRED inventory=0.061920
[09:17:35.924] [OK] [EXEC] BUY PARTIAL delta=0.061920 total=0.061920
[09:17:35.924] [OK] [EXEC] BUY REMAINING qty=0.000000
[09:17:35.924] [OK] [EXEC] BUY FILLED id=384961793
[09:17:36.666] [OK] [SYNC] order filled detected
[09:17:36.666] [OK] [SYNC] BUY filled on exchange
[09:17:37.260] [INFO] [EXEC] SELL CHECK inventory=0.061920 reported=0.000000 remaining=0.061920 chunks=1
[09:17:37.260] [OK] [EXEC] PLACE SELL price=80743.71 qty=0.061920
[09:17:37.576] [OK] [EXEC] SELL ORDER SENT orderId=384961920
[09:17:38.603] [OK] [SYNC] order filled detected
[09:17:38.603] [OK] [SYNC] SELL filled on exchange
[09:17:38.603] [OK] [EXEC] FIFO CLOSE qty=0.061920 entry=80743.69 exit=80743.70 pnl=+0.000619
[09:17:38.603] [INFO] [EXEC] CHUNK DRAINED
[09:17:38.603] [OK] [EXEC] REALIZED pnl=+0.000619
[09:17:38.603] [INFO] [EXEC] SELL ACCOUNTING RESET flat
[09:17:38.618] [OK] [EXEC] CYCLE CLOSED pnl=+0.000619
[09:17:38.618] [INFO] [EXEC] SESSION realized=+0.000619 wins=1 losses=0
[09:17:39.370] [INFO] [HEALTH] state=GOOD
[09:17:39.636] [INFO] [EXEC] SELL ACCOUNTING RESET new_cycle
[09:17:39.637] [OK] [EXEC] BUY ORDER SENT orderId=384962104 price=80745.75 qty=0.061920
[09:17:39.638] [OK] [EXEC] PLACE BUY price=80745.75 qty=0.061920
[09:17:40.619] [INFO] [EXEC] ENTRY_REPRICE reason=wide_spread_cross old=80745.75 new=80745.79 count=1
[09:17:41.147] [OK] [EXEC] ENTRY_PLACE price=80745.79 qty=0.061920
[09:17:42.103] [WARNING] [EXEC] BUY TIMEOUT orderId=384962150
[09:17:42.119] [WARNING] [EXEC] CANCEL BUY orderId=384962150
[09:17:42.369] [OK] [EXEC] BUY CANCELED confirmed
[09:17:42.647] [INFO] [EXEC] BUY FINAL STATUS status=CANCELED orderId=384962150
[09:17:42.652] [WARNING] [EXEC] BLOCK reason=buy_not_filled
[09:17:43.353] [INFO] [EXEC] SELL ACCOUNTING RESET new_cycle
[09:17:43.353] [OK] [EXEC] BUY ORDER SENT orderId=384962292 price=80755.70 qty=0.061910
[09:17:43.369] [OK] [EXEC] PLACE BUY price=80755.70 qty=0.061910
[09:17:43.369] [OK] [PLAN] READY entry=80755.70 exit=80759.45 profit=0.232162 age=1248ms
[09:17:44.405] [OK] [EXEC] BUY FILL UPDATE delta=0.061910 avg=80755.70
[09:17:44.408] [OK] [EXEC] CHUNK ADD qty=0.061910 entry=80755.70
[09:17:44.409] [INFO] [EXEC] CHUNK COUNT n=1
[09:17:44.410] [OK] [EXEC] INVENTORY qty=0.061910
[09:17:44.411] [OK] [EXEC] SELL REQUIRED inventory=0.061910
[09:17:44.412] [OK] [EXEC] BUY PARTIAL delta=0.061910 total=0.061910
[09:17:44.413] [OK] [EXEC] BUY REMAINING qty=0.000000
[09:17:44.414] [OK] [EXEC] BUY FILLED id=384962292
[09:17:44.939] [OK] [SYNC] order filled detected
[09:17:44.942] [OK] [SYNC] BUY filled on exchange
[09:17:45.962] [INFO] [EXEC] SELL CHECK inventory=0.061910 reported=0.000000 remaining=0.061900 chunks=1
[09:17:45.963] [OK] [EXEC] PLACE SELL price=80759.02 qty=0.061900
[09:17:46.228] [OK] [EXEC] SELL ORDER SENT orderId=384962344
[09:17:47.197] [INFO] [EXEC] SELL UPSIZE old=0.061900 new=0.061910
[09:17:47.197] [WARNING] [EXEC] SELL TIMEOUT orderId=384962344
[09:17:47.197] [WARNING] [EXEC] CANCEL SELL orderId=384962344
[09:17:47.728] [INFO] [EXEC] SELL FINAL STATUS status=FILLED orderId=384962344
[09:17:47.728] [OK] [EXEC] FIFO CLOSE qty=0.061900 entry=80755.70 exit=80759.02 pnl=+0.205508
[09:17:47.728] [INFO] [EXEC] CHUNK DRAINED
[09:17:47.728] [OK] [EXEC] REALIZED pnl=+0.205508
[09:17:47.728] [INFO] [EXEC] SELL ACCOUNTING RESET flat
[09:17:47.728] [OK] [EXEC] CYCLE CLOSED pnl=+0.205508
[09:17:47.728] [INFO] [EXEC] SESSION realized=+0.206127 wins=2 losses=0
[09:17:47.728] [OK] [EXEC] SELL FILLED id=384962344
[09:17:47.728] [OK] [EXEC] SELL FILLED qty=0.061900 remaining=0.000000
[09:17:47.728] [INFO] [EXEC] SELL ACCOUNTING RESET inventory_drained
[09:17:47.744] [INFO] [EXEC] INVENTORY DRAINED epsilon_cleanup qty=0.000000
[09:17:47.744] [INFO] [EXEC] SELL ACCOUNTING RESET flat
[09:17:47.744] [INFO] [EXEC] CYCLE SKIP no_fifo_pnl
[09:17:48.698] [INFO] [HEALTH] state=GOOD
[09:17:48.989] [INFO] [EXEC] SELL ACCOUNTING RESET new_cycle
[09:17:48.992] [OK] [EXEC] BUY ORDER SENT orderId=384962455 price=80763.53 qty=0.061900
[09:17:48.995] [OK] [EXEC] PLACE BUY price=80763.53 qty=0.061900
[09:17:50.923] [INFO] [EXEC] ENTRY_REPRICE reason=wide_spread_cross old=80763.53 new=80763.57 count=1
[09:17:51.447] [OK] [EXEC] ENTRY_PLACE price=80763.57 qty=0.061900
[09:17:51.447] [OK] [PLAN] READY entry=80764.54 exit=80767.80 profit=0.201794 age=1485ms
[09:17:53.447] [WARNING] [EXEC] BUY TIMEOUT orderId=384962558
[09:17:53.447] [WARNING] [EXEC] CANCEL BUY orderId=384962558
[09:17:53.713] [OK] [EXEC] BUY CANCELED confirmed
[09:17:54.012] [INFO] [EXEC] BUY FINAL STATUS status=CANCELED orderId=384962558
[09:17:54.012] [WARNING] [EXEC] BLOCK reason=buy_not_filled
[09:17:54.012] [OK] [PLAN] HOT entry=80765.63 exit=80774.89 profit=0.573194 age=4015ms
[09:17:54.572] [INFO] [HEALTH] state=GOOD
[09:17:54.864] [INFO] [EXEC] SELL ACCOUNTING RESET new_cycle
[09:17:54.868] [OK] [EXEC] BUY ORDER SENT orderId=384962680 price=80772.55 qty=0.061900
[09:17:54.869] [OK] [EXEC] PLACE BUY price=80772.55 qty=0.061900
[09:17:54.876] [OK] [PLAN] READY entry=80772.55 exit=80776.16 profit=0.223459 age=5874ms
[09:17:56.791] [WARNING] [EXEC] BUY TIMEOUT orderId=384962680
[09:17:56.791] [WARNING] [EXEC] CANCEL BUY orderId=384962680
[09:17:57.068] [OK] [EXEC] BUY CANCELED confirmed
[09:17:57.323] [INFO] [EXEC] BUY FINAL STATUS status=CANCELED orderId=384962680
[09:17:57.323] [WARNING] [EXEC] BLOCK reason=buy_not_filled
[09:17:57.323] [OK] [PLAN] HOT entry=80773.82 exit=80780.52 profit=0.414730 age=7827ms
[09:17:58.025] [INFO] [EXEC] SELL ACCOUNTING RESET new_cycle
[09:17:58.041] [OK] [EXEC] BUY ORDER SENT orderId=384962758 price=80773.82 qty=0.061900
[09:17:58.041] [OK] [EXEC] PLACE BUY price=80773.82 qty=0.061900
[09:17:58.577] [OK] [SYNC] order filled detected
[09:17:58.579] [OK] [SYNC] BUY filled on exchange
[09:17:58.580] [OK] [EXEC] BUY FILL UPDATE delta=0.061900 avg=80773.82
[09:17:58.581] [OK] [EXEC] CHUNK ADD qty=0.061900 entry=80773.82
[09:17:58.583] [INFO] [EXEC] CHUNK COUNT n=1
[09:17:58.584] [OK] [EXEC] INVENTORY qty=0.061900
[09:17:58.585] [OK] [EXEC] SELL REQUIRED inventory=0.061900
[09:17:59.322] [INFO] [EXEC] SELL CHECK inventory=0.061900 reported=0.000000 remaining=0.061890 chunks=1
[09:17:59.322] [OK] [EXEC] PLACE SELL price=80783.99 qty=0.061890
[09:17:59.604] [OK] [EXEC] SELL ORDER SENT orderId=384962835
[09:18:00.541] [INFO] [EXEC] SELL UPSIZE old=0.061890 new=0.061900
[09:18:00.541] [WARNING] [EXEC] SELL TIMEOUT orderId=384962835
[09:18:00.541] [WARNING] [EXEC] CANCEL SELL orderId=384962835
[09:18:01.075] [INFO] [EXEC] SELL FINAL STATUS status=CANCELED orderId=384962835
[09:18:01.077] [INFO] [EXEC] SELL TIMEOUT check fast_exit
[09:18:01.077] [WARNING] [EXEC] FORCE EXIT hard_sl_triggered
[09:18:01.083] [ERROR] [EXEC] HARD SL triggered
[09:18:01.084] [WARNING] [EXEC] PANIC EXIT sl_mode
[09:18:01.353] [WARNING] [EXEC] FORCE EXIT price=80766.98
[09:18:01.353] [OK] [EXEC] PLACE SELL price=80766.98 qty=0.061890
[09:18:01.622] [WARNING] [EXEC] PANIC START price=80766.98
[09:18:01.627] [OK] [EXEC] SELL ORDER SENT orderId=384962955
[09:18:02.618] [INFO] [EXEC] SELL_UPSIZE_SKIPPED reason=exit_or_panic_active
[09:18:12.541] [OK] [SYNC] order filled detected
[09:18:12.557] [OK] [SYNC] SELL filled on exchange
[09:18:12.557] [OK] [EXEC] FIFO CLOSE qty=0.061890 entry=80773.82 exit=80766.98 pnl=-0.423328
[09:18:12.557] [INFO] [EXEC] CHUNK DRAINED
[09:18:12.557] [OK] [EXEC] REALIZED pnl=-0.423328
[09:18:12.557] [INFO] [EXEC] SELL ACCOUNTING RESET flat
[09:18:12.557] [OK] [EXEC] CYCLE CLOSED pnl=-0.423328
[09:18:12.557] [INFO] [EXEC] SESSION realized=-0.217200 wins=2 losses=1
[09:18:12.775] [INFO] [HEALTH] state=GOOD
[09:18:12.775] [WARNING] [EXEC] BLOCK_BUY reason=cooldown_loss_cycle mode=FAST ws_age=140 spread=6.95 stable=1/1 mid_delta=0.00 bid_delta=0.00
[09:18:13.542] [INFO] [EXEC] SELL ACCOUNTING RESET new_cycle
[09:18:13.542] [OK] [EXEC] BUY ORDER SENT orderId=384963136 price=80764.78 qty=0.061900
[09:18:13.542] [OK] [EXEC] PLACE BUY price=80764.78 qty=0.061900
[09:18:13.542] [OK] [PLAN] READY entry=80764.78 exit=80769.00 profit=0.261218 age=24593ms
[09:18:14.075] [OK] [SYNC] order filled detected
[09:18:14.075] [OK] [SYNC] BUY filled on exchange
[09:18:14.075] [OK] [EXEC] BUY FILL UPDATE delta=0.061900 avg=80764.78
[09:18:14.082] [OK] [EXEC] CHUNK ADD qty=0.061900 entry=80764.78
[09:18:14.083] [INFO] [EXEC] CHUNK COUNT n=1
[09:18:14.087] [OK] [EXEC] INVENTORY qty=0.061900
[09:18:14.089] [OK] [EXEC] SELL REQUIRED inventory=0.061900
[09:18:15.069] [INFO] [EXEC] SELL CHECK inventory=0.061900 reported=0.000000 remaining=0.061890 chunks=1
[09:18:15.071] [OK] [EXEC] PLACE SELL price=80768.92 qty=0.061890
[09:18:15.337] [OK] [EXEC] SELL ORDER SENT orderId=384963241
[09:18:15.337] [OK] [PLAN] HOT entry=80755.01 exit=80768.92 profit=0.861168 age=25842ms
[09:18:16.350] [INFO] [EXEC] SELL_UPSIZE_SKIPPED reason=exit_or_panic_active
[09:18:19.439] [OK] [EXEC] FIFO CLOSE qty=0.061890 entry=80764.78 exit=80768.92 pnl=+0.256225
[09:18:19.442] [INFO] [EXEC] CHUNK DRAINED
[09:18:19.444] [OK] [EXEC] REALIZED pnl=+0.256225
[09:18:19.444] [INFO] [EXEC] SELL ACCOUNTING RESET flat
[09:18:19.445] [OK] [EXEC] CYCLE CLOSED pnl=+0.256225
[09:18:19.446] [INFO] [EXEC] SESSION realized=+0.039024 wins=3 losses=1
[09:18:19.447] [OK] [EXEC] EXIT_FILLED
[09:18:19.448] [INFO] [EXEC] SELL ACCOUNTING RESET flat
[09:18:19.449] [INFO] [EXEC] CYCLE SKIP no_fifo_pnl
[09:18:19.450] [OK] [EXEC] SELL FILLED id=384963241
[09:18:19.451] [OK] [EXEC] SELL FILLED qty=0.061890 remaining=0.000000
[09:18:19.452] [INFO] [EXEC] SELL ACCOUNTING RESET inventory_drained
[09:18:19.453] [INFO] [EXEC] INVENTORY DRAINED epsilon_cleanup qty=0.000000
[09:18:19.454] [INFO] [EXEC] SELL ACCOUNTING RESET flat
[09:18:19.455] [INFO] [EXEC] CYCLE SKIP no_fifo_pnl
[09:18:19.918] [INFO] [HEALTH] state=GOOD
[09:18:20.182] [INFO] [EXEC] SELL ACCOUNTING RESET new_cycle
[09:18:20.182] [OK] [EXEC] BUY ORDER SENT orderId=384963347 price=80762.76 qty=0.061900
[09:18:20.182] [OK] [EXEC] PLACE BUY price=80762.76 qty=0.061900
[09:18:21.182] [INFO] [EXEC] ENTRY_REPRICE reason=wide_spread_cross old=80762.76 new=80762.80 count=1
[09:18:21.711] [OK] [EXEC] ENTRY_PLACE price=80762.80 qty=0.061900
[09:18:22.233] [OK] [SYNC] order filled detected
[09:18:22.234] [OK] [SYNC] BUY filled on exchange
[09:18:22.235] [OK] [EXEC] BUY FILL UPDATE delta=0.061900 avg=80762.80
[09:18:22.236] [OK] [EXEC] CHUNK ADD qty=0.061900 entry=80762.80
[09:18:22.236] [INFO] [EXEC] CHUNK COUNT n=1
[09:18:22.237] [OK] [EXEC] INVENTORY qty=0.061900
[09:18:22.238] [OK] [EXEC] SELL REQUIRED inventory=0.061900
[09:18:22.951] [INFO] [EXEC] SELL CHECK inventory=0.061900 reported=0.000000 remaining=0.061890 chunks=1
[09:18:22.951] [OK] [EXEC] PLACE SELL price=80766.50 qty=0.061890
[09:18:23.229] [OK] [EXEC] SELL ORDER SENT orderId=384963486
[09:18:23.762] [OK] [SYNC] order filled detected
[09:18:23.764] [OK] [SYNC] SELL filled on exchange
[09:18:23.765] [OK] [EXEC] FIFO CLOSE qty=0.061890 entry=80762.80 exit=80766.50 pnl=+0.228993
[09:18:23.768] [INFO] [EXEC] CHUNK DRAINED
[09:18:23.770] [OK] [EXEC] REALIZED pnl=+0.228993
[09:18:23.772] [INFO] [EXEC] SELL ACCOUNTING RESET flat
[09:18:23.773] [OK] [EXEC] CYCLE CLOSED pnl=+0.228993
[09:18:23.774] [INFO] [EXEC] SESSION realized=+0.268017 wins=4 losses=1
[09:18:24.205] [INFO] [EXEC] SELL ACCOUNTING RESET new_cycle
[09:18:24.205] [OK] [EXEC] BUY ORDER SENT orderId=384963529 price=80763.73 qty=0.061900
[09:18:24.205] [OK] [EXEC] PLACE BUY price=80763.73 qty=0.061900
[09:18:25.993] [WARNING] [EXEC] BUY TIMEOUT orderId=384963529
[09:18:26.009] [WARNING] [EXEC] CANCEL BUY orderId=384963529
[09:18:26.275] [OK] [EXEC] BUY CANCELED confirmed
[09:18:26.540] [INFO] [EXEC] BUY FINAL STATUS status=CANCELED orderId=384963529
[09:18:26.544] [WARNING] [EXEC] BLOCK reason=buy_not_filled
[09:18:26.549] [OK] [PLAN] READY entry=80764.74 exit=80767.87 profit=0.193747 age=37031ms
[09:18:27.245] [INFO] [HEALTH] state=GOOD
[09:18:27.493] [INFO] [EXEC] SELL ACCOUNTING RESET new_cycle
[09:18:27.510] [OK] [EXEC] BUY ORDER SENT orderId=384963631 price=80763.01 qty=0.061900
[09:18:27.512] [OK] [EXEC] PLACE BUY price=80763.01 qty=0.061900
[09:18:28.541] [INFO] [EXEC] ENTRY_REPRICE reason=bid_moved_up old=80763.01 new=80763.04 count=1
[09:18:29.083] [OK] [EXEC] ENTRY_PLACE price=80763.04 qty=0.061900
[09:18:30.068] [WARNING] [EXEC] BUY TIMEOUT orderId=384963719
[09:18:30.071] [WARNING] [EXEC] CANCEL BUY orderId=384963719
[09:18:30.336] [OK] [EXEC] BUY CANCELED confirmed
[09:18:30.599] [INFO] [EXEC] BUY FINAL STATUS status=CANCELED orderId=384963719
[09:18:30.602] [WARNING] [EXEC] BLOCK reason=buy_not_filled
[09:18:31.337] [INFO] [EXEC] SELL ACCOUNTING RESET new_cycle
[09:18:31.337] [OK] [EXEC] BUY ORDER SENT orderId=384963747 price=80767.13 qty=0.061900
[09:18:31.337] [OK] [EXEC] PLACE BUY price=80767.13 qty=0.061900
[09:18:31.337] [OK] [PLAN] READY entry=80767.13 exit=80771.37 profit=0.262456 age=1265ms
[09:18:32.322] [INFO] [EXEC] ENTRY_REPRICE reason=wide_spread_cross old=80767.13 new=80767.17 count=1
[09:18:32.861] [OK] [EXEC] ENTRY_PLACE price=80767.17 qty=0.061900
[09:18:33.892] [OK] [EXEC] BUY FILL UPDATE delta=0.061900 avg=80767.17
[09:18:33.892] [OK] [EXEC] CHUNK ADD qty=0.061900 entry=80767.17
[09:18:33.892] [INFO] [EXEC] CHUNK COUNT n=1
[09:18:33.892] [OK] [EXEC] INVENTORY qty=0.061900
[09:18:33.892] [OK] [EXEC] SELL REQUIRED inventory=0.061900
[09:18:33.892] [OK] [EXEC] BUY PARTIAL delta=0.061900 total=0.061900
[09:18:33.892] [OK] [EXEC] BUY REMAINING qty=0.000000
[09:18:33.908] [OK] [EXEC] BUY FILLED id=384963761
[09:18:34.431] [OK] [SYNC] order filled detected
[09:18:34.431] [OK] [SYNC] BUY filled on exchange
[09:18:35.431] [INFO] [EXEC] SELL CHECK inventory=0.061900 reported=0.000000 remaining=0.061890 chunks=1
[09:18:35.431] [OK] [EXEC] PLACE SELL price=80767.40 qty=0.061890
[09:18:35.697] [OK] [EXEC] SELL ORDER SENT orderId=384963851
[09:18:35.697] [OK] [PLAN] READY entry=80763.01 exit=80767.40 profit=0.271741 age=1274ms
[09:18:36.651] [INFO] [EXEC] SELL UPSIZE old=0.061890 new=0.061900
[09:18:36.666] [WARNING] [EXEC] SELL TIMEOUT orderId=384963851
[09:18:36.666] [WARNING] [EXEC] CANCEL SELL orderId=384963851
[09:18:37.196] [INFO] [EXEC] SELL FINAL STATUS status=CANCELED orderId=384963851
[09:18:37.200] [INFO] [EXEC] SELL TIMEOUT check fast_exit
[09:18:37.203] [WARNING] [EXEC] FORCE EXIT hard_sl_triggered
[09:18:37.204] [ERROR] [EXEC] HARD SL triggered
[09:18:37.205] [WARNING] [EXEC] PANIC EXIT sl_mode
[09:18:37.463] [WARNING] [EXEC] FORCE EXIT price=80764.92
[09:18:37.463] [OK] [EXEC] PLACE SELL price=80764.92 qty=0.061890
[09:18:37.727] [WARNING] [EXEC] PANIC START price=80764.92
[09:18:37.727] [OK] [EXEC] SELL ORDER SENT orderId=384963915
[09:18:38.254] [OK] [SYNC] order filled detected
[09:18:38.257] [OK] [SYNC] SELL filled on exchange
[09:18:38.258] [OK] [EXEC] FIFO CLOSE qty=0.061890 entry=80767.17 exit=80764.92 pnl=-0.139253
[09:18:38.259] [INFO] [EXEC] CHUNK DRAINED
[09:18:38.260] [OK] [EXEC] REALIZED pnl=-0.139253
[09:18:38.260] [INFO] [EXEC] SELL ACCOUNTING RESET flat
[09:18:38.260] [OK] [EXEC] CYCLE CLOSED pnl=-0.139253
[09:18:38.260] [INFO] [EXEC] SESSION realized=+0.128765 wins=4 losses=2
[09:18:38.432] [INFO] [HEALTH] state=GOOD
[09:18:38.433] [WARNING] [EXEC] BLOCK_BUY reason=cooldown_loss_cycle mode=FAST ws_age=15 spread=7.40 stable=1/1 mid_delta=0.00 bid_delta=0.00
[09:18:38.438] [OK] [PLAN] HOT entry=80759.24 exit=80764.64 profit=0.334314 age=4798ms
[09:18:38.946] [WARNING] [HEALTH] block falling_market bid_ticks=0.00 mid_ticks=-27.50
[09:18:38.946] [WARNING] [HEALTH] negative_momentum ticks=-27.50
[09:18:38.946] [WARNING] [EXEC] BLOCK_BUY reason=mid_momentum_negative mode=FAST ws_age=233 spread=6.85 stable=2/1 mid_delta=-27.50 bid_delta=0.00
[09:18:39.710] [INFO] [EXEC] SELL ACCOUNTING RESET new_cycle
[09:18:39.713] [OK] [EXEC] BUY ORDER SENT orderId=384964011 price=80759.24 qty=0.061910
[09:18:39.716] [OK] [EXEC] PLACE BUY price=80759.24 qty=0.061910
[09:18:40.697] [INFO] [EXEC] ENTRY_REPRICE reason=wide_spread_cross old=80759.24 new=80760.53 count=1
[09:18:41.229] [OK] [EXEC] ENTRY_PLACE price=80760.53 qty=0.061910
[09:18:41.229] [OK] [PLAN] READY entry=80761.50 exit=80765.47 profit=0.245783 age=6813ms
[09:18:42.235] [WARNING] [EXEC] BUY TIMEOUT orderId=384964063
[09:18:42.251] [WARNING] [EXEC] CANCEL BUY orderId=384964063
[09:18:42.510] [OK] [EXEC] BUY CANCELED confirmed
[09:18:42.776] [INFO] [EXEC] BUY FINAL STATUS status=CANCELED orderId=384964063
[09:18:42.780] [WARNING] [EXEC] BLOCK reason=buy_not_filled
[09:18:43.478] [INFO] [EXEC] SELL ACCOUNTING RESET new_cycle
[09:18:43.494] [OK] [EXEC] BUY ORDER SENT orderId=384964127 price=80768.70 qty=0.061900
[09:18:43.494] [OK] [EXEC] PLACE BUY price=80768.70 qty=0.061900
[09:18:44.532] [INFO] [EXEC] ENTRY_REPRICE reason=bid_moved_up old=80768.70 new=80768.73 count=1
[09:18:45.041] [OK] [EXEC] ENTRY_PLACE price=80768.73 qty=0.061900
[09:18:46.272] [WARNING] [EXEC] BUY TIMEOUT orderId=384964194
[09:18:46.274] [WARNING] [EXEC] CANCEL BUY orderId=384964194
[09:18:46.572] [OK] [EXEC] BUY CANCELED confirmed
[09:18:46.860] [INFO] [EXEC] BUY FINAL STATUS status=CANCELED orderId=384964194
[09:18:46.863] [WARNING] [EXEC] BLOCK reason=buy_not_filled
[09:18:47.277] [INFO] [HEALTH] state=GOOD
[09:18:47.525] [INFO] [EXEC] SELL ACCOUNTING RESET new_cycle
[09:18:47.541] [OK] [EXEC] BUY ORDER SENT orderId=384964281 price=80763.58 qty=0.061900
[09:18:47.541] [OK] [EXEC] PLACE BUY price=80763.58 qty=0.061900
[09:18:48.571] [INFO] [EXEC] ENTRY_REPRICE reason=wide_spread_cross old=80763.58 new=80763.62 count=1
[09:18:49.092] [OK] [EXEC] ENTRY_PLACE price=80763.62 qty=0.061900
[09:18:49.092] [OK] [PLAN] HOT entry=80764.59 exit=80769.25 profit=0.288454 age=1031ms
[09:18:49.618] [OK] [SYNC] order filled detected
[09:18:49.618] [OK] [SYNC] BUY filled on exchange
[09:18:49.618] [OK] [EXEC] BUY FILL UPDATE delta=0.061900 avg=80763.62
[09:18:49.618] [OK] [EXEC] CHUNK ADD qty=0.061900 entry=80763.62
[09:18:49.618] [INFO] [EXEC] CHUNK COUNT n=1
[09:18:49.618] [OK] [EXEC] INVENTORY qty=0.061900
[09:18:49.618] [OK] [EXEC] SELL REQUIRED inventory=0.061900
[09:18:50.353] [INFO] [EXEC] SELL CHECK inventory=0.061900 reported=0.000000 remaining=0.061890 chunks=1
[09:18:50.353] [OK] [EXEC] PLACE SELL price=80763.64 qty=0.061890
[09:18:51.119] [OK] [EXEC] SELL ORDER SENT orderId=384964493
[09:18:52.124] [OK] [SYNC] order filled detected
[09:18:52.124] [OK] [SYNC] SELL filled on exchange
[09:18:52.124] [OK] [EXEC] FIFO CLOSE qty=0.061890 entry=80763.62 exit=80763.64 pnl=+0.001238
[09:18:52.124] [INFO] [EXEC] CHUNK DRAINED
[09:18:52.124] [OK] [EXEC] REALIZED pnl=+0.001238
[09:18:52.124] [INFO] [EXEC] SELL ACCOUNTING RESET flat
[09:18:52.124] [OK] [EXEC] CYCLE CLOSED pnl=+0.001238
[09:18:52.140] [INFO] [EXEC] SESSION realized=+0.130002 wins=5 losses=2
[09:18:53.369] [INFO] [HEALTH] state=GOOD
[09:18:53.635] [INFO] [EXEC] SELL ACCOUNTING RESET new_cycle
[09:18:53.635] [OK] [EXEC] BUY ORDER SENT orderId=384964554 price=80758.02 qty=0.061910
[09:18:53.635] [OK] [EXEC] PLACE BUY price=80758.02 qty=0.061910
[09:18:55.181] [OK] [EXEC] BUY FILL UPDATE delta=0.000510 avg=80758.02
[09:18:55.181] [OK] [EXEC] CHUNK ADD qty=0.000510 entry=80758.02
[09:18:55.181] [INFO] [EXEC] CHUNK COUNT n=1
[09:18:55.181] [OK] [EXEC] INVENTORY qty=0.000510
[09:18:55.181] [OK] [EXEC] SELL REQUIRED inventory=0.000510
[09:18:55.181] [OK] [EXEC] BUY PARTIAL delta=0.000510 total=0.000510
[09:18:55.196] [OK] [EXEC] BUY REMAINING qty=0.061400
[09:18:55.196] [INFO] [EXEC] ENTRY_REPRICE reason=wide_spread_cross old=80758.02 new=80758.11 count=1
[09:18:55.728] [OK] [EXEC] ENTRY_PLACE price=80758.11 qty=0.061910
[09:18:55.728] [OK] [PLAN] HOT entry=80759.08 exit=80768.99 profit=0.613528 age=1562ms
[09:18:56.728] [OK] [SYNC] order filled detected
[09:18:56.728] [OK] [SYNC] BUY filled on exchange
[09:18:56.728] [OK] [EXEC] BUY FILL UPDATE delta=0.061400 avg=80758.11
[09:18:56.728] [OK] [EXEC] CHUNK ADD qty=0.061400 entry=80758.11
[09:18:56.728] [INFO] [EXEC] CHUNK COUNT n=2
[09:18:56.728] [OK] [EXEC] INVENTORY qty=0.061910
[09:18:56.728] [OK] [EXEC] SELL REQUIRED inventory=0.061910
[09:18:57.494] [INFO] [EXEC] SELL CHECK inventory=0.061910 reported=0.000000 remaining=0.061900 chunks=2
[09:18:57.494] [OK] [EXEC] PLACE SELL price=80758.13 qty=0.061900
[09:18:57.760] [OK] [EXEC] SELL ORDER SENT orderId=384964684
[09:18:58.775] [INFO] [EXEC] SELL_UPSIZE_SKIPPED reason=exit_or_panic_active
[09:19:03.828] [OK] [PLAN] HOT entry=80747.00 exit=80753.00 profit=0.371520 age=994ms
[09:19:07.118] [OK] [PLAN] HOT entry=80750.30 exit=80757.12 profit=0.422226 age=1014ms
[09:19:11.711] [OK] [PLAN] HOT entry=80741.77 exit=80747.03 profit=0.325699 age=1015ms
[09:19:12.712] [OK] [PLAN] READY entry=80744.80 exit=80747.81 profit=0.186379 age=2021ms
[09:19:13.744] [OK] [PLAN] HOT entry=80743.43 exit=80752.63 profit=0.569664 age=3046ms
[09:19:16.806] [OK] [PLAN] READY entry=80747.00 exit=80751.19 profit=0.259445 age=6109ms
[09:19:19.822] [OK] [PLAN] HOT entry=80742.66 exit=80751.31 profit=0.535608 age=9125ms
[09:19:28.197] [OK] [PLAN] HOT entry=80741.59 exit=80746.30 profit=0.291643 age=1031ms
[09:19:44.227] [OK] [PLAN] HOT entry=80726.01 exit=80736.99 profit=0.679991 age=1024ms
[09:19:47.323] [OK] [PLAN] HOT entry=80731.01 exit=80736.06 profit=0.312746 age=1025ms
[09:19:55.463] [OK] [PLAN] HOT entry=80740.86 exit=80745.47 profit=0.285451 age=1449ms
[09:19:58.126] [OK] [PLAN] READY entry=80741.22 exit=80745.28 profit=0.251395 age=4098ms
[09:19:59.106] [OK] [PLAN] HOT entry=80740.76 exit=80745.38 profit=0.286070 age=5089ms
[09:20:00.568] [OK] [PLAN] READY entry=80735.65 exit=80738.70 profit=0.188887 age=6558ms
[09:20:01.613] [OK] [PLAN] HOT entry=80736.17 exit=80744.99 profit=0.546223 age=7600ms
[09:20:02.619] [OK] [PLAN] READY entry=80741.11 exit=80744.41 profit=0.204336 age=8605ms
[09:20:07.926] [OK] [SYNC] order filled detected
[09:20:07.926] [OK] [SYNC] SELL filled on exchange
[09:20:07.926] [OK] [EXEC] FIFO CLOSE qty=0.000510 entry=80758.02 exit=80758.13 pnl=+0.000056
[09:20:07.926] [INFO] [EXEC] CHUNK DRAINED
[09:20:07.926] [OK] [EXEC] FIFO CLOSE qty=0.061390 entry=80758.11 exit=80758.13 pnl=+0.001182
[09:20:07.926] [INFO] [EXEC] CHUNK DRAINED
[09:20:07.926] [OK] [EXEC] REALIZED pnl=+0.001238
[09:20:07.926] [INFO] [EXEC] SELL ACCOUNTING RESET flat
[09:20:07.941] [OK] [EXEC] CYCLE CLOSED pnl=+0.001238
[09:20:07.941] [INFO] [EXEC] SESSION realized=+0.131241 wins=6 losses=2
[09:20:08.159] [INFO] [HEALTH] state=GOOD
[09:20:08.415] [INFO] [EXEC] SELL ACCOUNTING RESET new_cycle
[09:20:08.415] [OK] [EXEC] BUY ORDER SENT orderId=384968341 price=80754.00 qty=0.061910
[09:20:08.415] [OK] [EXEC] PLACE BUY price=80754.00 qty=0.061910
[09:20:09.416] [OK] [PLAN] HOT entry=80755.00 exit=80761.00 profit=0.371460 age=1001ms
[09:20:10.416] [WARNING] [EXEC] BUY TIMEOUT orderId=384968341
[09:20:10.416] [WARNING] [EXEC] CANCEL BUY orderId=384968341
[09:20:10.690] [OK] [EXEC] BUY CANCELED confirmed
[09:20:10.950] [INFO] [EXEC] BUY FINAL STATUS status=CANCELED orderId=384968341
[09:20:10.956] [WARNING] [EXEC] BLOCK reason=buy_not_filled
[09:20:11.677] [INFO] [EXEC] SELL ACCOUNTING RESET new_cycle
[09:20:11.680] [OK] [EXEC] BUY ORDER SENT orderId=384968498 price=80758.58 qty=0.061910
[09:20:11.682] [OK] [EXEC] PLACE BUY price=80758.58 qty=0.061910
[09:20:12.698] [OK] [EXEC] BUY FILL UPDATE delta=0.061910 avg=80758.58
[09:20:12.698] [OK] [EXEC] CHUNK ADD qty=0.061910 entry=80758.58
[09:20:12.698] [INFO] [EXEC] CHUNK COUNT n=1
[09:20:12.715] [OK] [EXEC] INVENTORY qty=0.061910
[09:20:12.718] [OK] [EXEC] SELL REQUIRED inventory=0.061910
[09:20:12.720] [OK] [EXEC] BUY PARTIAL delta=0.061910 total=0.061910
[09:20:12.721] [OK] [EXEC] BUY REMAINING qty=0.000000
[09:20:12.722] [OK] [EXEC] BUY FILLED id=384968498
[09:20:13.229] [OK] [SYNC] order filled detected
[09:20:13.244] [OK] [SYNC] BUY filled on exchange
[09:20:13.969] [INFO] [EXEC] SELL CHECK inventory=0.061910 reported=0.000000 remaining=0.061900 chunks=1
[09:20:13.969] [OK] [EXEC] PLACE SELL price=80759.48 qty=0.061900
[09:20:14.231] [OK] [EXEC] SELL ORDER SENT orderId=384968672
[09:20:14.239] [OK] [PLAN] READY entry=80756.15 exit=80759.48 profit=0.206160 age=5289ms
[09:20:14.775] [OK] [SYNC] order filled detected
[09:20:14.775] [OK] [SYNC] SELL filled on exchange
[09:20:14.775] [OK] [EXEC] FIFO CLOSE qty=0.061900 entry=80758.58 exit=80759.48 pnl=+0.055710
[09:20:14.775] [INFO] [EXEC] CHUNK DRAINED
[09:20:14.775] [OK] [EXEC] REALIZED pnl=+0.055710
[09:20:14.775] [INFO] [EXEC] SELL ACCOUNTING RESET flat
[09:20:14.775] [OK] [EXEC] CYCLE CLOSED pnl=+0.055710
[09:20:14.775] [INFO] [EXEC] SESSION realized=+0.186951 wins=7 losses=2
[09:20:15.494] [INFO] [HEALTH] state=GOOD
[09:20:15.763] [INFO] [EXEC] SELL ACCOUNTING RESET new_cycle
[09:20:15.765] [OK] [EXEC] BUY ORDER SENT orderId=384968723 price=80755.94 qty=0.061910
[09:20:15.766] [OK] [EXEC] PLACE BUY price=80755.94 qty=0.061910
[09:20:16.528] [OK] [SYNC] order filled detected
[09:20:16.530] [OK] [SYNC] BUY filled on exchange
[09:20:16.530] [OK] [EXEC] BUY FILL UPDATE delta=0.061910 avg=80755.94
[09:20:16.531] [OK] [EXEC] CHUNK ADD qty=0.061910 entry=80755.94
[09:20:16.532] [INFO] [EXEC] CHUNK COUNT n=1
[09:20:16.533] [OK] [EXEC] INVENTORY qty=0.061910
[09:20:16.536] [OK] [EXEC] SELL REQUIRED inventory=0.061910
[09:20:17.040] [INFO] [EXEC] SELL CHECK inventory=0.061910 reported=0.000000 remaining=0.061900 chunks=1
[09:20:17.056] [OK] [EXEC] PLACE SELL price=80761.20 qty=0.061900
[09:20:17.326] [OK] [EXEC] SELL ORDER SENT orderId=384968793
[09:20:18.065] [OK] [SYNC] order filled detected
[09:20:18.067] [OK] [SYNC] SELL filled on exchange
[09:20:18.067] [OK] [EXEC] FIFO CLOSE qty=0.061900 entry=80755.94 exit=80761.20 pnl=+0.325594
[09:20:18.068] [INFO] [EXEC] CHUNK DRAINED
[09:20:18.070] [OK] [EXEC] REALIZED pnl=+0.325594
[09:20:18.071] [INFO] [EXEC] SELL ACCOUNTING RESET flat
[09:20:18.072] [OK] [EXEC] CYCLE CLOSED pnl=+0.325594
[09:20:18.073] [INFO] [EXEC] SESSION realized=+0.512545 wins=8 losses=2
[09:20:18.322] [INFO] [EXEC] SELL ACCOUNTING RESET new_cycle
[09:20:18.322] [OK] [EXEC] BUY ORDER SENT orderId=384968819 price=80755.96 qty=0.061910
[09:20:18.338] [OK] [EXEC] PLACE BUY price=80755.96 qty=0.061910
[09:20:18.338] [OK] [PLAN] HOT entry=80755.96 exit=80762.69 profit=0.416654 age=9916ms
[09:20:19.322] [INFO] [EXEC] ENTRY_REPRICE reason=wide_spread_cross old=80755.96 new=80756.00 count=1
[09:20:19.853] [OK] [EXEC] ENTRY_PLACE price=80756.00 qty=0.061910
[09:20:20.603] [OK] [SYNC] order filled detected
[09:20:20.603] [OK] [SYNC] BUY filled on exchange
[09:20:20.603] [OK] [EXEC] BUY FILL UPDATE delta=0.061910 avg=80756.00
[09:20:20.603] [OK] [EXEC] CHUNK ADD qty=0.061910 entry=80756.00
[09:20:20.603] [INFO] [EXEC] CHUNK COUNT n=1
[09:20:20.603] [OK] [EXEC] INVENTORY qty=0.061910
[09:20:20.603] [OK] [EXEC] SELL REQUIRED inventory=0.061910
[09:20:21.126] [INFO] [EXEC] SELL CHECK inventory=0.061910 reported=0.000000 remaining=0.061900 chunks=1
[09:20:21.126] [OK] [EXEC] PLACE SELL price=80759.59 qty=0.061900
[09:20:21.395] [OK] [EXEC] SELL ORDER SENT orderId=384968971
[09:20:22.384] [INFO] [EXEC] SELL UPSIZE old=0.061900 new=0.061910
[09:20:22.384] [WARNING] [EXEC] SELL TIMEOUT orderId=384968971
[09:20:22.384] [WARNING] [EXEC] CANCEL SELL orderId=384968971
[09:20:22.924] [INFO] [EXEC] SELL FINAL STATUS status=CANCELED orderId=384968971
[09:20:22.924] [INFO] [EXEC] SELL TIMEOUT check fast_exit
[09:20:22.924] [WARNING] [EXEC] FORCE EXIT hard_sl_triggered
[09:20:22.924] [ERROR] [EXEC] HARD SL triggered
[09:20:22.924] [WARNING] [EXEC] PANIC EXIT sl_mode
[09:20:23.197] [WARNING] [EXEC] FORCE EXIT price=80754.07
[09:20:23.197] [OK] [EXEC] PLACE SELL price=80754.07 qty=0.061900
[09:20:23.462] [WARNING] [EXEC] PANIC START price=80754.07
[09:20:23.462] [OK] [EXEC] SELL ORDER SENT orderId=384969091
[09:20:24.149] [OK] [SYNC] order filled detected
[09:20:24.149] [OK] [SYNC] SELL filled on exchange
[09:20:24.149] [OK] [EXEC] FIFO CLOSE qty=0.061900 entry=80756.00 exit=80754.07 pnl=-0.119467
[09:20:24.166] [INFO] [EXEC] CHUNK DRAINED
[09:20:24.169] [OK] [EXEC] REALIZED pnl=-0.119467
[09:20:24.171] [INFO] [EXEC] SELL ACCOUNTING RESET flat
[09:20:24.173] [OK] [EXEC] CYCLE CLOSED pnl=-0.119467
[09:20:24.175] [INFO] [EXEC] SESSION realized=+0.393078 wins=8 losses=3
[09:20:24.178] [INFO] [HEALTH] state=GOOD
[09:20:24.178] [WARNING] [EXEC] BLOCK_BUY reason=cooldown_loss_cycle mode=FAST ws_age=593 spread=5.24 stable=1/1 mid_delta=0.00 bid_delta=0.00
[09:20:24.573] [WARNING] [HEALTH] block falling_market bid_ticks=-43.00 mid_ticks=-43.50
[09:20:24.575] [WARNING] [HEALTH] unstable_bid delta_ticks=-43.00
[09:20:24.577] [WARNING] [HEALTH] negative_momentum ticks=-43.50
[09:20:24.578] [WARNING] [EXEC] BLOCK_BUY reason=bid_unstable mode=FAST ws_age=297 spread=5.23 stable=2/1 mid_delta=-43.50 bid_delta=-43.00
[09:20:24.582] [OK] [PLAN] READY entry=80752.51 exit=80755.74 profit=0.199969 age=395ms
[09:20:24.908] [WARNING] [HEALTH] block falling_market bid_ticks=-118.00 mid_ticks=-112.00
[09:20:24.908] [WARNING] [HEALTH] unstable_bid delta_ticks=-118.00
[09:20:24.908] [WARNING] [HEALTH] negative_momentum ticks=-112.00
[09:20:25.401] [WARNING] [HEALTH] block falling_market bid_ticks=-550.00 mid_ticks=-150.00
[09:20:25.401] [WARNING] [HEALTH] unstable_bid delta_ticks=-550.00
[09:20:25.401] [WARNING] [HEALTH] negative_momentum ticks=-150.00
[09:20:25.401] [OK] [PLAN] HOT entry=80747.01 exit=80758.24 profit=0.695362 age=1224ms
[09:20:27.184] [INFO] [EXEC] SELL ACCOUNTING RESET new_cycle
[09:20:27.189] [OK] [EXEC] BUY ORDER SENT orderId=384969319 price=80749.21 qty=0.061920
[09:20:27.191] [OK] [EXEC] PLACE BUY price=80749.21 qty=0.061920
[09:20:27.698] [OK] [SYNC] order filled detected
[09:20:27.714] [OK] [SYNC] BUY filled on exchange
[09:20:27.714] [OK] [EXEC] BUY FILL UPDATE delta=0.061920 avg=80749.21
[09:20:27.714] [OK] [EXEC] CHUNK ADD qty=0.061920 entry=80749.21
[09:20:27.714] [INFO] [EXEC] CHUNK COUNT n=1
[09:20:27.714] [OK] [EXEC] INVENTORY qty=0.061920
[09:20:27.714] [OK] [EXEC] SELL REQUIRED inventory=0.061920
[09:20:28.448] [INFO] [EXEC] SELL CHECK inventory=0.061920 reported=0.000000 remaining=0.061920 chunks=1
[09:20:28.448] [OK] [EXEC] PLACE SELL price=80749.23 qty=0.061920
[09:20:28.716] [OK] [EXEC] SELL ORDER SENT orderId=384969461
[09:20:28.721] [OK] [PLAN] HOT entry=80739.36 exit=80745.00 profit=0.349229 age=1016ms
[09:20:30.681] [OK] [PLAN] READY entry=80743.34 exit=80746.70 profit=0.208051 age=3510ms
[09:20:31.682] [OK] [EXEC] FIFO CLOSE qty=0.061920 entry=80749.21 exit=80749.23 pnl=+0.001238
[09:20:31.682] [INFO] [EXEC] CHUNK DRAINED
[09:20:31.682] [OK] [EXEC] REALIZED pnl=+0.001238
[09:20:31.697] [INFO] [EXEC] SELL ACCOUNTING RESET flat
[09:20:31.697] [OK] [EXEC] CYCLE CLOSED pnl=+0.001238
[09:20:31.697] [INFO] [EXEC] SESSION realized=+0.394316 wins=9 losses=3
[09:20:31.697] [OK] [EXEC] EXIT_FILLED
[09:20:31.697] [INFO] [EXEC] SELL ACCOUNTING RESET flat
[09:20:31.697] [INFO] [EXEC] CYCLE SKIP no_fifo_pnl
[09:20:31.697] [OK] [EXEC] SELL FILLED id=384969461
[09:20:31.697] [OK] [EXEC] SELL FILLED qty=0.061920 remaining=0.000000
[09:20:31.697] [INFO] [EXEC] SELL ACCOUNTING RESET inventory_drained
[09:20:31.697] [INFO] [EXEC] INVENTORY DRAINED epsilon_cleanup qty=0.000000
[09:20:31.697] [INFO] [EXEC] SELL ACCOUNTING RESET flat
[09:20:31.697] [INFO] [EXEC] CYCLE SKIP no_fifo_pnl
[09:20:32.488] [INFO] [HEALTH] state=GOOD
[09:20:32.744] [INFO] [EXEC] SELL ACCOUNTING RESET new_cycle
[09:20:32.744] [OK] [EXEC] BUY ORDER SENT orderId=384969608 price=80751.27 qty=0.061910
[09:20:32.744] [OK] [EXEC] PLACE BUY price=80751.27 qty=0.061910
[09:20:33.259] [OK] [SYNC] order filled detected
[09:20:33.276] [OK] [SYNC] BUY filled on exchange
[09:20:33.277] [OK] [EXEC] BUY FILL UPDATE delta=0.061910 avg=80751.27
[09:20:33.278] [OK] [EXEC] CHUNK ADD qty=0.061910 entry=80751.27
[09:20:33.279] [INFO] [EXEC] CHUNK COUNT n=1
[09:20:33.280] [OK] [EXEC] INVENTORY qty=0.061910
[09:20:33.281] [OK] [EXEC] SELL REQUIRED inventory=0.061910
[09:20:34.004] [INFO] [EXEC] SELL CHECK inventory=0.061910 reported=0.000000 remaining=0.061900 chunks=1
[09:20:34.006] [OK] [EXEC] PLACE SELL price=80755.77 qty=0.061900
[09:20:34.260] [OK] [EXEC] SELL ORDER SENT orderId=384969661
[09:20:34.260] [OK] [PLAN] HOT entry=80750.07 exit=80755.77 profit=0.352887 age=991ms
[09:20:36.025] [INFO] [EXEC] SELL UPSIZE old=0.061900 new=0.061910
[09:20:36.025] [WARNING] [EXEC] SELL TIMEOUT orderId=384969661
[09:20:36.025] [WARNING] [EXEC] CANCEL SELL orderId=384969661
[09:20:36.557] [INFO] [EXEC] SELL FINAL STATUS status=CANCELED orderId=384969661
[09:20:36.557] [INFO] [EXEC] SELL TIMEOUT check fast_exit
[09:20:36.557] [WARNING] [EXEC] FORCE EXIT hard_sl_triggered
[09:20:36.557] [ERROR] [EXEC] HARD SL triggered
[09:20:36.557] [WARNING] [EXEC] PANIC EXIT sl_mode
[09:20:36.822] [WARNING] [EXEC] FORCE EXIT price=80754.05
[09:20:36.822] [OK] [EXEC] PLACE SELL price=80754.05 qty=0.061900
[09:20:37.093] [WARNING] [EXEC] PANIC START price=80754.05
[09:20:37.093] [OK] [EXEC] SELL ORDER SENT orderId=384969709
[09:20:38.055] [INFO] [EXEC] SELL_UPSIZE_SKIPPED reason=exit_or_panic_active
[09:20:53.760] [OK] [PLAN] READY entry=80747.03 exit=80750.37 profit=0.206813 age=2014ms
[09:21:01.291] [OK] [PLAN] READY entry=80747.80 exit=80750.82 profit=0.186998 age=1030ms
[09:21:04.588] [OK] [PLAN] READY entry=80741.42 exit=80744.57 profit=0.195048 age=1016ms
[09:21:07.897] [OK] [PLAN] READY entry=80736.57 exit=80740.04 profit=0.214862 age=1017ms
[09:21:10.961] [OK] [PLAN] READY entry=80736.60 exit=80739.60 profit=0.185760 age=1031ms
[09:21:13.757] [OK] [PLAN] HOT entry=80739.01 exit=80745.74 profit=0.416722 age=3812ms
[09:21:18.320] [OK] [SYNC] order filled detected
[09:21:18.322] [OK] [SYNC] SELL filled on exchange
[09:21:18.322] [OK] [EXEC] FIFO CLOSE qty=0.061900 entry=80751.27 exit=80754.05 pnl=+0.172082
[09:21:18.322] [INFO] [EXEC] CHUNK DRAINED
[09:21:18.322] [OK] [EXEC] REALIZED pnl=+0.172082
[09:21:18.322] [INFO] [EXEC] SELL ACCOUNTING RESET flat
[09:21:18.322] [OK] [EXEC] CYCLE CLOSED pnl=+0.172082
[09:21:18.322] [INFO] [EXEC] SESSION realized=+0.566398 wins=10 losses=3
[09:21:18.527] [INFO] [HEALTH] state=GOOD
[09:21:18.807] [INFO] [EXEC] SELL ACCOUNTING RESET new_cycle
[09:21:18.807] [OK] [EXEC] BUY ORDER SENT orderId=384971042 price=80749.01 qty=0.061920
[09:21:18.807] [OK] [EXEC] PLACE BUY price=80749.01 qty=0.061920
[09:21:18.807] [OK] [PLAN] READY entry=80749.01 exit=80752.99 profit=0.246442 age=1002ms
[09:21:19.853] [INFO] [EXEC] ENTRY_REPRICE reason=wide_spread_cross old=80749.01 new=80749.33 count=1
[09:21:20.415] [OK] [EXEC] ENTRY_PLACE price=80749.33 qty=0.061920
[09:21:20.415] [OK] [PLAN] HOT entry=80750.30 exit=80756.21 profit=0.365888 age=2048ms
[09:21:21.383] [WARNING] [EXEC] BUY TIMEOUT orderId=384971075
[09:21:21.385] [WARNING] [EXEC] CANCEL BUY orderId=384971075
[09:21:21.636] [OK] [EXEC] BUY CANCELED confirmed
[09:21:21.908] [INFO] [EXEC] BUY FINAL STATUS status=CANCELED orderId=384971075
[09:21:21.908] [WARNING] [EXEC] BLOCK reason=buy_not_filled
[09:21:22.662] [INFO] [EXEC] SELL ACCOUNTING RESET new_cycle
[09:21:22.668] [OK] [EXEC] BUY ORDER SENT orderId=384971086 price=80750.34 qty=0.061910
[09:21:22.671] [OK] [EXEC] PLACE BUY price=80750.34 qty=0.061910
[09:21:23.650] [INFO] [EXEC] ENTRY_REPRICE reason=wide_spread_cross old=80750.34 new=80750.86 count=1
[09:21:24.181] [OK] [EXEC] ENTRY_PLACE price=80750.86 qty=0.061910
[09:21:25.458] [WARNING] [EXEC] BUY TIMEOUT orderId=384971145
[09:21:25.461] [WARNING] [EXEC] CANCEL BUY orderId=384971145
[09:21:25.713] [OK] [EXEC] BUY CANCELED confirmed
[09:21:25.980] [INFO] [EXEC] BUY FINAL STATUS status=CANCELED orderId=384971145
[09:21:25.989] [WARNING] [EXEC] BLOCK reason=buy_not_filled
[09:21:25.989] [OK] [PLAN] READY entry=80751.87 exit=80755.91 profit=0.250116 age=7667ms
[09:21:26.479] [INFO] [HEALTH] state=GOOD
[09:21:26.743] [INFO] [EXEC] SELL ACCOUNTING RESET new_cycle
[09:21:26.747] [OK] [EXEC] BUY ORDER SENT orderId=384971171 price=80751.87 qty=0.061910
[09:21:26.750] [OK] [EXEC] PLACE BUY price=80751.87 qty=0.061910
[09:21:26.753] [OK] [PLAN] HOT entry=80751.87 exit=80756.46 profit=0.284167 age=8955ms
[09:21:27.744] [INFO] [EXEC] ENTRY_REPRICE reason=wide_spread_cross old=80751.87 new=80751.91 count=1
[09:21:28.275] [OK] [EXEC] ENTRY_PLACE price=80751.91 qty=0.061910
[09:21:28.275] [OK] [PLAN] READY entry=80752.88 exit=80756.47 profit=0.222257 age=9970ms
[09:21:28.805] [OK] [SYNC] order filled detected
[09:21:28.807] [OK] [SYNC] BUY filled on exchange
[09:21:28.808] [OK] [EXEC] BUY FILL UPDATE delta=0.061910 avg=80751.91
[09:21:28.810] [OK] [EXEC] CHUNK ADD qty=0.061910 entry=80751.91
[09:21:28.814] [INFO] [EXEC] CHUNK COUNT n=1
[09:21:28.819] [OK] [EXEC] INVENTORY qty=0.061910
[09:21:28.820] [OK] [EXEC] SELL REQUIRED inventory=0.061910
[09:21:29.525] [INFO] [EXEC] SELL CHECK inventory=0.061910 reported=0.000000 remaining=0.061900 chunks=1
[09:21:29.525] [OK] [EXEC] PLACE SELL price=80756.09 qty=0.061900
[09:21:29.790] [OK] [EXEC] SELL ORDER SENT orderId=384971274
[09:21:29.790] [OK] [PLAN] HOT entry=80749.80 exit=80756.09 profit=0.389414 age=11472ms
[09:21:30.818] [INFO] [EXEC] SELL_UPSIZE_SKIPPED reason=exit_or_panic_active
[09:21:31.823] [OK] [EXEC] FIFO CLOSE qty=0.061900 entry=80751.91 exit=80756.09 pnl=+0.258742
[09:21:31.823] [INFO] [EXEC] CHUNK DRAINED
[09:21:31.823] [OK] [EXEC] REALIZED pnl=+0.258742
[09:21:31.838] [INFO] [EXEC] SELL ACCOUNTING RESET flat
[09:21:31.838] [OK] [EXEC] CYCLE CLOSED pnl=+0.258742
[09:21:31.838] [INFO] [EXEC] SESSION realized=+0.825140 wins=11 losses=3
[09:21:31.838] [OK] [EXEC] EXIT_FILLED
[09:21:31.838] [INFO] [EXEC] SELL ACCOUNTING RESET flat
[09:21:31.838] [INFO] [EXEC] CYCLE SKIP no_fifo_pnl
[09:21:31.838] [OK] [EXEC] SELL FILLED id=384971274
[09:21:31.838] [OK] [EXEC] SELL FILLED qty=0.061900 remaining=0.000000
[09:21:31.838] [INFO] [EXEC] SELL ACCOUNTING RESET inventory_drained
[09:21:31.838] [INFO] [EXEC] INVENTORY DRAINED epsilon_cleanup qty=0.000000
[09:21:31.838] [INFO] [EXEC] SELL ACCOUNTING RESET flat
[09:21:31.838] [INFO] [EXEC] CYCLE SKIP no_fifo_pnl
[09:21:32.369] [INFO] [HEALTH] state=GOOD
[09:21:32.634] [INFO] [EXEC] SELL ACCOUNTING RESET new_cycle
[09:21:32.634] [OK] [EXEC] BUY ORDER SENT orderId=384971316 price=80750.24 qty=0.061910
[09:21:32.634] [OK] [EXEC] PLACE BUY price=80750.24 qty=0.061910
[09:21:33.661] [INFO] [EXEC] ENTRY_REPRICE reason=wide_spread_cross old=80750.24 new=80750.28 count=1
[09:21:34.190] [OK] [EXEC] ENTRY_PLACE price=80750.28 qty=0.061910
[09:21:35.988] [WARNING] [EXEC] BUY TIMEOUT orderId=384971323
[09:21:35.993] [WARNING] [EXEC] CANCEL BUY orderId=384971323
[09:21:36.244] [OK] [EXEC] BUY CANCELED confirmed
[09:21:36.510] [INFO] [EXEC] BUY FINAL STATUS status=CANCELED orderId=384971323
[09:21:36.510] [WARNING] [EXEC] BLOCK reason=buy_not_filled
[09:21:37.249] [INFO] [EXEC] SELL ACCOUNTING RESET new_cycle
[09:21:37.254] [OK] [EXEC] BUY ORDER SENT orderId=384971334 price=80751.29 qty=0.061910
[09:21:37.256] [OK] [EXEC] PLACE BUY price=80751.29 qty=0.061910
[09:21:38.294] [INFO] [EXEC] ENTRY_REPRICE reason=wide_spread_cross old=80751.29 new=80751.33 count=1
[09:21:38.816] [OK] [EXEC] ENTRY_PLACE price=80751.33 qty=0.061910
[09:21:39.811] [WARNING] [EXEC] BUY TIMEOUT orderId=384971349
[09:21:39.816] [WARNING] [EXEC] CANCEL BUY orderId=384971349
[09:21:40.084] [OK] [EXEC] BUY CANCELED confirmed
[09:21:40.353] [INFO] [EXEC] BUY FINAL STATUS status=CANCELED orderId=384971349
[09:21:40.353] [WARNING] [EXEC] BLOCK reason=buy_not_filled
[09:21:40.816] [INFO] [HEALTH] state=GOOD
[09:21:41.083] [INFO] [EXEC] SELL ACCOUNTING RESET new_cycle
[09:21:41.086] [OK] [EXEC] BUY ORDER SENT orderId=384971473 price=80752.34 qty=0.061910
[09:21:41.090] [OK] [EXEC] PLACE BUY price=80752.34 qty=0.061910
[09:21:42.107] [INFO] [EXEC] ENTRY_REPRICE reason=wide_spread_cross old=80752.34 new=80762.04 count=1
[09:21:42.634] [OK] [EXEC] ENTRY_PLACE price=80762.04 qty=0.061910
[09:21:42.650] [OK] [PLAN] READY entry=80763.01 exit=80767.15 profit=0.256266 age=24329ms
[09:21:43.635] [WARNING] [EXEC] BUY TIMEOUT orderId=384971572
[09:21:43.635] [WARNING] [EXEC] CANCEL BUY orderId=384971572
[09:21:43.899] [OK] [EXEC] BUY CANCELED confirmed
[09:21:44.166] [INFO] [EXEC] BUY FINAL STATUS status=CANCELED orderId=384971572
[09:21:44.182] [WARNING] [EXEC] BLOCK reason=buy_not_filled
[09:21:44.182] [OK] [PLAN] HOT entry=80764.19 exit=80768.99 profit=0.297120 age=25852ms
[09:21:45.151] [INFO] [EXEC] SELL ACCOUNTING RESET new_cycle
[09:21:45.151] [OK] [EXEC] BUY ORDER SENT orderId=384971711 price=80759.55 qty=0.061910
[09:21:45.167] [OK] [EXEC] PLACE BUY price=80759.55 qty=0.061910
[09:21:46.197] [INFO] [EXEC] ENTRY_REPRICE reason=wide_spread_cross old=80759.55 new=80762.04 count=1
[09:21:46.713] [OK] [EXEC] ENTRY_PLACE price=80762.04 qty=0.061910
[09:21:47.665] [WARNING] [EXEC] BUY TIMEOUT orderId=384971734
[09:21:47.681] [WARNING] [EXEC] CANCEL BUY orderId=384971734
[09:21:47.943] [OK] [EXEC] BUY CANCELED confirmed
[09:21:48.206] [INFO] [EXEC] BUY FINAL STATUS status=CANCELED orderId=384971734
[09:21:48.210] [WARNING] [EXEC] BLOCK reason=buy_not_filled
[09:21:48.682] [INFO] [HEALTH] state=GOOD
[09:21:48.952] [INFO] [EXEC] SELL ACCOUNTING RESET new_cycle
[09:21:48.959] [OK] [EXEC] BUY ORDER SENT orderId=384971822 price=80763.00 qty=0.061900
[09:21:48.962] [OK] [EXEC] PLACE BUY price=80763.00 qty=0.061900
[09:21:49.698] [OK] [SYNC] order filled detected
[09:21:49.713] [OK] [SYNC] BUY filled on exchange
[09:21:49.713] [OK] [EXEC] BUY FILL UPDATE delta=0.061900 avg=80763.00
[09:21:49.713] [OK] [EXEC] CHUNK ADD qty=0.061900 entry=80763.00
[09:21:49.713] [INFO] [EXEC] CHUNK COUNT n=1
[09:21:49.713] [OK] [EXEC] INVENTORY qty=0.061900
[09:21:49.713] [OK] [EXEC] SELL REQUIRED inventory=0.061900
[09:21:50.244] [INFO] [EXEC] SELL CHECK inventory=0.061900 reported=0.000000 remaining=0.061890 chunks=1
[09:21:50.244] [OK] [EXEC] PLACE SELL price=80763.02 qty=0.061890
[09:21:50.518] [OK] [EXEC] SELL ORDER SENT orderId=384971951
[09:21:51.502] [INFO] [EXEC] SELL UPSIZE old=0.061890 new=0.061900
[09:21:51.506] [WARNING] [EXEC] SELL TIMEOUT orderId=384971951
[09:21:51.507] [WARNING] [EXEC] CANCEL SELL orderId=384971951
[09:21:52.026] [INFO] [EXEC] SELL FINAL STATUS status=CANCELED orderId=384971951
[09:21:52.030] [INFO] [EXEC] SELL TIMEOUT check fast_exit
[09:21:52.034] [WARNING] [EXEC] FORCE EXIT hard_sl_triggered
[09:21:52.039] [ERROR] [EXEC] HARD SL triggered
[09:21:52.042] [WARNING] [EXEC] PANIC EXIT sl_mode
[09:21:52.315] [WARNING] [EXEC] FORCE EXIT price=80758.78
[09:21:52.317] [OK] [EXEC] PLACE SELL price=80758.78 qty=0.061890
[09:21:52.576] [WARNING] [EXEC] PANIC START price=80758.78
[09:21:52.579] [OK] [EXEC] SELL ORDER SENT orderId=384972010
[09:21:53.275] [OK] [SYNC] order filled detected
[09:21:53.290] [OK] [SYNC] SELL filled on exchange
[09:21:53.290] [OK] [EXEC] FIFO CLOSE qty=0.061890 entry=80763.00 exit=80758.78 pnl=-0.261176
[09:21:53.290] [INFO] [EXEC] CHUNK DRAINED
[09:21:53.290] [OK] [EXEC] REALIZED pnl=-0.261176
[09:21:53.290] [INFO] [EXEC] SELL ACCOUNTING RESET flat
[09:21:53.290] [OK] [EXEC] CYCLE CLOSED pnl=-0.261176
[09:21:53.290] [INFO] [EXEC] SESSION realized=+0.563964 wins=11 losses=4
[09:21:53.290] [WARNING] [EXEC] BLOCK_BUY reason=cooldown_loss_cycle mode=FAST ws_age=702 spread=8.96 stable=1/1 mid_delta=0.00 bid_delta=0.00
[09:21:53.290] [OK] [PLAN] HOT entry=80747.99 exit=80754.95 profit=0.430963 age=2062ms
[09:21:54.040] [INFO] [HEALTH] state=GOOD
[09:21:54.788] [INFO] [EXEC] SELL ACCOUNTING RESET new_cycle
[09:21:54.790] [OK] [EXEC] BUY ORDER SENT orderId=384972105 price=80759.76 qty=0.061910
[09:21:54.790] [OK] [EXEC] PLACE BUY price=80759.76 qty=0.061910
[09:21:56.354] [OK] [SYNC] order filled detected
[09:21:56.354] [OK] [SYNC] BUY filled on exchange
[09:21:56.354] [OK] [EXEC] BUY FILL UPDATE delta=0.061910 avg=80759.76
[09:21:56.354] [OK] [EXEC] CHUNK ADD qty=0.061910 entry=80759.76
[09:21:56.369] [INFO] [EXEC] CHUNK COUNT n=1
[09:21:56.369] [OK] [EXEC] INVENTORY qty=0.061910
[09:21:56.369] [OK] [EXEC] SELL REQUIRED inventory=0.061910
[09:21:57.378] [INFO] [EXEC] SELL CHECK inventory=0.061910 reported=0.000000 remaining=0.061900 chunks=1
[09:21:57.380] [OK] [EXEC] PLACE SELL price=80766.82 qty=0.061900
[09:21:57.650] [OK] [EXEC] SELL ORDER SENT orderId=384972238
[09:21:58.588] [INFO] [EXEC] SELL_UPSIZE_SKIPPED reason=exit_or_panic_active
[09:22:09.338] [OK] [PLAN] READY entry=80723.00 exit=80727.15 profit=0.257051 age=17832ms
[09:22:12.340] [OK] [PLAN] HOT entry=80724.07 exit=80729.00 profit=0.305315 age=1035ms
[09:22:40.971] [OK] [PLAN] READY entry=80731.01 exit=80735.10 profit=0.253294 age=29658ms
[09:22:45.273] [OK] [PLAN] HOT entry=80731.01 exit=80736.49 profit=0.339376 age=33970ms
[09:22:46.276] [OK] [PLAN] READY entry=80731.01 exit=80735.40 profit=0.271873 age=34986ms
[09:22:47.307] [OK] [PLAN] HOT entry=80731.01 exit=80736.20 profit=0.321417 age=36003ms
[09:22:48.338] [OK] [PLAN] READY entry=80731.01 exit=80734.01 profit=0.185790 age=37033ms
[09:22:57.267] [OK] [PLAN] HOT entry=80724.56 exit=80732.01 profit=0.461379 age=3014ms
[09:23:07.463] [OK] [PLAN] READY entry=80723.01 exit=80727.48 profit=0.276872 age=13238ms
[09:23:09.478] [OK] [PLAN] HOT entry=80715.02 exit=80725.67 profit=0.659661 age=15235ms
[09:23:58.228] [INFO] START_CLICK received enabled=True api_ready=True running=True
[09:23:58.556] [WARNING] cancel all requested
[09:23:58.556] [WARNING] [EXEC] STOP canceled panic order, position remains open
[09:23:59.363] [WARNING] [SYNC] desync fixed
[09:23:59.366] [WARNING] [EXEC] STOP_SAFE_MANUAL inventory=0.061910 active_order=0
[09:23:59.368] [WARNING] STOP
