[17:55:28.613] [OK] filters loaded
[17:55:30.421] [INFO] START_CLICK received enabled=True api_ready=True running=False
[17:55:30.422] [INFO] START_SETTINGS live_enabled=True guard_mode=FAST entry_mode=AGGRESSIVE exit_engine=True order_size=222.0
[17:55:30.423] [INFO] START_PROFILE order_size=222.0 min_spread=6.0 guard_mode=FAST entry_mode=AGGRESSIVE sell_timeout=900 far_sell_ticks=80 taker_exit_after_ms=850
[17:55:30.424] [INFO] SETTINGS_MERGE_PRESERVE existing_values=true missing_added=0
[17:55:30.982] [EXCHANGE] symbol=BTCU base=BTC quote=U status=TRADING permissions=[]
[17:55:30.990] [OK] START
[17:55:30.994] [OK] START_OK runtime_started
[17:55:30.995] [INFO] [EXEC] STREAMS_ENABLED count=20 range_ticks=200 step_ticks=10
[17:55:30.997] [INFO] [EXEC] GRID_BUDGET_DEPRECATED_USING_MAX_EXPOSURE
[17:55:30.999] [INFO] [EXEC] GRID_BUDGET_SOURCE source=max_exposure_u budget=5000.00
[17:55:31.001] [INFO] [EXEC] STREAM_CREATE stream_id=1 buy_price=80530.90000000 budget=250.00 qty=0.00310000
[17:55:31.002] [INFO] [EXEC] STREAM_CREATE stream_id=2 buy_price=80530.80000000 budget=250.00 qty=0.00310000
[17:55:31.003] [INFO] [EXEC] STREAM_CREATE stream_id=3 buy_price=80530.70000000 budget=250.00 qty=0.00310000
[17:55:31.004] [INFO] [EXEC] STREAM_CREATE stream_id=4 buy_price=80530.60000000 budget=250.00 qty=0.00310000
[17:55:31.005] [INFO] [EXEC] STREAM_CREATE stream_id=5 buy_price=80530.50000000 budget=250.00 qty=0.00310000
[17:55:31.006] [INFO] [EXEC] STREAM_CREATE stream_id=6 buy_price=80530.40000000 budget=250.00 qty=0.00310000
[17:55:31.007] [INFO] [EXEC] STREAM_CREATE stream_id=7 buy_price=80530.30000000 budget=250.00 qty=0.00310000
[17:55:31.010] [INFO] [EXEC] STREAM_CREATE stream_id=8 buy_price=80530.20000000 budget=250.00 qty=0.00310000
[17:55:31.011] [INFO] [EXEC] STREAM_CREATE stream_id=9 buy_price=80530.10000000 budget=250.00 qty=0.00310000
[17:55:31.012] [INFO] [EXEC] STREAM_CREATE stream_id=10 buy_price=80530.00000000 budget=250.00 qty=0.00310000
[17:55:31.013] [INFO] [EXEC] STREAM_CREATE stream_id=11 buy_price=80529.90000000 budget=250.00 qty=0.00310000
[17:55:31.014] [INFO] [EXEC] STREAM_CREATE stream_id=12 buy_price=80529.80000000 budget=250.00 qty=0.00310000
[17:55:31.015] [INFO] [EXEC] STREAM_CREATE stream_id=13 buy_price=80529.70000000 budget=250.00 qty=0.00310000
[17:55:31.016] [INFO] [EXEC] STREAM_CREATE stream_id=14 buy_price=80529.60000000 budget=250.00 qty=0.00310000
[17:55:31.018] [INFO] [EXEC] STREAM_CREATE stream_id=15 buy_price=80529.50000000 budget=250.00 qty=0.00310000
[17:55:31.019] [INFO] [EXEC] STREAM_CREATE stream_id=16 buy_price=80529.40000000 budget=250.00 qty=0.00310000
[17:55:31.020] [INFO] [EXEC] STREAM_CREATE stream_id=17 buy_price=80529.30000000 budget=250.00 qty=0.00310000
[17:55:31.021] [INFO] [EXEC] STREAM_CREATE stream_id=18 buy_price=80529.20000000 budget=250.00 qty=0.00310000
[17:55:31.021] [INFO] [EXEC] STREAM_CREATE stream_id=19 buy_price=80529.10000000 budget=250.00 qty=0.00310000
[17:55:31.022] [INFO] [EXEC] STREAM_CREATE stream_id=20 buy_price=80529.00000000 budget=250.00 qty=0.00310000
[17:55:31.022] [INFO] [EXEC] STREAM_CREATE_DONE count=20 budget=5000.00 step_ticks=10
[17:55:31.828] [INFO] [EXEC] LIVE ON
[17:55:31.830] [INFO] [EXEC] WAIT READY
[17:55:31.831] [WARNING] [HEALTH] block spread_too_young lifetime=0
[17:55:31.832] [WARNING] [HEALTH] unstable_spread lifetime=0
[17:55:31.833] [INFO] [EXEC] STREAM_WS_STALE_ALLOW_REST
[17:55:31.834] [INFO] [EXEC] STREAM_MODE_ACTIVE_SKIP_SINGLE_ENTRY
[17:55:32.614] [INFO] [EXEC] STREAM_BUY_PLACED level_id=1 order_id=386645854
[17:55:32.617] [OK] [EXEC] PLACE BUY price=80530.90 qty=0.003100
[17:55:33.162] [INFO] [EXEC] STREAM_BUY_PLACED level_id=2 order_id=386645911
[17:55:33.165] [OK] [EXEC] PLACE BUY price=80530.80 qty=0.003100
[17:55:33.585] [INFO] [EXEC] STREAM_BUY_PLACED level_id=3 order_id=386645921
[17:55:33.588] [OK] [EXEC] PLACE BUY price=80530.70 qty=0.003100
[17:55:33.590] [WS] primary url=wss://stream.binance.com:9443/ws/btcu@bookTicker
[17:55:33.591] [WS] connecting primary
[17:55:33.596] [WS] connected
[17:55:34.626] [INFO] [EXEC] STREAM_BUY_FILLED level_id=1
[17:55:34.627] [OK] [EXEC] CHUNK ADD qty=0.003100 entry=80530.90
[17:55:34.627] [INFO] [EXEC] CHUNK COUNT n=1
[17:55:34.921] [INFO] [EXEC] STREAM_SELL_PLACED stream_id=1 chunk_id=2709630668048 order_id=386645965 price=80531.20 qty=0.003100
[17:55:35.189] [INFO] [EXEC] STREAM_BUY_FILLED level_id=2
[17:55:35.193] [OK] [EXEC] CHUNK ADD qty=0.003100 entry=80530.80
[17:55:35.197] [INFO] [EXEC] CHUNK COUNT n=2
[17:55:35.586] [INFO] [EXEC] STREAM_SELL_PLACED stream_id=2 chunk_id=2709579442432 order_id=386645967 price=80531.10 qty=0.003100
[17:55:35.924] [INFO] [EXEC] STREAM_BUY_FILLED level_id=3
[17:55:35.927] [OK] [EXEC] CHUNK ADD qty=0.003100 entry=80530.70
[17:55:35.929] [INFO] [EXEC] CHUNK COUNT n=3
[17:55:36.287] [INFO] [EXEC] STREAM_SELL_PLACED stream_id=3 chunk_id=2709579933328 order_id=386646001 price=80531.00 qty=0.003100
[17:55:36.716] [INFO] [EXEC] STREAM_SELL_STATUS stream_id=1 chunk_id=2709630668048 order_id=386645965 status=NEW
[17:55:37.582] [INFO] [EXEC] STREAM_SELL_STATUS stream_id=2 chunk_id=2709579442432 order_id=386645967 status=NEW
[17:55:37.893] [INFO] [EXEC] STREAM_SELL_STATUS stream_id=3 chunk_id=2709579933328 order_id=386646001 status=NEW
[17:55:37.894] [WARNING] [EXEC] STATE REPAIR reason=inventory_cannot_be_flat
[17:55:37.895] [INFO] [EXEC] EXIT RECOVERY inventory_no_sell qty=0.009300
[17:55:38.204] [INFO] [EXEC] STREAM_GLOBAL_SELL_SKIP reason=adopt_stream_sell orderId=386645965
[17:55:39.530] [INFO] [EXEC] STREAM_SELL_STATUS stream_id=1 chunk_id=2709630668048 order_id=386645965 status=NEW
[17:55:39.846] [INFO] [EXEC] STREAM_SELL_STATUS stream_id=2 chunk_id=2709579442432 order_id=386645967 status=NEW
[17:55:40.159] [INFO] [EXEC] STREAM_SELL_STATUS stream_id=3 chunk_id=2709579933328 order_id=386646001 status=NEW
[17:55:40.832] [WARNING] [EXEC] PLACE_SELL_STUCK_RECOVERY qty=0.009290
[17:55:41.517] [INFO] [EXEC] SELL CHECK inventory=0.009300 reported=0.000000 remaining=0.009290 chunks=3
[17:55:41.521] [INFO] [EXEC] SELL_REPRICE_FRESH_APPLIED old=80528.04 new=80528.00 ask=80528.03 bid=80520.54
[17:55:41.523] [INFO] [EXEC] SELL_REPRICE_VALIDATION old=80528.04 new=80528.00 ask=80528.03 dist_ticks=2 source=fresh_snapshot
[17:55:41.525] [WARNING] [EXEC] SELL_FLOOR_BLOCKED price=80528.00 floor=80530.90 entry=80530.80 reason=below_min_profit source=fresh_after_far_cancel
[17:55:41.526] [INFO] [EXEC] PLACE_SELL_SOURCE source=fresh_after_far_cancel price=80530.90
[17:55:41.528] [OK] [EXEC] PLACE SELL price=80530.90 qty=0.009290
[17:55:41.860] [WARNING] [EXEC] SELL_HOLD_RECOVERY_START orderId=386646222 entry=80530.80 floor=80530.90 ask=80528.03
[17:55:41.861] [OK] [EXEC] SELL ORDER SENT orderId=386646222
[17:55:41.862] [OK] [PLAN] READY entry=80520.54 exit=80528.04 profit=0.020625 age=7412ms
[17:55:42.944] [OK] [SYNC] order filled detected
[17:55:42.947] [OK] [SYNC] SELL filled on exchange
[17:55:42.948] [OK] [EXEC] FIFO CLOSE qty=0.003100 entry=80530.90 exit=80530.90 pnl=+0.000000
[17:55:42.952] [INFO] [EXEC] CHUNK DRAINED
[17:55:42.955] [OK] [EXEC] FIFO CLOSE qty=0.003100 entry=80530.80 exit=80530.90 pnl=+0.000310
[17:55:42.958] [INFO] [EXEC] CHUNK DRAINED
[17:55:42.960] [OK] [EXEC] FIFO CLOSE qty=0.003090 entry=80530.70 exit=80530.90 pnl=+0.000618
[17:55:42.962] [INFO] [EXEC] CHUNK DRAINED
[17:55:42.963] [OK] [EXEC] REALIZED pnl=+0.000928
[17:55:42.964] [INFO] [EXEC] SELL ACCOUNTING RESET flat
[17:55:42.965] [OK] [EXEC] CYCLE CLOSED pnl=+0.000928
[17:55:42.966] [INFO] [EXEC] SESSION realized=+0.000928 wins=1 losses=0
[17:55:43.253] [INFO] [EXEC] STREAM_SELL_STATUS stream_id=1 chunk_id=2709630668048 order_id=386645965 status=FILLED
[17:55:43.538] [INFO] [EXEC] STREAM_SELL_STATUS stream_id=2 chunk_id=2709579442432 order_id=386645967 status=FILLED
[17:55:44.004] [INFO] [EXEC] STREAM_SELL_STATUS stream_id=3 chunk_id=2709579933328 order_id=386646001 status=FILLED
[17:55:44.008] [INFO] [HEALTH] state=DANGER
[17:55:44.008] [WARNING] [EXEC] BLOCK_BUY reason=market_health_bad mode=FAST ws_age=2141 spread=5.71 stable=1/1 mid_delta=0.00 bid_delta=0.00
[17:55:45.030] [WARNING] [HEALTH] block spread_too_young lifetime=0
[17:55:45.031] [WARNING] [HEALTH] unstable_spread lifetime=0
[17:55:45.032] [WARNING] [EXEC] BLOCK_BUY reason=spread_too_young mode=FAST ws_age=234 spread=6.71 stable=1/1 mid_delta=0.00 bid_delta=0.00
[17:55:45.530] [WARNING] [EXEC] BLOCK_BUY reason=market_health_bad mode=FAST ws_age=234 spread=5.41 stable=1/1 mid_delta=0.00 bid_delta=0.00
[17:55:48.532] [WARNING] [EXEC] BLOCK_BUY reason=market_health_bad mode=FAST ws_age=234 spread=5.87 stable=1/1 mid_delta=0.00 bid_delta=0.00
[17:55:50.027] [WARNING] [HEALTH] block spread_too_young lifetime=0
[17:55:50.028] [WARNING] [HEALTH] unstable_spread lifetime=0
[17:55:50.029] [WARNING] [EXEC] BLOCK_BUY reason=spread_too_young mode=FAST ws_age=30 spread=7.98 stable=1/1 mid_delta=0.00 bid_delta=0.00
[17:55:50.528] [INFO] [EXEC] STREAM_MODE_ACTIVE_SKIP_SINGLE_ENTRY
[17:55:50.854] [INFO] [EXEC] STREAM_BUY_PLACED level_id=4 order_id=386646601
[17:55:50.855] [OK] [EXEC] PLACE BUY price=80530.60 qty=0.003100
[17:55:51.139] [INFO] [EXEC] STREAM_BUY_PLACED level_id=5 order_id=386646603
[17:55:51.142] [OK] [EXEC] PLACE BUY price=80530.50 qty=0.003100
[17:55:51.488] [INFO] [EXEC] STREAM_BUY_PLACED level_id=6 order_id=386646650
[17:55:51.492] [OK] [EXEC] PLACE BUY price=80530.40 qty=0.003100
[17:55:52.679] [INFO] [EXEC] STREAM_BUY_FILLED level_id=4
[17:55:52.683] [OK] [EXEC] CHUNK ADD qty=0.003100 entry=80530.60
[17:55:52.685] [INFO] [EXEC] CHUNK COUNT n=1
[17:55:53.085] [INFO] [EXEC] STREAM_SELL_PLACED stream_id=4 chunk_id=2709579442432 order_id=386646694 price=80530.90 qty=0.003100
[17:55:53.468] [INFO] [EXEC] STREAM_BUY_FILLED level_id=5
[17:55:53.472] [OK] [EXEC] CHUNK ADD qty=0.003100 entry=80530.50
[17:55:53.474] [INFO] [EXEC] CHUNK COUNT n=2
[17:55:53.803] [INFO] [EXEC] STREAM_SELL_PLACED stream_id=5 chunk_id=2709630680480 order_id=386646718 price=80530.80 qty=0.003100
[17:55:54.163] [INFO] [EXEC] STREAM_BUY_FILLED level_id=6
[17:55:54.164] [OK] [EXEC] CHUNK ADD qty=0.003100 entry=80530.40
[17:55:54.164] [INFO] [EXEC] CHUNK COUNT n=3
[17:55:54.496] [INFO] [EXEC] STREAM_SELL_PLACED stream_id=6 chunk_id=2709579447424 order_id=386646760 price=80530.70 qty=0.003100
[17:55:54.821] [INFO] [EXEC] STREAM_SELL_STATUS stream_id=4 chunk_id=2709579442432 order_id=386646694 status=FILLED
[17:55:54.822] [INFO] [EXEC] STREAM_SELL_FILLED stream_id=4 chunk_id=2709579442432 order_id=386646694
[17:55:54.823] [OK] [EXEC] FIFO CLOSE qty=0.003100 entry=80530.60 exit=80530.90 pnl=+0.000930
[17:55:54.823] [INFO] [EXEC] STREAM_PNL stream_id=4 pnl=+0.000930
[17:55:54.824] [OK] [EXEC] REALIZED pnl=+0.000930
[17:55:54.824] [INFO] [EXEC] STREAM_RECYCLED level_id=4
[17:55:54.825] [INFO] [EXEC] STREAM_RECYCLED stream_id=4
[17:55:55.119] [INFO] [EXEC] STREAM_SELL_STATUS stream_id=5 chunk_id=2709630680480 order_id=386646718 status=NEW
[17:55:55.439] [INFO] [EXEC] STREAM_SELL_STATUS stream_id=6 chunk_id=2709579447424 order_id=386646760 status=NEW
[17:55:55.444] [WARNING] [EXEC] STATE REPAIR reason=inventory_cannot_be_flat
[17:55:55.446] [INFO] [EXEC] EXIT RECOVERY inventory_no_sell qty=0.006200
[17:55:55.743] [INFO] [EXEC] STREAM_GLOBAL_SELL_SKIP reason=adopt_stream_sell orderId=386646718
[17:55:56.465] [INFO] [EXEC] STREAM_SELL_STATUS stream_id=5 chunk_id=2709630680480 order_id=386646718 status=NEW
[17:55:56.763] [INFO] [EXEC] STREAM_SELL_STATUS stream_id=6 chunk_id=2709579447424 order_id=386646760 status=NEW
[17:55:57.123] [WARNING] [EXEC] PLACE_SELL_STUCK_RECOVERY qty=0.006190
[17:55:57.419] [INFO] [EXEC] STREAM_GLOBAL_SELL_SKIP reason=sell_watchdog_far_cancel orderId=386646718
[17:55:58.962] [INFO] [EXEC] STREAM_SELL_STATUS stream_id=5 chunk_id=2709630680480 order_id=386646718 status=NEW
[17:55:59.301] [INFO] [EXEC] STREAM_SELL_STATUS stream_id=6 chunk_id=2709579447424 order_id=386646760 status=NEW
[17:55:59.678] [WARNING] [EXEC] PLACE_SELL_STUCK_RECOVERY qty=0.006190
[17:56:00.251] [INFO] [EXEC] STREAM_GLOBAL_SELL_SKIP reason=sell_watchdog_far_cancel orderId=386646718
[17:56:00.970] [INFO] [EXEC] STREAM_SELL_STATUS stream_id=5 chunk_id=2709630680480 order_id=386646718 status=NEW
[17:56:01.442] [INFO] [EXEC] STREAM_SELL_STATUS stream_id=6 chunk_id=2709579447424 order_id=386646760 status=NEW
[17:56:02.199] [WARNING] [EXEC] PLACE_SELL_STUCK_RECOVERY qty=0.006190
[17:56:02.525] [INFO] [EXEC] STREAM_GLOBAL_SELL_SKIP reason=sell_watchdog_far_cancel orderId=386646718
[17:56:03.226] [INFO] [EXEC] STREAM_SELL_STATUS stream_id=5 chunk_id=2709630680480 order_id=386646718 status=NEW
[17:56:03.675] [INFO] [EXEC] STREAM_SELL_STATUS stream_id=6 chunk_id=2709579447424 order_id=386646760 status=NEW
[17:56:04.145] [WARNING] [EXEC] PLACE_SELL_STUCK_RECOVERY qty=0.006190
[17:56:04.448] [INFO] [EXEC] STREAM_GLOBAL_SELL_SKIP reason=sell_watchdog_far_cancel orderId=386646718
[17:56:05.142] [INFO] [EXEC] STREAM_SELL_STATUS stream_id=5 chunk_id=2709630680480 order_id=386646718 status=NEW
[17:56:05.427] [INFO] [EXEC] STREAM_SELL_STATUS stream_id=6 chunk_id=2709579447424 order_id=386646760 status=NEW
[17:56:05.703] [INFO] [EXEC] STREAM_GLOBAL_SELL_SKIP reason=sell_watchdog_far_cancel orderId=386646718
[17:56:06.422] [INFO] [EXEC] STREAM_SELL_STATUS stream_id=5 chunk_id=2709630680480 order_id=386646718 status=NEW
[17:56:06.758] [INFO] [EXEC] STREAM_SELL_STATUS stream_id=6 chunk_id=2709579447424 order_id=386646760 status=NEW
[17:56:07.445] [WARNING] [EXEC] PLACE_SELL_STUCK_RECOVERY qty=0.006190
[17:56:07.954] [INFO] [EXEC] STREAM_GLOBAL_SELL_SKIP reason=sell_watchdog_far_cancel orderId=386646718
[17:56:09.130] [INFO] [EXEC] STREAM_SELL_STATUS stream_id=5 chunk_id=2709630680480 order_id=386646718 status=NEW
[17:56:09.634] [INFO] [EXEC] STREAM_SELL_STATUS stream_id=6 chunk_id=2709579447424 order_id=386646760 status=NEW
[17:56:10.005] [WARNING] [EXEC] PLACE_SELL_STUCK_RECOVERY qty=0.006190
[17:56:10.288] [INFO] [EXEC] STREAM_GLOBAL_SELL_SKIP reason=sell_watchdog_far_cancel orderId=386646718
[17:56:10.954] [INFO] [EXEC] STREAM_SELL_STATUS stream_id=5 chunk_id=2709630680480 order_id=386646718 status=NEW
[17:56:11.221] [INFO] [EXEC] STREAM_SELL_STATUS stream_id=6 chunk_id=2709579447424 order_id=386646760 status=NEW
[17:56:11.528] [INFO] [EXEC] STREAM_GLOBAL_SELL_SKIP reason=sell_watchdog_far_cancel orderId=386646718
[17:56:12.437] [INFO] [EXEC] STREAM_SELL_STATUS stream_id=5 chunk_id=2709630680480 order_id=386646718 status=NEW
[17:56:12.701] [INFO] [EXEC] STREAM_SELL_STATUS stream_id=6 chunk_id=2709579447424 order_id=386646760 status=NEW
[17:56:12.990] [WARNING] [EXEC] PLACE_SELL_STUCK_RECOVERY qty=0.006190
[17:56:13.591] [INFO] [EXEC] STREAM_GLOBAL_SELL_SKIP reason=sell_watchdog_far_cancel orderId=386646718
[17:56:14.210] [INFO] [EXEC] STREAM_SELL_STATUS stream_id=5 chunk_id=2709630680480 order_id=386646718 status=NEW
[17:56:14.487] [INFO] [EXEC] STREAM_SELL_STATUS stream_id=6 chunk_id=2709579447424 order_id=386646760 status=NEW
[17:56:14.752] [INFO] [EXEC] STREAM_GLOBAL_SELL_SKIP reason=sell_watchdog_far_cancel orderId=386646718
[17:56:15.535] [INFO] [EXEC] STREAM_SELL_STATUS stream_id=5 chunk_id=2709630680480 order_id=386646718 status=NEW
[17:56:15.817] [INFO] [EXEC] STREAM_SELL_STATUS stream_id=6 chunk_id=2709579447424 order_id=386646760 status=NEW
[17:56:16.121] [WARNING] [EXEC] PLACE_SELL_STUCK_RECOVERY qty=0.006190
[17:56:16.398] [INFO] [EXEC] STREAM_GLOBAL_SELL_SKIP reason=sell_watchdog_far_cancel orderId=386646718
[17:56:16.705] [INFO] [EXEC] STREAM_SELL_STATUS stream_id=5 chunk_id=2709630680480 order_id=386646718 status=NEW
[17:56:16.973] [INFO] [EXEC] STREAM_SELL_STATUS stream_id=6 chunk_id=2709579447424 order_id=386646760 status=NEW
[17:56:17.264] [INFO] [EXEC] STREAM_GLOBAL_SELL_SKIP reason=sell_watchdog_far_cancel orderId=386646718
[17:56:18.277] [INFO] [EXEC] STREAM_SELL_STATUS stream_id=5 chunk_id=2709630680480 order_id=386646718 status=NEW
[17:56:18.540] [INFO] [EXEC] STREAM_SELL_STATUS stream_id=6 chunk_id=2709579447424 order_id=386646760 status=NEW
[17:56:18.841] [WARNING] [EXEC] PLACE_SELL_STUCK_RECOVERY qty=0.006190
[17:56:19.116] [INFO] [EXEC] STREAM_GLOBAL_SELL_SKIP reason=sell_watchdog_far_cancel orderId=386646718
[17:56:19.732] [INFO] [EXEC] STREAM_SELL_STATUS stream_id=5 chunk_id=2709630680480 order_id=386646718 status=NEW
[17:56:20.012] [INFO] [EXEC] STREAM_SELL_STATUS stream_id=6 chunk_id=2709579447424 order_id=386646760 status=NEW
[17:56:20.276] [INFO] [EXEC] STREAM_GLOBAL_SELL_SKIP reason=sell_watchdog_far_cancel orderId=386646718
[17:56:21.206] [INFO] [EXEC] STREAM_SELL_STATUS stream_id=5 chunk_id=2709630680480 order_id=386646718 status=NEW
[17:56:21.474] [INFO] [EXEC] STREAM_SELL_STATUS stream_id=6 chunk_id=2709579447424 order_id=386646760 status=FILLED
[17:56:21.477] [INFO] [EXEC] STREAM_SELL_FILLED stream_id=6 chunk_id=2709579447424 order_id=386646760
[17:56:21.479] [OK] [EXEC] FIFO CLOSE qty=0.003100 entry=80530.40 exit=80530.70 pnl=+0.000930
[17:56:21.480] [INFO] [EXEC] STREAM_PNL stream_id=6 pnl=+0.000930
[17:56:21.481] [OK] [EXEC] REALIZED pnl=+0.000930
[17:56:21.482] [INFO] [EXEC] STREAM_RECYCLED level_id=6
[17:56:21.483] [INFO] [EXEC] STREAM_RECYCLED stream_id=6
[17:56:21.757] [WARNING] [EXEC] PLACE_SELL_STUCK_RECOVERY qty=0.003090
[17:56:22.292] [INFO] [EXEC] SELL CHECK inventory=0.003100 reported=0.000000 remaining=0.003090 chunks=1
[17:56:22.295] [INFO] [EXEC] SELL_REPRICE_FRESH_APPLIED old=80530.90 new=80519.42 ask=80519.45 bid=80509.12
[17:56:22.297] [INFO] [EXEC] SELL_REPRICE_VALIDATION old=80530.90 new=80519.42 ask=80519.45 dist_ticks=2 source=fresh_snapshot
[17:56:22.297] [WARNING] [EXEC] SELL_FLOOR_BLOCKED price=80519.42 floor=80530.60 entry=80530.50 reason=below_min_profit source=fresh_after_far_cancel
[17:56:22.298] [INFO] [EXEC] PLACE_SELL_SOURCE source=fresh_after_far_cancel price=80530.60
[17:56:22.298] [OK] [EXEC] PLACE SELL price=80530.60 qty=0.003090
[17:56:22.573] [WARNING] [EXEC] SELL_HOLD_RECOVERY_START orderId=386648507 entry=80530.50 floor=80530.60 ask=80519.45
[17:56:22.574] [OK] [EXEC] SELL ORDER SENT orderId=386648507
[17:56:23.288] [OK] [SYNC] order filled detected
[17:56:23.289] [OK] [SYNC] SELL filled on exchange
[17:56:23.289] [OK] [EXEC] FIFO CLOSE qty=0.003090 entry=80530.50 exit=80530.60 pnl=+0.000309
[17:56:23.290] [INFO] [EXEC] CHUNK DRAINED
[17:56:23.291] [OK] [EXEC] REALIZED pnl=+0.000309
[17:56:23.291] [INFO] [EXEC] SELL ACCOUNTING RESET flat
[17:56:23.292] [OK] [EXEC] CYCLE CLOSED pnl=+0.002169
[17:56:23.292] [INFO] [EXEC] SESSION realized=+0.003097 wins=2 losses=0
[17:56:23.598] [INFO] [EXEC] STREAM_SELL_STATUS stream_id=5 chunk_id=2709630680480 order_id=386646718 status=FILLED
[17:56:23.602] [INFO] [HEALTH] state=GOOD
[17:56:23.602] [INFO] [EXEC] STREAM_MODE_ACTIVE_SKIP_SINGLE_ENTRY
[17:56:23.916] [INFO] [EXEC] STREAM_BUY_PLACED level_id=4 order_id=386648577
[17:56:23.920] [OK] [EXEC] PLACE BUY price=80530.60 qty=0.003100
[17:56:24.372] [INFO] [EXEC] STREAM_BUY_PLACED level_id=6 order_id=386648627
[17:56:24.375] [OK] [EXEC] PLACE BUY price=80530.40 qty=0.003100
[17:56:24.644] [INFO] [EXEC] STREAM_BUY_PLACED level_id=7 order_id=386648643
[17:56:24.648] [OK] [EXEC] PLACE BUY price=80530.30 qty=0.003100
[17:56:25.242] [INFO] [EXEC] STREAM_BUY_FILLED level_id=4
[17:56:25.245] [OK] [EXEC] CHUNK ADD qty=0.003100 entry=80530.60
[17:56:25.249] [INFO] [EXEC] CHUNK COUNT n=1
[17:56:25.551] [INFO] [EXEC] STREAM_SELL_PLACED stream_id=4 chunk_id=2709579934144 order_id=386648655 price=80530.90 qty=0.003100
[17:56:25.853] [INFO] [EXEC] STREAM_BUY_FILLED level_id=6
[17:56:25.854] [OK] [EXEC] CHUNK ADD qty=0.003100 entry=80530.40
[17:56:25.855] [INFO] [EXEC] CHUNK COUNT n=2
[17:56:26.128] [INFO] [EXEC] STREAM_SELL_PLACED stream_id=6 chunk_id=2709579447424 order_id=386648661 price=80530.70 qty=0.003100
[17:56:26.461] [INFO] [EXEC] STREAM_BUY_FILLED level_id=7
[17:56:26.462] [OK] [EXEC] CHUNK ADD qty=0.003100 entry=80530.30
[17:56:26.463] [INFO] [EXEC] CHUNK COUNT n=3
[17:56:27.461] [INFO] [EXEC] STREAM_SELL_PLACED stream_id=7 chunk_id=2709630668192 order_id=386648671 price=80530.60 qty=0.003100
[17:56:28.230] [INFO] [EXEC] STREAM_SELL_STATUS stream_id=4 chunk_id=2709579934144 order_id=386648655 status=FILLED
[17:56:28.232] [INFO] [EXEC] STREAM_SELL_FILLED stream_id=4 chunk_id=2709579934144 order_id=386648655
[17:56:28.234] [OK] [EXEC] FIFO CLOSE qty=0.003100 entry=80530.60 exit=80530.90 pnl=+0.000930
[17:56:28.235] [INFO] [EXEC] STREAM_PNL stream_id=4 pnl=+0.000930
[17:56:28.236] [OK] [EXEC] REALIZED pnl=+0.000930
[17:56:28.238] [INFO] [EXEC] STREAM_RECYCLED level_id=4
[17:56:28.239] [INFO] [EXEC] STREAM_RECYCLED stream_id=4
[17:56:28.739] [INFO] [EXEC] STREAM_SELL_STATUS stream_id=6 chunk_id=2709579447424 order_id=386648661 status=FILLED
[17:56:28.742] [INFO] [EXEC] STREAM_SELL_FILLED stream_id=6 chunk_id=2709579447424 order_id=386648661
[17:56:28.743] [OK] [EXEC] FIFO CLOSE qty=0.003100 entry=80530.40 exit=80530.70 pnl=+0.000930
[17:56:28.744] [INFO] [EXEC] STREAM_PNL stream_id=6 pnl=+0.000930
[17:56:28.745] [OK] [EXEC] REALIZED pnl=+0.000930
[17:56:28.747] [INFO] [EXEC] STREAM_RECYCLED level_id=6
[17:56:28.747] [INFO] [EXEC] STREAM_RECYCLED stream_id=6
[17:56:29.038] [INFO] [EXEC] STREAM_SELL_STATUS stream_id=7 chunk_id=2709630668192 order_id=386648671 status=FILLED
[17:56:29.039] [INFO] [EXEC] STREAM_SELL_FILLED stream_id=7 chunk_id=2709630668192 order_id=386648671
[17:56:29.040] [OK] [EXEC] FIFO CLOSE qty=0.003100 entry=80530.30 exit=80530.60 pnl=+0.000930
[17:56:29.041] [INFO] [EXEC] STREAM_PNL stream_id=7 pnl=+0.000930
[17:56:29.042] [OK] [EXEC] REALIZED pnl=+0.000930
[17:56:29.042] [INFO] [EXEC] STREAM_RECYCLED level_id=7
[17:56:29.043] [INFO] [EXEC] STREAM_RECYCLED stream_id=7
[17:56:29.043] [WARNING] [EXEC] BLOCK_BUY reason=ws_stale mode=FAST ws_age=4359 spread=7.98 stable=1/1 mid_delta=0.00 bid_delta=0.00
[17:56:29.715] [INFO] [HEALTH] state=GOOD
[17:56:29.715] [INFO] [EXEC] STREAM_MODE_ACTIVE_SKIP_SINGLE_ENTRY
[17:56:29.977] [INFO] [EXEC] STREAM_BUY_PLACED level_id=4 order_id=386648799
[17:56:29.979] [OK] [EXEC] PLACE BUY price=80530.60 qty=0.003100
[17:56:30.275] [INFO] [EXEC] STREAM_BUY_PLACED level_id=6 order_id=386648807
[17:56:30.278] [OK] [EXEC] PLACE BUY price=80530.40 qty=0.003100
[17:56:30.674] [INFO] [EXEC] STREAM_BUY_PLACED level_id=7 order_id=386648815
[17:56:30.675] [OK] [EXEC] PLACE BUY price=80530.30 qty=0.003100
[17:56:32.119] [INFO] [EXEC] STREAM_BUY_PLACED level_id=8 order_id=386648884
[17:56:32.123] [OK] [EXEC] PLACE BUY price=80530.20 qty=0.003100
[17:56:32.409] [INFO] [EXEC] STREAM_BUY_PLACED level_id=9 order_id=386648893
[17:56:32.410] [OK] [EXEC] PLACE BUY price=80530.10 qty=0.003100
[17:56:32.737] [INFO] [EXEC] STREAM_BUY_PLACED level_id=10 order_id=386648911
[17:56:32.739] [OK] [EXEC] PLACE BUY price=80530.00 qty=0.003100
[17:56:33.566] [INFO] [EXEC] STREAM_BUY_FILLED level_id=4
[17:56:33.569] [OK] [EXEC] CHUNK ADD qty=0.003100 entry=80530.60
[17:56:33.572] [INFO] [EXEC] CHUNK COUNT n=1
[17:56:33.846] [INFO] [EXEC] STREAM_SELL_PLACED stream_id=4 chunk_id=2709630680768 order_id=386648999 price=80530.90 qty=0.003100
[17:56:34.144] [INFO] [EXEC] STREAM_BUY_FILLED level_id=6
[17:56:34.147] [OK] [EXEC] CHUNK ADD qty=0.003100 entry=80530.40
[17:56:34.149] [INFO] [EXEC] CHUNK COUNT n=2
[17:56:34.432] [INFO] [EXEC] STREAM_SELL_PLACED stream_id=6 chunk_id=2709579934288 order_id=386649028 price=80530.70 qty=0.003100
[17:56:35.446] [INFO] [EXEC] STREAM_BUY_FILLED level_id=7
[17:56:35.447] [OK] [EXEC] CHUNK ADD qty=0.003100 entry=80530.30
[17:56:35.447] [INFO] [EXEC] CHUNK COUNT n=3
[17:56:35.707] [INFO] [EXEC] STREAM_SELL_PLACED stream_id=7 chunk_id=2709630665216 order_id=386649068 price=80530.60 qty=0.003100
[17:56:36.887] [INFO] [EXEC] STREAM_SELL_STATUS stream_id=4 chunk_id=2709630680768 order_id=386648999 status=FILLED
[17:56:36.889] [INFO] [EXEC] STREAM_SELL_FILLED stream_id=4 chunk_id=2709630680768 order_id=386648999
[17:56:36.891] [OK] [EXEC] FIFO CLOSE qty=0.003100 entry=80530.60 exit=80530.90 pnl=+0.000930
[17:56:36.892] [INFO] [EXEC] STREAM_PNL stream_id=4 pnl=+0.000930
[17:56:36.894] [OK] [EXEC] REALIZED pnl=+0.000930
[17:56:36.895] [INFO] [EXEC] STREAM_RECYCLED level_id=4
[17:56:36.896] [INFO] [EXEC] STREAM_RECYCLED stream_id=4
[17:56:37.218] [INFO] [EXEC] STREAM_SELL_STATUS stream_id=6 chunk_id=2709579934288 order_id=386649028 status=FILLED
[17:56:37.219] [INFO] [EXEC] STREAM_SELL_FILLED stream_id=6 chunk_id=2709579934288 order_id=386649028
[17:56:37.220] [OK] [EXEC] FIFO CLOSE qty=0.003100 entry=80530.40 exit=80530.70 pnl=+0.000930
[17:56:37.221] [INFO] [EXEC] STREAM_PNL stream_id=6 pnl=+0.000930
[17:56:37.221] [OK] [EXEC] REALIZED pnl=+0.000930
[17:56:37.222] [INFO] [EXEC] STREAM_RECYCLED level_id=6
[17:56:37.222] [INFO] [EXEC] STREAM_RECYCLED stream_id=6
[17:56:37.493] [INFO] [EXEC] STREAM_SELL_STATUS stream_id=7 chunk_id=2709630665216 order_id=386649068 status=FILLED
[17:56:37.495] [INFO] [EXEC] STREAM_SELL_FILLED stream_id=7 chunk_id=2709630665216 order_id=386649068
[17:56:37.496] [OK] [EXEC] FIFO CLOSE qty=0.003100 entry=80530.30 exit=80530.60 pnl=+0.000930
[17:56:37.497] [INFO] [EXEC] STREAM_PNL stream_id=7 pnl=+0.000930
[17:56:37.498] [OK] [EXEC] REALIZED pnl=+0.000930
[17:56:37.499] [INFO] [EXEC] STREAM_RECYCLED level_id=7
[17:56:37.500] [INFO] [EXEC] STREAM_RECYCLED stream_id=7
[17:56:37.501] [WARNING] [EXEC] BLOCK_BUY reason=ws_stale mode=FAST ws_age=4641 spread=6.19 stable=1/1 mid_delta=0.00 bid_delta=0.00
[17:56:39.096] [INFO] [HEALTH] state=GOOD
[17:56:39.097] [INFO] [EXEC] STREAM_MODE_ACTIVE_SKIP_SINGLE_ENTRY
[17:56:39.377] [INFO] [EXEC] STREAM_BUY_PLACED level_id=4 order_id=386649154
[17:56:39.381] [OK] [EXEC] PLACE BUY price=80530.60 qty=0.003100
[17:56:39.649] [INFO] [EXEC] STREAM_BUY_PLACED level_id=6 order_id=386649161
[17:56:39.650] [OK] [EXEC] PLACE BUY price=80530.40 qty=0.003100
[17:56:39.938] [INFO] [EXEC] STREAM_BUY_PLACED level_id=7 order_id=386649167
[17:56:39.940] [OK] [EXEC] PLACE BUY price=80530.30 qty=0.003100
[17:56:40.633] [INFO] [EXEC] STREAM_BUY_FILLED level_id=4
[17:56:40.636] [OK] [EXEC] CHUNK ADD qty=0.003100 entry=80530.60
[17:56:40.639] [INFO] [EXEC] CHUNK COUNT n=1
[17:56:40.908] [INFO] [EXEC] STREAM_SELL_PLACED stream_id=4 chunk_id=2709630850528 order_id=386649207 price=80530.90 qty=0.003100
[17:56:41.194] [INFO] [EXEC] STREAM_BUY_FILLED level_id=6
[17:56:41.198] [OK] [EXEC] CHUNK ADD qty=0.003100 entry=80530.40
[17:56:41.201] [INFO] [EXEC] CHUNK COUNT n=2
[17:56:41.470] [INFO] [EXEC] STREAM_SELL_PLACED stream_id=6 chunk_id=2709630677264 order_id=386649221 price=80530.70 qty=0.003100
[17:56:41.731] [INFO] [EXEC] STREAM_BUY_FILLED level_id=7
[17:56:41.733] [OK] [EXEC] CHUNK ADD qty=0.003100 entry=80530.30
[17:56:41.734] [INFO] [EXEC] CHUNK COUNT n=3
[17:56:42.009] [INFO] [EXEC] STREAM_SELL_PLACED stream_id=7 chunk_id=2709630680384 order_id=386649234 price=80530.60 qty=0.003100
[17:56:42.287] [INFO] [EXEC] STREAM_BUY_FILLED level_id=8
[17:56:42.289] [OK] [EXEC] CHUNK ADD qty=0.003100 entry=80530.20
[17:56:42.291] [INFO] [EXEC] CHUNK COUNT n=4
[17:56:42.553] [INFO] [EXEC] STREAM_SELL_PLACED stream_id=8 chunk_id=2709630672320 order_id=386649255 price=80530.50 qty=0.003100
[17:56:42.826] [INFO] [EXEC] STREAM_BUY_FILLED level_id=9
[17:56:42.829] [OK] [EXEC] CHUNK ADD qty=0.003100 entry=80530.10
[17:56:42.829] [INFO] [EXEC] CHUNK COUNT n=5
[17:56:43.119] [INFO] [EXEC] STREAM_SELL_PLACED stream_id=9 chunk_id=2709579938272 order_id=386649305 price=80530.40 qty=0.003100
[17:56:43.667] [INFO] [EXEC] STREAM_SELL_STATUS stream_id=4 chunk_id=2709630850528 order_id=386649207 status=FILLED
[17:56:43.668] [INFO] [EXEC] STREAM_SELL_FILLED stream_id=4 chunk_id=2709630850528 order_id=386649207
[17:56:43.668] [OK] [EXEC] FIFO CLOSE qty=0.003100 entry=80530.60 exit=80530.90 pnl=+0.000930
[17:56:43.670] [INFO] [EXEC] STREAM_PNL stream_id=4 pnl=+0.000930
[17:56:43.670] [OK] [EXEC] REALIZED pnl=+0.000930
[17:56:43.671] [INFO] [EXEC] STREAM_RECYCLED level_id=4
[17:56:43.671] [INFO] [EXEC] STREAM_RECYCLED stream_id=4
[17:56:43.932] [INFO] [EXEC] STREAM_SELL_STATUS stream_id=6 chunk_id=2709630677264 order_id=386649221 status=FILLED
[17:56:43.934] [INFO] [EXEC] STREAM_SELL_FILLED stream_id=6 chunk_id=2709630677264 order_id=386649221
[17:56:43.936] [OK] [EXEC] FIFO CLOSE qty=0.003100 entry=80530.40 exit=80530.70 pnl=+0.000930
[17:56:43.938] [INFO] [EXEC] STREAM_PNL stream_id=6 pnl=+0.000930
[17:56:43.941] [OK] [EXEC] REALIZED pnl=+0.000930
[17:56:43.943] [INFO] [EXEC] STREAM_RECYCLED level_id=6
[17:56:43.945] [INFO] [EXEC] STREAM_RECYCLED stream_id=6
[17:56:44.214] [INFO] [EXEC] STREAM_SELL_STATUS stream_id=7 chunk_id=2709630680384 order_id=386649234 status=FILLED
[17:56:44.218] [INFO] [EXEC] STREAM_SELL_FILLED stream_id=7 chunk_id=2709630680384 order_id=386649234
[17:56:44.221] [OK] [EXEC] FIFO CLOSE qty=0.003100 entry=80530.30 exit=80530.60 pnl=+0.000930
[17:56:44.223] [INFO] [EXEC] STREAM_PNL stream_id=7 pnl=+0.000930
[17:56:44.224] [OK] [EXEC] REALIZED pnl=+0.000930
[17:56:44.225] [INFO] [EXEC] STREAM_RECYCLED level_id=7
[17:56:44.226] [INFO] [EXEC] STREAM_RECYCLED stream_id=7
[17:56:44.495] [INFO] [EXEC] STREAM_SELL_STATUS stream_id=8 chunk_id=2709630672320 order_id=386649255 status=FILLED
[17:56:44.497] [INFO] [EXEC] STREAM_SELL_FILLED stream_id=8 chunk_id=2709630672320 order_id=386649255
[17:56:44.498] [OK] [EXEC] FIFO CLOSE qty=0.003100 entry=80530.20 exit=80530.50 pnl=+0.000930
[17:56:44.500] [INFO] [EXEC] STREAM_PNL stream_id=8 pnl=+0.000930
[17:56:44.502] [OK] [EXEC] REALIZED pnl=+0.000930
[17:56:44.503] [INFO] [EXEC] STREAM_RECYCLED level_id=8
[17:56:44.505] [INFO] [EXEC] STREAM_RECYCLED stream_id=8
[17:56:44.801] [INFO] [EXEC] STREAM_SELL_STATUS stream_id=9 chunk_id=2709579938272 order_id=386649305 status=FILLED
[17:56:44.803] [INFO] [EXEC] STREAM_SELL_FILLED stream_id=9 chunk_id=2709579938272 order_id=386649305
[17:56:44.806] [OK] [EXEC] FIFO CLOSE qty=0.003100 entry=80530.10 exit=80530.40 pnl=+0.000930
[17:56:44.807] [INFO] [EXEC] STREAM_PNL stream_id=9 pnl=+0.000930
[17:56:44.808] [OK] [EXEC] REALIZED pnl=+0.000930
[17:56:44.809] [INFO] [EXEC] STREAM_RECYCLED level_id=9
[17:56:44.810] [INFO] [EXEC] STREAM_RECYCLED stream_id=9
[17:56:44.811] [WARNING] [EXEC] BLOCK_BUY reason=ws_stale mode=FAST ws_age=4875 spread=4.45 stable=1/1 mid_delta=0.00 bid_delta=0.00
[17:56:45.515] [WARNING] [HEALTH] block spread_too_young lifetime=0
[17:56:45.517] [WARNING] [HEALTH] unstable_spread lifetime=0
[17:56:45.518] [WARNING] [EXEC] BLOCK_BUY reason=spread_too_young mode=FAST ws_age=704 spread=9.52 stable=1/1 mid_delta=0.00 bid_delta=0.00
[17:56:46.295] [INFO] [EXEC] STREAM_BUY_FILLED level_id=10
[17:56:46.299] [OK] [EXEC] CHUNK ADD qty=0.003100 entry=80530.00
[17:56:46.300] [INFO] [EXEC] CHUNK COUNT n=1
[17:56:46.564] [INFO] [EXEC] STREAM_SELL_PLACED stream_id=10 chunk_id=2709630674912 order_id=386649455 price=80530.30 qty=0.003100
[17:56:46.848] [INFO] [EXEC] STREAM_SELL_STATUS stream_id=10 chunk_id=2709630674912 order_id=386649455 status=NEW
[17:56:46.849] [WARNING] [EXEC] STATE REPAIR reason=inventory_cannot_be_flat
[17:56:46.851] [INFO] [EXEC] EXIT RECOVERY inventory_no_sell qty=0.003100
[17:56:47.153] [INFO] [EXEC] STREAM_GLOBAL_SELL_SKIP reason=adopt_stream_sell orderId=386649455
[17:56:48.085] [INFO] [EXEC] STREAM_SELL_STATUS stream_id=10 chunk_id=2709630674912 order_id=386649455 status=NEW
[17:56:48.381] [WARNING] [EXEC] PLACE_SELL_STUCK_RECOVERY qty=0.003090
[17:56:48.649] [INFO] [EXEC] STREAM_GLOBAL_SELL_SKIP reason=sell_watchdog_far_cancel orderId=386649455
[17:56:49.766] [INFO] [EXEC] STREAM_SELL_STATUS stream_id=10 chunk_id=2709630674912 order_id=386649455 status=NEW
[17:56:50.031] [INFO] [EXEC] STREAM_GLOBAL_SELL_SKIP reason=sell_watchdog_far_cancel orderId=386649455
[17:56:50.813] [INFO] [EXEC] STREAM_SELL_STATUS stream_id=10 chunk_id=2709630674912 order_id=386649455 status=NEW
[17:56:51.105] [INFO] [EXEC] STREAM_GLOBAL_SELL_SKIP reason=sell_watchdog_far_cancel orderId=386649455
[17:56:51.861] [INFO] [EXEC] STREAM_SELL_STATUS stream_id=10 chunk_id=2709630674912 order_id=386649455 status=NEW
[17:56:52.145] [WARNING] [EXEC] PLACE_SELL_STUCK_RECOVERY qty=0.003090
[17:56:52.426] [INFO] [EXEC] STREAM_GLOBAL_SELL_SKIP reason=sell_watchdog_far_cancel orderId=386649455
[17:56:53.065] [INFO] [EXEC] STREAM_SELL_STATUS stream_id=10 chunk_id=2709630674912 order_id=386649455 status=NEW
[17:56:53.375] [INFO] [EXEC] STREAM_GLOBAL_SELL_SKIP reason=sell_watchdog_far_cancel orderId=386649455
[17:56:54.064] [INFO] [EXEC] STREAM_SELL_STATUS stream_id=10 chunk_id=2709630674912 order_id=386649455 status=NEW
[17:56:54.430] [INFO] [EXEC] STREAM_GLOBAL_SELL_SKIP reason=sell_watchdog_far_cancel orderId=386649455
[17:56:55.255] [INFO] [EXEC] STREAM_SELL_STATUS stream_id=10 chunk_id=2709630674912 order_id=386649455 status=NEW
[17:56:55.548] [WARNING] [EXEC] PLACE_SELL_STUCK_RECOVERY qty=0.003090
[17:56:55.812] [INFO] [EXEC] STREAM_GLOBAL_SELL_SKIP reason=sell_watchdog_far_cancel orderId=386649455
[17:56:56.594] [INFO] [EXEC] STREAM_SELL_STATUS stream_id=10 chunk_id=2709630674912 order_id=386649455 status=NEW
[17:56:56.876] [INFO] [EXEC] STREAM_GLOBAL_SELL_SKIP reason=sell_watchdog_far_cancel orderId=386649455
[17:56:57.572] [INFO] [EXEC] STREAM_SELL_STATUS stream_id=10 chunk_id=2709630674912 order_id=386649455 status=NEW
[17:56:57.913] [INFO] [EXEC] STREAM_GLOBAL_SELL_SKIP reason=sell_watchdog_far_cancel orderId=386649455
[17:56:58.807] [INFO] [EXEC] STREAM_SELL_STATUS stream_id=10 chunk_id=2709630674912 order_id=386649455 status=NEW
[17:56:59.089] [WARNING] [EXEC] PLACE_SELL_STUCK_RECOVERY qty=0.003090
[17:56:59.357] [INFO] [EXEC] STREAM_GLOBAL_SELL_SKIP reason=sell_watchdog_far_cancel orderId=386649455
[17:57:00.066] [INFO] [EXEC] STREAM_SELL_STATUS stream_id=10 chunk_id=2709630674912 order_id=386649455 status=NEW
[17:57:00.358] [INFO] [EXEC] STREAM_GLOBAL_SELL_SKIP reason=sell_watchdog_far_cancel orderId=386649455
[17:57:01.064] [INFO] [EXEC] STREAM_SELL_STATUS stream_id=10 chunk_id=2709630674912 order_id=386649455 status=NEW
[17:57:01.332] [INFO] [EXEC] STREAM_GLOBAL_SELL_SKIP reason=sell_watchdog_far_cancel orderId=386649455
[17:57:02.055] [INFO] [EXEC] STREAM_SELL_STATUS stream_id=10 chunk_id=2709630674912 order_id=386649455 status=NEW
[17:57:02.364] [WARNING] [EXEC] PLACE_SELL_STUCK_RECOVERY qty=0.003090
[17:57:02.714] [INFO] [EXEC] STREAM_GLOBAL_SELL_SKIP reason=sell_watchdog_far_cancel orderId=386649455
[17:57:04.024] [INFO] [EXEC] STREAM_SELL_STATUS stream_id=10 chunk_id=2709630674912 order_id=386649455 status=NEW
[17:57:04.332] [INFO] [EXEC] STREAM_GLOBAL_SELL_SKIP reason=sell_watchdog_far_cancel orderId=386649455
[17:57:05.130] [INFO] [EXEC] STREAM_SELL_STATUS stream_id=10 chunk_id=2709630674912 order_id=386649455 status=NEW
[17:57:05.405] [INFO] [EXEC] STREAM_GLOBAL_SELL_SKIP reason=sell_watchdog_far_cancel orderId=386649455
[17:57:06.093] [INFO] [EXEC] STREAM_SELL_STATUS stream_id=10 chunk_id=2709630674912 order_id=386649455 status=NEW
[17:57:06.364] [WARNING] [EXEC] PLACE_SELL_STUCK_RECOVERY qty=0.003090
[17:57:06.913] [INFO] [EXEC] SELL CHECK inventory=0.003100 reported=0.000000 remaining=0.003090 chunks=1
[17:57:06.917] [INFO] [EXEC] SELL_REPRICE_FRESH_APPLIED old=80530.60 new=80521.97 ask=80522.00 bid=80520.40
[17:57:06.919] [INFO] [EXEC] SELL_REPRICE_VALIDATION old=80530.60 new=80521.97 ask=80522.00 dist_ticks=2 source=fresh_snapshot
[17:57:06.920] [WARNING] [EXEC] SELL_FLOOR_BLOCKED price=80521.97 floor=80530.10 entry=80530.00 reason=below_min_profit source=fresh_after_far_cancel
[17:57:06.922] [INFO] [EXEC] PLACE_SELL_SOURCE source=fresh_after_far_cancel price=80530.10
[17:57:06.923] [OK] [EXEC] PLACE SELL price=80530.10 qty=0.003090
[17:57:07.219] [WARNING] [EXEC] SELL_HOLD_RECOVERY_START orderId=386650282 entry=80530.00 floor=80530.10 ask=80522.00
[17:57:07.220] [OK] [EXEC] SELL ORDER SENT orderId=386650282
[17:57:08.038] [OK] [SYNC] order filled detected
[17:57:08.038] [OK] [SYNC] SELL filled on exchange
[17:57:08.038] [OK] [EXEC] FIFO CLOSE qty=0.003090 entry=80530.00 exit=80530.10 pnl=+0.000309
[17:57:08.039] [INFO] [EXEC] CHUNK DRAINED
[17:57:08.040] [OK] [EXEC] REALIZED pnl=+0.000309
[17:57:08.040] [INFO] [EXEC] SELL ACCOUNTING RESET flat
[17:57:08.040] [OK] [EXEC] CYCLE CLOSED pnl=+0.010539
[17:57:08.041] [INFO] [EXEC] SESSION realized=+0.013636 wins=3 losses=0
[17:57:08.300] [INFO] [EXEC] STREAM_SELL_STATUS stream_id=10 chunk_id=2709630674912 order_id=386649455 status=FILLED
[17:57:08.305] [INFO] [HEALTH] state=GOOD
[17:57:08.305] [INFO] [EXEC] STREAM_MODE_ACTIVE_SKIP_SINGLE_ENTRY
[17:57:08.567] [INFO] [EXEC] STREAM_BUY_PLACED level_id=4 order_id=386650350
[17:57:08.569] [OK] [EXEC] PLACE BUY price=80530.60 qty=0.003100
[17:57:08.867] [INFO] [EXEC] STREAM_BUY_PLACED level_id=6 order_id=386650363
[17:57:08.868] [OK] [EXEC] PLACE BUY price=80530.40 qty=0.003100
[17:57:09.147] [INFO] [EXEC] STREAM_BUY_PLACED level_id=7 order_id=386650379
[17:57:09.152] [OK] [EXEC] PLACE BUY price=80530.30 qty=0.003100
[17:57:09.845] [INFO] [EXEC] STREAM_BUY_FILLED level_id=4
[17:57:09.849] [OK] [EXEC] CHUNK ADD qty=0.003100 entry=80530.60
[17:57:09.852] [INFO] [EXEC] CHUNK COUNT n=1
[17:57:10.118] [INFO] [EXEC] STREAM_SELL_PLACED stream_id=4 chunk_id=2709630668912 order_id=386650388 price=80530.90 qty=0.003100
[17:57:10.398] [INFO] [EXEC] STREAM_BUY_FILLED level_id=6
[17:57:10.399] [OK] [EXEC] CHUNK ADD qty=0.003100 entry=80530.40
[17:57:10.400] [INFO] [EXEC] CHUNK COUNT n=2
[17:57:10.705] [INFO] [EXEC] STREAM_SELL_PLACED stream_id=6 chunk_id=2709579929920 order_id=386650401 price=80530.70 qty=0.003100
[17:57:11.018] [INFO] [EXEC] STREAM_BUY_FILLED level_id=7
[17:57:11.022] [OK] [EXEC] CHUNK ADD qty=0.003100 entry=80530.30
[17:57:11.024] [INFO] [EXEC] CHUNK COUNT n=3
[17:57:11.385] [INFO] [EXEC] STREAM_SELL_PLACED stream_id=7 chunk_id=2709630675440 order_id=386650413 price=80530.60 qty=0.003100
[17:57:11.651] [INFO] [EXEC] STREAM_SELL_STATUS stream_id=4 chunk_id=2709630668912 order_id=386650388 status=FILLED
[17:57:11.654] [INFO] [EXEC] STREAM_SELL_FILLED stream_id=4 chunk_id=2709630668912 order_id=386650388
[17:57:11.655] [OK] [EXEC] FIFO CLOSE qty=0.003100 entry=80530.60 exit=80530.90 pnl=+0.000930
[17:57:11.656] [INFO] [EXEC] STREAM_PNL stream_id=4 pnl=+0.000930
[17:57:11.658] [OK] [EXEC] REALIZED pnl=+0.000930
[17:57:11.659] [INFO] [EXEC] STREAM_RECYCLED level_id=4
[17:57:11.660] [INFO] [EXEC] STREAM_RECYCLED stream_id=4
[17:57:11.939] [INFO] [EXEC] STREAM_SELL_STATUS stream_id=6 chunk_id=2709579929920 order_id=386650401 status=FILLED
[17:57:11.940] [INFO] [EXEC] STREAM_SELL_FILLED stream_id=6 chunk_id=2709579929920 order_id=386650401
[17:57:11.941] [OK] [EXEC] FIFO CLOSE qty=0.003100 entry=80530.40 exit=80530.70 pnl=+0.000930
[17:57:11.942] [INFO] [EXEC] STREAM_PNL stream_id=6 pnl=+0.000930
[17:57:11.942] [OK] [EXEC] REALIZED pnl=+0.000930
[17:57:11.943] [INFO] [EXEC] STREAM_RECYCLED level_id=6
[17:57:11.943] [INFO] [EXEC] STREAM_RECYCLED stream_id=6
[17:57:12.219] [INFO] [EXEC] STREAM_SELL_STATUS stream_id=7 chunk_id=2709630675440 order_id=386650413 status=NEW
[17:57:12.222] [WARNING] [EXEC] STATE REPAIR reason=inventory_cannot_be_flat
[17:57:12.223] [INFO] [EXEC] EXIT RECOVERY inventory_no_sell qty=0.003100
[17:57:12.517] [INFO] [EXEC] STREAM_GLOBAL_SELL_SKIP reason=adopt_stream_sell orderId=386650413
[17:57:12.878] [WARNING] [EXEC] SELL_QTY_CLAMP inventory=0.003100 free=0.000037 final=0.000037
[17:57:13.175] [INFO] [EXEC] STREAM_SELL_STATUS stream_id=7 chunk_id=2709630675440 order_id=386650413 status=NEW
[17:57:13.751] [INFO] [EXEC] SELL CHECK inventory=0.003100 reported=0.000000 remaining=0.000037 chunks=1
[17:57:13.752] [WARNING] [EXEC] EXIT_BLOCKED_NO_SELLABLE_QTY inventory=0.003100 free=0.000037 safe=0.000037 reason=dust_or_locked_balance
[17:57:14.394] [INFO] [EXEC] STREAM_SELL_STATUS stream_id=7 chunk_id=2709630675440 order_id=386650413 status=FILLED
[17:57:14.395] [INFO] [EXEC] STREAM_SELL_FILLED stream_id=7 chunk_id=2709630675440 order_id=386650413
[17:57:14.395] [OK] [EXEC] FIFO CLOSE qty=0.003100 entry=80530.30 exit=80530.60 pnl=+0.000930
[17:57:14.396] [INFO] [EXEC] STREAM_PNL stream_id=7 pnl=+0.000930
[17:57:14.396] [OK] [EXEC] REALIZED pnl=+0.000930
[17:57:14.397] [INFO] [EXEC] STREAM_RECYCLED level_id=7
[17:57:14.397] [INFO] [EXEC] STREAM_RECYCLED stream_id=7
