[12:31:20.939] [OK] filters loaded
[12:31:22.281] [INFO] START_CLICK received enabled=True api_ready=True running=False
[12:31:22.282] [INFO] START_SETTINGS live_enabled=True guard_mode=FAST entry_mode=AGGRESSIVE exit_engine=True order_size=4000.0
[12:31:22.283] [INFO] START_PROFILE order_size=4000.0 min_spread=7.0 guard_mode=FAST entry_mode=AGGRESSIVE sell_timeout=2200 far_sell_ticks=30 taker_exit_after_ms=1600
[12:31:22.283] [INFO] SETTINGS_MERGE_PRESERVE existing_values=true missing_added=0
[12:31:22.780] [EXCHANGE] symbol=BTCU base=BTC quote=U status=TRADING permissions=[]
[12:31:22.788] [OK] START
[12:31:22.793] [OK] START_OK runtime_started
[12:31:23.557] [INFO] [EXEC] LIVE ON
[12:31:23.560] [INFO] [EXEC] WAIT READY
[12:31:23.562] [WARNING] [HEALTH] block spread_too_young lifetime=0
[12:31:23.564] [WARNING] [HEALTH] unstable_spread lifetime=0
[12:31:23.565] [WARNING] [EXEC] BLOCK_BUY reason=ws_stale mode=FAST ws_age=None spread=16.71 stable=1/1 mid_delta=0.00 bid_delta=0.00
[12:31:23.567] [WS] primary url=wss://stream.binance.com:9443/ws/btcu@bookTicker
[12:31:23.568] [WS] connecting primary
[12:31:23.734] [WARNING] [HEALTH] block spread_too_young lifetime=178
[12:31:23.739] [OK] [PLAN] HOT entry=80700.07 exit=80715.28 profit=0.753808 age=178ms
[12:31:24.530] [WS] connected
[12:31:25.283] [INFO] [EXEC] SELL ACCOUNTING RESET new_cycle
[12:31:25.287] [OK] [EXEC] BUY ORDER SENT orderId=385381792 price=80699.01 qty=0.049560
[12:31:25.288] [OK] [EXEC] PLACE BUY price=80699.01 qty=0.049560
[12:31:25.808] [OK] [SYNC] order filled detected
[12:31:25.811] [OK] [SYNC] BUY filled on exchange
[12:31:25.812] [OK] [EXEC] BUY FILL UPDATE delta=0.049560 avg=80699.01
[12:31:25.815] [OK] [EXEC] CHUNK ADD qty=0.049560 entry=80699.01
[12:31:25.817] [INFO] [EXEC] CHUNK COUNT n=1
[12:31:25.819] [OK] [EXEC] INVENTORY qty=0.049560
[12:31:25.822] [OK] [EXEC] SELL REQUIRED inventory=0.049560
[12:31:26.798] [INFO] [EXEC] SELL CHECK inventory=0.049560 reported=0.000000 remaining=0.049560 chunks=1
[12:31:26.802] [INFO] [EXEC] PLACE_SELL_SOURCE source=plan price=80701.38
[12:31:26.805] [OK] [EXEC] PLACE SELL price=80701.38 qty=0.049560
[12:31:27.067] [OK] [EXEC] SELL ORDER SENT orderId=385381992
[12:31:27.623] [OK] [SYNC] order filled detected
[12:31:27.626] [OK] [SYNC] SELL filled on exchange
[12:31:27.627] [OK] [EXEC] FIFO CLOSE qty=0.049560 entry=80699.01 exit=80701.38 pnl=+0.117457
[12:31:27.630] [INFO] [EXEC] CHUNK DRAINED
[12:31:27.634] [OK] [EXEC] REALIZED pnl=+0.117457
[12:31:27.636] [INFO] [EXEC] SELL ACCOUNTING RESET flat
[12:31:27.638] [OK] [EXEC] CYCLE CLOSED pnl=+0.117457
[12:31:27.640] [INFO] [EXEC] SESSION realized=+0.117457 wins=1 losses=0
[12:31:28.541] [INFO] [EXEC] SELL ACCOUNTING RESET new_cycle
[12:31:28.544] [OK] [EXEC] BUY ORDER SENT orderId=385382176 price=80700.94 qty=0.049560
[12:31:28.545] [OK] [EXEC] PLACE BUY price=80700.94 qty=0.049560
[12:31:29.554] [OK] [EXEC] BUY FILL UPDATE delta=0.049560 avg=80700.94
[12:31:29.556] [OK] [EXEC] CHUNK ADD qty=0.049560 entry=80700.94
[12:31:29.558] [INFO] [EXEC] CHUNK COUNT n=1
[12:31:29.559] [OK] [EXEC] INVENTORY qty=0.049560
[12:31:29.560] [OK] [EXEC] SELL REQUIRED inventory=0.049560
[12:31:29.561] [OK] [EXEC] BUY PARTIAL delta=0.049560 total=0.049560
[12:31:29.562] [OK] [EXEC] BUY REMAINING qty=0.000000
[12:31:29.563] [OK] [EXEC] BUY FILLED id=385382176
[12:31:29.565] [OK] [PLAN] HOT entry=80700.06 exit=80713.50 profit=0.666086 age=1014ms
[12:31:30.096] [OK] [SYNC] order filled detected
[12:31:30.099] [OK] [SYNC] BUY filled on exchange
[12:31:31.294] [INFO] [EXEC] SELL CHECK inventory=0.049560 reported=0.000000 remaining=0.049560 chunks=1
[12:31:31.296] [INFO] [EXEC] PLACE_SELL_SOURCE source=plan price=80703.75
[12:31:31.297] [OK] [EXEC] PLACE SELL price=80703.75 qty=0.049560
[12:31:31.569] [OK] [EXEC] SELL ORDER SENT orderId=385382485
[12:31:33.859] [INFO] [EXEC] SELL_WATCHDOG_SYNC orderId=385382485 status=NEW
[12:31:33.862] [WARNING] [EXEC] SELL_WATCHDOG_FAR_CANCEL orderId=385382485 price=80703.75 ask=80701.89 dist_ticks=186
[12:31:34.385] [INFO] [EXEC] SELL_FAR_CANCEL_FINAL_STATUS status=CANCELED
[12:31:35.796] [INFO] [EXEC] SELL CHECK inventory=0.049560 reported=0.000000 remaining=0.049560 chunks=1
[12:31:35.799] [INFO] [EXEC] SELL_REPRICE_FRESH_APPLIED old=80703.75 new=80696.17 ask=80696.19 bid=80690.88
[12:31:35.800] [INFO] [EXEC] SELL_REPRICE_VALIDATION old=80703.75 new=80696.17 ask=80696.19 dist_ticks=2 source=fresh_snapshot
[12:31:35.801] [WARNING] [EXEC] SELL_FLOOR_BLOCKED price=80696.17 floor=80700.95 entry=80700.94 reason=below_min_profit source=fresh_after_far_cancel
[12:31:35.802] [INFO] [EXEC] PLACE_SELL_SOURCE source=fresh_after_far_cancel price=80700.95
[12:31:35.803] [OK] [EXEC] PLACE SELL price=80700.95 qty=0.049560
[12:31:36.078] [WARNING] [EXEC] SELL_HOLD_RECOVERY_START orderId=385382816 entry=80700.94 floor=80700.95 ask=80696.19
[12:31:36.082] [OK] [EXEC] SELL ORDER SENT orderId=385382816
[12:31:38.720] [INFO] [EXEC] SELL_WATCHDOG_SYNC orderId=385382816 status=NEW
[12:31:38.723] [INFO] [EXEC] SELL_WATCHDOG_FAR_IGNORE orderId=385382816 reason=protected_sell dist_ticks=1978
[12:31:39.626] [WARNING] [EXEC] TAKER_EXIT_TRIGGER reason=force_flat_after_ms age=3563 qty=0.049560
[12:31:39.629] [WARNING] [EXEC] TAKER_EXIT_CANCEL_MAKER orderId=385382816
[12:31:40.418] [INFO] [EXEC] PLACE_SELL_SOURCE source=taker price=80659.06
[12:31:40.687] [WARNING] [EXEC] TAKER_EXIT_ORDER_SENT id=385383223 price=80659.06 qty=0.049560
[12:31:41.387] [WARNING] [SYNC] desync fixed
[12:31:41.391] [INFO] [EXEC] EXIT RECOVERY inventory_no_sell qty=0.049560
[12:31:41.394] [WARNING] [EXEC] SELL_PENDING_WITHOUT_ORDER_FIXED
[12:31:41.925] [INFO] [EXEC] SELL CHECK inventory=0.049560 reported=0.000000 remaining=0.049560 chunks=1
[12:31:41.929] [INFO] [EXEC] PLACE_SELL_SOURCE source=plan price=80700.96
[12:31:41.932] [OK] [EXEC] PLACE SELL price=80700.96 qty=0.049560
[12:31:42.203] [OK] [EXEC] SELL ORDER SENT orderId=385383395
[12:31:42.210] [OK] [PLAN] HOT entry=80651.32 exit=80662.26 profit=0.542515 age=2026ms
[12:31:44.135] [INFO] [EXEC] SELL_WATCHDOG_SYNC orderId=385383395 status=NEW
[12:31:44.139] [WARNING] [EXEC] SELL_WATCHDOG_FAR_CANCEL orderId=385383395 price=80700.96 ask=80658.00 dist_ticks=4296
[12:31:44.682] [INFO] [EXEC] SELL_FAR_CANCEL_FINAL_STATUS status=CANCELED
[12:31:45.660] [INFO] [EXEC] SELL CHECK inventory=0.049560 reported=0.000000 remaining=0.049560 chunks=1
[12:31:45.663] [INFO] [EXEC] SELL_REPRICE_FRESH_APPLIED old=80700.96 new=80652.42 ask=80652.43 bid=80638.79
[12:31:45.666] [INFO] [EXEC] SELL_REPRICE_VALIDATION old=80700.96 new=80652.42 ask=80652.43 dist_ticks=0 source=fresh_snapshot
[12:31:45.668] [WARNING] [EXEC] SELL_FLOOR_BLOCKED price=80652.42 floor=80700.95 entry=80700.94 reason=below_min_profit source=fresh_after_far_cancel
[12:31:45.670] [INFO] [EXEC] PLACE_SELL_SOURCE source=fresh_after_far_cancel price=80700.95
[12:31:45.671] [OK] [EXEC] PLACE SELL price=80700.95 qty=0.049560
[12:31:45.936] [WARNING] [EXEC] SELL_HOLD_RECOVERY_START orderId=385383808 entry=80700.94 floor=80700.95 ask=80652.43
[12:31:45.939] [OK] [EXEC] SELL ORDER SENT orderId=385383808
[12:31:45.942] [OK] [PLAN] HOT entry=80639.79 exit=80651.93 profit=0.602144 age=1245ms
[12:31:47.888] [INFO] [EXEC] SELL_WATCHDOG_SYNC orderId=385383808 status=NEW
[12:31:47.892] [INFO] [EXEC] SELL_WATCHDOG_FAR_IGNORE orderId=385383808 reason=protected_sell dist_ticks=6614
[12:31:48.898] [INFO] [EXEC] SELL_WATCHDOG_SYNC orderId=385383808 status=NEW
[12:31:52.689] [WARNING] [EXEC] EXIT_FAIL reason=taker_force_flat_failed force_exit
[12:31:52.693] [WARNING] [EXEC] CANCEL SELL orderId=385383808 reason=taker_force_flat_failed
[12:31:53.224] [WARNING] [EXEC] PANIC EXIT taker_force_flat_failed
[12:31:53.491] [WARNING] [EXEC] FORCE EXIT price=80649.98
[12:31:53.493] [INFO] [EXEC] PLACE_SELL_SOURCE source=panic price=80649.98
[12:31:53.494] [OK] [EXEC] PLACE SELL price=80649.98 qty=0.049560
[12:31:53.756] [WARNING] [EXEC] PANIC START price=80649.98
[12:31:53.758] [OK] [EXEC] SELL ORDER SENT orderId=385384806
[12:31:55.743] [INFO] [EXEC] SELL_WATCHDOG_SYNC orderId=385384806 status=NEW
[12:31:55.747] [WARNING] [EXEC] SELL_WATCHDOG_FAR_CANCEL orderId=385384806 price=80649.98 ask=80615.42 dist_ticks=3455
[12:31:56.273] [INFO] [EXEC] SELL_FAR_CANCEL_FINAL_STATUS status=CANCELED
[12:31:57.546] [INFO] [EXEC] SELL CHECK inventory=0.049560 reported=0.000000 remaining=0.049560 chunks=1
[12:31:57.550] [INFO] [EXEC] SELL_REPRICE_FRESH_APPLIED old=80649.98 new=80617.98 ask=80617.99 bid=80594.01
[12:31:57.552] [INFO] [EXEC] SELL_REPRICE_VALIDATION old=80649.98 new=80617.98 ask=80617.99 dist_ticks=1 source=fresh_snapshot
[12:31:57.554] [WARNING] [EXEC] SELL_FLOOR_BLOCKED price=80617.98 floor=80700.95 entry=80700.94 reason=below_min_profit source=fresh_after_far_cancel
[12:31:57.556] [INFO] [EXEC] PLACE_SELL_SOURCE source=fresh_after_far_cancel price=80700.95
[12:31:57.557] [OK] [EXEC] PLACE SELL price=80700.95 qty=0.049560
[12:31:57.818] [OK] [EXEC] SELL ORDER SENT orderId=385385243
[12:32:00.286] [INFO] [EXEC] SELL_WATCHDOG_SYNC orderId=385385243 status=NEW
[12:32:00.290] [INFO] [EXEC] SELL_WATCHDOG_FAR_IGNORE orderId=385385243 reason=protected_sell dist_ticks=7719
[12:32:01.802] [INFO] [EXEC] SELL_WATCHDOG_SYNC orderId=385385243 status=NEW
[12:32:05.659] [INFO] [EXEC] SELL_WATCHDOG_FAR_IGNORE orderId=385385243 reason=protected_sell dist_ticks=8295
[12:32:06.663] [INFO] [EXEC] SELL_WATCHDOG_SYNC orderId=385385243 status=NEW
[12:32:10.719] [INFO] [EXEC] SELL_WATCHDOG_FAR_IGNORE orderId=385385243 reason=protected_sell dist_ticks=6695
[12:32:11.742] [INFO] [EXEC] SELL_WATCHDOG_SYNC orderId=385385243 status=NEW
[12:32:16.029] [INFO] [EXEC] SELL_WATCHDOG_FAR_IGNORE orderId=385385243 reason=protected_sell dist_ticks=9453
[12:32:17.068] [INFO] [EXEC] SELL_WATCHDOG_SYNC orderId=385385243 status=NEW
[12:32:21.898] [INFO] [EXEC] SELL_WATCHDOG_FAR_IGNORE orderId=385385243 reason=protected_sell dist_ticks=4358
[12:32:22.884] [INFO] [EXEC] SELL_WATCHDOG_SYNC orderId=385385243 status=NEW
[12:32:27.179] [INFO] [EXEC] SELL_WATCHDOG_FAR_IGNORE orderId=385385243 reason=protected_sell dist_ticks=2830
[12:32:28.183] [INFO] [EXEC] SELL_WATCHDOG_SYNC orderId=385385243 status=NEW
[12:32:32.957] [INFO] [EXEC] SELL_WATCHDOG_FAR_IGNORE orderId=385385243 reason=protected_sell dist_ticks=2837
[12:32:34.990] [INFO] [EXEC] SELL_WATCHDOG_SYNC orderId=385385243 status=NEW
[12:32:38.222] [INFO] [EXEC] SELL_WATCHDOG_FAR_IGNORE orderId=385385243 reason=protected_sell dist_ticks=3567
[12:32:39.031] [OK] [PLAN] HOT entry=80661.09 exit=80667.06 profit=0.296052 age=3037ms
[12:32:40.036] [INFO] [EXEC] SELL_WATCHDOG_SYNC orderId=385385243 status=NEW
[12:32:44.233] [INFO] [EXEC] SELL_WATCHDOG_FAR_IGNORE orderId=385385243 reason=protected_sell dist_ticks=4125
[12:32:46.122] [INFO] [EXEC] SELL_WATCHDOG_SYNC orderId=385385243 status=NEW
[12:32:50.415] [INFO] [EXEC] SELL_WATCHDOG_FAR_IGNORE orderId=385385243 reason=protected_sell dist_ticks=3819
[12:32:51.436] [INFO] [EXEC] SELL_WATCHDOG_SYNC orderId=385385243 status=NEW
[12:32:56.723] [INFO] [EXEC] SELL_WATCHDOG_FAR_IGNORE orderId=385385243 reason=protected_sell dist_ticks=7075
[12:32:57.760] [INFO] [EXEC] SELL_WATCHDOG_SYNC orderId=385385243 status=NEW
[12:32:58.747] [OK] [PLAN] HOT entry=80615.39 exit=80622.98 profit=0.376540 age=2021ms
[12:32:59.769] [INFO] [EXEC] SELL_WATCHDOG_SYNC orderId=385385243 status=NEW
[12:33:01.743] [INFO] [EXEC] SELL_WATCHDOG_FAR_IGNORE orderId=385385243 reason=protected_sell dist_ticks=6694
[12:33:04.339] [INFO] [EXEC] SELL_WATCHDOG_SYNC orderId=385385243 status=NEW
[12:33:06.824] [INFO] [EXEC] SELL_WATCHDOG_FAR_IGNORE orderId=385385243 reason=protected_sell dist_ticks=4859
[12:33:07.851] [INFO] [EXEC] SELL_WATCHDOG_SYNC orderId=385385243 status=NEW
[12:33:08.601] [OK] [PLAN] HOT entry=80645.53 exit=80661.91 profit=0.812284 age=741ms
[12:33:09.631] [INFO] [EXEC] SELL_WATCHDOG_SYNC orderId=385385243 status=NEW
[12:33:12.663] [INFO] [EXEC] SELL_WATCHDOG_FAR_IGNORE orderId=385385243 reason=protected_sell dist_ticks=3494
[12:33:13.671] [INFO] [EXEC] SELL_WATCHDOG_SYNC orderId=385385243 status=NEW
[12:33:18.501] [INFO] [EXEC] SELL_WATCHDOG_FAR_IGNORE orderId=385385243 reason=protected_sell dist_ticks=1094
[12:33:19.541] [INFO] [EXEC] SELL_WATCHDOG_SYNC orderId=385385243 status=NEW
[12:33:21.566] [OK] [SYNC] order filled detected
[12:33:21.569] [OK] [SYNC] SELL filled on exchange
[12:33:21.570] [OK] [EXEC] FIFO CLOSE qty=0.049560 entry=80700.94 exit=80700.95 pnl=+0.000496
[12:33:21.574] [INFO] [EXEC] CHUNK DRAINED
[12:33:21.576] [OK] [EXEC] REALIZED pnl=+0.000496
[12:33:21.579] [INFO] [EXEC] SELL ACCOUNTING RESET flat
[12:33:21.581] [OK] [EXEC] CYCLE CLOSED pnl=+0.000496
[12:33:21.582] [INFO] [EXEC] SESSION realized=+0.117953 wins=2 losses=0
[12:33:21.584] [INFO] [HEALTH] state=GOOD
[12:33:21.848] [INFO] [EXEC] SELL ACCOUNTING RESET new_cycle
[12:33:21.850] [OK] [EXEC] BUY ORDER SENT orderId=385392604 price=80686.73 qty=0.049570
[12:33:21.852] [OK] [EXEC] PLACE BUY price=80686.73 qty=0.049570
[12:33:22.570] [OK] [SYNC] order filled detected
[12:33:22.573] [OK] [SYNC] BUY filled on exchange
[12:33:22.574] [OK] [EXEC] BUY FILL UPDATE delta=0.049570 avg=80686.73
[12:33:22.575] [OK] [EXEC] CHUNK ADD qty=0.049570 entry=80686.73
[12:33:22.576] [INFO] [EXEC] CHUNK COUNT n=1
[12:33:22.577] [OK] [EXEC] INVENTORY qty=0.049570
[12:33:22.579] [OK] [EXEC] SELL REQUIRED inventory=0.049570
[12:33:23.587] [INFO] [EXEC] SELL CHECK inventory=0.049570 reported=0.000000 remaining=0.049570 chunks=1
[12:33:23.589] [INFO] [EXEC] PLACE_SELL_SOURCE source=plan price=80697.82
[12:33:23.591] [OK] [EXEC] PLACE SELL price=80697.82 qty=0.049570
[12:33:23.854] [OK] [EXEC] SELL ORDER SENT orderId=385392742
[12:33:25.853] [INFO] [EXEC] SELL_WATCHDOG_SYNC orderId=385392742 status=PARTIALLY_FILLED
[12:33:25.856] [OK] [EXEC] FIFO CLOSE qty=0.049110 entry=80686.73 exit=80697.82 pnl=+0.544630
[12:33:25.859] [OK] [EXEC] REALIZED pnl=+0.544630
[12:33:25.860] [OK] [EXEC] SELL PARTIAL delta=0.049110
[12:33:25.862] [OK] [EXEC] INVENTORY remaining=0.000460
[12:33:25.863] [WARNING] [EXEC] PANIC PARTIAL filled=0.049110 remaining=0.000460
[12:33:26.575] [OK] [EXEC] FIFO CLOSE qty=0.000460 entry=80686.73 exit=80697.82 pnl=+0.005101
[12:33:26.578] [INFO] [EXEC] CHUNK DRAINED
[12:33:26.579] [OK] [EXEC] REALIZED pnl=+0.005101
[12:33:26.581] [INFO] [EXEC] SELL ACCOUNTING RESET flat
[12:33:26.582] [OK] [EXEC] CYCLE CLOSED pnl=+0.549731
[12:33:26.583] [INFO] [EXEC] SESSION realized=+0.667684 wins=3 losses=0
[12:33:26.585] [OK] [EXEC] EXIT_FILLED
[12:33:26.587] [INFO] [EXEC] SELL ACCOUNTING RESET flat
[12:33:26.590] [INFO] [EXEC] CYCLE SKIP no_fifo_pnl
[12:33:26.592] [OK] [EXEC] SELL FILLED id=385392742
[12:33:26.593] [OK] [EXEC] SELL FILLED qty=0.049570 remaining=0.000000
[12:33:26.595] [INFO] [EXEC] SELL ACCOUNTING RESET inventory_drained
[12:33:26.596] [INFO] [EXEC] INVENTORY DRAINED epsilon_cleanup qty=0.000000
[12:33:26.597] [INFO] [EXEC] SELL ACCOUNTING RESET flat
[12:33:26.598] [INFO] [EXEC] CYCLE SKIP no_fifo_pnl
[12:33:27.069] [INFO] [HEALTH] state=GOOD
[12:33:27.335] [INFO] [EXEC] SELL ACCOUNTING RESET new_cycle
[12:33:27.339] [OK] [EXEC] BUY ORDER SENT orderId=385393009 price=80688.26 qty=0.049570
[12:33:27.340] [OK] [EXEC] PLACE BUY price=80688.26 qty=0.049570
[12:33:28.342] [INFO] [EXEC] ENTRY_REPRICE reason=wide_spread_cross old=80688.26 new=80690.23 count=1
[12:33:28.872] [OK] [EXEC] ENTRY_PLACE price=80690.23 qty=0.049570
[12:33:29.860] [INFO] [EXEC] BUY_WATCHDOG_SYNC orderId=385393121 status=NEW
[12:33:29.862] [WARNING] [EXEC] BUY_WATCHDOG_FAR_CANCEL orderId=385393121 price=80690.23 bid=80693.92 dist_ticks=369
[12:33:31.354] [INFO] [EXEC] SELL ACCOUNTING RESET new_cycle
[12:33:31.358] [OK] [EXEC] BUY ORDER SENT orderId=385393435 price=80693.79 qty=0.049570
[12:33:31.360] [OK] [EXEC] PLACE BUY price=80693.79 qty=0.049570
[12:33:31.901] [OK] [SYNC] order filled detected
[12:33:31.903] [OK] [SYNC] BUY filled on exchange
[12:33:31.904] [OK] [EXEC] BUY FILL UPDATE delta=0.049570 avg=80693.79
[12:33:31.906] [OK] [EXEC] CHUNK ADD qty=0.049570 entry=80693.79
[12:33:31.908] [INFO] [EXEC] CHUNK COUNT n=1
[12:33:31.910] [OK] [EXEC] INVENTORY qty=0.049570
[12:33:31.912] [OK] [EXEC] SELL REQUIRED inventory=0.049570
[12:33:33.397] [INFO] [EXEC] SELL CHECK inventory=0.049570 reported=0.000000 remaining=0.049570 chunks=1
[12:33:33.402] [INFO] [EXEC] PLACE_SELL_SOURCE source=plan price=80693.81
[12:33:33.405] [OK] [EXEC] PLACE SELL price=80693.81 qty=0.049570
[12:33:33.692] [OK] [EXEC] SELL ORDER SENT orderId=385393726
[12:33:33.698] [OK] [PLAN] HOT entry=80676.01 exit=80687.36 profit=0.562733 age=1755ms
[12:33:35.182] [OK] [SYNC] order filled detected
[12:33:35.185] [OK] [SYNC] SELL filled on exchange
[12:33:35.186] [OK] [EXEC] FIFO CLOSE qty=0.049570 entry=80693.79 exit=80693.81 pnl=+0.000991
[12:33:35.186] [INFO] [EXEC] CHUNK DRAINED
[12:33:35.187] [OK] [EXEC] REALIZED pnl=+0.000991
[12:33:35.188] [INFO] [EXEC] SELL ACCOUNTING RESET flat
[12:33:35.191] [OK] [EXEC] CYCLE CLOSED pnl=+0.000991
[12:33:35.194] [INFO] [EXEC] SESSION realized=+0.668676 wins=4 losses=0
[12:33:35.355] [INFO] [HEALTH] state=GOOD
[12:33:35.627] [INFO] [EXEC] SELL ACCOUNTING RESET new_cycle
[12:33:35.631] [OK] [EXEC] BUY ORDER SENT orderId=385393846 price=80682.86 qty=0.049570
[12:33:35.634] [OK] [EXEC] PLACE BUY price=80682.86 qty=0.049570
[12:33:36.155] [OK] [SYNC] order filled detected
[12:33:36.158] [OK] [SYNC] BUY filled on exchange
[12:33:36.159] [OK] [EXEC] BUY FILL UPDATE delta=0.049570 avg=80682.86
[12:33:36.160] [OK] [EXEC] CHUNK ADD qty=0.049570 entry=80682.86
[12:33:36.161] [INFO] [EXEC] CHUNK COUNT n=1
[12:33:36.162] [OK] [EXEC] INVENTORY qty=0.049570
[12:33:36.163] [OK] [EXEC] SELL REQUIRED inventory=0.049570
[12:33:36.897] [INFO] [EXEC] SELL CHECK inventory=0.049570 reported=0.000000 remaining=0.049570 chunks=1
[12:33:36.899] [INFO] [EXEC] PLACE_SELL_SOURCE source=plan price=80682.88
[12:33:36.900] [OK] [EXEC] PLACE SELL price=80682.88 qty=0.049570
[12:33:37.171] [OK] [EXEC] SELL ORDER SENT orderId=385394022
[12:33:37.174] [OK] [PLAN] HOT entry=80673.79 exit=80680.31 profit=0.323262 age=1014ms
[12:33:38.253] [OK] [EXEC] FIFO CLOSE qty=0.049570 entry=80682.86 exit=80682.88 pnl=+0.000991
[12:33:38.256] [INFO] [EXEC] CHUNK DRAINED
[12:33:38.257] [OK] [EXEC] REALIZED pnl=+0.000991
[12:33:38.259] [INFO] [EXEC] SELL ACCOUNTING RESET flat
[12:33:38.261] [OK] [EXEC] CYCLE CLOSED pnl=+0.000991
[12:33:38.262] [INFO] [EXEC] SESSION realized=+0.669667 wins=5 losses=0
[12:33:38.264] [OK] [EXEC] EXIT_FILLED
[12:33:38.266] [INFO] [EXEC] SELL ACCOUNTING RESET flat
[12:33:38.269] [INFO] [EXEC] CYCLE SKIP no_fifo_pnl
[12:33:38.271] [OK] [EXEC] SELL FILLED id=385394022
[12:33:38.272] [OK] [EXEC] SELL FILLED qty=0.049570 remaining=0.000000
[12:33:38.274] [INFO] [EXEC] SELL ACCOUNTING RESET inventory_drained
[12:33:38.275] [INFO] [EXEC] INVENTORY DRAINED epsilon_cleanup qty=0.000000
[12:33:38.276] [INFO] [EXEC] SELL ACCOUNTING RESET flat
[12:33:38.278] [INFO] [EXEC] CYCLE SKIP no_fifo_pnl
[12:33:38.887] [INFO] [EXEC] SELL ACCOUNTING RESET new_cycle
[12:33:38.889] [OK] [EXEC] BUY ORDER SENT orderId=385394195 price=80679.78 qty=0.049570
[12:33:38.891] [OK] [EXEC] PLACE BUY price=80679.78 qty=0.049570
[12:33:39.429] [OK] [SYNC] order filled detected
[12:33:39.433] [OK] [SYNC] BUY filled on exchange
[12:33:39.434] [OK] [EXEC] BUY FILL UPDATE delta=0.049570 avg=80679.78
[12:33:39.437] [OK] [EXEC] CHUNK ADD qty=0.049570 entry=80679.78
[12:33:39.439] [INFO] [EXEC] CHUNK COUNT n=1
[12:33:39.442] [OK] [EXEC] INVENTORY qty=0.049570
[12:33:39.443] [OK] [EXEC] SELL REQUIRED inventory=0.049570
[12:33:40.198] [INFO] [EXEC] SELL CHECK inventory=0.049570 reported=0.000000 remaining=0.049570 chunks=1
[12:33:40.202] [INFO] [EXEC] PLACE_SELL_SOURCE source=plan price=80679.80
[12:33:40.205] [OK] [EXEC] PLACE SELL price=80679.80 qty=0.049570
[12:33:40.471] [OK] [EXEC] SELL ORDER SENT orderId=385394442
[12:33:40.478] [OK] [PLAN] HOT entry=80660.27 exit=80674.36 profit=0.698723 age=1038ms
[12:33:41.019] [OK] [SYNC] order filled detected
[12:33:41.021] [OK] [SYNC] SELL filled on exchange
[12:33:41.022] [OK] [EXEC] FIFO CLOSE qty=0.049570 entry=80679.78 exit=80679.80 pnl=+0.000991
[12:33:41.023] [INFO] [EXEC] CHUNK DRAINED
[12:33:41.024] [OK] [EXEC] REALIZED pnl=+0.000991
[12:33:41.025] [INFO] [EXEC] SELL ACCOUNTING RESET flat
[12:33:41.026] [OK] [EXEC] CYCLE CLOSED pnl=+0.000991
[12:33:41.028] [INFO] [EXEC] SESSION realized=+0.670658 wins=6 losses=0
[12:33:41.155] [INFO] [HEALTH] state=GOOD
[12:33:41.429] [INFO] [EXEC] SELL ACCOUNTING RESET new_cycle
[12:33:41.432] [OK] [EXEC] BUY ORDER SENT orderId=385394581 price=80676.21 qty=0.049580
[12:33:41.435] [OK] [EXEC] PLACE BUY price=80676.21 qty=0.049580
[12:33:41.977] [OK] [SYNC] order filled detected
[12:33:41.978] [OK] [SYNC] BUY filled on exchange
[12:33:41.979] [OK] [EXEC] BUY FILL UPDATE delta=0.049580 avg=80676.21
[12:33:41.980] [OK] [EXEC] CHUNK ADD qty=0.049580 entry=80676.21
[12:33:41.981] [INFO] [EXEC] CHUNK COUNT n=1
[12:33:41.982] [OK] [EXEC] INVENTORY qty=0.049580
[12:33:41.983] [OK] [EXEC] SELL REQUIRED inventory=0.049580
[12:33:42.710] [INFO] [EXEC] SELL CHECK inventory=0.049580 reported=0.000000 remaining=0.049570 chunks=1
[12:33:42.713] [INFO] [EXEC] PLACE_SELL_SOURCE source=plan price=80680.64
[12:33:42.716] [OK] [EXEC] PLACE SELL price=80680.64 qty=0.049570
[12:33:43.004] [OK] [EXEC] SELL ORDER SENT orderId=385394733
[12:33:43.536] [OK] [SYNC] order filled detected
[12:33:43.539] [OK] [SYNC] SELL filled on exchange
[12:33:43.541] [OK] [EXEC] FIFO CLOSE qty=0.049570 entry=80676.21 exit=80680.74 pnl=+0.224467
[12:33:43.545] [INFO] [EXEC] CHUNK DRAINED
[12:33:43.547] [OK] [EXEC] REALIZED pnl=+0.224467
[12:33:43.550] [INFO] [EXEC] SELL ACCOUNTING RESET flat
[12:33:43.552] [OK] [EXEC] CYCLE CLOSED pnl=+0.224467
[12:33:43.554] [INFO] [EXEC] SESSION realized=+0.895125 wins=7 losses=0
[12:33:43.935] [INFO] [EXEC] SELL ACCOUNTING RESET new_cycle
[12:33:43.938] [OK] [EXEC] BUY ORDER SENT orderId=385394817 price=80676.43 qty=0.049580
[12:33:43.939] [OK] [EXEC] PLACE BUY price=80676.43 qty=0.049580
[12:33:44.458] [OK] [SYNC] order filled detected
[12:33:44.460] [OK] [SYNC] BUY filled on exchange
[12:33:44.461] [OK] [EXEC] BUY FILL UPDATE delta=0.049580 avg=80676.43
[12:33:44.463] [OK] [EXEC] CHUNK ADD qty=0.049580 entry=80676.43
[12:33:44.464] [INFO] [EXEC] CHUNK COUNT n=1
[12:33:44.464] [OK] [EXEC] INVENTORY qty=0.049580
[12:33:44.465] [OK] [EXEC] SELL REQUIRED inventory=0.049580
[12:33:45.478] [INFO] [EXEC] SELL CHECK inventory=0.049580 reported=0.000000 remaining=0.049570 chunks=1
[12:33:45.479] [INFO] [EXEC] PLACE_SELL_SOURCE source=plan price=80676.45
[12:33:45.481] [OK] [EXEC] PLACE SELL price=80676.45 qty=0.049570
[12:33:45.775] [OK] [EXEC] SELL ORDER SENT orderId=385395092
[12:33:45.782] [OK] [PLAN] HOT entry=80645.25 exit=80661.90 profit=0.825673 age=1273ms
[12:33:46.695] [INFO] [EXEC] SELL UPSIZE old=0.049570 new=0.049580
[12:33:46.700] [WARNING] [EXEC] SELL TIMEOUT orderId=385395092
[12:33:46.703] [WARNING] [EXEC] CANCEL SELL orderId=385395092
[12:33:47.232] [INFO] [EXEC] SELL FINAL STATUS status=CANCELED orderId=385395092
[12:33:47.236] [INFO] [EXEC] SELL TIMEOUT check fast_exit
[12:33:47.239] [WARNING] [EXEC] FORCE EXIT hard_sl_triggered
[12:33:47.241] [ERROR] [EXEC] HARD SL triggered
[12:33:47.242] [WARNING] [EXEC] PANIC EXIT sl_mode
[12:33:47.517] [WARNING] [EXEC] FORCE EXIT price=80657.55
[12:33:47.522] [INFO] [EXEC] PLACE_SELL_SOURCE source=panic price=80657.55
[12:33:47.524] [OK] [EXEC] PLACE SELL price=80657.55 qty=0.049570
[12:33:47.785] [WARNING] [EXEC] PANIC START price=80657.55
[12:33:47.787] [OK] [EXEC] SELL ORDER SENT orderId=385395292
[12:33:48.740] [INFO] [EXEC] SELL_WATCHDOG_SYNC orderId=385395292 status=NEW
[12:33:48.744] [INFO] [EXEC] SELL_UPSIZE_SKIPPED reason=exit_or_panic_active
[12:33:49.768] [INFO] [EXEC] SELL_WATCHDOG_SYNC orderId=385395292 status=NEW
[12:33:49.772] [WARNING] [EXEC] SELL_WATCHDOG_FAR_CANCEL orderId=385395292 price=80657.55 ask=80650.68 dist_ticks=687
[12:33:50.303] [INFO] [EXEC] SELL_FAR_CANCEL_FINAL_STATUS status=CANCELED
[12:33:51.535] [INFO] [EXEC] SELL CHECK inventory=0.049580 reported=0.000000 remaining=0.049570 chunks=1
[12:33:51.536] [INFO] [EXEC] SELL_REPRICE_FRESH_APPLIED old=80657.55 new=80657.97 ask=80658.00 bid=80649.48
[12:33:51.537] [INFO] [EXEC] SELL_REPRICE_VALIDATION old=80657.55 new=80657.97 ask=80658.00 dist_ticks=2 source=fresh_snapshot
[12:33:51.537] [WARNING] [EXEC] SELL_FLOOR_BLOCKED price=80657.97 floor=80676.44 entry=80676.43 reason=below_min_profit source=fresh_after_far_cancel
[12:33:51.540] [INFO] [EXEC] PLACE_SELL_SOURCE source=fresh_after_far_cancel price=80676.44
[12:33:51.541] [OK] [EXEC] PLACE SELL price=80676.44 qty=0.049570
[12:33:51.809] [OK] [EXEC] SELL ORDER SENT orderId=385395559
[12:33:53.817] [INFO] [EXEC] SELL_WATCHDOG_SYNC orderId=385395559 status=NEW
[12:33:53.820] [INFO] [EXEC] SELL_WATCHDOG_FAR_IGNORE orderId=385395559 reason=protected_sell dist_ticks=366
[12:33:54.839] [INFO] [EXEC] SELL_WATCHDOG_SYNC orderId=385395559 status=NEW
[12:33:56.824] [WARNING] [EXEC] SELL_QTY_CLAMP inventory=0.049580 free=0.000027 final=0.000027
[12:33:57.093] [INFO] [EXEC] SELL_WATCHDOG_SYNC orderId=385395559 status=NEW
[12:33:59.120] [INFO] [EXEC] SELL_WATCHDOG_FAR_IGNORE orderId=385395559 reason=protected_sell dist_ticks=1916
[12:33:59.824] [WARNING] [EXEC] SELL_QTY_CLAMP inventory=0.049580 free=0.000027 final=0.000027
[12:34:01.120] [INFO] [EXEC] SELL_WATCHDOG_SYNC orderId=385395559 status=NEW
[12:34:03.113] [WARNING] [EXEC] SELL_QTY_CLAMP inventory=0.049580 free=0.000027 final=0.000027
[12:34:03.376] [INFO] [EXEC] SELL_WATCHDOG_SYNC orderId=385395559 status=NEW
[12:34:04.375] [OK] [EXEC] FIFO CLOSE qty=0.049570 entry=80676.43 exit=80676.43 pnl=+0.000000
[12:34:04.378] [INFO] [EXEC] CHUNK DRAINED
[12:34:04.381] [INFO] [EXEC] SELL ACCOUNTING RESET flat
[12:34:04.383] [INFO] [EXEC] CYCLE SKIP no_fifo_pnl
[12:34:04.385] [OK] [EXEC] EXIT_FILLED
[12:34:04.387] [INFO] [EXEC] SELL ACCOUNTING RESET flat
[12:34:04.387] [INFO] [EXEC] CYCLE SKIP no_fifo_pnl
[12:34:04.389] [OK] [EXEC] SELL FILLED id=385395559
[12:34:04.390] [OK] [EXEC] SELL FILLED qty=0.049570 remaining=0.000000
[12:34:04.391] [INFO] [EXEC] SELL ACCOUNTING RESET inventory_drained
[12:34:04.392] [INFO] [EXEC] INVENTORY DRAINED epsilon_cleanup qty=0.000000
[12:34:04.394] [INFO] [EXEC] SELL ACCOUNTING RESET flat
[12:34:04.395] [INFO] [EXEC] CYCLE SKIP no_fifo_pnl
[12:34:06.886] [INFO] [HEALTH] state=GOOD
[12:34:07.160] [INFO] [EXEC] SELL ACCOUNTING RESET new_cycle
[12:34:07.165] [OK] [EXEC] BUY ORDER SENT orderId=385396750 price=80675.37 qty=0.049580
[12:34:07.168] [OK] [EXEC] PLACE BUY price=80675.37 qty=0.049580
[12:34:08.746] [INFO] [EXEC] BUY_WATCHDOG_SYNC orderId=385396750 status=NEW
[12:34:08.751] [WARNING] [EXEC] BUY TIMEOUT orderId=385396750
[12:34:08.754] [WARNING] [EXEC] CANCEL BUY orderId=385396750
[12:34:09.019] [OK] [EXEC] BUY CANCELED confirmed
[12:34:09.284] [INFO] [EXEC] BUY FINAL STATUS status=CANCELED orderId=385396750
[12:34:09.287] [WARNING] [EXEC] BLOCK reason=buy_not_filled
[12:34:09.939] [INFO] [EXEC] SELL ACCOUNTING RESET new_cycle
[12:34:09.942] [OK] [EXEC] BUY ORDER SENT orderId=385396971 price=80680.71 qty=0.049570
[12:34:09.943] [OK] [EXEC] PLACE BUY price=80680.71 qty=0.049570
[12:34:10.941] [INFO] [EXEC] ENTRY_REPRICE reason=wide_spread_cross old=80680.71 new=80690.47 count=1
[12:34:11.475] [OK] [EXEC] ENTRY_PLACE price=80690.47 qty=0.049570
[12:34:11.482] [OK] [PLAN] HOT entry=80691.45 exit=80697.40 profit=0.294942 age=999ms
[12:34:12.446] [INFO] [EXEC] BUY_WATCHDOG_SYNC orderId=385397133 status=NEW
[12:34:12.450] [WARNING] [EXEC] BUY TIMEOUT orderId=385397133
[12:34:12.454] [WARNING] [EXEC] CANCEL BUY orderId=385397133
[12:34:12.719] [OK] [EXEC] BUY CANCELED confirmed
[12:34:12.988] [INFO] [EXEC] BUY FINAL STATUS status=CANCELED orderId=385397133
[12:34:12.990] [WARNING] [EXEC] BLOCK reason=buy_not_filled
[12:34:13.437] [INFO] [HEALTH] state=GOOD
[12:34:13.706] [INFO] [EXEC] SELL ACCOUNTING RESET new_cycle
[12:34:13.710] [OK] [EXEC] BUY ORDER SENT orderId=385397302 price=80683.01 qty=0.049570
[12:34:13.714] [OK] [EXEC] PLACE BUY price=80683.01 qty=0.049570
[12:34:14.245] [OK] [SYNC] order filled detected
[12:34:14.249] [OK] [SYNC] BUY filled on exchange
[12:34:14.250] [OK] [EXEC] BUY FILL UPDATE delta=0.049570 avg=80683.01
[12:34:14.253] [OK] [EXEC] CHUNK ADD qty=0.049570 entry=80683.01
[12:34:14.255] [INFO] [EXEC] CHUNK COUNT n=1
[12:34:14.258] [OK] [EXEC] INVENTORY qty=0.049570
[12:34:14.261] [OK] [EXEC] SELL REQUIRED inventory=0.049570
[12:34:15.499] [INFO] [EXEC] SELL CHECK inventory=0.049570 reported=0.000000 remaining=0.049570 chunks=1
[12:34:15.503] [INFO] [EXEC] PLACE_SELL_SOURCE source=plan price=80688.21
[12:34:15.505] [OK] [EXEC] PLACE SELL price=80688.21 qty=0.049570
[12:34:15.770] [OK] [EXEC] SELL ORDER SENT orderId=385397624
[12:34:15.774] [OK] [PLAN] HOT entry=80673.12 exit=80688.21 profit=0.748162 age=1534ms
[12:34:16.492] [OK] [SYNC] order filled detected
[12:34:16.495] [OK] [SYNC] SELL filled on exchange
[12:34:16.496] [OK] [EXEC] FIFO CLOSE qty=0.049570 entry=80683.01 exit=80688.33 pnl=+0.263959
[12:34:16.499] [INFO] [EXEC] CHUNK DRAINED
[12:34:16.501] [OK] [EXEC] REALIZED pnl=+0.263959
[12:34:16.503] [INFO] [EXEC] SELL ACCOUNTING RESET flat
[12:34:16.505] [OK] [EXEC] CYCLE CLOSED pnl=+0.263959
[12:34:16.506] [INFO] [EXEC] SESSION realized=+1.159084 wins=8 losses=0
[12:34:16.765] [INFO] [EXEC] SELL ACCOUNTING RESET new_cycle
[12:34:16.768] [OK] [EXEC] BUY ORDER SENT orderId=385397696 price=80683.01 qty=0.049570
[12:34:16.771] [OK] [EXEC] PLACE BUY price=80683.01 qty=0.049570
[12:34:17.779] [INFO] [EXEC] ENTRY_REPRICE reason=wide_spread_cross old=80683.01 new=80686.23 count=1
[12:34:18.325] [OK] [EXEC] ENTRY_PLACE price=80686.23 qty=0.049570
[12:34:19.286] [INFO] [EXEC] BUY_WATCHDOG_SYNC orderId=385397777 status=NEW
[12:34:19.292] [WARNING] [EXEC] BUY_WATCHDOG_FAR_CANCEL orderId=385397777 price=80686.23 bid=80688.78 dist_ticks=255
[12:34:20.287] [INFO] [HEALTH] state=GOOD
[12:34:20.557] [INFO] [EXEC] SELL ACCOUNTING RESET new_cycle
[12:34:20.563] [OK] [EXEC] BUY ORDER SENT orderId=385397970 price=80694.96 qty=0.049560
[12:34:20.566] [OK] [EXEC] PLACE BUY price=80694.96 qty=0.049560
[12:34:21.298] [OK] [SYNC] order filled detected
[12:34:21.301] [OK] [SYNC] BUY filled on exchange
[12:34:21.301] [OK] [EXEC] BUY FILL UPDATE delta=0.049560 avg=80694.96
[12:34:21.304] [OK] [EXEC] CHUNK ADD qty=0.049560 entry=80694.96
[12:34:21.306] [INFO] [EXEC] CHUNK COUNT n=1
[12:34:21.308] [OK] [EXEC] INVENTORY qty=0.049560
[12:34:21.309] [OK] [EXEC] SELL REQUIRED inventory=0.049560
[12:34:21.310] [WARNING] [EXEC] SELL_QTY_CLAMP inventory=0.049560 free=0.000027 final=0.000027
[12:34:21.836] [INFO] [EXEC] SELL CHECK inventory=0.049560 reported=0.000000 remaining=0.049560 chunks=1
[12:34:21.838] [INFO] [EXEC] PLACE_SELL_SOURCE source=plan price=80703.74
[12:34:21.839] [OK] [EXEC] PLACE SELL price=80703.74 qty=0.049560
[12:34:22.106] [OK] [EXEC] SELL ORDER SENT orderId=385398115
[12:34:22.113] [OK] [PLAN] HOT entry=80687.96 exit=80703.74 profit=0.782215 age=1025ms
[12:34:23.084] [OK] [EXEC] FIFO CLOSE qty=0.049560 entry=80694.96 exit=80703.74 pnl=+0.435137
[12:34:23.089] [INFO] [EXEC] CHUNK DRAINED
[12:34:23.092] [OK] [EXEC] REALIZED pnl=+0.435137
[12:34:23.095] [INFO] [EXEC] SELL ACCOUNTING RESET flat
[12:34:23.097] [OK] [EXEC] CYCLE CLOSED pnl=+0.435137
[12:34:23.100] [INFO] [EXEC] SESSION realized=+1.594221 wins=9 losses=0
[12:34:23.102] [OK] [EXEC] EXIT_FILLED
[12:34:23.104] [INFO] [EXEC] SELL ACCOUNTING RESET flat
[12:34:23.105] [INFO] [EXEC] CYCLE SKIP no_fifo_pnl
[12:34:23.106] [OK] [EXEC] SELL FILLED id=385398115
[12:34:23.107] [OK] [EXEC] SELL FILLED qty=0.049560 remaining=0.000000
[12:34:23.108] [INFO] [EXEC] SELL ACCOUNTING RESET inventory_drained
[12:34:23.109] [INFO] [EXEC] INVENTORY DRAINED epsilon_cleanup qty=0.000000
[12:34:23.110] [INFO] [EXEC] SELL ACCOUNTING RESET flat
[12:34:23.111] [INFO] [EXEC] CYCLE SKIP no_fifo_pnl
[12:34:26.008] [INFO] [HEALTH] state=GOOD
[12:34:26.271] [INFO] [EXEC] SELL ACCOUNTING RESET new_cycle
[12:34:26.274] [OK] [EXEC] BUY ORDER SENT orderId=385398505 price=80707.01 qty=0.049560
[12:34:26.276] [OK] [EXEC] PLACE BUY price=80707.01 qty=0.049560
[12:34:27.295] [INFO] [EXEC] ENTRY_REPRICE reason=wide_spread_cross old=80707.01 new=80711.31 count=1
[12:34:27.829] [OK] [EXEC] ENTRY_PLACE price=80711.31 qty=0.049560
[12:34:27.835] [OK] [PLAN] HOT entry=80712.29 exit=80732.28 profit=0.990505 age=1021ms
[12:34:28.805] [INFO] [EXEC] BUY_WATCHDOG_SYNC orderId=385398698 status=NEW
[12:34:28.810] [WARNING] [EXEC] BUY_WATCHDOG_FAR_CANCEL orderId=385398698 price=80711.31 bid=80720.33 dist_ticks=902
[12:34:29.832] [INFO] [EXEC] SELL ACCOUNTING RESET new_cycle
[12:34:29.837] [OK] [EXEC] BUY ORDER SENT orderId=385398959 price=80752.62 qty=0.049530
[12:34:29.840] [OK] [EXEC] PLACE BUY price=80752.62 qty=0.049530
[12:34:30.855] [INFO] [EXEC] ENTRY_REPRICE reason=wide_spread_cross old=80752.62 new=80768.21 count=1
[12:34:31.381] [OK] [EXEC] ENTRY_PLACE price=80768.21 qty=0.049530
[12:34:32.640] [INFO] [EXEC] BUY_WATCHDOG_SYNC orderId=385399279 status=NEW
[12:34:32.643] [WARNING] [EXEC] BUY_WATCHDOG_FAR_CANCEL orderId=385399279 price=80768.21 bid=80773.32 dist_ticks=511
[12:34:33.388] [INFO] [HEALTH] state=GOOD
[12:34:33.652] [INFO] [EXEC] SELL ACCOUNTING RESET new_cycle
[12:34:33.656] [OK] [EXEC] BUY ORDER SENT orderId=385399527 price=80784.45 qty=0.049510
[12:34:33.659] [OK] [EXEC] PLACE BUY price=80784.45 qty=0.049510
[12:34:34.186] [OK] [SYNC] order filled detected
[12:34:34.188] [OK] [SYNC] BUY filled on exchange
[12:34:34.189] [OK] [EXEC] BUY FILL UPDATE delta=0.049510 avg=80784.45
[12:34:34.191] [OK] [EXEC] CHUNK ADD qty=0.049510 entry=80784.45
[12:34:34.193] [INFO] [EXEC] CHUNK COUNT n=1
[12:34:34.194] [OK] [EXEC] INVENTORY qty=0.049510
[12:34:34.196] [OK] [EXEC] SELL REQUIRED inventory=0.049510
[12:34:34.390] [WARNING] [EXEC] SELL_QTY_CLAMP inventory=0.049510 free=0.000027 final=0.000027
[12:34:34.920] [INFO] [EXEC] SELL CHECK inventory=0.049510 reported=0.000000 remaining=0.049500 chunks=1
[12:34:34.921] [INFO] [EXEC] PLACE_SELL_SOURCE source=plan price=80793.49
[12:34:34.923] [OK] [EXEC] PLACE SELL price=80793.49 qty=0.049500
[12:34:35.185] [OK] [EXEC] SELL ORDER SENT orderId=385399760
[12:34:35.720] [OK] [SYNC] order filled detected
[12:34:35.724] [OK] [SYNC] SELL filled on exchange
[12:34:35.725] [OK] [EXEC] FIFO CLOSE qty=0.049500 entry=80784.45 exit=80796.02 pnl=+0.572715
[12:34:35.728] [INFO] [EXEC] CHUNK DRAINED
[12:34:35.732] [OK] [EXEC] REALIZED pnl=+0.572715
[12:34:35.734] [INFO] [EXEC] SELL ACCOUNTING RESET flat
[12:34:35.737] [OK] [EXEC] CYCLE CLOSED pnl=+0.572715
[12:34:35.738] [INFO] [EXEC] SESSION realized=+2.166936 wins=10 losses=0
[12:34:36.161] [INFO] [EXEC] SELL ACCOUNTING RESET new_cycle
[12:34:36.165] [OK] [EXEC] BUY ORDER SENT orderId=385400010 price=80818.80 qty=0.049490
[12:34:36.166] [OK] [EXEC] PLACE BUY price=80818.80 qty=0.049490
[12:34:36.701] [OK] [SYNC] order filled detected
[12:34:36.704] [OK] [SYNC] BUY filled on exchange
[12:34:36.704] [OK] [EXEC] BUY FILL UPDATE delta=0.049490 avg=80818.80
[12:34:36.706] [OK] [EXEC] CHUNK ADD qty=0.049490 entry=80818.80
[12:34:36.707] [INFO] [EXEC] CHUNK COUNT n=1
[12:34:36.708] [OK] [EXEC] INVENTORY qty=0.049490
[12:34:36.709] [OK] [EXEC] SELL REQUIRED inventory=0.049490
[12:34:37.436] [INFO] [EXEC] SELL CHECK inventory=0.049490 reported=0.000000 remaining=0.049480 chunks=1
[12:34:37.439] [INFO] [EXEC] PLACE_SELL_SOURCE source=plan price=80825.50
[12:34:37.440] [OK] [EXEC] PLACE SELL price=80825.50 qty=0.049480
[12:34:37.703] [OK] [EXEC] SELL ORDER SENT orderId=385400198
[12:34:38.233] [OK] [SYNC] order filled detected
[12:34:38.236] [OK] [SYNC] SELL filled on exchange
[12:34:38.237] [OK] [EXEC] FIFO CLOSE qty=0.049480 entry=80818.80 exit=80825.50 pnl=+0.331516
[12:34:38.238] [INFO] [EXEC] CHUNK DRAINED
[12:34:38.239] [OK] [EXEC] REALIZED pnl=+0.331516
[12:34:38.240] [INFO] [EXEC] SELL ACCOUNTING RESET flat
[12:34:38.241] [OK] [EXEC] CYCLE CLOSED pnl=+0.331516
[12:34:38.242] [INFO] [EXEC] SESSION realized=+2.498452 wins=11 losses=0
[12:34:38.926] [INFO] [HEALTH] state=GOOD
[12:34:39.191] [INFO] [EXEC] SELL ACCOUNTING RESET new_cycle
[12:34:39.195] [OK] [EXEC] BUY ORDER SENT orderId=385400322 price=80813.79 qty=0.049490
[12:34:39.199] [OK] [EXEC] PLACE BUY price=80813.79 qty=0.049490
[12:34:39.924] [OK] [SYNC] order filled detected
[12:34:39.925] [OK] [SYNC] BUY filled on exchange
[12:34:39.925] [OK] [EXEC] BUY FILL UPDATE delta=0.049490 avg=80813.79
[12:34:39.927] [OK] [EXEC] CHUNK ADD qty=0.049490 entry=80813.79
[12:34:39.928] [INFO] [EXEC] CHUNK COUNT n=1
[12:34:39.929] [OK] [EXEC] INVENTORY qty=0.049490
[12:34:39.930] [OK] [EXEC] SELL REQUIRED inventory=0.049490
[12:34:39.932] [WARNING] [EXEC] SELL_QTY_CLAMP inventory=0.049490 free=0.000047 final=0.000047
[12:34:40.459] [INFO] [EXEC] SELL CHECK inventory=0.049490 reported=0.000000 remaining=0.049480 chunks=1
[12:34:40.463] [INFO] [EXEC] PLACE_SELL_SOURCE source=plan price=80813.81
[12:34:40.466] [OK] [EXEC] PLACE SELL price=80813.81 qty=0.049480
[12:34:40.728] [OK] [EXEC] SELL ORDER SENT orderId=385400532
[12:34:41.718] [INFO] [EXEC] SELL UPSIZE old=0.049480 new=0.049490
[12:34:41.722] [WARNING] [EXEC] SELL TIMEOUT orderId=385400532
[12:34:41.724] [WARNING] [EXEC] CANCEL SELL orderId=385400532
[12:34:42.251] [INFO] [EXEC] SELL FINAL STATUS status=FILLED orderId=385400532
[12:34:42.253] [OK] [EXEC] FIFO CLOSE qty=0.049480 entry=80813.79 exit=80813.81 pnl=+0.000990
[12:34:42.257] [INFO] [EXEC] CHUNK DRAINED
[12:34:42.259] [OK] [EXEC] REALIZED pnl=+0.000990
[12:34:42.260] [INFO] [EXEC] SELL ACCOUNTING RESET flat
[12:34:42.263] [OK] [EXEC] CYCLE CLOSED pnl=+0.000990
[12:34:42.264] [INFO] [EXEC] SESSION realized=+2.499442 wins=12 losses=0
[12:34:42.265] [OK] [EXEC] SELL FILLED id=385400532
[12:34:42.265] [OK] [EXEC] SELL FILLED qty=0.049480 remaining=0.000000
[12:34:42.266] [INFO] [EXEC] SELL ACCOUNTING RESET inventory_drained
[12:34:42.267] [INFO] [EXEC] INVENTORY DRAINED epsilon_cleanup qty=0.000000
[12:34:42.268] [INFO] [EXEC] SELL ACCOUNTING RESET flat
[12:34:42.269] [INFO] [EXEC] CYCLE SKIP no_fifo_pnl
[12:34:42.949] [INFO] [EXEC] SELL ACCOUNTING RESET new_cycle
[12:34:42.952] [OK] [EXEC] BUY ORDER SENT orderId=385400879 price=80780.71 qty=0.049510
[12:34:42.954] [OK] [EXEC] PLACE BUY price=80780.71 qty=0.049510
[12:34:43.962] [INFO] [EXEC] ENTRY_REPRICE reason=wide_spread_cross old=80780.71 new=80780.74 count=1
[12:34:44.971] [OK] [EXEC] ENTRY_PLACE price=80780.74 qty=0.049510
[12:34:46.227] [INFO] [EXEC] BUY_WATCHDOG_SYNC orderId=385401045 status=FILLED
[12:34:46.234] [OK] [SYNC] order filled detected
[12:34:46.236] [OK] [SYNC] BUY filled on exchange
[12:34:46.236] [OK] [EXEC] BUY FILL UPDATE delta=0.049510 avg=80780.73
[12:34:46.239] [OK] [EXEC] CHUNK ADD qty=0.049510 entry=80780.73
[12:34:46.242] [INFO] [EXEC] CHUNK COUNT n=1
[12:34:46.243] [OK] [EXEC] INVENTORY qty=0.049510
[12:34:46.245] [OK] [EXEC] SELL REQUIRED inventory=0.049510
[12:34:46.710] [WARNING] [EXEC] SELL_QTY_CLAMP inventory=0.049510 free=0.000057 final=0.000057
[12:34:47.251] [INFO] [EXEC] SELL CHECK inventory=0.049510 reported=0.000000 remaining=0.049500 chunks=1
[12:34:47.252] [INFO] [EXEC] PLACE_SELL_SOURCE source=plan price=80780.75
[12:34:47.253] [OK] [EXEC] PLACE SELL price=80780.75 qty=0.049500
[12:34:47.529] [OK] [EXEC] SELL ORDER SENT orderId=385401320
[12:34:48.205] [OK] [SYNC] order filled detected
[12:34:48.208] [OK] [SYNC] SELL filled on exchange
[12:34:48.209] [OK] [EXEC] FIFO CLOSE qty=0.049500 entry=80780.73 exit=80780.75 pnl=+0.000990
[12:34:48.210] [INFO] [EXEC] CHUNK DRAINED
[12:34:48.212] [OK] [EXEC] REALIZED pnl=+0.000990
[12:34:48.214] [INFO] [EXEC] SELL ACCOUNTING RESET flat
[12:34:48.218] [OK] [EXEC] CYCLE CLOSED pnl=+0.000990
[12:34:48.221] [INFO] [EXEC] SESSION realized=+2.500432 wins=13 losses=0
[12:34:48.224] [INFO] [HEALTH] state=GOOD
[12:34:48.509] [INFO] [EXEC] SELL ACCOUNTING RESET new_cycle
[12:34:48.513] [OK] [EXEC] BUY ORDER SENT orderId=385401459 price=80779.01 qty=0.049510
[12:34:48.514] [OK] [EXEC] PLACE BUY price=80779.01 qty=0.049510
[12:34:49.498] [INFO] [EXEC] ENTRY_REPRICE reason=wide_spread_cross old=80779.01 new=80783.30 count=1
[12:34:50.048] [OK] [EXEC] ENTRY_PLACE price=80783.30 qty=0.049510
[12:34:50.996] [OK] [SYNC] order filled detected
[12:34:50.999] [OK] [SYNC] BUY filled on exchange
[12:34:51.000] [OK] [EXEC] BUY FILL UPDATE delta=0.049510 avg=80783.29
[12:34:51.002] [OK] [EXEC] CHUNK ADD qty=0.049510 entry=80783.29
[12:34:51.005] [INFO] [EXEC] CHUNK COUNT n=1
[12:34:51.007] [OK] [EXEC] INVENTORY qty=0.049510
[12:34:51.008] [OK] [EXEC] SELL REQUIRED inventory=0.049510
[12:34:51.010] [WARNING] [EXEC] SELL_QTY_CLAMP inventory=0.049510 free=0.000067 final=0.000067
[12:34:51.534] [INFO] [EXEC] SELL CHECK inventory=0.049510 reported=0.000000 remaining=0.049500 chunks=1
[12:34:51.538] [INFO] [EXEC] PLACE_SELL_SOURCE source=plan price=80789.87
[12:34:51.541] [OK] [EXEC] PLACE SELL price=80789.87 qty=0.049500
[12:34:51.805] [OK] [EXEC] SELL ORDER SENT orderId=385401691
[12:34:52.515] [OK] [SYNC] order filled detected
[12:34:52.519] [OK] [SYNC] SELL filled on exchange
[12:34:52.520] [OK] [EXEC] FIFO CLOSE qty=0.049500 entry=80783.29 exit=80789.87 pnl=+0.325710
[12:34:52.524] [INFO] [EXEC] CHUNK DRAINED
[12:34:52.527] [OK] [EXEC] REALIZED pnl=+0.325710
[12:34:52.529] [INFO] [EXEC] SELL ACCOUNTING RESET flat
[12:34:52.531] [OK] [EXEC] CYCLE CLOSED pnl=+0.325710
[12:34:52.533] [INFO] [EXEC] SESSION realized=+2.826142 wins=14 losses=0
[12:34:52.796] [INFO] [EXEC] SELL ACCOUNTING RESET new_cycle
[12:34:52.800] [OK] [EXEC] BUY ORDER SENT orderId=385401853 price=80779.52 qty=0.049510
[12:34:52.803] [OK] [EXEC] PLACE BUY price=80779.52 qty=0.049510
[12:34:53.523] [OK] [SYNC] order filled detected
[12:34:53.525] [OK] [SYNC] BUY filled on exchange
[12:34:53.526] [OK] [EXEC] BUY FILL UPDATE delta=0.049510 avg=80777.63
[12:34:53.528] [OK] [EXEC] CHUNK ADD qty=0.049510 entry=80777.63
[12:34:53.530] [INFO] [EXEC] CHUNK COUNT n=1
[12:34:53.531] [OK] [EXEC] INVENTORY qty=0.049510
[12:34:53.533] [OK] [EXEC] SELL REQUIRED inventory=0.049510
[12:34:54.056] [INFO] [EXEC] SELL CHECK inventory=0.049510 reported=0.000000 remaining=0.049500 chunks=1
[12:34:54.058] [INFO] [EXEC] PLACE_SELL_SOURCE source=plan price=80777.65
[12:34:54.059] [OK] [EXEC] PLACE SELL price=80777.65 qty=0.049500
[12:34:54.324] [OK] [EXEC] SELL ORDER SENT orderId=385402061
[12:34:54.329] [OK] [PLAN] HOT entry=80753.79 exit=80773.03 profit=0.952957 age=1000ms
[12:34:55.295] [INFO] [EXEC] SELL UPSIZE old=0.049500 new=0.049510
[12:34:55.300] [WARNING] [EXEC] SELL TIMEOUT orderId=385402061
[12:34:55.304] [WARNING] [EXEC] CANCEL SELL orderId=385402061
[12:34:55.828] [INFO] [EXEC] SELL FINAL STATUS status=CANCELED orderId=385402061
[12:34:55.831] [INFO] [EXEC] SELL TIMEOUT check fast_exit
[12:34:55.833] [WARNING] [EXEC] FORCE EXIT hard_sl_triggered
[12:34:55.835] [ERROR] [EXEC] HARD SL triggered
[12:34:55.836] [WARNING] [EXEC] PANIC EXIT sl_mode
[12:34:56.100] [WARNING] [EXEC] FORCE EXIT price=80764.58
[12:34:56.103] [INFO] [EXEC] PLACE_SELL_SOURCE source=panic price=80764.58
[12:34:56.104] [OK] [EXEC] PLACE SELL price=80764.58 qty=0.049500
[12:34:56.365] [WARNING] [EXEC] PANIC START price=80764.58
[12:34:56.367] [OK] [EXEC] SELL ORDER SENT orderId=385402176
[12:34:57.310] [WARNING] [EXEC] SELL_QTY_CLAMP inventory=0.049510 free=0.000087 final=0.000087
[12:34:57.587] [INFO] [EXEC] SELL_WATCHDOG_SYNC orderId=385402176 status=NEW
[12:34:57.591] [INFO] [EXEC] SELL_UPSIZE_SKIPPED reason=exit_or_panic_active
[12:34:58.592] [INFO] [EXEC] SELL_WATCHDOG_SYNC orderId=385402176 status=NEW
[12:34:58.596] [WARNING] [EXEC] SELL_WATCHDOG_FAR_CANCEL orderId=385402176 price=80764.58 ask=80762.18 dist_ticks=240
[12:34:59.118] [INFO] [EXEC] SELL_FAR_CANCEL_FINAL_STATUS status=CANCELED
[12:35:00.106] [INFO] [EXEC] SELL CHECK inventory=0.049510 reported=0.000000 remaining=0.049500 chunks=1
[12:35:00.108] [INFO] [EXEC] SELL_REPRICE_FRESH_APPLIED old=80764.58 new=80756.61 ask=80756.64 bid=80749.76
[12:35:00.110] [INFO] [EXEC] SELL_REPRICE_VALIDATION old=80764.58 new=80756.61 ask=80756.64 dist_ticks=2 source=fresh_snapshot
[12:35:00.113] [WARNING] [EXEC] SELL_FLOOR_BLOCKED price=80756.61 floor=80777.64 entry=80777.63 reason=below_min_profit source=fresh_after_far_cancel
[12:35:00.114] [INFO] [EXEC] PLACE_SELL_SOURCE source=fresh_after_far_cancel price=80777.64
[12:35:00.114] [OK] [EXEC] PLACE SELL price=80777.64 qty=0.049500
[12:35:00.379] [OK] [EXEC] SELL ORDER SENT orderId=385402439
[12:35:03.366] [OK] [SYNC] order filled detected
[12:35:03.369] [OK] [SYNC] SELL filled on exchange
[12:35:03.369] [OK] [EXEC] FIFO CLOSE qty=0.049500 entry=80777.63 exit=80777.64 pnl=+0.000495
[12:35:03.373] [INFO] [EXEC] CHUNK DRAINED
[12:35:03.377] [OK] [EXEC] REALIZED pnl=+0.000495
[12:35:03.381] [INFO] [EXEC] SELL ACCOUNTING RESET flat
[12:35:03.384] [OK] [EXEC] CYCLE CLOSED pnl=+0.000495
[12:35:03.386] [INFO] [EXEC] SESSION realized=+2.826637 wins=15 losses=0
[12:35:04.348] [INFO] [HEALTH] state=GOOD
[12:35:05.095] [INFO] [EXEC] SELL ACCOUNTING RESET new_cycle
[12:35:05.099] [OK] [EXEC] BUY ORDER SENT orderId=385402839 price=80755.00 qty=0.049530
[12:35:05.103] [OK] [EXEC] PLACE BUY price=80755.00 qty=0.049530
[12:35:06.103] [INFO] [EXEC] ENTRY_REPRICE reason=wide_spread_cross old=80755.00 new=80755.03 count=1
[12:35:06.625] [OK] [EXEC] ENTRY_PLACE price=80755.03 qty=0.049530
[12:35:07.618] [INFO] [EXEC] BUY_WATCHDOG_SYNC orderId=385402929 status=NEW
[12:35:07.623] [WARNING] [EXEC] BUY_WATCHDOG_FAR_CANCEL orderId=385402929 price=80755.03 bid=80769.64 dist_ticks=1461
[12:35:12.611] [INFO] [HEALTH] state=GOOD
[12:35:12.875] [INFO] [EXEC] SELL ACCOUNTING RESET new_cycle
[12:35:12.880] [OK] [EXEC] BUY ORDER SENT orderId=385403653 price=80779.00 qty=0.049510
[12:35:12.885] [OK] [EXEC] PLACE BUY price=80779.00 qty=0.049510
[12:35:13.410] [OK] [SYNC] order filled detected
[12:35:13.413] [OK] [SYNC] BUY filled on exchange
[12:35:13.413] [OK] [EXEC] BUY FILL UPDATE delta=0.049510 avg=80779.00
[12:35:13.415] [OK] [EXEC] CHUNK ADD qty=0.049510 entry=80779.00
[12:35:13.417] [INFO] [EXEC] CHUNK COUNT n=1
[12:35:13.418] [OK] [EXEC] INVENTORY qty=0.049510
[12:35:13.420] [OK] [EXEC] SELL REQUIRED inventory=0.049510
[12:35:13.630] [WARNING] [EXEC] SELL_QTY_CLAMP inventory=0.049510 free=0.000087 final=0.000087
[12:35:14.156] [INFO] [EXEC] SELL CHECK inventory=0.049510 reported=0.000000 remaining=0.049500 chunks=1
[12:35:14.161] [INFO] [EXEC] PLACE_SELL_SOURCE source=plan price=80786.35
[12:35:14.165] [OK] [EXEC] PLACE SELL price=80786.35 qty=0.049500
[12:35:14.425] [OK] [EXEC] SELL ORDER SENT orderId=385403804
[12:35:14.433] [OK] [PLAN] HOT entry=80779.96 exit=80786.35 profit=0.316369 age=1022ms
[12:35:15.371] [WARNING] [EXEC] SELL_QTY_CLAMP inventory=0.049510 free=0.000097 final=0.000097
[12:35:15.636] [OK] [EXEC] FIFO CLOSE qty=0.049500 entry=80779.00 exit=80786.35 pnl=+0.363825
[12:35:15.640] [INFO] [EXEC] CHUNK DRAINED
[12:35:15.644] [OK] [EXEC] REALIZED pnl=+0.363825
[12:35:15.647] [INFO] [EXEC] SELL ACCOUNTING RESET flat
[12:35:15.650] [OK] [EXEC] CYCLE CLOSED pnl=+0.363825
[12:35:15.653] [INFO] [EXEC] SESSION realized=+3.190462 wins=16 losses=0
[12:35:15.657] [OK] [EXEC] EXIT_FILLED
[12:35:15.659] [INFO] [EXEC] SELL ACCOUNTING RESET flat
[12:35:15.661] [INFO] [EXEC] CYCLE SKIP no_fifo_pnl
[12:35:15.663] [OK] [EXEC] SELL FILLED id=385403804
[12:35:15.665] [OK] [EXEC] SELL FILLED qty=0.049500 remaining=0.000000
[12:35:15.666] [INFO] [EXEC] SELL ACCOUNTING RESET inventory_drained
[12:35:15.669] [INFO] [EXEC] INVENTORY DRAINED epsilon_cleanup qty=0.000000
[12:35:15.670] [INFO] [EXEC] SELL ACCOUNTING RESET flat
[12:35:15.672] [INFO] [EXEC] CYCLE SKIP no_fifo_pnl
[12:35:16.385] [INFO] [EXEC] SELL ACCOUNTING RESET new_cycle
[12:35:16.388] [OK] [EXEC] BUY ORDER SENT orderId=385403954 price=80784.09 qty=0.049510
[12:35:16.392] [OK] [EXEC] PLACE BUY price=80784.09 qty=0.049510
[12:35:17.402] [INFO] [EXEC] ENTRY_REPRICE reason=bid_moved_up old=80784.09 new=80789.47 count=1
[12:35:17.940] [OK] [EXEC] ENTRY_PLACE price=80789.47 qty=0.049510
[12:35:18.918] [INFO] [EXEC] BUY_WATCHDOG_SYNC orderId=385404078 status=NEW
[12:35:18.920] [WARNING] [EXEC] BUY_WATCHDOG_FAR_CANCEL orderId=385404078 price=80789.47 bid=80799.83 dist_ticks=1036
[12:35:20.910] [INFO] [HEALTH] state=GOOD
[12:35:21.173] [INFO] [EXEC] SELL ACCOUNTING RESET new_cycle
[12:35:21.177] [OK] [EXEC] BUY ORDER SENT orderId=385404377 price=80811.47 qty=0.049490
[12:35:21.179] [OK] [EXEC] PLACE BUY price=80811.47 qty=0.049490
[12:35:21.708] [OK] [SYNC] order filled detected
[12:35:21.710] [OK] [SYNC] BUY filled on exchange
[12:35:21.711] [OK] [EXEC] BUY FILL UPDATE delta=0.049490 avg=80811.47
[12:35:21.713] [OK] [EXEC] CHUNK ADD qty=0.049490 entry=80811.47
[12:35:21.715] [INFO] [EXEC] CHUNK COUNT n=1
[12:35:21.717] [OK] [EXEC] INVENTORY qty=0.049490
[12:35:21.719] [OK] [EXEC] SELL REQUIRED inventory=0.049490
[12:35:21.920] [WARNING] [EXEC] SELL_QTY_CLAMP inventory=0.049490 free=0.000097 final=0.000097
[12:35:22.467] [INFO] [EXEC] SELL CHECK inventory=0.049490 reported=0.000000 remaining=0.049480 chunks=1
[12:35:22.471] [INFO] [EXEC] PLACE_SELL_SOURCE source=plan price=80817.50
[12:35:22.474] [OK] [EXEC] PLACE SELL price=80817.50 qty=0.049480
[12:35:22.744] [OK] [EXEC] SELL ORDER SENT orderId=385404492
[12:35:23.701] [INFO] [EXEC] SELL UPSIZE old=0.049480 new=0.049490
[12:35:23.705] [WARNING] [EXEC] SELL TIMEOUT orderId=385404492
[12:35:23.707] [WARNING] [EXEC] CANCEL SELL orderId=385404492
[12:35:24.236] [INFO] [EXEC] SELL FINAL STATUS status=CANCELED orderId=385404492
[12:35:24.243] [INFO] [EXEC] SELL TIMEOUT check fast_exit
[12:35:24.247] [WARNING] [EXEC] FORCE EXIT hard_sl_triggered
[12:35:24.252] [ERROR] [EXEC] HARD SL triggered
[12:35:24.255] [WARNING] [EXEC] PANIC EXIT sl_mode
[12:35:24.522] [WARNING] [EXEC] FORCE EXIT price=80814.47
[12:35:24.526] [INFO] [EXEC] PLACE_SELL_SOURCE source=panic price=80814.47
[12:35:24.530] [OK] [EXEC] PLACE SELL price=80814.47 qty=0.049480
[12:35:24.793] [WARNING] [EXEC] PANIC START price=80814.47
[12:35:24.794] [OK] [EXEC] SELL ORDER SENT orderId=385404692
[12:35:25.732] [INFO] [EXEC] SELL_WATCHDOG_SYNC orderId=385404692 status=NEW
[12:35:25.736] [WARNING] [EXEC] SELL_WATCHDOG_FAR_CANCEL orderId=385404692 price=80814.47 ask=80801.99 dist_ticks=1247
[12:35:26.260] [INFO] [EXEC] SELL_FAR_CANCEL_FINAL_STATUS status=CANCELED
[12:35:27.577] [INFO] [EXEC] SELL CHECK inventory=0.049490 reported=0.000000 remaining=0.049480 chunks=1
[12:35:27.582] [INFO] [EXEC] SELL_REPRICE_FRESH_APPLIED old=80814.47 new=80823.28 ask=80823.30 bid=80809.51
[12:35:27.585] [INFO] [EXEC] SELL_REPRICE_VALIDATION old=80814.47 new=80823.28 ask=80823.30 dist_ticks=2 source=fresh_snapshot
[12:35:27.586] [INFO] [EXEC] PLACE_SELL_SOURCE source=fresh_after_far_cancel price=80823.28
[12:35:27.588] [OK] [EXEC] PLACE SELL price=80823.28 qty=0.049480
[12:35:27.854] [OK] [EXEC] SELL ORDER SENT orderId=385405163
[12:35:27.863] [OK] [PLAN] HOT entry=80810.51 exit=80822.80 profit=0.608232 age=3554ms
[12:35:28.746] [INFO] [EXEC] SELL_UPSIZE_SKIPPED reason=exit_or_panic_active
[12:35:29.760] [INFO] [EXEC] SELL_WATCHDOG_SYNC orderId=385405163 status=NEW
[12:35:31.745] [WARNING] [EXEC] SELL_WATCHDOG_FAR_CANCEL orderId=385405163 price=80823.28 ask=80817.73 dist_ticks=555
[12:35:32.287] [INFO] [EXEC] SELL_FAR_CANCEL_FINAL_STATUS status=CANCELED
[12:35:33.569] [INFO] [EXEC] SELL CHECK inventory=0.049490 reported=0.000000 remaining=0.049480 chunks=1
[12:35:33.572] [INFO] [EXEC] SELL_REPRICE_FRESH_APPLIED old=80823.28 new=80820.87 ask=80820.90 bid=80810.01
[12:35:33.573] [INFO] [EXEC] SELL_REPRICE_VALIDATION old=80823.28 new=80820.87 ask=80820.90 dist_ticks=2 source=fresh_snapshot
[12:35:33.575] [INFO] [EXEC] PLACE_SELL_SOURCE source=fresh_after_far_cancel price=80820.87
[12:35:33.576] [OK] [EXEC] PLACE SELL price=80820.87 qty=0.049480
[12:35:33.841] [OK] [EXEC] SELL ORDER SENT orderId=385405629
[12:35:33.849] [OK] [PLAN] HOT entry=80811.01 exit=80820.40 profit=0.464711 age=2533ms
[12:35:35.797] [INFO] [EXEC] SELL_WATCHDOG_SYNC orderId=385405629 status=NEW
[12:35:38.842] [WARNING] [EXEC] SELL_QTY_CLAMP inventory=0.049490 free=0.000107 final=0.000107
[12:35:39.120] [INFO] [EXEC] SELL_WATCHDOG_SYNC orderId=385405629 status=NEW
[12:35:39.124] [WARNING] [EXEC] SELL_WATCHDOG_FAR_CANCEL orderId=385405629 price=80820.87 ask=80819.09 dist_ticks=177
[12:35:39.660] [INFO] [EXEC] SELL_FAR_CANCEL_FINAL_STATUS status=CANCELED
[12:35:40.683] [INFO] [EXEC] SELL CHECK inventory=0.049490 reported=0.000000 remaining=0.049480 chunks=1
[12:35:40.688] [INFO] [EXEC] SELL_REPRICE_FRESH_APPLIED old=80820.87 new=80829.97 ask=80830.00 bid=80813.63
[12:35:40.692] [INFO] [EXEC] SELL_REPRICE_VALIDATION old=80820.87 new=80829.97 ask=80830.00 dist_ticks=2 source=fresh_snapshot
[12:35:40.695] [INFO] [EXEC] PLACE_SELL_SOURCE source=fresh_after_far_cancel price=80829.97
[12:35:40.696] [OK] [EXEC] PLACE SELL price=80829.97 qty=0.049480
[12:35:40.959] [OK] [EXEC] SELL ORDER SENT orderId=385405999
[12:35:42.914] [INFO] [EXEC] SELL_WATCHDOG_SYNC orderId=385405999 status=NEW
[12:35:42.918] [WARNING] [EXEC] SELL_WATCHDOG_FAR_CANCEL orderId=385405999 price=80829.97 ask=80826.00 dist_ticks=397
[12:35:43.441] [INFO] [EXEC] SELL_FAR_CANCEL_FINAL_STATUS status=CANCELED
[12:35:44.556] [INFO] [EXEC] SELL CHECK inventory=0.049490 reported=0.000000 remaining=0.049480 chunks=1
[12:35:44.561] [INFO] [EXEC] SELL_REPRICE_FRESH_APPLIED old=80829.97 new=80811.17 ask=80811.20 bid=80804.72
[12:35:44.564] [INFO] [EXEC] SELL_REPRICE_VALIDATION old=80829.97 new=80811.17 ask=80811.20 dist_ticks=2 source=fresh_snapshot
[12:35:44.566] [WARNING] [EXEC] SELL_FLOOR_BLOCKED price=80811.17 floor=80811.48 entry=80811.47 reason=below_min_profit source=fresh_after_far_cancel
[12:35:44.568] [INFO] [EXEC] PLACE_SELL_SOURCE source=fresh_after_far_cancel price=80811.48
[12:35:44.569] [OK] [EXEC] PLACE SELL price=80811.48 qty=0.049480
[12:35:44.832] [OK] [EXEC] SELL ORDER SENT orderId=385406298
[12:35:45.675] [OK] [EXEC] FIFO CLOSE qty=0.049480 entry=80811.47 exit=80811.48 pnl=+0.000495
[12:35:45.678] [INFO] [EXEC] CHUNK DRAINED
[12:35:45.680] [OK] [EXEC] REALIZED pnl=+0.000495
[12:35:45.681] [INFO] [EXEC] SELL ACCOUNTING RESET flat
[12:35:45.682] [OK] [EXEC] CYCLE CLOSED pnl=+0.000495
[12:35:45.684] [INFO] [EXEC] SESSION realized=+3.190957 wins=17 losses=0
[12:35:45.685] [OK] [EXEC] EXIT_FILLED
[12:35:45.686] [INFO] [EXEC] SELL ACCOUNTING RESET flat
[12:35:45.686] [INFO] [EXEC] CYCLE SKIP no_fifo_pnl
[12:35:45.687] [OK] [EXEC] SELL FILLED id=385406298
[12:35:45.688] [OK] [EXEC] SELL FILLED qty=0.049480 remaining=0.000000
[12:35:45.689] [INFO] [EXEC] SELL ACCOUNTING RESET inventory_drained
[12:35:45.690] [INFO] [EXEC] INVENTORY DRAINED epsilon_cleanup qty=0.000000
[12:35:45.691] [INFO] [EXEC] SELL ACCOUNTING RESET flat
[12:35:45.692] [INFO] [EXEC] CYCLE SKIP no_fifo_pnl
[12:35:48.191] [INFO] [HEALTH] state=GOOD
[12:35:48.456] [INFO] [EXEC] SELL ACCOUNTING RESET new_cycle
[12:35:48.460] [OK] [EXEC] BUY ORDER SENT orderId=385406579 price=80807.20 qty=0.049500
[12:35:48.461] [OK] [EXEC] PLACE BUY price=80807.20 qty=0.049500
[12:35:48.991] [OK] [SYNC] order filled detected
[12:35:48.992] [OK] [SYNC] BUY filled on exchange
[12:35:48.992] [OK] [EXEC] BUY FILL UPDATE delta=0.049500 avg=80807.20
[12:35:48.994] [OK] [EXEC] CHUNK ADD qty=0.049500 entry=80807.20
[12:35:48.995] [INFO] [EXEC] CHUNK COUNT n=1
[12:35:48.996] [OK] [EXEC] INVENTORY qty=0.049500
[12:35:48.997] [OK] [EXEC] SELL REQUIRED inventory=0.049500
[12:35:49.720] [INFO] [EXEC] SELL CHECK inventory=0.049500 reported=0.000000 remaining=0.049500 chunks=1
[12:35:49.722] [INFO] [EXEC] PLACE_SELL_SOURCE source=plan price=80807.22
[12:35:49.724] [OK] [EXEC] PLACE SELL price=80807.22 qty=0.049500
[12:35:49.988] [OK] [EXEC] SELL ORDER SENT orderId=385406687
[12:35:50.514] [OK] [SYNC] order filled detected
[12:35:50.517] [OK] [SYNC] SELL filled on exchange
[12:35:50.517] [OK] [EXEC] FIFO CLOSE qty=0.049500 entry=80807.20 exit=80807.22 pnl=+0.000990
[12:35:50.522] [INFO] [EXEC] CHUNK DRAINED
[12:35:50.525] [OK] [EXEC] REALIZED pnl=+0.000990
[12:35:50.527] [INFO] [EXEC] SELL ACCOUNTING RESET flat
[12:35:50.528] [OK] [EXEC] CYCLE CLOSED pnl=+0.000990
[12:35:50.530] [INFO] [EXEC] SESSION realized=+3.191947 wins=18 losses=0
[12:35:51.491] [INFO] [EXEC] SELL ACCOUNTING RESET new_cycle
[12:35:51.496] [OK] [EXEC] BUY ORDER SENT orderId=385406806 price=80804.32 qty=0.049500
[12:35:51.500] [OK] [EXEC] PLACE BUY price=80804.32 qty=0.049500
[12:35:52.525] [INFO] [EXEC] ENTRY_REPRICE reason=wide_spread_cross old=80804.32 new=80804.35 count=1
[12:35:53.049] [OK] [EXEC] ENTRY_PLACE price=80804.35 qty=0.049500
[12:35:53.056] [OK] [PLAN] HOT entry=80805.33 exit=80811.44 profit=0.302445 age=1024ms
[12:35:54.036] [INFO] [EXEC] BUY_WATCHDOG_SYNC orderId=385406911 status=NEW
[12:35:54.041] [WARNING] [EXEC] BUY_WATCHDOG_FAR_CANCEL orderId=385406911 price=80804.35 bid=80821.69 dist_ticks=1734
[12:35:54.775] [INFO] [HEALTH] state=GOOD
[12:35:55.040] [INFO] [EXEC] SELL ACCOUNTING RESET new_cycle
[12:35:55.044] [OK] [EXEC] BUY ORDER SENT orderId=385407028 price=80815.98 qty=0.049490
[12:35:55.048] [OK] [EXEC] PLACE BUY price=80815.98 qty=0.049490
[12:35:56.042] [INFO] [EXEC] ENTRY_REPRICE reason=wide_spread_cross old=80815.98 new=80824.35 count=1
[12:35:56.572] [OK] [EXEC] ENTRY_PLACE price=80824.35 qty=0.049490
[12:35:57.302] [INFO] [EXEC] BUY_WATCHDOG_SYNC orderId=385407169 status=NEW
[12:35:57.306] [WARNING] [EXEC] BUY_WATCHDOG_FAR_CANCEL orderId=385407169 price=80824.35 bid=80829.13 dist_ticks=478
[12:35:59.342] [INFO] [EXEC] SELL ACCOUNTING RESET new_cycle
[12:35:59.347] [OK] [EXEC] BUY ORDER SENT orderId=385407348 price=80831.96 qty=0.049480
[12:35:59.351] [OK] [EXEC] PLACE BUY price=80831.96 qty=0.049480
[12:36:00.360] [INFO] [EXEC] ENTRY_REPRICE reason=bid_moved_up old=80831.96 new=80841.82 count=1
[12:36:00.891] [OK] [EXEC] ENTRY_PLACE price=80841.82 qty=0.049480
[12:36:01.883] [INFO] [EXEC] BUY_WATCHDOG_SYNC orderId=385407511 status=NEW
[12:36:01.888] [WARNING] [EXEC] BUY_WATCHDOG_FAR_CANCEL orderId=385407511 price=80841.82 bid=80844.85 dist_ticks=303
[12:36:03.392] [INFO] [HEALTH] state=GOOD
[12:36:04.130] [INFO] [EXEC] SELL ACCOUNTING RESET new_cycle
[12:36:04.134] [OK] [EXEC] BUY ORDER SENT orderId=385407810 price=80835.13 qty=0.049480
[12:36:04.136] [OK] [EXEC] PLACE BUY price=80835.13 qty=0.049480
[12:36:05.641] [INFO] [EXEC] ENTRY_REPRICE reason=wide_spread_cross old=80835.13 new=80835.16 count=1
[12:36:06.171] [OK] [EXEC] ENTRY_PLACE price=80835.16 qty=0.049480
[12:36:06.179] [OK] [PLAN] HOT entry=80836.14 exit=80847.74 profit=0.573968 age=1508ms
[12:36:07.164] [INFO] [EXEC] BUY_WATCHDOG_SYNC orderId=385407967 status=NEW
[12:36:07.169] [WARNING] [EXEC] BUY_WATCHDOG_FAR_CANCEL orderId=385407967 price=80835.16 bid=80847.56 dist_ticks=1240
[12:36:08.326] [INFO] [EXEC] SELL ACCOUNTING RESET new_cycle
[12:36:08.331] [OK] [EXEC] BUY ORDER SENT orderId=385408098 price=80851.01 qty=0.049470
[12:36:08.333] [OK] [EXEC] PLACE BUY price=80851.01 qty=0.049470
[12:36:09.197] [INFO] [EXEC] ENTRY_REPRICE reason=wide_spread_cross old=80851.01 new=80852.45 count=1
[12:36:09.733] [OK] [EXEC] ENTRY_PLACE price=80852.45 qty=0.049470
[12:36:10.748] [OK] [SYNC] order filled detected
[12:36:10.751] [OK] [SYNC] BUY filled on exchange
[12:36:10.752] [OK] [EXEC] BUY FILL UPDATE delta=0.049470 avg=80852.44
[12:36:10.753] [OK] [EXEC] CHUNK ADD qty=0.049470 entry=80852.44
[12:36:10.755] [INFO] [EXEC] CHUNK COUNT n=1
[12:36:10.757] [OK] [EXEC] INVENTORY qty=0.049470
[12:36:10.758] [OK] [EXEC] SELL REQUIRED inventory=0.049470
[12:36:10.976] [WARNING] [EXEC] SELL_QTY_CLAMP inventory=0.049470 free=0.000107 final=0.000107
[12:36:11.518] [INFO] [EXEC] SELL CHECK inventory=0.049470 reported=0.000000 remaining=0.049470 chunks=1
[12:36:11.523] [INFO] [EXEC] PLACE_SELL_SOURCE source=plan price=80855.18
[12:36:11.527] [OK] [EXEC] PLACE SELL price=80855.18 qty=0.049470
[12:36:11.789] [OK] [EXEC] SELL ORDER SENT orderId=385408432
[12:36:14.262] [WARNING] [EXEC] SELL_QTY_CLAMP inventory=0.049470 free=0.000107 final=0.000107
[12:36:14.530] [INFO] [EXEC] SELL_WATCHDOG_SYNC orderId=385408432 status=NEW
[12:36:14.535] [WARNING] [EXEC] TAKER_EXIT_TRIGGER reason=force_flat_after_ms age=2747 qty=0.049470
[12:36:14.536] [WARNING] [EXEC] TAKER_EXIT_CANCEL_MAKER orderId=385408432
[12:36:15.343] [INFO] [EXEC] PLACE_SELL_SOURCE source=taker price=80846.84
[12:36:15.608] [WARNING] [EXEC] TAKER_EXIT_ORDER_SENT id=385408776 price=80846.84 qty=0.049470
[12:36:16.140] [WARNING] [SYNC] desync fixed
[12:36:16.280] [INFO] [EXEC] EXIT RECOVERY inventory_no_sell qty=0.049470
[12:36:16.284] [WARNING] [EXEC] SELL_PENDING_WITHOUT_ORDER_FIXED
[12:36:16.820] [INFO] [EXEC] SELL CHECK inventory=0.049470 reported=0.000000 remaining=0.049470 chunks=1
[12:36:16.824] [INFO] [EXEC] PLACE_SELL_SOURCE source=plan price=80852.46
[12:36:16.827] [OK] [EXEC] PLACE SELL price=80852.46 qty=0.049470
[12:36:17.089] [OK] [EXEC] SELL ORDER SENT orderId=385408875
[12:36:17.094] [OK] [PLAN] HOT entry=80838.19 exit=80848.23 profit=0.496779 age=2008ms
[12:36:19.093] [OK] [SYNC] order filled detected
[12:36:19.095] [OK] [SYNC] SELL filled on exchange
[12:36:19.095] [OK] [EXEC] FIFO CLOSE qty=0.049470 entry=80852.44 exit=80852.46 pnl=+0.000989
[12:36:19.098] [INFO] [EXEC] CHUNK DRAINED
[12:36:19.100] [OK] [EXEC] REALIZED pnl=+0.000989
[12:36:19.101] [INFO] [EXEC] SELL ACCOUNTING RESET flat
[12:36:19.103] [OK] [EXEC] CYCLE CLOSED pnl=+0.000989
[12:36:19.104] [INFO] [EXEC] SESSION realized=+3.192936 wins=19 losses=0
[12:36:19.282] [INFO] [HEALTH] state=GOOD
[12:36:19.552] [INFO] [EXEC] SELL ACCOUNTING RESET new_cycle
[12:36:19.557] [OK] [EXEC] BUY ORDER SENT orderId=385409114 price=80856.50 qty=0.049470
[12:36:19.561] [OK] [EXEC] PLACE BUY price=80856.50 qty=0.049470
[12:36:21.335] [INFO] [EXEC] BUY_WATCHDOG_SYNC orderId=385409114 status=PARTIALLY_FILLED
[12:36:21.339] [OK] [EXEC] BUY FILL UPDATE delta=0.000070 avg=80856.50
[12:36:21.341] [OK] [EXEC] CHUNK ADD qty=0.000070 entry=80856.50
[12:36:21.342] [INFO] [EXEC] CHUNK COUNT n=1
[12:36:21.344] [OK] [EXEC] INVENTORY qty=0.000070
[12:36:21.346] [OK] [EXEC] SELL REQUIRED inventory=0.000070
[12:36:21.348] [OK] [EXEC] BUY PARTIAL delta=0.000070 total=0.000070
[12:36:21.350] [OK] [EXEC] BUY REMAINING qty=0.049400
[12:36:21.352] [WARNING] [EXEC] BUY TIMEOUT orderId=385409114
[12:36:21.353] [WARNING] [EXEC] CANCEL BUY orderId=385409114
[12:36:21.613] [OK] [EXEC] BUY CANCELED confirmed
[12:36:21.881] [INFO] [EXEC] BUY FINAL STATUS status=CANCELED orderId=385409114
[12:36:21.885] [WARNING] [EXEC] BUY REMAINDER CANCELLED
[12:36:21.886] [INFO] [EXEC] SELL CONTINUES inventory=0.000070
[12:36:21.889] [OK] [PLAN] HOT entry=80858.57 exit=80865.49 profit=0.342263 age=1794ms
[12:36:22.855] [INFO] [EXEC] SELL CHECK inventory=0.000070 reported=0.000000 remaining=0.000060 chunks=1
[12:36:22.858] [INFO] [EXEC] SKIP MICRO SELL epsilon=0.000015
[12:36:23.351] [INFO] [EXEC] EXIT RECOVERY inventory_no_sell qty=0.000070
[12:36:23.899] [INFO] [EXEC] SELL CHECK inventory=0.000070 reported=0.000000 remaining=0.000060 chunks=1
[12:36:23.904] [INFO] [EXEC] SKIP MICRO SELL epsilon=0.000015
[12:36:24.616] [WARNING] [EXEC] PLACE_SELL_STUCK_RECOVERY qty=0.000060
[12:36:25.151] [INFO] [EXEC] SELL CHECK inventory=0.000070 reported=0.000000 remaining=0.000060 chunks=1
[12:36:25.154] [INFO] [EXEC] SKIP MICRO SELL epsilon=0.000015
[12:36:25.158] [OK] [PLAN] HOT entry=80843.51 exit=80849.49 profit=0.295831 age=998ms
[12:36:26.164] [INFO] [EXEC] SELL CHECK inventory=0.000070 reported=0.000000 remaining=0.000060 chunks=1
[12:36:26.169] [INFO] [EXEC] SKIP MICRO SELL epsilon=0.000015
[12:36:26.647] [INFO] [EXEC] EXIT RECOVERY inventory_no_sell qty=0.000070
[12:36:27.176] [INFO] [EXEC] SELL CHECK inventory=0.000070 reported=0.000000 remaining=0.000060 chunks=1
[12:36:27.180] [INFO] [EXEC] SKIP MICRO SELL epsilon=0.000015
[12:36:28.197] [INFO] [EXEC] SELL CHECK inventory=0.000070 reported=0.000000 remaining=0.000060 chunks=1
[12:36:28.202] [INFO] [EXEC] SKIP MICRO SELL epsilon=0.000015
[12:36:28.208] [OK] [PLAN] HOT entry=80843.00 exit=80849.22 profit=0.307703 age=1011ms
[12:36:28.918] [WARNING] [EXEC] PLACE_SELL_STUCK_RECOVERY qty=0.000060
[12:36:29.466] [INFO] [EXEC] SELL CHECK inventory=0.000070 reported=0.000000 remaining=0.000060 chunks=1
[12:36:29.468] [INFO] [EXEC] SKIP MICRO SELL epsilon=0.000015
[12:36:29.919] [INFO] [EXEC] EXIT RECOVERY inventory_no_sell qty=0.000070
[12:36:30.446] [INFO] [EXEC] SELL CHECK inventory=0.000070 reported=0.000000 remaining=0.000060 chunks=1
[12:36:30.450] [INFO] [EXEC] SKIP MICRO SELL epsilon=0.000015
[12:36:31.469] [INFO] [EXEC] SELL CHECK inventory=0.000070 reported=0.000000 remaining=0.000060 chunks=1
[12:36:31.474] [INFO] [EXEC] SKIP MICRO SELL epsilon=0.000015
[12:36:32.580] [INFO] [EXEC] SELL CHECK inventory=0.000070 reported=0.000000 remaining=0.000060 chunks=1
[12:36:32.583] [INFO] [EXEC] SKIP MICRO SELL epsilon=0.000015
[12:36:32.934] [INFO] [EXEC] EXIT RECOVERY inventory_no_sell qty=0.000070
[12:36:33.213] [WARNING] [EXEC] PLACE_SELL_STUCK_RECOVERY qty=0.000060
[12:36:33.777] [INFO] [EXEC] SELL CHECK inventory=0.000070 reported=0.000000 remaining=0.000060 chunks=1
[12:36:33.781] [INFO] [EXEC] SKIP MICRO SELL epsilon=0.000015
[12:36:34.731] [INFO] [EXEC] SELL CHECK inventory=0.000070 reported=0.000000 remaining=0.000060 chunks=1
[12:36:34.734] [INFO] [EXEC] SKIP MICRO SELL epsilon=0.000015
[12:36:35.721] [INFO] [EXEC] SELL CHECK inventory=0.000070 reported=0.000000 remaining=0.000060 chunks=1
[12:36:35.724] [INFO] [EXEC] SKIP MICRO SELL epsilon=0.000015
[12:36:35.730] [OK] [PLAN] HOT entry=80837.87 exit=80857.50 profit=0.971292 age=994ms
[12:36:36.188] [INFO] [EXEC] EXIT RECOVERY inventory_no_sell qty=0.000070
[12:36:36.744] [INFO] [EXEC] SELL CHECK inventory=0.000070 reported=0.000000 remaining=0.000060 chunks=1
[12:36:36.747] [INFO] [EXEC] SKIP MICRO SELL epsilon=0.000015
[12:36:37.467] [WARNING] [EXEC] PLACE_SELL_STUCK_RECOVERY qty=0.000060
[12:36:38.006] [INFO] [EXEC] SELL CHECK inventory=0.000070 reported=0.000000 remaining=0.000060 chunks=1
[12:36:38.009] [INFO] [EXEC] SKIP MICRO SELL epsilon=0.000015
[12:36:39.507] [INFO] [EXEC] SELL CHECK inventory=0.000070 reported=0.000000 remaining=0.000060 chunks=1
[12:36:39.514] [INFO] [EXEC] SKIP MICRO SELL epsilon=0.000015
[12:36:40.007] [INFO] [EXEC] EXIT RECOVERY inventory_no_sell qty=0.000070
[12:36:40.533] [INFO] [EXEC] SELL CHECK inventory=0.000070 reported=0.000000 remaining=0.000060 chunks=1
[12:36:40.535] [INFO] [EXEC] SKIP MICRO SELL epsilon=0.000015
[12:36:41.280] [WARNING] [EXEC] PLACE_SELL_STUCK_RECOVERY qty=0.000060
[12:36:41.809] [INFO] [EXEC] SELL CHECK inventory=0.000070 reported=0.000000 remaining=0.000060 chunks=1
[12:36:41.812] [INFO] [EXEC] SKIP MICRO SELL epsilon=0.000015
[12:36:42.846] [INFO] [EXEC] SELL CHECK inventory=0.000070 reported=0.000000 remaining=0.000060 chunks=1
[12:36:42.848] [INFO] [EXEC] SKIP MICRO SELL epsilon=0.000015
[12:36:43.274] [INFO] [EXEC] EXIT RECOVERY inventory_no_sell qty=0.000070
[12:36:43.806] [INFO] [EXEC] SELL CHECK inventory=0.000070 reported=0.000000 remaining=0.000060 chunks=1
[12:36:43.810] [INFO] [EXEC] SKIP MICRO SELL epsilon=0.000015
[12:36:45.085] [INFO] [EXEC] SELL CHECK inventory=0.000070 reported=0.000000 remaining=0.000060 chunks=1
[12:36:45.088] [INFO] [EXEC] SKIP MICRO SELL epsilon=0.000015
[12:36:45.835] [WARNING] [EXEC] PLACE_SELL_STUCK_RECOVERY qty=0.000060
[12:36:46.400] [INFO] [EXEC] SELL CHECK inventory=0.000070 reported=0.000000 remaining=0.000060 chunks=1
[12:36:46.402] [INFO] [EXEC] SKIP MICRO SELL epsilon=0.000015
[12:36:46.813] [INFO] [EXEC] EXIT RECOVERY inventory_no_sell qty=0.000070
[12:36:47.341] [INFO] [EXEC] SELL CHECK inventory=0.000070 reported=0.000000 remaining=0.000060 chunks=1
[12:36:47.345] [INFO] [EXEC] SKIP MICRO SELL epsilon=0.000015
[12:36:48.413] [INFO] [EXEC] SELL CHECK inventory=0.000070 reported=0.000000 remaining=0.000060 chunks=1
[12:36:48.418] [INFO] [EXEC] SKIP MICRO SELL epsilon=0.000015
[12:36:48.423] [OK] [PLAN] HOT entry=80851.01 exit=80859.99 profit=0.444241 age=1041ms
[12:36:49.379] [INFO] [EXEC] SELL CHECK inventory=0.000070 reported=0.000000 remaining=0.000060 chunks=1
[12:36:49.384] [INFO] [EXEC] SKIP MICRO SELL epsilon=0.000015
[12:36:49.839] [INFO] [EXEC] EXIT RECOVERY inventory_no_sell qty=0.000070
[12:36:50.103] [WARNING] [EXEC] PLACE_SELL_STUCK_RECOVERY qty=0.000060
[12:36:50.625] [INFO] [EXEC] SELL CHECK inventory=0.000070 reported=0.000000 remaining=0.000060 chunks=1
[12:36:50.630] [INFO] [EXEC] SKIP MICRO SELL epsilon=0.000015
[12:36:51.864] [INFO] [EXEC] SELL CHECK inventory=0.000070 reported=0.000000 remaining=0.000060 chunks=1
[12:36:51.869] [INFO] [EXEC] SKIP MICRO SELL epsilon=0.000015
[12:36:52.608] [WARNING] [EXEC] PLACE_SELL_STUCK_RECOVERY qty=0.000060
[12:36:53.133] [INFO] [EXEC] SELL CHECK inventory=0.000070 reported=0.000000 remaining=0.000060 chunks=1
[12:36:53.137] [INFO] [EXEC] SKIP MICRO SELL epsilon=0.000015
[12:36:53.592] [INFO] [EXEC] EXIT RECOVERY inventory_no_sell qty=0.000070
[12:36:54.150] [INFO] [EXEC] SELL CHECK inventory=0.000070 reported=0.000000 remaining=0.000060 chunks=1
[12:36:54.154] [INFO] [EXEC] SKIP MICRO SELL epsilon=0.000015
[12:36:55.136] [INFO] [EXEC] SELL CHECK inventory=0.000070 reported=0.000000 remaining=0.000060 chunks=1
[12:36:55.138] [INFO] [EXEC] SKIP MICRO SELL epsilon=0.000015
[12:36:56.161] [INFO] [EXEC] SELL CHECK inventory=0.000070 reported=0.000000 remaining=0.000060 chunks=1
[12:36:56.163] [INFO] [EXEC] SKIP MICRO SELL epsilon=0.000015
[12:36:56.634] [INFO] [EXEC] EXIT RECOVERY inventory_no_sell qty=0.000070
[12:36:56.906] [WARNING] [EXEC] PLACE_SELL_STUCK_RECOVERY qty=0.000060
[12:36:57.434] [INFO] [EXEC] SELL CHECK inventory=0.000070 reported=0.000000 remaining=0.000060 chunks=1
[12:36:57.438] [INFO] [EXEC] SKIP MICRO SELL epsilon=0.000015
[12:36:58.398] [INFO] [EXEC] SELL CHECK inventory=0.000070 reported=0.000000 remaining=0.000060 chunks=1
[12:36:58.403] [INFO] [EXEC] SKIP MICRO SELL epsilon=0.000015
[12:36:59.421] [INFO] [EXEC] SELL CHECK inventory=0.000070 reported=0.000000 remaining=0.000060 chunks=1
[12:36:59.423] [INFO] [EXEC] SKIP MICRO SELL epsilon=0.000015
[12:36:59.904] [INFO] [EXEC] EXIT RECOVERY inventory_no_sell qty=0.000070
[12:37:00.432] [INFO] [EXEC] SELL CHECK inventory=0.000070 reported=0.000000 remaining=0.000060 chunks=1
[12:37:00.434] [INFO] [EXEC] SKIP MICRO SELL epsilon=0.000015
[12:37:01.183] [WARNING] [EXEC] PLACE_SELL_STUCK_RECOVERY qty=0.000060
[12:37:01.738] [INFO] [EXEC] SELL CHECK inventory=0.000070 reported=0.000000 remaining=0.000060 chunks=1
[12:37:01.742] [INFO] [EXEC] SKIP MICRO SELL epsilon=0.000015
[12:37:03.695] [INFO] [EXEC] SELL CHECK inventory=0.000070 reported=0.000000 remaining=0.000060 chunks=1
[12:37:03.698] [INFO] [EXEC] SKIP MICRO SELL epsilon=0.000015
[12:37:03.914] [INFO] START_CLICK received enabled=True api_ready=True running=True
[12:37:04.235] [WARNING] cancel all requested
[12:37:04.237] [WARNING] [EXEC] STOP_SAFE_MANUAL inventory=0.000070 active_order=0
[12:37:04.240] [WARNING] STOP
[12:38:13.687] [INFO] START_CLICK received enabled=True api_ready=True running=False
[12:38:13.687] [INFO] START_SETTINGS live_enabled=True guard_mode=FAST entry_mode=AGGRESSIVE exit_engine=True order_size=4000.0
[12:38:13.687] [INFO] START_PROFILE order_size=4000.0 min_spread=7.0 guard_mode=FAST entry_mode=AGGRESSIVE sell_timeout=2200 far_sell_ticks=30 taker_exit_after_ms=1600
[12:38:13.687] [INFO] SETTINGS_MERGE_PRESERVE existing_values=true missing_added=0
[12:38:14.167] [EXCHANGE] symbol=BTCU base=BTC quote=U status=TRADING permissions=[]
[12:38:14.170] [OK] START
[12:38:14.171] [OK] START_OK runtime_started
[12:38:14.171] [WARNING] [EXEC] START_RESUME_EXIT qty=0.000070
[12:38:14.443] [WARNING] [EXEC] PLACE_SELL_STUCK_RECOVERY qty=0.000060
[12:38:14.961] [INFO] [EXEC] SELL CHECK inventory=0.000070 reported=0.000000 remaining=0.000060 chunks=1
[12:38:14.962] [INFO] [EXEC] SKIP MICRO SELL epsilon=0.000015
[12:38:14.964] [OK] [PLAN] HOT entry=80899.00 exit=80905.50 profit=0.321360 age=496ms
[12:38:15.974] [WS] primary url=wss://stream.binance.com:9443/ws/btcu@bookTicker
[12:38:15.975] [WS] connecting primary
[12:38:15.976] [WS] connected
[12:38:15.999] [INFO] [EXEC] EXIT RECOVERY inventory_no_sell qty=0.000070
[12:38:16.531] [INFO] [EXEC] SELL CHECK inventory=0.000070 reported=0.000000 remaining=0.000060 chunks=1
[12:38:16.533] [INFO] [EXEC] SKIP MICRO SELL epsilon=0.000015
[12:38:17.556] [INFO] [EXEC] SELL CHECK inventory=0.000070 reported=0.000000 remaining=0.000060 chunks=1
[12:38:17.559] [INFO] [EXEC] SKIP MICRO SELL epsilon=0.000015
[12:38:18.300] [WARNING] [EXEC] PLACE_SELL_STUCK_RECOVERY qty=0.000060
[12:38:18.837] [INFO] [EXEC] SELL CHECK inventory=0.000070 reported=0.000000 remaining=0.000060 chunks=1
[12:38:18.842] [INFO] [EXEC] SKIP MICRO SELL epsilon=0.000015
[12:38:19.300] [INFO] [EXEC] EXIT RECOVERY inventory_no_sell qty=0.000070
[12:38:19.830] [INFO] [EXEC] SELL CHECK inventory=0.000070 reported=0.000000 remaining=0.000060 chunks=1
[12:38:19.832] [INFO] [EXEC] SKIP MICRO SELL epsilon=0.000015
[12:38:21.072] [WARNING] [EXEC] PLACE_SELL_STUCK_RECOVERY qty=0.000060
[12:38:21.599] [INFO] [EXEC] SELL CHECK inventory=0.000070 reported=0.000000 remaining=0.000060 chunks=1
[12:38:21.602] [INFO] [EXEC] SKIP MICRO SELL epsilon=0.000015
[12:38:22.604] [INFO] [EXEC] SELL CHECK inventory=0.000070 reported=0.000000 remaining=0.000060 chunks=1
[12:38:22.608] [INFO] [EXEC] SKIP MICRO SELL epsilon=0.000015
[12:38:23.088] [INFO] [EXEC] EXIT RECOVERY inventory_no_sell qty=0.000070
[12:38:23.628] [INFO] [EXEC] SELL CHECK inventory=0.000070 reported=0.000000 remaining=0.000060 chunks=1
[12:38:23.631] [INFO] [EXEC] SKIP MICRO SELL epsilon=0.000015
[12:38:24.638] [INFO] [EXEC] SELL CHECK inventory=0.000070 reported=0.000000 remaining=0.000060 chunks=1
[12:38:24.640] [INFO] [EXEC] SKIP MICRO SELL epsilon=0.000015
[12:38:25.376] [WARNING] [EXEC] PLACE_SELL_STUCK_RECOVERY qty=0.000060
[12:38:25.901] [INFO] [EXEC] SELL CHECK inventory=0.000070 reported=0.000000 remaining=0.000060 chunks=1
[12:38:25.906] [INFO] [EXEC] SKIP MICRO SELL epsilon=0.000015
[12:38:26.193] [INFO] START_CLICK received enabled=True api_ready=True running=True
[12:38:26.471] [WARNING] cancel all requested
[12:38:26.472] [WARNING] [EXEC] STOP_SAFE_MANUAL inventory=0.000070 active_order=0
[12:38:26.474] [WARNING] STOP
