[21:23:28.219] [OK] filters loaded
[21:23:35.890] [INFO] [SETTINGS] imported path=C:/Users/Art/Desktop/UB/settings_export.json
[21:23:39.747] [INFO] [SETTINGS] imported path=C:/Users/Art/Desktop/UB/1.json
[21:23:41.452] [OK] [SETTINGS] settings saved
[21:23:42.829] [EXCHANGE] symbol=BTCU base=BTC quote=U status=TRADING permissions=[]
[21:23:42.833] [OK] START
[21:23:42.837] [INFO] [EXEC] LIVE ON
[21:23:42.839] [INFO] [EXEC] WAIT READY
[21:23:43.110] [WS] primary url=wss://stream.binance.com:9443/ws/btcu@bookTicker
[21:23:43.111] [WS] connecting primary
[21:23:43.937] [WARNING] [HEALTH] block spread_too_young lifetime=0
[21:23:43.938] [WARNING] [HEALTH] unstable_spread lifetime=0
[21:23:43.939] [WARNING] [EXEC] BLOCK_BUY reason=ws_stale mode=FAST ws_age=None spread=17.47 stable=1/1 mid_delta=0.00 bid_delta=0.00
[21:23:43.944] [WS] connected
[21:23:44.152] [WARNING] [HEALTH] block spread_too_young lifetime=215
[21:23:44.154] [WARNING] [EXEC] BLOCK_BUY reason=market_health_bad mode=FAST ws_age=94 spread=11.93 stable=2/1 mid_delta=143.00 bid_delta=420.00
[21:23:44.158] [OK] [PLAN] HOT entry=81639.45 exit=81654.92 profit=0.003713 age=215ms
[21:23:44.401] [WARNING] [HEALTH] block spread_too_young lifetime=464
[21:23:45.185] [INFO] [EXEC] SELL ACCOUNTING RESET new_cycle
[21:23:45.189] [OK] [EXEC] BUY ORDER SENT orderId=383633972 price=81644.55 qty=0.000240
[21:23:45.190] [OK] [EXEC] PLACE BUY price=81644.55 qty=0.000240
[21:23:45.728] [OK] [SYNC] order filled detected
[21:23:45.730] [OK] [SYNC] BUY filled on exchange
[21:23:45.731] [OK] [EXEC] BUY FILL UPDATE delta=0.000240 avg=81644.55
[21:23:45.733] [OK] [EXEC] CHUNK ADD qty=0.000240 entry=81644.55
[21:23:45.735] [INFO] [EXEC] CHUNK COUNT n=1
[21:23:45.740] [OK] [EXEC] INVENTORY qty=0.000240
[21:23:45.742] [OK] [EXEC] SELL REQUIRED inventory=0.000240
[21:23:46.187] [INFO] [EXEC] SELL CHECK inventory=0.000240 reported=0.000000 remaining=0.000240 chunks=1
[21:23:46.191] [OK] [EXEC] PLACE SELL price=81649.17 qty=0.000240
[21:23:46.455] [OK] [EXEC] SELL ORDER SENT orderId=383634031
[21:23:46.462] [OK] [PLAN] READY entry=81643.65 exit=81649.17 profit=0.001325 age=1986ms
[21:23:47.005] [INFO] [EXEC] RECOVERY WAIT hard_sl_pending_recovery
[21:23:51.509] [WARNING] [EXEC] SELL TIMEOUT orderId=383634031
[21:23:51.512] [WARNING] [EXEC] CANCEL SELL orderId=383634031
[21:23:52.045] [INFO] [EXEC] SELL FINAL STATUS status=CANCELED orderId=383634031
[21:23:52.049] [INFO] [EXEC] SELL TIMEOUT check fast_exit
[21:23:52.052] [WARNING] [EXEC] FORCE EXIT hard_sl_triggered
[21:23:52.054] [ERROR] [EXEC] HARD SL triggered
[21:23:52.056] [WARNING] [EXEC] PANIC EXIT sl_mode
[21:23:52.059] [WARNING] [EXEC] FORCE EXIT price=81648.16
[21:23:52.062] [OK] [EXEC] PLACE SELL price=81648.16 qty=0.000240
[21:23:52.328] [WARNING] [EXEC] PANIC START price=81648.16
[21:23:52.331] [OK] [EXEC] SELL ORDER SENT orderId=383634107
[21:23:56.848] [WARNING] [EXEC] PANIC WAIT still_open orderId=383634107
[21:23:56.851] [WARNING] [EXEC] PANIC HOLD active orderId=383634107
[21:24:00.388] [WARNING] [EXEC] PANIC WAIT still_open orderId=383634107
[21:24:00.392] [WARNING] [EXEC] PANIC HOLD active orderId=383634107
[21:24:03.451] [OK] [EXEC] FIFO CLOSE qty=0.000240 entry=81644.55 exit=81648.16 pnl=+0.000866
[21:24:03.454] [INFO] [EXEC] CHUNK DRAINED
[21:24:03.455] [OK] [EXEC] REALIZED pnl=+0.000866
[21:24:03.456] [INFO] [EXEC] SELL ACCOUNTING RESET flat
[21:24:03.457] [OK] [EXEC] CYCLE CLOSED pnl=+0.000866
[21:24:03.458] [INFO] [EXEC] SESSION realized=+0.000866 wins=1 losses=0
[21:24:03.459] [INFO] [EXEC] SELL ACCOUNTING RESET flat
[21:24:03.460] [INFO] [EXEC] CYCLE SKIP no_fifo_pnl
[21:24:03.461] [OK] [EXEC] SELL FILLED id=383634107
[21:24:03.462] [OK] [EXEC] SELL FILLED qty=0.000240 remaining=0.000000
[21:24:03.463] [INFO] [EXEC] SELL ACCOUNTING RESET inventory_drained
[21:24:03.464] [INFO] [EXEC] INVENTORY DRAINED epsilon_cleanup qty=0.000000
[21:24:03.465] [INFO] [EXEC] SELL ACCOUNTING RESET flat
[21:24:03.466] [INFO] [EXEC] CYCLE SKIP no_fifo_pnl
[21:24:03.955] [INFO] [HEALTH] state=GOOD
[21:24:04.693] [INFO] [EXEC] SELL ACCOUNTING RESET new_cycle
[21:24:04.698] [OK] [EXEC] BUY ORDER SENT orderId=383634381 price=81644.88 qty=0.000240
[21:24:04.701] [OK] [EXEC] PLACE BUY price=81644.88 qty=0.000240
[21:24:04.706] [OK] [PLAN] HOT entry=81644.88 exit=81653.18 profit=0.001992 age=765ms
[21:24:05.476] [OK] [PLAN] READY entry=81645.89 exit=81652.13 profit=0.001498 age=2024ms
[21:24:06.973] [INFO] [EXEC] ENTRY_REPRICE reason=bid_moved_up old=81644.88 new=81644.90 count=1
[21:24:07.502] [OK] [EXEC] ENTRY_PLACE price=81644.90 qty=0.000240
[21:24:08.300] [INFO] [EXEC] ENTRY_REPRICE reason=bid_moved_up old=81644.90 new=81644.92 count=2
[21:24:08.820] [OK] [EXEC] ENTRY_PLACE price=81644.92 qty=0.000240
[21:24:09.529] [WARNING] [EXEC] BUY TIMEOUT orderId=383634409
[21:24:09.532] [WARNING] [EXEC] CANCEL BUY orderId=383634409
[21:24:09.798] [OK] [EXEC] BUY CANCELED confirmed
[21:24:10.070] [INFO] [EXEC] BUY FINAL STATUS status=CANCELED orderId=383634409
[21:24:10.072] [WARNING] [EXEC] BLOCK reason=buy_not_filled
[21:24:10.532] [INFO] [HEALTH] state=GOOD
[21:24:10.798] [INFO] [EXEC] SELL ACCOUNTING RESET new_cycle
[21:24:10.802] [OK] [EXEC] BUY ORDER SENT orderId=383634423 price=81645.95 qty=0.000240
[21:24:10.804] [OK] [EXEC] PLACE BUY price=81645.95 qty=0.000240
[21:24:12.548] [INFO] [EXEC] ENTRY_REPRICE reason=bid_moved_up old=81645.95 new=81645.97 count=1
[21:24:13.081] [OK] [EXEC] ENTRY_PLACE price=81645.97 qty=0.000240
[21:24:14.067] [INFO] [EXEC] ENTRY_REPRICE reason=bid_moved_up old=81645.97 new=81645.99 count=2
[21:24:15.064] [OK] [EXEC] ENTRY_PLACE price=81645.99 qty=0.000240
[21:24:15.829] [WARNING] [EXEC] BUY TIMEOUT orderId=383634461
[21:24:15.833] [WARNING] [EXEC] CANCEL BUY orderId=383634461
[21:24:16.096] [OK] [EXEC] BUY CANCELED confirmed
[21:24:16.356] [INFO] [EXEC] BUY FINAL STATUS status=CANCELED orderId=383634461
[21:24:16.360] [WARNING] [EXEC] BLOCK reason=buy_not_filled
[21:24:16.828] [INFO] [HEALTH] state=GOOD
[21:24:17.097] [INFO] [EXEC] SELL ACCOUNTING RESET new_cycle
[21:24:17.100] [OK] [EXEC] BUY ORDER SENT orderId=383634466 price=81647.00 qty=0.000240
[21:24:17.103] [OK] [EXEC] PLACE BUY price=81647.00 qty=0.000240
[21:24:17.107] [OK] [PLAN] READY entry=81647.00 exit=81652.81 profit=0.001394 age=1262ms
[21:24:18.594] [INFO] [EXEC] ENTRY_REPRICE reason=bid_moved_up old=81647.00 new=81647.02 count=1
[21:24:19.120] [OK] [EXEC] ENTRY_PLACE price=81647.02 qty=0.000240
[21:24:20.107] [INFO] [EXEC] ENTRY_REPRICE reason=bid_moved_up old=81647.02 new=81647.04 count=2
[21:24:20.659] [OK] [EXEC] ENTRY_PLACE price=81647.04 qty=0.000240
[21:24:20.924] [OK] [SYNC] order filled detected
[21:24:20.927] [OK] [SYNC] BUY filled on exchange
[21:24:20.927] [OK] [EXEC] BUY FILL UPDATE delta=0.000240 avg=81647.04
[21:24:20.929] [OK] [EXEC] CHUNK ADD qty=0.000240 entry=81647.04
[21:24:20.930] [INFO] [EXEC] CHUNK COUNT n=1
[21:24:20.931] [OK] [EXEC] INVENTORY qty=0.000240
[21:24:20.932] [OK] [EXEC] SELL REQUIRED inventory=0.000240
[21:24:21.375] [INFO] [EXEC] SELL CHECK inventory=0.000240 reported=0.000000 remaining=0.000240 chunks=1
[21:24:21.378] [OK] [EXEC] PLACE SELL price=81659.32 qty=0.000240
[21:24:21.646] [OK] [EXEC] SELL ORDER SENT orderId=383634525
[21:24:22.621] [INFO] [EXEC] RECOVERY WAIT hard_sl_pending_recovery
[21:24:22.884] [OK] [PLAN] HOT entry=81643.01 exit=81651.34 profit=0.001999 age=1506ms
[21:24:23.377] [INFO] [EXEC] RECOVERY WAIT hard_sl_pending_recovery
[21:24:27.210] [WARNING] [EXEC] SELL TIMEOUT orderId=383634525
[21:24:27.213] [WARNING] [EXEC] CANCEL SELL orderId=383634525
[21:24:27.733] [INFO] [EXEC] SELL FINAL STATUS status=CANCELED orderId=383634525
[21:24:27.736] [INFO] [EXEC] SELL TIMEOUT check fast_exit
[21:24:27.738] [WARNING] [EXEC] FORCE EXIT hard_sl_triggered
[21:24:27.740] [ERROR] [EXEC] HARD SL triggered
[21:24:27.741] [WARNING] [EXEC] PANIC EXIT sl_mode
[21:24:27.742] [WARNING] [EXEC] FORCE EXIT price=81651.34
[21:24:27.743] [OK] [EXEC] PLACE SELL price=81651.34 qty=0.000240
[21:24:28.013] [WARNING] [EXEC] PANIC START price=81651.34
[21:24:28.017] [OK] [EXEC] SELL ORDER SENT orderId=383634551
[21:24:28.804] [OK] [PLAN] READY entry=81643.40 exit=81650.33 profit=0.001663 age=7426ms
[21:24:30.571] [OK] [PLAN] HOT entry=81637.84 exit=81646.36 profit=0.002045 age=9141ms
[21:24:33.000] [WARNING] [EXEC] PANIC WAIT still_open orderId=383634551
[21:24:33.003] [WARNING] [EXEC] PANIC HOLD active orderId=383634551
[21:24:36.041] [WARNING] [EXEC] PANIC WAIT still_open orderId=383634551
[21:24:36.045] [WARNING] [EXEC] PANIC HOLD active orderId=383634551
[21:24:36.845] [OK] [PLAN] READY entry=81635.02 exit=81640.96 profit=0.001426 age=15436ms
[21:24:38.253] [WARNING] [EXEC] PANIC HOLD active orderId=383634551
[21:24:40.095] [WARNING] [EXEC] PANIC WAIT still_open orderId=383634551
[21:24:40.098] [WARNING] [EXEC] PANIC HOLD active orderId=383634551
[21:24:40.847] [OK] [PLAN] HOT entry=81635.57 exit=81643.16 profit=0.001822 age=19467ms
[21:24:41.583] [WARNING] [EXEC] PANIC HOLD active orderId=383634551
[21:24:42.328] [OK] [PLAN] READY entry=81635.57 exit=81641.79 profit=0.001493 age=20949ms
[21:24:43.341] [WARNING] [EXEC] PANIC WAIT still_open orderId=383634551
[21:24:43.345] [WARNING] [EXEC] PANIC HOLD active orderId=383634551
[21:24:43.348] [OK] [PLAN] HOT entry=81635.57 exit=81643.17 profit=0.001824 age=21954ms
[21:24:44.082] [WARNING] [EXEC] PANIC HOLD active orderId=383634551
[21:24:44.088] [OK] [PLAN] READY entry=81635.57 exit=81641.93 profit=0.001526 age=22702ms
[21:24:44.825] [OK] [EXEC] FIFO CLOSE qty=0.000240 entry=81647.04 exit=81651.34 pnl=+0.001032
[21:24:44.828] [INFO] [EXEC] CHUNK DRAINED
[21:24:44.829] [OK] [EXEC] REALIZED pnl=+0.001032
[21:24:44.830] [INFO] [EXEC] SELL ACCOUNTING RESET flat
[21:24:44.833] [OK] [EXEC] CYCLE CLOSED pnl=+0.001032
[21:24:44.835] [INFO] [EXEC] SESSION realized=+0.001898 wins=2 losses=0
[21:24:44.838] [INFO] [EXEC] SELL ACCOUNTING RESET flat
[21:24:44.839] [INFO] [EXEC] CYCLE SKIP no_fifo_pnl
[21:24:44.840] [OK] [EXEC] SELL FILLED id=383634551
[21:24:44.841] [OK] [EXEC] SELL FILLED qty=0.000240 remaining=0.000000
[21:24:44.842] [INFO] [EXEC] SELL ACCOUNTING RESET inventory_drained
[21:24:44.842] [INFO] [EXEC] INVENTORY DRAINED epsilon_cleanup qty=0.000000
[21:24:44.844] [INFO] [EXEC] SELL ACCOUNTING RESET flat
[21:24:44.845] [INFO] [EXEC] CYCLE SKIP no_fifo_pnl
[21:24:44.848] [OK] [PLAN] HOT entry=81637.66 exit=81645.51 profit=0.001884 age=23452ms
[21:24:45.316] [INFO] [HEALTH] state=GOOD
[21:24:45.579] [INFO] [EXEC] SELL ACCOUNTING RESET new_cycle
[21:24:45.582] [OK] [EXEC] BUY ORDER SENT orderId=383635298 price=81641.77 qty=0.000240
[21:24:45.584] [OK] [EXEC] PLACE BUY price=81641.77 qty=0.000240
[21:24:45.587] [OK] [PLAN] READY entry=81641.77 exit=81649.00 profit=0.001735 age=24200ms
[21:24:47.555] [INFO] [EXEC] ENTRY_REPRICE reason=bid_moved_up old=81641.77 new=81644.80 count=1
[21:24:48.089] [OK] [EXEC] ENTRY_PLACE price=81644.80 qty=0.000240
[21:24:49.843] [INFO] [EXEC] ENTRY_REPRICE reason=bid_moved_up old=81644.80 new=81646.06 count=2
[21:24:50.367] [OK] [EXEC] ENTRY_PLACE price=81646.06 qty=0.000240
[21:24:51.380] [WARNING] [EXEC] BUY TIMEOUT orderId=383635471
[21:24:51.381] [WARNING] [EXEC] CANCEL BUY orderId=383635471
[21:24:51.638] [OK] [EXEC] BUY CANCELED confirmed
[21:24:51.900] [INFO] [EXEC] BUY FINAL STATUS status=CANCELED orderId=383635471
[21:24:51.904] [WARNING] [EXEC] BLOCK reason=buy_not_filled
[21:24:54.912] [INFO] [HEALTH] state=GOOD
[21:24:55.173] [INFO] [EXEC] SELL ACCOUNTING RESET new_cycle
[21:24:55.177] [OK] [EXEC] BUY ORDER SENT orderId=383635635 price=81653.02 qty=0.000240
[21:24:55.179] [OK] [EXEC] PLACE BUY price=81653.02 qty=0.000240
[21:24:55.915] [OK] [PLAN] READY entry=81658.03 exit=81664.99 profit=0.001670 age=740ms
[21:24:56.679] [INFO] [EXEC] ENTRY_REPRICE reason=bid_moved_up old=81653.02 new=81657.03 count=1
[21:24:57.205] [OK] [EXEC] ENTRY_PLACE price=81657.03 qty=0.000240
[21:24:57.732] [OK] [SYNC] order filled detected
[21:24:57.735] [OK] [SYNC] BUY filled on exchange
[21:24:57.735] [OK] [EXEC] BUY FILL UPDATE delta=0.000240 avg=81657.03
[21:24:57.738] [OK] [EXEC] CHUNK ADD qty=0.000240 entry=81657.03
[21:24:57.739] [INFO] [EXEC] CHUNK COUNT n=1
[21:24:57.739] [OK] [EXEC] INVENTORY qty=0.000240
[21:24:57.740] [OK] [EXEC] SELL REQUIRED inventory=0.000240
[21:24:58.197] [INFO] [EXEC] SELL CHECK inventory=0.000240 reported=0.000000 remaining=0.000240 chunks=1
[21:24:58.201] [OK] [EXEC] PLACE SELL price=81664.99 qty=0.000240
[21:24:58.467] [OK] [EXEC] SELL ORDER SENT orderId=383635828
[21:24:58.472] [OK] [PLAN] HOT entry=81653.02 exit=81664.99 profit=0.002873 age=3023ms
[21:24:58.938] [INFO] [EXEC] RECOVERY WAIT hard_sl_pending_recovery
[21:25:00.470] [OK] [SYNC] order filled detected
[21:25:00.472] [OK] [SYNC] SELL filled on exchange
[21:25:00.473] [OK] [EXEC] FIFO CLOSE qty=0.000240 entry=81657.03 exit=81664.99 pnl=+0.001910
[21:25:00.475] [INFO] [EXEC] CHUNK DRAINED
[21:25:00.478] [OK] [EXEC] REALIZED pnl=+0.001910
[21:25:00.479] [INFO] [EXEC] SELL ACCOUNTING RESET flat
[21:25:00.481] [OK] [EXEC] CYCLE CLOSED pnl=+0.001910
[21:25:00.482] [INFO] [EXEC] SESSION realized=+0.003809 wins=3 losses=0
[21:25:01.455] [INFO] [HEALTH] state=GOOD
[21:25:01.719] [INFO] [EXEC] SELL ACCOUNTING RESET new_cycle
[21:25:01.720] [OK] [EXEC] BUY ORDER SENT orderId=383636016 price=81665.43 qty=0.000240
[21:25:01.721] [OK] [EXEC] PLACE BUY price=81665.43 qty=0.000240
[21:25:02.717] [OK] [PLAN] READY entry=81666.44 exit=81671.48 profit=0.001210 age=997ms
[21:25:03.724] [INFO] [EXEC] ENTRY_REPRICE reason=bid_moved_up old=81665.43 new=81665.45 count=1
[21:25:04.251] [OK] [EXEC] ENTRY_PLACE price=81665.45 qty=0.000240
[21:25:05.031] [INFO] [EXEC] ENTRY_REPRICE reason=bid_moved_up old=81665.45 new=81665.47 count=2
[21:25:05.560] [OK] [EXEC] ENTRY_PLACE price=81665.47 qty=0.000240
[21:25:06.537] [OK] [EXEC] BUY FILL UPDATE delta=0.000240 avg=81665.47
[21:25:06.540] [OK] [EXEC] CHUNK ADD qty=0.000240 entry=81665.47
[21:25:06.542] [INFO] [EXEC] CHUNK COUNT n=1
[21:25:06.543] [OK] [EXEC] INVENTORY qty=0.000240
[21:25:06.544] [OK] [EXEC] SELL REQUIRED inventory=0.000240
[21:25:06.546] [OK] [EXEC] BUY PARTIAL delta=0.000240 total=0.000240
[21:25:06.547] [OK] [EXEC] BUY REMAINING qty=0.000000
[21:25:06.549] [OK] [EXEC] BUY FILLED id=383636102
[21:25:06.807] [OK] [SYNC] order filled detected
[21:25:06.809] [OK] [SYNC] BUY filled on exchange
[21:25:07.322] [INFO] [EXEC] SELL CHECK inventory=0.000240 reported=0.000000 remaining=0.000240 chunks=1
[21:25:07.325] [OK] [EXEC] PLACE SELL price=81669.34 qty=0.000240
[21:25:07.587] [OK] [EXEC] SELL ORDER SENT orderId=383636180
[21:25:08.086] [INFO] [EXEC] RECOVERY WAIT hard_sl_pending_recovery
[21:25:12.916] [WARNING] [EXEC] SELL TIMEOUT orderId=383636180
[21:25:12.918] [WARNING] [EXEC] CANCEL SELL orderId=383636180
[21:25:13.436] [INFO] [EXEC] SELL FINAL STATUS status=CANCELED orderId=383636180
[21:25:13.440] [INFO] [EXEC] SELL TIMEOUT check fast_exit
[21:25:13.442] [WARNING] [EXEC] FORCE EXIT hard_sl_triggered
[21:25:13.444] [ERROR] [EXEC] HARD SL triggered
[21:25:13.446] [WARNING] [EXEC] PANIC EXIT sl_mode
[21:25:13.447] [WARNING] [EXEC] FORCE EXIT price=81666.00
[21:25:13.448] [OK] [EXEC] PLACE SELL price=81666.00 qty=0.000240
[21:25:13.706] [WARNING] [EXEC] PANIC START price=81666.00
[21:25:13.711] [OK] [EXEC] SELL ORDER SENT orderId=383636252
[21:25:16.984] [OK] [SYNC] order filled detected
[21:25:16.986] [OK] [SYNC] SELL filled on exchange
[21:25:16.987] [OK] [EXEC] FIFO CLOSE qty=0.000240 entry=81665.47 exit=81666.00 pnl=+0.000127
[21:25:16.988] [INFO] [EXEC] CHUNK DRAINED
[21:25:16.990] [OK] [EXEC] REALIZED pnl=+0.000127
[21:25:16.991] [INFO] [EXEC] SELL ACCOUNTING RESET flat
[21:25:16.993] [OK] [EXEC] CYCLE CLOSED pnl=+0.000127
[21:25:16.994] [INFO] [EXEC] SESSION realized=+0.003936 wins=4 losses=0
[21:25:18.998] [INFO] [HEALTH] state=GOOD
[21:25:19.265] [INFO] [EXEC] SELL ACCOUNTING RESET new_cycle
[21:25:19.269] [OK] [EXEC] BUY ORDER SENT orderId=383636328 price=81664.49 qty=0.000240
[21:25:19.272] [OK] [EXEC] PLACE BUY price=81664.49 qty=0.000240
[21:25:20.024] [OK] [PLAN] READY entry=81665.50 exit=81671.77 profit=0.001505 age=769ms
[21:25:20.773] [INFO] [EXEC] ENTRY_REPRICE reason=bid_moved_up old=81664.49 new=81664.51 count=1
[21:25:21.316] [OK] [EXEC] ENTRY_PLACE price=81664.51 qty=0.000240
[21:25:23.325] [INFO] [EXEC] ENTRY_REPRICE reason=bid_moved_up old=81664.51 new=81664.53 count=2
[21:25:23.847] [OK] [EXEC] ENTRY_PLACE price=81664.53 qty=0.000240
[21:25:24.870] [WARNING] [EXEC] BUY TIMEOUT orderId=383636414
[21:25:24.876] [WARNING] [EXEC] CANCEL BUY orderId=383636414
[21:25:25.139] [OK] [EXEC] BUY CANCELED confirmed
[21:25:25.408] [INFO] [EXEC] BUY FINAL STATUS status=CANCELED orderId=383636414
[21:25:25.411] [WARNING] [EXEC] BLOCK reason=buy_not_filled
[21:25:33.765] [INFO] [HEALTH] state=GOOD
[21:25:34.025] [INFO] [EXEC] SELL ACCOUNTING RESET new_cycle
[21:25:34.029] [OK] [EXEC] BUY ORDER SENT orderId=383636506 price=81665.56 qty=0.000240
[21:25:34.032] [OK] [EXEC] PLACE BUY price=81665.56 qty=0.000240
[21:25:35.798] [INFO] [EXEC] ENTRY_REPRICE reason=bid_moved_up old=81665.56 new=81665.60 count=1
[21:25:36.323] [OK] [EXEC] ENTRY_PLACE price=81665.60 qty=0.000240
[21:25:38.837] [WARNING] [EXEC] BUY TIMEOUT orderId=383636538
[21:25:38.841] [WARNING] [EXEC] CANCEL BUY orderId=383636538
[21:25:39.103] [OK] [EXEC] BUY CANCELED confirmed
[21:25:39.367] [INFO] [EXEC] BUY FINAL STATUS status=CANCELED orderId=383636538
[21:25:39.371] [WARNING] [EXEC] BLOCK reason=buy_not_filled
[21:25:54.673] [INFO] [HEALTH] state=GOOD
[21:25:54.940] [INFO] [EXEC] SELL ACCOUNTING RESET new_cycle
[21:25:54.944] [OK] [EXEC] BUY ORDER SENT orderId=383636739 price=81666.65 qty=0.000240
[21:25:54.947] [OK] [EXEC] PLACE BUY price=81666.65 qty=0.000240
[21:25:55.713] [OK] [EXEC] BUY FILL UPDATE delta=0.000070 avg=81666.65
[21:25:55.714] [OK] [EXEC] CHUNK ADD qty=0.000070 entry=81666.65
[21:25:55.715] [INFO] [EXEC] CHUNK COUNT n=1
[21:25:55.717] [OK] [EXEC] INVENTORY qty=0.000070
[21:25:55.718] [OK] [EXEC] SELL REQUIRED inventory=0.000070
[21:25:55.719] [OK] [EXEC] BUY PARTIAL delta=0.000070 total=0.000070
[21:25:55.720] [OK] [EXEC] BUY REMAINING qty=0.000170
[21:25:56.757] [INFO] [EXEC] SELL CHECK inventory=0.000070 reported=0.000000 remaining=0.000070 chunks=1
[21:25:56.760] [OK] [EXEC] PLACE SELL price=81667.18 qty=0.000070
[21:25:57.025] [OK] [EXEC] SELL ORDER SENT orderId=383636756
[21:25:57.296] [OK] [SYNC] order filled detected
[21:25:57.299] [OK] [SYNC] SELL filled on exchange
[21:25:57.300] [OK] [EXEC] FIFO CLOSE qty=0.000070 entry=81666.65 exit=81667.18 pnl=+0.000037
[21:25:57.302] [INFO] [EXEC] CHUNK DRAINED
[21:25:57.305] [OK] [EXEC] REALIZED pnl=+0.000037
[21:25:57.307] [INFO] [EXEC] SELL ACCOUNTING RESET flat
[21:25:57.309] [OK] [EXEC] CYCLE CLOSED pnl=+0.000037
[21:25:57.310] [INFO] [EXEC] SESSION realized=+0.003973 wins=5 losses=0
[21:26:00.785] [INFO] [HEALTH] state=GOOD
[21:26:01.050] [INFO] [EXEC] SELL ACCOUNTING RESET new_cycle
[21:26:01.053] [OK] [EXEC] BUY ORDER SENT orderId=383636882 price=81671.95 qty=0.000240
[21:26:01.056] [OK] [EXEC] PLACE BUY price=81671.95 qty=0.000240
[21:26:02.014] [OK] [PLAN] READY entry=81672.96 exit=81678.26 profit=0.001272 age=968ms
[21:26:02.543] [INFO] [EXEC] ENTRY_REPRICE reason=bid_moved_up old=81671.95 new=81671.97 count=1
[21:26:03.065] [OK] [EXEC] ENTRY_PLACE price=81671.97 qty=0.000240
[21:26:04.552] [INFO] [EXEC] ENTRY_REPRICE reason=bid_moved_up old=81671.97 new=81672.01 count=2
[21:26:05.077] [OK] [EXEC] ENTRY_PLACE price=81672.01 qty=0.000240
[21:26:05.944] [WARNING] cancel all requested
[21:26:06.740] [WARNING] [SYNC] desync fixed
[21:26:06.742] [WARNING] STOP
[21:26:19.120] [EXCHANGE] symbol=BTCU base=BTC quote=U status=TRADING permissions=[]
[21:26:19.122] [OK] START
[21:26:19.123] [INFO] [EXEC] LIVE ON
[21:26:19.124] [INFO] [EXEC] WAIT READY
[21:26:19.394] [WS] primary url=wss://stream.binance.com:9443/ws/btcu@bookTicker
[21:26:19.395] [WS] connecting primary
[21:26:20.282] [WS] connected
[21:26:26.923] [WARNING] cancel all requested
[21:26:26.924] [WARNING] STOP
[21:26:44.414] [OK] [SETTINGS] settings saved
[21:26:46.051] [EXCHANGE] symbol=BTCU base=BTC quote=U status=TRADING permissions=[]
[21:26:46.053] [OK] START
[21:26:46.055] [INFO] [EXEC] LIVE ON
[21:26:46.056] [INFO] [EXEC] WAIT READY
[21:26:46.348] [WS] primary url=wss://stream.binance.com:9443/ws/btcu@bookTicker
[21:26:46.349] [WS] connecting primary
[21:26:47.123] [WS] connected
[21:26:49.961] [INFO] [HEALTH] state=GOOD
[21:26:50.220] [INFO] [EXEC] SELL ACCOUNTING RESET new_cycle
[21:26:50.225] [OK] [EXEC] BUY ORDER SENT orderId=383637475 price=81658.29 qty=0.122460
[21:26:50.227] [OK] [EXEC] PLACE BUY price=81658.29 qty=0.122460
[21:26:50.761] [OK] [SYNC] order filled detected
[21:26:50.764] [OK] [SYNC] BUY filled on exchange
[21:26:50.765] [OK] [EXEC] BUY FILL UPDATE delta=0.122460 avg=81658.29
[21:26:50.766] [OK] [EXEC] CHUNK ADD qty=0.122460 entry=81658.29
[21:26:50.769] [INFO] [EXEC] CHUNK COUNT n=1
[21:26:50.771] [OK] [EXEC] INVENTORY qty=0.122460
[21:26:50.772] [OK] [EXEC] SELL REQUIRED inventory=0.122460
[21:26:51.212] [INFO] [EXEC] SELL CHECK inventory=0.122460 reported=0.000000 remaining=0.122460 chunks=1
[21:26:51.216] [OK] [EXEC] PLACE SELL price=81658.32 qty=0.122460
[21:26:51.478] [OK] [EXEC] SELL ORDER SENT orderId=383637553
[21:26:51.995] [INFO] [EXEC] RECOVERY WAIT hard_sl_pending_recovery
[21:26:56.514] [WARNING] [EXEC] SELL TIMEOUT orderId=383637553
[21:26:56.516] [WARNING] [EXEC] CANCEL SELL orderId=383637553
[21:26:57.033] [INFO] [EXEC] SELL FINAL STATUS status=CANCELED orderId=383637553
[21:26:57.036] [INFO] [EXEC] SELL TIMEOUT check fast_exit
[21:26:57.039] [WARNING] [EXEC] FORCE EXIT hard_sl_triggered
[21:26:57.041] [ERROR] [EXEC] HARD SL triggered
[21:26:57.043] [WARNING] [EXEC] PANIC EXIT sl_mode
[21:26:57.044] [WARNING] [EXEC] FORCE EXIT price=81655.25
[21:26:57.045] [OK] [EXEC] PLACE SELL price=81655.25 qty=0.122460
[21:26:57.321] [WARNING] [EXEC] PANIC START price=81655.25
[21:26:57.323] [OK] [EXEC] SELL ORDER SENT orderId=383637622
[21:27:00.562] [OK] [PLAN] HOT entry=81646.56 exit=81654.24 profit=0.940570 age=765ms
[21:27:01.588] [WARNING] [EXEC] PANIC WAIT still_open orderId=383637622
[21:27:01.591] [WARNING] [EXEC] PANIC HOLD active orderId=383637622
[21:27:03.124] [OK] [EXEC] FIFO CLOSE qty=0.122460 entry=81658.29 exit=81655.25 pnl=-0.372278
[21:27:03.131] [INFO] [EXEC] CHUNK DRAINED
[21:27:03.134] [OK] [EXEC] REALIZED pnl=-0.372278
[21:27:03.137] [INFO] [EXEC] SELL ACCOUNTING RESET flat
[21:27:03.140] [OK] [EXEC] CYCLE CLOSED pnl=-0.372278
[21:27:03.142] [INFO] [EXEC] SESSION realized=-0.368305 wins=5 losses=1
[21:27:03.145] [INFO] [EXEC] SELL ACCOUNTING RESET flat
[21:27:03.147] [INFO] [EXEC] CYCLE SKIP no_fifo_pnl
[21:27:03.148] [OK] [EXEC] SELL FILLED id=383637622
[21:27:03.149] [OK] [EXEC] SELL FILLED qty=0.122460 remaining=0.000000
[21:27:03.150] [INFO] [EXEC] SELL ACCOUNTING RESET inventory_drained
[21:27:03.151] [INFO] [EXEC] INVENTORY DRAINED epsilon_cleanup qty=0.000000
[21:27:03.152] [INFO] [EXEC] SELL ACCOUNTING RESET flat
[21:27:03.153] [INFO] [EXEC] CYCLE SKIP no_fifo_pnl
[21:27:03.611] [INFO] [HEALTH] state=GOOD
[21:27:03.612] [WARNING] [EXEC] BLOCK_BUY reason=cooldown_loss_cycle mode=FAST ws_age=172 spread=10.10 stable=1/1 mid_delta=0.00 bid_delta=0.00
[21:27:04.138] [INFO] [EXEC] SELL ACCOUNTING RESET new_cycle
[21:27:04.140] [OK] [EXEC] BUY ORDER SENT orderId=383637756 price=81648.89 qty=0.122470
[21:27:04.142] [OK] [EXEC] PLACE BUY price=81648.89 qty=0.122470
[21:27:04.144] [OK] [PLAN] HOT entry=81648.89 exit=81656.99 profit=0.992007 age=263ms
[21:27:05.657] [INFO] [EXEC] ENTRY_REPRICE reason=bid_moved_up old=81648.89 new=81651.85 count=1
[21:27:06.184] [OK] [EXEC] ENTRY_PLACE price=81651.85 qty=0.122470
[21:27:07.426] [OK] [SYNC] order filled detected
[21:27:07.428] [OK] [SYNC] BUY filled on exchange
[21:27:07.429] [OK] [EXEC] BUY FILL UPDATE delta=0.122470 avg=81651.84
[21:27:07.431] [OK] [EXEC] CHUNK ADD qty=0.122470 entry=81651.84
[21:27:07.433] [INFO] [EXEC] CHUNK COUNT n=1
[21:27:07.434] [OK] [EXEC] INVENTORY qty=0.122470
[21:27:07.436] [OK] [EXEC] SELL REQUIRED inventory=0.122470
[21:27:07.913] [INFO] [EXEC] SELL CHECK inventory=0.122470 reported=0.000000 remaining=0.122470 chunks=1
[21:27:07.916] [OK] [EXEC] PLACE SELL price=81654.09 qty=0.122470
[21:27:08.183] [OK] [EXEC] SELL ORDER SENT orderId=383637811
[21:27:08.698] [INFO] [EXEC] RECOVERY WAIT hard_sl_pending_recovery
[21:27:08.964] [OK] [EXEC] FIFO CLOSE qty=0.122470 entry=81651.84 exit=81654.09 pnl=+0.275557
[21:27:08.968] [INFO] [EXEC] CHUNK DRAINED
[21:27:08.970] [OK] [EXEC] REALIZED pnl=+0.275557
[21:27:08.972] [INFO] [EXEC] SELL ACCOUNTING RESET flat
[21:27:08.974] [OK] [EXEC] CYCLE CLOSED pnl=+0.275557
[21:27:08.976] [INFO] [EXEC] SESSION realized=-0.092748 wins=6 losses=1
[21:27:08.978] [INFO] [EXEC] SELL ACCOUNTING RESET flat
[21:27:08.979] [INFO] [EXEC] CYCLE SKIP no_fifo_pnl
[21:27:08.980] [OK] [EXEC] SELL FILLED id=383637811
[21:27:08.981] [OK] [EXEC] SELL FILLED qty=0.122470 remaining=0.000000
[21:27:08.984] [INFO] [EXEC] SELL ACCOUNTING RESET inventory_drained
[21:27:08.985] [INFO] [EXEC] INVENTORY DRAINED epsilon_cleanup qty=0.000000
[21:27:08.987] [INFO] [EXEC] SELL ACCOUNTING RESET flat
[21:27:08.988] [INFO] [EXEC] CYCLE SKIP no_fifo_pnl
[21:27:08.990] [OK] [PLAN] READY entry=81650.48 exit=81655.50 profit=0.614799 age=1044ms
[21:27:15.118] [INFO] [HEALTH] state=GOOD
[21:27:15.380] [INFO] [EXEC] SELL ACCOUNTING RESET new_cycle
[21:27:15.383] [OK] [EXEC] BUY ORDER SENT orderId=383637899 price=81647.87 qty=0.122470
[21:27:15.384] [OK] [EXEC] PLACE BUY price=81647.87 qty=0.122470
[21:27:17.174] [INFO] [EXEC] ENTRY_REPRICE reason=bid_moved_up old=81647.87 new=81649.58 count=1
[21:27:17.706] [OK] [EXEC] ENTRY_PLACE price=81649.58 qty=0.122470
[21:27:17.970] [OK] [SYNC] order filled detected
[21:27:17.973] [OK] [SYNC] BUY filled on exchange
[21:27:17.974] [OK] [EXEC] BUY FILL UPDATE delta=0.122470 avg=81649.58
[21:27:17.977] [OK] [EXEC] CHUNK ADD qty=0.122470 entry=81649.58
[21:27:17.980] [INFO] [EXEC] CHUNK COUNT n=1
[21:27:17.982] [OK] [EXEC] INVENTORY qty=0.122470
[21:27:17.984] [OK] [EXEC] SELL REQUIRED inventory=0.122470
[21:27:18.431] [INFO] [EXEC] SELL CHECK inventory=0.122470 reported=0.000000 remaining=0.122470 chunks=1
[21:27:18.435] [OK] [EXEC] PLACE SELL price=81649.61 qty=0.122470
[21:27:18.710] [OK] [EXEC] SELL ORDER SENT orderId=383638048
[21:27:19.173] [INFO] [EXEC] RECOVERY WAIT hard_sl_pending_recovery
[21:27:22.744] [OK] [PLAN] READY entry=81635.72 exit=81640.99 profit=0.645522 age=796ms
[21:27:23.479] [INFO] [EXEC] RECOVERY WAIT hard_sl_pending_recovery
[21:27:23.739] [WARNING] [EXEC] SELL TIMEOUT orderId=383638048
[21:27:23.743] [WARNING] [EXEC] CANCEL SELL orderId=383638048
[21:27:24.752] [INFO] [EXEC] SELL FINAL STATUS status=CANCELED orderId=383638048
[21:27:24.756] [INFO] [EXEC] SELL TIMEOUT check fast_exit
[21:27:24.759] [WARNING] [EXEC] FORCE EXIT hard_sl_triggered
[21:27:24.762] [ERROR] [EXEC] HARD SL triggered
[21:27:24.764] [WARNING] [EXEC] PANIC EXIT sl_mode
[21:27:24.765] [WARNING] [EXEC] FORCE EXIT price=81640.99
[21:27:24.767] [OK] [EXEC] PLACE SELL price=81640.99 qty=0.122470
[21:27:25.512] [WARNING] [EXEC] PANIC START price=81640.99
[21:27:25.517] [OK] [EXEC] SELL ORDER SENT orderId=383638195
[21:27:29.287] [WARNING] [EXEC] PANIC WAIT still_open orderId=383638195
[21:27:29.291] [WARNING] [EXEC] PANIC HOLD active orderId=383638195
[21:27:33.127] [WARNING] [EXEC] PANIC WAIT still_open orderId=383638195
[21:27:33.130] [WARNING] [EXEC] PANIC HOLD active orderId=383638195
[21:27:37.425] [WARNING] [EXEC] PANIC WAIT still_open orderId=383638195
[21:27:37.428] [WARNING] [EXEC] PANIC HOLD active orderId=383638195
[21:27:40.736] [WARNING] [EXEC] PANIC WAIT still_open orderId=383638195
[21:27:40.739] [WARNING] [EXEC] PANIC HOLD active orderId=383638195
[21:27:42.527] [OK] [SYNC] order filled detected
[21:27:42.530] [OK] [SYNC] SELL filled on exchange
[21:27:42.531] [OK] [EXEC] FIFO CLOSE qty=0.122470 entry=81649.58 exit=81640.99 pnl=-1.052017
[21:27:42.532] [INFO] [EXEC] CHUNK DRAINED
[21:27:42.533] [OK] [EXEC] REALIZED pnl=-1.052017
[21:27:42.535] [INFO] [EXEC] SELL ACCOUNTING RESET flat
[21:27:42.538] [OK] [EXEC] CYCLE CLOSED pnl=-1.052017
[21:27:42.540] [INFO] [EXEC] SESSION realized=-1.144765 wins=6 losses=2
[21:27:42.781] [INFO] [HEALTH] state=GOOD
[21:27:42.782] [WARNING] [EXEC] BLOCK_BUY reason=cooldown_loss_cycle mode=FAST ws_age=234 spread=8.26 stable=1/1 mid_delta=0.00 bid_delta=0.00
[21:27:43.032] [OK] [PLAN] READY entry=81634.73 exit=81640.99 profit=0.766787 age=249ms
[21:27:43.554] [INFO] [EXEC] SELL ACCOUNTING RESET new_cycle
[21:27:43.556] [OK] [EXEC] BUY ORDER SENT orderId=383638399 price=81634.73 qty=0.122490
[21:27:43.557] [OK] [EXEC] PLACE BUY price=81634.73 qty=0.122490
[21:27:45.569] [INFO] [EXEC] ENTRY_REPRICE reason=bid_moved_up old=81634.73 new=81634.77 count=1
[21:27:46.094] [OK] [EXEC] ENTRY_PLACE price=81634.77 qty=0.122490
[21:27:46.618] [OK] [SYNC] order filled detected
[21:27:46.621] [OK] [SYNC] BUY filled on exchange
[21:27:46.622] [OK] [EXEC] BUY FILL UPDATE delta=0.122490 avg=81634.76
[21:27:46.624] [OK] [EXEC] CHUNK ADD qty=0.122490 entry=81634.76
[21:27:46.626] [INFO] [EXEC] CHUNK COUNT n=1
[21:27:46.628] [OK] [EXEC] INVENTORY qty=0.122490
[21:27:46.630] [OK] [EXEC] SELL REQUIRED inventory=0.122490
[21:27:47.089] [INFO] [EXEC] SELL CHECK inventory=0.122490 reported=0.000000 remaining=0.122490 chunks=1
[21:27:47.092] [OK] [EXEC] PLACE SELL price=81637.44 qty=0.122490
[21:27:47.355] [OK] [EXEC] SELL ORDER SENT orderId=383638458
[21:27:51.353] [OK] [PLAN] HOT entry=81619.44 exit=81628.60 profit=1.122192 age=8299ms
[21:27:53.117] [WARNING] [EXEC] PANIC WAIT still_open orderId=383638458
[21:27:53.121] [WARNING] [EXEC] PANIC STALE detected orderId=383638458
[21:27:53.124] [WARNING] [EXEC] PANIC ESCALATE old=81640.99 new=81610.28 qty=0.122490
[21:27:53.945] [WARNING] [EXEC] PANIC ESCALATE placed orderId=383638900
[21:27:53.954] [OK] [PLAN] READY entry=81611.28 exit=81616.99 profit=0.699646 age=10046ms
[21:27:54.482] [OK] [SYNC] order filled detected
[21:27:54.484] [OK] [SYNC] SELL filled on exchange
[21:27:54.485] [OK] [EXEC] FIFO CLOSE qty=0.122490 entry=81634.76 exit=81611.98 pnl=-2.790142
[21:27:54.488] [INFO] [EXEC] CHUNK DRAINED
[21:27:54.490] [OK] [EXEC] REALIZED pnl=-2.790142
[21:27:54.493] [INFO] [EXEC] SELL ACCOUNTING RESET flat
[21:27:54.494] [OK] [EXEC] CYCLE CLOSED pnl=-2.790142
[21:27:54.495] [INFO] [EXEC] SESSION realized=-3.934908 wins=6 losses=3
[21:27:54.831] [INFO] [HEALTH] state=GOOD
[21:27:54.832] [WARNING] [EXEC] BLOCK_BUY reason=cooldown_loss_cycle mode=FAST ws_age=47 spread=7.14 stable=1/1 mid_delta=0.00 bid_delta=0.00
[21:28:05.012] [INFO] [HEALTH] state=GOOD
[21:28:05.304] [INFO] [EXEC] SELL ACCOUNTING RESET new_cycle
[21:28:05.307] [OK] [EXEC] BUY ORDER SENT orderId=383639041 price=81611.32 qty=0.122530
[21:28:05.308] [OK] [EXEC] PLACE BUY price=81611.32 qty=0.122530
[21:28:06.040] [OK] [PLAN] READY entry=81614.64 exit=81621.27 profit=0.812308 age=771ms
[21:28:06.812] [INFO] [EXEC] ENTRY_REPRICE reason=bid_moved_up old=81611.32 new=81613.65 count=1
[21:28:07.351] [OK] [EXEC] ENTRY_PLACE price=81613.65 qty=0.122530
[21:28:07.358] [OK] [PLAN] HOT entry=81614.64 exit=81622.14 profit=0.918900 age=1533ms
[21:28:08.331] [INFO] [EXEC] ENTRY_REPRICE reason=bid_moved_up old=81613.65 new=81613.67 count=2
[21:28:08.863] [OK] [EXEC] ENTRY_PLACE price=81613.67 qty=0.122530
[21:28:08.870] [OK] [PLAN] READY entry=81614.66 exit=81621.79 profit=0.873568 age=3047ms
[21:28:09.547] [WARNING] cancel all requested
[21:28:10.328] [WARNING] [SYNC] desync fixed
[21:28:10.331] [WARNING] STOP
