[17:17:21.169] [OK] filters loaded
[17:17:22.851] [EXCHANGE] symbol=BTCU base=BTC quote=U status=TRADING permissions=[]
[17:17:22.852] [OK] START
[17:17:23.327] [INFO] [EXEC] LIVE ON
[17:17:23.330] [INFO] [EXEC] WAIT READY
[17:17:23.865] [INFO] [EXEC] SELL ACCOUNTING RESET new_cycle
[17:17:23.869] [OK] [EXEC] BUY ORDER SENT orderId=383021099 price=81637.10 qty=0.122490
[17:17:23.872] [OK] [EXEC] PLACE BUY price=81637.10 qty=0.122490
[17:17:24.450] [OK] [SYNC] order filled detected
[17:17:24.453] [OK] [SYNC] BUY filled on exchange
[17:17:24.454] [OK] [EXEC] BUY FILL UPDATE delta=0.122490 avg=81637.10
[17:17:24.459] [OK] [EXEC] CHUNK ADD qty=0.122490 entry=81637.10
[17:17:24.462] [INFO] [EXEC] CHUNK COUNT n=1
[17:17:24.464] [OK] [EXEC] INVENTORY qty=0.122490
[17:17:24.465] [OK] [EXEC] SELL REQUIRED inventory=0.122490
[17:17:24.468] [WS] primary url=wss://stream.binance.com:9443/ws/btcu@bookTicker
[17:17:24.468] [WS] connecting primary
[17:17:24.468] [WS] connected
[17:17:24.469] [WS] LIVE bid=81637.10 ask=81642.99
[17:17:24.585] [INFO] [EXEC] SELL CHECK inventory=0.122490 reported=0.000000 remaining=0.122490 chunks=1
[17:17:24.585] [OK] [EXEC] PLACE SELL price=81640.99 qty=0.122490
[17:17:24.853] [OK] [EXEC] SELL ORDER SENT orderId=383021189
[17:17:24.858] [OK] [PLAN] READY entry=81637.11 exit=81640.99 profit=0.475261 age=1258ms
[17:17:26.164] [INFO] [EXEC] RECOVERY WAIT hard_sl_pending_recovery
[17:17:26.444] [OK] [PLAN] HOT entry=81628.10 exit=81635.39 profit=0.893025 age=2837ms
[17:17:28.214] [INFO] [EXEC] RECOVERY WAIT hard_sl_pending_recovery
[17:17:28.525] [WARNING] [EXEC] SELL TIMEOUT orderId=383021189
[17:17:28.529] [WARNING] [EXEC] CANCEL SELL orderId=383021189
[17:17:29.090] [INFO] [EXEC] SELL FINAL STATUS status=CANCELED orderId=383021189
[17:17:29.090] [INFO] [EXEC] SELL TIMEOUT check fast_exit
[17:17:29.090] [WARNING] [EXEC] FORCE EXIT hard_sl_triggered
[17:17:29.090] [ERROR] [EXEC] HARD SL triggered
[17:17:29.090] [WARNING] [EXEC] PANIC EXIT sl_mode
[17:17:29.090] [WARNING] [EXEC] FORCE EXIT price=81638.70
[17:17:29.105] [OK] [EXEC] PLACE SELL price=81638.70 qty=0.122490
[17:17:29.375] [WARNING] [EXEC] PANIC START price=81638.70
[17:17:29.378] [OK] [EXEC] SELL ORDER SENT orderId=383021421
[17:17:30.194] [WS] LIVE bid=81626.01 ask=81635.16
[17:17:30.550] [OK] [EXEC] FIFO CLOSE qty=0.122490 entry=81637.10 exit=81638.70 pnl=+0.195984
[17:17:30.553] [INFO] [EXEC] CHUNK CLOSED entry=81637.10
[17:17:30.554] [OK] [EXEC] REALIZED pnl=+0.195984
[17:17:30.555] [INFO] [EXEC] SELL ACCOUNTING RESET flat
[17:17:30.556] [OK] [EXEC] CYCLE CLOSED pnl=+0.195984
[17:17:30.558] [INFO] [EXEC] SESSION realized=+0.195984 wins=1 losses=0
[17:17:30.559] [INFO] [EXEC] SELL ACCOUNTING RESET flat
[17:17:30.560] [INFO] [EXEC] CYCLE SKIP no_fifo_pnl
[17:17:30.561] [OK] [EXEC] SELL FILLED id=383021421
[17:17:30.562] [OK] [EXEC] SELL FILLED qty=0.122490 remaining=0.000000
[17:17:30.563] [OK] [EXEC] PANIC FILLED
[17:17:30.563] [INFO] [EXEC] PANIC RESET
[17:17:30.564] [INFO] [EXEC] SELL ACCOUNTING RESET flat
[17:17:30.565] [INFO] [EXEC] CYCLE SKIP no_fifo_pnl
[17:17:33.225] [INFO] [EXEC] SELL ACCOUNTING RESET new_cycle
[17:17:33.225] [OK] [EXEC] BUY ORDER SENT orderId=383021816 price=81642.47 qty=0.122480
[17:17:33.225] [OK] [EXEC] PLACE BUY price=81642.47 qty=0.122480
[17:17:33.788] [OK] [SYNC] order filled detected
[17:17:33.788] [OK] [SYNC] BUY filled on exchange
[17:17:33.788] [OK] [EXEC] BUY FILL UPDATE delta=0.122480 avg=81642.47
[17:17:33.788] [OK] [EXEC] CHUNK ADD qty=0.122480 entry=81642.47
[17:17:33.788] [INFO] [EXEC] CHUNK COUNT n=1
[17:17:33.788] [OK] [EXEC] INVENTORY qty=0.122480
[17:17:33.788] [OK] [EXEC] SELL REQUIRED inventory=0.122480
[17:17:33.947] [WS] LIVE bid=81643.38 ask=81651.58
[17:17:34.807] [INFO] [EXEC] SELL CHECK inventory=0.122480 reported=0.000000 remaining=0.122480 chunks=1
[17:17:34.810] [OK] [EXEC] PLACE SELL price=81650.78 qty=0.122480
[17:17:35.104] [OK] [EXEC] SELL ORDER SENT orderId=383021943
[17:17:35.366] [INFO] [EXEC] RECOVERY WAIT hard_sl_pending_recovery
[17:17:39.522] [WARNING] [EXEC] SELL TIMEOUT orderId=383021943
[17:17:39.522] [WARNING] [EXEC] CANCEL SELL orderId=383021943
[17:17:40.067] [INFO] [EXEC] SELL FINAL STATUS status=CANCELED orderId=383021943
[17:17:40.070] [INFO] [EXEC] SELL TIMEOUT check fast_exit
[17:17:40.071] [WARNING] [EXEC] FORCE EXIT hard_sl_triggered
[17:17:40.072] [ERROR] [EXEC] HARD SL triggered
[17:17:40.073] [WARNING] [EXEC] PANIC EXIT sl_mode
[17:17:40.075] [WARNING] [EXEC] FORCE EXIT price=81629.58
[17:17:40.076] [OK] [EXEC] PLACE SELL price=81629.58 qty=0.122480
[17:17:40.343] [WARNING] [EXEC] PANIC START price=81629.58
[17:17:40.343] [OK] [EXEC] SELL ORDER SENT orderId=383022257
[17:17:40.617] [WS] LIVE bid=81621.06 ask=81630.59
[17:17:40.946] [OK] [EXEC] FIFO CLOSE qty=0.000070 entry=81642.47 exit=81629.58 pnl=-0.000902
[17:17:40.946] [OK] [EXEC] REALIZED pnl=-0.000902
[17:17:40.951] [OK] [EXEC] SELL PARTIAL delta=0.000070
[17:17:40.952] [OK] [EXEC] INVENTORY remaining=0.122410
[17:17:40.952] [WARNING] [EXEC] PANIC PARTIAL filled=0.000070 remaining=0.122410
[17:17:41.709] [OK] [EXEC] FIFO CLOSE qty=0.122410 entry=81642.47 exit=81629.58 pnl=-1.577865
[17:17:41.709] [INFO] [EXEC] CHUNK CLOSED entry=81642.47
[17:17:41.709] [OK] [EXEC] REALIZED pnl=-1.577865
[17:17:41.709] [INFO] [EXEC] SELL ACCOUNTING RESET flat
[17:17:41.709] [OK] [EXEC] CYCLE CLOSED pnl=-1.578767
[17:17:41.725] [INFO] [EXEC] SESSION realized=-1.382783 wins=1 losses=1
[17:17:41.725] [INFO] [EXEC] SELL ACCOUNTING RESET flat
[17:17:41.725] [INFO] [EXEC] CYCLE SKIP no_fifo_pnl
[17:17:41.725] [OK] [EXEC] SELL FILLED id=383022257
[17:17:41.725] [OK] [EXEC] SELL FILLED qty=0.122480 remaining=0.000000
[17:17:41.725] [OK] [EXEC] PANIC FILLED
[17:17:41.725] [INFO] [EXEC] PANIC RESET
[17:17:41.725] [INFO] [EXEC] SELL ACCOUNTING RESET flat
[17:17:41.725] [INFO] [EXEC] CYCLE SKIP no_fifo_pnl
[17:17:42.539] [INFO] [EXEC] SELL ACCOUNTING RESET new_cycle
[17:17:42.543] [OK] [EXEC] BUY ORDER SENT orderId=383022404 price=81630.91 qty=0.122500
[17:17:42.545] [OK] [EXEC] PLACE BUY price=81630.91 qty=0.122500
[17:17:44.100] [OK] [EXEC] BUY FILL UPDATE delta=0.122500 avg=81630.91
[17:17:44.100] [OK] [EXEC] CHUNK ADD qty=0.122500 entry=81630.91
[17:17:44.100] [INFO] [EXEC] CHUNK COUNT n=1
[17:17:44.100] [OK] [EXEC] INVENTORY qty=0.122500
[17:17:44.100] [OK] [EXEC] SELL REQUIRED inventory=0.122500
[17:17:44.100] [OK] [EXEC] BUY PARTIAL delta=0.122500 total=0.122500
[17:17:44.100] [OK] [EXEC] BUY REMAINING qty=0.000000
[17:17:44.100] [OK] [EXEC] BUY FILLED id=383022404
[17:17:44.116] [OK] [PLAN] READY entry=81629.64 exit=81632.92 profit=0.401800 age=1579ms
[17:17:44.644] [OK] [SYNC] order filled detected
[17:17:44.647] [OK] [SYNC] BUY filled on exchange
[17:17:45.111] [WS] LIVE bid=81627.64 ask=81633.99
[17:17:45.543] [INFO] [EXEC] SELL CHECK inventory=0.122500 reported=0.000000 remaining=0.122500 chunks=1
[17:17:45.547] [OK] [EXEC] PLACE SELL price=81631.76 qty=0.122500
[17:17:45.815] [OK] [EXEC] SELL ORDER SENT orderId=383022656
[17:17:46.363] [INFO] [EXEC] RECOVERY WAIT hard_sl_pending_recovery
[17:17:46.637] [OK] [EXEC] FIFO CLOSE qty=0.122500 entry=81630.91 exit=81631.76 pnl=+0.104125
[17:17:46.638] [INFO] [EXEC] CHUNK CLOSED entry=81630.91
[17:17:46.639] [OK] [EXEC] REALIZED pnl=+0.104125
[17:17:46.639] [INFO] [EXEC] SELL ACCOUNTING RESET flat
[17:17:46.640] [OK] [EXEC] CYCLE CLOSED pnl=+0.104125
[17:17:46.640] [INFO] [EXEC] SESSION realized=-1.278658 wins=2 losses=1
[17:17:46.641] [INFO] [EXEC] SELL ACCOUNTING RESET flat
[17:17:46.641] [INFO] [EXEC] CYCLE SKIP no_fifo_pnl
[17:17:46.642] [OK] [EXEC] SELL FILLED id=383022656
[17:17:46.642] [OK] [EXEC] SELL FILLED qty=0.122500 remaining=0.000000
[17:17:46.643] [INFO] [EXEC] SELL ACCOUNTING RESET flat
[17:17:46.643] [INFO] [EXEC] CYCLE SKIP no_fifo_pnl
[17:17:48.268] [INFO] [EXEC] SELL ACCOUNTING RESET new_cycle
[17:17:48.271] [OK] [EXEC] BUY ORDER SENT orderId=383022849 price=81630.02 qty=0.122500
[17:17:48.272] [OK] [EXEC] PLACE BUY price=81630.02 qty=0.122500
[17:17:50.508] [WS] LIVE bid=81634.00 ask=81649.64
[17:17:52.594] [WARNING] [EXEC] BUY TIMEOUT orderId=383022849
[17:17:52.597] [WARNING] [EXEC] CANCEL BUY orderId=383022849
[17:17:52.876] [OK] [EXEC] BUY CANCELED confirmed
[17:17:53.147] [INFO] [EXEC] BUY FINAL STATUS status=CANCELED orderId=383022849
[17:17:53.147] [WARNING] [EXEC] BLOCK reason=buy_not_filled
[17:17:54.923] [WS] LIVE bid=81642.30 ask=81649.11
[17:17:57.004] [INFO] [EXEC] SELL ACCOUNTING RESET new_cycle
[17:17:57.020] [OK] [EXEC] BUY ORDER SENT orderId=383023316 price=81639.18 qty=0.122490
[17:17:57.020] [OK] [EXEC] PLACE BUY price=81639.18 qty=0.122490
[17:17:58.241] [OK] [PLAN] HOT entry=81643.40 exit=81654.68 profit=1.381574 age=1238ms
[17:17:59.365] [WS] LIVE bid=81648.61 ask=81653.87
[17:18:00.273] [OK] [EXEC] BUY FILL UPDATE delta=0.122490 avg=81639.18
[17:18:00.273] [OK] [EXEC] CHUNK ADD qty=0.122490 entry=81639.18
[17:18:00.273] [INFO] [EXEC] CHUNK COUNT n=1
[17:18:00.273] [OK] [EXEC] INVENTORY qty=0.122490
[17:18:00.273] [OK] [EXEC] SELL REQUIRED inventory=0.122490
[17:18:00.273] [OK] [EXEC] BUY PARTIAL delta=0.122490 total=0.122490
[17:18:00.288] [OK] [EXEC] BUY REMAINING qty=0.000000
[17:18:00.288] [OK] [EXEC] BUY FILLED id=383023316
[17:18:00.288] [OK] [PLAN] READY entry=81648.15 exit=81651.86 profit=0.454364 age=3246ms
[17:18:01.428] [INFO] [EXEC] SELL CHECK inventory=0.122490 reported=0.000000 remaining=0.122490 chunks=1
[17:18:01.431] [OK] [EXEC] PLACE SELL price=81647.99 qty=0.122490
[17:18:01.741] [OK] [EXEC] SELL ORDER SENT orderId=383023722
[17:18:03.476] [INFO] [EXEC] RECOVERY WAIT hard_sl_pending_recovery
[17:18:05.185] [WARNING] [EXEC] SELL TIMEOUT orderId=383023722
[17:18:05.185] [WARNING] [EXEC] CANCEL SELL orderId=383023722
[17:18:05.726] [INFO] [EXEC] SELL FINAL STATUS status=CANCELED orderId=383023722
[17:18:05.726] [INFO] [EXEC] SELL TIMEOUT check fast_exit
[17:18:05.726] [WARNING] [EXEC] FORCE EXIT hard_sl_triggered
[17:18:05.726] [ERROR] [EXEC] HARD SL triggered
[17:18:05.726] [WARNING] [EXEC] PANIC EXIT sl_mode
[17:18:05.726] [WARNING] [EXEC] FORCE EXIT price=81639.24
[17:18:05.726] [OK] [EXEC] PLACE SELL price=81639.24 qty=0.122490
[17:18:06.046] [WARNING] [EXEC] PANIC START price=81639.24
[17:18:06.048] [OK] [EXEC] SELL ORDER SENT orderId=383024033
[17:18:06.054] [OK] [PLAN] HOT entry=81628.72 exit=81638.24 profit=1.166200 age=1437ms
[17:18:06.553] [WS] LIVE bid=81626.71 ask=81640.24
[17:18:08.272] [WARNING] [EXEC] PANIC WAIT still_open orderId=383024033
[17:18:08.291] [WARNING] [EXEC] PANIC HOLD active orderId=383024033
[17:18:09.460] [WS] LIVE bid=81629.38 ask=81637.39
[17:18:09.873] [WARNING] [EXEC] PANIC HOLD active orderId=383024033
[17:18:12.075] [WARNING] [EXEC] PANIC WAIT still_open orderId=383024033
[17:18:12.075] [WARNING] [EXEC] PANIC HOLD active orderId=383024033
[17:18:15.296] [WS] LIVE bid=81611.85 ask=81618.66
[17:18:15.839] [WARNING] [EXEC] PANIC WAIT still_open orderId=383024033
[17:18:15.843] [WARNING] [EXEC] PANIC HOLD active orderId=383024033
[17:18:19.328] [WARNING] [EXEC] PANIC WAIT still_open orderId=383024033
[17:18:19.332] [WARNING] [EXEC] PANIC HOLD active orderId=383024033
[17:18:19.872] [WS] LIVE bid=81617.67 ask=81626.00
[17:18:20.990] [WARNING] [EXEC] PANIC HOLD active orderId=383024033
[17:18:21.795] [OK] [PLAN] HOT entry=81582.49 exit=81588.81 profit=0.774642 age=809ms
[17:18:23.401] [WARNING] [EXEC] PANIC WAIT still_open orderId=383024033
[17:18:23.405] [WARNING] [EXEC] PANIC HOLD active orderId=383024033
[17:18:24.537] [WS] LIVE bid=81586.39 ask=81596.73
[17:18:24.976] [WARNING] [EXEC] PANIC HOLD active orderId=383024033
[17:18:28.464] [WARNING] [EXEC] PANIC WAIT still_open orderId=383024033
[17:18:28.467] [WARNING] [EXEC] PANIC STALE detected orderId=383024033
[17:18:28.468] [WARNING] [EXEC] PANIC ESCALATE old=81639.24 new=81578.01 qty=0.122490
[17:18:29.258] [WARNING] [EXEC] PANIC ESCALATE placed orderId=383025739
[17:18:29.267] [OK] [PLAN] HOT entry=81580.01 exit=81587.81 profit=0.956046 age=3486ms
[17:18:29.679] [OK] [EXEC] FIFO CLOSE qty=0.122490 entry=81639.18 exit=81578.00 pnl=-7.493842
[17:18:29.679] [INFO] [EXEC] CHUNK CLOSED entry=81639.18
[17:18:29.679] [OK] [EXEC] REALIZED pnl=-7.493842
[17:18:29.696] [INFO] [EXEC] SELL ACCOUNTING RESET flat
[17:18:29.698] [OK] [EXEC] CYCLE CLOSED pnl=-7.493842
[17:18:29.700] [INFO] [EXEC] SESSION realized=-8.772500 wins=2 losses=2
[17:18:29.701] [INFO] [EXEC] SELL ACCOUNTING RESET flat
[17:18:29.703] [INFO] [EXEC] CYCLE SKIP no_fifo_pnl
[17:18:29.705] [OK] [EXEC] SELL FILLED id=383025739
[17:18:29.707] [OK] [EXEC] SELL FILLED qty=0.122490 remaining=0.000000
[17:18:29.709] [OK] [EXEC] PANIC FILLED
[17:18:29.710] [INFO] [EXEC] PANIC RESET
[17:18:29.710] [INFO] [EXEC] SELL ACCOUNTING RESET flat
[17:18:29.710] [INFO] [EXEC] CYCLE SKIP no_fifo_pnl
[17:18:29.710] [OK] [PLAN] READY entry=81578.69 exit=81581.86 profit=0.388579 age=4704ms
[17:18:29.710] [WS] LIVE bid=81576.70 ask=81583.86
[17:18:30.475] [INFO] [EXEC] SELL ACCOUNTING RESET new_cycle
[17:18:30.491] [OK] [EXEC] BUY ORDER SENT orderId=383025828 price=81574.79 qty=0.122580
[17:18:30.491] [OK] [EXEC] PLACE BUY price=81574.79 qty=0.122580
[17:18:30.491] [OK] [PLAN] HOT entry=81574.79 exit=81583.99 profit=1.127736 age=5500ms
[17:18:33.663] [OK] [PLAN] READY entry=81584.36 exit=81588.15 profit=0.464540 age=8204ms
[17:18:35.031] [WARNING] [EXEC] BUY TIMEOUT orderId=383025828
[17:18:35.035] [WARNING] [EXEC] CANCEL BUY orderId=383025828
[17:18:35.288] [OK] [EXEC] BUY CANCELED confirmed
[17:18:35.569] [INFO] [EXEC] BUY FINAL STATUS status=CANCELED orderId=383025828
[17:18:35.573] [WARNING] [EXEC] BLOCK reason=buy_not_filled
[17:18:35.835] [WS] LIVE bid=81578.00 ask=81585.74
[17:18:36.288] [INFO] [EXEC] SELL ACCOUNTING RESET new_cycle
[17:18:36.288] [OK] [EXEC] BUY ORDER SENT orderId=383026118 price=81582.65 qty=0.122570
[17:18:36.304] [OK] [EXEC] PLACE BUY price=81582.65 qty=0.122570
[17:18:36.840] [OK] [SYNC] order filled detected
[17:18:36.843] [OK] [SYNC] BUY filled on exchange
[17:18:36.843] [OK] [EXEC] BUY FILL UPDATE delta=0.122570 avg=81582.65
[17:18:36.843] [OK] [EXEC] CHUNK ADD qty=0.122570 entry=81582.65
[17:18:36.843] [INFO] [EXEC] CHUNK COUNT n=1
[17:18:36.847] [OK] [EXEC] INVENTORY qty=0.122570
[17:18:36.847] [OK] [EXEC] SELL REQUIRED inventory=0.122570
[17:18:37.772] [INFO] [EXEC] SELL CHECK inventory=0.122570 reported=0.000000 remaining=0.122570 chunks=1
[17:18:37.772] [OK] [EXEC] PLACE SELL price=81584.65 qty=0.122570
[17:18:38.042] [OK] [EXEC] SELL ORDER SENT orderId=383026222
[17:18:39.303] [INFO] [EXEC] RECOVERY WAIT hard_sl_pending_recovery
[17:18:40.366] [WS] LIVE bid=81574.33 ask=81581.21
[17:18:40.428] [INFO] [EXEC] RECOVERY WAIT hard_sl_pending_recovery
[17:18:41.487] [WARNING] [EXEC] SELL TIMEOUT orderId=383026222
[17:18:41.490] [WARNING] [EXEC] CANCEL SELL orderId=383026222
[17:18:42.005] [INFO] [EXEC] SELL FINAL STATUS status=CANCELED orderId=383026222
[17:18:42.021] [INFO] [EXEC] SELL TIMEOUT check fast_exit
[17:18:42.021] [WARNING] [EXEC] FORCE EXIT hard_sl_triggered
[17:18:42.021] [ERROR] [EXEC] HARD SL triggered
[17:18:42.021] [WARNING] [EXEC] PANIC EXIT sl_mode
[17:18:42.021] [WARNING] [EXEC] FORCE EXIT price=81580.21
[17:18:42.021] [OK] [EXEC] PLACE SELL price=81580.21 qty=0.122570
[17:18:42.288] [WARNING] [EXEC] PANIC START price=81580.21
[17:18:42.288] [OK] [EXEC] SELL ORDER SENT orderId=383026369
[17:18:43.867] [OK] [EXEC] FIFO CLOSE qty=0.122570 entry=81582.65 exit=81580.21 pnl=-0.299071
[17:18:43.871] [INFO] [EXEC] CHUNK CLOSED entry=81582.65
[17:18:43.872] [OK] [EXEC] REALIZED pnl=-0.299071
[17:18:43.874] [INFO] [EXEC] SELL ACCOUNTING RESET flat
[17:18:43.877] [OK] [EXEC] CYCLE CLOSED pnl=-0.299071
[17:18:43.879] [INFO] [EXEC] SESSION realized=-9.071571 wins=2 losses=3
[17:18:43.881] [INFO] [EXEC] SELL ACCOUNTING RESET flat
[17:18:43.881] [INFO] [EXEC] CYCLE SKIP no_fifo_pnl
[17:18:43.881] [OK] [EXEC] SELL FILLED id=383026369
[17:18:43.881] [OK] [EXEC] SELL FILLED qty=0.122570 remaining=0.000000
[17:18:43.881] [OK] [EXEC] PANIC FILLED
[17:18:43.881] [INFO] [EXEC] PANIC RESET
[17:18:43.881] [INFO] [EXEC] SELL ACCOUNTING RESET flat
[17:18:43.881] [INFO] [EXEC] CYCLE SKIP no_fifo_pnl
[17:18:46.075] [INFO] [EXEC] SELL ACCOUNTING RESET new_cycle
[17:18:46.080] [OK] [EXEC] BUY ORDER SENT orderId=383026655 price=81589.55 qty=0.122560
[17:18:46.082] [OK] [EXEC] PLACE BUY price=81589.55 qty=0.122560
[17:18:46.614] [OK] [SYNC] order filled detected
[17:18:46.616] [OK] [SYNC] BUY filled on exchange
[17:18:46.616] [OK] [EXEC] BUY FILL UPDATE delta=0.122560 avg=81588.87
[17:18:46.616] [OK] [EXEC] CHUNK ADD qty=0.122560 entry=81588.87
[17:18:46.616] [INFO] [EXEC] CHUNK COUNT n=1
[17:18:46.616] [OK] [EXEC] INVENTORY qty=0.122560
[17:18:46.616] [OK] [EXEC] SELL REQUIRED inventory=0.122560
[17:18:46.616] [WS] LIVE bid=81584.22 ask=81600.00
[17:18:46.968] [INFO] [EXEC] SELL CHECK inventory=0.122560 reported=0.000000 remaining=0.122560 chunks=1
[17:18:46.972] [OK] [EXEC] PLACE SELL price=81588.91 qty=0.122560
[17:18:47.255] [OK] [EXEC] SELL ORDER SENT orderId=383026717
[17:18:47.262] [OK] [PLAN] READY entry=81580.78 exit=81583.96 profit=0.389773 age=1634ms
[17:18:48.397] [INFO] [EXEC] RECOVERY WAIT hard_sl_pending_recovery
[17:18:50.847] [WS] LIVE bid=81570.00 ask=81578.33
[17:18:50.858] [INFO] [EXEC] RECOVERY WAIT hard_sl_pending_recovery
[17:18:51.115] [WARNING] [EXEC] SELL TIMEOUT orderId=383026717
[17:18:51.131] [WARNING] [EXEC] CANCEL SELL orderId=383026717
[17:18:51.673] [INFO] [EXEC] SELL FINAL STATUS status=CANCELED orderId=383026717
[17:18:51.677] [INFO] [EXEC] SELL TIMEOUT check fast_exit
[17:18:51.679] [WARNING] [EXEC] FORCE EXIT hard_sl_triggered
[17:18:51.681] [ERROR] [EXEC] HARD SL triggered
[17:18:51.683] [WARNING] [EXEC] PANIC EXIT sl_mode
[17:18:51.686] [WARNING] [EXEC] FORCE EXIT price=81576.24
[17:18:51.688] [OK] [EXEC] PLACE SELL price=81576.24 qty=0.122560
[17:18:51.953] [WARNING] [EXEC] PANIC START price=81576.24
[17:18:51.956] [OK] [EXEC] SELL ORDER SENT orderId=383026978
[17:18:52.972] [OK] [SYNC] order filled detected
[17:18:52.988] [OK] [SYNC] SELL filled on exchange
[17:18:52.988] [OK] [EXEC] FIFO CLOSE qty=0.122560 entry=81588.87 exit=81576.24 pnl=-1.547673
[17:18:52.988] [INFO] [EXEC] CHUNK CLOSED entry=81588.87
[17:18:52.988] [OK] [EXEC] REALIZED pnl=-1.547673
[17:18:52.988] [INFO] [EXEC] SELL ACCOUNTING RESET flat
[17:18:52.988] [OK] [EXEC] CYCLE CLOSED pnl=-1.547673
[17:18:52.988] [INFO] [EXEC] SESSION realized=-10.619244 wins=2 losses=4
[17:18:53.323] [INFO] [EXEC] SELL ACCOUNTING RESET new_cycle
[17:18:53.328] [OK] [EXEC] BUY ORDER SENT orderId=383027181 price=81578.20 qty=0.122580
[17:18:53.330] [OK] [EXEC] PLACE BUY price=81578.20 qty=0.122580
[17:18:53.860] [OK] [SYNC] order filled detected
[17:18:53.862] [OK] [SYNC] BUY filled on exchange
[17:18:53.863] [OK] [EXEC] BUY FILL UPDATE delta=0.122580 avg=81578.20
[17:18:53.866] [OK] [EXEC] CHUNK ADD qty=0.122580 entry=81578.20
[17:18:53.868] [INFO] [EXEC] CHUNK COUNT n=1
[17:18:53.870] [OK] [EXEC] INVENTORY qty=0.122580
[17:18:53.871] [OK] [EXEC] SELL REQUIRED inventory=0.122580
[17:18:55.164] [INFO] [EXEC] SELL CHECK inventory=0.122580 reported=0.000000 remaining=0.122580 chunks=1
[17:18:55.167] [OK] [EXEC] PLACE SELL price=81579.36 qty=0.122580
[17:18:55.451] [OK] [EXEC] SELL ORDER SENT orderId=383027320
[17:18:55.459] [WS] LIVE bid=81574.67 ask=81579.36
[17:18:55.895] [OK] [EXEC] FIFO CLOSE qty=0.122580 entry=81578.20 exit=81579.36 pnl=+0.142193
[17:18:55.897] [INFO] [EXEC] CHUNK CLOSED entry=81578.20
[17:18:55.897] [OK] [EXEC] REALIZED pnl=+0.142193
[17:18:55.897] [INFO] [EXEC] SELL ACCOUNTING RESET flat
[17:18:55.897] [OK] [EXEC] CYCLE CLOSED pnl=+0.142193
[17:18:55.897] [INFO] [EXEC] SESSION realized=-10.477051 wins=3 losses=4
[17:18:55.897] [INFO] [EXEC] SELL ACCOUNTING RESET flat
[17:18:55.897] [INFO] [EXEC] CYCLE SKIP no_fifo_pnl
[17:18:55.897] [OK] [EXEC] SELL FILLED id=383027320
[17:18:55.897] [OK] [EXEC] SELL FILLED qty=0.122580 remaining=0.000000
[17:18:55.897] [OK] [EXEC] PANIC FILLED
[17:18:55.897] [INFO] [EXEC] PANIC RESET
[17:18:55.897] [INFO] [EXEC] SELL ACCOUNTING RESET flat
[17:18:55.897] [INFO] [EXEC] CYCLE SKIP no_fifo_pnl
[17:18:57.132] [INFO] [EXEC] SELL ACCOUNTING RESET new_cycle
[17:18:57.132] [OK] [EXEC] BUY ORDER SENT orderId=383027398 price=81579.61 qty=0.122570
[17:18:57.132] [OK] [EXEC] PLACE BUY price=81579.61 qty=0.122570
[17:18:58.155] [OK] [SYNC] order filled detected
[17:18:58.155] [OK] [SYNC] BUY filled on exchange
[17:18:58.170] [OK] [EXEC] BUY FILL UPDATE delta=0.122570 avg=81579.61
[17:18:58.170] [OK] [EXEC] CHUNK ADD qty=0.122570 entry=81579.61
[17:18:58.170] [INFO] [EXEC] CHUNK COUNT n=1
[17:18:58.170] [OK] [EXEC] INVENTORY qty=0.122570
[17:18:58.170] [OK] [EXEC] SELL REQUIRED inventory=0.122570
[17:18:58.897] [INFO] [EXEC] SELL CHECK inventory=0.122570 reported=0.000000 remaining=0.122570 chunks=1
[17:18:58.897] [OK] [EXEC] PLACE SELL price=81586.44 qty=0.122570
[17:18:59.190] [OK] [EXEC] SELL ORDER SENT orderId=383027528
[17:18:59.740] [OK] [SYNC] order filled detected
[17:18:59.756] [OK] [SYNC] SELL filled on exchange
[17:18:59.757] [OK] [EXEC] FIFO CLOSE qty=0.122570 entry=81579.61 exit=81586.44 pnl=+0.837153
[17:18:59.760] [INFO] [EXEC] CHUNK CLOSED entry=81579.61
[17:18:59.762] [OK] [EXEC] REALIZED pnl=+0.837153
[17:18:59.765] [INFO] [EXEC] SELL ACCOUNTING RESET flat
[17:18:59.767] [OK] [EXEC] CYCLE CLOSED pnl=+0.837153
[17:18:59.769] [INFO] [EXEC] SESSION realized=-9.639898 wins=4 losses=4
[17:19:01.627] [WS] LIVE bid=81578.57 ask=81588.38
[17:19:02.115] [INFO] [EXEC] SELL ACCOUNTING RESET new_cycle
[17:19:02.115] [OK] [EXEC] BUY ORDER SENT orderId=383027859 price=81590.66 qty=0.122560
[17:19:02.115] [OK] [EXEC] PLACE BUY price=81590.66 qty=0.122560
[17:19:03.873] [OK] [SYNC] order filled detected
[17:19:03.873] [OK] [SYNC] BUY filled on exchange
[17:19:03.873] [OK] [EXEC] BUY FILL UPDATE delta=0.122560 avg=81590.66
[17:19:03.873] [OK] [EXEC] CHUNK ADD qty=0.122560 entry=81590.66
[17:19:03.873] [INFO] [EXEC] CHUNK COUNT n=1
[17:19:03.873] [OK] [EXEC] INVENTORY qty=0.122560
[17:19:03.889] [OK] [EXEC] SELL REQUIRED inventory=0.122560
[17:19:04.459] [INFO] [EXEC] SELL CHECK inventory=0.122560 reported=0.000000 remaining=0.122560 chunks=1
[17:19:04.475] [OK] [EXEC] PLACE SELL price=81590.70 qty=0.122560
[17:19:04.725] [OK] [EXEC] SELL ORDER SENT orderId=383028012
[17:19:05.304] [INFO] [EXEC] RECOVERY WAIT hard_sl_pending_recovery
[17:19:07.412] [WS] LIVE bid=81578.01 ask=81584.72
[17:19:08.057] [INFO] [EXEC] RECOVERY WAIT hard_sl_pending_recovery
[17:19:08.319] [WARNING] [EXEC] SELL TIMEOUT orderId=383028012
[17:19:08.319] [WARNING] [EXEC] CANCEL SELL orderId=383028012
[17:19:08.852] [INFO] [EXEC] SELL FINAL STATUS status=CANCELED orderId=383028012
[17:19:08.852] [INFO] [EXEC] SELL TIMEOUT check fast_exit
[17:19:08.856] [WARNING] [EXEC] FORCE EXIT hard_sl_triggered
[17:19:08.857] [ERROR] [EXEC] HARD SL triggered
[17:19:08.857] [WARNING] [EXEC] PANIC EXIT sl_mode
[17:19:08.857] [WARNING] [EXEC] FORCE EXIT price=81566.11
[17:19:08.857] [OK] [EXEC] PLACE SELL price=81566.11 qty=0.122560
[17:19:09.147] [WARNING] [EXEC] PANIC START price=81566.11
[17:19:09.162] [OK] [EXEC] SELL ORDER SENT orderId=383028480
[17:19:09.993] [OK] [PLAN] HOT entry=81549.31 exit=81559.99 profit=1.309582 age=1669ms
[17:19:11.241] [OK] [SYNC] order filled detected
[17:19:11.241] [OK] [SYNC] SELL filled on exchange
[17:19:11.241] [OK] [EXEC] FIFO CLOSE qty=0.122560 entry=81590.66 exit=81566.11 pnl=-3.008848
[17:19:11.257] [INFO] [EXEC] CHUNK CLOSED entry=81590.66
[17:19:11.257] [OK] [EXEC] REALIZED pnl=-3.008848
[17:19:11.257] [INFO] [EXEC] SELL ACCOUNTING RESET flat
[17:19:11.257] [OK] [EXEC] CYCLE CLOSED pnl=-3.008848
[17:19:11.257] [INFO] [EXEC] SESSION realized=-12.648746 wins=4 losses=5
[17:19:11.257] [WS] LIVE bid=81554.01 ask=81569.90
[17:19:11.553] [INFO] [EXEC] SELL ACCOUNTING RESET new_cycle
[17:19:11.553] [OK] [EXEC] BUY ORDER SENT orderId=383028737 price=81556.01 qty=0.122610
[17:19:11.553] [OK] [EXEC] PLACE BUY price=81556.01 qty=0.122610
[17:19:15.819] [WS] LIVE bid=81572.11 ask=81579.99
[17:19:16.273] [WARNING] [EXEC] BUY TIMEOUT orderId=383028737
[17:19:16.273] [WARNING] [EXEC] CANCEL BUY orderId=383028737
[17:19:16.550] [OK] [EXEC] BUY CANCELED confirmed
[17:19:16.803] [INFO] [EXEC] BUY FINAL STATUS status=CANCELED orderId=383028737
[17:19:16.819] [WARNING] [EXEC] BLOCK reason=buy_not_filled
[17:19:18.825] [INFO] [EXEC] SELL ACCOUNTING RESET new_cycle
[17:19:18.829] [OK] [EXEC] BUY ORDER SENT orderId=383029138 price=81572.98 qty=0.122580
[17:19:18.832] [OK] [EXEC] PLACE BUY price=81572.98 qty=0.122580
[17:19:19.741] [OK] [PLAN] READY entry=81574.98 exit=81578.00 profit=0.370192 age=934ms
[17:19:21.272] [WS] LIVE bid=81572.99 ask=81580.00
[17:19:23.506] [WARNING] [EXEC] BUY TIMEOUT orderId=383029138
[17:19:23.506] [WARNING] [EXEC] CANCEL BUY orderId=383029138
[17:19:23.781] [OK] [EXEC] BUY CANCELED confirmed
[17:19:24.059] [INFO] [EXEC] BUY FINAL STATUS status=CANCELED orderId=383029138
[17:19:24.063] [WARNING] [EXEC] BLOCK reason=buy_not_filled
[17:19:24.065] [OK] [PLAN] HOT entry=81579.05 exit=81583.99 profit=0.605545 age=4694ms
[17:19:25.913] [WS] LIVE bid=81580.28 ask=81586.00
[17:19:27.179] [INFO] [EXEC] SELL ACCOUNTING RESET new_cycle
[17:19:27.184] [OK] [EXEC] BUY ORDER SENT orderId=383029466 price=81580.01 qty=0.122570
[17:19:27.187] [OK] [EXEC] PLACE BUY price=81580.01 qty=0.122570
[17:19:28.663] [OK] [SYNC] order filled detected
[17:19:28.680] [OK] [SYNC] BUY filled on exchange
[17:19:28.681] [OK] [EXEC] BUY FILL UPDATE delta=0.122570 avg=81580.01
[17:19:28.682] [OK] [EXEC] CHUNK ADD qty=0.122570 entry=81580.01
[17:19:28.684] [INFO] [EXEC] CHUNK COUNT n=1
[17:19:28.685] [OK] [EXEC] INVENTORY qty=0.122570
[17:19:28.686] [OK] [EXEC] SELL REQUIRED inventory=0.122570
[17:19:28.688] [INFO] [EXEC] SELL CHECK inventory=0.122570 reported=0.000000 remaining=0.122570 chunks=1
[17:19:28.689] [OK] [EXEC] PLACE SELL price=81582.91 qty=0.122570
[17:19:28.956] [OK] [EXEC] SELL ORDER SENT orderId=383029527
[17:19:29.615] [OK] [SYNC] order filled detected
[17:19:29.615] [OK] [SYNC] SELL filled on exchange
[17:19:29.615] [OK] [EXEC] FIFO CLOSE qty=0.122570 entry=81580.01 exit=81582.91 pnl=+0.355453
[17:19:29.615] [INFO] [EXEC] CHUNK CLOSED entry=81580.01
[17:19:29.615] [OK] [EXEC] REALIZED pnl=+0.355453
[17:19:29.631] [INFO] [EXEC] SELL ACCOUNTING RESET flat
[17:19:29.631] [OK] [EXEC] CYCLE CLOSED pnl=+0.355453
[17:19:29.632] [INFO] [EXEC] SESSION realized=-12.293293 wins=5 losses=5
[17:19:30.396] [INFO] [EXEC] SELL ACCOUNTING RESET new_cycle
[17:19:30.412] [OK] [EXEC] BUY ORDER SENT orderId=383029625 price=81580.01 qty=0.122570
[17:19:30.412] [OK] [EXEC] PLACE BUY price=81580.01 qty=0.122570
[17:19:31.025] [OK] [PLAN] READY entry=81582.02 exit=81585.14 profit=0.382418 age=627ms
[17:19:31.027] [WS] LIVE bid=81580.36 ask=81587.14
[17:19:34.862] [WARNING] [EXEC] BUY TIMEOUT orderId=383029625
[17:19:34.865] [WARNING] [EXEC] CANCEL BUY orderId=383029625
[17:19:35.118] [OK] [EXEC] BUY CANCELED confirmed
[17:19:35.397] [INFO] [EXEC] BUY FINAL STATUS status=CANCELED orderId=383029625
[17:19:35.400] [WARNING] [EXEC] BLOCK reason=buy_not_filled
[17:19:36.241] [WS] LIVE bid=81594.01 ask=81600.80
[17:19:38.476] [INFO] [EXEC] SELL ACCOUNTING RESET new_cycle
[17:19:38.492] [OK] [EXEC] BUY ORDER SENT orderId=383030125 price=81590.44 qty=0.122560
[17:19:38.492] [OK] [EXEC] PLACE BUY price=81590.44 qty=0.122560
[17:19:39.874] [OK] [PLAN] READY entry=81592.45 exit=81596.41 profit=0.485338 age=1395ms
[17:19:41.414] [WS] LIVE bid=81597.57 ask=81602.00
[17:19:43.319] [WARNING] [EXEC] BUY TIMEOUT orderId=383030125
[17:19:43.334] [WARNING] [EXEC] CANCEL BUY orderId=383030125
[17:19:43.601] [OK] [EXEC] BUY CANCELED confirmed
[17:19:43.874] [INFO] [EXEC] BUY FINAL STATUS status=CANCELED orderId=383030125
[17:19:43.875] [WARNING] [EXEC] BLOCK reason=buy_not_filled
[17:19:46.569] [WS] LIVE bid=81592.29 ask=81599.28
[17:19:48.319] [INFO] [EXEC] SELL ACCOUNTING RESET new_cycle
[17:19:48.319] [OK] [EXEC] BUY ORDER SENT orderId=383030545 price=81580.01 qty=0.122570
[17:19:48.319] [OK] [EXEC] PLACE BUY price=81580.01 qty=0.122570
[17:19:48.678] [OK] [PLAN] HOT entry=81582.02 exit=81586.77 profit=0.582207 age=345ms
[17:19:51.569] [WS] LIVE bid=81583.55 ask=81590.28
[17:19:52.921] [WARNING] [EXEC] BUY TIMEOUT orderId=383030545
[17:19:52.921] [WARNING] [EXEC] CANCEL BUY orderId=383030545
[17:19:53.193] [OK] [EXEC] BUY CANCELED confirmed
[17:19:53.444] [INFO] [EXEC] BUY FINAL STATUS status=CANCELED orderId=383030545
[17:19:53.460] [WARNING] [EXEC] BLOCK reason=buy_not_filled
[17:19:55.578] [INFO] [EXEC] SELL ACCOUNTING RESET new_cycle
[17:19:55.581] [OK] [EXEC] BUY ORDER SENT orderId=383030869 price=81588.01 qty=0.122560
[17:19:55.582] [OK] [EXEC] PLACE BUY price=81588.01 qty=0.122560
[17:19:56.507] [OK] [EXEC] BUY FILL UPDATE delta=0.009740 avg=81588.01
[17:19:56.523] [OK] [EXEC] CHUNK ADD qty=0.009740 entry=81588.01
[17:19:56.523] [INFO] [EXEC] CHUNK COUNT n=1
[17:19:56.523] [OK] [EXEC] INVENTORY qty=0.009740
[17:19:56.523] [OK] [EXEC] SELL REQUIRED inventory=0.009740
[17:19:56.523] [OK] [EXEC] BUY PARTIAL delta=0.009740 total=0.009740
[17:19:56.523] [OK] [EXEC] BUY REMAINING qty=0.112820
[17:19:57.599] [WS] LIVE bid=81588.01 ask=81593.98
[17:19:58.350] [INFO] [EXEC] SELL CHECK inventory=0.009740 reported=0.000000 remaining=0.009740 chunks=1
[17:19:58.350] [OK] [EXEC] PLACE SELL price=81593.36 qty=0.009740
[17:19:58.634] [OK] [EXEC] SELL ORDER SENT orderId=383030906
[17:19:59.163] [OK] [SYNC] order filled detected
[17:19:59.163] [OK] [SYNC] SELL filled on exchange
[17:19:59.163] [OK] [EXEC] FIFO CLOSE qty=0.009740 entry=81588.01 exit=81593.36 pnl=+0.052109
[17:19:59.163] [INFO] [EXEC] CHUNK CLOSED entry=81588.01
[17:19:59.163] [OK] [EXEC] REALIZED pnl=+0.052109
[17:19:59.163] [INFO] [EXEC] SELL ACCOUNTING RESET flat
[17:19:59.163] [OK] [EXEC] CYCLE CLOSED pnl=+0.052109
[17:19:59.163] [INFO] [EXEC] SESSION realized=-12.241184 wins=6 losses=5
[17:20:00.074] [INFO] [EXEC] SELL ACCOUNTING RESET new_cycle
[17:20:00.089] [OK] [EXEC] BUY ORDER SENT orderId=383030966 price=81594.70 qty=0.122550
[17:20:00.089] [OK] [EXEC] PLACE BUY price=81594.70 qty=0.122550
[17:20:01.226] [OK] [EXEC] BUY FILL UPDATE delta=0.000070 avg=81594.70
[17:20:01.226] [OK] [EXEC] CHUNK ADD qty=0.000070 entry=81594.70
[17:20:01.241] [INFO] [EXEC] CHUNK COUNT n=1
[17:20:01.241] [OK] [EXEC] INVENTORY qty=0.000070
[17:20:01.241] [OK] [EXEC] SELL REQUIRED inventory=0.000070
[17:20:01.241] [OK] [EXEC] BUY PARTIAL delta=0.000070 total=0.000070
[17:20:01.241] [OK] [EXEC] BUY REMAINING qty=0.122480
[17:20:01.257] [INFO] [EXEC] SELL CHECK inventory=0.000070 reported=0.000000 remaining=0.000070 chunks=1
[17:20:01.257] [OK] [EXEC] PLACE SELL price=81596.96 qty=0.000070
[17:20:01.508] [OK] [EXEC] SELL ORDER SENT orderId=383031034
[17:20:02.621] [OK] [SYNC] order filled detected
[17:20:02.624] [OK] [SYNC] SELL filled on exchange
[17:20:02.624] [OK] [EXEC] FIFO CLOSE qty=0.000070 entry=81594.70 exit=81596.96 pnl=+0.000158
[17:20:02.625] [INFO] [EXEC] CHUNK CLOSED entry=81594.70
[17:20:02.627] [OK] [EXEC] REALIZED pnl=+0.000158
[17:20:02.628] [INFO] [EXEC] SELL ACCOUNTING RESET flat
[17:20:02.629] [OK] [EXEC] CYCLE CLOSED pnl=+0.000158
[17:20:02.630] [INFO] [EXEC] SESSION realized=-12.241025 wins=7 losses=5
[17:20:02.631] [WS] LIVE bid=81594.70 ask=81598.96
[17:20:03.074] [INFO] [EXEC] SELL ACCOUNTING RESET new_cycle
[17:20:03.074] [OK] [EXEC] BUY ORDER SENT orderId=383031163 price=81580.01 qty=0.122570
[17:20:03.074] [OK] [EXEC] PLACE BUY price=81580.01 qty=0.122570
[17:20:06.962] [WS] LIVE bid=81599.18 ask=81608.62
[17:20:07.962] [WARNING] [EXEC] BUY TIMEOUT orderId=383031163
[17:20:07.965] [WARNING] [EXEC] CANCEL BUY orderId=383031163
[17:20:08.225] [OK] [EXEC] BUY CANCELED confirmed
[17:20:08.505] [INFO] [EXEC] BUY FINAL STATUS status=CANCELED orderId=383031163
[17:20:08.507] [WARNING] [EXEC] BLOCK reason=buy_not_filled
[17:20:10.632] [INFO] [EXEC] SELL ACCOUNTING RESET new_cycle
[17:20:10.632] [OK] [EXEC] BUY ORDER SENT orderId=383031669 price=81617.98 qty=0.122520
[17:20:10.648] [OK] [EXEC] PLACE BUY price=81617.98 qty=0.122520
[17:20:11.664] [OK] [SYNC] order filled detected
[17:20:11.664] [OK] [SYNC] BUY filled on exchange
[17:20:11.664] [OK] [EXEC] BUY FILL UPDATE delta=0.122520 avg=81617.98
[17:20:11.664] [OK] [EXEC] CHUNK ADD qty=0.122520 entry=81617.98
[17:20:11.664] [INFO] [EXEC] CHUNK COUNT n=1
[17:20:11.664] [OK] [EXEC] INVENTORY qty=0.122520
[17:20:11.664] [OK] [EXEC] SELL REQUIRED inventory=0.122520
[17:20:11.664] [WS] LIVE bid=81616.18 ask=81622.32
[17:20:11.918] [INFO] [EXEC] SELL CHECK inventory=0.122520 reported=0.000000 remaining=0.122520 chunks=1
[17:20:11.922] [OK] [EXEC] PLACE SELL price=81619.69 qty=0.122520
[17:20:12.187] [OK] [EXEC] SELL ORDER SENT orderId=383031780
[17:20:13.195] [OK] [SYNC] order filled detected
[17:20:13.195] [OK] [SYNC] SELL filled on exchange
[17:20:13.195] [OK] [EXEC] FIFO CLOSE qty=0.122520 entry=81617.98 exit=81619.69 pnl=+0.209509
[17:20:13.195] [INFO] [EXEC] CHUNK CLOSED entry=81617.98
[17:20:13.195] [OK] [EXEC] REALIZED pnl=+0.209509
[17:20:13.195] [INFO] [EXEC] SELL ACCOUNTING RESET flat
[17:20:13.211] [OK] [EXEC] CYCLE CLOSED pnl=+0.209509
[17:20:13.212] [INFO] [EXEC] SESSION realized=-12.031516 wins=8 losses=5
[17:20:13.772] [INFO] [EXEC] SELL ACCOUNTING RESET new_cycle
[17:20:13.772] [OK] [EXEC] BUY ORDER SENT orderId=383031887 price=81618.33 qty=0.122520
[17:20:13.772] [OK] [EXEC] PLACE BUY price=81618.33 qty=0.122520
[17:20:16.210] [OK] [PLAN] READY entry=81620.96 exit=81623.99 profit=0.371205 age=2448ms
[17:20:16.570] [OK] [EXEC] BUY FILL UPDATE delta=0.122520 avg=81618.33
[17:20:16.588] [OK] [EXEC] CHUNK ADD qty=0.122520 entry=81618.33
[17:20:16.589] [INFO] [EXEC] CHUNK COUNT n=1
[17:20:16.590] [OK] [EXEC] INVENTORY qty=0.122520
[17:20:16.591] [OK] [EXEC] SELL REQUIRED inventory=0.122520
[17:20:16.592] [OK] [EXEC] BUY PARTIAL delta=0.122520 total=0.122520
[17:20:16.593] [OK] [EXEC] BUY REMAINING qty=0.000000
[17:20:16.594] [OK] [EXEC] BUY FILLED id=383031887
[17:20:17.116] [OK] [SYNC] order filled detected
[17:20:17.116] [OK] [SYNC] BUY filled on exchange
[17:20:17.615] [WS] LIVE bid=81610.01 ask=81615.79
[17:20:18.022] [INFO] [EXEC] SELL CHECK inventory=0.122520 reported=0.000000 remaining=0.122520 chunks=1
[17:20:18.022] [OK] [EXEC] PLACE SELL price=81618.37 qty=0.122520
[17:20:18.320] [OK] [EXEC] SELL ORDER SENT orderId=383032110
[17:20:19.604] [INFO] [EXEC] RECOVERY WAIT hard_sl_pending_recovery
[17:20:21.300] [WARNING] [EXEC] SELL TIMEOUT orderId=383032110
[17:20:21.303] [WARNING] [EXEC] CANCEL SELL orderId=383032110
[17:20:21.871] [INFO] [EXEC] SELL FINAL STATUS status=CANCELED orderId=383032110
[17:20:21.877] [INFO] [EXEC] SELL TIMEOUT check fast_exit
[17:20:21.877] [WARNING] [EXEC] FORCE EXIT hard_sl_triggered
[17:20:21.877] [ERROR] [EXEC] HARD SL triggered
[17:20:21.877] [WARNING] [EXEC] PANIC EXIT sl_mode
[17:20:21.877] [WARNING] [EXEC] FORCE EXIT price=81615.65
[17:20:21.877] [OK] [EXEC] PLACE SELL price=81615.65 qty=0.122520
[17:20:22.147] [WARNING] [EXEC] PANIC START price=81615.65
[17:20:22.147] [OK] [EXEC] SELL ORDER SENT orderId=383032176
[17:20:23.162] [WS] LIVE bid=81611.43 ask=81616.65
[17:20:25.397] [WARNING] [EXEC] PANIC WAIT still_open orderId=383032176
[17:20:25.397] [WARNING] [EXEC] PANIC HOLD active orderId=383032176
[17:20:25.397] [WARNING] [EXEC] BLOCK reason=balance_low
[17:20:26.303] [WARNING] [EXEC] PANIC HOLD active orderId=383032176
[17:20:27.335] [WS] LIVE bid=81589.56 ask=81595.48
[17:20:27.870] [WARNING] [EXEC] PANIC HOLD active orderId=383032176
[17:20:29.444] [WARNING] [EXEC] PANIC WAIT still_open orderId=383032176
[17:20:29.444] [WARNING] [EXEC] PANIC HOLD active orderId=383032176
[17:20:31.325] [WARNING] [EXEC] BLOCK reason=balance_low
[17:20:32.365] [WS] LIVE bid=81586.00 ask=81590.86
[17:20:33.397] [WARNING] [EXEC] PANIC WAIT still_open orderId=383032176
[17:20:33.397] [WARNING] [EXEC] PANIC HOLD active orderId=383032176
[17:20:34.821] [WARNING] [EXEC] BLOCK reason=balance_low
[17:20:36.242] [WARNING] [EXEC] PANIC HOLD active orderId=383032176
[17:20:37.651] [WARNING] [EXEC] PANIC WAIT still_open orderId=383032176
[17:20:37.654] [WARNING] [EXEC] PANIC HOLD active orderId=383032176
[17:20:38.132] [WS] LIVE bid=81595.26 ask=81601.53
[17:20:39.522] [WARNING] [EXEC] PANIC HOLD active orderId=383032176
[17:20:40.952] [WARNING] [EXEC] PANIC WAIT still_open orderId=383032176
[17:20:40.957] [WARNING] [EXEC] PANIC HOLD active orderId=383032176
[17:20:42.076] [WARNING] [EXEC] PANIC STALE detected orderId=383032176
[17:20:42.076] [WARNING] [EXEC] PANIC ESCALATE old=81615.65 new=81602.51 qty=0.122520
[17:20:42.875] [WARNING] [EXEC] PANIC ESCALATE placed orderId=383033410
[17:20:43.421] [OK] [SYNC] order filled detected
[17:20:43.424] [OK] [SYNC] SELL filled on exchange
[17:20:43.424] [OK] [EXEC] FIFO CLOSE qty=0.122520 entry=81618.33 exit=81603.22 pnl=-1.850956
[17:20:43.426] [INFO] [EXEC] CHUNK CLOSED entry=81618.33
[17:20:43.427] [OK] [EXEC] REALIZED pnl=-1.850956
[17:20:43.428] [INFO] [EXEC] SELL ACCOUNTING RESET flat
[17:20:43.428] [OK] [EXEC] CYCLE CLOSED pnl=-1.850956
[17:20:43.428] [INFO] [EXEC] SESSION realized=-13.882472 wins=8 losses=6
[17:20:43.428] [WS] LIVE bid=81605.47 ask=81610.00
[17:20:43.601] [WARNING] [EXEC] BLOCK reason=balance_low
[17:20:47.269] [WS] LIVE bid=81597.71 ask=81603.45
[17:20:52.230] [WS] LIVE bid=81606.85 ask=81614.53
[17:20:53.350] [INFO] [EXEC] SELL ACCOUNTING RESET new_cycle
[17:20:53.350] [OK] [EXEC] BUY ORDER SENT orderId=383034036 price=81617.44 qty=0.122520
[17:20:53.350] [OK] [EXEC] PLACE BUY price=81617.44 qty=0.122520
[17:20:55.198] [OK] [EXEC] BUY FILL UPDATE delta=0.122520 avg=81617.44
[17:20:55.202] [OK] [EXEC] CHUNK ADD qty=0.122520 entry=81617.44
[17:20:55.203] [INFO] [EXEC] CHUNK COUNT n=1
[17:20:55.205] [OK] [EXEC] INVENTORY qty=0.122520
[17:20:55.207] [OK] [EXEC] SELL REQUIRED inventory=0.122520
[17:20:55.208] [OK] [EXEC] BUY PARTIAL delta=0.122520 total=0.122520
[17:20:55.210] [OK] [EXEC] BUY REMAINING qty=0.000000
[17:20:55.211] [OK] [EXEC] BUY FILLED id=383034036
[17:20:55.214] [OK] [PLAN] READY entry=81619.45 exit=81622.95 profit=0.428785 age=1274ms
[17:20:55.772] [OK] [SYNC] order filled detected
[17:20:55.772] [OK] [SYNC] BUY filled on exchange
[17:20:56.803] [INFO] [EXEC] SELL CHECK inventory=0.122520 reported=0.000000 remaining=0.122520 chunks=1
[17:20:56.806] [OK] [EXEC] PLACE SELL price=81617.48 qty=0.122520
[17:20:57.067] [OK] [EXEC] SELL ORDER SENT orderId=383034264
[17:20:57.073] [OK] [PLAN] HOT entry=81604.01 exit=81615.46 profit=1.403083 age=3140ms
[17:20:57.662] [WS] LIVE bid=81602.51 ask=81608.56
[17:20:57.758] [INFO] [EXEC] RECOVERY WAIT hard_sl_pending_recovery
[17:20:59.412] [OK] [SYNC] order filled detected
[17:20:59.412] [OK] [SYNC] SELL filled on exchange
[17:20:59.412] [OK] [EXEC] FIFO CLOSE qty=0.122520 entry=81617.44 exit=81617.47 pnl=+0.003676
[17:20:59.412] [INFO] [EXEC] CHUNK CLOSED entry=81617.44
[17:20:59.428] [OK] [EXEC] REALIZED pnl=+0.003676
[17:20:59.428] [INFO] [EXEC] SELL ACCOUNTING RESET flat
[17:20:59.428] [OK] [EXEC] CYCLE CLOSED pnl=+0.003676
[17:20:59.428] [INFO] [EXEC] SESSION realized=-13.878796 wins=9 losses=6
[17:20:59.919] [INFO] [EXEC] SELL ACCOUNTING RESET new_cycle
[17:20:59.938] [OK] [EXEC] BUY ORDER SENT orderId=383034479 price=81619.58 qty=0.122510
[17:20:59.941] [OK] [EXEC] PLACE BUY price=81619.58 qty=0.122510
[17:21:01.527] [OK] [SYNC] order filled detected
[17:21:01.530] [OK] [SYNC] BUY filled on exchange
[17:21:01.530] [OK] [EXEC] BUY FILL UPDATE delta=0.122510 avg=81619.58
[17:21:01.534] [OK] [EXEC] CHUNK ADD qty=0.122510 entry=81619.58
[17:21:01.537] [INFO] [EXEC] CHUNK COUNT n=1
[17:21:01.540] [OK] [EXEC] INVENTORY qty=0.122510
[17:21:01.541] [OK] [EXEC] SELL REQUIRED inventory=0.122510
[17:21:01.847] [INFO] [EXEC] SELL CHECK inventory=0.122510 reported=0.000000 remaining=0.122510 chunks=1
[17:21:01.852] [OK] [EXEC] PLACE SELL price=81623.13 qty=0.122510
[17:21:02.117] [OK] [EXEC] SELL ORDER SENT orderId=383034694
[17:21:02.117] [WARNING] [EXEC] BLOCK reason=balance_low
[17:21:03.189] [WS] LIVE bid=81612.92 ask=81619.29
[17:21:03.851] [INFO] [EXEC] RECOVERY WAIT hard_sl_pending_recovery
[17:21:04.960] [WARNING] [EXEC] SELL TIMEOUT orderId=383034694
[17:21:04.964] [WARNING] [EXEC] CANCEL SELL orderId=383034694
[17:21:05.509] [INFO] [EXEC] SELL FINAL STATUS status=CANCELED orderId=383034694
[17:21:05.514] [INFO] [EXEC] SELL TIMEOUT check fast_exit
[17:21:05.518] [WARNING] [EXEC] FORCE EXIT hard_sl_triggered
[17:21:05.522] [ERROR] [EXEC] HARD SL triggered
[17:21:05.522] [WARNING] [EXEC] PANIC EXIT sl_mode
[17:21:05.522] [WARNING] [EXEC] FORCE EXIT price=81618.45
[17:21:05.522] [OK] [EXEC] PLACE SELL price=81618.45 qty=0.122510
[17:21:05.801] [WARNING] [EXEC] PANIC START price=81618.45
[17:21:05.803] [OK] [EXEC] SELL ORDER SENT orderId=383035056
[17:21:06.984] [OK] [SYNC] order filled detected
[17:21:06.986] [OK] [SYNC] SELL filled on exchange
[17:21:06.987] [OK] [EXEC] FIFO CLOSE qty=0.122510 entry=81619.58 exit=81618.45 pnl=-0.138436
[17:21:06.990] [INFO] [EXEC] CHUNK CLOSED entry=81619.58
[17:21:06.991] [OK] [EXEC] REALIZED pnl=-0.138436
[17:21:06.991] [INFO] [EXEC] SELL ACCOUNTING RESET flat
[17:21:06.991] [OK] [EXEC] CYCLE CLOSED pnl=-0.138436
[17:21:06.991] [INFO] [EXEC] SESSION realized=-14.017233 wins=9 losses=7
[17:21:07.460] [WARNING] [EXEC] BLOCK reason=balance_low
[17:21:08.007] [WS] LIVE bid=81621.53 ask=81634.00
[17:21:08.869] [WARNING] [EXEC] BLOCK reason=balance_low
[17:21:11.887] [INFO] [EXEC] SELL ACCOUNTING RESET new_cycle
[17:21:11.891] [OK] [EXEC] BUY ORDER SENT orderId=383035549 price=81633.14 qty=0.122490
[17:21:11.895] [OK] [EXEC] PLACE BUY price=81633.14 qty=0.122490
[17:21:13.257] [WS] LIVE bid=81634.01 ask=81641.18
[17:21:16.599] [WARNING] [EXEC] BUY TIMEOUT orderId=383035549
[17:21:16.601] [WARNING] [EXEC] CANCEL BUY orderId=383035549
[17:21:16.863] [OK] [EXEC] BUY CANCELED confirmed
[17:21:17.170] [INFO] [EXEC] BUY FINAL STATUS status=CANCELED orderId=383035549
[17:21:17.174] [WARNING] [EXEC] BLOCK reason=buy_not_filled
[17:21:18.229] [WS] LIVE bid=81625.17 ask=81632.69
[17:21:21.118] [INFO] [EXEC] SELL ACCOUNTING RESET new_cycle
[17:21:21.118] [OK] [EXEC] BUY ORDER SENT orderId=383036136 price=81627.17 qty=0.122500
[17:21:21.118] [OK] [EXEC] PLACE BUY price=81627.17 qty=0.122500
[17:21:21.953] [OK] [EXEC] BUY FILL UPDATE delta=0.122500 avg=81627.17
[17:21:21.958] [OK] [EXEC] CHUNK ADD qty=0.122500 entry=81627.17
[17:21:21.962] [INFO] [EXEC] CHUNK COUNT n=1
[17:21:21.964] [OK] [EXEC] INVENTORY qty=0.122500
[17:21:21.966] [OK] [EXEC] SELL REQUIRED inventory=0.122500
[17:21:21.967] [OK] [EXEC] BUY PARTIAL delta=0.122500 total=0.122500
[17:21:21.968] [OK] [EXEC] BUY REMAINING qty=0.000000
[17:21:21.970] [OK] [EXEC] BUY FILLED id=383036136
[17:21:21.972] [OK] [PLAN] READY entry=81629.18 exit=81633.02 profit=0.470400 age=830ms
[17:21:22.596] [OK] [SYNC] order filled detected
[17:21:22.600] [OK] [SYNC] BUY filled on exchange
[17:21:23.110] [INFO] [EXEC] SELL CHECK inventory=0.122500 reported=0.000000 remaining=0.122500 chunks=1
[17:21:23.125] [OK] [EXEC] PLACE SELL price=81627.21 qty=0.122500
[17:21:23.413] [OK] [EXEC] SELL ORDER SENT orderId=383036333
[17:21:23.413] [WS] LIVE bid=81619.21 ask=81626.06
[17:21:24.022] [INFO] [EXEC] RECOVERY WAIT hard_sl_pending_recovery
[17:21:26.711] [WARNING] [EXEC] SELL TIMEOUT orderId=383036333
[17:21:26.717] [WARNING] [EXEC] CANCEL SELL orderId=383036333
[17:21:27.262] [INFO] [EXEC] SELL FINAL STATUS status=CANCELED orderId=383036333
[17:21:27.267] [INFO] [EXEC] SELL TIMEOUT check fast_exit
[17:21:27.268] [WARNING] [EXEC] FORCE EXIT hard_sl_triggered
[17:21:27.270] [ERROR] [EXEC] HARD SL triggered
[17:21:27.271] [WARNING] [EXEC] PANIC EXIT sl_mode
[17:21:27.273] [WARNING] [EXEC] FORCE EXIT price=81624.99
[17:21:27.274] [OK] [EXEC] PLACE SELL price=81624.99 qty=0.122500
[17:21:27.537] [WARNING] [EXEC] PANIC START price=81624.99
[17:21:27.537] [OK] [EXEC] SELL ORDER SENT orderId=383036653
[17:21:28.574] [WS] LIVE bid=81600.68 ask=81609.95
[17:21:30.762] [WARNING] [EXEC] PANIC WAIT still_open orderId=383036653
[17:21:30.768] [WARNING] [EXEC] PANIC HOLD active orderId=383036653
[17:21:30.772] [WARNING] [EXEC] BLOCK reason=balance_low
[17:21:33.648] [WARNING] [EXEC] PANIC HOLD active orderId=383036653
[17:21:33.664] [WS] LIVE bid=81594.01 ask=81609.98
[17:21:34.225] [WARNING] [EXEC] PANIC WAIT still_open orderId=383036653
[17:21:34.225] [WARNING] [EXEC] PANIC HOLD active orderId=383036653
[17:21:38.035] [WARNING] [EXEC] PANIC WAIT still_open orderId=383036653
[17:21:38.041] [WARNING] [EXEC] PANIC HOLD active orderId=383036653
[17:21:38.048] [WS] LIVE bid=81598.20 ask=81604.35
[17:21:39.138] [OK] [SYNC] order filled detected
[17:21:39.140] [OK] [SYNC] SELL filled on exchange
[17:21:39.141] [OK] [EXEC] FIFO CLOSE qty=0.122500 entry=81627.17 exit=81624.99 pnl=-0.267050
[17:21:39.144] [INFO] [EXEC] CHUNK CLOSED entry=81627.17
[17:21:39.147] [OK] [EXEC] REALIZED pnl=-0.267050
[17:21:39.150] [INFO] [EXEC] SELL ACCOUNTING RESET flat
[17:21:39.154] [OK] [EXEC] CYCLE CLOSED pnl=-0.267050
[17:21:39.157] [INFO] [EXEC] SESSION realized=-14.284283 wins=9 losses=8
[17:21:39.324] [WARNING] [EXEC] BLOCK reason=balance_low
[17:21:42.413] [INFO] [EXEC] SELL ACCOUNTING RESET new_cycle
[17:21:42.428] [OK] [EXEC] BUY ORDER SENT orderId=383037538 price=81623.16 qty=0.122510
[17:21:42.428] [OK] [EXEC] PLACE BUY price=81623.16 qty=0.122510
[17:21:43.475] [OK] [SYNC] order filled detected
[17:21:43.475] [OK] [SYNC] BUY filled on exchange
[17:21:43.475] [OK] [EXEC] BUY FILL UPDATE delta=0.122510 avg=81623.16
[17:21:43.475] [OK] [EXEC] CHUNK ADD qty=0.122510 entry=81623.16
[17:21:43.475] [INFO] [EXEC] CHUNK COUNT n=1
[17:21:43.475] [OK] [EXEC] INVENTORY qty=0.122510
[17:21:43.490] [OK] [EXEC] SELL REQUIRED inventory=0.122510
[17:21:43.490] [WS] LIVE bid=81618.72 ask=81630.00
[17:21:44.198] [INFO] [EXEC] SELL CHECK inventory=0.122510 reported=0.000000 remaining=0.122510 chunks=1
[17:21:44.200] [OK] [EXEC] PLACE SELL price=81628.00 qty=0.122510
[17:21:44.460] [OK] [EXEC] SELL ORDER SENT orderId=383037670
[17:21:44.460] [OK] [PLAN] READY entry=81624.96 exit=81628.00 profit=0.372430 age=2060ms
[17:21:48.300] [OK] [SYNC] order filled detected
[17:21:48.304] [OK] [SYNC] SELL filled on exchange
[17:21:48.304] [OK] [EXEC] FIFO CLOSE qty=0.122510 entry=81623.16 exit=81628.00 pnl=+0.592948
[17:21:48.304] [INFO] [EXEC] CHUNK CLOSED entry=81623.16
[17:21:48.304] [OK] [EXEC] REALIZED pnl=+0.592948
[17:21:48.304] [INFO] [EXEC] SELL ACCOUNTING RESET flat
[17:21:48.304] [OK] [EXEC] CYCLE CLOSED pnl=+0.592948
[17:21:48.319] [INFO] [EXEC] SESSION realized=-13.691334 wins=10 losses=8
[17:21:48.322] [WS] LIVE bid=81630.02 ask=81634.00
[17:21:49.525] [INFO] [EXEC] SELL ACCOUNTING RESET new_cycle
[17:21:49.529] [OK] [EXEC] BUY ORDER SENT orderId=383037986 price=81632.84 qty=0.122490
[17:21:49.531] [OK] [EXEC] PLACE BUY price=81632.84 qty=0.122490
[17:21:50.064] [OK] [SYNC] order filled detected
[17:21:50.067] [OK] [SYNC] BUY filled on exchange
[17:21:50.067] [OK] [EXEC] BUY FILL UPDATE delta=0.122490 avg=81632.84
[17:21:50.070] [OK] [EXEC] CHUNK ADD qty=0.122490 entry=81632.84
[17:21:50.071] [INFO] [EXEC] CHUNK COUNT n=1
[17:21:50.073] [OK] [EXEC] INVENTORY qty=0.122490
[17:21:50.074] [OK] [EXEC] SELL REQUIRED inventory=0.122490
[17:21:50.621] [WARNING] cancel all requested
[17:21:50.623] [WARNING] STOP
[17:21:50.625] [WS] stale/lost
[17:21:50.627] [WARNING] [EXEC] BLOCK reason=balance_low
[17:22:01.304] [OK] [PLAN] HOT entry=81630.02 exit=81637.73 profit=0.944475 age=595ms
[17:22:04.429] [OK] [PLAN] HOT entry=81602.68 exit=81609.94 profit=0.889640 age=741ms
[17:22:05.067] [OK] [PLAN] READY entry=81604.00 exit=81607.99 profit=0.488935 age=1376ms
[17:22:07.871] [OK] [PLAN] HOT entry=81596.00 exit=81600.71 profit=0.577210 age=108ms
[17:22:08.500] [OK] [PLAN] READY entry=81592.41 exit=81596.05 profit=0.446118 age=737ms
[17:22:11.935] [OK] [PLAN] HOT entry=81606.37 exit=81611.94 profit=0.682492 age=186ms
[17:22:12.971] [OK] [PLAN] READY entry=81615.57 exit=81618.89 profit=0.406766 age=1222ms
