[10:44:39.575] [OK] filters loaded
[10:44:42.357] [INFO] START_CLICK received enabled=True api_ready=True running=False
[10:44:42.358] [INFO] START_SETTINGS live_enabled=True guard_mode=FAST entry_mode=AGGRESSIVE exit_engine=True order_size=5001.0
[10:44:42.358] [INFO] START_PROFILE guard=FAST/True entry=AGGRESSIVE/repr=True exit=eng:True,timeout:1800 taker=True/1100 order=5001.0 spread=min:5.0,target:2.0
[10:44:42.852] [EXCHANGE] symbol=BTCU base=BTC quote=U status=TRADING permissions=[]
[10:44:42.856] [OK] START
[10:44:42.859] [OK] START_OK runtime_started
[10:44:43.150] [INFO] [EXEC] LIVE ON
[10:44:43.150] [INFO] [EXEC] WAIT READY
[10:44:43.683] [WS] primary url=wss://stream.binance.com:9443/ws/btcu@bookTicker
[10:44:43.684] [WS] connecting primary
[10:44:44.159] [OK] [PLAN] HOT entry=80664.49 exit=80668.31 profit=0.236802 age=1005ms
[10:44:44.923] [WS] connected
[10:44:48.688] [INFO] START_CLICK received enabled=True api_ready=True running=True
[10:44:48.995] [WARNING] cancel all requested
[10:44:48.995] [INFO] [EXEC] SELL ACCOUNTING RESET reconcile_stop
[10:44:48.995] [INFO] [EXEC] RECONCILE_FLAT reason=inventory_empty_safe_qty_zero
[10:44:48.995] [WARNING] STOP
[10:45:52.924] [OK] [SETTINGS] settings saved
[10:45:54.378] [INFO] START_CLICK received enabled=True api_ready=True running=False
[10:45:54.379] [INFO] START_SETTINGS live_enabled=True guard_mode=FAST entry_mode=AGGRESSIVE exit_engine=True order_size=5001.0
[10:45:54.379] [INFO] START_PROFILE guard=FAST/True entry=AGGRESSIVE/repr=True exit=eng:True,timeout:1800 taker=True/1100 order=5001.0 spread=min:5.0,target:2.0
[10:45:54.893] [EXCHANGE] symbol=BTCU base=BTC quote=U status=TRADING permissions=[]
[10:45:54.898] [OK] START
[10:45:54.900] [OK] START_OK runtime_started
[10:45:54.900] [INFO] [EXEC] LIVE ON
[10:45:54.900] [INFO] [EXEC] WAIT READY
[10:45:54.900] [WARNING] [HEALTH] block spread_too_young lifetime=0
[10:45:54.900] [WARNING] [HEALTH] unstable_spread lifetime=0
[10:45:54.900] [WARNING] [EXEC] BLOCK_BUY reason=ws_stale mode=FAST ws_age=67969 spread=9.74 stable=1/1 mid_delta=0.00 bid_delta=0.00
[10:45:55.682] [WS] primary url=wss://stream.binance.com:9443/ws/btcu@bookTicker
[10:45:55.682] [WS] connecting primary
[10:45:56.483] [OK] [PLAN] HOT entry=80667.62 exit=80672.28 profit=0.288873 age=1581ms
[10:45:56.485] [WS] connected
[10:45:57.198] [INFO] [EXEC] SELL ACCOUNTING RESET new_cycle
[10:45:57.198] [OK] [EXEC] BUY ORDER SENT orderId=385136994 price=80667.62 qty=0.061990
[10:45:57.198] [OK] [EXEC] PLACE BUY price=80667.62 qty=0.061990
[10:45:57.760] [OK] [SYNC] order filled detected
[10:45:57.760] [OK] [SYNC] BUY filled on exchange
[10:45:57.760] [OK] [EXEC] BUY FILL UPDATE delta=0.061990 avg=80667.62
[10:45:57.760] [OK] [EXEC] CHUNK ADD qty=0.061990 entry=80667.62
[10:45:57.775] [INFO] [EXEC] CHUNK COUNT n=1
[10:45:57.775] [OK] [EXEC] INVENTORY qty=0.061990
[10:45:57.775] [OK] [EXEC] SELL REQUIRED inventory=0.061990
[10:45:58.433] [INFO] [EXEC] SELL CHECK inventory=0.061990 reported=0.000000 remaining=0.061990 chunks=1
[10:45:58.436] [INFO] [EXEC] PLACE_SELL_SOURCE source=plan price=80667.85
[10:45:58.437] [OK] [EXEC] PLACE SELL price=80667.85 qty=0.061990
[10:45:58.719] [OK] [EXEC] SELL ORDER SENT orderId=385137046
[10:45:59.900] [INFO] [EXEC] SELL_WATCHDOG_SYNC orderId=385137046 status=NEW
[10:45:59.916] [WARNING] [EXEC] TAKER_EXIT_TRIGGER reason=timeout_after_ms age=1215 qty=0.061990
[10:45:59.918] [WARNING] [EXEC] TAKER_EXIT_CANCEL_MAKER orderId=385137046
[10:46:00.712] [INFO] [EXEC] PLACE_SELL_SOURCE source=taker price=80663.83
[10:46:01.008] [WARNING] [EXEC] TAKER_EXIT_ORDER_SENT id=385137056 price=80663.83 qty=0.061990
[10:46:01.546] [WARNING] [SYNC] desync fixed
[10:46:01.681] [INFO] [EXEC] EXIT RECOVERY inventory_no_sell qty=0.061990
[10:46:01.681] [WARNING] [EXEC] SELL_PENDING_WITHOUT_ORDER_FIXED
[10:46:02.228] [WARNING] [EXEC] SELL_QTY_CLAMP inventory=0.061990 free=0.047367 final=0.047367
[10:46:02.228] [INFO] [EXEC] SELL CHECK inventory=0.061990 reported=0.000000 remaining=0.047367 chunks=1
[10:46:02.228] [INFO] [EXEC] PLACE_SELL_SOURCE source=plan price=80667.64
[10:46:02.228] [OK] [EXEC] PLACE SELL price=80667.64 qty=0.047367
[10:46:02.511] [OK] [EXEC] SELL ORDER SENT orderId=385137158
[10:46:03.873] [INFO] [EXEC] SELL_WATCHDOG_SYNC orderId=385137158 status=NEW
[10:46:03.874] [INFO] [EXEC] SELL_UPSIZE_SKIPPED reason=exit_or_panic_active
[10:46:04.759] [OK] [SYNC] order filled detected
[10:46:04.759] [OK] [SYNC] SELL filled on exchange
[10:46:04.759] [OK] [EXEC] FIFO CLOSE qty=0.047360 entry=80667.62 exit=80667.64 pnl=+0.000947
[10:46:04.759] [OK] [EXEC] REALIZED pnl=+0.000947
[10:46:05.353] [WARNING] [EXEC] SELL ACCOUNTING STALE RESET
[10:46:05.368] [INFO] [EXEC] EXIT RECOVERY inventory_no_sell qty=0.014630
[10:46:05.913] [INFO] [EXEC] SELL CHECK inventory=0.014630 reported=0.000000 remaining=0.000000 chunks=1
[10:46:05.916] [WARNING] [EXEC] SELL ACCOUNTING STALE RESET
[10:46:05.917] [WARNING] [EXEC] EXIT_BLOCKED_NO_SELLABLE_QTY inventory=0.014630 free=0.000007 safe=0.000000 reason=dust_or_locked_balance
[10:46:06.526] [INFO] [EXEC] SELL CHECK inventory=0.014630 reported=0.000000 remaining=0.000000 chunks=1
[10:46:06.526] [WARNING] [EXEC] SELL ACCOUNTING STALE RESET
[10:46:06.542] [WARNING] [EXEC] EXIT_BLOCKED_NO_SELLABLE_QTY inventory=0.014630 free=0.000007 safe=0.000000 reason=dust_or_locked_balance
[10:46:07.384] [WARNING] [EXEC] PLACE_SELL_STUCK_RECOVERY qty=0.000000
[10:46:08.633] [INFO] [EXEC] SELL CHECK inventory=0.014630 reported=0.000000 remaining=0.000000 chunks=1
[10:46:08.636] [WARNING] [EXEC] SELL ACCOUNTING STALE RESET
[10:46:08.638] [WARNING] [EXEC] EXIT_BLOCKED_NO_SELLABLE_QTY inventory=0.014630 free=0.000007 safe=0.000000 reason=dust_or_locked_balance
[10:46:08.760] [INFO] [EXEC] EXIT RECOVERY inventory_no_sell qty=0.014630
[10:46:09.026] [WARNING] [EXEC] PLACE_SELL_STUCK_RECOVERY qty=0.000000
[10:46:09.563] [INFO] [EXEC] SELL CHECK inventory=0.014630 reported=0.000000 remaining=0.000000 chunks=1
[10:46:09.566] [WARNING] [EXEC] SELL ACCOUNTING STALE RESET
[10:46:09.567] [WARNING] [EXEC] EXIT_BLOCKED_NO_SELLABLE_QTY inventory=0.014630 free=0.000007 safe=0.000000 reason=dust_or_locked_balance
[10:46:10.385] [WARNING] [EXEC] PLACE_SELL_STUCK_RECOVERY qty=0.000000
[10:46:10.912] [INFO] [EXEC] SELL CHECK inventory=0.014630 reported=0.000000 remaining=0.000000 chunks=1
[10:46:10.914] [WARNING] [EXEC] SELL ACCOUNTING STALE RESET
[10:46:10.915] [WARNING] [EXEC] EXIT_BLOCKED_NO_SELLABLE_QTY inventory=0.014630 free=0.000007 safe=0.000000 reason=dust_or_locked_balance
[10:46:11.454] [WARNING] [EXEC] PLACE_SELL_STUCK_RECOVERY qty=0.000000
[10:46:11.976] [INFO] [EXEC] SELL CHECK inventory=0.014630 reported=0.000000 remaining=0.000000 chunks=1
[10:46:11.983] [WARNING] [EXEC] SELL ACCOUNTING STALE RESET
[10:46:11.985] [WARNING] [EXEC] EXIT_BLOCKED_NO_SELLABLE_QTY inventory=0.014630 free=0.000007 safe=0.000000 reason=dust_or_locked_balance
[10:46:12.308] [INFO] [EXEC] EXIT RECOVERY inventory_no_sell qty=0.014630
[10:46:12.571] [WARNING] [EXEC] PLACE_SELL_STUCK_RECOVERY qty=0.000000
[10:46:13.104] [INFO] [EXEC] SELL CHECK inventory=0.014630 reported=0.000000 remaining=0.000000 chunks=1
[10:46:13.107] [WARNING] [EXEC] SELL ACCOUNTING STALE RESET
[10:46:13.109] [WARNING] [EXEC] EXIT_BLOCKED_NO_SELLABLE_QTY inventory=0.014630 free=0.000007 safe=0.000000 reason=dust_or_locked_balance
[10:46:13.917] [WARNING] [EXEC] PLACE_SELL_STUCK_RECOVERY qty=0.000000
[10:46:14.463] [INFO] [EXEC] SELL CHECK inventory=0.014630 reported=0.000000 remaining=0.000000 chunks=1
[10:46:14.463] [WARNING] [EXEC] SELL ACCOUNTING STALE RESET
[10:46:14.463] [WARNING] [EXEC] EXIT_BLOCKED_NO_SELLABLE_QTY inventory=0.014630 free=0.000007 safe=0.000000 reason=dust_or_locked_balance
[10:46:14.858] [WARNING] [EXEC] PLACE_SELL_STUCK_RECOVERY qty=0.000000
[10:46:15.385] [INFO] [EXEC] SELL CHECK inventory=0.014630 reported=0.000000 remaining=0.000000 chunks=1
[10:46:15.385] [WARNING] [EXEC] SELL ACCOUNTING STALE RESET
[10:46:15.385] [WARNING] [EXEC] EXIT_BLOCKED_NO_SELLABLE_QTY inventory=0.014630 free=0.000007 safe=0.000000 reason=dust_or_locked_balance
[10:46:15.956] [INFO] [EXEC] EXIT RECOVERY inventory_no_sell qty=0.014630
[10:46:16.212] [WARNING] [EXEC] PLACE_SELL_STUCK_RECOVERY qty=0.000000
[10:46:16.760] [INFO] [EXEC] SELL CHECK inventory=0.014630 reported=0.000000 remaining=0.000000 chunks=1
[10:46:16.760] [WARNING] [EXEC] SELL ACCOUNTING STALE RESET
[10:46:16.760] [WARNING] [EXEC] EXIT_BLOCKED_NO_SELLABLE_QTY inventory=0.014630 free=0.000007 safe=0.000000 reason=dust_or_locked_balance
[10:46:17.119] [WARNING] [EXEC] PLACE_SELL_STUCK_RECOVERY qty=0.000000
[10:46:18.130] [INFO] [EXEC] SELL CHECK inventory=0.014630 reported=0.000000 remaining=0.000000 chunks=1
[10:46:18.132] [WARNING] [EXEC] SELL ACCOUNTING STALE RESET
[10:46:18.133] [WARNING] [EXEC] EXIT_BLOCKED_NO_SELLABLE_QTY inventory=0.014630 free=0.000007 safe=0.000000 reason=dust_or_locked_balance
[10:46:19.151] [INFO] [EXEC] EXIT RECOVERY inventory_no_sell qty=0.014630
[10:46:19.416] [WARNING] [EXEC] PLACE_SELL_STUCK_RECOVERY qty=0.000000
[10:46:19.936] [INFO] [EXEC] SELL CHECK inventory=0.014630 reported=0.000000 remaining=0.000000 chunks=1
[10:46:19.936] [WARNING] [EXEC] SELL ACCOUNTING STALE RESET
[10:46:19.936] [WARNING] [EXEC] EXIT_BLOCKED_NO_SELLABLE_QTY inventory=0.014630 free=0.000007 safe=0.000000 reason=dust_or_locked_balance
[10:46:21.291] [WARNING] [EXEC] PLACE_SELL_STUCK_RECOVERY qty=0.000000
[10:46:21.847] [INFO] [EXEC] SELL CHECK inventory=0.014630 reported=0.000000 remaining=0.000000 chunks=1
[10:46:21.850] [WARNING] [EXEC] SELL ACCOUNTING STALE RESET
[10:46:21.853] [WARNING] [EXEC] EXIT_BLOCKED_NO_SELLABLE_QTY inventory=0.014630 free=0.000007 safe=0.000000 reason=dust_or_locked_balance
[10:46:22.222] [WARNING] [EXEC] PLACE_SELL_STUCK_RECOVERY qty=0.000000
[10:46:22.769] [INFO] [EXEC] SELL CHECK inventory=0.014630 reported=0.000000 remaining=0.000000 chunks=1
[10:46:22.773] [WARNING] [EXEC] SELL ACCOUNTING STALE RESET
[10:46:22.775] [WARNING] [EXEC] EXIT_BLOCKED_NO_SELLABLE_QTY inventory=0.014630 free=0.000007 safe=0.000000 reason=dust_or_locked_balance
[10:46:23.603] [INFO] [EXEC] EXIT RECOVERY inventory_no_sell qty=0.014630
[10:46:23.892] [WARNING] [EXEC] PLACE_SELL_STUCK_RECOVERY qty=0.000000
[10:46:24.450] [INFO] [EXEC] SELL CHECK inventory=0.014630 reported=0.000000 remaining=0.000000 chunks=1
[10:46:24.452] [WARNING] [EXEC] SELL ACCOUNTING STALE RESET
[10:46:24.454] [WARNING] [EXEC] EXIT_BLOCKED_NO_SELLABLE_QTY inventory=0.014630 free=0.000007 safe=0.000000 reason=dust_or_locked_balance
[10:46:25.482] [WARNING] [EXEC] PLACE_SELL_STUCK_RECOVERY qty=0.000000
[10:46:26.009] [INFO] [EXEC] SELL CHECK inventory=0.014630 reported=0.000000 remaining=0.000000 chunks=1
[10:46:26.009] [WARNING] [EXEC] SELL ACCOUNTING STALE RESET
[10:46:26.009] [WARNING] [EXEC] EXIT_BLOCKED_NO_SELLABLE_QTY inventory=0.014630 free=0.000007 safe=0.000000 reason=dust_or_locked_balance
[10:46:26.649] [INFO] [EXEC] EXIT RECOVERY inventory_no_sell qty=0.014630
[10:46:26.915] [WARNING] [EXEC] PLACE_SELL_STUCK_RECOVERY qty=0.000000
[10:46:27.446] [INFO] [EXEC] SELL CHECK inventory=0.014630 reported=0.000000 remaining=0.000000 chunks=1
[10:46:27.446] [WARNING] [EXEC] SELL ACCOUNTING STALE RESET
[10:46:27.446] [WARNING] [EXEC] EXIT_BLOCKED_NO_SELLABLE_QTY inventory=0.014630 free=0.000007 safe=0.000000 reason=dust_or_locked_balance
[10:46:27.806] [WARNING] [EXEC] PLACE_SELL_STUCK_RECOVERY qty=0.000000
[10:46:28.353] [INFO] [EXEC] SELL CHECK inventory=0.014630 reported=0.000000 remaining=0.000000 chunks=1
[10:46:28.353] [WARNING] [EXEC] SELL ACCOUNTING STALE RESET
[10:46:28.353] [WARNING] [EXEC] EXIT_BLOCKED_NO_SELLABLE_QTY inventory=0.014630 free=0.000007 safe=0.000000 reason=dust_or_locked_balance
[10:46:29.200] [WARNING] [EXEC] PLACE_SELL_STUCK_RECOVERY qty=0.000000
[10:46:29.731] [INFO] [EXEC] SELL CHECK inventory=0.014630 reported=0.000000 remaining=0.000000 chunks=1
[10:46:29.734] [WARNING] [EXEC] SELL ACCOUNTING STALE RESET
[10:46:29.737] [WARNING] [EXEC] EXIT_BLOCKED_NO_SELLABLE_QTY inventory=0.014630 free=0.000007 safe=0.000000 reason=dust_or_locked_balance
[10:46:30.619] [INFO] [EXEC] EXIT RECOVERY inventory_no_sell qty=0.014630
[10:46:30.885] [WARNING] [EXEC] PLACE_SELL_STUCK_RECOVERY qty=0.000000
[10:46:31.415] [INFO] [EXEC] SELL CHECK inventory=0.014630 reported=0.000000 remaining=0.000000 chunks=1
[10:46:31.431] [WARNING] [EXEC] SELL ACCOUNTING STALE RESET
[10:46:31.431] [WARNING] [EXEC] EXIT_BLOCKED_NO_SELLABLE_QTY inventory=0.014630 free=0.000007 safe=0.000000 reason=dust_or_locked_balance
[10:46:32.181] [WARNING] [EXEC] PLACE_SELL_STUCK_RECOVERY qty=0.000000
[10:46:32.729] [INFO] [EXEC] SELL CHECK inventory=0.014630 reported=0.000000 remaining=0.000000 chunks=1
[10:46:32.731] [WARNING] [EXEC] SELL ACCOUNTING STALE RESET
[10:46:32.732] [WARNING] [EXEC] EXIT_BLOCKED_NO_SELLABLE_QTY inventory=0.014630 free=0.000007 safe=0.000000 reason=dust_or_locked_balance
[10:46:33.448] [WARNING] [EXEC] PLACE_SELL_STUCK_RECOVERY qty=0.000000
[10:46:33.992] [INFO] [EXEC] SELL CHECK inventory=0.014630 reported=0.000000 remaining=0.000000 chunks=1
[10:46:33.993] [WARNING] [EXEC] SELL ACCOUNTING STALE RESET
[10:46:33.995] [WARNING] [EXEC] EXIT_BLOCKED_NO_SELLABLE_QTY inventory=0.014630 free=0.000007 safe=0.000000 reason=dust_or_locked_balance
[10:46:34.448] [INFO] [EXEC] EXIT RECOVERY inventory_no_sell qty=0.014630
[10:46:34.717] [WARNING] [EXEC] PLACE_SELL_STUCK_RECOVERY qty=0.000000
[10:46:35.256] [INFO] [EXEC] SELL CHECK inventory=0.014630 reported=0.000000 remaining=0.000000 chunks=1
[10:46:35.259] [WARNING] [EXEC] SELL ACCOUNTING STALE RESET
[10:46:35.262] [WARNING] [EXEC] EXIT_BLOCKED_NO_SELLABLE_QTY inventory=0.014630 free=0.000007 safe=0.000000 reason=dust_or_locked_balance
[10:46:36.478] [WARNING] [EXEC] PLACE_SELL_STUCK_RECOVERY qty=0.000000
[10:46:37.012] [INFO] [EXEC] SELL CHECK inventory=0.014630 reported=0.000000 remaining=0.000000 chunks=1
[10:46:37.015] [WARNING] [EXEC] SELL ACCOUNTING STALE RESET
[10:46:37.017] [WARNING] [EXEC] EXIT_BLOCKED_NO_SELLABLE_QTY inventory=0.014630 free=0.000007 safe=0.000000 reason=dust_or_locked_balance
[10:46:37.461] [INFO] [EXEC] EXIT RECOVERY inventory_no_sell qty=0.014630
[10:46:37.733] [WARNING] [EXEC] PLACE_SELL_STUCK_RECOVERY qty=0.000000
[10:46:38.259] [INFO] [EXEC] SELL CHECK inventory=0.014630 reported=0.000000 remaining=0.000000 chunks=1
[10:46:38.259] [WARNING] [EXEC] SELL ACCOUNTING STALE RESET
[10:46:38.275] [WARNING] [EXEC] EXIT_BLOCKED_NO_SELLABLE_QTY inventory=0.014630 free=0.000007 safe=0.000000 reason=dust_or_locked_balance
[10:46:38.996] [WARNING] [EXEC] PLACE_SELL_STUCK_RECOVERY qty=0.000000
[10:46:39.532] [INFO] [EXEC] SELL CHECK inventory=0.014630 reported=0.000000 remaining=0.000000 chunks=1
[10:46:39.534] [WARNING] [EXEC] SELL ACCOUNTING STALE RESET
[10:46:39.535] [WARNING] [EXEC] EXIT_BLOCKED_NO_SELLABLE_QTY inventory=0.014630 free=0.000007 safe=0.000000 reason=dust_or_locked_balance
[10:46:40.229] [WARNING] [EXEC] PLACE_SELL_STUCK_RECOVERY qty=0.000000
[10:46:40.795] [INFO] [EXEC] SELL CHECK inventory=0.014630 reported=0.000000 remaining=0.000000 chunks=1
[10:46:40.797] [WARNING] [EXEC] SELL ACCOUNTING STALE RESET
[10:46:40.798] [WARNING] [EXEC] EXIT_BLOCKED_NO_SELLABLE_QTY inventory=0.014630 free=0.000007 safe=0.000000 reason=dust_or_locked_balance
[10:46:41.463] [INFO] [EXEC] EXIT RECOVERY inventory_no_sell qty=0.014630
[10:46:41.759] [WARNING] [EXEC] PLACE_SELL_STUCK_RECOVERY qty=0.000000
[10:46:42.275] [INFO] [EXEC] SELL CHECK inventory=0.014630 reported=0.000000 remaining=0.000000 chunks=1
[10:46:42.292] [WARNING] [EXEC] SELL ACCOUNTING STALE RESET
[10:46:42.293] [WARNING] [EXEC] EXIT_BLOCKED_NO_SELLABLE_QTY inventory=0.014630 free=0.000007 safe=0.000000 reason=dust_or_locked_balance
[10:46:43.041] [WARNING] [EXEC] PLACE_SELL_STUCK_RECOVERY qty=0.000000
[10:46:43.583] [INFO] [EXEC] SELL CHECK inventory=0.014630 reported=0.000000 remaining=0.000000 chunks=1
[10:46:43.585] [WARNING] [EXEC] SELL ACCOUNTING STALE RESET
[10:46:43.587] [WARNING] [EXEC] EXIT_BLOCKED_NO_SELLABLE_QTY inventory=0.014630 free=0.000007 safe=0.000000 reason=dust_or_locked_balance
[10:46:44.339] [WARNING] [EXEC] PLACE_SELL_STUCK_RECOVERY qty=0.000000
[10:46:44.900] [INFO] [EXEC] SELL CHECK inventory=0.014630 reported=0.000000 remaining=0.000000 chunks=1
[10:46:44.900] [WARNING] [EXEC] SELL ACCOUNTING STALE RESET
[10:46:44.900] [WARNING] [EXEC] EXIT_BLOCKED_NO_SELLABLE_QTY inventory=0.014630 free=0.000007 safe=0.000000 reason=dust_or_locked_balance
[10:46:45.339] [INFO] [EXEC] EXIT RECOVERY inventory_no_sell qty=0.014630
[10:46:45.603] [WARNING] [EXEC] PLACE_SELL_STUCK_RECOVERY qty=0.000000
[10:46:46.134] [INFO] [EXEC] SELL CHECK inventory=0.014630 reported=0.000000 remaining=0.000000 chunks=1
[10:46:46.137] [WARNING] [EXEC] SELL ACCOUNTING STALE RESET
[10:46:46.139] [WARNING] [EXEC] EXIT_BLOCKED_NO_SELLABLE_QTY inventory=0.014630 free=0.000007 safe=0.000000 reason=dust_or_locked_balance
[10:46:46.879] [WARNING] [EXEC] PLACE_SELL_STUCK_RECOVERY qty=0.000000
[10:46:47.407] [INFO] [EXEC] SELL CHECK inventory=0.014630 reported=0.000000 remaining=0.000000 chunks=1
[10:46:47.410] [WARNING] [EXEC] SELL ACCOUNTING STALE RESET
[10:46:47.411] [WARNING] [EXEC] EXIT_BLOCKED_NO_SELLABLE_QTY inventory=0.014630 free=0.000007 safe=0.000000 reason=dust_or_locked_balance
[10:46:48.397] [WARNING] [EXEC] PLACE_SELL_STUCK_RECOVERY qty=0.000000
[10:46:48.927] [INFO] [EXEC] SELL CHECK inventory=0.014630 reported=0.000000 remaining=0.000000 chunks=1
[10:46:48.931] [WARNING] [EXEC] SELL ACCOUNTING STALE RESET
[10:46:48.934] [WARNING] [EXEC] EXIT_BLOCKED_NO_SELLABLE_QTY inventory=0.014630 free=0.000007 safe=0.000000 reason=dust_or_locked_balance
[10:46:49.411] [INFO] [EXEC] EXIT RECOVERY inventory_no_sell qty=0.014630
[10:46:49.666] [WARNING] [EXEC] PLACE_SELL_STUCK_RECOVERY qty=0.000000
[10:46:50.213] [INFO] [EXEC] SELL CHECK inventory=0.014630 reported=0.000000 remaining=0.000000 chunks=1
[10:46:50.213] [WARNING] [EXEC] SELL ACCOUNTING STALE RESET
[10:46:50.213] [WARNING] [EXEC] EXIT_BLOCKED_NO_SELLABLE_QTY inventory=0.014630 free=0.000007 safe=0.000000 reason=dust_or_locked_balance
[10:46:50.932] [WARNING] [EXEC] PLACE_SELL_STUCK_RECOVERY qty=0.000000
[10:46:51.456] [INFO] [EXEC] SELL CHECK inventory=0.014630 reported=0.000000 remaining=0.000000 chunks=1
[10:46:51.459] [WARNING] [EXEC] SELL ACCOUNTING STALE RESET
[10:46:51.460] [WARNING] [EXEC] EXIT_BLOCKED_NO_SELLABLE_QTY inventory=0.014630 free=0.000007 safe=0.000000 reason=dust_or_locked_balance
[10:46:52.181] [WARNING] [EXEC] PLACE_SELL_STUCK_RECOVERY qty=0.000000
[10:46:52.697] [INFO] [EXEC] SELL CHECK inventory=0.014630 reported=0.000000 remaining=0.000000 chunks=1
[10:46:52.714] [WARNING] [EXEC] SELL ACCOUNTING STALE RESET
[10:46:52.716] [WARNING] [EXEC] EXIT_BLOCKED_NO_SELLABLE_QTY inventory=0.014630 free=0.000007 safe=0.000000 reason=dust_or_locked_balance
[10:46:53.167] [INFO] [EXEC] EXIT RECOVERY inventory_no_sell qty=0.014630
[10:46:53.443] [WARNING] [EXEC] PLACE_SELL_STUCK_RECOVERY qty=0.000000
[10:46:53.965] [INFO] [EXEC] SELL CHECK inventory=0.014630 reported=0.000000 remaining=0.000000 chunks=1
[10:46:53.968] [WARNING] [EXEC] SELL ACCOUNTING STALE RESET
[10:46:53.969] [WARNING] [EXEC] EXIT_BLOCKED_NO_SELLABLE_QTY inventory=0.014630 free=0.000007 safe=0.000000 reason=dust_or_locked_balance
[10:46:54.971] [WARNING] [EXEC] PLACE_SELL_STUCK_RECOVERY qty=0.000000
[10:46:55.499] [INFO] [EXEC] SELL CHECK inventory=0.014630 reported=0.000000 remaining=0.000000 chunks=1
[10:46:55.501] [WARNING] [EXEC] SELL ACCOUNTING STALE RESET
[10:46:55.502] [WARNING] [EXEC] EXIT_BLOCKED_NO_SELLABLE_QTY inventory=0.014630 free=0.000007 safe=0.000000 reason=dust_or_locked_balance
[10:46:56.226] [WARNING] [EXEC] PLACE_SELL_STUCK_RECOVERY qty=0.000000
[10:46:56.775] [INFO] [EXEC] SELL CHECK inventory=0.014630 reported=0.000000 remaining=0.000000 chunks=1
[10:46:56.775] [WARNING] [EXEC] SELL ACCOUNTING STALE RESET
[10:46:56.775] [WARNING] [EXEC] EXIT_BLOCKED_NO_SELLABLE_QTY inventory=0.014630 free=0.000007 safe=0.000000 reason=dust_or_locked_balance
[10:46:57.229] [INFO] [EXEC] EXIT RECOVERY inventory_no_sell qty=0.014630
[10:46:57.502] [WARNING] [EXEC] PLACE_SELL_STUCK_RECOVERY qty=0.000000
[10:46:58.114] [INFO] [EXEC] SELL CHECK inventory=0.014630 reported=0.000000 remaining=0.000000 chunks=1
[10:46:58.117] [WARNING] [EXEC] SELL ACCOUNTING STALE RESET
[10:46:58.119] [WARNING] [EXEC] EXIT_BLOCKED_NO_SELLABLE_QTY inventory=0.014630 free=0.000007 safe=0.000000 reason=dust_or_locked_balance
[10:46:58.801] [WARNING] [EXEC] PLACE_SELL_STUCK_RECOVERY qty=0.000000
[10:46:59.354] [INFO] [EXEC] SELL CHECK inventory=0.014630 reported=0.000000 remaining=0.000000 chunks=1
[10:46:59.354] [WARNING] [EXEC] SELL ACCOUNTING STALE RESET
[10:46:59.354] [WARNING] [EXEC] EXIT_BLOCKED_NO_SELLABLE_QTY inventory=0.014630 free=0.000007 safe=0.000000 reason=dust_or_locked_balance
[10:47:00.244] [WARNING] [EXEC] PLACE_SELL_STUCK_RECOVERY qty=0.000000
[10:47:01.260] [INFO] [EXEC] SELL CHECK inventory=0.014630 reported=0.000000 remaining=0.000000 chunks=1
[10:47:01.260] [WARNING] [EXEC] SELL ACCOUNTING STALE RESET
[10:47:01.260] [WARNING] [EXEC] EXIT_BLOCKED_NO_SELLABLE_QTY inventory=0.014630 free=0.000007 safe=0.000000 reason=dust_or_locked_balance
[10:47:01.776] [INFO] [EXEC] EXIT RECOVERY inventory_no_sell qty=0.014630
[10:47:02.061] [WARNING] [EXEC] PLACE_SELL_STUCK_RECOVERY qty=0.000000
[10:47:02.592] [INFO] [EXEC] SELL CHECK inventory=0.014630 reported=0.000000 remaining=0.000000 chunks=1
[10:47:02.595] [WARNING] [EXEC] SELL ACCOUNTING STALE RESET
[10:47:02.596] [WARNING] [EXEC] EXIT_BLOCKED_NO_SELLABLE_QTY inventory=0.014630 free=0.000007 safe=0.000000 reason=dust_or_locked_balance
[10:47:03.333] [WARNING] [EXEC] PLACE_SELL_STUCK_RECOVERY qty=0.000000
[10:47:03.867] [INFO] [EXEC] SELL CHECK inventory=0.014630 reported=0.000000 remaining=0.000000 chunks=1
[10:47:03.867] [WARNING] [EXEC] SELL ACCOUNTING STALE RESET
[10:47:03.872] [WARNING] [EXEC] EXIT_BLOCKED_NO_SELLABLE_QTY inventory=0.014630 free=0.000007 safe=0.000000 reason=dust_or_locked_balance
[10:47:04.620] [WARNING] [EXEC] PLACE_SELL_STUCK_RECOVERY qty=0.000000
[10:47:05.166] [INFO] [EXEC] SELL CHECK inventory=0.014630 reported=0.000000 remaining=0.000000 chunks=1
[10:47:05.166] [WARNING] [EXEC] SELL ACCOUNTING STALE RESET
[10:47:05.166] [WARNING] [EXEC] EXIT_BLOCKED_NO_SELLABLE_QTY inventory=0.014630 free=0.000007 safe=0.000000 reason=dust_or_locked_balance
[10:47:05.880] [INFO] [EXEC] EXIT RECOVERY inventory_no_sell qty=0.014630
[10:47:06.152] [WARNING] [EXEC] PLACE_SELL_STUCK_RECOVERY qty=0.000000
[10:47:06.702] [INFO] [EXEC] SELL CHECK inventory=0.014630 reported=0.000000 remaining=0.000000 chunks=1
[10:47:06.706] [WARNING] [EXEC] SELL ACCOUNTING STALE RESET
[10:47:06.709] [WARNING] [EXEC] EXIT_BLOCKED_NO_SELLABLE_QTY inventory=0.014630 free=0.000007 safe=0.000000 reason=dust_or_locked_balance
[10:47:07.416] [WARNING] [EXEC] PLACE_SELL_STUCK_RECOVERY qty=0.000000
[10:47:07.951] [INFO] [EXEC] SELL CHECK inventory=0.014630 reported=0.000000 remaining=0.000000 chunks=1
[10:47:07.954] [WARNING] [EXEC] SELL ACCOUNTING STALE RESET
[10:47:07.955] [WARNING] [EXEC] EXIT_BLOCKED_NO_SELLABLE_QTY inventory=0.014630 free=0.000007 safe=0.000000 reason=dust_or_locked_balance
[10:47:08.677] [WARNING] [EXEC] PLACE_SELL_STUCK_RECOVERY qty=0.000000
[10:47:09.222] [INFO] [EXEC] SELL CHECK inventory=0.014630 reported=0.000000 remaining=0.000000 chunks=1
[10:47:09.224] [WARNING] [EXEC] SELL ACCOUNTING STALE RESET
[10:47:09.225] [WARNING] [EXEC] EXIT_BLOCKED_NO_SELLABLE_QTY inventory=0.014630 free=0.000007 safe=0.000000 reason=dust_or_locked_balance
[10:47:09.680] [INFO] [EXEC] EXIT RECOVERY inventory_no_sell qty=0.014630
[10:47:09.939] [WARNING] [EXEC] PLACE_SELL_STUCK_RECOVERY qty=0.000000
[10:47:10.479] [INFO] [EXEC] SELL CHECK inventory=0.014630 reported=0.000000 remaining=0.000000 chunks=1
[10:47:10.479] [WARNING] [EXEC] SELL ACCOUNTING STALE RESET
[10:47:10.479] [WARNING] [EXEC] EXIT_BLOCKED_NO_SELLABLE_QTY inventory=0.014630 free=0.000007 safe=0.000000 reason=dust_or_locked_balance
[10:47:11.178] [WARNING] [EXEC] PLACE_SELL_STUCK_RECOVERY qty=0.000000
[10:47:11.728] [INFO] [EXEC] SELL CHECK inventory=0.014630 reported=0.000000 remaining=0.000000 chunks=1
[10:47:11.729] [WARNING] [EXEC] SELL ACCOUNTING STALE RESET
[10:47:11.729] [WARNING] [EXEC] EXIT_BLOCKED_NO_SELLABLE_QTY inventory=0.014630 free=0.000007 safe=0.000000 reason=dust_or_locked_balance
[10:47:12.703] [WARNING] [EXEC] PLACE_SELL_STUCK_RECOVERY qty=0.000000
[10:47:13.241] [INFO] [EXEC] SELL CHECK inventory=0.014630 reported=0.000000 remaining=0.000000 chunks=1
[10:47:13.244] [WARNING] [EXEC] SELL ACCOUNTING STALE RESET
[10:47:13.246] [WARNING] [EXEC] EXIT_BLOCKED_NO_SELLABLE_QTY inventory=0.014630 free=0.000007 safe=0.000000 reason=dust_or_locked_balance
[10:47:13.712] [INFO] [EXEC] EXIT RECOVERY inventory_no_sell qty=0.014630
[10:47:13.982] [WARNING] [EXEC] PLACE_SELL_STUCK_RECOVERY qty=0.000000
[10:47:14.510] [INFO] [EXEC] SELL CHECK inventory=0.014630 reported=0.000000 remaining=0.000000 chunks=1
[10:47:14.510] [WARNING] [EXEC] SELL ACCOUNTING STALE RESET
[10:47:14.510] [WARNING] [EXEC] EXIT_BLOCKED_NO_SELLABLE_QTY inventory=0.014630 free=0.000007 safe=0.000000 reason=dust_or_locked_balance
[10:47:15.223] [WARNING] [EXEC] PLACE_SELL_STUCK_RECOVERY qty=0.000000
[10:47:15.757] [INFO] [EXEC] SELL CHECK inventory=0.014630 reported=0.000000 remaining=0.000000 chunks=1
[10:47:15.759] [WARNING] [EXEC] SELL ACCOUNTING STALE RESET
[10:47:15.760] [WARNING] [EXEC] EXIT_BLOCKED_NO_SELLABLE_QTY inventory=0.014630 free=0.000007 safe=0.000000 reason=dust_or_locked_balance
[10:47:16.463] [WARNING] [EXEC] PLACE_SELL_STUCK_RECOVERY qty=0.000000
[10:47:16.994] [INFO] [EXEC] SELL CHECK inventory=0.014630 reported=0.000000 remaining=0.000000 chunks=1
[10:47:16.994] [WARNING] [EXEC] SELL ACCOUNTING STALE RESET
[10:47:16.994] [WARNING] [EXEC] EXIT_BLOCKED_NO_SELLABLE_QTY inventory=0.014630 free=0.000007 safe=0.000000 reason=dust_or_locked_balance
[10:47:17.270] [INFO] START_CLICK received enabled=True api_ready=True running=True
[10:47:17.593] [WARNING] cancel all requested
[10:47:17.596] [WARNING] [EXEC] STOP_SAFE_MANUAL inventory=0.014630 active_order=0
[10:47:17.598] [WARNING] STOP
