[15:04:01.147] [OK] filters loaded
[15:04:03.308] [OK] [PLAN] HOT entry=80834.27 exit=80846.81 profit=0.155120 age=486ms
[15:04:07.831] [OK] [PLAN] HOT entry=80852.02 exit=80862.86 profit=0.133982 age=948ms
[15:04:09.381] [EXCHANGE] symbol=BTCU base=BTC quote=U status=TRADING permissions=[]
[15:04:09.381] [OK] START
[15:04:09.694] [INFO] [EXEC] LIVE ON
[15:04:09.696] [INFO] [EXEC] WAIT READY
[15:04:10.471] [WS] primary url=wss://stream.binance.com:9443/ws/btcu@bookTicker
[15:04:10.472] [WS] connecting primary
[15:04:10.503] [WS] connected
[15:04:10.538] [WS] LIVE bid=80856.84 ask=80872.77
[15:04:11.085] [OK] [EXEC] BUY ORDER SENT orderId=382465864 price=80858.84 qty=0.012360
[15:04:11.085] [OK] [EXEC] PLACE BUY price=80858.84 qty=0.012360
[15:04:12.722] [OK] [PLAN] HOT entry=80866.78 exit=80875.23 profit=0.104442 age=1875ms
[15:04:15.303] [WARNING] [EXEC] BUY TIMEOUT orderId=382465864
[15:04:15.308] [WARNING] [EXEC] CANCEL BUY orderId=382465864
[15:04:15.569] [OK] [EXEC] BUY CANCELED confirmed
[15:04:15.846] [INFO] [EXEC] BUY FINAL STATUS status=CANCELED orderId=382465864
[15:04:15.849] [WARNING] [EXEC] BLOCK reason=buy_not_filled
[15:04:15.855] [OK] [PLAN] READY entry=80868.01 exit=80871.99 profit=0.049193 age=4479ms
[15:04:15.857] [WS] LIVE bid=80868.33 ask=80874.00
[15:04:19.806] [OK] [EXEC] BUY ORDER SENT orderId=382466167 price=80869.93 qty=0.012360
[15:04:19.810] [OK] [EXEC] PLACE BUY price=80869.93 qty=0.012360
[15:04:20.669] [WS] LIVE bid=80869.93 ask=80874.98
[15:04:24.293] [OK] [EXEC] BUY PARTIAL filled=0.012360 total=0.012360
[15:04:24.297] [OK] [EXEC] BUY REMAINING qty=0.000000
[15:04:24.298] [OK] [EXEC] POSITION qty=0.012360
[15:04:24.299] [OK] [EXEC] BUY FILLED id=382466167
[15:04:24.301] [OK] [PLAN] READY entry=80869.81 exit=80873.83 profit=0.049687 age=1053ms
[15:04:25.338] [OK] [SYNC] order filled detected
[15:04:25.339] [OK] [SYNC] BUY filled on exchange
[15:04:26.078] [OK] [EXEC] PLACE SELL price=80869.97 qty=0.012360
[15:04:26.335] [OK] [EXEC] SELL ORDER SENT orderId=382466477
[15:04:26.937] [OK] [SYNC] order filled detected
[15:04:26.937] [OK] [SYNC] SELL filled on exchange
[15:04:26.937] [OK] [EXEC] REALIZED pnl=+0.000494
[15:04:26.943] [WS] LIVE bid=80861.80 ask=80872.03
[15:04:27.872] [OK] [EXEC] BUY ORDER SENT orderId=382466634 price=80871.73 qty=0.012360
[15:04:27.872] [OK] [EXEC] PLACE BUY price=80871.73 qty=0.012360
[15:04:28.694] [OK] [PLAN] HOT entry=80876.75 exit=80884.20 profit=0.092082 age=828ms
[15:04:31.454] [WS] LIVE bid=80882.00 ask=80889.25
[15:04:31.859] [WARNING] [EXEC] BUY TIMEOUT orderId=382466634
[15:04:31.863] [WARNING] [EXEC] CANCEL BUY orderId=382466634
[15:04:32.116] [OK] [EXEC] BUY CANCELED confirmed
[15:04:32.428] [INFO] [EXEC] BUY FINAL STATUS status=CANCELED orderId=382466634
[15:04:32.429] [WARNING] [EXEC] BLOCK reason=buy_not_filled
[15:04:33.723] [OK] [EXEC] BUY ORDER SENT orderId=382467101 price=80868.54 qty=0.012360
[15:04:33.725] [OK] [EXEC] PLACE BUY price=80868.54 qty=0.012360
[15:04:35.282] [OK] [EXEC] BUY PARTIAL filled=0.012360 total=0.012360
[15:04:35.285] [OK] [EXEC] BUY REMAINING qty=0.000000
[15:04:35.287] [OK] [EXEC] POSITION qty=0.012360
[15:04:35.288] [OK] [EXEC] BUY FILLED id=382467101
[15:04:35.290] [OK] [PLAN] HOT entry=80864.93 exit=80869.52 profit=0.056732 age=1549ms
[15:04:36.325] [OK] [SYNC] order filled detected
[15:04:36.329] [OK] [SYNC] BUY filled on exchange
[15:04:36.333] [WS] LIVE bid=80863.18 ask=80871.16
[15:04:36.584] [OK] [EXEC] PLACE SELL price=80872.00 qty=0.012360
[15:04:36.850] [OK] [EXEC] SELL ORDER SENT orderId=382467281
[15:04:38.538] [OK] [SYNC] order filled detected
[15:04:38.538] [OK] [SYNC] SELL filled on exchange
[15:04:38.538] [OK] [EXEC] REALIZED pnl=+0.042766
[15:04:38.804] [OK] [EXEC] BUY ORDER SENT orderId=382467367 price=80870.74 qty=0.012360
[15:04:38.804] [OK] [EXEC] PLACE BUY price=80870.74 qty=0.012360
[15:04:38.820] [OK] [PLAN] READY entry=80870.74 exit=80874.46 profit=0.045979 age=5079ms
[15:04:39.676] [OK] [EXEC] BUY PARTIAL filled=0.012360 total=0.012360
[15:04:39.678] [OK] [EXEC] BUY REMAINING qty=0.000000
[15:04:39.678] [OK] [EXEC] POSITION qty=0.012360
[15:04:39.678] [OK] [EXEC] BUY FILLED id=382467367
[15:04:40.210] [OK] [SYNC] order filled detected
[15:04:40.210] [OK] [SYNC] BUY filled on exchange
[15:04:40.977] [WS] LIVE bid=80866.39 ask=80872.54
[15:04:41.742] [OK] [EXEC] PLACE SELL price=80872.00 qty=0.012360
[15:04:42.006] [OK] [EXEC] SELL ORDER SENT orderId=382467545
[15:04:42.013] [OK] [PLAN] HOT entry=80862.30 exit=80872.00 profit=0.119892 age=8283ms
[15:04:43.297] [INFO] [EXEC] RECOVERY WAIT hard_sl_pending_recovery
[15:04:43.553] [OK] [EXEC] SELL FILLED id=382467545
[15:04:43.569] [OK] [EXEC] SELL FILLED qty=0.012360 remaining=0.000000
[15:04:43.569] [OK] [EXEC] REALIZED pnl=+0.015574
[15:04:44.396] [OK] [EXEC] BUY ORDER SENT orderId=382467777 price=80873.55 qty=0.012360
[15:04:44.400] [OK] [EXEC] PLACE BUY price=80873.55 qty=0.012360
[15:04:45.979] [OK] [PLAN] READY entry=80882.23 exit=80886.16 profit=0.048575 age=12251ms
[15:04:47.074] [WS] LIVE bid=80882.78 ask=80889.99
[15:04:47.957] [OK] [PLAN] HOT entry=80886.36 exit=80893.75 profit=0.091340 age=14231ms
[15:04:48.786] [WARNING] [EXEC] BUY TIMEOUT orderId=382467777
[15:04:48.790] [WARNING] [EXEC] CANCEL BUY orderId=382467777
[15:04:49.088] [OK] [EXEC] BUY CANCELED confirmed
[15:04:49.350] [INFO] [EXEC] BUY FINAL STATUS status=CANCELED orderId=382467777
[15:04:49.350] [WARNING] [EXEC] BLOCK reason=buy_not_filled
[15:04:49.366] [OK] [PLAN] READY entry=80888.80 exit=80892.37 profit=0.044125 age=15062ms
[15:04:51.225] [OK] [EXEC] BUY ORDER SENT orderId=382468166 price=80884.00 qty=0.012360
[15:04:51.225] [OK] [EXEC] PLACE BUY price=80884.00 qty=0.012360
[15:04:51.712] [WS] LIVE bid=80874.01 ask=80884.58
[15:04:52.616] [OK] [EXEC] BUY PARTIAL filled=0.012360 total=0.012360
[15:04:52.616] [OK] [EXEC] BUY REMAINING qty=0.000000
[15:04:52.616] [OK] [EXEC] POSITION qty=0.012360
[15:04:52.616] [OK] [EXEC] BUY FILLED id=382468166
[15:04:52.616] [OK] [PLAN] HOT entry=80877.52 exit=80883.56 profit=0.074654 age=18891ms
[15:04:53.163] [OK] [SYNC] order filled detected
[15:04:53.163] [OK] [SYNC] BUY filled on exchange
[15:04:53.257] [OK] [EXEC] PLACE SELL price=80884.04 qty=0.012360
[15:04:53.524] [OK] [EXEC] SELL ORDER SENT orderId=382468243
[15:04:54.584] [OK] [SYNC] order filled detected
[15:04:54.585] [OK] [SYNC] SELL filled on exchange
[15:04:54.585] [OK] [EXEC] REALIZED pnl=+0.000494
[15:04:56.158] [OK] [EXEC] BUY ORDER SENT orderId=382468422 price=80878.68 qty=0.012360
[15:04:56.162] [OK] [EXEC] PLACE BUY price=80878.68 qty=0.012360
[15:04:57.195] [WS] LIVE bid=80878.01 ask=80887.33
[15:04:57.635] [OK] [PLAN] HOT entry=80880.86 exit=80887.99 profit=0.088127 age=1563ms
[15:04:59.196] [OK] [PLAN] READY entry=80884.77 exit=80888.00 profit=0.039923 age=3129ms
[15:05:00.756] [WARNING] [EXEC] BUY TIMEOUT orderId=382468422
[15:05:00.759] [WARNING] [EXEC] CANCEL BUY orderId=382468422
[15:05:01.023] [OK] [EXEC] BUY CANCELED confirmed
[15:05:01.293] [INFO] [EXEC] BUY FINAL STATUS status=CANCELED orderId=382468422
[15:05:01.297] [WARNING] [EXEC] BLOCK reason=buy_not_filled
[15:05:01.299] [OK] [PLAN] HOT entry=80885.46 exit=80892.99 profit=0.093071 age=4688ms
[15:05:02.069] [WS] LIVE bid=80882.46 ask=80889.99
[15:05:02.661] [OK] [EXEC] BUY ORDER SENT orderId=382468677 price=80876.01 qty=0.012360
[15:05:02.666] [OK] [EXEC] PLACE BUY price=80876.01 qty=0.012360
[15:05:05.066] [OK] [PLAN] READY entry=80889.71 exit=80893.74 profit=0.049811 age=8453ms
[15:05:06.840] [WS] LIVE bid=80882.01 ask=80888.63
[15:05:08.756] [OK] [EXEC] BUY PARTIAL filled=0.012360 total=0.012360
[15:05:08.756] [OK] [EXEC] BUY REMAINING qty=0.000000
[15:05:08.756] [OK] [EXEC] POSITION qty=0.012360
[15:05:08.756] [OK] [EXEC] BUY FILLED id=382468677
[15:05:08.773] [OK] [PLAN] HOT entry=80879.41 exit=80884.97 profit=0.068722 age=12687ms
[15:05:08.946] [OK] [EXEC] PLACE SELL price=80879.59 qty=0.012360
[15:05:09.220] [OK] [EXEC] SELL ORDER SENT orderId=382469121
[15:05:10.834] [INFO] [EXEC] RECOVERY WAIT hard_sl_pending_recovery
[15:05:12.188] [WS] LIVE bid=80868.02 ask=80878.06
[15:05:12.382] [INFO] [EXEC] RECOVERY WAIT hard_sl_pending_recovery
[15:05:12.647] [WARNING] [EXEC] SELL TIMEOUT orderId=382469121
[15:05:12.647] [WARNING] [EXEC] CANCEL SELL orderId=382469121
[15:05:13.209] [INFO] [EXEC] SELL FINAL STATUS status=CANCELED orderId=382469121
[15:05:13.209] [INFO] [EXEC] SAFE EXIT floor=80876.02
[15:05:13.209] [WARNING] [EXEC] SELL REPRICE old=80879.59 new=80879.58 count=1
[15:05:13.209] [OK] [EXEC] PLACE SELL price=80879.58 qty=0.012360
[15:05:13.588] [OK] [EXEC] SELL ORDER SENT orderId=382469453
[15:05:13.595] [OK] [PLAN] READY entry=80864.14 exit=80867.55 profit=0.042148 age=16579ms
[15:05:15.209] [INFO] [EXEC] RECOVERY WAIT hard_sl_pending_recovery
[15:05:15.484] [WARNING] [EXEC] SELL TIMEOUT orderId=382469453
[15:05:15.488] [WARNING] [EXEC] CANCEL SELL orderId=382469453
[15:05:16.033] [INFO] [EXEC] SELL FINAL STATUS status=CANCELED orderId=382469453
[15:05:16.036] [INFO] [EXEC] SAFE EXIT floor=80876.02
[15:05:16.040] [WARNING] [EXEC] SELL REPRICE old=80879.58 new=80879.57 count=2
[15:05:16.043] [OK] [EXEC] PLACE SELL price=80879.57 qty=0.012360
[15:05:16.309] [OK] [EXEC] SELL ORDER SENT orderId=382469567
[15:05:16.314] [OK] [PLAN] HOT entry=80864.64 exit=80869.41 profit=0.058957 age=19406ms
[15:05:16.806] [WS] LIVE bid=80860.67 ask=80866.62
[15:05:17.348] [INFO] [EXEC] RECOVERY WAIT hard_sl_pending_recovery
[15:05:19.535] [WARNING] [EXEC] SELL TIMEOUT orderId=382469567
[15:05:19.539] [WARNING] [EXEC] CANCEL SELL orderId=382469567
[15:05:20.173] [INFO] [EXEC] SELL FINAL STATUS status=CANCELED orderId=382469567
[15:05:20.177] [WARNING] [EXEC] FORCE EXIT hard_sl_triggered
[15:05:20.178] [ERROR] [EXEC] HARD SL triggered
[15:05:20.181] [WARNING] [EXEC] PANIC EXIT sl_mode
[15:05:20.183] [WARNING] [EXEC] FORCE EXIT price=80866.09
[15:05:20.186] [OK] [EXEC] PLACE SELL price=80866.09 qty=0.012360
[15:05:20.457] [OK] [EXEC] SELL ORDER SENT orderId=382469729
[15:05:21.169] [OK] [EXEC] SELL FILLED id=382469729
[15:05:21.172] [OK] [EXEC] SELL FILLED qty=0.012360 remaining=0.000000
[15:05:21.175] [OK] [EXEC] REALIZED pnl=-0.122611
[15:05:21.949] [WS] LIVE bid=80866.00 ask=80873.07
[15:05:22.444] [OK] [EXEC] BUY ORDER SENT orderId=382469913 price=80860.01 qty=0.012360
[15:05:22.444] [OK] [EXEC] PLACE BUY price=80860.01 qty=0.012360
[15:05:22.444] [OK] [PLAN] HOT entry=80860.01 exit=80870.08 profit=0.124465 age=1265ms
[15:05:24.491] [OK] [PLAN] READY entry=80867.93 exit=80871.94 profit=0.049564 age=3311ms
[15:05:26.584] [WARNING] [EXEC] BUY TIMEOUT orderId=382469913
[15:05:26.584] [WARNING] [EXEC] CANCEL BUY orderId=382469913
[15:05:27.369] [OK] [EXEC] BUY CANCELED confirmed
[15:05:27.653] [INFO] [EXEC] BUY FINAL STATUS status=CANCELED orderId=382469913
[15:05:27.656] [WARNING] [EXEC] BLOCK reason=buy_not_filled
[15:05:27.660] [OK] [PLAN] HOT entry=80872.28 exit=80878.27 profit=0.074036 age=5406ms
[15:05:27.662] [WS] LIVE bid=80868.55 ask=80877.84
[15:05:31.022] [OK] [EXEC] BUY ORDER SENT orderId=382470307 price=80860.00 qty=0.012360
[15:05:31.022] [OK] [EXEC] PLACE BUY price=80860.00 qty=0.012360
[15:05:32.574] [WS] LIVE bid=80860.00 ask=80867.63
[15:05:32.902] [OK] [EXEC] BUY PARTIAL filled=0.000020 total=0.000020
[15:05:32.906] [OK] [EXEC] BUY REMAINING qty=0.012340
[15:05:32.907] [OK] [EXEC] POSITION qty=0.000020
[15:05:32.909] [OK] [PLAN] READY entry=80863.72 exit=80867.65 profit=0.048575 age=1891ms
[15:05:34.180] [OK] [EXEC] PLACE SELL price=80869.34 qty=0.000020
[15:05:35.758] [OK] [EXEC] PLACE SELL price=80865.19 qty=0.000020
[15:05:37.263] [WS] LIVE bid=80860.00 ask=80867.19
[15:05:37.837] [OK] [EXEC] PLACE SELL price=80865.19 qty=0.000020
[15:05:39.231] [OK] [SYNC] order filled detected
[15:05:39.234] [OK] [SYNC] BUY filled on exchange
[15:05:39.757] [OK] [EXEC] PLACE SELL price=80861.71 qty=0.012360
[15:05:40.061] [OK] [EXEC] SELL ORDER SENT orderId=382470607
[15:05:40.731] [OK] [EXEC] SELL FILLED id=382470607
[15:05:40.735] [OK] [EXEC] SELL FILLED qty=0.012360 remaining=0.000000
[15:05:40.736] [OK] [EXEC] REALIZED pnl=+0.021136
[15:05:42.734] [OK] [EXEC] BUY ORDER SENT orderId=382470716 price=80866.42 qty=0.012360
[15:05:42.739] [OK] [EXEC] PLACE BUY price=80866.42 qty=0.012360
[15:05:43.302] [WS] LIVE bid=80858.01 ask=80864.42
[15:05:44.179] [OK] [EXEC] BUY PARTIAL filled=0.012360 total=0.012360
[15:05:44.179] [OK] [EXEC] BUY REMAINING qty=0.000000
[15:05:44.179] [OK] [EXEC] POSITION qty=0.012360
[15:05:44.179] [OK] [EXEC] BUY FILLED id=382470716
[15:05:44.750] [OK] [SYNC] order filled detected
[15:05:44.753] [OK] [SYNC] BUY filled on exchange
[15:05:45.463] [OK] [EXEC] PLACE SELL price=80866.46 qty=0.012360
[15:05:45.745] [OK] [EXEC] SELL ORDER SENT orderId=382470884
[15:05:46.897] [INFO] [EXEC] RECOVERY WAIT hard_sl_pending_recovery
[15:05:47.179] [OK] [PLAN] READY entry=80855.22 exit=80858.61 profit=0.041900 age=1434ms
[15:05:47.737] [WS] LIVE bid=80851.87 ask=80859.75
[15:05:48.946] [INFO] [EXEC] RECOVERY WAIT hard_sl_pending_recovery
[15:05:49.250] [WARNING] [EXEC] SELL TIMEOUT orderId=382470884
[15:05:49.254] [WARNING] [EXEC] CANCEL SELL orderId=382470884
[15:05:49.804] [INFO] [EXEC] SELL FINAL STATUS status=CANCELED orderId=382470884
[15:05:49.804] [INFO] [EXEC] SAFE EXIT floor=80866.43
[15:05:49.804] [WARNING] [EXEC] SELL REPRICE old=80866.46 new=80866.45 count=1
[15:05:49.804] [OK] [EXEC] PLACE SELL price=80866.45 qty=0.012360
[15:05:50.072] [OK] [EXEC] SELL ORDER SENT orderId=382471252
[15:05:50.972] [INFO] [EXEC] RECOVERY WAIT hard_sl_pending_recovery
[15:05:51.225] [OK] [PLAN] HOT entry=80836.01 exit=80846.80 profit=0.133472 age=5509ms
[15:05:51.834] [INFO] [EXEC] RECOVERY WAIT hard_sl_pending_recovery
[15:05:52.101] [WARNING] [EXEC] SELL TIMEOUT orderId=382471252
[15:05:52.101] [WARNING] [EXEC] CANCEL SELL orderId=382471252
[15:05:52.663] [INFO] [EXEC] SELL FINAL STATUS status=CANCELED orderId=382471252
[15:05:52.663] [INFO] [EXEC] SAFE EXIT floor=80866.43
[15:05:52.679] [WARNING] [EXEC] SELL REPRICE old=80866.45 new=80866.44 count=2
[15:05:52.680] [OK] [EXEC] PLACE SELL price=80866.44 qty=0.012360
[15:05:52.969] [OK] [EXEC] SELL ORDER SENT orderId=382471350
[15:05:54.007] [WS] LIVE bid=80834.71 ask=80849.99
[15:05:54.039] [INFO] [EXEC] RECOVERY WAIT hard_sl_pending_recovery
[15:05:56.353] [WARNING] [EXEC] SELL TIMEOUT orderId=382471350
[15:05:56.357] [WARNING] [EXEC] CANCEL SELL orderId=382471350
[15:05:56.935] [INFO] [EXEC] SELL FINAL STATUS status=CANCELED orderId=382471350
[15:05:56.939] [WARNING] [EXEC] FORCE EXIT hard_sl_triggered
[15:05:56.940] [ERROR] [EXEC] HARD SL triggered
[15:05:56.942] [WARNING] [EXEC] PANIC EXIT sl_mode
[15:05:56.945] [WARNING] [EXEC] FORCE EXIT price=80854.04
[15:05:56.948] [OK] [EXEC] PLACE SELL price=80854.04 qty=0.012360
[15:05:57.237] [OK] [EXEC] SELL ORDER SENT orderId=382471594
[15:05:57.788] [WS] LIVE bid=80849.15 ask=80854.03
[15:05:58.069] [OK] [EXEC] SELL FILLED id=382471594
[15:05:58.072] [OK] [EXEC] SELL FILLED qty=0.012360 remaining=0.000000
[15:05:58.075] [OK] [EXEC] REALIZED pnl=-0.153017
[15:06:00.672] [OK] [EXEC] BUY ORDER SENT orderId=382471938 price=80862.10 qty=0.012360
[15:06:00.674] [OK] [EXEC] PLACE BUY price=80862.10 qty=0.012360
[15:06:01.542] [OK] [EXEC] BUY PARTIAL filled=0.012360 total=0.012360
[15:06:01.545] [OK] [EXEC] BUY REMAINING qty=0.000000
[15:06:01.547] [OK] [EXEC] POSITION qty=0.012360
[15:06:01.549] [OK] [EXEC] BUY FILLED id=382471938
[15:06:01.551] [OK] [PLAN] HOT entry=80857.48 exit=80862.84 profit=0.066250 age=876ms
[15:06:02.084] [OK] [SYNC] order filled detected
[15:06:02.084] [OK] [SYNC] BUY filled on exchange
[15:06:02.613] [WS] LIVE bid=80856.47 ask=80864.30
[15:06:03.007] [OK] [EXEC] PLACE SELL price=80862.14 qty=0.012360
[15:06:03.273] [OK] [EXEC] SELL ORDER SENT orderId=382472170
[15:06:04.559] [INFO] [EXEC] RECOVERY WAIT hard_sl_pending_recovery
[15:06:06.843] [WARNING] [EXEC] SELL TIMEOUT orderId=382472170
[15:06:06.846] [WARNING] [EXEC] CANCEL SELL orderId=382472170
[15:06:07.385] [INFO] [EXEC] SELL FINAL STATUS status=CANCELED orderId=382472170
[15:06:07.388] [INFO] [EXEC] SAFE EXIT floor=80862.11
[15:06:07.389] [WARNING] [EXEC] SELL REPRICE old=80862.14 new=80862.13 count=1
[15:06:07.391] [OK] [EXEC] PLACE SELL price=80862.13 qty=0.012360
[15:06:07.660] [OK] [EXEC] SELL ORDER SENT orderId=382472340
[15:06:07.662] [WS] LIVE bid=80850.84 ask=80856.92
[15:06:08.240] [INFO] [EXEC] RECOVERY WAIT hard_sl_pending_recovery
[15:06:10.398] [WARNING] [EXEC] SELL TIMEOUT orderId=382472340
[15:06:10.398] [WARNING] [EXEC] CANCEL SELL orderId=382472340
[15:06:10.938] [INFO] [EXEC] SELL FINAL STATUS status=CANCELED orderId=382472340
[15:06:10.943] [INFO] [EXEC] SAFE EXIT floor=80862.11
[15:06:10.943] [WARNING] [EXEC] SELL REPRICE old=80862.13 new=80862.12 count=2
[15:06:10.949] [OK] [EXEC] PLACE SELL price=80862.12 qty=0.012360
[15:06:11.209] [OK] [EXEC] SELL ORDER SENT orderId=382472577
[15:06:11.209] [OK] [PLAN] READY entry=80852.44 exit=80855.99 profit=0.043878 age=1898ms
[15:06:12.116] [INFO] [EXEC] RECOVERY WAIT hard_sl_pending_recovery
[15:06:12.406] [OK] [EXEC] SELL FILLED id=382472577
[15:06:12.412] [OK] [EXEC] SELL FILLED qty=0.012360 remaining=0.000000
[15:06:12.413] [OK] [EXEC] REALIZED pnl=+0.000247
[15:06:12.690] [WS] LIVE bid=80864.64 ask=80872.78
[15:06:13.132] [OK] [EXEC] BUY ORDER SENT orderId=382472759 price=80864.42 qty=0.012360
[15:06:13.150] [OK] [EXEC] PLACE BUY price=80864.42 qty=0.012360
[15:06:14.719] [OK] [PLAN] HOT entry=80869.46 exit=80876.81 profit=0.090846 age=1577ms
[15:06:18.336] [WARNING] [EXEC] BUY TIMEOUT orderId=382472759
[15:06:18.336] [WARNING] [EXEC] CANCEL BUY orderId=382472759
[15:06:18.614] [OK] [EXEC] BUY CANCELED confirmed
[15:06:18.882] [INFO] [EXEC] BUY FINAL STATUS status=CANCELED orderId=382472759
[15:06:18.886] [WARNING] [EXEC] BLOCK reason=buy_not_filled
[15:06:19.374] [WS] LIVE bid=80879.03 ask=80887.11
[15:06:19.725] [OK] [EXEC] BUY ORDER SENT orderId=382473296 price=80885.24 qty=0.012360
[15:06:19.744] [OK] [EXEC] PLACE BUY price=80885.24 qty=0.012360
[15:06:20.304] [OK] [SYNC] order filled detected
[15:06:20.304] [OK] [SYNC] BUY filled on exchange
[15:06:21.742] [OK] [EXEC] PLACE SELL price=80885.28 qty=0.012360
[15:06:22.007] [OK] [EXEC] SELL ORDER SENT orderId=382473524
[15:06:22.548] [OK] [SYNC] order filled detected
[15:06:22.549] [OK] [SYNC] SELL filled on exchange
[15:06:22.549] [OK] [EXEC] REALIZED pnl=+0.000494
[15:06:22.891] [OK] [EXEC] BUY ORDER SENT orderId=382473616 price=80876.01 qty=0.012360
[15:06:22.894] [OK] [EXEC] PLACE BUY price=80876.01 qty=0.012360
[15:06:23.931] [WS] LIVE bid=80882.01 ask=80889.17
[15:06:25.960] [OK] [SYNC] order filled detected
[15:06:25.962] [OK] [SYNC] BUY filled on exchange
[15:06:26.245] [OK] [EXEC] PLACE SELL price=80879.22 qty=0.012360
[15:06:26.511] [OK] [EXEC] SELL ORDER SENT orderId=382473902
[15:06:27.294] [OK] [EXEC] SELL FILLED id=382473902
[15:06:27.297] [OK] [EXEC] SELL FILLED qty=0.012360 remaining=0.000000
[15:06:27.298] [OK] [EXEC] REALIZED pnl=+0.039676
[15:06:28.060] [WS] LIVE bid=80879.59 ask=80886.56
[15:06:32.991] [OK] [EXEC] BUY ORDER SENT orderId=382474150 price=80874.78 qty=0.012360
[15:06:32.991] [OK] [EXEC] PLACE BUY price=80874.78 qty=0.012360
[15:06:34.040] [WS] LIVE bid=80872.79 ask=80878.49
[15:06:35.561] [OK] [SYNC] order filled detected
[15:06:35.563] [OK] [SYNC] BUY filled on exchange
[15:06:36.318] [OK] [EXEC] PLACE SELL price=80877.99 qty=0.012360
[15:06:36.584] [OK] [EXEC] SELL ORDER SENT orderId=382474355
[15:06:37.128] [OK] [SYNC] order filled detected
[15:06:37.130] [OK] [SYNC] SELL filled on exchange
[15:06:37.131] [OK] [EXEC] REALIZED pnl=+0.039676
[15:06:38.318] [OK] [EXEC] BUY ORDER SENT orderId=382474530 price=80867.46 qty=0.012360
[15:06:38.318] [OK] [EXEC] PLACE BUY price=80867.46 qty=0.012360
[15:06:38.334] [WS] LIVE bid=80865.45 ask=80874.56
[15:06:40.524] [OK] [PLAN] READY entry=80892.51 exit=80895.74 profit=0.039923 age=1063ms
[15:06:42.647] [WARNING] [EXEC] BUY TIMEOUT orderId=382474530
[15:06:42.664] [WARNING] [EXEC] CANCEL BUY orderId=382474530
[15:06:42.953] [OK] [EXEC] BUY CANCELED confirmed
[15:06:43.239] [INFO] [EXEC] BUY FINAL STATUS status=CANCELED orderId=382474530
[15:06:43.241] [WARNING] [EXEC] BLOCK reason=buy_not_filled
[15:06:43.522] [WS] LIVE bid=80882.01 ask=80886.25
[15:06:44.595] [OK] [EXEC] BUY ORDER SENT orderId=382475091 price=80876.01 qty=0.012360
[15:06:44.599] [OK] [EXEC] PLACE BUY price=80876.01 qty=0.012360
[15:06:45.541] [OK] [EXEC] BUY PARTIAL filled=0.012360 total=0.012360
[15:06:45.545] [OK] [EXEC] BUY REMAINING qty=0.000000
[15:06:45.547] [OK] [EXEC] POSITION qty=0.012360
[15:06:45.550] [OK] [EXEC] BUY FILLED id=382475091
[15:06:46.568] [OK] [SYNC] order filled detected
[15:06:46.586] [OK] [SYNC] BUY filled on exchange
[15:06:47.351] [OK] [EXEC] PLACE SELL price=80876.32 qty=0.012360
[15:06:47.638] [OK] [EXEC] SELL ORDER SENT orderId=382475281
[15:06:48.163] [WS] LIVE bid=80870.14 ask=80875.63
[15:06:48.905] [INFO] [EXEC] RECOVERY WAIT hard_sl_pending_recovery
[15:06:49.194] [OK] [PLAN] HOT entry=80869.20 exit=80874.31 profit=0.063160 age=1554ms
[15:06:51.158] [INFO] [EXEC] RECOVERY WAIT hard_sl_pending_recovery
[15:06:51.430] [WARNING] [EXEC] SELL TIMEOUT orderId=382475281
[15:06:51.433] [WARNING] [EXEC] CANCEL SELL orderId=382475281
[15:06:51.975] [INFO] [EXEC] SELL FINAL STATUS status=CANCELED orderId=382475281
[15:06:51.975] [INFO] [EXEC] SAFE EXIT floor=80876.02
[15:06:51.990] [WARNING] [EXEC] SELL REPRICE old=80876.32 new=80876.31 count=1
[15:06:51.990] [OK] [EXEC] PLACE SELL price=80876.31 qty=0.012360
[15:06:52.256] [OK] [EXEC] SELL ORDER SENT orderId=382475536
[15:06:52.958] [INFO] [EXEC] RECOVERY WAIT hard_sl_pending_recovery
[15:06:53.757] [WS] LIVE bid=80862.15 ask=80869.97
[15:06:53.835] [INFO] [EXEC] RECOVERY WAIT hard_sl_pending_recovery
[15:06:54.104] [WARNING] [EXEC] SELL TIMEOUT orderId=382475536
[15:06:54.108] [WARNING] [EXEC] CANCEL SELL orderId=382475536
[15:06:54.662] [INFO] [EXEC] SELL FINAL STATUS status=CANCELED orderId=382475536
[15:06:54.662] [INFO] [EXEC] SAFE EXIT floor=80876.02
[15:06:54.662] [WARNING] [EXEC] SELL REPRICE old=80876.31 new=80876.30 count=2
[15:06:54.662] [OK] [EXEC] PLACE SELL price=80876.30 qty=0.012360
[15:06:54.946] [OK] [EXEC] SELL ORDER SENT orderId=382475758
[15:06:56.869] [INFO] [EXEC] RECOVERY WAIT hard_sl_pending_recovery
[15:06:57.154] [WARNING] [EXEC] SELL TIMEOUT orderId=382475758
[15:06:57.158] [WARNING] [EXEC] CANCEL SELL orderId=382475758
[15:06:57.699] [INFO] [EXEC] SELL FINAL STATUS status=CANCELED orderId=382475758
[15:06:57.702] [WARNING] [EXEC] FORCE EXIT hard_sl_triggered
[15:06:57.703] [ERROR] [EXEC] HARD SL triggered
[15:06:57.705] [WARNING] [EXEC] PANIC EXIT sl_mode
[15:06:57.706] [WARNING] [EXEC] FORCE EXIT price=80866.66
[15:06:57.707] [OK] [EXEC] PLACE SELL price=80866.66 qty=0.012360
[15:06:57.981] [OK] [EXEC] SELL ORDER SENT orderId=382475813
[15:06:58.504] [WS] LIVE bid=80862.96 ask=80866.65
[15:07:00.212] [OK] [SYNC] order filled detected
[15:07:00.215] [OK] [SYNC] SELL filled on exchange
[15:07:00.216] [OK] [EXEC] REALIZED pnl=-0.115566
[15:07:01.527] [OK] [EXEC] BUY ORDER SENT orderId=382476021 price=80873.90 qty=0.012360
[15:07:01.531] [OK] [EXEC] PLACE BUY price=80873.90 qty=0.012360
[15:07:01.986] [OK] [PLAN] HOT entry=80876.34 exit=80885.11 profit=0.108397 age=451ms
[15:07:03.276] [WS] LIVE bid=80874.65 ask=80887.10
[15:07:05.644] [OK] [SYNC] order filled detected
[15:07:05.647] [OK] [SYNC] BUY filled on exchange
[15:07:05.647] [OK] [EXEC] PLACE SELL price=80880.56 qty=0.012360
[15:07:05.972] [OK] [EXEC] SELL ORDER SENT orderId=382476287
[15:07:06.485] [WS] stale/lost
