[10:10:11.909] [OK] filters loaded
[10:10:13.588] [INFO] START_CLICK received enabled=True api_ready=True running=False
[10:10:13.588] [INFO] START_SETTINGS live_enabled=True guard_mode=FAST entry_mode=AGGRESSIVE exit_engine=True order_size=5000.0
[10:10:13.588] [INFO] START_PROFILE guard=FAST/True entry=AGGRESSIVE/repr=True exit=eng:True,timeout:3000 taker=True/2600 order=5000.0 spread=min:5.0,target:3.0
[10:10:14.087] [EXCHANGE] symbol=BTCU base=BTC quote=U status=TRADING permissions=[]
[10:10:14.090] [OK] START
[10:10:14.090] [OK] START_OK runtime_started
[10:10:14.384] [INFO] [EXEC] LIVE ON
[10:10:14.385] [INFO] [EXEC] WAIT READY
[10:10:14.385] [WARNING] [HEALTH] block spread_too_young lifetime=0
[10:10:14.385] [WARNING] [HEALTH] unstable_spread lifetime=0
[10:10:14.385] [WARNING] [EXEC] BLOCK_BUY reason=ws_stale mode=FAST ws_age=None spread=6.72 stable=1/1 mid_delta=0.00 bid_delta=0.00
[10:10:14.838] [WS] primary url=wss://stream.binance.com:9443/ws/btcu@bookTicker
[10:10:14.838] [WS] connecting primary
[10:10:15.181] [OK] [PLAN] HOT entry=80813.27 exit=80822.65 profit=0.580341 age=794ms
[10:10:15.182] [WS] connected
[10:10:16.931] [INFO] [EXEC] SELL ACCOUNTING RESET new_cycle
[10:10:16.931] [OK] [EXEC] BUY ORDER SENT orderId=385070192 price=80813.27 qty=0.061870
[10:10:16.931] [OK] [EXEC] PLACE BUY price=80813.27 qty=0.061870
[10:10:16.947] [OK] [PLAN] READY entry=80813.27 exit=80817.50 profit=0.261710 age=2033ms
[10:10:18.978] [WARNING] [EXEC] BUY TIMEOUT orderId=385070192
[10:10:18.983] [WARNING] [EXEC] CANCEL BUY orderId=385070192
[10:10:19.250] [OK] [EXEC] BUY CANCELED confirmed
[10:10:19.515] [INFO] [EXEC] BUY FINAL STATUS status=FILLED orderId=385070192
[10:10:19.521] [OK] [EXEC] BUY FILL UPDATE delta=0.061870 avg=80813.27
[10:10:19.523] [OK] [EXEC] CHUNK ADD qty=0.061870 entry=80813.27
[10:10:19.526] [INFO] [EXEC] CHUNK COUNT n=1
[10:10:19.526] [OK] [EXEC] INVENTORY qty=0.061870
[10:10:19.526] [OK] [EXEC] SELL REQUIRED inventory=0.061870
[10:10:19.526] [OK] [EXEC] BUY FILLED during cancel
[10:10:19.526] [OK] [EXEC] BUY FILLED id=385070192
[10:10:20.066] [OK] [SYNC] order filled detected
[10:10:20.067] [OK] [SYNC] BUY filled on exchange
[10:10:20.773] [INFO] [EXEC] SELL CHECK inventory=0.061870 reported=0.000000 remaining=0.061870 chunks=1
[10:10:20.775] [INFO] [EXEC] PLACE_SELL_SOURCE source=plan price=80816.02
[10:10:20.775] [OK] [EXEC] PLACE SELL price=80816.02 qty=0.061870
[10:10:21.026] [OK] [EXEC] SELL ORDER SENT orderId=385070290
[10:10:23.838] [WARNING] [EXEC] TAKER_EXIT_TRIGGER reason=timeout_after_ms age=2797 qty=0.061870
[10:10:23.838] [WARNING] [EXEC] TAKER_EXIT_CANCEL_MAKER orderId=385070290
[10:10:24.637] [INFO] [EXEC] PLACE_SELL_SOURCE source=taker price=80812.45
[10:10:24.894] [WARNING] [EXEC] TAKER_EXIT_ORDER_SENT id=385070355 price=80812.45 qty=0.061870
[10:10:25.620] [WARNING] [SYNC] desync fixed
[10:10:25.624] [INFO] [EXEC] EXIT RECOVERY inventory_no_sell qty=0.061870
[10:10:26.151] [INFO] [EXEC] SELL CHECK inventory=0.061870 reported=0.000000 remaining=0.061870 chunks=1
[10:10:26.151] [INFO] [EXEC] PLACE_SELL_SOURCE source=plan price=80816.21
[10:10:26.151] [OK] [EXEC] PLACE SELL price=80816.21 qty=0.061870
[10:10:26.435] [OK] [EXEC] SELL ORDER SENT orderId=385070378
[10:10:29.665] [OK] [SYNC] order filled detected
[10:10:29.665] [OK] [SYNC] SELL filled on exchange
[10:10:29.665] [OK] [EXEC] FIFO CLOSE qty=0.061870 entry=80813.27 exit=80816.21 pnl=+0.181898
[10:10:29.681] [INFO] [EXEC] CHUNK DRAINED
[10:10:29.683] [OK] [EXEC] REALIZED pnl=+0.181898
[10:10:29.686] [INFO] [EXEC] SELL ACCOUNTING RESET flat
[10:10:29.687] [OK] [EXEC] CYCLE CLOSED pnl=+0.181898
[10:10:29.688] [INFO] [EXEC] SESSION realized=+0.181898 wins=1 losses=0
[10:10:32.447] [INFO] [HEALTH] state=GOOD
[10:10:32.707] [INFO] [EXEC] SELL ACCOUNTING RESET new_cycle
[10:10:32.711] [OK] [EXEC] BUY ORDER SENT orderId=385070499 price=80811.00 qty=0.061870
[10:10:32.715] [OK] [EXEC] PLACE BUY price=80811.00 qty=0.061870
[10:10:34.213] [INFO] [EXEC] ENTRY_REPRICE reason=wide_spread_cross old=80811.00 new=80811.47 count=1
[10:10:34.742] [OK] [EXEC] ENTRY_PLACE price=80811.47 qty=0.061870
[10:10:35.739] [WARNING] [EXEC] BUY TIMEOUT orderId=385070514
[10:10:35.743] [WARNING] [EXEC] CANCEL BUY orderId=385070514
[10:10:35.990] [OK] [EXEC] BUY CANCELED confirmed
[10:10:36.259] [INFO] [EXEC] BUY FINAL STATUS status=CANCELED orderId=385070514
[10:10:36.259] [WARNING] [EXEC] BLOCK reason=buy_not_filled
[10:10:37.007] [INFO] [EXEC] SELL ACCOUNTING RESET new_cycle
[10:10:37.010] [OK] [EXEC] BUY ORDER SENT orderId=385070603 price=80813.74 qty=0.061870
[10:10:37.010] [OK] [EXEC] PLACE BUY price=80813.74 qty=0.061870
[10:10:38.025] [INFO] [EXEC] ENTRY_REPRICE reason=wide_spread_cross old=80813.74 new=80818.43 count=1
[10:10:38.541] [OK] [EXEC] ENTRY_PLACE price=80818.43 qty=0.061870
[10:10:38.556] [OK] [PLAN] READY entry=80819.40 exit=80823.57 profit=0.257956 age=1031ms
[10:10:39.525] [OK] [EXEC] BUY FILL UPDATE delta=0.061870 avg=80818.43
[10:10:39.525] [OK] [EXEC] CHUNK ADD qty=0.061870 entry=80818.43
[10:10:39.525] [INFO] [EXEC] CHUNK COUNT n=1
[10:10:39.541] [OK] [EXEC] INVENTORY qty=0.061870
[10:10:39.541] [OK] [EXEC] SELL REQUIRED inventory=0.061870
[10:10:39.541] [OK] [EXEC] BUY PARTIAL delta=0.061870 total=0.061870
[10:10:39.541] [OK] [EXEC] BUY REMAINING qty=0.000000
[10:10:39.541] [OK] [EXEC] BUY FILLED id=385070627
[10:10:40.069] [OK] [SYNC] order filled detected
[10:10:40.072] [OK] [SYNC] BUY filled on exchange
[10:10:40.825] [INFO] [EXEC] SELL CHECK inventory=0.061870 reported=0.000000 remaining=0.061870 chunks=1
[10:10:40.828] [INFO] [EXEC] PLACE_SELL_SOURCE source=plan price=80820.91
[10:10:40.831] [OK] [EXEC] PLACE SELL price=80820.91 qty=0.061870
[10:10:41.094] [OK] [EXEC] SELL ORDER SENT orderId=385070695
[10:10:41.628] [OK] [SYNC] order filled detected
[10:10:41.631] [OK] [SYNC] SELL filled on exchange
[10:10:41.631] [OK] [EXEC] FIFO CLOSE qty=0.061870 entry=80818.43 exit=80820.91 pnl=+0.153438
[10:10:41.635] [INFO] [EXEC] CHUNK DRAINED
[10:10:41.636] [OK] [EXEC] REALIZED pnl=+0.153438
[10:10:41.636] [INFO] [EXEC] SELL ACCOUNTING RESET flat
[10:10:41.636] [OK] [EXEC] CYCLE CLOSED pnl=+0.153438
[10:10:41.636] [INFO] [EXEC] SESSION realized=+0.335335 wins=2 losses=0
[10:10:42.833] [INFO] [HEALTH] state=GOOD
[10:10:43.093] [INFO] [EXEC] SELL ACCOUNTING RESET new_cycle
[10:10:43.096] [OK] [EXEC] BUY ORDER SENT orderId=385070764 price=80813.97 qty=0.061870
[10:10:43.098] [OK] [EXEC] PLACE BUY price=80813.97 qty=0.061870
[10:10:43.098] [OK] [PLAN] HOT entry=80813.97 exit=80820.41 profit=0.398443 age=2543ms
[10:10:44.108] [INFO] [EXEC] ENTRY_REPRICE reason=wide_spread_cross old=80813.97 new=80814.23 count=1
[10:10:44.635] [OK] [EXEC] ENTRY_PLACE price=80814.23 qty=0.061870
[10:10:44.652] [OK] [PLAN] READY entry=80815.20 exit=80819.22 profit=0.248677 age=3567ms
[10:10:45.666] [WARNING] [EXEC] BUY TIMEOUT orderId=385070789
[10:10:45.666] [WARNING] [EXEC] CANCEL BUY orderId=385070789
[10:10:45.937] [OK] [EXEC] BUY CANCELED confirmed
[10:10:46.667] [INFO] [EXEC] BUY FINAL STATUS status=CANCELED orderId=385070789
[10:10:46.667] [WARNING] [EXEC] BLOCK reason=buy_not_filled
[10:10:47.446] [INFO] [EXEC] SELL ACCOUNTING RESET new_cycle
[10:10:47.446] [OK] [EXEC] BUY ORDER SENT orderId=385070946 price=80804.35 qty=0.061870
[10:10:47.446] [OK] [EXEC] PLACE BUY price=80804.35 qty=0.061870
[10:10:48.446] [OK] [EXEC] BUY FILL UPDATE delta=0.010430 avg=80804.35
[10:10:48.462] [OK] [EXEC] CHUNK ADD qty=0.010430 entry=80804.35
[10:10:48.462] [INFO] [EXEC] CHUNK COUNT n=1
[10:10:48.462] [OK] [EXEC] INVENTORY qty=0.010430
[10:10:48.462] [OK] [EXEC] SELL REQUIRED inventory=0.010430
[10:10:48.462] [OK] [EXEC] BUY PARTIAL delta=0.010430 total=0.010430
[10:10:48.462] [OK] [EXEC] BUY REMAINING qty=0.051440
[10:10:48.478] [INFO] [EXEC] ENTRY_REPRICE reason=wide_spread_cross old=80804.35 new=80804.39 count=1
[10:10:49.479] [OK] [EXEC] ENTRY_PLACE price=80804.39 qty=0.061870
[10:10:50.197] [OK] [SYNC] order filled detected
[10:10:50.197] [OK] [SYNC] BUY filled on exchange
[10:10:50.197] [OK] [EXEC] BUY FILL UPDATE delta=0.051440 avg=80804.23
[10:10:50.197] [OK] [EXEC] CHUNK ADD qty=0.051440 entry=80804.23
[10:10:50.197] [INFO] [EXEC] CHUNK COUNT n=2
[10:10:50.197] [OK] [EXEC] INVENTORY qty=0.061870
[10:10:50.213] [OK] [EXEC] SELL REQUIRED inventory=0.061870
[10:10:50.728] [INFO] [EXEC] SELL CHECK inventory=0.061870 reported=0.000000 remaining=0.061870 chunks=2
[10:10:50.728] [INFO] [EXEC] PLACE_SELL_SOURCE source=plan price=80804.27
[10:10:50.743] [OK] [EXEC] PLACE SELL price=80804.27 qty=0.061870
[10:10:51.011] [OK] [EXEC] SELL ORDER SENT orderId=385071214
[10:10:52.991] [OK] [SYNC] order filled detected
[10:10:52.993] [OK] [SYNC] SELL filled on exchange
[10:10:52.995] [OK] [EXEC] FIFO CLOSE qty=0.010430 entry=80804.35 exit=80804.27 pnl=-0.000834
[10:10:52.995] [INFO] [EXEC] CHUNK DRAINED
[10:10:52.995] [OK] [EXEC] FIFO CLOSE qty=0.051440 entry=80804.23 exit=80804.27 pnl=+0.001864
[10:10:52.995] [INFO] [EXEC] CHUNK DRAINED
[10:10:52.995] [OK] [EXEC] REALIZED pnl=+0.001029
[10:10:52.995] [INFO] [EXEC] SELL ACCOUNTING RESET flat
[10:10:52.995] [OK] [EXEC] CYCLE CLOSED pnl=+0.001029
[10:10:52.995] [INFO] [EXEC] SESSION realized=+0.336365 wins=3 losses=0
[10:10:52.995] [INFO] [HEALTH] state=GOOD
[10:10:53.260] [INFO] [EXEC] SELL ACCOUNTING RESET new_cycle
[10:10:53.260] [OK] [EXEC] BUY ORDER SENT orderId=385071323 price=80801.25 qty=0.061880
[10:10:53.260] [OK] [EXEC] PLACE BUY price=80801.25 qty=0.061880
[10:10:54.025] [OK] [SYNC] order filled detected
[10:10:54.025] [OK] [SYNC] BUY filled on exchange
[10:10:54.025] [OK] [EXEC] BUY FILL UPDATE delta=0.061880 avg=80801.25
[10:10:54.025] [OK] [EXEC] CHUNK ADD qty=0.061880 entry=80801.25
[10:10:54.025] [INFO] [EXEC] CHUNK COUNT n=1
[10:10:54.025] [OK] [EXEC] INVENTORY qty=0.061880
[10:10:54.025] [OK] [EXEC] SELL REQUIRED inventory=0.061880
[10:10:54.565] [INFO] [EXEC] SELL CHECK inventory=0.061880 reported=0.000000 remaining=0.061870 chunks=1
[10:10:54.567] [INFO] [EXEC] PLACE_SELL_SOURCE source=plan price=80804.11
[10:10:54.568] [OK] [EXEC] PLACE SELL price=80804.11 qty=0.061870
[10:10:54.822] [OK] [EXEC] SELL ORDER SENT orderId=385071373
[10:10:55.822] [INFO] [EXEC] SELL UPSIZE old=0.061870 new=0.061880
[10:10:55.822] [WARNING] [EXEC] SELL TIMEOUT orderId=385071373
[10:10:55.822] [WARNING] [EXEC] CANCEL SELL orderId=385071373
[10:10:56.354] [INFO] [EXEC] SELL FINAL STATUS status=CANCELED orderId=385071373
[10:10:56.358] [INFO] [EXEC] SELL TIMEOUT check fast_exit
[10:10:56.359] [WARNING] [EXEC] FORCE EXIT hard_sl_triggered
[10:10:56.360] [ERROR] [EXEC] HARD SL triggered
[10:10:56.361] [WARNING] [EXEC] PANIC EXIT sl_mode
[10:10:56.624] [WARNING] [EXEC] FORCE EXIT price=80804.10
[10:10:56.626] [INFO] [EXEC] PLACE_SELL_SOURCE source=panic price=80804.10
[10:10:56.627] [OK] [EXEC] PLACE SELL price=80804.10 qty=0.061870
[10:10:56.882] [WARNING] [EXEC] PANIC START price=80804.10
[10:10:56.882] [OK] [EXEC] SELL ORDER SENT orderId=385071415
[10:10:57.571] [OK] [SYNC] order filled detected
[10:10:57.571] [OK] [SYNC] SELL filled on exchange
[10:10:57.571] [OK] [EXEC] FIFO CLOSE qty=0.061870 entry=80801.25 exit=80804.10 pnl=+0.176330
[10:10:57.571] [INFO] [EXEC] CHUNK DRAINED
[10:10:57.571] [OK] [EXEC] REALIZED pnl=+0.176330
[10:10:57.571] [INFO] [EXEC] SELL ACCOUNTING RESET flat
[10:10:57.571] [OK] [EXEC] CYCLE CLOSED pnl=+0.176330
[10:10:57.571] [INFO] [EXEC] SESSION realized=+0.512694 wins=4 losses=0
[10:10:57.571] [WARNING] [EXEC] BLOCK_BUY reason=cooldown_panic_exit mode=FAST ws_age=670 spread=10.09 stable=1/1 mid_delta=0.00 bid_delta=0.00
[10:10:57.571] [OK] [PLAN] HOT entry=80795.01 exit=80803.10 profit=0.500609 age=2022ms
[10:10:58.856] [INFO] [HEALTH] state=GOOD
[10:10:59.107] [INFO] [EXEC] SELL ACCOUNTING RESET new_cycle
[10:10:59.107] [OK] [EXEC] BUY ORDER SENT orderId=385071525 price=80800.17 qty=0.061880
[10:10:59.107] [OK] [EXEC] PLACE BUY price=80800.17 qty=0.061880
[10:11:00.133] [OK] [EXEC] BUY FILL UPDATE delta=0.061880 avg=80800.17
[10:11:00.135] [OK] [EXEC] CHUNK ADD qty=0.061880 entry=80800.17
[10:11:00.137] [INFO] [EXEC] CHUNK COUNT n=1
[10:11:00.138] [OK] [EXEC] INVENTORY qty=0.061880
[10:11:00.140] [OK] [EXEC] SELL REQUIRED inventory=0.061880
[10:11:00.141] [OK] [EXEC] BUY PARTIAL delta=0.061880 total=0.061880
[10:11:00.141] [OK] [EXEC] BUY REMAINING qty=0.000000
[10:11:00.142] [OK] [EXEC] BUY FILLED id=385071525
[10:11:00.144] [OK] [PLAN] HOT entry=80795.01 exit=80803.83 profit=0.545782 age=1019ms
[10:11:00.657] [OK] [SYNC] order filled detected
[10:11:00.660] [OK] [SYNC] BUY filled on exchange
[10:11:01.681] [INFO] [EXEC] SELL CHECK inventory=0.061880 reported=0.000000 remaining=0.061870 chunks=1
[10:11:01.681] [INFO] [EXEC] PLACE_SELL_SOURCE source=plan price=80804.00
[10:11:01.681] [OK] [EXEC] PLACE SELL price=80804.00 qty=0.061870
[10:11:01.963] [OK] [EXEC] SELL ORDER SENT orderId=385071574
[10:11:02.942] [OK] [EXEC] FIFO CLOSE qty=0.061870 entry=80800.17 exit=80804.00 pnl=+0.236962
[10:11:02.945] [INFO] [EXEC] CHUNK DRAINED
[10:11:02.946] [OK] [EXEC] REALIZED pnl=+0.236962
[10:11:02.949] [INFO] [EXEC] SELL ACCOUNTING RESET flat
[10:11:02.951] [OK] [EXEC] CYCLE CLOSED pnl=+0.236962
[10:11:02.951] [INFO] [EXEC] SESSION realized=+0.749656 wins=5 losses=0
[10:11:02.951] [OK] [EXEC] EXIT_FILLED
[10:11:02.951] [INFO] [EXEC] SELL ACCOUNTING RESET flat
[10:11:02.956] [INFO] [EXEC] CYCLE SKIP no_fifo_pnl
[10:11:02.956] [OK] [EXEC] SELL FILLED id=385071574
[10:11:02.956] [OK] [EXEC] SELL FILLED qty=0.061870 remaining=0.000000
[10:11:02.956] [INFO] [EXEC] SELL ACCOUNTING RESET inventory_drained
[10:11:02.956] [INFO] [EXEC] INVENTORY DRAINED epsilon_cleanup qty=0.000000
[10:11:02.956] [INFO] [EXEC] SELL ACCOUNTING RESET flat
[10:11:02.956] [INFO] [EXEC] CYCLE SKIP no_fifo_pnl
[10:11:03.693] [INFO] [EXEC] SELL ACCOUNTING RESET new_cycle
[10:11:03.698] [OK] [EXEC] BUY ORDER SENT orderId=385071611 price=80801.82 qty=0.061870
[10:11:03.700] [OK] [EXEC] PLACE BUY price=80801.82 qty=0.061870
[10:11:03.705] [OK] [PLAN] READY entry=80801.82 exit=80805.06 profit=0.200459 age=750ms
[10:11:04.712] [OK] [EXEC] BUY FILL UPDATE delta=0.061870 avg=80801.82
[10:11:04.712] [OK] [EXEC] CHUNK ADD qty=0.061870 entry=80801.82
[10:11:04.712] [INFO] [EXEC] CHUNK COUNT n=1
[10:11:04.728] [OK] [EXEC] INVENTORY qty=0.061870
[10:11:04.728] [OK] [EXEC] SELL REQUIRED inventory=0.061870
[10:11:04.728] [OK] [EXEC] BUY PARTIAL delta=0.061870 total=0.061870
[10:11:04.728] [OK] [EXEC] BUY REMAINING qty=0.000000
[10:11:04.728] [OK] [EXEC] BUY FILLED id=385071611
[10:11:05.244] [OK] [SYNC] order filled detected
[10:11:05.259] [OK] [SYNC] BUY filled on exchange
[10:11:05.993] [INFO] [EXEC] SELL CHECK inventory=0.061870 reported=0.000000 remaining=0.061870 chunks=1
[10:11:05.993] [INFO] [EXEC] PLACE_SELL_SOURCE source=plan price=80804.91
[10:11:05.993] [OK] [EXEC] PLACE SELL price=80804.91 qty=0.061870
[10:11:06.268] [OK] [EXEC] SELL ORDER SENT orderId=385071644
[10:11:06.791] [OK] [SYNC] order filled detected
[10:11:06.791] [OK] [SYNC] SELL filled on exchange
[10:11:06.791] [OK] [EXEC] FIFO CLOSE qty=0.061870 entry=80801.82 exit=80804.91 pnl=+0.191178
[10:11:06.791] [INFO] [EXEC] CHUNK DRAINED
[10:11:06.791] [OK] [EXEC] REALIZED pnl=+0.191178
[10:11:06.791] [INFO] [EXEC] SELL ACCOUNTING RESET flat
[10:11:06.791] [OK] [EXEC] CYCLE CLOSED pnl=+0.191178
[10:11:06.791] [INFO] [EXEC] SESSION realized=+0.940835 wins=6 losses=0
[10:11:06.987] [INFO] [HEALTH] state=GOOD
[10:11:07.249] [INFO] [EXEC] SELL ACCOUNTING RESET new_cycle
[10:11:07.253] [OK] [EXEC] BUY ORDER SENT orderId=385071687 price=80802.52 qty=0.061870
[10:11:07.256] [OK] [EXEC] PLACE BUY price=80802.52 qty=0.061870
[10:11:08.260] [INFO] [EXEC] ENTRY_REPRICE reason=wide_spread_cross old=80802.52 new=80802.56 count=1
[10:11:08.802] [OK] [EXEC] ENTRY_PLACE price=80802.56 qty=0.061870
[10:11:09.791] [WARNING] [EXEC] BUY TIMEOUT orderId=385071749
[10:11:09.807] [WARNING] [EXEC] CANCEL BUY orderId=385071749
[10:11:10.076] [OK] [EXEC] BUY CANCELED confirmed
[10:11:10.337] [INFO] [EXEC] BUY FINAL STATUS status=CANCELED orderId=385071749
[10:11:10.337] [WARNING] [EXEC] BLOCK reason=buy_not_filled
[10:11:11.151] [INFO] [EXEC] SELL ACCOUNTING RESET new_cycle
[10:11:11.151] [OK] [EXEC] BUY ORDER SENT orderId=385071872 price=80812.62 qty=0.061870
[10:11:11.151] [OK] [EXEC] PLACE BUY price=80812.62 qty=0.061870
[10:11:11.151] [OK] [PLAN] READY entry=80812.62 exit=80815.78 profit=0.195509 age=1352ms
[10:11:11.681] [OK] [SYNC] order filled detected
[10:11:11.681] [OK] [SYNC] BUY filled on exchange
[10:11:11.681] [OK] [EXEC] BUY FILL UPDATE delta=0.061870 avg=80812.62
[10:11:11.697] [OK] [EXEC] CHUNK ADD qty=0.061870 entry=80812.62
[10:11:11.697] [INFO] [EXEC] CHUNK COUNT n=1
[10:11:11.697] [OK] [EXEC] INVENTORY qty=0.061870
[10:11:11.697] [OK] [EXEC] SELL REQUIRED inventory=0.061870
[10:11:12.384] [INFO] [EXEC] SELL CHECK inventory=0.061870 reported=0.000000 remaining=0.061870 chunks=1
[10:11:12.384] [INFO] [EXEC] PLACE_SELL_SOURCE source=plan price=80814.66
[10:11:12.384] [OK] [EXEC] PLACE SELL price=80814.66 qty=0.061870
[10:11:12.652] [OK] [EXEC] SELL ORDER SENT orderId=385071924
[10:11:13.177] [OK] [SYNC] order filled detected
[10:11:13.178] [OK] [SYNC] SELL filled on exchange
[10:11:13.179] [OK] [EXEC] FIFO CLOSE qty=0.061870 entry=80812.62 exit=80814.66 pnl=+0.126215
[10:11:13.180] [INFO] [EXEC] CHUNK DRAINED
[10:11:13.182] [OK] [EXEC] REALIZED pnl=+0.126215
[10:11:13.182] [INFO] [EXEC] SELL ACCOUNTING RESET flat
[10:11:13.182] [OK] [EXEC] CYCLE CLOSED pnl=+0.126215
[10:11:13.182] [INFO] [EXEC] SESSION realized=+1.067049 wins=7 losses=0
[10:11:13.354] [INFO] [HEALTH] state=GOOD
[10:11:13.623] [INFO] [EXEC] SELL ACCOUNTING RESET new_cycle
[10:11:13.628] [OK] [EXEC] BUY ORDER SENT orderId=385071945 price=80811.62 qty=0.061870
[10:11:13.630] [OK] [EXEC] PLACE BUY price=80811.62 qty=0.061870
[10:11:14.616] [INFO] [EXEC] ENTRY_REPRICE reason=wide_spread_cross old=80811.62 new=80811.66 count=1
[10:11:15.141] [OK] [EXEC] ENTRY_PLACE price=80811.66 qty=0.061870
[10:11:16.166] [WARNING] [EXEC] BUY TIMEOUT orderId=385071995
[10:11:16.166] [WARNING] [EXEC] CANCEL BUY orderId=385071995
[10:11:16.431] [OK] [EXEC] BUY CANCELED confirmed
[10:11:16.697] [INFO] [EXEC] BUY FINAL STATUS status=CANCELED orderId=385071995
[10:11:16.697] [WARNING] [EXEC] BLOCK reason=buy_not_filled
[10:11:17.426] [INFO] [EXEC] SELL ACCOUNTING RESET new_cycle
[10:11:17.431] [OK] [EXEC] BUY ORDER SENT orderId=385072052 price=80814.91 qty=0.061860
[10:11:17.434] [OK] [EXEC] PLACE BUY price=80814.91 qty=0.061860
[10:11:17.957] [OK] [SYNC] order filled detected
[10:11:17.963] [OK] [SYNC] BUY filled on exchange
[10:11:17.963] [OK] [EXEC] BUY FILL UPDATE delta=0.061860 avg=80814.91
[10:11:17.965] [OK] [EXEC] CHUNK ADD qty=0.061860 entry=80814.91
[10:11:17.966] [INFO] [EXEC] CHUNK COUNT n=1
[10:11:17.967] [OK] [EXEC] INVENTORY qty=0.061860
[10:11:17.968] [OK] [EXEC] SELL REQUIRED inventory=0.061860
[10:11:18.682] [INFO] [EXEC] SELL CHECK inventory=0.061860 reported=0.000000 remaining=0.061850 chunks=1
[10:11:18.682] [INFO] [EXEC] PLACE_SELL_SOURCE source=plan price=80824.99
[10:11:18.682] [OK] [EXEC] PLACE SELL price=80824.99 qty=0.061850
[10:11:18.962] [OK] [EXEC] SELL ORDER SENT orderId=385072102
[10:11:18.969] [OK] [PLAN] HOT entry=80813.57 exit=80824.99 profit=0.706555 age=8618ms
[10:11:19.934] [INFO] [EXEC] SELL UPSIZE old=0.061850 new=0.061860
[10:11:19.939] [WARNING] [EXEC] SELL TIMEOUT orderId=385072102
[10:11:19.941] [WARNING] [EXEC] CANCEL SELL orderId=385072102
[10:11:20.447] [INFO] [EXEC] SELL FINAL STATUS status=CANCELED orderId=385072102
[10:11:20.463] [INFO] [EXEC] SELL TIMEOUT check fast_exit
[10:11:20.463] [WARNING] [EXEC] FORCE EXIT hard_sl_triggered
[10:11:20.463] [ERROR] [EXEC] HARD SL triggered
[10:11:20.463] [WARNING] [EXEC] PANIC EXIT sl_mode
[10:11:20.729] [WARNING] [EXEC] FORCE EXIT price=80820.16
[10:11:20.729] [INFO] [EXEC] PLACE_SELL_SOURCE source=panic price=80820.16
[10:11:20.729] [OK] [EXEC] PLACE SELL price=80820.16 qty=0.061850
[10:11:20.989] [WARNING] [EXEC] PANIC START price=80820.16
[10:11:21.004] [OK] [EXEC] SELL ORDER SENT orderId=385072173
[10:11:22.763] [INFO] [EXEC] SELL_UPSIZE_SKIPPED reason=exit_or_panic_active
[10:11:24.260] [INFO] [EXEC] SELL_WATCHDOG_SYNC orderId=385072173 status=NEW
[10:11:24.260] [WARNING] [EXEC] SELL_WATCHDOG_FAR_CANCEL orderId=385072173 price=80820.16 ask=80816.99 dist_ticks=316
[10:11:25.541] [INFO] [EXEC] SELL CHECK inventory=0.061860 reported=0.000000 remaining=0.061850 chunks=1
[10:11:25.541] [INFO] [EXEC] SELL_REPRICE_FRESH_APPLIED old=80820.16 new=80816.48 ask=80817.48 bid=80812.30
[10:11:25.541] [INFO] [EXEC] PLACE_SELL_SOURCE source=fresh_after_far_cancel price=80816.48
[10:11:25.541] [OK] [EXEC] PLACE SELL price=80816.48 qty=0.061850
[10:11:25.807] [OK] [EXEC] SELL ORDER SENT orderId=385072270
[10:11:26.806] [OK] [EXEC] FIFO CLOSE qty=0.009590 entry=80814.91 exit=80816.48 pnl=+0.015056
[10:11:26.806] [OK] [EXEC] REALIZED pnl=+0.015056
[10:11:26.806] [OK] [EXEC] SELL PARTIAL delta=0.009590
[10:11:26.806] [OK] [EXEC] INVENTORY remaining=0.052270
[10:11:26.806] [WARNING] [EXEC] PANIC PARTIAL filled=0.009590 remaining=0.052270
[10:11:27.556] [OK] [SYNC] order filled detected
[10:11:27.556] [OK] [SYNC] SELL filled on exchange
[10:11:27.556] [OK] [EXEC] FIFO CLOSE qty=0.052260 entry=80814.91 exit=80816.48 pnl=+0.082048
[10:11:27.556] [INFO] [EXEC] CHUNK DRAINED
[10:11:27.556] [OK] [EXEC] REALIZED pnl=+0.082048
[10:11:27.556] [INFO] [EXEC] SELL ACCOUNTING RESET flat
[10:11:27.556] [OK] [EXEC] CYCLE CLOSED pnl=+0.097104
[10:11:27.556] [INFO] [EXEC] SESSION realized=+1.164154 wins=8 losses=0
[10:11:28.087] [INFO] [HEALTH] state=GOOD
[10:11:28.379] [INFO] [EXEC] SELL ACCOUNTING RESET new_cycle
[10:11:28.382] [OK] [EXEC] BUY ORDER SENT orderId=385072337 price=80815.52 qty=0.061860
[10:11:28.384] [OK] [EXEC] PLACE BUY price=80815.52 qty=0.061860
[10:11:29.088] [OK] [SYNC] order filled detected
[10:11:29.088] [OK] [SYNC] BUY filled on exchange
[10:11:29.092] [OK] [EXEC] BUY FILL UPDATE delta=0.061860 avg=80815.52
[10:11:29.093] [OK] [EXEC] CHUNK ADD qty=0.061860 entry=80815.52
[10:11:29.093] [INFO] [EXEC] CHUNK COUNT n=1
[10:11:29.093] [OK] [EXEC] INVENTORY qty=0.061860
[10:11:29.093] [OK] [EXEC] SELL REQUIRED inventory=0.061860
[10:11:29.603] [INFO] [EXEC] SELL CHECK inventory=0.061860 reported=0.000000 remaining=0.061850 chunks=1
[10:11:29.618] [INFO] [EXEC] PLACE_SELL_SOURCE source=plan price=80818.19
[10:11:29.618] [OK] [EXEC] PLACE SELL price=80818.19 qty=0.061850
[10:11:29.876] [OK] [EXEC] SELL ORDER SENT orderId=385072370
[10:11:30.872] [INFO] [EXEC] SELL_UPSIZE_SKIPPED reason=exit_or_panic_active
[10:11:32.646] [OK] [PLAN] READY entry=80813.53 exit=80817.18 profit=0.225826 age=985ms
[10:11:33.634] [INFO] [EXEC] SELL_WATCHDOG_SYNC orderId=385072370 status=NEW
[10:11:35.691] [WARNING] [EXEC] SELL_WATCHDOG_FAR_CANCEL orderId=385072370 price=80818.19 ask=80807.77 dist_ticks=1041
[10:11:36.932] [INFO] [EXEC] SELL CHECK inventory=0.061860 reported=0.000000 remaining=0.061850 chunks=1
[10:11:36.932] [INFO] [EXEC] SELL_REPRICE_FRESH_APPLIED old=80818.19 new=80815.54 ask=80806.36 bid=80800.03
[10:11:36.947] [WARNING] [EXEC] SELL_SKIP_STILL_FAR_AFTER_REPRICE price=80815.54 ask=80806.36 dist_ticks=918
[10:11:37.447] [INFO] [EXEC] EXIT RECOVERY inventory_no_sell qty=0.061860
[10:12:19.697] [INFO] START_CLICK received enabled=True api_ready=True running=True
[10:12:19.991] [WARNING] cancel all requested
[10:12:19.991] [WARNING] [EXEC] STOP_SAFE_MANUAL inventory=0.061860 active_order=0
[10:12:20.007] [WARNING] STOP
