[22:01:08.881] [OK] filters loaded
[22:01:10.089] [INFO] START_CLICK received enabled=True api_ready=True running=False
[22:01:10.089] [INFO] START_SETTINGS live_enabled=True guard_mode=FAST entry_mode=AGGRESSIVE exit_engine=True order_size=777.0
[22:01:10.558] [EXCHANGE] symbol=BTCU base=BTC quote=U status=TRADING permissions=[]
[22:01:10.573] [OK] START
[22:01:10.573] [OK] START_OK runtime_started
[22:01:10.573] [INFO] [EXEC] LIVE ON
[22:01:10.573] [INFO] [EXEC] WAIT READY
[22:01:10.573] [WARNING] [HEALTH] block spread_too_young lifetime=0
[22:01:10.573] [WARNING] [HEALTH] unstable_spread lifetime=0
[22:01:10.589] [WARNING] [EXEC] BLOCK_BUY reason=ws_stale mode=FAST ws_age=None spread=8.12 stable=1/1 mid_delta=0.00 bid_delta=0.00
[22:01:10.589] [WS] primary url=wss://stream.binance.com:9443/ws/btcu@bookTicker
[22:01:10.589] [WS] connecting primary
[22:01:10.620] [OK] [PLAN] READY entry=81802.87 exit=81808.99 profit=0.058079 age=47ms
[22:01:10.887] [WARNING] [HEALTH] block spread_too_young lifetime=313
[22:01:12.090] [OK] [PLAN] HOT entry=81803.00 exit=81813.53 profit=0.099930 age=1517ms
[22:01:12.090] [WS] connected
[22:01:12.637] [INFO] [EXEC] SELL ACCOUNTING RESET new_cycle
[22:01:12.653] [OK] [EXEC] BUY ORDER SENT orderId=383669714 price=81803.00 qty=0.009490
[22:01:12.653] [OK] [EXEC] PLACE BUY price=81803.00 qty=0.009490
[22:01:13.825] [OK] [PLAN] READY entry=81807.54 exit=81813.53 profit=0.056845 age=2955ms
[22:01:14.387] [INFO] [EXEC] ENTRY_REPRICE reason=bid_moved_up old=81803.00 new=81825.05 count=1
[22:01:14.925] [OK] [EXEC] ENTRY_PLACE price=81825.05 qty=0.009490
[22:01:16.409] [INFO] [EXEC] ENTRY_REPRICE reason=bid_moved_up old=81825.05 new=81828.90 count=2
[22:01:16.942] [OK] [EXEC] ENTRY_PLACE price=81828.90 qty=0.009490
[22:01:16.942] [OK] [PLAN] HOT entry=81829.89 exit=81837.85 profit=0.075540 age=881ms
[22:01:17.550] [WARNING] [EXEC] BUY TIMEOUT orderId=383669916
[22:01:17.550] [WARNING] [EXEC] CANCEL BUY orderId=383669916
[22:01:18.293] [OK] [EXEC] BUY CANCELED confirmed
[22:01:18.543] [INFO] [EXEC] BUY FINAL STATUS status=CANCELED orderId=383669916
[22:01:18.558] [WARNING] [EXEC] BLOCK reason=buy_not_filled
[22:01:18.558] [OK] [PLAN] READY entry=81831.73 exit=81837.84 profit=0.057984 age=2022ms
[22:01:19.143] [INFO] [HEALTH] state=GOOD
[22:01:19.409] [INFO] [EXEC] SELL ACCOUNTING RESET new_cycle
[22:01:19.409] [OK] [EXEC] BUY ORDER SENT orderId=383669947 price=81831.65 qty=0.009490
[22:01:19.409] [OK] [EXEC] PLACE BUY price=81831.65 qty=0.009490
[22:01:21.284] [INFO] [EXEC] ENTRY_REPRICE reason=bid_moved_up old=81831.65 new=81831.76 count=1
[22:01:21.815] [OK] [EXEC] ENTRY_PLACE price=81831.76 qty=0.009490
[22:01:22.690] [OK] [PLAN] HOT entry=81832.76 exit=81851.78 profit=0.180500 age=7147ms
[22:01:23.299] [INFO] [EXEC] ENTRY_REPRICE reason=bid_moved_up old=81831.76 new=81848.40 count=2
[22:01:23.846] [OK] [EXEC] ENTRY_PLACE price=81848.40 qty=0.009490
[22:01:24.674] [WARNING] [EXEC] BUY TIMEOUT orderId=383670125
[22:01:24.690] [WARNING] [EXEC] CANCEL BUY orderId=383670125
[22:01:24.961] [OK] [EXEC] BUY CANCELED confirmed
[22:01:25.221] [INFO] [EXEC] BUY FINAL STATUS status=CANCELED orderId=383670125
[22:01:25.221] [WARNING] [EXEC] BLOCK reason=buy_not_filled
[22:01:25.658] [INFO] [HEALTH] state=GOOD
[22:01:25.909] [INFO] [EXEC] SELL ACCOUNTING RESET new_cycle
[22:01:25.909] [OK] [EXEC] BUY ORDER SENT orderId=383670158 price=81847.31 qty=0.009490
[22:01:25.925] [OK] [EXEC] PLACE BUY price=81847.31 qty=0.009490
[22:01:27.089] [OK] [PLAN] READY entry=81848.31 exit=81854.36 profit=0.057415 age=1141ms
[22:01:29.673] [OK] [EXEC] BUY FILL UPDATE delta=0.001700 avg=81847.31
[22:01:29.673] [OK] [EXEC] CHUNK ADD qty=0.001700 entry=81847.31
[22:01:29.673] [INFO] [EXEC] CHUNK COUNT n=1
[22:01:29.689] [OK] [EXEC] INVENTORY qty=0.001700
[22:01:29.689] [OK] [EXEC] SELL REQUIRED inventory=0.001700
[22:01:29.689] [OK] [EXEC] BUY PARTIAL delta=0.001700 total=0.001700
[22:01:29.689] [OK] [EXEC] BUY REMAINING qty=0.007790
[22:01:29.689] [INFO] [EXEC] ENTRY_REPRICE reason=bid_moved_up old=81847.31 new=81847.33 count=1
[22:01:30.205] [OK] [EXEC] ENTRY_PLACE price=81847.33 qty=0.009490
[22:01:31.596] [INFO] [EXEC] SELL CHECK inventory=0.001700 reported=0.000000 remaining=0.001700 chunks=1
[22:01:31.596] [OK] [EXEC] PLACE SELL price=81854.38 qty=0.001700
[22:01:31.858] [OK] [EXEC] SELL ORDER SENT orderId=383670250
[22:01:33.066] [OK] [PLAN] READY entry=81848.33 exit=81853.37 profit=0.047830 age=625ms
[22:01:37.327] [INFO] [EXEC] EXIT_STAGE stage=EXIT_CROSS age_ms=5477
[22:01:37.327] [INFO] [EXEC] EXIT_REPRICE reason=stage=EXIT_CROSS
[22:01:37.327] [WARNING] [EXEC] SELL TIMEOUT orderId=383670250
[22:01:37.327] [WARNING] [EXEC] CANCEL SELL orderId=383670250
[22:01:37.892] [INFO] [EXEC] SELL FINAL STATUS status=CANCELED orderId=383670250
[22:01:37.892] [INFO] [EXEC] SELL TIMEOUT check fast_exit
[22:01:37.908] [INFO] [EXEC] FAST SAFE EXIT price=81847.34 entry=81847.31 bid=81847.33
[22:01:37.908] [WARNING] [EXEC] SELL REPRICE old=81854.38 new=81854.37 count=1
[22:01:37.908] [INFO] [EXEC] SELL REPLACE remaining=0.001700
[22:01:37.908] [OK] [EXEC] PLACE SELL price=81854.37 qty=0.001700
[22:01:38.172] [OK] [EXEC] SELL ORDER SENT orderId=383670283
[22:01:42.343] [INFO] [EXEC] EXIT_STAGE stage=EXIT_CROSS age_ms=5006
[22:01:42.343] [INFO] [EXEC] EXIT_REPRICE reason=stage=EXIT_CROSS
[22:01:42.343] [WARNING] [EXEC] SELL TIMEOUT orderId=383670283
[22:01:42.343] [WARNING] [EXEC] CANCEL SELL orderId=383670283
[22:01:42.885] [INFO] [EXEC] SELL FINAL STATUS status=CANCELED orderId=383670283
[22:01:42.889] [INFO] [EXEC] SELL TIMEOUT check fast_exit
[22:01:42.891] [INFO] [EXEC] FAST SAFE EXIT price=81847.38 entry=81847.31 bid=81847.37
[22:01:42.891] [WARNING] [EXEC] SELL REPRICE old=81854.37 new=81854.36 count=2
[22:01:42.891] [INFO] [EXEC] SELL REPLACE remaining=0.001700
[22:01:42.891] [OK] [EXEC] PLACE SELL price=81854.36 qty=0.001700
[22:01:43.156] [OK] [EXEC] SELL ORDER SENT orderId=383670300
[22:01:44.938] [OK] [SYNC] order filled detected
[22:01:44.938] [OK] [SYNC] SELL filled on exchange
[22:01:44.938] [OK] [EXEC] FIFO CLOSE qty=0.001700 entry=81847.31 exit=81854.36 pnl=+0.011985
[22:01:44.938] [INFO] [EXEC] CHUNK DRAINED
[22:01:44.938] [OK] [EXEC] REALIZED pnl=+0.011985
[22:01:44.938] [INFO] [EXEC] SELL ACCOUNTING RESET flat
[22:01:44.938] [OK] [EXEC] CYCLE CLOSED pnl=+0.011985
[22:01:44.938] [INFO] [EXEC] SESSION realized=+0.011985 wins=1 losses=0
[22:01:44.938] [INFO] [HEALTH] state=GOOD
[22:01:45.203] [INFO] [EXEC] SELL ACCOUNTING RESET new_cycle
[22:01:45.218] [OK] [EXEC] BUY ORDER SENT orderId=383670427 price=81848.33 qty=0.009490
[22:01:45.218] [OK] [EXEC] PLACE BUY price=81848.33 qty=0.009490
[22:01:46.577] [OK] [PLAN] HOT entry=81862.66 exit=81871.77 profit=0.086454 age=1357ms
[22:01:47.186] [INFO] [EXEC] ENTRY_REPRICE reason=wide_spread_cross old=81848.33 new=81875.59 count=1
[22:01:47.733] [OK] [EXEC] ENTRY_PLACE price=81875.59 qty=0.009490
[22:01:48.841] [OK] [EXEC] BUY FILL UPDATE delta=0.001420 avg=81875.59
[22:01:48.856] [OK] [EXEC] CHUNK ADD qty=0.001420 entry=81875.59
[22:01:48.856] [INFO] [EXEC] CHUNK COUNT n=1
[22:01:48.861] [OK] [EXEC] INVENTORY qty=0.001420
[22:01:48.863] [OK] [EXEC] SELL REQUIRED inventory=0.001420
[22:01:48.863] [OK] [EXEC] BUY PARTIAL delta=0.001420 total=0.001420
[22:01:48.869] [OK] [EXEC] BUY REMAINING qty=0.008070
[22:01:49.717] [OK] [SYNC] order filled detected
[22:01:49.717] [OK] [SYNC] BUY filled on exchange
[22:01:49.717] [OK] [EXEC] BUY FILL UPDATE delta=0.008070 avg=81875.59
[22:01:49.717] [OK] [EXEC] CHUNK ADD qty=0.008070 entry=81875.59
[22:01:49.717] [INFO] [EXEC] CHUNK COUNT n=2
[22:01:49.717] [OK] [EXEC] INVENTORY qty=0.009490
[22:01:49.717] [OK] [EXEC] SELL REQUIRED inventory=0.009490
[22:01:49.717] [INFO] [EXEC] SELL CHECK inventory=0.009490 reported=0.000000 remaining=0.009490 chunks=2
[22:01:49.717] [OK] [EXEC] PLACE SELL price=81880.99 qty=0.009490
[22:01:49.995] [OK] [EXEC] SELL ORDER SENT orderId=383670694
[22:01:51.827] [OK] [SYNC] order filled detected
[22:01:51.827] [OK] [SYNC] SELL filled on exchange
[22:01:51.827] [OK] [EXEC] FIFO CLOSE qty=0.001420 entry=81875.59 exit=81880.99 pnl=+0.007668
[22:01:51.827] [INFO] [EXEC] CHUNK DRAINED
[22:01:51.827] [OK] [EXEC] FIFO CLOSE qty=0.008070 entry=81875.59 exit=81880.99 pnl=+0.043578
[22:01:51.827] [INFO] [EXEC] CHUNK DRAINED
[22:01:51.827] [OK] [EXEC] REALIZED pnl=+0.051246
[22:01:51.827] [INFO] [EXEC] SELL ACCOUNTING RESET flat
[22:01:51.827] [OK] [EXEC] CYCLE CLOSED pnl=+0.051246
[22:01:51.827] [INFO] [EXEC] SESSION realized=+0.063231 wins=2 losses=0
[22:01:52.171] [INFO] [HEALTH] state=GOOD
[22:01:52.421] [INFO] [EXEC] SELL ACCOUNTING RESET new_cycle
[22:01:52.436] [OK] [EXEC] BUY ORDER SENT orderId=383670794 price=81876.60 qty=0.009480
[22:01:52.436] [OK] [EXEC] PLACE BUY price=81876.60 qty=0.009480
[22:01:54.217] [INFO] [EXEC] ENTRY_REPRICE reason=bid_moved_up old=81876.60 new=81885.31 count=1
[22:01:54.748] [OK] [EXEC] ENTRY_PLACE price=81885.31 qty=0.009480
[22:01:56.232] [INFO] [EXEC] ENTRY_REPRICE reason=wide_spread_cross old=81885.31 new=81886.24 count=2
[22:01:56.779] [OK] [EXEC] ENTRY_PLACE price=81886.24 qty=0.009480
[22:01:57.326] [WARNING] [EXEC] BUY TIMEOUT orderId=383670957
[22:01:57.326] [WARNING] [EXEC] CANCEL BUY orderId=383670957
[22:01:57.654] [OK] [EXEC] BUY CANCELED confirmed
[22:01:57.921] [INFO] [EXEC] BUY FINAL STATUS status=CANCELED orderId=383670957
[22:01:57.936] [WARNING] [EXEC] BLOCK reason=buy_not_filled
[22:01:57.936] [OK] [PLAN] HOT entry=81891.00 exit=81899.00 profit=0.075840 age=1096ms
[22:01:58.545] [INFO] [HEALTH] state=GOOD
[22:01:58.826] [INFO] [EXEC] SELL ACCOUNTING RESET new_cycle
[22:01:58.826] [OK] [EXEC] BUY ORDER SENT orderId=383671019 price=81891.00 qty=0.009480
[22:01:58.826] [OK] [EXEC] PLACE BUY price=81891.00 qty=0.009480
[22:01:58.826] [OK] [PLAN] READY entry=81891.00 exit=81896.72 profit=0.054226 age=2573ms
[22:01:59.466] [OK] [EXEC] BUY FILL UPDATE delta=0.004870 avg=81891.00
[22:01:59.466] [OK] [EXEC] CHUNK ADD qty=0.004870 entry=81891.00
[22:01:59.466] [INFO] [EXEC] CHUNK COUNT n=1
[22:01:59.466] [OK] [EXEC] INVENTORY qty=0.004870
[22:01:59.466] [OK] [EXEC] SELL REQUIRED inventory=0.004870
[22:01:59.482] [OK] [EXEC] BUY PARTIAL delta=0.004870 total=0.004870
[22:01:59.482] [OK] [EXEC] BUY REMAINING qty=0.004610
[22:02:00.309] [INFO] [EXEC] SELL CHECK inventory=0.004870 reported=0.000000 remaining=0.004870 chunks=1
[22:02:00.309] [OK] [EXEC] PLACE SELL price=81908.99 qty=0.004870
[22:02:00.606] [OK] [EXEC] SELL ORDER SENT orderId=383671130
[22:02:01.185] [OK] [PLAN] READY entry=81899.00 exit=81905.00 profit=0.056880 age=1133ms
[22:02:02.186] [OK] [EXEC] FIFO CLOSE qty=0.004870 entry=81891.00 exit=81908.99 pnl=+0.087611
[22:02:02.186] [INFO] [EXEC] CHUNK DRAINED
[22:02:02.186] [OK] [EXEC] REALIZED pnl=+0.087611
[22:02:02.186] [INFO] [EXEC] SELL ACCOUNTING RESET flat
[22:02:02.186] [OK] [EXEC] CYCLE CLOSED pnl=+0.087611
[22:02:02.186] [INFO] [EXEC] SESSION realized=+0.150842 wins=3 losses=0
[22:02:02.186] [OK] [EXEC] EXIT_FILLED
[22:02:02.186] [INFO] [EXEC] SELL ACCOUNTING RESET flat
[22:02:02.186] [INFO] [EXEC] CYCLE SKIP no_fifo_pnl
[22:02:02.186] [OK] [EXEC] SELL FILLED id=383671130
[22:02:02.186] [OK] [EXEC] SELL FILLED qty=0.004870 remaining=0.000000
[22:02:02.186] [INFO] [EXEC] SELL ACCOUNTING RESET inventory_drained
[22:02:02.186] [INFO] [EXEC] INVENTORY DRAINED epsilon_cleanup qty=0.000000
[22:02:02.201] [INFO] [EXEC] SELL ACCOUNTING RESET flat
[22:02:02.201] [INFO] [EXEC] CYCLE SKIP no_fifo_pnl
[22:02:02.201] [OK] [PLAN] HOT entry=81899.00 exit=81909.00 profit=0.094800 age=2126ms
[22:02:02.965] [INFO] [EXEC] SELL ACCOUNTING RESET new_cycle
[22:02:02.970] [OK] [EXEC] BUY ORDER SENT orderId=383671211 price=81902.28 qty=0.009480
[22:02:02.971] [OK] [EXEC] PLACE BUY price=81902.28 qty=0.009480
[22:02:02.971] [OK] [PLAN] READY entry=81902.28 exit=81909.00 profit=0.063706 age=2892ms
[22:02:03.841] [OK] [PLAN] HOT entry=81903.28 exit=81916.03 profit=0.120870 age=3781ms
[22:02:04.200] [OK] [PLAN] READY entry=81907.00 exit=81913.00 profit=0.056880 age=4149ms
[22:02:05.372] [INFO] [EXEC] ENTRY_REPRICE reason=bid_moved_up old=81902.28 new=81906.01 count=1
[22:02:05.895] [OK] [EXEC] ENTRY_PLACE price=81906.01 qty=0.009480
[22:02:06.200] [OK] [EXEC] BUY FILL UPDATE delta=0.008200 avg=81906.01
[22:02:06.200] [OK] [EXEC] CHUNK ADD qty=0.008200 entry=81906.01
[22:02:06.200] [INFO] [EXEC] CHUNK COUNT n=1
[22:02:06.200] [OK] [EXEC] INVENTORY qty=0.008200
[22:02:06.215] [OK] [EXEC] SELL REQUIRED inventory=0.008200
[22:02:06.215] [OK] [EXEC] BUY PARTIAL delta=0.008200 total=0.008200
[22:02:06.215] [OK] [EXEC] BUY REMAINING qty=0.001280
[22:02:07.122] [OK] [SYNC] order filled detected
[22:02:07.122] [OK] [SYNC] BUY filled on exchange
[22:02:07.122] [OK] [EXEC] BUY FILL UPDATE delta=0.001280 avg=81906.01
[22:02:07.122] [OK] [EXEC] CHUNK ADD qty=0.001280 entry=81906.01
[22:02:07.137] [INFO] [EXEC] CHUNK COUNT n=2
[22:02:07.137] [OK] [EXEC] INVENTORY qty=0.009480
[22:02:07.137] [OK] [EXEC] SELL REQUIRED inventory=0.009480
[22:02:07.403] [INFO] [EXEC] SELL CHECK inventory=0.009480 reported=0.000000 remaining=0.009480 chunks=2
[22:02:07.403] [OK] [EXEC] PLACE SELL price=81910.70 qty=0.009480
[22:02:07.669] [OK] [EXEC] SELL ORDER SENT orderId=383671419
[22:02:08.215] [INFO] [EXEC] RECOVERY WAIT hard_sl_pending_recovery (exit_not_blocked)
[22:02:10.957] [OK] [PLAN] HOT entry=81862.46 exit=81884.98 profit=0.213715 age=360ms
[22:02:11.581] [INFO] [EXEC] RECOVERY WAIT hard_sl_pending_recovery (exit_not_blocked)
[22:02:11.873] [OK] [PLAN] READY entry=81875.00 exit=81880.99 profit=0.056845 age=1257ms
[22:02:11.940] [INFO] [EXEC] RECOVERY WAIT hard_sl_pending_recovery (exit_not_blocked)
[22:02:13.362] [INFO] [EXEC] EXIT_STAGE stage=EXIT_CROSS age_ms=5693
[22:02:13.362] [INFO] [EXEC] EXIT_REPRICE reason=stage=EXIT_CROSS
[22:02:13.362] [WARNING] [EXEC] SELL TIMEOUT orderId=383671419
[22:02:13.362] [WARNING] [EXEC] CANCEL SELL orderId=383671419
[22:02:13.910] [INFO] [EXEC] SELL FINAL STATUS status=CANCELED orderId=383671419
[22:02:13.910] [INFO] [EXEC] SELL TIMEOUT check fast_exit
[22:02:13.910] [WARNING] [EXEC] FORCE EXIT hard_sl_triggered
[22:02:13.910] [ERROR] [EXEC] HARD SL triggered
[22:02:13.910] [WARNING] [EXEC] PANIC EXIT sl_mode
[22:02:13.910] [WARNING] [EXEC] FORCE EXIT price=81888.99
[22:02:13.926] [OK] [EXEC] PLACE SELL price=81888.99 qty=0.009480
[22:02:14.190] [WARNING] [EXEC] PANIC START price=81888.99
[22:02:14.190] [OK] [EXEC] SELL ORDER SENT orderId=383671651
[22:02:15.039] [OK] [PLAN] HOT entry=81878.95 exit=81887.98 profit=0.085604 age=4429ms
[22:02:18.596] [WARNING] [EXEC] PANIC WAIT still_open orderId=383671651
[22:02:18.596] [WARNING] [EXEC] PANIC HOLD active orderId=383671651
[22:02:20.471] [OK] [PLAN] READY entry=81880.58 exit=81887.98 profit=0.070152 age=9865ms
[22:02:21.361] [WARNING] [EXEC] PANIC HOLD active orderId=383671651
[22:02:21.705] [WARNING] [EXEC] PANIC WAIT still_open orderId=383671651
[22:02:21.705] [WARNING] [EXEC] PANIC HOLD active orderId=383671651
[22:02:24.470] [OK] [EXEC] FIFO CLOSE qty=0.008200 entry=81906.01 exit=81888.99 pnl=-0.139564
[22:02:24.470] [INFO] [EXEC] CHUNK DRAINED
[22:02:24.470] [OK] [EXEC] FIFO CLOSE qty=0.001280 entry=81906.01 exit=81888.99 pnl=-0.021786
[22:02:24.470] [INFO] [EXEC] CHUNK DRAINED
[22:02:24.470] [OK] [EXEC] REALIZED pnl=-0.161350
[22:02:24.470] [INFO] [EXEC] SELL ACCOUNTING RESET flat
[22:02:24.470] [OK] [EXEC] CYCLE CLOSED pnl=-0.161350
[22:02:24.470] [INFO] [EXEC] SESSION realized=-0.010507 wins=3 losses=1
[22:02:24.470] [OK] [EXEC] EXIT_FILLED
[22:02:24.470] [INFO] [EXEC] SELL ACCOUNTING RESET flat
[22:02:24.486] [INFO] [EXEC] CYCLE SKIP no_fifo_pnl
[22:02:24.486] [OK] [EXEC] SELL FILLED id=383671651
[22:02:24.486] [OK] [EXEC] SELL FILLED qty=0.009480 remaining=0.000000
[22:02:24.486] [INFO] [EXEC] SELL ACCOUNTING RESET inventory_drained
[22:02:24.486] [INFO] [EXEC] INVENTORY DRAINED epsilon_cleanup qty=0.000000
[22:02:24.486] [INFO] [EXEC] SELL ACCOUNTING RESET flat
[22:02:24.486] [INFO] [EXEC] CYCLE SKIP no_fifo_pnl
[22:02:25.439] [INFO] [HEALTH] state=GOOD
[22:02:25.704] [INFO] [EXEC] SELL ACCOUNTING RESET new_cycle
[22:02:25.704] [OK] [EXEC] BUY ORDER SENT orderId=383671809 price=81890.06 qty=0.009480
[22:02:25.704] [OK] [EXEC] PLACE BUY price=81890.06 qty=0.009480
[22:02:27.439] [INFO] [EXEC] ENTRY_REPRICE reason=wide_spread_cross old=81890.06 new=81892.90 count=1
[22:02:28.924] [OK] [EXEC] ENTRY_PLACE price=81892.90 qty=0.009480
[22:02:30.345] [OK] [EXEC] BUY FILL UPDATE delta=0.009480 avg=81892.90
[22:02:30.345] [OK] [EXEC] CHUNK ADD qty=0.009480 entry=81892.90
[22:02:30.345] [INFO] [EXEC] CHUNK COUNT n=1
[22:02:30.345] [OK] [EXEC] INVENTORY qty=0.009480
[22:02:30.360] [OK] [EXEC] SELL REQUIRED inventory=0.009480
[22:02:30.360] [OK] [EXEC] BUY PARTIAL delta=0.009480 total=0.009480
[22:02:30.360] [OK] [EXEC] BUY REMAINING qty=0.000000
[22:02:30.360] [OK] [EXEC] BUY FILLED id=383671908
[22:02:30.360] [OK] [PLAN] HOT entry=81893.90 exit=81902.83 profit=0.084656 age=2903ms
[22:02:30.983] [OK] [SYNC] order filled detected
[22:02:30.988] [OK] [SYNC] BUY filled on exchange
[22:02:30.990] [INFO] [EXEC] SELL CHECK inventory=0.009480 reported=0.000000 remaining=0.009480 chunks=1
[22:02:30.990] [OK] [EXEC] PLACE SELL price=81893.57 qty=0.009480
[22:02:31.251] [OK] [EXEC] SELL ORDER SENT orderId=383671959
[22:02:31.830] [INFO] [EXEC] RECOVERY WAIT hard_sl_pending_recovery (exit_not_blocked)
[22:02:32.438] [OK] [EXEC] FIFO CLOSE qty=0.009480 entry=81892.90 exit=81893.57 pnl=+0.006352
[22:02:32.438] [INFO] [EXEC] CHUNK DRAINED
[22:02:32.454] [OK] [EXEC] REALIZED pnl=+0.006352
[22:02:32.454] [INFO] [EXEC] SELL ACCOUNTING RESET flat
[22:02:32.454] [OK] [EXEC] CYCLE CLOSED pnl=+0.006352
[22:02:32.454] [INFO] [EXEC] SESSION realized=-0.004156 wins=4 losses=1
[22:02:32.454] [OK] [EXEC] EXIT_FILLED
[22:02:32.454] [INFO] [EXEC] SELL ACCOUNTING RESET flat
[22:02:32.454] [INFO] [EXEC] CYCLE SKIP no_fifo_pnl
[22:02:32.454] [OK] [EXEC] SELL FILLED id=383671959
[22:02:32.454] [OK] [EXEC] SELL FILLED qty=0.009480 remaining=0.000000
[22:02:32.454] [INFO] [EXEC] SELL ACCOUNTING RESET inventory_drained
[22:02:32.454] [INFO] [EXEC] INVENTORY DRAINED epsilon_cleanup qty=0.000000
[22:02:32.454] [INFO] [EXEC] SELL ACCOUNTING RESET flat
[22:02:32.454] [INFO] [EXEC] CYCLE SKIP no_fifo_pnl
[22:02:32.939] [INFO] [HEALTH] state=GOOD
[22:02:33.188] [INFO] [EXEC] SELL ACCOUNTING RESET new_cycle
[22:02:33.203] [OK] [EXEC] BUY ORDER SENT orderId=383672010 price=81891.00 qty=0.009480
[22:02:33.203] [OK] [EXEC] PLACE BUY price=81891.00 qty=0.009480
[22:02:33.203] [OK] [PLAN] HOT entry=81891.00 exit=81905.00 profit=0.132720 age=751ms
[22:02:34.110] [OK] [EXEC] BUY FILL UPDATE delta=0.009480 avg=81891.00
[22:02:34.110] [OK] [EXEC] CHUNK ADD qty=0.009480 entry=81891.00
[22:02:34.110] [INFO] [EXEC] CHUNK COUNT n=1
[22:02:34.110] [OK] [EXEC] INVENTORY qty=0.009480
[22:02:34.110] [OK] [EXEC] SELL REQUIRED inventory=0.009480
[22:02:34.110] [OK] [EXEC] BUY PARTIAL delta=0.009480 total=0.009480
[22:02:34.110] [OK] [EXEC] BUY REMAINING qty=0.000000
[22:02:34.110] [OK] [EXEC] BUY FILLED id=383672010
[22:02:34.125] [OK] [PLAN] READY entry=81892.00 exit=81897.00 profit=0.047400 age=1640ms
[22:02:34.703] [OK] [SYNC] order filled detected
[22:02:34.703] [OK] [SYNC] BUY filled on exchange
[22:02:34.703] [INFO] [EXEC] SELL CHECK inventory=0.009480 reported=0.000000 remaining=0.009480 chunks=1
[22:02:34.703] [OK] [EXEC] PLACE SELL price=81897.00 qty=0.009480
[22:02:34.982] [OK] [EXEC] SELL ORDER SENT orderId=383672074
[22:02:34.989] [OK] [PLAN] HOT entry=81887.72 exit=81897.00 profit=0.087974 age=2000ms
[22:02:35.594] [INFO] [EXEC] RECOVERY WAIT hard_sl_pending_recovery (exit_not_blocked)
[22:02:35.862] [OK] [PLAN] READY entry=81891.00 exit=81896.00 profit=0.047400 age=3406ms
[22:02:35.937] [INFO] [EXEC] RECOVERY WAIT hard_sl_pending_recovery (exit_not_blocked)
[22:02:37.374] [OK] [PLAN] HOT entry=81883.00 exit=81891.58 profit=0.081338 age=4899ms
[22:02:37.436] [INFO] [EXEC] RECOVERY WAIT hard_sl_pending_recovery (exit_not_blocked)
[22:02:40.342] [INFO] [EXEC] EXIT_STAGE stage=EXIT_CROSS age_ms=5383
[22:02:40.342] [INFO] [EXEC] EXIT_REPRICE reason=stage=EXIT_CROSS
[22:02:40.342] [WARNING] [EXEC] SELL TIMEOUT orderId=383672074
[22:02:40.342] [WARNING] [EXEC] CANCEL SELL orderId=383672074
[22:02:40.870] [INFO] [EXEC] SELL FINAL STATUS status=CANCELED orderId=383672074
[22:02:40.870] [INFO] [EXEC] SELL TIMEOUT check fast_exit
[22:02:40.876] [WARNING] [EXEC] FORCE EXIT hard_sl_triggered
[22:02:40.876] [ERROR] [EXEC] HARD SL triggered
[22:02:40.876] [WARNING] [EXEC] PANIC EXIT sl_mode
[22:02:40.876] [WARNING] [EXEC] FORCE EXIT price=81894.46
[22:02:40.876] [OK] [EXEC] PLACE SELL price=81894.46 qty=0.009480
[22:02:41.140] [WARNING] [EXEC] PANIC START price=81894.46
[22:02:41.155] [OK] [EXEC] SELL ORDER SENT orderId=383672233
[22:02:43.842] [OK] [PLAN] READY entry=81882.02 exit=81888.77 profit=0.063990 age=610ms
[22:02:44.764] [OK] [PLAN] HOT entry=81879.65 exit=81888.75 profit=0.086268 age=1532ms
[22:02:45.358] [OK] [EXEC] FIFO CLOSE qty=0.009480 entry=81891.00 exit=81894.46 pnl=+0.032801
[22:02:45.358] [INFO] [EXEC] CHUNK DRAINED
[22:02:45.358] [OK] [EXEC] REALIZED pnl=+0.032801
[22:02:45.358] [INFO] [EXEC] SELL ACCOUNTING RESET flat
[22:02:45.358] [OK] [EXEC] CYCLE CLOSED pnl=+0.032801
[22:02:45.358] [INFO] [EXEC] SESSION realized=+0.028645 wins=5 losses=1
[22:02:45.358] [OK] [EXEC] EXIT_FILLED
[22:02:45.358] [INFO] [EXEC] SELL ACCOUNTING RESET flat
[22:02:45.358] [INFO] [EXEC] CYCLE SKIP no_fifo_pnl
[22:02:45.374] [OK] [EXEC] SELL FILLED id=383672233
[22:02:45.374] [OK] [EXEC] SELL FILLED qty=0.009480 remaining=0.000000
[22:02:45.374] [INFO] [EXEC] SELL ACCOUNTING RESET inventory_drained
[22:02:45.374] [INFO] [EXEC] INVENTORY DRAINED epsilon_cleanup qty=0.000000
[22:02:45.374] [INFO] [EXEC] SELL ACCOUNTING RESET flat
[22:02:45.374] [INFO] [EXEC] CYCLE SKIP no_fifo_pnl
[22:02:45.374] [OK] [PLAN] READY entry=81882.50 exit=81888.75 profit=0.059250 age=2124ms
[22:02:45.452] [INFO] [HEALTH] state=GOOD
[22:02:45.702] [INFO] [EXEC] SELL ACCOUNTING RESET new_cycle
[22:02:45.702] [OK] [EXEC] BUY ORDER SENT orderId=383672370 price=81879.66 qty=0.009480
[22:02:45.717] [OK] [EXEC] PLACE BUY price=81879.66 qty=0.009480
[22:02:45.717] [OK] [PLAN] HOT entry=81879.66 exit=81896.96 profit=0.164004 age=2485ms
[22:02:46.090] [OK] [SYNC] order filled detected
[22:02:46.092] [OK] [SYNC] BUY filled on exchange
[22:02:46.092] [OK] [EXEC] BUY FILL UPDATE delta=0.009480 avg=81879.66
[22:02:46.092] [OK] [EXEC] CHUNK ADD qty=0.009480 entry=81879.66
[22:02:46.092] [INFO] [EXEC] CHUNK COUNT n=1
[22:02:46.092] [OK] [EXEC] INVENTORY qty=0.009480
[22:02:46.092] [OK] [EXEC] SELL REQUIRED inventory=0.009480
[22:02:46.358] [INFO] [EXEC] SELL CHECK inventory=0.009480 reported=0.000000 remaining=0.009480 chunks=1
[22:02:46.358] [OK] [EXEC] PLACE SELL price=81889.00 qty=0.009480
[22:02:46.624] [OK] [EXEC] SELL ORDER SENT orderId=383672441
[22:02:47.217] [OK] [PLAN] READY entry=81880.91 exit=81887.99 profit=0.067118 age=3992ms
[22:02:47.592] [INFO] [EXEC] RECOVERY WAIT hard_sl_pending_recovery (exit_not_blocked)
[22:02:48.989] [OK] [SYNC] order filled detected
[22:02:48.989] [OK] [SYNC] SELL filled on exchange
[22:02:48.992] [OK] [EXEC] FIFO CLOSE qty=0.009480 entry=81879.66 exit=81889.00 pnl=+0.088543
[22:02:48.994] [INFO] [EXEC] CHUNK DRAINED
[22:02:48.994] [OK] [EXEC] REALIZED pnl=+0.088543
[22:02:48.994] [INFO] [EXEC] SELL ACCOUNTING RESET flat
[22:02:48.994] [OK] [EXEC] CYCLE CLOSED pnl=+0.088543
[22:02:48.994] [INFO] [EXEC] SESSION realized=+0.117188 wins=6 losses=1
[22:02:51.201] [INFO] [HEALTH] state=GOOD
[22:02:51.451] [INFO] [EXEC] SELL ACCOUNTING RESET new_cycle
[22:02:51.467] [OK] [EXEC] BUY ORDER SENT orderId=383672622 price=81879.66 qty=0.009480
[22:02:51.467] [OK] [EXEC] PLACE BUY price=81879.66 qty=0.009480
[22:02:52.341] [OK] [PLAN] READY entry=81895.38 exit=81901.70 profit=0.059914 age=883ms
[22:02:52.979] [INFO] [EXEC] ENTRY_REPRICE reason=bid_moved_up old=81879.66 new=81893.41 count=1
[22:02:53.514] [OK] [EXEC] ENTRY_PLACE price=81893.41 qty=0.009480
[22:02:54.123] [OK] [SYNC] order filled detected
[22:02:54.123] [OK] [SYNC] BUY filled on exchange
[22:02:54.138] [OK] [EXEC] BUY FILL UPDATE delta=0.009480 avg=81893.40
[22:02:54.138] [OK] [EXEC] CHUNK ADD qty=0.009480 entry=81893.40
[22:02:54.138] [INFO] [EXEC] CHUNK COUNT n=1
[22:02:54.138] [OK] [EXEC] INVENTORY qty=0.009480
[22:02:54.138] [OK] [EXEC] SELL REQUIRED inventory=0.009480
[22:02:54.404] [INFO] [EXEC] SELL CHECK inventory=0.009480 reported=0.000000 remaining=0.009480 chunks=1
[22:02:54.404] [OK] [EXEC] PLACE SELL price=81893.91 qty=0.009480
[22:02:54.669] [OK] [EXEC] SELL ORDER SENT orderId=383672713
[22:02:54.987] [INFO] [EXEC] RECOVERY WAIT hard_sl_pending_recovery (exit_not_blocked)
[22:02:55.247] [OK] [PLAN] READY entry=81887.85 exit=81892.90 profit=0.047874 age=849ms
[22:02:55.591] [INFO] [EXEC] RECOVERY WAIT hard_sl_pending_recovery (exit_not_blocked)
[22:02:57.091] [OK] [SYNC] order filled detected
[22:02:57.106] [OK] [SYNC] SELL filled on exchange
[22:02:57.106] [OK] [EXEC] FIFO CLOSE qty=0.009480 entry=81893.40 exit=81893.91 pnl=+0.004835
[22:02:57.106] [INFO] [EXEC] CHUNK DRAINED
[22:02:57.106] [OK] [EXEC] REALIZED pnl=+0.004835
[22:02:57.106] [INFO] [EXEC] SELL ACCOUNTING RESET flat
[22:02:57.106] [OK] [EXEC] CYCLE CLOSED pnl=+0.004835
[22:02:57.106] [INFO] [EXEC] SESSION realized=+0.122023 wins=7 losses=1
[22:02:57.106] [INFO] [HEALTH] state=GOOD
[22:02:57.372] [INFO] [EXEC] SELL ACCOUNTING RESET new_cycle
[22:02:57.372] [OK] [EXEC] BUY ORDER SENT orderId=383672752 price=81887.85 qty=0.009480
[22:02:57.372] [OK] [EXEC] PLACE BUY price=81887.85 qty=0.009480
[22:02:57.372] [OK] [PLAN] READY entry=81887.85 exit=81892.90 profit=0.047874 age=890ms
[22:02:58.841] [INFO] [EXEC] ENTRY_REPRICE reason=bid_moved_up old=81887.85 new=81891.71 count=1
[22:02:59.388] [OK] [EXEC] ENTRY_PLACE price=81891.71 qty=0.009480
[22:02:59.970] [OK] [SYNC] order filled detected
[22:02:59.972] [OK] [SYNC] BUY filled on exchange
[22:02:59.972] [OK] [EXEC] BUY FILL UPDATE delta=0.009480 avg=81891.70
[22:02:59.972] [OK] [EXEC] CHUNK ADD qty=0.009480 entry=81891.70
[22:02:59.976] [INFO] [EXEC] CHUNK COUNT n=1
[22:02:59.977] [OK] [EXEC] INVENTORY qty=0.009480
[22:02:59.977] [OK] [EXEC] SELL REQUIRED inventory=0.009480
[22:03:00.231] [INFO] [EXEC] SELL CHECK inventory=0.009480 reported=0.000000 remaining=0.009480 chunks=1
[22:03:00.231] [OK] [EXEC] PLACE SELL price=81896.99 qty=0.009480
[22:03:00.513] [OK] [EXEC] SELL ORDER SENT orderId=383672856
[22:03:00.825] [INFO] [EXEC] RECOVERY WAIT hard_sl_pending_recovery (exit_not_blocked)
[22:03:01.453] [OK] [SYNC] order filled detected
[22:03:01.453] [OK] [SYNC] SELL filled on exchange
[22:03:01.453] [OK] [EXEC] FIFO CLOSE qty=0.009480 entry=81891.70 exit=81896.99 pnl=+0.050149
[22:03:01.453] [INFO] [EXEC] CHUNK DRAINED
[22:03:01.453] [OK] [EXEC] REALIZED pnl=+0.050149
[22:03:01.469] [INFO] [EXEC] SELL ACCOUNTING RESET flat
[22:03:01.469] [OK] [EXEC] CYCLE CLOSED pnl=+0.050149
[22:03:01.469] [INFO] [EXEC] SESSION realized=+0.172172 wins=8 losses=1
[22:03:01.734] [INFO] [EXEC] SELL ACCOUNTING RESET new_cycle
[22:03:01.734] [OK] [EXEC] BUY ORDER SENT orderId=383672949 price=81895.95 qty=0.009480
[22:03:01.734] [OK] [EXEC] PLACE BUY price=81895.95 qty=0.009480
[22:03:01.750] [OK] [PLAN] HOT entry=81895.95 exit=81904.48 profit=0.080864 age=644ms
[22:03:03.245] [OK] [PLAN] READY entry=81896.95 exit=81902.24 profit=0.050149 age=2165ms
[22:03:03.855] [INFO] [EXEC] ENTRY_REPRICE reason=bid_moved_up old=81895.95 new=81898.99 count=1
[22:03:04.378] [OK] [EXEC] ENTRY_PLACE price=81898.99 qty=0.009480
[22:03:04.986] [OK] [SYNC] order filled detected
[22:03:04.986] [OK] [SYNC] BUY filled on exchange
[22:03:04.990] [OK] [EXEC] BUY FILL UPDATE delta=0.009480 avg=81898.98
[22:03:04.992] [OK] [EXEC] CHUNK ADD qty=0.009480 entry=81898.98
[22:03:04.992] [INFO] [EXEC] CHUNK COUNT n=1
[22:03:04.992] [OK] [EXEC] INVENTORY qty=0.009480
[22:03:04.992] [OK] [EXEC] SELL REQUIRED inventory=0.009480
[22:03:05.253] [INFO] [EXEC] SELL CHECK inventory=0.009480 reported=0.000000 remaining=0.009480 chunks=1
[22:03:05.253] [OK] [EXEC] PLACE SELL price=81903.89 qty=0.009480
[22:03:05.534] [OK] [EXEC] SELL ORDER SENT orderId=383673062
[22:03:05.831] [INFO] [EXEC] RECOVERY WAIT hard_sl_pending_recovery (exit_not_blocked)
[22:03:07.361] [OK] [PLAN] HOT entry=81893.46 exit=81902.78 profit=0.088354 age=625ms
[22:03:07.985] [INFO] [EXEC] RECOVERY WAIT hard_sl_pending_recovery (exit_not_blocked)
[22:03:08.237] [OK] [EXEC] FIFO CLOSE qty=0.000070 entry=81898.98 exit=81903.89 pnl=+0.000344
[22:03:08.237] [OK] [EXEC] REALIZED pnl=+0.000344
[22:03:08.253] [OK] [EXEC] SELL PARTIAL delta=0.000070
[22:03:08.253] [OK] [EXEC] INVENTORY remaining=0.009410
[22:03:08.847] [INFO] [EXEC] RECOVERY WAIT hard_sl_pending_recovery (exit_not_blocked)
[22:03:09.580] [OK] [PLAN] READY entry=81891.00 exit=81897.00 profit=0.056880 age=2366ms
[22:03:10.237] [INFO] [EXEC] RECOVERY WAIT hard_sl_pending_recovery (exit_not_blocked)
[22:03:11.112] [INFO] [EXEC] EXIT_STAGE stage=EXIT_CROSS age_ms=5598
[22:03:11.112] [INFO] [EXEC] EXIT_REPRICE reason=stage=EXIT_CROSS
[22:03:11.112] [WARNING] [EXEC] SELL TIMEOUT orderId=383673062
[22:03:11.112] [WARNING] [EXEC] CANCEL SELL orderId=383673062
[22:03:11.643] [INFO] [EXEC] SELL FINAL STATUS status=CANCELED orderId=383673062
[22:03:11.643] [INFO] [EXEC] SELL TIMEOUT check fast_exit
[22:03:11.643] [WARNING] [EXEC] FORCE EXIT hard_sl_triggered
[22:03:11.643] [ERROR] [EXEC] HARD SL triggered
[22:03:11.643] [WARNING] [EXEC] PANIC EXIT sl_mode
[22:03:11.643] [WARNING] [EXEC] FORCE EXIT price=81893.00
[22:03:11.643] [OK] [EXEC] PLACE SELL price=81893.00 qty=0.009410
[22:03:11.910] [WARNING] [EXEC] PANIC START price=81893.00
[22:03:11.910] [OK] [EXEC] SELL ORDER SENT orderId=383673324
[22:03:12.768] [OK] [EXEC] FIFO CLOSE qty=0.009410 entry=81898.98 exit=81893.00 pnl=-0.056272
[22:03:12.768] [INFO] [EXEC] CHUNK DRAINED
[22:03:12.768] [OK] [EXEC] REALIZED pnl=-0.056272
[22:03:12.768] [INFO] [EXEC] SELL ACCOUNTING RESET flat
[22:03:12.768] [OK] [EXEC] CYCLE CLOSED pnl=-0.055928
[22:03:12.768] [INFO] [EXEC] SESSION realized=+0.116244 wins=8 losses=2
[22:03:12.768] [OK] [EXEC] EXIT_FILLED
[22:03:12.768] [INFO] [EXEC] SELL ACCOUNTING RESET flat
[22:03:12.768] [INFO] [EXEC] CYCLE SKIP no_fifo_pnl
[22:03:12.768] [OK] [EXEC] SELL FILLED id=383673324
[22:03:12.768] [OK] [EXEC] SELL FILLED qty=0.009410 remaining=0.000000
[22:03:12.768] [INFO] [EXEC] SELL ACCOUNTING RESET inventory_drained
[22:03:12.768] [INFO] [EXEC] INVENTORY DRAINED epsilon_cleanup qty=0.000000
[22:03:12.783] [INFO] [EXEC] SELL ACCOUNTING RESET flat
[22:03:12.783] [INFO] [EXEC] CYCLE SKIP no_fifo_pnl
[22:03:13.455] [INFO] [HEALTH] state=GOOD
[22:03:13.705] [INFO] [EXEC] SELL ACCOUNTING RESET new_cycle
[22:03:13.721] [OK] [EXEC] BUY ORDER SENT orderId=383673392 price=81891.52 qty=0.009480
[22:03:13.721] [OK] [EXEC] PLACE BUY price=81891.52 qty=0.009480
[22:03:14.007] [OK] [SYNC] order filled detected
[22:03:14.007] [OK] [SYNC] BUY filled on exchange
[22:03:14.007] [OK] [EXEC] BUY FILL UPDATE delta=0.009480 avg=81891.52
[22:03:14.007] [OK] [EXEC] CHUNK ADD qty=0.009480 entry=81891.52
[22:03:14.023] [INFO] [EXEC] CHUNK COUNT n=1
[22:03:14.023] [OK] [EXEC] INVENTORY qty=0.009480
[22:03:14.023] [OK] [EXEC] SELL REQUIRED inventory=0.009480
[22:03:14.611] [INFO] [EXEC] SELL CHECK inventory=0.009480 reported=0.000000 remaining=0.009480 chunks=1
[22:03:14.611] [OK] [EXEC] PLACE SELL price=81895.50 qty=0.009480
[22:03:14.879] [OK] [EXEC] SELL ORDER SENT orderId=383673438
[22:03:14.884] [OK] [PLAN] READY entry=81889.37 exit=81895.50 profit=0.058112 age=875ms
[22:03:15.221] [INFO] [EXEC] RECOVERY WAIT hard_sl_pending_recovery (exit_not_blocked)
[22:03:19.720] [OK] [SYNC] order filled detected
[22:03:19.720] [OK] [SYNC] SELL filled on exchange
[22:03:19.720] [OK] [EXEC] FIFO CLOSE qty=0.009480 entry=81891.52 exit=81895.50 pnl=+0.037730
[22:03:19.735] [INFO] [EXEC] CHUNK DRAINED
[22:03:19.735] [OK] [EXEC] REALIZED pnl=+0.037730
[22:03:19.735] [INFO] [EXEC] SELL ACCOUNTING RESET flat
[22:03:19.735] [OK] [EXEC] CYCLE CLOSED pnl=+0.037730
[22:03:19.735] [INFO] [EXEC] SESSION realized=+0.153975 wins=9 losses=2
[22:03:20.220] [INFO] [HEALTH] state=GOOD
[22:03:20.470] [INFO] [EXEC] SELL ACCOUNTING RESET new_cycle
[22:03:20.486] [OK] [EXEC] BUY ORDER SENT orderId=383673516 price=81893.84 qty=0.009480
[22:03:20.486] [OK] [EXEC] PLACE BUY price=81893.84 qty=0.009480
[22:03:22.235] [INFO] [EXEC] ENTRY_REPRICE reason=wide_spread_cross old=81893.84 new=81899.20 count=1
[22:03:22.797] [OK] [EXEC] ENTRY_PLACE price=81899.20 qty=0.009480
[22:03:23.360] [OK] [PLAN] READY entry=81907.00 exit=81913.00 profit=0.056880 age=1106ms
[22:03:24.251] [INFO] [EXEC] ENTRY_REPRICE reason=bid_moved_up old=81899.20 new=81906.57 count=2
[22:03:24.782] [OK] [EXEC] ENTRY_PLACE price=81906.57 qty=0.009480
[22:03:25.376] [WARNING] [EXEC] BUY TIMEOUT orderId=383673707
[22:03:25.376] [WARNING] [EXEC] CANCEL BUY orderId=383673707
[22:03:25.641] [OK] [EXEC] BUY CANCELED confirmed
[22:03:26.375] [INFO] [EXEC] BUY FINAL STATUS status=FILLED orderId=383673707
[22:03:26.391] [OK] [EXEC] BUY FILL UPDATE delta=0.009480 avg=81906.56
[22:03:26.391] [OK] [EXEC] CHUNK ADD qty=0.009480 entry=81906.56
[22:03:26.391] [INFO] [EXEC] CHUNK COUNT n=1
[22:03:26.391] [OK] [EXEC] INVENTORY qty=0.009480
[22:03:26.391] [OK] [EXEC] SELL REQUIRED inventory=0.009480
[22:03:26.391] [OK] [EXEC] BUY FILLED during cancel
[22:03:26.391] [OK] [EXEC] BUY FILLED id=383673707
[22:03:27.469] [OK] [SYNC] order filled detected
[22:03:27.469] [OK] [SYNC] BUY filled on exchange
[22:03:27.469] [INFO] [EXEC] SELL CHECK inventory=0.009480 reported=0.000000 remaining=0.009480 chunks=1
[22:03:27.469] [OK] [EXEC] PLACE SELL price=81912.99 qty=0.009480
[22:03:27.766] [OK] [EXEC] SELL ORDER SENT orderId=383673787
[22:03:28.609] [INFO] [EXEC] RECOVERY WAIT hard_sl_pending_recovery (exit_not_blocked)
[22:03:29.344] [OK] [PLAN] READY entry=81904.91 exit=81910.45 profit=0.052519 age=2140ms
[22:03:29.469] [INFO] [EXEC] RECOVERY WAIT hard_sl_pending_recovery (exit_not_blocked)
[22:03:32.765] [OK] [SYNC] order filled detected
[22:03:32.765] [OK] [SYNC] SELL filled on exchange
[22:03:32.765] [OK] [EXEC] FIFO CLOSE qty=0.009480 entry=81906.56 exit=81912.99 pnl=+0.060956
[22:03:32.765] [INFO] [EXEC] CHUNK DRAINED
[22:03:32.765] [OK] [EXEC] REALIZED pnl=+0.060956
[22:03:32.765] [INFO] [EXEC] SELL ACCOUNTING RESET flat
[22:03:32.765] [OK] [EXEC] CYCLE CLOSED pnl=+0.060956
[22:03:32.765] [INFO] [EXEC] SESSION realized=+0.214931 wins=10 losses=2
[22:03:32.765] [INFO] [HEALTH] state=GOOD
[22:03:33.027] [INFO] [EXEC] SELL ACCOUNTING RESET new_cycle
[22:03:33.043] [OK] [EXEC] BUY ORDER SENT orderId=383674063 price=81883.00 qty=0.009480
[22:03:33.043] [OK] [EXEC] PLACE BUY price=81883.00 qty=0.009480
[22:03:33.654] [OK] [PLAN] HOT entry=81903.78 exit=81912.49 profit=0.082571 age=608ms
[22:03:34.249] [OK] [PLAN] READY entry=81904.83 exit=81911.80 profit=0.066076 age=1224ms
[22:03:35.140] [INFO] [EXEC] ENTRY_REPRICE reason=bid_moved_up old=81883.00 new=81906.01 count=1
[22:03:35.671] [OK] [EXEC] ENTRY_PLACE price=81906.01 qty=0.009480
[22:03:37.640] [OK] [EXEC] BUY FILL UPDATE delta=0.009480 avg=81906.01
[22:03:37.640] [OK] [EXEC] CHUNK ADD qty=0.009480 entry=81906.01
[22:03:37.640] [INFO] [EXEC] CHUNK COUNT n=1
[22:03:37.655] [OK] [EXEC] INVENTORY qty=0.009480
[22:03:37.655] [OK] [EXEC] SELL REQUIRED inventory=0.009480
[22:03:37.655] [OK] [EXEC] BUY PARTIAL delta=0.009480 total=0.009480
[22:03:37.655] [OK] [EXEC] BUY REMAINING qty=0.000000
[22:03:37.655] [OK] [EXEC] BUY FILLED id=383674139
[22:03:38.233] [OK] [SYNC] order filled detected
[22:03:38.233] [OK] [SYNC] BUY filled on exchange
[22:03:38.499] [INFO] [EXEC] SELL CHECK inventory=0.009480 reported=0.000000 remaining=0.009480 chunks=1
[22:03:38.499] [OK] [EXEC] PLACE SELL price=81907.93 qty=0.009480
[22:03:38.764] [OK] [EXEC] SELL ORDER SENT orderId=383674389
[22:03:39.108] [OK] [SYNC] order filled detected
[22:03:39.108] [OK] [SYNC] SELL filled on exchange
[22:03:39.108] [OK] [EXEC] FIFO CLOSE qty=0.009480 entry=81906.01 exit=81912.79 pnl=+0.064274
[22:03:39.108] [INFO] [EXEC] CHUNK DRAINED
[22:03:39.108] [OK] [EXEC] REALIZED pnl=+0.064274
[22:03:39.108] [INFO] [EXEC] SELL ACCOUNTING RESET flat
[22:03:39.124] [OK] [EXEC] CYCLE CLOSED pnl=+0.064274
[22:03:39.124] [INFO] [EXEC] SESSION realized=+0.279205 wins=11 losses=2
[22:03:39.124] [INFO] [HEALTH] state=GOOD
[22:03:39.389] [INFO] [EXEC] SELL ACCOUNTING RESET new_cycle
[22:03:39.389] [OK] [EXEC] BUY ORDER SENT orderId=383674453 price=81927.46 qty=0.009480
[22:03:39.389] [OK] [EXEC] PLACE BUY price=81927.46 qty=0.009480
[22:03:39.389] [OK] [PLAN] HOT entry=81927.46 exit=81941.22 profit=0.130445 age=891ms
[22:03:40.623] [OK] [PLAN] READY entry=81931.24 exit=81937.50 profit=0.059345 age=2125ms
[22:03:41.530] [INFO] [EXEC] ENTRY_REPRICE reason=bid_moved_up old=81927.46 new=81930.25 count=1
[22:03:42.072] [OK] [EXEC] ENTRY_PLACE price=81930.25 qty=0.009480
[22:03:43.295] [INFO] [EXEC] ENTRY_REPRICE reason=bid_moved_up old=81930.25 new=81931.67 count=2
[22:03:43.858] [OK] [EXEC] ENTRY_PLACE price=81931.67 qty=0.009480
[22:03:44.764] [OK] [EXEC] BUY FILL UPDATE delta=0.000470 avg=81931.67
[22:03:44.764] [OK] [EXEC] CHUNK ADD qty=0.000470 entry=81931.67
[22:03:44.764] [INFO] [EXEC] CHUNK COUNT n=1
[22:03:44.764] [OK] [EXEC] INVENTORY qty=0.000470
[22:03:44.764] [OK] [EXEC] SELL REQUIRED inventory=0.000470
[22:03:44.764] [OK] [EXEC] BUY PARTIAL delta=0.000470 total=0.000470
[22:03:44.764] [OK] [EXEC] BUY REMAINING qty=0.009010
[22:03:44.764] [WARNING] [EXEC] BUY TIMEOUT orderId=383674678
[22:03:44.764] [WARNING] [EXEC] CANCEL BUY orderId=383674678
[22:03:45.041] [OK] [EXEC] BUY CANCELED confirmed
[22:03:45.326] [INFO] [EXEC] BUY FINAL STATUS status=CANCELED orderId=383674678
[22:03:45.326] [WARNING] [EXEC] BUY REMAINDER CANCELLED
[22:03:45.326] [INFO] [EXEC] SELL CONTINUES inventory=0.000470
[22:03:45.732] [INFO] [EXEC] SELL CHECK inventory=0.000470 reported=0.000000 remaining=0.000470 chunks=1
[22:03:45.732] [OK] [EXEC] PLACE SELL price=81951.78 qty=0.000470
[22:03:45.994] [OK] [EXEC] SELL ORDER SENT orderId=383674823
[22:03:46.010] [OK] [PLAN] HOT entry=81939.21 exit=81951.78 profit=0.119164 age=984ms
[22:03:49.247] [OK] [PLAN] READY entry=81939.00 exit=81944.99 profit=0.056785 age=4494ms
[22:03:51.372] [INFO] [EXEC] EXIT_STAGE stage=EXIT_CROSS age_ms=5375
[22:03:51.372] [INFO] [EXEC] EXIT_REPRICE reason=stage=EXIT_CROSS
[22:03:51.372] [WARNING] [EXEC] SELL TIMEOUT orderId=383674823
[22:03:51.372] [WARNING] [EXEC] CANCEL SELL orderId=383674823
[22:03:51.912] [INFO] [EXEC] SELL FINAL STATUS status=CANCELED orderId=383674823
[22:03:51.912] [INFO] [EXEC] SELL TIMEOUT check fast_exit
[22:03:51.912] [INFO] [EXEC] FAST SAFE EXIT price=81938.02 entry=81931.67 bid=81938.01
[22:03:51.912] [WARNING] [EXEC] SELL REPRICE old=81951.78 new=81951.77 count=1
[22:03:51.927] [INFO] [EXEC] SELL REPLACE remaining=0.000470
[22:03:51.927] [OK] [EXEC] PLACE SELL price=81951.77 qty=0.000470
[22:03:52.185] [OK] [EXEC] SELL ORDER SENT orderId=383675123
[22:03:56.419] [INFO] [EXEC] EXIT_STAGE stage=EXIT_CROSS age_ms=5030
[22:03:56.419] [INFO] [EXEC] EXIT_REPRICE reason=stage=EXIT_CROSS
[22:03:56.419] [WARNING] [EXEC] SELL TIMEOUT orderId=383675123
[22:03:56.419] [WARNING] [EXEC] CANCEL SELL orderId=383675123
[22:03:56.956] [INFO] [EXEC] SELL FINAL STATUS status=CANCELED orderId=383675123
[22:03:56.957] [INFO] [EXEC] SELL TIMEOUT check fast_exit
[22:03:56.957] [INFO] [EXEC] FAST SAFE EXIT price=81938.01 entry=81931.67 bid=81938.00
[22:03:56.962] [WARNING] [EXEC] SELL REPRICE old=81951.77 new=81951.76 count=2
[22:03:56.962] [INFO] [EXEC] SELL REPLACE remaining=0.000470
[22:03:56.962] [OK] [EXEC] PLACE SELL price=81951.76 qty=0.000470
[22:03:57.231] [OK] [EXEC] SELL ORDER SENT orderId=383675342
[22:03:57.246] [INFO] [EXEC] RECOVERY WAIT hard_sl_pending_recovery (exit_not_blocked)
[22:03:57.559] [OK] [PLAN] HOT entry=81931.01 exit=81942.84 profit=0.112148 age=12748ms
[22:03:58.644] [INFO] [EXEC] RECOVERY WAIT hard_sl_pending_recovery (exit_not_blocked)
[22:04:01.660] [INFO] [EXEC] EXIT_STAGE stage=EXIT_CROSS age_ms=5257
[22:04:01.660] [INFO] [EXEC] EXIT_REPRICE reason=stage=EXIT_CROSS
[22:04:01.660] [WARNING] [EXEC] SELL TIMEOUT orderId=383675342
[22:04:01.676] [WARNING] [EXEC] CANCEL SELL orderId=383675342
[22:04:02.205] [INFO] [EXEC] SELL FINAL STATUS status=CANCELED orderId=383675342
[22:04:02.205] [INFO] [EXEC] SELL TIMEOUT check fast_exit
[22:04:02.205] [WARNING] [EXEC] FORCE EXIT hard_sl_triggered
[22:04:02.205] [ERROR] [EXEC] HARD SL triggered
[22:04:02.221] [WARNING] [EXEC] PANIC EXIT sl_mode
[22:04:02.221] [WARNING] [EXEC] FORCE EXIT price=81925.97
[22:04:02.221] [OK] [EXEC] PLACE SELL price=81925.97 qty=0.000470
[22:04:02.487] [WARNING] [EXEC] PANIC START price=81925.97
[22:04:02.487] [OK] [EXEC] SELL ORDER SENT orderId=383675675
[22:04:03.910] [OK] [PLAN] READY entry=81907.00 exit=81913.00 profit=0.056880 age=19145ms
[22:04:06.039] [OK] [PLAN] HOT entry=81893.83 exit=81912.95 profit=0.181258 age=21270ms
[22:04:07.548] [WARNING] [EXEC] PANIC WAIT still_open orderId=383675675
[22:04:07.548] [WARNING] [EXEC] PANIC HOLD active orderId=383675675
[22:04:10.657] [WARNING] [EXEC] PANIC WAIT still_open orderId=383675675
[22:04:10.673] [WARNING] [EXEC] PANIC HOLD active orderId=383675675
[22:04:11.023] [OK] [SYNC] order filled detected
[22:04:11.023] [OK] [SYNC] SELL filled on exchange
[22:04:11.023] [OK] [EXEC] FIFO CLOSE qty=0.000470 entry=81931.67 exit=81925.97 pnl=-0.002679
[22:04:11.023] [INFO] [EXEC] CHUNK DRAINED
[22:04:11.038] [OK] [EXEC] REALIZED pnl=-0.002679
[22:04:11.038] [INFO] [EXEC] SELL ACCOUNTING RESET flat
[22:04:11.038] [OK] [EXEC] CYCLE CLOSED pnl=-0.002679
[22:04:11.038] [INFO] [EXEC] SESSION realized=+0.276526 wins=11 losses=3
[22:04:11.038] [INFO] [HEALTH] state=GOOD
[22:04:11.038] [WARNING] [EXEC] BLOCK_BUY reason=cooldown_loss_cycle mode=FAST ws_age=297 spread=7.97 stable=1/1 mid_delta=0.00 bid_delta=0.00
[22:04:11.038] [OK] [PLAN] READY entry=81907.03 exit=81913.00 profit=0.056596 age=26540ms
[22:04:12.022] [INFO] [EXEC] SELL ACCOUNTING RESET new_cycle
[22:04:12.022] [OK] [EXEC] BUY ORDER SENT orderId=383676335 price=81913.79 qty=0.009480
[22:04:12.022] [OK] [EXEC] PLACE BUY price=81913.79 qty=0.009480
[22:04:12.298] [OK] [SYNC] order filled detected
[22:04:12.298] [OK] [SYNC] BUY filled on exchange
[22:04:12.298] [OK] [EXEC] BUY FILL UPDATE delta=0.009480 avg=81913.79
[22:04:12.298] [OK] [EXEC] CHUNK ADD qty=0.009480 entry=81913.79
[22:04:12.298] [INFO] [EXEC] CHUNK COUNT n=1
[22:04:12.298] [OK] [EXEC] INVENTORY qty=0.009480
[22:04:12.298] [OK] [EXEC] SELL REQUIRED inventory=0.009480
[22:04:12.767] [INFO] [EXEC] SELL CHECK inventory=0.009480 reported=0.000000 remaining=0.009480 chunks=1
[22:04:12.767] [OK] [EXEC] PLACE SELL price=81915.81 qty=0.009480
[22:04:13.038] [OK] [EXEC] SELL ORDER SENT orderId=383676436
[22:04:13.038] [OK] [PLAN] HOT entry=81907.01 exit=81915.81 profit=0.083424 age=28019ms
[22:04:13.313] [OK] [SYNC] order filled detected
[22:04:13.313] [OK] [SYNC] SELL filled on exchange
[22:04:13.313] [OK] [EXEC] FIFO CLOSE qty=0.009480 entry=81913.79 exit=81915.81 pnl=+0.019150
[22:04:13.313] [INFO] [EXEC] CHUNK DRAINED
[22:04:13.313] [OK] [EXEC] REALIZED pnl=+0.019150
[22:04:13.329] [INFO] [EXEC] SELL ACCOUNTING RESET flat
[22:04:13.329] [OK] [EXEC] CYCLE CLOSED pnl=+0.019150
[22:04:13.329] [INFO] [EXEC] SESSION realized=+0.295676 wins=12 losses=3
[22:04:16.022] [INFO] [EXEC] SELL ACCOUNTING RESET new_cycle
[22:04:16.022] [OK] [EXEC] BUY ORDER SENT orderId=383676534 price=81915.01 qty=0.009480
[22:04:16.037] [OK] [EXEC] PLACE BUY price=81915.01 qty=0.009480
[22:04:16.924] [OK] [PLAN] HOT entry=81916.95 exit=81939.00 profit=0.209034 age=890ms
[22:04:17.811] [INFO] [EXEC] ENTRY_REPRICE reason=bid_moved_up old=81915.01 new=81934.34 count=1
[22:04:18.345] [OK] [EXEC] ENTRY_PLACE price=81934.34 qty=0.009480
[22:04:20.094] [INFO] [EXEC] ENTRY_REPRICE reason=wide_spread_cross old=81934.34 new=81934.37 count=2
[22:04:20.656] [OK] [EXEC] ENTRY_PLACE price=81934.37 qty=0.009480
[22:04:20.656] [OK] [PLAN] HOT entry=81935.35 exit=81943.54 profit=0.077641 age=937ms
[22:04:21.297] [WARNING] [EXEC] BUY TIMEOUT orderId=383676753
[22:04:21.297] [WARNING] [EXEC] CANCEL BUY orderId=383676753
[22:04:21.578] [OK] [EXEC] BUY CANCELED confirmed
[22:04:21.828] [INFO] [EXEC] BUY FINAL STATUS status=CANCELED orderId=383676753
[22:04:21.844] [WARNING] [EXEC] BLOCK reason=buy_not_filled
[22:04:22.157] [INFO] [HEALTH] state=GOOD
[22:04:22.422] [INFO] [EXEC] SELL ACCOUNTING RESET new_cycle
[22:04:22.422] [OK] [EXEC] BUY ORDER SENT orderId=383676786 price=81942.02 qty=0.009480
[22:04:22.422] [OK] [EXEC] PLACE BUY price=81942.02 qty=0.009480
[22:04:23.070] [OK] [PLAN] READY entry=81943.03 exit=81950.05 profit=0.066550 age=3890ms
[22:04:23.670] [OK] [EXEC] BUY FILL UPDATE delta=0.009480 avg=81942.02
[22:04:23.686] [OK] [EXEC] CHUNK ADD qty=0.009480 entry=81942.02
[22:04:23.686] [INFO] [EXEC] CHUNK COUNT n=1
[22:04:23.686] [OK] [EXEC] INVENTORY qty=0.009480
[22:04:23.686] [OK] [EXEC] SELL REQUIRED inventory=0.009480
[22:04:23.686] [OK] [EXEC] BUY PARTIAL delta=0.009480 total=0.009480
[22:04:23.686] [OK] [EXEC] BUY REMAINING qty=0.000000
[22:04:23.686] [OK] [EXEC] BUY FILLED id=383676786
[22:04:23.686] [OK] [PLAN] HOT entry=81943.03 exit=81950.79 profit=0.073565 age=4513ms
[22:04:24.027] [OK] [SYNC] order filled detected
[22:04:24.043] [OK] [SYNC] BUY filled on exchange
[22:04:24.297] [INFO] [EXEC] SELL CHECK inventory=0.009480 reported=0.000000 remaining=0.009480 chunks=1
[22:04:24.297] [OK] [EXEC] PLACE SELL price=81946.10 qty=0.009480
[22:04:24.578] [OK] [EXEC] SELL ORDER SENT orderId=383676890
[22:04:24.923] [INFO] [EXEC] RECOVERY WAIT hard_sl_pending_recovery (exit_not_blocked)
[22:04:25.812] [OK] [PLAN] READY entry=81931.01 exit=81937.00 profit=0.056785 age=6639ms
[22:04:26.171] [INFO] [EXEC] RECOVERY WAIT hard_sl_pending_recovery (exit_not_blocked)
[22:04:27.344] [OK] [PLAN] HOT entry=81920.00 exit=81937.00 profit=0.161160 age=8159ms
[22:04:27.672] [INFO] [EXEC] RECOVERY WAIT hard_sl_pending_recovery (exit_not_blocked)
[22:04:30.171] [INFO] [EXEC] EXIT_STAGE stage=EXIT_CROSS age_ms=5139
[22:04:30.171] [INFO] [EXEC] EXIT_REPRICE reason=stage=EXIT_CROSS
[22:04:30.187] [WARNING] [EXEC] SELL TIMEOUT orderId=383676890
[22:04:30.187] [WARNING] [EXEC] CANCEL SELL orderId=383676890
[22:04:31.202] [INFO] [EXEC] SELL FINAL STATUS status=CANCELED orderId=383676890
[22:04:31.202] [INFO] [EXEC] SELL TIMEOUT check fast_exit
[22:04:31.202] [WARNING] [EXEC] FORCE EXIT hard_sl_triggered
[22:04:31.202] [ERROR] [EXEC] HARD SL triggered
[22:04:31.202] [WARNING] [EXEC] PANIC EXIT sl_mode
[22:04:31.202] [WARNING] [EXEC] FORCE EXIT price=81945.00
[22:04:31.202] [OK] [EXEC] PLACE SELL price=81945.00 qty=0.009480
[22:04:31.468] [WARNING] [EXEC] PANIC START price=81945.00
[22:04:31.468] [OK] [EXEC] SELL ORDER SENT orderId=383677055
[22:04:32.373] [OK] [PLAN] READY entry=81931.01 exit=81937.00 profit=0.056785 age=2650ms
[22:04:33.405] [OK] [PLAN] HOT entry=81918.91 exit=81937.00 profit=0.171493 age=3719ms
[22:04:34.842] [WARNING] [EXEC] PANIC WAIT still_open orderId=383677055
[22:04:34.847] [WARNING] [EXEC] PANIC HOLD active orderId=383677055
[22:04:35.451] [OK] [PLAN] READY entry=81923.01 exit=81928.05 profit=0.047779 age=5750ms
[22:04:36.071] [WARNING] [EXEC] PANIC HOLD active orderId=383677055
[22:04:37.545] [OK] [PLAN] HOT entry=81918.80 exit=81929.00 profit=0.096696 age=7859ms
[22:04:38.401] [WARNING] [EXEC] PANIC WAIT still_open orderId=383677055
[22:04:38.402] [WARNING] [EXEC] PANIC HOLD active orderId=383677055
[22:04:39.230] [OK] [PLAN] READY entry=81918.81 exit=81924.95 profit=0.058207 age=9530ms
[22:04:39.835] [WARNING] [EXEC] PANIC HOLD active orderId=383677055
[22:04:39.842] [OK] [PLAN] HOT entry=81915.00 exit=81929.00 profit=0.132720 age=10142ms
[22:04:40.473] [WARNING] [EXEC] PANIC HOLD active orderId=383677055
[22:04:41.984] [WARNING] [EXEC] PANIC WAIT still_open orderId=383677055
[22:04:41.991] [WARNING] [EXEC] PANIC HOLD active orderId=383677055
[22:04:42.602] [OK] [PLAN] READY entry=81911.01 exit=81917.74 profit=0.063800 age=627ms
[22:04:43.493] [WARNING] [EXEC] PANIC HOLD active orderId=383677055
[22:04:43.501] [OK] [PLAN] HOT entry=81911.00 exit=81919.75 profit=0.082950 age=1518ms
[22:04:44.583] [WARNING] [EXEC] PANIC HOLD active orderId=383677055
[22:04:45.224] [WARNING] [EXEC] PANIC WAIT still_open orderId=383677055
[22:04:45.226] [WARNING] [EXEC] PANIC HOLD active orderId=383677055
[22:04:46.109] [OK] [PLAN] READY entry=81913.87 exit=81921.00 profit=0.067592 age=4138ms
[22:04:47.202] [WARNING] [EXEC] PANIC HOLD active orderId=383677055
[22:04:47.855] [OK] [PLAN] HOT entry=81914.09 exit=81924.34 profit=0.097170 age=5884ms
[22:04:48.584] [WARNING] [EXEC] PANIC WAIT still_open orderId=383677055
[22:04:48.588] [WARNING] [EXEC] PANIC HOLD active orderId=383677055
[22:04:48.591] [OK] [PLAN] READY entry=81915.11 exit=81921.00 profit=0.055837 age=6616ms
[22:04:49.722] [WARNING] [EXEC] EXIT_FAIL reason=max_hold_exceeded force_exit
[22:05:27.178] [INFO] START_CLICK received enabled=True api_ready=True running=True
[22:05:27.526] [WARNING] cancel all requested
[22:05:27.528] [WARNING] [EXEC] STOP canceled panic order, position remains open
[22:05:28.343] [WARNING] [SYNC] desync fixed
[22:05:28.346] [WARNING] [EXEC] STOP with open inventory qty=0.009480
[22:05:28.348] [WARNING] STOP
