[18:04:44.642] [OK] filters loaded
[18:04:45.847] [OK] [PLAN] READY entry=81994.95 exit=81998.00 profit=0.743926 age=320ms
[18:04:46.644] [OK] [PLAN] HOT entry=81988.02 exit=81998.00 profit=2.434421 age=1117ms
[18:04:47.185] [EXCHANGE] symbol=BTCU base=BTC quote=U status=TRADING permissions=[]
[18:04:47.190] [OK] START
[18:04:47.195] [INFO] [EXEC] LIVE ON
[18:04:47.198] [INFO] [EXEC] WAIT READY
[18:04:47.200] [WARNING] [HEALTH] unstable_spread lifetime=0
[18:04:47.202] [WARNING] [EXEC] BLOCK reason=market_health_bad
[18:04:47.996] [WS] primary url=wss://stream.binance.com:9443/ws/btcu@bookTicker
[18:04:47.999] [WS] connecting primary
[18:04:48.582] [INFO] [EXEC] SELL ACCOUNTING RESET new_cycle
[18:04:48.586] [OK] [EXEC] BUY ORDER SENT orderId=383171955 price=81988.02 qty=0.243930
[18:04:48.588] [OK] [EXEC] PLACE BUY price=81988.02 qty=0.243930
[18:04:49.650] [WS] connected
[18:04:49.651] [WS] LIVE bid=81995.13 ask=82000.00
[18:04:51.038] [OK] [EXEC] BUY FILL UPDATE delta=0.243930 avg=81988.02
[18:04:51.041] [OK] [EXEC] CHUNK ADD qty=0.243930 entry=81988.02
[18:04:51.043] [INFO] [EXEC] CHUNK COUNT n=1
[18:04:51.046] [OK] [EXEC] INVENTORY qty=0.243930
[18:04:51.050] [OK] [EXEC] SELL REQUIRED inventory=0.243930
[18:04:51.052] [OK] [EXEC] BUY PARTIAL delta=0.243930 total=0.243930
[18:04:51.053] [OK] [EXEC] BUY REMAINING qty=0.000000
[18:04:51.056] [OK] [EXEC] BUY FILLED id=383171955
[18:04:51.602] [OK] [SYNC] order filled detected
[18:04:51.605] [OK] [SYNC] BUY filled on exchange
[18:04:51.873] [INFO] [EXEC] ADOPT SELL orderId=383165070 qty=0.244050 price=82000.00
[18:04:52.401] [INFO] [EXEC] RECOVERY WAIT hard_sl_pending_recovery
[18:04:52.666] [OK] [EXEC] FIFO CLOSE qty=0.100580 entry=81988.02 exit=82000.00 pnl=+1.204948
[18:04:52.669] [OK] [EXEC] REALIZED pnl=+1.204948
[18:04:52.671] [OK] [EXEC] SELL PARTIAL delta=0.100580
[18:04:52.672] [OK] [EXEC] INVENTORY remaining=0.143350
[18:04:52.673] [WARNING] [EXEC] SELL TIMEOUT orderId=383165070
[18:04:52.674] [WARNING] [EXEC] CANCEL SELL orderId=383165070
[18:04:53.215] [INFO] [EXEC] SELL FINAL STATUS status=CANCELED orderId=383165070
[18:04:53.218] [INFO] [EXEC] SELL TIMEOUT check fast_exit
[18:04:53.221] [WARNING] [EXEC] FORCE EXIT hard_sl_triggered
[18:04:53.223] [ERROR] [EXEC] HARD SL triggered
[18:04:53.225] [WARNING] [EXEC] PANIC EXIT sl_mode
[18:04:53.227] [WARNING] [EXEC] FORCE EXIT price=81998.01
[18:04:53.228] [OK] [EXEC] PLACE SELL price=81998.01 qty=0.143350
[18:04:53.495] [WARNING] [EXEC] PANIC START price=81998.01
[18:04:53.498] [OK] [EXEC] SELL ORDER SENT orderId=383172272
[18:04:54.871] [WS] LIVE bid=81988.38 ask=81994.00
[18:04:55.675] [WARNING] [EXEC] PANIC WAIT still_open orderId=383172272
[18:04:55.678] [WARNING] [EXEC] PANIC HOLD active orderId=383172272
[18:04:55.681] [WARNING] [EXEC] BLOCK reason=balance_low
[18:04:57.218] [WARNING] [EXEC] PANIC HOLD active orderId=383172272
[18:04:58.697] [WARNING] [EXEC] PANIC WAIT still_open orderId=383172272
[18:04:58.702] [WARNING] [EXEC] PANIC HOLD active orderId=383172272
[18:04:59.231] [WS] LIVE bid=81990.73 ask=81994.00
[18:04:59.544] [WARNING] [EXEC] PANIC HOLD active orderId=383172272
[18:05:00.894] [OK] [SYNC] order filled detected
[18:05:00.895] [OK] [SYNC] SELL filled on exchange
[18:05:00.895] [OK] [EXEC] FIFO CLOSE qty=0.143350 entry=81988.02 exit=81998.01 pnl=+1.432067
[18:05:00.896] [INFO] [EXEC] CHUNK DRAINED
[18:05:00.896] [OK] [EXEC] REALIZED pnl=+1.432067
[18:05:00.897] [INFO] [EXEC] SELL ACCOUNTING RESET flat
[18:05:00.898] [OK] [EXEC] CYCLE CLOSED pnl=+2.637015
[18:05:00.898] [INFO] [EXEC] SESSION realized=+2.637015 wins=1 losses=0
[18:05:01.730] [WARNING] [EXEC] BLOCK reason=balance_low
[18:05:04.022] [WS] LIVE bid=81994.73 ask=82001.99
[18:05:09.269] [WS] LIVE bid=81986.00 ask=81999.96
[18:05:14.351] [WS] LIVE bid=81986.00 ask=81994.00
[18:05:16.057] [WARNING] [EXEC] BLOCK reason=balance_low
[18:05:19.484] [WS] LIVE bid=81968.06 ask=81975.71
[18:05:25.920] [WS] LIVE bid=81978.01 ask=81988.89
[18:05:31.886] [WS] LIVE bid=81980.88 ask=81990.90
[18:05:36.753] [WARNING] cancel all requested
[18:05:36.757] [WARNING] STOP
[18:05:37.520] [WS] stale/lost
