[15:13:41.159] [OK] filters loaded
[15:14:22.867] [OK] [SETTINGS] settings saved
[15:14:24.159] [INFO] START_CLICK received enabled=True api_ready=True running=False
[15:14:24.159] [INFO] START_SETTINGS live_enabled=True guard_mode=FAST entry_mode=AGGRESSIVE exit_engine=True order_size=4000.0
[15:14:24.160] [INFO] START_PROFILE order_size=4000.0 min_spread=7.0 guard_mode=FAST entry_mode=AGGRESSIVE sell_timeout=2200 far_sell_ticks=30 taker_exit_after_ms=1600
[15:14:24.161] [INFO] SETTINGS_MERGE_PRESERVE existing_values=true missing_added=5
[15:14:24.753] [EXCHANGE] symbol=BTCU base=BTC quote=U status=TRADING permissions=[]
[15:14:24.761] [OK] START
[15:14:24.763] [OK] START_OK runtime_started
[15:14:24.764] [INFO] [EXEC] GRID_PARALLEL_START levels=20 budget=5000.00
[15:14:24.767] [INFO] [EXEC] GRID_BUDGET_ALLOC levels=20 budget=5000.00 per_level=250.00
[15:14:24.770] [INFO] [EXEC] GRID_LEVEL_CREATE level_id=1 buy=80577.81000000 qty=0.00310000
[15:14:24.773] [INFO] [EXEC] GRID_LEVEL_CREATE level_id=2 buy=80577.61000000 qty=0.00310000
[15:14:24.775] [INFO] [EXEC] GRID_LEVEL_CREATE level_id=3 buy=80577.40000000 qty=0.00310000
[15:14:24.778] [INFO] [EXEC] GRID_LEVEL_CREATE level_id=4 buy=80577.20000000 qty=0.00310000
[15:14:24.780] [INFO] [EXEC] GRID_LEVEL_CREATE level_id=5 buy=80577.01000000 qty=0.00310000
[15:14:24.782] [INFO] [EXEC] GRID_LEVEL_CREATE level_id=6 buy=80576.81000000 qty=0.00310000
[15:14:24.783] [INFO] [EXEC] GRID_LEVEL_CREATE level_id=7 buy=80576.61000000 qty=0.00310000
[15:14:24.785] [INFO] [EXEC] GRID_LEVEL_CREATE level_id=8 buy=80576.40000000 qty=0.00310000
[15:14:24.787] [INFO] [EXEC] GRID_LEVEL_CREATE level_id=9 buy=80576.20000000 qty=0.00310000
[15:14:24.788] [INFO] [EXEC] GRID_LEVEL_CREATE level_id=10 buy=80576.01000000 qty=0.00310000
[15:14:24.789] [INFO] [EXEC] GRID_LEVEL_CREATE level_id=11 buy=80575.81000000 qty=0.00310000
[15:14:24.790] [INFO] [EXEC] GRID_LEVEL_CREATE level_id=12 buy=80575.61000000 qty=0.00310000
[15:14:24.791] [INFO] [EXEC] GRID_LEVEL_CREATE level_id=13 buy=80575.40000000 qty=0.00310000
[15:14:24.792] [INFO] [EXEC] GRID_LEVEL_CREATE level_id=14 buy=80575.20000000 qty=0.00310000
[15:14:24.794] [INFO] [EXEC] GRID_LEVEL_CREATE level_id=15 buy=80575.01000000 qty=0.00310000
[15:14:24.795] [INFO] [EXEC] GRID_LEVEL_CREATE level_id=16 buy=80574.81000000 qty=0.00310000
[15:14:24.796] [INFO] [EXEC] GRID_LEVEL_CREATE level_id=17 buy=80574.61000000 qty=0.00310000
[15:14:24.797] [INFO] [EXEC] GRID_LEVEL_CREATE level_id=18 buy=80574.40000000 qty=0.00310000
[15:14:24.798] [INFO] [EXEC] GRID_LEVEL_CREATE level_id=19 buy=80574.20000000 qty=0.00310000
[15:14:24.799] [INFO] [EXEC] GRID_LEVEL_CREATE level_id=20 buy=80574.01000000 qty=0.00310000
[15:14:25.351] [INFO] [EXEC] LIVE ON
[15:14:25.353] [INFO] [EXEC] WAIT READY
[15:14:25.354] [WARNING] [HEALTH] block spread_too_young lifetime=0
[15:14:25.355] [WARNING] [HEALTH] unstable_spread lifetime=0
[15:14:25.357] [WARNING] [EXEC] BLOCK_BUY reason=ws_stale mode=FAST ws_age=None spread=10.43 stable=1/1 mid_delta=0.00 bid_delta=0.00
[15:14:25.674] [WS] primary url=wss://stream.binance.com:9443/ws/btcu@bookTicker
[15:14:25.675] [WS] connecting primary
[15:14:26.235] [OK] [PLAN] HOT entry=80575.01 exit=80585.44 profit=0.517745 age=880ms
[15:14:26.587] [WS] connected
[15:14:26.628] [INFO] [EXEC] GRID_LEVEL_WAIT_BUY level_id=1 price=80577.81 qty=0.003100
[15:14:27.425] [INFO] [EXEC] SELL ACCOUNTING RESET new_cycle
[15:14:27.431] [INFO] [EXEC] GRID_BUY_PLACED level_id=1 order_id=386017400
[15:14:27.436] [OK] [EXEC] BUY ORDER SENT orderId=386017400 price=80577.81 qty=0.003100
[15:14:27.438] [OK] [EXEC] PLACE BUY price=80577.81 qty=0.003100
[15:14:28.245] [OK] [SYNC] order filled detected
[15:14:28.249] [OK] [SYNC] BUY filled on exchange
[15:14:28.250] [OK] [EXEC] BUY FILL UPDATE delta=0.003100 avg=80577.81
[15:14:28.253] [OK] [EXEC] CHUNK ADD qty=0.003100 entry=80577.81
[15:14:28.255] [INFO] [EXEC] CHUNK COUNT n=1
[15:14:28.258] [OK] [EXEC] INVENTORY qty=0.003100
[15:14:28.260] [OK] [EXEC] SELL REQUIRED inventory=0.003100
[15:14:29.473] [INFO] [EXEC] SELL CHECK inventory=0.003100 reported=0.000000 remaining=0.003090 chunks=1
[15:14:29.477] [INFO] [EXEC] PLACE_SELL_SOURCE source=plan price=80577.99
[15:14:29.480] [OK] [EXEC] PLACE SELL price=80577.99 qty=0.003090
[15:14:29.754] [OK] [EXEC] SELL ORDER SENT orderId=386017551
[15:14:30.481] [OK] [SYNC] order filled detected
[15:14:30.483] [OK] [SYNC] SELL filled on exchange
[15:14:30.484] [OK] [EXEC] FIFO CLOSE qty=0.003090 entry=80577.81 exit=80577.99 pnl=+0.000556
[15:14:30.487] [INFO] [EXEC] CHUNK DRAINED
[15:14:30.490] [INFO] [EXEC] GRID_LEVEL_RECYCLED level_id=1
[15:14:30.492] [OK] [EXEC] REALIZED pnl=+0.000556
[15:14:30.495] [INFO] [EXEC] SELL ACCOUNTING RESET flat
[15:14:30.497] [OK] [EXEC] CYCLE CLOSED pnl=+0.000556
[15:14:30.499] [INFO] [EXEC] SESSION realized=+0.000556 wins=1 losses=0
[15:14:31.138] [INFO] [HEALTH] state=GOOD
[15:14:31.139] [INFO] [EXEC] GRID_LEVEL_WAIT_BUY level_id=1 price=80577.81 qty=0.003100
[15:14:31.507] [INFO] [EXEC] SELL ACCOUNTING RESET new_cycle
[15:14:31.509] [INFO] [EXEC] GRID_BUY_PLACED level_id=1 order_id=386017610
[15:14:31.511] [OK] [EXEC] BUY ORDER SENT orderId=386017610 price=80577.81 qty=0.003100
[15:14:31.513] [OK] [EXEC] PLACE BUY price=80577.81 qty=0.003100
[15:14:32.224] [OK] [SYNC] order filled detected
[15:14:32.227] [OK] [SYNC] BUY filled on exchange
[15:14:32.228] [OK] [EXEC] BUY FILL UPDATE delta=0.003100 avg=80577.81
[15:14:32.230] [OK] [EXEC] CHUNK ADD qty=0.003100 entry=80577.81
[15:14:32.233] [INFO] [EXEC] CHUNK COUNT n=1
[15:14:32.236] [OK] [EXEC] INVENTORY qty=0.003100
[15:14:32.239] [OK] [EXEC] SELL REQUIRED inventory=0.003100
[15:14:32.826] [INFO] [EXEC] SELL CHECK inventory=0.003100 reported=0.000000 remaining=0.003090 chunks=1
[15:14:32.830] [INFO] [EXEC] PLACE_SELL_SOURCE source=plan price=80580.03
[15:14:32.834] [OK] [EXEC] PLACE SELL price=80580.03 qty=0.003090
[15:14:33.117] [OK] [EXEC] SELL ORDER SENT orderId=386017737
[15:14:33.696] [OK] [SYNC] order filled detected
[15:14:33.699] [OK] [SYNC] SELL filled on exchange
[15:14:33.699] [OK] [EXEC] FIFO CLOSE qty=0.003090 entry=80577.81 exit=80580.03 pnl=+0.006860
[15:14:33.701] [INFO] [EXEC] CHUNK DRAINED
[15:14:33.702] [INFO] [EXEC] GRID_LEVEL_RECYCLED level_id=1
[15:14:33.703] [OK] [EXEC] REALIZED pnl=+0.006860
[15:14:33.704] [INFO] [EXEC] SELL ACCOUNTING RESET flat
[15:14:33.706] [OK] [EXEC] CYCLE CLOSED pnl=+0.006860
[15:14:33.707] [INFO] [EXEC] SESSION realized=+0.007416 wins=2 losses=0
[15:14:33.708] [INFO] [EXEC] GRID_LEVEL_WAIT_BUY level_id=1 price=80577.81 qty=0.003100
[15:14:34.007] [INFO] [EXEC] SELL ACCOUNTING RESET new_cycle
[15:14:34.010] [INFO] [EXEC] GRID_BUY_PLACED level_id=1 order_id=386017897
[15:14:34.013] [OK] [EXEC] BUY ORDER SENT orderId=386017897 price=80577.81 qty=0.003100
[15:14:34.017] [OK] [EXEC] PLACE BUY price=80577.81 qty=0.003100
[15:14:36.084] [INFO] [EXEC] BUY_WATCHDOG_SYNC orderId=386017897 status=NEW
[15:14:36.088] [WARNING] [EXEC] BUY_WATCHDOG_FAR_CANCEL orderId=386017897 price=80577.81 bid=80579.70 dist_ticks=188
[15:14:36.920] [INFO] [HEALTH] state=GOOD
[15:14:36.921] [INFO] [EXEC] GRID_LEVEL_SKIP level_id=1 reason=state_WAIT_BUY_FILL
[15:14:36.924] [INFO] [EXEC] GRID_LEVEL_WAIT_BUY level_id=2 price=80577.61 qty=0.003100
[15:14:37.192] [INFO] [EXEC] SELL ACCOUNTING RESET new_cycle
[15:14:37.195] [INFO] [EXEC] GRID_BUY_PLACED level_id=2 order_id=386018009
[15:14:37.196] [OK] [EXEC] BUY ORDER SENT orderId=386018009 price=80577.61 qty=0.003100
[15:14:37.198] [OK] [EXEC] PLACE BUY price=80577.61 qty=0.003100
[15:14:38.210] [INFO] [EXEC] ENTRY_REPRICE reason=wide_spread_cross old=80577.61 new=80578.02 count=1
[15:14:38.756] [OK] [EXEC] ENTRY_PLACE price=80578.02 qty=0.003100
[15:14:39.714] [INFO] [EXEC] BUY_WATCHDOG_SYNC orderId=386018050 status=NEW
[15:14:39.718] [WARNING] [EXEC] BUY TIMEOUT orderId=386018050
[15:14:39.721] [WARNING] [EXEC] CANCEL BUY orderId=386018050
[15:14:40.822] [OK] [EXEC] BUY CANCELED confirmed
[15:14:41.103] [INFO] [EXEC] BUY FINAL STATUS status=CANCELED orderId=386018050
[15:14:41.106] [WARNING] [EXEC] BLOCK reason=buy_not_filled
[15:14:42.215] [INFO] [HEALTH] state=GOOD
[15:14:42.216] [INFO] [EXEC] GRID_LEVEL_SKIP level_id=1 reason=state_WAIT_BUY_FILL
[15:14:42.219] [INFO] [EXEC] GRID_LEVEL_SKIP level_id=2 reason=state_WAIT_BUY_FILL
[15:14:42.220] [INFO] [EXEC] GRID_LEVEL_WAIT_BUY level_id=3 price=80577.40 qty=0.003100
[15:14:42.529] [INFO] [EXEC] SELL ACCOUNTING RESET new_cycle
[15:14:42.533] [INFO] [EXEC] GRID_BUY_PLACED level_id=3 order_id=386018139
[15:14:42.535] [OK] [EXEC] BUY ORDER SENT orderId=386018139 price=80577.40 qty=0.003100
[15:14:42.538] [OK] [EXEC] PLACE BUY price=80577.40 qty=0.003100
[15:14:43.895] [INFO] [EXEC] ENTRY_REPRICE reason=wide_spread_cross old=80577.40 new=80578.03 count=1
[15:14:44.562] [OK] [EXEC] ENTRY_PLACE price=80578.03 qty=0.003100
[15:14:45.508] [INFO] [EXEC] BUY_WATCHDOG_SYNC orderId=386018261 status=NEW
[15:14:45.511] [WARNING] [EXEC] BUY TIMEOUT orderId=386018261
[15:14:45.513] [WARNING] [EXEC] CANCEL BUY orderId=386018261
[15:14:45.781] [OK] [EXEC] BUY CANCELED confirmed
[15:14:46.049] [INFO] [EXEC] BUY FINAL STATUS status=CANCELED orderId=386018261
[15:14:46.053] [WARNING] [EXEC] BLOCK reason=buy_not_filled
[15:14:46.084] [INFO] START_CLICK received enabled=True api_ready=True running=True
[15:14:46.478] [WARNING] cancel all requested
[15:14:46.480] [WARNING] [EXEC] BALANCE_EXTERNAL_BTC free=0.043617 locked=0.000000
[15:14:46.482] [INFO] [EXEC] SELL ACCOUNTING RESET reconcile_stop
[15:14:46.483] [INFO] [EXEC] RECONCILE_FLAT reason=inventory_empty_safe_qty_zero
[15:14:46.486] [WARNING] STOP
