[22:27:41.578] [OK] filters loaded
[22:27:43.676] [INFO] START_CLICK received enabled=True api_ready=True running=False
[22:27:43.676] [INFO] START_SETTINGS live_enabled=True guard_mode=FAST entry_mode=AGGRESSIVE exit_engine=True order_size=10000.0
[22:27:44.145] [EXCHANGE] symbol=BTCU base=BTC quote=U status=TRADING permissions=[]
[22:27:44.145] [OK] START
[22:27:44.145] [OK] START_OK runtime_started
[22:27:44.161] [INFO] [EXEC] LIVE ON
[22:27:44.161] [INFO] [EXEC] WAIT READY
[22:27:44.161] [WARNING] [HEALTH] block spread_too_young lifetime=0
[22:27:44.161] [WARNING] [HEALTH] unstable_spread lifetime=0
[22:27:44.161] [WARNING] [EXEC] BLOCK_BUY reason=ws_stale mode=FAST ws_age=None spread=7.88 stable=1/1 mid_delta=0.00 bid_delta=0.00
[22:27:44.878] [WS] primary url=wss://stream.binance.com:9443/ws/btcu@bookTicker
[22:27:44.878] [WS] connecting primary
[22:27:45.043] [OK] [PLAN] READY entry=81722.06 exit=81728.99 profit=0.847955 age=898ms
[22:27:45.224] [WS] connected
[22:27:45.802] [WARNING] [HEALTH] block falling_market bid_ticks=-414.00 mid_ticks=340.50
[22:27:45.802] [WARNING] [HEALTH] unstable_bid delta_ticks=-414.00
[22:27:45.802] [WARNING] [EXEC] BLOCK_BUY reason=bid_unstable mode=FAST ws_age=15 spread=24.02 stable=4/1 mid_delta=340.50 bid_delta=-414.00
[22:27:45.802] [OK] [PLAN] HOT entry=81717.92 exit=81739.94 profit=2.694587 age=1657ms
[22:27:46.553] [INFO] [EXEC] SELL ACCOUNTING RESET new_cycle
[22:27:46.553] [OK] [EXEC] BUY ORDER SENT orderId=383705625 price=81717.92 qty=0.122370
[22:27:46.569] [OK] [EXEC] PLACE BUY price=81717.92 qty=0.122370
[22:27:47.690] [OK] [PLAN] READY entry=81731.00 exit=81737.00 profit=0.734100 age=3280ms
[22:27:48.312] [INFO] [EXEC] ENTRY_REPRICE reason=bid_moved_up old=81717.92 new=81732.24 count=1
[22:27:48.847] [OK] [EXEC] ENTRY_PLACE price=81732.24 qty=0.122370
[22:27:49.703] [INFO] [EXEC] ENTRY_REPRICE reason=bid_moved_up old=81732.24 new=81742.23 count=2
[22:27:50.228] [OK] [EXEC] ENTRY_PLACE price=81742.23 qty=0.122370
[22:27:51.092] [OK] [EXEC] BUY FILL UPDATE delta=0.001220 avg=81742.23
[22:27:51.092] [OK] [EXEC] CHUNK ADD qty=0.001220 entry=81742.23
[22:27:51.092] [INFO] [EXEC] CHUNK COUNT n=1
[22:27:51.092] [OK] [EXEC] INVENTORY qty=0.001220
[22:27:51.092] [OK] [EXEC] SELL REQUIRED inventory=0.001220
[22:27:51.092] [OK] [EXEC] BUY PARTIAL delta=0.001220 total=0.001220
[22:27:51.092] [OK] [EXEC] BUY REMAINING qty=0.121150
[22:27:52.202] [OK] [SYNC] order filled detected
[22:27:52.202] [OK] [SYNC] BUY filled on exchange
[22:27:52.217] [OK] [EXEC] BUY FILL UPDATE delta=0.121150 avg=81742.23
[22:27:52.217] [OK] [EXEC] CHUNK ADD qty=0.121150 entry=81742.23
[22:27:52.217] [INFO] [EXEC] CHUNK COUNT n=2
[22:27:52.217] [OK] [EXEC] INVENTORY qty=0.122370
[22:27:52.217] [OK] [EXEC] SELL REQUIRED inventory=0.122370
[22:27:52.483] [INFO] [EXEC] SELL CHECK inventory=0.122370 reported=0.000000 remaining=0.122370 chunks=2
[22:27:52.483] [OK] [EXEC] PLACE SELL price=81744.99 qty=0.122370
[22:27:52.749] [OK] [EXEC] SELL ORDER SENT orderId=383705798
[22:27:53.057] [INFO] [EXEC] RECOVERY WAIT hard_sl_pending_recovery (exit_not_blocked)
[22:27:58.185] [INFO] [EXEC] EXIT_STAGE stage=EXIT_CROSS age_ms=5438
[22:27:58.185] [INFO] [EXEC] EXIT_REPRICE reason=stage=EXIT_CROSS
[22:27:58.185] [WARNING] [EXEC] SELL TIMEOUT orderId=383705798
[22:27:58.185] [WARNING] [EXEC] CANCEL SELL orderId=383705798
[22:27:58.716] [INFO] [EXEC] SELL FINAL STATUS status=CANCELED orderId=383705798
[22:27:58.716] [INFO] [EXEC] SELL TIMEOUT check fast_exit
[22:27:58.716] [WARNING] [EXEC] FORCE EXIT hard_sl_triggered
[22:27:58.716] [ERROR] [EXEC] HARD SL triggered
[22:27:58.732] [WARNING] [EXEC] PANIC EXIT sl_mode
[22:27:58.993] [WARNING] [EXEC] FORCE EXIT price=81738.27
[22:27:58.994] [OK] [EXEC] PLACE SELL price=81738.27 qty=0.122370
[22:27:59.717] [WARNING] [EXEC] PANIC START price=81738.27
[22:27:59.732] [OK] [EXEC] SELL ORDER SENT orderId=383705915
[22:28:01.279] [OK] [SYNC] order filled detected
[22:28:01.279] [OK] [SYNC] SELL filled on exchange
[22:28:01.279] [OK] [EXEC] FIFO CLOSE qty=0.001220 entry=81742.23 exit=81738.27 pnl=-0.004831
[22:28:01.279] [INFO] [EXEC] CHUNK DRAINED
[22:28:01.279] [OK] [EXEC] FIFO CLOSE qty=0.121150 entry=81742.23 exit=81738.27 pnl=-0.479754
[22:28:01.279] [INFO] [EXEC] CHUNK DRAINED
[22:28:01.295] [OK] [EXEC] REALIZED pnl=-0.484585
[22:28:01.295] [INFO] [EXEC] SELL ACCOUNTING RESET flat
[22:28:01.295] [OK] [EXEC] CYCLE CLOSED pnl=-0.484585
[22:28:01.295] [INFO] [EXEC] SESSION realized=-0.484585 wins=0 losses=1
[22:28:01.810] [INFO] [HEALTH] state=GOOD
[22:28:02.074] [INFO] [EXEC] SELL ACCOUNTING RESET new_cycle
[22:28:02.077] [OK] [EXEC] BUY ORDER SENT orderId=383706010 price=81737.88 qty=0.122340
[22:28:02.077] [OK] [EXEC] PLACE BUY price=81737.88 qty=0.122340
[22:28:02.957] [OK] [SYNC] order filled detected
[22:28:02.958] [OK] [SYNC] BUY filled on exchange
[22:28:02.958] [OK] [EXEC] BUY FILL UPDATE delta=0.122340 avg=81737.88
[22:28:02.958] [OK] [EXEC] CHUNK ADD qty=0.122340 entry=81737.88
[22:28:02.964] [INFO] [EXEC] CHUNK COUNT n=1
[22:28:02.964] [OK] [EXEC] INVENTORY qty=0.122340
[22:28:02.964] [OK] [EXEC] SELL REQUIRED inventory=0.122340
[22:28:02.964] [WARNING] [EXEC] SELL_QTY_CLAMP inventory=0.122340 free=0.120147 final=0.120147
[22:28:03.482] [INFO] [EXEC] SELL CHECK inventory=0.122340 reported=0.000000 remaining=0.122340 chunks=1
[22:28:03.482] [OK] [EXEC] PLACE SELL price=81744.99 qty=0.122340
[22:28:03.747] [OK] [EXEC] SELL ORDER SENT orderId=383706087
[22:28:03.747] [OK] [PLAN] READY entry=81738.88 exit=81744.99 profit=0.747497 age=1154ms
[22:28:04.341] [OK] [PLAN] HOT entry=81731.00 exit=81740.04 profit=1.106044 age=2279ms
[22:28:08.591] [OK] [PLAN] READY entry=81715.00 exit=81721.15 profit=0.752575 age=6530ms
[22:28:09.216] [WARNING] [EXEC] PANIC WAIT still_open orderId=383706087
[22:28:10.262] [WARNING] [EXEC] PANIC ESCALATE placed orderId=383706365 step=1
[22:28:10.262] [OK] [PLAN] HOT entry=81715.58 exit=81725.32 profit=1.191884 age=7147ms
[22:28:11.076] [OK] [SYNC] order filled detected
[22:28:11.080] [OK] [SYNC] SELL filled on exchange
[22:28:11.080] [OK] [EXEC] FIFO CLOSE qty=0.122340 entry=81737.88 exit=81717.05 pnl=-2.548265
[22:28:11.082] [INFO] [EXEC] CHUNK DRAINED
[22:28:11.082] [OK] [EXEC] REALIZED pnl=-2.548265
[22:28:11.087] [INFO] [EXEC] SELL ACCOUNTING RESET flat
[22:28:11.088] [OK] [EXEC] CYCLE CLOSED pnl=-2.548265
[22:28:11.088] [INFO] [EXEC] SESSION realized=-3.032850 wins=0 losses=2
[22:28:11.088] [INFO] [HEALTH] state=GOOD
[22:28:11.088] [WARNING] [EXEC] BLOCK_BUY reason=cooldown_loss_cycle mode=FAST ws_age=827 spread=24.00 stable=1/1 mid_delta=0.00 bid_delta=0.00
[22:28:12.094] [INFO] [EXEC] SELL ACCOUNTING RESET new_cycle
[22:28:12.097] [OK] [EXEC] BUY ORDER SENT orderId=383706428 price=81725.53 qty=0.122360
[22:28:12.097] [OK] [EXEC] PLACE BUY price=81725.53 qty=0.122360
[22:28:12.097] [OK] [PLAN] READY entry=81725.53 exit=81732.67 profit=0.873650 age=10019ms
[22:28:13.860] [OK] [PLAN] HOT entry=81726.53 exit=81734.29 profit=0.949436 age=11787ms
[22:28:14.472] [INFO] [EXEC] ENTRY_REPRICE reason=wide_spread_cross old=81725.53 new=81733.38 count=1
[22:28:14.992] [OK] [EXEC] ENTRY_PLACE price=81733.38 qty=0.122360
[22:28:16.487] [INFO] [EXEC] ENTRY_REPRICE reason=bid_moved_up old=81733.38 new=81746.01 count=2
[22:28:17.008] [OK] [EXEC] ENTRY_PLACE price=81746.01 qty=0.122360
[22:28:17.008] [OK] [PLAN] READY entry=81747.00 exit=81754.40 profit=0.905168 age=14411ms
[22:28:17.596] [WARNING] [EXEC] BUY TIMEOUT orderId=383706657
[22:28:17.596] [WARNING] [EXEC] CANCEL BUY orderId=383706657
[22:28:17.865] [OK] [EXEC] BUY CANCELED confirmed
[22:28:18.127] [INFO] [EXEC] BUY FINAL STATUS status=CANCELED orderId=383706657
[22:28:18.127] [WARNING] [EXEC] BLOCK reason=buy_not_filled
[22:28:18.455] [INFO] [HEALTH] state=GOOD
[22:28:18.752] [INFO] [EXEC] SELL ACCOUNTING RESET new_cycle
[22:28:18.768] [OK] [EXEC] BUY ORDER SENT orderId=383706801 price=81747.00 qty=0.122320
[22:28:18.768] [OK] [EXEC] PLACE BUY price=81747.00 qty=0.122320
[22:28:19.088] [OK] [SYNC] order filled detected
[22:28:19.088] [OK] [SYNC] BUY filled on exchange
[22:28:19.088] [OK] [EXEC] BUY FILL UPDATE delta=0.122320 avg=81744.86
[22:28:19.094] [OK] [EXEC] CHUNK ADD qty=0.122320 entry=81744.86
[22:28:19.095] [INFO] [EXEC] CHUNK COUNT n=1
[22:28:19.095] [OK] [EXEC] INVENTORY qty=0.122320
[22:28:19.095] [OK] [EXEC] SELL REQUIRED inventory=0.122320
[22:28:19.095] [WARNING] [EXEC] SELL_QTY_CLAMP inventory=0.122320 free=0.120147 final=0.120147
[22:28:19.610] [INFO] [EXEC] SELL CHECK inventory=0.122320 reported=0.000000 remaining=0.122310 chunks=1
[22:28:19.610] [OK] [EXEC] PLACE SELL price=81748.33 qty=0.122310
[22:28:19.885] [OK] [EXEC] SELL ORDER SENT orderId=383706924
[22:28:19.886] [OK] [PLAN] HOT entry=81728.63 exit=81748.33 profit=2.410295 age=17285ms
[22:28:20.468] [OK] [PLAN] READY entry=81739.01 exit=81745.00 profit=0.732817 age=18393ms
[22:28:20.828] [WARNING] [EXEC] SELL_QTY_CLAMP inventory=0.122320 free=0.120157 final=0.120157
[22:28:22.220] [OK] [PLAN] HOT entry=81732.69 exit=81744.01 profit=1.385002 age=20160ms
[22:28:22.580] [WARNING] [EXEC] SELL_QTY_CLAMP inventory=0.122320 free=0.120157 final=0.120157
[22:28:22.854] [OK] [PLAN] READY entry=81732.70 exit=81737.76 profit=0.619091 age=20770ms
[22:28:23.205] [WARNING] [EXEC] SELL_QTY_CLAMP inventory=0.122320 free=0.120157 final=0.120157
[22:28:23.471] [OK] [PLAN] HOT entry=81732.70 exit=81741.78 profit=1.110938 age=21410ms
[22:28:24.094] [WARNING] [EXEC] SELL_QTY_CLAMP inventory=0.122320 free=0.120157 final=0.120157
[22:28:24.361] [OK] [PLAN] READY entry=81732.70 exit=81739.51 profit=0.833203 age=22285ms
[22:28:24.705] [WARNING] [EXEC] SELL_QTY_CLAMP inventory=0.122320 free=0.120157 final=0.120157
[22:28:24.974] [WARNING] [EXEC] PANIC WAIT still_open orderId=383706924
[22:28:26.022] [WARNING] [EXEC] PANIC ESCALATE placed orderId=383707156 step=1
[22:28:26.865] [OK] [PLAN] HOT entry=81723.93 exit=81734.09 profit=1.243178 age=24785ms
[22:28:29.595] [OK] [PLAN] HOT entry=81716.42 exit=81723.96 profit=0.922670 age=609ms
[22:28:30.220] [WARNING] [EXEC] PANIC WAIT still_open orderId=383707156
[22:28:31.735] [WARNING] [EXEC] PANIC ESCALATE placed orderId=383707324 step=2
[22:28:31.751] [OK] [PLAN] READY entry=81716.42 exit=81722.82 profit=0.783168 age=1247ms
[22:28:32.594] [OK] [SYNC] order filled detected
[22:28:32.594] [OK] [SYNC] SELL filled on exchange
[22:28:32.594] [OK] [EXEC] FIFO CLOSE qty=0.122310 entry=81744.86 exit=81715.84 pnl=-3.549837
[22:28:32.594] [INFO] [EXEC] CHUNK DRAINED
[22:28:32.594] [OK] [EXEC] REALIZED pnl=-3.549837
[22:28:32.610] [INFO] [EXEC] SELL ACCOUNTING RESET flat
[22:28:32.610] [OK] [EXEC] CYCLE CLOSED pnl=-3.549837
[22:28:32.610] [INFO] [EXEC] SESSION realized=-6.582687 wins=0 losses=3
[22:28:32.610] [INFO] [HEALTH] state=GOOD
[22:28:32.610] [WARNING] [EXEC] BLOCK_BUY reason=cooldown_loss_cycle mode=FAST ws_age=592 spread=10.17 stable=1/1 mid_delta=0.00 bid_delta=0.00
[22:28:32.610] [OK] [PLAN] HOT entry=81716.38 exit=81724.55 profit=0.999763 age=3890ms
[22:28:33.577] [INFO] [EXEC] SELL ACCOUNTING RESET new_cycle
[22:28:33.577] [OK] [EXEC] BUY ORDER SENT orderId=383707352 price=81716.38 qty=0.122370
[22:28:33.593] [OK] [EXEC] PLACE BUY price=81716.38 qty=0.122370
[22:28:34.719] [OK] [PLAN] READY entry=81717.39 exit=81723.99 profit=0.807642 age=5483ms
[22:28:36.087] [INFO] [EXEC] ENTRY_REPRICE reason=bid_moved_up old=81716.38 new=81716.40 count=1
[22:28:36.608] [OK] [EXEC] ENTRY_PLACE price=81716.40 qty=0.122370
[22:28:38.124] [INFO] [EXEC] ENTRY_REPRICE reason=bid_moved_up old=81716.40 new=81722.02 count=2
[22:28:38.734] [OK] [EXEC] ENTRY_PLACE price=81722.02 qty=0.122370
[22:28:39.453] [WARNING] [EXEC] BUY TIMEOUT orderId=383707445
[22:28:39.453] [WARNING] [EXEC] CANCEL BUY orderId=383707445
[22:28:39.797] [OK] [EXEC] BUY CANCELED confirmed
[22:28:40.125] [INFO] [EXEC] BUY FINAL STATUS status=CANCELED orderId=383707445
[22:28:40.140] [WARNING] [EXEC] BLOCK reason=buy_not_filled
[22:28:40.875] [INFO] [HEALTH] state=GOOD
[22:28:41.124] [INFO] [EXEC] SELL ACCOUNTING RESET new_cycle
[22:28:41.140] [OK] [EXEC] BUY ORDER SENT orderId=383707477 price=81723.02 qty=0.122360
[22:28:41.140] [OK] [EXEC] PLACE BUY price=81723.02 qty=0.122360
[22:28:41.452] [OK] [SYNC] order filled detected
[22:28:41.452] [OK] [SYNC] BUY filled on exchange
[22:28:41.452] [OK] [EXEC] BUY FILL UPDATE delta=0.122360 avg=81723.02
[22:28:41.452] [OK] [EXEC] CHUNK ADD qty=0.122360 entry=81723.02
[22:28:41.452] [INFO] [EXEC] CHUNK COUNT n=1
[22:28:41.468] [OK] [EXEC] INVENTORY qty=0.122360
[22:28:41.468] [OK] [EXEC] SELL REQUIRED inventory=0.122360
[22:28:41.468] [WARNING] [EXEC] SELL_QTY_CLAMP inventory=0.122360 free=0.120157 final=0.120157
[22:28:41.988] [INFO] [EXEC] SELL CHECK inventory=0.122360 reported=0.000000 remaining=0.122350 chunks=1
[22:28:41.988] [OK] [EXEC] PLACE SELL price=81725.87 qty=0.122350
[22:28:42.249] [OK] [EXEC] SELL ORDER SENT orderId=383707486
[22:28:44.358] [OK] [PLAN] READY entry=81717.87 exit=81724.87 profit=0.856590 age=890ms
[22:28:47.718] [WARNING] [EXEC] PANIC WAIT still_open orderId=383707486
[22:28:48.764] [WARNING] [EXEC] PANIC ESCALATE placed orderId=383707558 step=1
[22:28:49.341] [OK] [SYNC] order filled detected
[22:28:49.341] [OK] [SYNC] SELL filled on exchange
[22:28:49.341] [OK] [EXEC] FIFO CLOSE qty=0.122350 entry=81723.02 exit=81721.97 pnl=-0.128468
[22:28:49.341] [INFO] [EXEC] CHUNK DRAINED
[22:28:49.341] [OK] [EXEC] REALIZED pnl=-0.128468
[22:28:49.341] [INFO] [EXEC] SELL ACCOUNTING RESET flat
[22:28:49.341] [OK] [EXEC] CYCLE CLOSED pnl=-0.128468
[22:28:49.341] [INFO] [EXEC] SESSION realized=-6.711155 wins=0 losses=4
[22:28:49.825] [INFO] [HEALTH] state=GOOD
[22:28:49.825] [WARNING] [EXEC] BLOCK_BUY reason=cooldown_loss_cycle mode=FAST ws_age=109 spread=10.22 stable=1/1 mid_delta=0.00 bid_delta=0.00
[22:28:50.342] [INFO] [EXEC] SELL ACCOUNTING RESET new_cycle
[22:28:50.342] [OK] [EXEC] BUY ORDER SENT orderId=383707603 price=81719.70 qty=0.122360
[22:28:50.342] [OK] [EXEC] PLACE BUY price=81719.70 qty=0.122360
[22:28:50.358] [OK] [PLAN] HOT entry=81719.70 exit=81727.92 profit=1.005799 age=250ms
[22:28:50.608] [OK] [SYNC] order filled detected
[22:28:50.608] [OK] [SYNC] BUY filled on exchange
[22:28:50.608] [OK] [EXEC] BUY FILL UPDATE delta=0.122360 avg=81719.70
[22:28:50.623] [OK] [EXEC] CHUNK ADD qty=0.122360 entry=81719.70
[22:28:50.623] [INFO] [EXEC] CHUNK COUNT n=1
[22:28:50.623] [OK] [EXEC] INVENTORY qty=0.122360
[22:28:50.623] [OK] [EXEC] SELL REQUIRED inventory=0.122360
[22:28:51.732] [INFO] [EXEC] SELL CHECK inventory=0.122360 reported=0.000000 remaining=0.122350 chunks=1
[22:28:51.732] [OK] [EXEC] PLACE SELL price=81719.73 qty=0.122350
[22:28:52.467] [OK] [EXEC] SELL ORDER SENT orderId=383707824
[22:28:53.994] [OK] [PLAN] READY entry=81712.08 exit=81718.73 profit=0.813827 age=3892ms
[22:28:54.591] [OK] [PLAN] HOT entry=81709.71 exit=81717.22 profit=0.919074 age=4501ms
[22:28:56.107] [OK] [EXEC] FIFO CLOSE qty=0.122350 entry=81719.70 exit=81719.73 pnl=+0.003670
[22:28:56.107] [INFO] [EXEC] CHUNK DRAINED
[22:28:56.107] [OK] [EXEC] REALIZED pnl=+0.003670
[22:28:56.107] [INFO] [EXEC] SELL ACCOUNTING RESET flat
[22:28:56.122] [OK] [EXEC] CYCLE CLOSED pnl=+0.003670
[22:28:56.122] [INFO] [EXEC] SESSION realized=-6.707484 wins=1 losses=4
[22:28:56.122] [OK] [EXEC] EXIT_FILLED
[22:28:56.122] [INFO] [EXEC] SELL ACCOUNTING RESET flat
[22:28:56.122] [INFO] [EXEC] CYCLE SKIP no_fifo_pnl
[22:28:56.122] [OK] [EXEC] SELL FILLED id=383707824
[22:28:56.122] [OK] [EXEC] SELL FILLED qty=0.122350 remaining=0.000000
[22:28:56.122] [INFO] [EXEC] SELL ACCOUNTING RESET inventory_drained
[22:28:56.122] [INFO] [EXEC] INVENTORY DRAINED epsilon_cleanup qty=0.000000
[22:28:56.122] [INFO] [EXEC] SELL ACCOUNTING RESET flat
[22:28:56.122] [INFO] [EXEC] CYCLE SKIP no_fifo_pnl
[22:28:56.326] [INFO] [HEALTH] state=GOOD
[22:28:56.591] [INFO] [EXEC] SELL ACCOUNTING RESET new_cycle
[22:28:56.591] [OK] [EXEC] BUY ORDER SENT orderId=383707923 price=81715.78 qty=0.122370
[22:28:56.591] [OK] [EXEC] PLACE BUY price=81715.78 qty=0.122370
[22:28:56.880] [INFO] START_CLICK received enabled=True api_ready=True running=True
[22:28:57.201] [WARNING] cancel all requested
[22:28:57.987] [WARNING] [SYNC] desync fixed
[22:28:57.991] [WARNING] STOP
