[19:40:49.873] [OK] filters loaded
[19:40:50.255] [INFO] [EXEC] STREAM_STATS_UI cycles=0 wins=0 losses=0 pnl=+0.000000 winrate=0.00%
[19:40:51.967] [INFO] START_CLICK received enabled=True api_ready=True running=False
[19:40:51.968] [INFO] START_SETTINGS live_enabled=True guard_mode=FAST entry_mode=AGGRESSIVE exit_engine=True order_size=222.0
[19:40:51.968] [INFO] START_PROFILE order_size=222.0 min_spread=6.0 guard_mode=FAST entry_mode=AGGRESSIVE sell_timeout=2200 far_sell_ticks=80 taker_exit_after_ms=2500
[19:40:51.968] [INFO] SETTINGS_MERGE_PRESERVE existing_values=true missing_added=0
[19:40:52.454] [EXCHANGE] symbol=BTCU base=BTC quote=U status=TRADING permissions=[]
[19:40:52.457] [OK] START
[19:40:52.459] [OK] START_OK runtime_started
[19:40:52.460] [INFO] [EXEC] STREAMS_ENABLED count=20 range_ticks=200 step_ticks=10
[19:40:52.461] [INFO] [EXEC] GRID_BUDGET_SOURCE source=max_exposure_u budget=5000.00
[19:40:52.463] [INFO] [EXEC] STREAM_CREATE stream_id=1 buy_price=80769.90000000 budget=250.00 qty=0.00309000
[19:40:52.464] [INFO] [EXEC] STREAM_CREATE stream_id=2 buy_price=80769.80000000 budget=250.00 qty=0.00309000
[19:40:52.465] [INFO] [EXEC] STREAM_CREATE stream_id=3 buy_price=80769.70000000 budget=250.00 qty=0.00309000
[19:40:52.466] [INFO] [EXEC] STREAM_CREATE stream_id=4 buy_price=80769.60000000 budget=250.00 qty=0.00309000
[19:40:52.466] [INFO] [EXEC] STREAM_CREATE stream_id=5 buy_price=80769.50000000 budget=250.00 qty=0.00309000
[19:40:52.467] [INFO] [EXEC] STREAM_CREATE stream_id=6 buy_price=80769.40000000 budget=250.00 qty=0.00309000
[19:40:52.467] [INFO] [EXEC] STREAM_CREATE stream_id=7 buy_price=80769.30000000 budget=250.00 qty=0.00309000
[19:40:52.469] [INFO] [EXEC] STREAM_CREATE stream_id=8 buy_price=80769.20000000 budget=250.00 qty=0.00309000
[19:40:52.469] [INFO] [EXEC] STREAM_CREATE stream_id=9 buy_price=80769.10000000 budget=250.00 qty=0.00309000
[19:40:52.470] [INFO] [EXEC] STREAM_CREATE stream_id=10 buy_price=80769.00000000 budget=250.00 qty=0.00309000
[19:40:52.470] [INFO] [EXEC] STREAM_CREATE stream_id=11 buy_price=80768.90000000 budget=250.00 qty=0.00309000
[19:40:52.471] [INFO] [EXEC] STREAM_CREATE stream_id=12 buy_price=80768.80000000 budget=250.00 qty=0.00309000
[19:40:52.471] [INFO] [EXEC] STREAM_CREATE stream_id=13 buy_price=80768.70000000 budget=250.00 qty=0.00309000
[19:40:52.472] [INFO] [EXEC] STREAM_CREATE stream_id=14 buy_price=80768.60000000 budget=250.00 qty=0.00309000
[19:40:52.472] [INFO] [EXEC] STREAM_CREATE stream_id=15 buy_price=80768.50000000 budget=250.00 qty=0.00309000
[19:40:52.473] [INFO] [EXEC] STREAM_CREATE stream_id=16 buy_price=80768.40000000 budget=250.00 qty=0.00309000
[19:40:52.474] [INFO] [EXEC] STREAM_CREATE stream_id=17 buy_price=80768.30000000 budget=250.00 qty=0.00309000
[19:40:52.474] [INFO] [EXEC] STREAM_CREATE stream_id=18 buy_price=80768.20000000 budget=250.00 qty=0.00309000
[19:40:52.475] [INFO] [EXEC] STREAM_CREATE stream_id=19 buy_price=80768.10000000 budget=250.00 qty=0.00309000
[19:40:52.475] [INFO] [EXEC] STREAM_CREATE stream_id=20 buy_price=80768.00000000 budget=250.00 qty=0.00309000
[19:40:52.476] [INFO] [EXEC] STREAM_CREATE_DONE count=20 budget=5000.00 step_ticks=10
[19:40:53.232] [INFO] [EXEC] LIVE ON
[19:40:53.235] [INFO] [EXEC] WAIT READY
[19:40:53.236] [WARNING] [HEALTH] block spread_too_young lifetime=0
[19:40:53.237] [WARNING] [HEALTH] unstable_spread lifetime=0
[19:40:53.238] [INFO] [EXEC] STREAM_GUARD_SIMPLE_PASS
[19:40:53.239] [INFO] [EXEC] STREAM_MODE_ACTIVE_SKIP_SINGLE_ENTRY
[19:40:53.777] [INFO] [EXEC] STREAM_BUY_PLACED level_id=1 order_id=386918111
[19:40:53.780] [OK] [EXEC] PLACE BUY price=80769.90 qty=0.003090
[19:40:54.041] [INFO] [EXEC] STREAM_BUY_PLACED level_id=2 order_id=386918124
[19:40:54.045] [OK] [EXEC] PLACE BUY price=80769.80 qty=0.003090
[19:40:54.316] [INFO] [EXEC] STREAM_BUY_PLACED level_id=3 order_id=386918159
[19:40:54.322] [OK] [EXEC] PLACE BUY price=80769.70 qty=0.003090
[19:40:54.325] [WS] primary url=wss://stream.binance.com:9443/ws/btcu@bookTicker
[19:40:54.326] [WS] connecting primary
[19:40:54.331] [WS] connected
[19:40:54.970] [INFO] [EXEC] STREAM_BUY_FILLED level_id=1
[19:40:54.975] [OK] [EXEC] CHUNK ADD qty=0.003090 entry=80769.90
[19:40:54.978] [INFO] [EXEC] CHUNK COUNT n=1
[19:40:54.981] [INFO] [EXEC] STREAM_TARGET_USED ticks=80 sell_price=80770.70
[19:40:55.251] [INFO] [EXEC] STREAM_SELL_PLACED stream_id=1 chunk_id=2141759508784 order_id=386918273 price=80770.70 qty=0.003090
[19:40:55.516] [INFO] [EXEC] STREAM_BUY_FILLED level_id=2
[19:40:55.519] [OK] [EXEC] CHUNK ADD qty=0.003090 entry=80769.80
[19:40:55.521] [INFO] [EXEC] CHUNK COUNT n=2
[19:40:55.522] [INFO] [EXEC] STREAM_TARGET_USED ticks=80 sell_price=80770.60
[19:40:55.798] [INFO] [EXEC] STREAM_SELL_PLACED stream_id=2 chunk_id=2141708352832 order_id=386918386 price=80770.60 qty=0.003090
[19:40:56.069] [INFO] [EXEC] STREAM_BUY_FILLED level_id=3
[19:40:56.072] [OK] [EXEC] CHUNK ADD qty=0.003090 entry=80769.70
[19:40:56.075] [INFO] [EXEC] CHUNK COUNT n=3
[19:40:56.078] [INFO] [EXEC] STREAM_TARGET_USED ticks=80 sell_price=80770.50
[19:40:56.342] [INFO] [EXEC] STREAM_SELL_PLACED stream_id=3 chunk_id=2141759510272 order_id=386918460 price=80770.50 qty=0.003090
[19:40:56.608] [INFO] [EXEC] STREAM_SELL_STATUS stream_id=1 chunk_id=2141759508784 order_id=386918273 status=NEW
[19:40:56.881] [INFO] [EXEC] STREAM_SELL_STATUS stream_id=2 chunk_id=2141708352832 order_id=386918386 status=NEW
[19:40:57.189] [INFO] [EXEC] STREAM_SELL_STATUS stream_id=3 chunk_id=2141759510272 order_id=386918460 status=NEW
[19:40:57.194] [INFO] [EXEC] STREAM_REPAIR_SKIP reason=stream_owned_inventory
[19:40:57.197] [INFO] [EXEC] STREAM_GLOBAL_SELL_SKIP reason=exit_recovery_inventory_no_sell
[19:40:57.200] [INFO] [EXEC] STREAM_GLOBAL_SELL_SKIP reason=place_sell
[19:40:58.244] [INFO] [EXEC] STREAM_SELL_STATUS stream_id=1 chunk_id=2141759508784 order_id=386918273 status=NEW
[19:40:58.511] [INFO] [EXEC] STREAM_SELL_STATUS stream_id=2 chunk_id=2141708352832 order_id=386918386 status=NEW
[19:40:58.786] [INFO] [EXEC] STREAM_SELL_STATUS stream_id=3 chunk_id=2141759510272 order_id=386918460 status=NEW
[19:40:58.789] [INFO] [EXEC] STREAM_REPAIR_SKIP reason=stream_owned_inventory
[19:40:59.460] [INFO] [EXEC] STREAM_SELL_STATUS stream_id=1 chunk_id=2141759508784 order_id=386918273 status=NEW
[19:40:59.725] [INFO] [EXEC] STREAM_SELL_STATUS stream_id=2 chunk_id=2141708352832 order_id=386918386 status=NEW
[19:40:59.989] [INFO] [EXEC] STREAM_SELL_STATUS stream_id=3 chunk_id=2141759510272 order_id=386918460 status=NEW
[19:40:59.992] [INFO] [EXEC] STREAM_REPAIR_SKIP reason=stream_owned_inventory
[19:40:59.995] [INFO] [EXEC] STREAM_GLOBAL_SELL_SKIP reason=exit_recovery_inventory_no_sell
[19:40:59.997] [INFO] [EXEC] STREAM_GLOBAL_SELL_SKIP reason=place_sell
[19:41:00.718] [INFO] [EXEC] STREAM_SELL_STATUS stream_id=1 chunk_id=2141759508784 order_id=386918273 status=NEW
[19:41:00.981] [INFO] [EXEC] STREAM_SELL_STATUS stream_id=2 chunk_id=2141708352832 order_id=386918386 status=NEW
[19:41:01.245] [INFO] [EXEC] STREAM_SELL_STATUS stream_id=3 chunk_id=2141759510272 order_id=386918460 status=NEW
[19:41:01.249] [INFO] [EXEC] STREAM_REPAIR_SKIP reason=stream_owned_inventory
[19:41:01.958] [INFO] [EXEC] STREAM_SELL_STATUS stream_id=1 chunk_id=2141759508784 order_id=386918273 status=NEW
[19:41:02.231] [INFO] [EXEC] STREAM_SELL_STATUS stream_id=2 chunk_id=2141708352832 order_id=386918386 status=NEW
[19:41:02.537] [INFO] [EXEC] STREAM_SELL_STATUS stream_id=3 chunk_id=2141759510272 order_id=386918460 status=NEW
[19:41:02.541] [INFO] [EXEC] STREAM_REPAIR_SKIP reason=stream_owned_inventory
[19:41:02.543] [INFO] [EXEC] STREAM_GLOBAL_SELL_SKIP reason=exit_recovery_inventory_no_sell
[19:41:02.544] [INFO] [EXEC] STREAM_GLOBAL_SELL_SKIP reason=place_sell
[19:41:03.220] [INFO] [EXEC] STREAM_SELL_STATUS stream_id=1 chunk_id=2141759508784 order_id=386918273 status=NEW
[19:41:03.493] [INFO] [EXEC] STREAM_SELL_STATUS stream_id=2 chunk_id=2141708352832 order_id=386918386 status=NEW
[19:41:03.755] [INFO] [EXEC] STREAM_SELL_STATUS stream_id=3 chunk_id=2141759510272 order_id=386918460 status=FILLED
[19:41:03.758] [INFO] [EXEC] STREAM_SELL_FILLED stream_id=3 chunk_id=2141759510272 order_id=386918460
[19:41:03.759] [OK] [EXEC] FIFO CLOSE qty=0.003090 entry=80769.70 exit=80770.50 pnl=+0.002472
[19:41:03.761] [INFO] [EXEC] STREAM_PNL stream_id=3 pnl=+0.002472
[19:41:03.763] [INFO] [EXEC] STREAM_RECYCLED level_id=3
[19:41:03.766] [INFO] [EXEC] STREAM_RECYCLED stream_id=3
[19:41:03.769] [INFO] [EXEC] STREAM_REPAIR_SKIP reason=stream_owned_inventory
[19:41:04.475] [INFO] [EXEC] STREAM_SELL_STATUS stream_id=1 chunk_id=2141759508784 order_id=386918273 status=FILLED
[19:41:04.479] [INFO] [EXEC] STREAM_SELL_FILLED stream_id=1 chunk_id=2141759508784 order_id=386918273
[19:41:04.481] [OK] [EXEC] FIFO CLOSE qty=0.003090 entry=80769.90 exit=80770.70 pnl=+0.002472
[19:41:04.481] [INFO] [EXEC] STREAM_PNL stream_id=1 pnl=+0.002472
[19:41:04.483] [INFO] [EXEC] STREAM_RECYCLED level_id=1
[19:41:04.484] [INFO] [EXEC] STREAM_RECYCLED stream_id=1
[19:41:04.771] [INFO] [EXEC] STREAM_SELL_STATUS stream_id=2 chunk_id=2141708352832 order_id=386918386 status=FILLED
[19:41:04.775] [INFO] [EXEC] STREAM_SELL_FILLED stream_id=2 chunk_id=2141708352832 order_id=386918386
[19:41:04.776] [OK] [EXEC] FIFO CLOSE qty=0.003090 entry=80769.80 exit=80770.60 pnl=+0.002472
[19:41:04.778] [INFO] [EXEC] STREAM_PNL stream_id=2 pnl=+0.002472
[19:41:04.779] [INFO] [EXEC] STREAM_RECYCLED level_id=2
[19:41:04.780] [INFO] [EXEC] STREAM_RECYCLED stream_id=2
[19:41:04.781] [INFO] [HEALTH] state=GOOD
[19:41:04.781] [INFO] [EXEC] STREAM_GUARD_SIMPLE_PASS
[19:41:04.782] [INFO] [EXEC] STREAM_MODE_ACTIVE_SKIP_SINGLE_ENTRY
[19:41:05.047] [INFO] [EXEC] STREAM_BUY_PLACED level_id=1 order_id=386918915
[19:41:05.051] [OK] [EXEC] PLACE BUY price=80769.90 qty=0.003090
[19:41:05.315] [INFO] [EXEC] STREAM_BUY_PLACED level_id=2 order_id=386918941
[19:41:05.319] [OK] [EXEC] PLACE BUY price=80769.80 qty=0.003090
[19:41:05.590] [INFO] [EXEC] STREAM_BUY_PLACED level_id=3 order_id=386918967
[19:41:05.595] [OK] [EXEC] PLACE BUY price=80769.70 qty=0.003090
[19:41:06.221] [INFO] [EXEC] STREAM_BUY_FILLED level_id=1
[19:41:06.224] [OK] [EXEC] CHUNK ADD qty=0.003090 entry=80769.90
[19:41:06.226] [INFO] [EXEC] CHUNK COUNT n=1
[19:41:06.228] [INFO] [EXEC] STREAM_TARGET_USED ticks=80 sell_price=80770.70
[19:41:06.492] [INFO] [EXEC] STREAM_SELL_PLACED stream_id=1 chunk_id=2141759513680 order_id=386919032 price=80770.70 qty=0.003090
[19:41:06.774] [INFO] [EXEC] STREAM_BUY_FILLED level_id=2
[19:41:06.778] [OK] [EXEC] CHUNK ADD qty=0.003090 entry=80769.80
[19:41:06.779] [INFO] [EXEC] CHUNK COUNT n=2
[19:41:06.781] [INFO] [EXEC] STREAM_TARGET_USED ticks=80 sell_price=80770.60
[19:41:07.057] [INFO] [EXEC] STREAM_SELL_PLACED stream_id=2 chunk_id=2141708889040 order_id=386919060 price=80770.60 qty=0.003090
[19:41:07.327] [INFO] [EXEC] STREAM_BUY_FILLED level_id=3
[19:41:07.329] [OK] [EXEC] CHUNK ADD qty=0.003090 entry=80769.70
[19:41:07.329] [INFO] [EXEC] CHUNK COUNT n=3
[19:41:07.330] [INFO] [EXEC] STREAM_TARGET_USED ticks=80 sell_price=80770.50
[19:41:07.591] [INFO] [EXEC] STREAM_SELL_PLACED stream_id=3 chunk_id=2141759519104 order_id=386919085 price=80770.50 qty=0.003090
[19:41:07.863] [INFO] [EXEC] STREAM_SELL_STATUS stream_id=1 chunk_id=2141759513680 order_id=386919032 status=NEW
[19:41:08.255] [INFO] [EXEC] STREAM_SELL_STATUS stream_id=2 chunk_id=2141708889040 order_id=386919060 status=NEW
[19:41:08.587] [INFO] [EXEC] STREAM_SELL_STATUS stream_id=3 chunk_id=2141759519104 order_id=386919085 status=NEW
[19:41:08.591] [INFO] [EXEC] STREAM_REPAIR_SKIP reason=stream_owned_inventory
[19:41:08.592] [INFO] [EXEC] STREAM_GLOBAL_SELL_SKIP reason=exit_recovery_inventory_no_sell
[19:41:08.593] [INFO] [EXEC] STREAM_GLOBAL_SELL_SKIP reason=place_sell
[19:41:09.813] [INFO] [EXEC] STREAM_SELL_STATUS stream_id=1 chunk_id=2141759513680 order_id=386919032 status=NEW
[19:41:10.082] [INFO] [EXEC] STREAM_SELL_STATUS stream_id=2 chunk_id=2141708889040 order_id=386919060 status=NEW
[19:41:10.352] [INFO] [EXEC] STREAM_SELL_STATUS stream_id=3 chunk_id=2141759519104 order_id=386919085 status=NEW
[19:41:10.355] [INFO] [EXEC] STREAM_REPAIR_SKIP reason=stream_owned_inventory
[19:41:11.071] [INFO] [EXEC] STREAM_SELL_STATUS stream_id=1 chunk_id=2141759513680 order_id=386919032 status=NEW
[19:41:11.355] [INFO] [EXEC] STREAM_SELL_STATUS stream_id=2 chunk_id=2141708889040 order_id=386919060 status=NEW
[19:41:11.690] [INFO] [EXEC] STREAM_SELL_STATUS stream_id=3 chunk_id=2141759519104 order_id=386919085 status=NEW
[19:41:11.694] [INFO] [EXEC] STREAM_REPAIR_SKIP reason=stream_owned_inventory
[19:41:11.695] [INFO] [EXEC] STREAM_GLOBAL_SELL_SKIP reason=exit_recovery_inventory_no_sell
[19:41:11.696] [INFO] [EXEC] STREAM_GLOBAL_SELL_SKIP reason=place_sell
[19:41:12.341] [INFO] [EXEC] STREAM_SELL_STATUS stream_id=1 chunk_id=2141759513680 order_id=386919032 status=NEW
[19:41:12.612] [INFO] [EXEC] STREAM_SELL_STATUS stream_id=2 chunk_id=2141708889040 order_id=386919060 status=NEW
[19:41:12.891] [INFO] [EXEC] STREAM_SELL_STATUS stream_id=3 chunk_id=2141759519104 order_id=386919085 status=NEW
[19:41:12.893] [INFO] [EXEC] STREAM_REPAIR_SKIP reason=stream_owned_inventory
[19:41:13.878] [INFO] [EXEC] STREAM_SELL_STATUS stream_id=1 chunk_id=2141759513680 order_id=386919032 status=NEW
[19:41:14.143] [INFO] [EXEC] STREAM_SELL_STATUS stream_id=2 chunk_id=2141708889040 order_id=386919060 status=NEW
[19:41:14.406] [INFO] [EXEC] STREAM_SELL_STATUS stream_id=3 chunk_id=2141759519104 order_id=386919085 status=NEW
[19:41:14.408] [INFO] [EXEC] STREAM_REPAIR_SKIP reason=stream_owned_inventory
[19:41:14.410] [INFO] [EXEC] STREAM_GLOBAL_SELL_SKIP reason=exit_recovery_inventory_no_sell
[19:41:14.411] [INFO] [EXEC] STREAM_GLOBAL_SELL_SKIP reason=place_sell
[19:41:15.107] [INFO] [EXEC] STREAM_SELL_STATUS stream_id=1 chunk_id=2141759513680 order_id=386919032 status=NEW
[19:41:15.370] [INFO] [EXEC] STREAM_SELL_STATUS stream_id=2 chunk_id=2141708889040 order_id=386919060 status=NEW
[19:41:15.648] [INFO] [EXEC] STREAM_SELL_STATUS stream_id=3 chunk_id=2141759519104 order_id=386919085 status=NEW
[19:41:15.652] [INFO] [EXEC] STREAM_REPAIR_SKIP reason=stream_owned_inventory
[19:41:16.468] [INFO] [EXEC] STREAM_SELL_STATUS stream_id=1 chunk_id=2141759513680 order_id=386919032 status=NEW
[19:41:16.781] [INFO] [EXEC] STREAM_SELL_STATUS stream_id=2 chunk_id=2141708889040 order_id=386919060 status=NEW
[19:41:17.049] [INFO] [EXEC] STREAM_SELL_STATUS stream_id=3 chunk_id=2141759519104 order_id=386919085 status=NEW
[19:41:17.053] [INFO] [EXEC] STREAM_REPAIR_SKIP reason=stream_owned_inventory
[19:41:17.055] [INFO] [EXEC] STREAM_GLOBAL_SELL_SKIP reason=exit_recovery_inventory_no_sell
[19:41:17.056] [INFO] [EXEC] STREAM_GLOBAL_SELL_SKIP reason=place_sell
[19:41:17.611] [INFO] [EXEC] STREAM_SELL_STATUS stream_id=1 chunk_id=2141759513680 order_id=386919032 status=NEW
[19:41:17.876] [INFO] [EXEC] STREAM_SELL_STATUS stream_id=2 chunk_id=2141708889040 order_id=386919060 status=NEW
[19:41:18.146] [INFO] [EXEC] STREAM_SELL_STATUS stream_id=3 chunk_id=2141759519104 order_id=386919085 status=NEW
[19:41:18.150] [INFO] [EXEC] STREAM_REPAIR_SKIP reason=stream_owned_inventory
[19:41:18.895] [INFO] [EXEC] STREAM_SELL_STATUS stream_id=1 chunk_id=2141759513680 order_id=386919032 status=NEW
[19:41:19.168] [INFO] [EXEC] STREAM_SELL_STATUS stream_id=2 chunk_id=2141708889040 order_id=386919060 status=NEW
[19:41:19.432] [INFO] [EXEC] STREAM_SELL_STATUS stream_id=3 chunk_id=2141759519104 order_id=386919085 status=NEW
[19:41:19.433] [INFO] [EXEC] STREAM_REPAIR_SKIP reason=stream_owned_inventory
[19:41:20.374] [INFO] [EXEC] STREAM_SELL_STATUS stream_id=1 chunk_id=2141759513680 order_id=386919032 status=NEW
[19:41:20.708] [INFO] [EXEC] STREAM_SELL_STATUS stream_id=2 chunk_id=2141708889040 order_id=386919060 status=NEW
[19:41:21.044] [INFO] [EXEC] STREAM_SELL_STATUS stream_id=3 chunk_id=2141759519104 order_id=386919085 status=NEW
[19:41:21.047] [INFO] [EXEC] STREAM_REPAIR_SKIP reason=stream_owned_inventory
[19:41:21.048] [INFO] [EXEC] STREAM_GLOBAL_SELL_SKIP reason=exit_recovery_inventory_no_sell
[19:41:21.049] [INFO] [EXEC] STREAM_GLOBAL_SELL_SKIP reason=place_sell
[19:41:21.645] [INFO] [EXEC] STREAM_SELL_STATUS stream_id=1 chunk_id=2141759513680 order_id=386919032 status=NEW
[19:41:21.931] [INFO] [EXEC] STREAM_SELL_STATUS stream_id=2 chunk_id=2141708889040 order_id=386919060 status=NEW
[19:41:22.199] [INFO] [EXEC] STREAM_SELL_STATUS stream_id=3 chunk_id=2141759519104 order_id=386919085 status=NEW
[19:41:22.203] [INFO] [EXEC] STREAM_REPAIR_SKIP reason=stream_owned_inventory
[19:41:22.929] [INFO] [EXEC] STREAM_SELL_STATUS stream_id=1 chunk_id=2141759513680 order_id=386919032 status=NEW
[19:41:23.193] [INFO] [EXEC] STREAM_SELL_STATUS stream_id=2 chunk_id=2141708889040 order_id=386919060 status=FILLED
[19:41:23.196] [INFO] [EXEC] STREAM_SELL_FILLED stream_id=2 chunk_id=2141708889040 order_id=386919060
[19:41:23.198] [OK] [EXEC] FIFO CLOSE qty=0.003090 entry=80769.80 exit=80770.60 pnl=+0.002472
[19:41:23.199] [INFO] [EXEC] STREAM_PNL stream_id=2 pnl=+0.002472
[19:41:23.201] [INFO] [EXEC] STREAM_RECYCLED level_id=2
[19:41:23.203] [INFO] [EXEC] STREAM_RECYCLED stream_id=2
[19:41:23.465] [INFO] [EXEC] STREAM_SELL_STATUS stream_id=3 chunk_id=2141759519104 order_id=386919085 status=FILLED
[19:41:23.466] [INFO] [EXEC] STREAM_SELL_FILLED stream_id=3 chunk_id=2141759519104 order_id=386919085
[19:41:23.467] [OK] [EXEC] FIFO CLOSE qty=0.003090 entry=80769.70 exit=80770.50 pnl=+0.002472
[19:41:23.468] [INFO] [EXEC] STREAM_PNL stream_id=3 pnl=+0.002472
[19:41:23.469] [INFO] [EXEC] STREAM_RECYCLED level_id=3
[19:41:23.469] [INFO] [EXEC] STREAM_RECYCLED stream_id=3
[19:41:23.470] [INFO] [EXEC] STREAM_REPAIR_SKIP reason=stream_owned_inventory
[19:41:24.163] [INFO] [EXEC] STREAM_SELL_STATUS stream_id=1 chunk_id=2141759513680 order_id=386919032 status=FILLED
[19:41:24.167] [INFO] [EXEC] STREAM_SELL_FILLED stream_id=1 chunk_id=2141759513680 order_id=386919032
[19:41:24.170] [OK] [EXEC] FIFO CLOSE qty=0.003090 entry=80769.90 exit=80770.70 pnl=+0.002472
[19:41:24.173] [INFO] [EXEC] STREAM_PNL stream_id=1 pnl=+0.002472
[19:41:24.175] [INFO] [EXEC] STREAM_RECYCLED level_id=1
[19:41:24.177] [INFO] [EXEC] STREAM_RECYCLED stream_id=1
[19:41:24.179] [INFO] [HEALTH] state=DANGER
[19:41:24.179] [INFO] [EXEC] STREAM_GUARD_SIMPLE_PASS
[19:41:24.181] [INFO] [EXEC] STREAM_MODE_ACTIVE_SKIP_SINGLE_ENTRY
[19:41:24.450] [INFO] [EXEC] STREAM_BUY_PLACED level_id=1 order_id=386919601
[19:41:24.452] [OK] [EXEC] PLACE BUY price=80769.90 qty=0.003090
[19:41:24.717] [INFO] [EXEC] STREAM_BUY_PLACED level_id=2 order_id=386919614
[19:41:24.720] [OK] [EXEC] PLACE BUY price=80769.80 qty=0.003090
[19:41:25.005] [INFO] [EXEC] STREAM_BUY_PLACED level_id=3 order_id=386919631
[19:41:25.009] [OK] [EXEC] PLACE BUY price=80769.70 qty=0.003090
[19:41:25.885] [INFO] [EXEC] STREAM_BUY_FILLED level_id=1
[19:41:25.889] [OK] [EXEC] CHUNK ADD qty=0.003090 entry=80769.90
[19:41:25.892] [INFO] [EXEC] CHUNK COUNT n=1
[19:41:25.894] [INFO] [EXEC] STREAM_TARGET_USED ticks=80 sell_price=80770.70
[19:41:26.654] [INFO] [EXEC] STREAM_SELL_PLACED stream_id=1 chunk_id=2141759513776 order_id=386919650 price=80770.70 qty=0.003090
[19:41:26.972] [INFO] [EXEC] STREAM_BUY_FILLED level_id=2
[19:41:26.973] [OK] [EXEC] CHUNK ADD qty=0.003090 entry=80769.80
[19:41:26.973] [INFO] [EXEC] CHUNK COUNT n=2
[19:41:26.974] [INFO] [EXEC] STREAM_TARGET_USED ticks=80 sell_price=80770.60
[19:41:27.234] [INFO] [EXEC] STREAM_SELL_PLACED stream_id=2 chunk_id=2141708353408 order_id=386919681 price=80770.60 qty=0.003090
[19:41:27.501] [INFO] [EXEC] STREAM_BUY_FILLED level_id=3
[19:41:27.503] [OK] [EXEC] CHUNK ADD qty=0.003090 entry=80769.70
[19:41:27.504] [INFO] [EXEC] CHUNK COUNT n=3
[19:41:27.505] [INFO] [EXEC] STREAM_TARGET_USED ticks=80 sell_price=80770.50
[19:41:27.769] [INFO] [EXEC] STREAM_SELL_PLACED stream_id=3 chunk_id=2141759510032 order_id=386919709 price=80770.50 qty=0.003090
[19:41:28.035] [INFO] [EXEC] STREAM_SELL_STATUS stream_id=1 chunk_id=2141759513776 order_id=386919650 status=FILLED
[19:41:28.038] [INFO] [EXEC] STREAM_SELL_FILLED stream_id=1 chunk_id=2141759513776 order_id=386919650
[19:41:28.041] [OK] [EXEC] FIFO CLOSE qty=0.003090 entry=80769.90 exit=80770.70 pnl=+0.002472
[19:41:28.042] [INFO] [EXEC] STREAM_PNL stream_id=1 pnl=+0.002472
[19:41:28.044] [INFO] [EXEC] STREAM_RECYCLED level_id=1
[19:41:28.045] [INFO] [EXEC] STREAM_RECYCLED stream_id=1
[19:41:28.309] [INFO] [EXEC] STREAM_SELL_STATUS stream_id=2 chunk_id=2141708353408 order_id=386919681 status=FILLED
[19:41:28.313] [INFO] [EXEC] STREAM_SELL_FILLED stream_id=2 chunk_id=2141708353408 order_id=386919681
[19:41:28.314] [OK] [EXEC] FIFO CLOSE qty=0.003090 entry=80769.80 exit=80770.60 pnl=+0.002472
[19:41:28.316] [INFO] [EXEC] STREAM_PNL stream_id=2 pnl=+0.002472
[19:41:28.317] [INFO] [EXEC] STREAM_RECYCLED level_id=2
[19:41:28.318] [INFO] [EXEC] STREAM_RECYCLED stream_id=2
[19:41:29.053] [INFO] [EXEC] STREAM_SELL_STATUS stream_id=3 chunk_id=2141759510032 order_id=386919709 status=FILLED
[19:41:29.057] [INFO] [EXEC] STREAM_SELL_FILLED stream_id=3 chunk_id=2141759510032 order_id=386919709
[19:41:29.060] [OK] [EXEC] FIFO CLOSE qty=0.003090 entry=80769.70 exit=80770.50 pnl=+0.002472
[19:41:29.062] [INFO] [EXEC] STREAM_PNL stream_id=3 pnl=+0.002472
[19:41:29.064] [INFO] [EXEC] STREAM_RECYCLED level_id=3
[19:41:29.066] [INFO] [EXEC] STREAM_RECYCLED stream_id=3
[19:41:29.068] [INFO] [EXEC] STREAM_GUARD_SIMPLE_PASS
[19:41:29.375] [INFO] [EXEC] STREAM_BUY_PLACED level_id=1 order_id=386919757
[19:41:29.380] [OK] [EXEC] PLACE BUY price=80769.90 qty=0.003090
[19:41:29.718] [INFO] [EXEC] STREAM_BUY_PLACED level_id=2 order_id=386919763
[19:41:29.721] [OK] [EXEC] PLACE BUY price=80769.80 qty=0.003090
[19:41:29.985] [INFO] [EXEC] STREAM_BUY_PLACED level_id=3 order_id=386919767
[19:41:29.988] [OK] [EXEC] PLACE BUY price=80769.70 qty=0.003090
[19:41:31.200] [INFO] [HEALTH] state=DANGER
[19:41:31.201] [INFO] [EXEC] STREAM_GUARD_SIMPLE_PASS
[19:41:31.205] [INFO] [EXEC] STREAM_MODE_ACTIVE_SKIP_SINGLE_ENTRY
[19:41:31.474] [INFO] [EXEC] STREAM_BUY_PLACED level_id=4 order_id=386919782
[19:41:31.475] [OK] [EXEC] PLACE BUY price=80769.60 qty=0.003090
[19:41:31.738] [INFO] [EXEC] STREAM_BUY_PLACED level_id=5 order_id=386919784
[19:41:31.741] [OK] [EXEC] PLACE BUY price=80769.50 qty=0.003090
[19:41:32.012] [INFO] [EXEC] STREAM_BUY_PLACED level_id=6 order_id=386919787
[19:41:32.015] [OK] [EXEC] PLACE BUY price=80769.40 qty=0.003090
[19:41:32.658] [INFO] [EXEC] STREAM_BUY_FILLED level_id=1
[19:41:32.662] [OK] [EXEC] CHUNK ADD qty=0.003090 entry=80769.90
[19:41:32.663] [INFO] [EXEC] CHUNK COUNT n=1
[19:41:32.664] [INFO] [EXEC] STREAM_TARGET_USED ticks=80 sell_price=80770.70
[19:41:32.959] [INFO] [EXEC] STREAM_SELL_PLACED stream_id=1 chunk_id=2141708353024 order_id=386919825 price=80770.70 qty=0.003090
[19:41:33.239] [INFO] [EXEC] STREAM_BUY_FILLED level_id=2
[19:41:33.243] [OK] [EXEC] CHUNK ADD qty=0.003090 entry=80769.80
[19:41:33.244] [INFO] [EXEC] CHUNK COUNT n=2
[19:41:33.245] [INFO] [EXEC] STREAM_TARGET_USED ticks=80 sell_price=80770.60
[19:41:33.544] [INFO] [EXEC] STREAM_SELL_PLACED stream_id=2 chunk_id=2141759509168 order_id=386919939 price=80770.60 qty=0.003090
[19:41:33.852] [INFO] [EXEC] STREAM_BUY_FILLED level_id=3
[19:41:33.854] [OK] [EXEC] CHUNK ADD qty=0.003090 entry=80769.70
[19:41:33.855] [INFO] [EXEC] CHUNK COUNT n=3
[19:41:33.856] [INFO] [EXEC] STREAM_TARGET_USED ticks=80 sell_price=80770.50
[19:41:34.122] [INFO] [EXEC] STREAM_SELL_PLACED stream_id=3 chunk_id=2141759505664 order_id=386919961 price=80770.50 qty=0.003090
[19:41:34.386] [INFO] [EXEC] STREAM_BUY_FILLED level_id=4
[19:41:34.389] [OK] [EXEC] CHUNK ADD qty=0.003090 entry=80769.60
[19:41:34.391] [INFO] [EXEC] CHUNK COUNT n=4
[19:41:34.392] [INFO] [EXEC] STREAM_TARGET_USED ticks=80 sell_price=80770.40
[19:41:34.653] [INFO] [EXEC] STREAM_SELL_PLACED stream_id=4 chunk_id=2141759518960 order_id=386919964 price=80770.40 qty=0.003090
[19:41:34.929] [INFO] [EXEC] STREAM_BUY_FILLED level_id=5
[19:41:34.931] [OK] [EXEC] CHUNK ADD qty=0.003090 entry=80769.50
[19:41:34.933] [INFO] [EXEC] CHUNK COUNT n=5
[19:41:34.934] [INFO] [EXEC] STREAM_TARGET_USED ticks=80 sell_price=80770.30
[19:41:35.694] [INFO] [EXEC] STREAM_SELL_PLACED stream_id=5 chunk_id=2141759515600 order_id=386919983 price=80770.30 qty=0.003090
[19:41:36.025] [INFO] [EXEC] STREAM_BUY_FILLED level_id=6
[19:41:36.029] [OK] [EXEC] CHUNK ADD qty=0.003090 entry=80769.40
[19:41:36.031] [INFO] [EXEC] CHUNK COUNT n=6
[19:41:36.034] [INFO] [EXEC] STREAM_TARGET_USED ticks=80 sell_price=80770.20
[19:41:36.328] [INFO] [EXEC] STREAM_SELL_PLACED stream_id=6 chunk_id=2141759508064 order_id=386919986 price=80770.20 qty=0.003090
[19:41:36.606] [INFO] [EXEC] STREAM_SELL_STATUS stream_id=1 chunk_id=2141708353024 order_id=386919825 status=NEW
[19:41:36.983] [INFO] [EXEC] STREAM_SELL_STATUS stream_id=2 chunk_id=2141759509168 order_id=386919939 status=NEW
[19:41:37.256] [INFO] [EXEC] STREAM_SELL_STATUS stream_id=3 chunk_id=2141759505664 order_id=386919961 status=NEW
[19:41:37.522] [INFO] [EXEC] STREAM_SELL_STATUS stream_id=4 chunk_id=2141759518960 order_id=386919964 status=NEW
[19:41:38.268] [INFO] [EXEC] STREAM_SELL_STATUS stream_id=5 chunk_id=2141759515600 order_id=386919983 status=NEW
[19:41:38.536] [INFO] [EXEC] STREAM_SELL_STATUS stream_id=6 chunk_id=2141759508064 order_id=386919986 status=NEW
[19:41:38.539] [INFO] [EXEC] STREAM_REPAIR_SKIP reason=stream_owned_inventory
[19:41:38.540] [INFO] [EXEC] STREAM_GLOBAL_SELL_SKIP reason=exit_recovery_inventory_no_sell
[19:41:38.541] [INFO] [EXEC] STREAM_GLOBAL_SELL_SKIP reason=place_sell
[19:41:40.278] [INFO] [EXEC] STREAM_SELL_STATUS stream_id=1 chunk_id=2141708353024 order_id=386919825 status=NEW
[19:41:40.543] [INFO] [EXEC] STREAM_SELL_STATUS stream_id=2 chunk_id=2141759509168 order_id=386919939 status=NEW
[19:41:40.806] [INFO] [EXEC] STREAM_SELL_STATUS stream_id=3 chunk_id=2141759505664 order_id=386919961 status=NEW
[19:41:41.068] [INFO] [EXEC] STREAM_SELL_STATUS stream_id=4 chunk_id=2141759518960 order_id=386919964 status=NEW
[19:41:41.332] [INFO] [EXEC] STREAM_SELL_STATUS stream_id=5 chunk_id=2141759515600 order_id=386919983 status=NEW
[19:41:41.612] [INFO] [EXEC] STREAM_SELL_STATUS stream_id=6 chunk_id=2141759508064 order_id=386919986 status=NEW
[19:41:41.616] [INFO] [EXEC] STREAM_REPAIR_SKIP reason=stream_owned_inventory
[19:41:41.617] [INFO] [EXEC] STREAM_GLOBAL_SELL_SKIP reason=exit_recovery_inventory_no_sell
[19:41:41.618] [INFO] [EXEC] STREAM_GLOBAL_SELL_SKIP reason=place_sell
[19:41:42.365] [INFO] [EXEC] STREAM_SELL_STATUS stream_id=1 chunk_id=2141708353024 order_id=386919825 status=NEW
[19:41:42.635] [INFO] [EXEC] STREAM_SELL_STATUS stream_id=2 chunk_id=2141759509168 order_id=386919939 status=NEW
[19:41:42.924] [INFO] [EXEC] STREAM_SELL_STATUS stream_id=3 chunk_id=2141759505664 order_id=386919961 status=NEW
[19:41:43.186] [INFO] [EXEC] STREAM_SELL_STATUS stream_id=4 chunk_id=2141759518960 order_id=386919964 status=NEW
[19:41:43.450] [INFO] [EXEC] STREAM_SELL_STATUS stream_id=5 chunk_id=2141759515600 order_id=386919983 status=NEW
[19:41:43.714] [INFO] [EXEC] STREAM_SELL_STATUS stream_id=6 chunk_id=2141759508064 order_id=386919986 status=NEW
[19:41:43.718] [INFO] [EXEC] STREAM_REPAIR_SKIP reason=stream_owned_inventory
[19:41:44.825] [INFO] [EXEC] STREAM_SELL_STATUS stream_id=1 chunk_id=2141708353024 order_id=386919825 status=NEW
[19:41:45.086] [INFO] [EXEC] STREAM_SELL_STATUS stream_id=2 chunk_id=2141759509168 order_id=386919939 status=NEW
[19:41:45.350] [INFO] [EXEC] STREAM_SELL_STATUS stream_id=3 chunk_id=2141759505664 order_id=386919961 status=NEW
[19:41:45.615] [INFO] [EXEC] STREAM_SELL_STATUS stream_id=4 chunk_id=2141759518960 order_id=386919964 status=NEW
[19:41:45.899] [INFO] [EXEC] STREAM_SELL_STATUS stream_id=5 chunk_id=2141759515600 order_id=386919983 status=NEW
[19:41:46.163] [INFO] [EXEC] STREAM_SELL_STATUS stream_id=6 chunk_id=2141759508064 order_id=386919986 status=NEW
[19:41:46.167] [INFO] [EXEC] STREAM_REPAIR_SKIP reason=stream_owned_inventory
[19:41:46.169] [INFO] [EXEC] STREAM_GLOBAL_SELL_SKIP reason=exit_recovery_inventory_no_sell
[19:41:46.170] [INFO] [EXEC] STREAM_GLOBAL_SELL_SKIP reason=place_sell
[19:41:46.831] [INFO] [EXEC] STREAM_SELL_STATUS stream_id=1 chunk_id=2141708353024 order_id=386919825 status=NEW
[19:41:47.150] [INFO] [EXEC] STREAM_SELL_STATUS stream_id=2 chunk_id=2141759509168 order_id=386919939 status=NEW
[19:41:47.423] [INFO] [EXEC] STREAM_SELL_STATUS stream_id=3 chunk_id=2141759505664 order_id=386919961 status=NEW
[19:41:47.688] [INFO] [EXEC] STREAM_SELL_STATUS stream_id=4 chunk_id=2141759518960 order_id=386919964 status=NEW
[19:41:47.961] [INFO] [EXEC] STREAM_SELL_STATUS stream_id=5 chunk_id=2141759515600 order_id=386919983 status=NEW
[19:41:48.224] [INFO] [EXEC] STREAM_SELL_STATUS stream_id=6 chunk_id=2141759508064 order_id=386919986 status=NEW
[19:41:48.228] [INFO] [EXEC] STREAM_REPAIR_SKIP reason=stream_owned_inventory
[19:41:48.805] [INFO] [EXEC] STREAM_SELL_STATUS stream_id=1 chunk_id=2141708353024 order_id=386919825 status=NEW
[19:41:49.067] [INFO] [EXEC] STREAM_SELL_STATUS stream_id=2 chunk_id=2141759509168 order_id=386919939 status=NEW
[19:41:49.329] [INFO] [EXEC] STREAM_SELL_STATUS stream_id=3 chunk_id=2141759505664 order_id=386919961 status=NEW
[19:41:49.612] [INFO] [EXEC] STREAM_SELL_STATUS stream_id=4 chunk_id=2141759518960 order_id=386919964 status=NEW
[19:41:49.897] [INFO] [EXEC] STREAM_SELL_STATUS stream_id=5 chunk_id=2141759515600 order_id=386919983 status=NEW
[19:41:50.166] [INFO] [EXEC] STREAM_SELL_STATUS stream_id=6 chunk_id=2141759508064 order_id=386919986 status=NEW
[19:41:50.170] [INFO] [EXEC] STREAM_REPAIR_SKIP reason=stream_owned_inventory
[19:41:50.171] [INFO] [EXEC] STREAM_GLOBAL_SELL_SKIP reason=exit_recovery_inventory_no_sell
[19:41:50.172] [INFO] [EXEC] STREAM_GLOBAL_SELL_SKIP reason=place_sell
[19:41:50.821] [INFO] [EXEC] STREAM_SELL_STATUS stream_id=1 chunk_id=2141708353024 order_id=386919825 status=NEW
[19:41:50.825] [WARNING] [EXEC] STREAM_SELL_TIMEOUT stream_id=1 chunk_id=2141708353024 order_id=386919825 age_ms=18127 timeout_ms=18000
[19:41:51.111] [INFO] [EXEC] STREAM_SELL_CANCEL_OLD stream_id=1 chunk_id=2141708353024 order_id=386919825
[19:41:51.113] [WARNING] [EXEC] STREAM_STOP_LOSS_EXIT stream_id=1 chunk_id=2141708353024 order_id=386919825 stop_price=80762.00 retry_count=0 retry_max=5
[19:41:51.642] [INFO] [EXEC] STREAM_SELL_STATUS stream_id=2 chunk_id=2141759509168 order_id=386919939 status=NEW
[19:41:51.645] [WARNING] [EXEC] STREAM_SELL_TIMEOUT stream_id=2 chunk_id=2141759509168 order_id=386919939 age_ms=18127 timeout_ms=18000
[19:41:51.911] [INFO] [EXEC] STREAM_SELL_CANCEL_OLD stream_id=2 chunk_id=2141759509168 order_id=386919939
[19:41:51.914] [WARNING] [EXEC] STREAM_STOP_LOSS_EXIT stream_id=2 chunk_id=2141759509168 order_id=386919939 stop_price=80762.00 retry_count=0 retry_max=5
[19:41:52.444] [INFO] [EXEC] STREAM_SELL_STATUS stream_id=3 chunk_id=2141759505664 order_id=386919961 status=NEW
[19:41:52.446] [WARNING] [EXEC] STREAM_SELL_TIMEOUT stream_id=3 chunk_id=2141759505664 order_id=386919961 age_ms=18127 timeout_ms=18000
[19:41:52.706] [INFO] [EXEC] STREAM_SELL_CANCEL_OLD stream_id=3 chunk_id=2141759505664 order_id=386919961
[19:41:52.709] [WARNING] [EXEC] STREAM_STOP_LOSS_EXIT stream_id=3 chunk_id=2141759505664 order_id=386919961 stop_price=80762.00 retry_count=0 retry_max=5
[19:41:53.258] [INFO] [EXEC] STREAM_SELL_STATUS stream_id=4 chunk_id=2141759518960 order_id=386919964 status=NEW
[19:41:53.259] [WARNING] [EXEC] STREAM_SELL_TIMEOUT stream_id=4 chunk_id=2141759518960 order_id=386919964 age_ms=18127 timeout_ms=18000
[19:41:53.523] [INFO] [EXEC] STREAM_SELL_CANCEL_OLD stream_id=4 chunk_id=2141759518960 order_id=386919964
[19:41:53.526] [WARNING] [EXEC] STREAM_STOP_LOSS_EXIT stream_id=4 chunk_id=2141759518960 order_id=386919964 stop_price=80762.00 retry_count=0 retry_max=5
[19:41:54.066] [INFO] [EXEC] STREAM_SELL_STATUS stream_id=5 chunk_id=2141759515600 order_id=386919983 status=NEW
[19:41:54.070] [WARNING] [EXEC] STREAM_SELL_TIMEOUT stream_id=5 chunk_id=2141759515600 order_id=386919983 age_ms=18127 timeout_ms=18000
[19:41:54.334] [INFO] [EXEC] STREAM_SELL_CANCEL_OLD stream_id=5 chunk_id=2141759515600 order_id=386919983
[19:41:54.336] [WARNING] [EXEC] STREAM_STOP_LOSS_EXIT stream_id=5 chunk_id=2141759515600 order_id=386919983 stop_price=80762.00 retry_count=0 retry_max=5
[19:41:54.866] [INFO] [EXEC] STREAM_SELL_STATUS stream_id=6 chunk_id=2141759508064 order_id=386919986 status=NEW
[19:41:54.869] [WARNING] [EXEC] STREAM_SELL_TIMEOUT stream_id=6 chunk_id=2141759508064 order_id=386919986 age_ms=18127 timeout_ms=18000
[19:41:55.177] [INFO] [EXEC] STREAM_SELL_CANCEL_OLD stream_id=6 chunk_id=2141759508064 order_id=386919986
[19:41:55.180] [WARNING] [EXEC] STREAM_STOP_LOSS_EXIT stream_id=6 chunk_id=2141759508064 order_id=386919986 stop_price=80762.00 retry_count=0 retry_max=5
[19:41:55.481] [INFO] [EXEC] STREAM_REPAIR_SKIP reason=stream_owned_inventory
[19:41:55.483] [INFO] [EXEC] STREAM_GLOBAL_SELL_SKIP reason=exit_recovery_inventory_no_sell
[19:41:55.484] [INFO] [EXEC] STREAM_GLOBAL_SELL_SKIP reason=place_sell
[19:41:56.864] [INFO] [EXEC] STREAM_SELL_STATUS stream_id=1 chunk_id=2141708353024 order_id=386920232 status=FILLED
[19:41:56.868] [INFO] [EXEC] STREAM_SELL_FILLED stream_id=1 chunk_id=2141708353024 order_id=386920232
[19:41:56.869] [OK] [EXEC] FIFO CLOSE qty=0.003090 entry=80769.90 exit=80762.00 pnl=-0.024411
[19:41:56.870] [INFO] [EXEC] STREAM_PNL stream_id=1 pnl=-0.024411
[19:41:56.871] [WARNING] [EXEC] STREAM_LOSS_COOLDOWN stream_id=1 cooldown_ms=8000
[19:41:56.872] [INFO] [EXEC] STREAM_RECYCLED level_id=1
[19:41:56.873] [INFO] [EXEC] STREAM_RECYCLED stream_id=1
[19:41:57.147] [INFO] [EXEC] STREAM_SELL_STATUS stream_id=2 chunk_id=2141759509168 order_id=386920237 status=FILLED
[19:41:57.150] [INFO] [EXEC] STREAM_SELL_FILLED stream_id=2 chunk_id=2141759509168 order_id=386920237
[19:41:57.152] [OK] [EXEC] FIFO CLOSE qty=0.003090 entry=80769.80 exit=80762.00 pnl=-0.024102
[19:41:57.153] [INFO] [EXEC] STREAM_PNL stream_id=2 pnl=-0.024102
[19:41:57.154] [WARNING] [EXEC] STREAM_LOSS_COOLDOWN stream_id=2 cooldown_ms=8000
[19:41:57.155] [INFO] [EXEC] STREAM_RECYCLED level_id=2
[19:41:57.156] [INFO] [EXEC] STREAM_RECYCLED stream_id=2
[19:41:57.429] [INFO] [EXEC] STREAM_SELL_STATUS stream_id=3 chunk_id=2141759505664 order_id=386920283 status=FILLED
[19:41:57.432] [INFO] [EXEC] STREAM_SELL_FILLED stream_id=3 chunk_id=2141759505664 order_id=386920283
[19:41:57.433] [OK] [EXEC] FIFO CLOSE qty=0.003090 entry=80769.70 exit=80762.00 pnl=-0.023793
[19:41:57.435] [INFO] [EXEC] STREAM_PNL stream_id=3 pnl=-0.023793
[19:41:57.437] [WARNING] [EXEC] STREAM_LOSS_COOLDOWN stream_id=3 cooldown_ms=8000
[19:41:57.439] [INFO] [EXEC] STREAM_RECYCLED level_id=3
[19:41:57.441] [INFO] [EXEC] STREAM_RECYCLED stream_id=3
[19:41:57.709] [INFO] [EXEC] STREAM_SELL_STATUS stream_id=4 chunk_id=2141759518960 order_id=386920310 status=FILLED
[19:41:57.713] [INFO] [EXEC] STREAM_SELL_FILLED stream_id=4 chunk_id=2141759518960 order_id=386920310
[19:41:57.714] [OK] [EXEC] FIFO CLOSE qty=0.003090 entry=80769.60 exit=80762.00 pnl=-0.023484
[19:41:57.715] [INFO] [EXEC] STREAM_PNL stream_id=4 pnl=-0.023484
[19:41:57.716] [WARNING] [EXEC] STREAM_LOSS_COOLDOWN stream_id=4 cooldown_ms=8000
[19:41:57.717] [INFO] [EXEC] STREAM_RECYCLED level_id=4
[19:41:57.718] [INFO] [EXEC] STREAM_RECYCLED stream_id=4
[19:41:57.994] [INFO] [EXEC] STREAM_SELL_STATUS stream_id=5 chunk_id=2141759515600 order_id=386920324 status=FILLED
[19:41:57.996] [INFO] [EXEC] STREAM_SELL_FILLED stream_id=5 chunk_id=2141759515600 order_id=386920324
[19:41:57.997] [OK] [EXEC] FIFO CLOSE qty=0.003090 entry=80769.50 exit=80762.00 pnl=-0.023175
[19:41:57.998] [INFO] [EXEC] STREAM_PNL stream_id=5 pnl=-0.023175
[19:41:57.999] [WARNING] [EXEC] STREAM_LOSS_COOLDOWN stream_id=5 cooldown_ms=8000
[19:41:58.000] [INFO] [EXEC] STREAM_RECYCLED level_id=5
[19:41:58.001] [INFO] [EXEC] STREAM_RECYCLED stream_id=5
[19:41:58.262] [INFO] [EXEC] STREAM_SELL_STATUS stream_id=6 chunk_id=2141759508064 order_id=386920352 status=FILLED
[19:41:58.266] [INFO] [EXEC] STREAM_SELL_FILLED stream_id=6 chunk_id=2141759508064 order_id=386920352
[19:41:58.269] [OK] [EXEC] FIFO CLOSE qty=0.003090 entry=80769.40 exit=80762.00 pnl=-0.022866
[19:41:58.271] [INFO] [EXEC] STREAM_PNL stream_id=6 pnl=-0.022866
[19:41:58.273] [WARNING] [EXEC] STREAM_LOSS_COOLDOWN stream_id=6 cooldown_ms=8000
[19:41:58.274] [INFO] [EXEC] STREAM_RECYCLED level_id=6
[19:41:58.276] [INFO] [EXEC] STREAM_RECYCLED stream_id=6
[19:41:58.277] [WARNING] [HEALTH] block spread_too_young lifetime=0
[19:41:58.278] [WARNING] [HEALTH] unstable_spread lifetime=0
[19:41:58.278] [INFO] [EXEC] STREAM_GUARD_SIMPLE_BLOCK reason=cooldown_active
[19:41:58.279] [WARNING] [EXEC] BLOCK_BUY reason=cooldown_active mode=FAST ws_age=2202 spread=6.93 stable=1/1 mid_delta=0.00 bid_delta=0.00
[19:41:58.281] [OK] [PLAN] READY entry=80760.03 exit=80766.95 profit=0.018961 age=57372ms
[19:41:58.282] [INFO] [EXEC] STREAM_STATS_UI cycles=15 wins=9 losses=6 pnl=-0.119583 winrate=60.00%
[19:41:58.797] [INFO] [EXEC] STREAM_GUARD_SIMPLE_BLOCK reason=cooldown_active
[19:42:00.042] [WARNING] [EXEC] BLOCK_BUY reason=cooldown_active mode=FAST ws_age=93 spread=6.01 stable=1/1 mid_delta=0.00 bid_delta=0.00
[19:42:00.571] [INFO] [EXEC] STREAM_GUARD_SIMPLE_BLOCK reason=cooldown_active
[19:42:01.838] [INFO] [HEALTH] state=GOOD
[19:42:01.840] [INFO] [EXEC] STREAM_GUARD_SIMPLE_BLOCK reason=cooldown_active
[19:42:01.844] [INFO] [EXEC] STREAM_STATS_UI cycles=15 wins=9 losses=6 pnl=-0.119583 winrate=60.00%
[19:42:02.335] [INFO] [EXEC] STREAM_GUARD_SIMPLE_BLOCK reason=cooldown_active
[19:42:03.330] [WARNING] [EXEC] BLOCK_BUY reason=cooldown_active mode=FAST ws_age=125 spread=6.50 stable=1/1 mid_delta=0.00 bid_delta=0.00
[19:42:03.825] [INFO] [EXEC] STREAM_GUARD_SIMPLE_BLOCK reason=cooldown_active
[19:42:04.835] [INFO] [EXEC] STREAM_GUARD_SIMPLE_PASS
[19:42:04.839] [INFO] [EXEC] STREAM_MODE_ACTIVE_SKIP_SINGLE_ENTRY
[19:42:05.132] [INFO] [EXEC] STREAM_BUY_PLACED level_id=1 order_id=386920636
[19:42:05.136] [OK] [EXEC] PLACE BUY price=80769.90 qty=0.003090
[19:42:05.405] [INFO] [EXEC] STREAM_BUY_PLACED level_id=2 order_id=386920696
[19:42:05.408] [OK] [EXEC] PLACE BUY price=80769.80 qty=0.003090
[19:42:05.692] [INFO] [EXEC] STREAM_BUY_PLACED level_id=3 order_id=386920730
[19:42:05.695] [OK] [EXEC] PLACE BUY price=80769.70 qty=0.003090
[19:42:06.392] [INFO] [EXEC] STREAM_BUY_FILLED level_id=1
[19:42:06.396] [OK] [EXEC] CHUNK ADD qty=0.003090 entry=80769.90
[19:42:06.399] [INFO] [EXEC] CHUNK COUNT n=1
[19:42:06.402] [INFO] [EXEC] STREAM_TARGET_USED ticks=80 sell_price=80770.70
[19:42:06.671] [INFO] [EXEC] STREAM_SELL_PLACED stream_id=1 chunk_id=2141759892288 order_id=386920772 price=80770.70 qty=0.003090
[19:42:06.958] [INFO] [EXEC] STREAM_BUY_FILLED level_id=2
[19:42:06.961] [OK] [EXEC] CHUNK ADD qty=0.003090 entry=80769.80
[19:42:06.963] [INFO] [EXEC] CHUNK COUNT n=2
[19:42:06.964] [INFO] [EXEC] STREAM_TARGET_USED ticks=80 sell_price=80770.60
[19:42:07.230] [INFO] [EXEC] STREAM_SELL_PLACED stream_id=2 chunk_id=2141759890368 order_id=386920781 price=80770.60 qty=0.003090
[19:42:07.500] [INFO] [EXEC] STREAM_BUY_FILLED level_id=3
[19:42:07.502] [OK] [EXEC] CHUNK ADD qty=0.003090 entry=80769.70
[19:42:07.503] [INFO] [EXEC] CHUNK COUNT n=3
[19:42:07.504] [INFO] [EXEC] STREAM_TARGET_USED ticks=80 sell_price=80770.50
[19:42:07.766] [INFO] [EXEC] STREAM_SELL_PLACED stream_id=3 chunk_id=2141759891952 order_id=386920782 price=80770.50 qty=0.003090
[19:42:08.055] [INFO] [EXEC] STREAM_SELL_STATUS stream_id=1 chunk_id=2141759892288 order_id=386920772 status=NEW
[19:42:08.321] [INFO] [EXEC] STREAM_SELL_STATUS stream_id=2 chunk_id=2141759890368 order_id=386920781 status=NEW
[19:42:08.594] [INFO] [EXEC] STREAM_SELL_STATUS stream_id=3 chunk_id=2141759891952 order_id=386920782 status=NEW
[19:42:08.597] [INFO] [EXEC] STREAM_REPAIR_SKIP reason=stream_owned_inventory
[19:42:08.599] [INFO] [EXEC] STREAM_GLOBAL_SELL_SKIP reason=exit_recovery_inventory_no_sell
[19:42:08.600] [INFO] [EXEC] STREAM_GLOBAL_SELL_SKIP reason=place_sell
[19:42:09.719] [INFO] [EXEC] STREAM_SELL_STATUS stream_id=1 chunk_id=2141759892288 order_id=386920772 status=NEW
[19:42:10.006] [INFO] [EXEC] STREAM_SELL_STATUS stream_id=2 chunk_id=2141759890368 order_id=386920781 status=NEW
[19:42:10.278] [INFO] [EXEC] STREAM_SELL_STATUS stream_id=3 chunk_id=2141759891952 order_id=386920782 status=NEW
[19:42:10.283] [INFO] [EXEC] STREAM_REPAIR_SKIP reason=stream_owned_inventory
[19:42:10.984] [INFO] [EXEC] STREAM_SELL_STATUS stream_id=1 chunk_id=2141759892288 order_id=386920772 status=NEW
[19:42:11.256] [INFO] [EXEC] STREAM_SELL_STATUS stream_id=2 chunk_id=2141759890368 order_id=386920781 status=NEW
[19:42:11.563] [INFO] [EXEC] STREAM_SELL_STATUS stream_id=3 chunk_id=2141759891952 order_id=386920782 status=NEW
[19:42:11.564] [INFO] [EXEC] STREAM_REPAIR_SKIP reason=stream_owned_inventory
[19:42:11.565] [INFO] [EXEC] STREAM_GLOBAL_SELL_SKIP reason=exit_recovery_inventory_no_sell
[19:42:11.566] [INFO] [EXEC] STREAM_GLOBAL_SELL_SKIP reason=place_sell
[19:42:12.318] [INFO] [EXEC] STREAM_SELL_STATUS stream_id=1 chunk_id=2141759892288 order_id=386920772 status=NEW
[19:42:12.587] [INFO] [EXEC] STREAM_SELL_STATUS stream_id=2 chunk_id=2141759890368 order_id=386920781 status=NEW
[19:42:12.865] [INFO] [EXEC] STREAM_SELL_STATUS stream_id=3 chunk_id=2141759891952 order_id=386920782 status=NEW
[19:42:12.871] [INFO] [EXEC] STREAM_REPAIR_SKIP reason=stream_owned_inventory
[19:42:13.778] [INFO] [EXEC] STREAM_SELL_STATUS stream_id=1 chunk_id=2141759892288 order_id=386920772 status=NEW
[19:42:14.052] [INFO] [EXEC] STREAM_SELL_STATUS stream_id=2 chunk_id=2141759890368 order_id=386920781 status=NEW
[19:42:14.318] [INFO] [EXEC] STREAM_SELL_STATUS stream_id=3 chunk_id=2141759891952 order_id=386920782 status=NEW
[19:42:14.322] [INFO] [EXEC] STREAM_REPAIR_SKIP reason=stream_owned_inventory
[19:42:14.323] [INFO] [EXEC] STREAM_GLOBAL_SELL_SKIP reason=exit_recovery_inventory_no_sell
[19:42:14.324] [INFO] [EXEC] STREAM_GLOBAL_SELL_SKIP reason=place_sell
[19:42:15.014] [INFO] [EXEC] STREAM_SELL_STATUS stream_id=1 chunk_id=2141759892288 order_id=386920772 status=NEW
[19:42:15.290] [INFO] [EXEC] STREAM_SELL_STATUS stream_id=2 chunk_id=2141759890368 order_id=386920781 status=NEW
[19:42:15.563] [INFO] [EXEC] STREAM_SELL_STATUS stream_id=3 chunk_id=2141759891952 order_id=386920782 status=NEW
[19:42:15.565] [INFO] [EXEC] STREAM_REPAIR_SKIP reason=stream_owned_inventory
[19:42:16.276] [INFO] [EXEC] STREAM_SELL_STATUS stream_id=1 chunk_id=2141759892288 order_id=386920772 status=NEW
[19:42:16.546] [INFO] [EXEC] STREAM_SELL_STATUS stream_id=2 chunk_id=2141759890368 order_id=386920781 status=NEW
[19:42:16.820] [INFO] [EXEC] STREAM_SELL_STATUS stream_id=3 chunk_id=2141759891952 order_id=386920782 status=NEW
[19:42:16.823] [INFO] [EXEC] STREAM_REPAIR_SKIP reason=stream_owned_inventory
[19:42:16.824] [INFO] [EXEC] STREAM_GLOBAL_SELL_SKIP reason=exit_recovery_inventory_no_sell
[19:42:16.826] [INFO] [EXEC] STREAM_GLOBAL_SELL_SKIP reason=place_sell
[19:42:17.549] [INFO] [EXEC] STREAM_SELL_STATUS stream_id=1 chunk_id=2141759892288 order_id=386920772 status=NEW
[19:42:17.823] [INFO] [EXEC] STREAM_SELL_STATUS stream_id=2 chunk_id=2141759890368 order_id=386920781 status=NEW
[19:42:18.095] [INFO] [EXEC] STREAM_SELL_STATUS stream_id=3 chunk_id=2141759891952 order_id=386920782 status=NEW
[19:42:18.098] [INFO] [EXEC] STREAM_REPAIR_SKIP reason=stream_owned_inventory
[19:42:18.762] [INFO] [EXEC] STREAM_SELL_STATUS stream_id=1 chunk_id=2141759892288 order_id=386920772 status=NEW
[19:42:19.029] [INFO] [EXEC] STREAM_SELL_STATUS stream_id=2 chunk_id=2141759890368 order_id=386920781 status=NEW
[19:42:19.311] [INFO] [EXEC] STREAM_SELL_STATUS stream_id=3 chunk_id=2141759891952 order_id=386920782 status=NEW
[19:42:19.314] [INFO] [EXEC] STREAM_REPAIR_SKIP reason=stream_owned_inventory
[19:42:20.013] [INFO] [EXEC] STREAM_SELL_STATUS stream_id=1 chunk_id=2141759892288 order_id=386920772 status=NEW
[19:42:20.297] [INFO] [EXEC] STREAM_SELL_STATUS stream_id=2 chunk_id=2141759890368 order_id=386920781 status=NEW
[19:42:20.562] [INFO] [EXEC] STREAM_SELL_STATUS stream_id=3 chunk_id=2141759891952 order_id=386920782 status=NEW
[19:42:20.563] [INFO] [EXEC] STREAM_REPAIR_SKIP reason=stream_owned_inventory
[19:42:20.565] [INFO] [EXEC] STREAM_GLOBAL_SELL_SKIP reason=exit_recovery_inventory_no_sell
[19:42:20.566] [INFO] [EXEC] STREAM_GLOBAL_SELL_SKIP reason=place_sell
[19:42:21.293] [INFO] [EXEC] STREAM_SELL_STATUS stream_id=1 chunk_id=2141759892288 order_id=386920772 status=NEW
[19:42:21.561] [INFO] [EXEC] STREAM_SELL_STATUS stream_id=2 chunk_id=2141759890368 order_id=386920781 status=NEW
[19:42:21.847] [INFO] [EXEC] STREAM_SELL_STATUS stream_id=3 chunk_id=2141759891952 order_id=386920782 status=NEW
[19:42:21.852] [INFO] [EXEC] STREAM_REPAIR_SKIP reason=stream_owned_inventory
[19:42:22.546] [INFO] [EXEC] STREAM_SELL_STATUS stream_id=1 chunk_id=2141759892288 order_id=386920772 status=NEW
[19:42:22.815] [INFO] [EXEC] STREAM_SELL_STATUS stream_id=2 chunk_id=2141759890368 order_id=386920781 status=NEW
[19:42:23.091] [INFO] [EXEC] STREAM_SELL_STATUS stream_id=3 chunk_id=2141759891952 order_id=386920782 status=NEW
[19:42:23.095] [INFO] [EXEC] STREAM_REPAIR_SKIP reason=stream_owned_inventory
[19:42:23.096] [INFO] [EXEC] STREAM_GLOBAL_SELL_SKIP reason=exit_recovery_inventory_no_sell
[19:42:23.097] [INFO] [EXEC] STREAM_GLOBAL_SELL_SKIP reason=place_sell
[19:42:23.842] [INFO] [EXEC] STREAM_SELL_STATUS stream_id=1 chunk_id=2141759892288 order_id=386920772 status=NEW
[19:42:24.122] [INFO] [EXEC] STREAM_SELL_STATUS stream_id=2 chunk_id=2141759890368 order_id=386920781 status=NEW
[19:42:24.386] [INFO] [EXEC] STREAM_SELL_STATUS stream_id=3 chunk_id=2141759891952 order_id=386920782 status=NEW
[19:42:24.390] [INFO] [EXEC] STREAM_REPAIR_SKIP reason=stream_owned_inventory
[19:42:25.364] [INFO] [EXEC] STREAM_SELL_STATUS stream_id=1 chunk_id=2141759892288 order_id=386920772 status=NEW
[19:42:25.368] [WARNING] [EXEC] STREAM_SELL_TIMEOUT stream_id=1 chunk_id=2141759892288 order_id=386920772 age_ms=18975 timeout_ms=18000
[19:42:25.632] [INFO] [EXEC] STREAM_SELL_CANCEL_OLD stream_id=1 chunk_id=2141759892288 order_id=386920772
[19:42:25.634] [WARNING] [EXEC] STREAM_STOP_LOSS_EXIT stream_id=1 chunk_id=2141759892288 order_id=386920772 stop_price=80741.64 retry_count=0 retry_max=5
[19:42:26.186] [INFO] [EXEC] STREAM_SELL_STATUS stream_id=2 chunk_id=2141759890368 order_id=386920781 status=NEW
[19:42:26.190] [WARNING] [EXEC] STREAM_SELL_TIMEOUT stream_id=2 chunk_id=2141759890368 order_id=386920781 age_ms=18975 timeout_ms=18000
[19:42:26.463] [INFO] [EXEC] STREAM_SELL_CANCEL_OLD stream_id=2 chunk_id=2141759890368 order_id=386920781
[19:42:26.468] [WARNING] [EXEC] STREAM_STOP_LOSS_EXIT stream_id=2 chunk_id=2141759890368 order_id=386920781 stop_price=80741.64 retry_count=0 retry_max=5
[19:42:27.004] [INFO] [EXEC] STREAM_SELL_STATUS stream_id=3 chunk_id=2141759891952 order_id=386920782 status=NEW
[19:42:27.009] [WARNING] [EXEC] STREAM_SELL_TIMEOUT stream_id=3 chunk_id=2141759891952 order_id=386920782 age_ms=18975 timeout_ms=18000
[19:42:27.270] [INFO] [EXEC] STREAM_SELL_CANCEL_OLD stream_id=3 chunk_id=2141759891952 order_id=386920782
[19:42:27.274] [WARNING] [EXEC] STREAM_STOP_LOSS_EXIT stream_id=3 chunk_id=2141759891952 order_id=386920782 stop_price=80741.64 retry_count=0 retry_max=5
[19:42:27.537] [INFO] [EXEC] STREAM_REPAIR_SKIP reason=stream_owned_inventory
[19:42:27.541] [INFO] [EXEC] STREAM_GLOBAL_SELL_SKIP reason=exit_recovery_inventory_no_sell
[19:42:27.545] [INFO] [EXEC] STREAM_GLOBAL_SELL_SKIP reason=place_sell
[19:42:28.177] [INFO] [EXEC] STREAM_SELL_STATUS stream_id=1 chunk_id=2141759892288 order_id=386921288 status=FILLED
[19:42:28.182] [INFO] [EXEC] STREAM_SELL_FILLED stream_id=1 chunk_id=2141759892288 order_id=386921288
[19:42:28.186] [OK] [EXEC] FIFO CLOSE qty=0.003090 entry=80769.90 exit=80741.64 pnl=-0.087323
[19:42:28.189] [INFO] [EXEC] STREAM_PNL stream_id=1 pnl=-0.087323
[19:42:28.193] [WARNING] [EXEC] STREAM_LOSS_COOLDOWN stream_id=1 cooldown_ms=8000
[19:42:28.196] [INFO] [EXEC] STREAM_RECYCLED level_id=1
[19:42:28.198] [INFO] [EXEC] STREAM_RECYCLED stream_id=1
[19:42:28.458] [INFO] [EXEC] STREAM_SELL_STATUS stream_id=2 chunk_id=2141759890368 order_id=386921317 status=FILLED
[19:42:28.462] [INFO] [EXEC] STREAM_SELL_FILLED stream_id=2 chunk_id=2141759890368 order_id=386921317
[19:42:28.465] [OK] [EXEC] FIFO CLOSE qty=0.003090 entry=80769.80 exit=80741.64 pnl=-0.087014
[19:42:28.467] [INFO] [EXEC] STREAM_PNL stream_id=2 pnl=-0.087014
[19:42:28.468] [WARNING] [EXEC] STREAM_LOSS_COOLDOWN stream_id=2 cooldown_ms=8000
[19:42:28.470] [INFO] [EXEC] STREAM_RECYCLED level_id=2
[19:42:28.471] [INFO] [EXEC] STREAM_RECYCLED stream_id=2
[19:42:28.742] [INFO] [EXEC] STREAM_SELL_STATUS stream_id=3 chunk_id=2141759891952 order_id=386921363 status=FILLED
[19:42:28.748] [INFO] [EXEC] STREAM_SELL_FILLED stream_id=3 chunk_id=2141759891952 order_id=386921363
[19:42:28.752] [OK] [EXEC] FIFO CLOSE qty=0.003090 entry=80769.70 exit=80741.64 pnl=-0.086705
[19:42:28.755] [INFO] [EXEC] STREAM_PNL stream_id=3 pnl=-0.086705
[19:42:28.758] [WARNING] [EXEC] STREAM_LOSS_COOLDOWN stream_id=3 cooldown_ms=8000
[19:42:28.760] [INFO] [EXEC] STREAM_RECYCLED level_id=3
[19:42:28.761] [INFO] [EXEC] STREAM_RECYCLED stream_id=3
[19:42:28.763] [INFO] [HEALTH] state=GOOD
[19:42:28.763] [INFO] [EXEC] STREAM_GUARD_SIMPLE_BLOCK reason=cooldown_active
[19:42:28.765] [WARNING] [EXEC] BLOCK_BUY reason=cooldown_active mode=FAST ws_age=937 spread=7.31 stable=1/1 mid_delta=0.00 bid_delta=0.00
[19:42:28.767] [INFO] [EXEC] STREAM_STATS_UI cycles=18 wins=9 losses=9 pnl=-0.380626 winrate=50.00%
[19:42:29.163] [INFO] [EXEC] STREAM_GUARD_SIMPLE_BLOCK reason=cooldown_active
[19:42:30.956] [WARNING] [EXEC] BLOCK_BUY reason=cooldown_active mode=FAST ws_age=452 spread=10.54 stable=1/1 mid_delta=0.00 bid_delta=0.00
[19:42:31.447] [INFO] [EXEC] STREAM_GUARD_SIMPLE_BLOCK reason=cooldown_active
[19:42:31.943] [WARNING] [HEALTH] block spread_too_young lifetime=0
[19:42:31.947] [WARNING] [HEALTH] unstable_spread lifetime=0
[19:42:31.949] [INFO] [EXEC] STREAM_GUARD_SIMPLE_BLOCK reason=cooldown_active
[19:42:32.442] [WARNING] [HEALTH] block spread_too_young lifetime=499
[19:42:32.445] [INFO] [EXEC] STREAM_GUARD_SIMPLE_BLOCK reason=cooldown_active
[19:42:32.960] [INFO] [EXEC] STREAM_STATS_UI cycles=18 wins=9 losses=9 pnl=-0.380626 winrate=50.00%
[19:42:33.452] [INFO] [EXEC] STREAM_GUARD_SIMPLE_BLOCK reason=cooldown_active
[19:42:34.464] [WARNING] [EXEC] BLOCK_BUY reason=cooldown_active mode=FAST ws_age=250 spread=7.30 stable=1/1 mid_delta=0.00 bid_delta=0.00
[19:42:34.992] [INFO] [EXEC] STREAM_GUARD_SIMPLE_BLOCK reason=cooldown_active
[19:42:36.244] [INFO] [EXEC] STREAM_GUARD_SIMPLE_PASS
[19:42:36.249] [INFO] [EXEC] STREAM_MODE_ACTIVE_SKIP_SINGLE_ENTRY
[19:42:36.561] [INFO] [EXEC] STREAM_BUY_PLACED level_id=1 order_id=386921638
[19:42:36.566] [OK] [EXEC] PLACE BUY price=80769.90 qty=0.003090
[19:42:36.852] [INFO] [EXEC] STREAM_BUY_PLACED level_id=2 order_id=386921651
[19:42:36.857] [OK] [EXEC] PLACE BUY price=80769.80 qty=0.003090
[19:42:37.136] [INFO] [EXEC] STREAM_BUY_PLACED level_id=3 order_id=386921653
[19:42:37.140] [OK] [EXEC] PLACE BUY price=80769.70 qty=0.003090
[19:42:38.350] [INFO] [EXEC] STREAM_BUY_FILLED level_id=1
[19:42:38.354] [OK] [EXEC] CHUNK ADD qty=0.003090 entry=80769.90
[19:42:38.355] [INFO] [EXEC] CHUNK COUNT n=1
[19:42:38.357] [INFO] [EXEC] STREAM_TARGET_USED ticks=80 sell_price=80770.70
[19:42:38.643] [INFO] [EXEC] STREAM_SELL_PLACED stream_id=1 chunk_id=2141759884992 order_id=386921673 price=80770.70 qty=0.003090
[19:42:38.921] [INFO] [EXEC] STREAM_BUY_FILLED level_id=2
[19:42:38.923] [OK] [EXEC] CHUNK ADD qty=0.003090 entry=80769.80
[19:42:38.924] [INFO] [EXEC] CHUNK COUNT n=2
[19:42:38.926] [INFO] [EXEC] STREAM_TARGET_USED ticks=80 sell_price=80770.60
[19:42:39.208] [INFO] [EXEC] STREAM_SELL_PLACED stream_id=2 chunk_id=2141708348224 order_id=386921674 price=80770.60 qty=0.003090
[19:42:39.490] [INFO] [EXEC] STREAM_BUY_FILLED level_id=3
[19:42:39.494] [OK] [EXEC] CHUNK ADD qty=0.003090 entry=80769.70
[19:42:39.496] [INFO] [EXEC] CHUNK COUNT n=3
[19:42:39.498] [INFO] [EXEC] STREAM_TARGET_USED ticks=80 sell_price=80770.50
[19:42:39.785] [INFO] [EXEC] STREAM_SELL_PLACED stream_id=3 chunk_id=2141759517568 order_id=386921681 price=80770.50 qty=0.003090
[19:42:40.078] [INFO] [EXEC] STREAM_SELL_STATUS stream_id=1 chunk_id=2141759884992 order_id=386921673 status=NEW
[19:42:40.373] [INFO] [EXEC] STREAM_SELL_STATUS stream_id=2 chunk_id=2141708348224 order_id=386921674 status=NEW
[19:42:40.679] [INFO] [EXEC] STREAM_SELL_STATUS stream_id=3 chunk_id=2141759517568 order_id=386921681 status=NEW
[19:42:40.686] [INFO] [EXEC] STREAM_REPAIR_SKIP reason=stream_owned_inventory
[19:42:40.689] [INFO] [EXEC] STREAM_GLOBAL_SELL_SKIP reason=exit_recovery_inventory_no_sell
[19:42:40.693] [INFO] [EXEC] STREAM_GLOBAL_SELL_SKIP reason=place_sell
[19:42:41.436] [INFO] [EXEC] STREAM_SELL_STATUS stream_id=1 chunk_id=2141759884992 order_id=386921673 status=NEW
[19:42:41.700] [INFO] [EXEC] STREAM_SELL_STATUS stream_id=2 chunk_id=2141708348224 order_id=386921674 status=NEW
[19:42:41.986] [INFO] [EXEC] STREAM_SELL_STATUS stream_id=3 chunk_id=2141759517568 order_id=386921681 status=NEW
[19:42:41.991] [INFO] [EXEC] STREAM_REPAIR_SKIP reason=stream_owned_inventory
[19:42:42.586] [INFO] [EXEC] STREAM_SELL_STATUS stream_id=1 chunk_id=2141759884992 order_id=386921673 status=NEW
[19:42:42.854] [INFO] [EXEC] STREAM_SELL_STATUS stream_id=2 chunk_id=2141708348224 order_id=386921674 status=NEW
[19:42:43.120] [INFO] [EXEC] STREAM_SELL_STATUS stream_id=3 chunk_id=2141759517568 order_id=386921681 status=NEW
[19:42:43.124] [INFO] [EXEC] STREAM_REPAIR_SKIP reason=stream_owned_inventory
[19:42:44.097] [INFO] [EXEC] STREAM_SELL_STATUS stream_id=1 chunk_id=2141759884992 order_id=386921673 status=NEW
[19:42:44.363] [INFO] [EXEC] STREAM_SELL_STATUS stream_id=2 chunk_id=2141708348224 order_id=386921674 status=NEW
[19:42:44.636] [INFO] [EXEC] STREAM_SELL_STATUS stream_id=3 chunk_id=2141759517568 order_id=386921681 status=NEW
[19:42:44.638] [INFO] [EXEC] STREAM_REPAIR_SKIP reason=stream_owned_inventory
[19:42:44.640] [INFO] [EXEC] STREAM_GLOBAL_SELL_SKIP reason=exit_recovery_inventory_no_sell
[19:42:44.641] [INFO] [EXEC] STREAM_GLOBAL_SELL_SKIP reason=place_sell
[19:42:45.387] [INFO] [EXEC] STREAM_SELL_STATUS stream_id=1 chunk_id=2141759884992 order_id=386921673 status=NEW
[19:42:45.656] [INFO] [EXEC] STREAM_SELL_STATUS stream_id=2 chunk_id=2141708348224 order_id=386921674 status=NEW
[19:42:45.926] [INFO] [EXEC] STREAM_SELL_STATUS stream_id=3 chunk_id=2141759517568 order_id=386921681 status=NEW
[19:42:45.930] [INFO] [EXEC] STREAM_REPAIR_SKIP reason=stream_owned_inventory
[19:42:46.594] [INFO] [EXEC] STREAM_SELL_STATUS stream_id=1 chunk_id=2141759884992 order_id=386921673 status=NEW
[19:42:46.862] [INFO] [EXEC] STREAM_SELL_STATUS stream_id=2 chunk_id=2141708348224 order_id=386921674 status=NEW
[19:42:47.130] [INFO] [EXEC] STREAM_SELL_STATUS stream_id=3 chunk_id=2141759517568 order_id=386921681 status=NEW
[19:42:47.135] [INFO] [EXEC] STREAM_REPAIR_SKIP reason=stream_owned_inventory
[19:42:47.845] [INFO] [EXEC] STREAM_SELL_STATUS stream_id=1 chunk_id=2141759884992 order_id=386921673 status=NEW
[19:42:48.205] [INFO] [EXEC] STREAM_SELL_STATUS stream_id=2 chunk_id=2141708348224 order_id=386921674 status=NEW
[19:42:48.490] [INFO] [EXEC] STREAM_SELL_STATUS stream_id=3 chunk_id=2141759517568 order_id=386921681 status=NEW
[19:42:48.494] [INFO] [EXEC] STREAM_REPAIR_SKIP reason=stream_owned_inventory
[19:42:48.495] [INFO] [EXEC] STREAM_GLOBAL_SELL_SKIP reason=exit_recovery_inventory_no_sell
[19:42:48.497] [INFO] [EXEC] STREAM_GLOBAL_SELL_SKIP reason=place_sell
[19:42:49.137] [INFO] [EXEC] STREAM_SELL_STATUS stream_id=1 chunk_id=2141759884992 order_id=386921673 status=NEW
[19:42:49.525] [INFO] [EXEC] STREAM_SELL_STATUS stream_id=2 chunk_id=2141708348224 order_id=386921674 status=NEW
[19:42:49.855] [INFO] [EXEC] STREAM_SELL_STATUS stream_id=3 chunk_id=2141759517568 order_id=386921681 status=NEW
[19:42:49.859] [INFO] [EXEC] STREAM_REPAIR_SKIP reason=stream_owned_inventory
[19:42:50.865] [INFO] [EXEC] STREAM_SELL_STATUS stream_id=1 chunk_id=2141759884992 order_id=386921673 status=NEW
[19:42:51.134] [INFO] [EXEC] STREAM_SELL_STATUS stream_id=2 chunk_id=2141708348224 order_id=386921674 status=NEW
[19:42:51.400] [INFO] [EXEC] STREAM_SELL_STATUS stream_id=3 chunk_id=2141759517568 order_id=386921681 status=NEW
[19:42:51.405] [INFO] [EXEC] STREAM_REPAIR_SKIP reason=stream_owned_inventory
[19:42:51.406] [INFO] [EXEC] STREAM_GLOBAL_SELL_SKIP reason=exit_recovery_inventory_no_sell
[19:42:51.408] [INFO] [EXEC] STREAM_GLOBAL_SELL_SKIP reason=place_sell
[19:42:52.151] [INFO] [EXEC] STREAM_SELL_STATUS stream_id=1 chunk_id=2141759884992 order_id=386921673 status=NEW
[19:42:52.441] [INFO] [EXEC] STREAM_SELL_STATUS stream_id=2 chunk_id=2141708348224 order_id=386921674 status=NEW
[19:42:52.709] [INFO] [EXEC] STREAM_SELL_STATUS stream_id=3 chunk_id=2141759517568 order_id=386921681 status=NEW
[19:42:52.714] [INFO] [EXEC] STREAM_REPAIR_SKIP reason=stream_owned_inventory
[19:42:53.387] [INFO] [EXEC] STREAM_SELL_STATUS stream_id=1 chunk_id=2141759884992 order_id=386921673 status=NEW
[19:42:53.657] [INFO] [EXEC] STREAM_SELL_STATUS stream_id=2 chunk_id=2141708348224 order_id=386921674 status=NEW
[19:42:53.940] [INFO] [EXEC] STREAM_SELL_STATUS stream_id=3 chunk_id=2141759517568 order_id=386921681 status=NEW
[19:42:53.945] [INFO] [EXEC] STREAM_REPAIR_SKIP reason=stream_owned_inventory
[19:42:53.949] [INFO] [EXEC] STREAM_GLOBAL_SELL_SKIP reason=exit_recovery_inventory_no_sell
[19:42:53.951] [INFO] [EXEC] STREAM_GLOBAL_SELL_SKIP reason=place_sell
[19:42:54.736] [INFO] [EXEC] STREAM_SELL_STATUS stream_id=1 chunk_id=2141759884992 order_id=386921673 status=NEW
[19:42:55.043] [INFO] [EXEC] STREAM_SELL_STATUS stream_id=2 chunk_id=2141708348224 order_id=386921674 status=NEW
[19:42:55.312] [INFO] [EXEC] STREAM_SELL_STATUS stream_id=3 chunk_id=2141759517568 order_id=386921681 status=NEW
[19:42:55.318] [INFO] [EXEC] STREAM_REPAIR_SKIP reason=stream_owned_inventory
[19:42:56.151] [INFO] [EXEC] STREAM_SELL_STATUS stream_id=1 chunk_id=2141759884992 order_id=386921673 status=NEW
[19:42:56.415] [INFO] [EXEC] STREAM_SELL_STATUS stream_id=2 chunk_id=2141708348224 order_id=386921674 status=NEW
[19:42:56.694] [INFO] [EXEC] STREAM_SELL_STATUS stream_id=3 chunk_id=2141759517568 order_id=386921681 status=NEW
[19:42:56.698] [INFO] [EXEC] STREAM_REPAIR_SKIP reason=stream_owned_inventory
[19:42:56.699] [INFO] [EXEC] STREAM_GLOBAL_SELL_SKIP reason=exit_recovery_inventory_no_sell
[19:42:56.701] [INFO] [EXEC] STREAM_GLOBAL_SELL_SKIP reason=place_sell
[19:42:57.406] [INFO] [EXEC] STREAM_SELL_STATUS stream_id=1 chunk_id=2141759884992 order_id=386921673 status=NEW
[19:42:57.411] [WARNING] [EXEC] STREAM_SELL_TIMEOUT stream_id=1 chunk_id=2141759884992 order_id=386921673 age_ms=19101 timeout_ms=18000
[19:42:57.672] [INFO] [EXEC] STREAM_SELL_CANCEL_OLD stream_id=1 chunk_id=2141759884992 order_id=386921673
[19:42:57.675] [WARNING] [EXEC] STREAM_STOP_LOSS_EXIT stream_id=1 chunk_id=2141759884992 order_id=386921673 stop_price=80739.30 retry_count=0 retry_max=5
[19:42:58.424] [INFO] [EXEC] STREAM_SELL_STATUS stream_id=2 chunk_id=2141708348224 order_id=386921674 status=NEW
[19:42:58.428] [WARNING] [EXEC] STREAM_SELL_TIMEOUT stream_id=2 chunk_id=2141708348224 order_id=386921674 age_ms=19101 timeout_ms=18000
[19:42:58.735] [INFO] [EXEC] STREAM_SELL_CANCEL_OLD stream_id=2 chunk_id=2141708348224 order_id=386921674
[19:42:58.740] [WARNING] [EXEC] STREAM_STOP_LOSS_EXIT stream_id=2 chunk_id=2141708348224 order_id=386921674 stop_price=80739.30 retry_count=0 retry_max=5
[19:42:59.270] [INFO] [EXEC] STREAM_SELL_STATUS stream_id=3 chunk_id=2141759517568 order_id=386921681 status=NEW
[19:42:59.275] [WARNING] [EXEC] STREAM_SELL_TIMEOUT stream_id=3 chunk_id=2141759517568 order_id=386921681 age_ms=19101 timeout_ms=18000
[19:42:59.541] [INFO] [EXEC] STREAM_SELL_CANCEL_OLD stream_id=3 chunk_id=2141759517568 order_id=386921681
[19:42:59.546] [WARNING] [EXEC] STREAM_STOP_LOSS_EXIT stream_id=3 chunk_id=2141759517568 order_id=386921681 stop_price=80739.30 retry_count=0 retry_max=5
[19:42:59.818] [INFO] [EXEC] STREAM_REPAIR_SKIP reason=stream_owned_inventory
[19:42:59.825] [INFO] [EXEC] STREAM_GLOBAL_SELL_SKIP reason=exit_recovery_inventory_no_sell
[19:42:59.829] [INFO] [EXEC] STREAM_GLOBAL_SELL_SKIP reason=place_sell
[19:43:00.391] [INFO] [EXEC] STREAM_SELL_STATUS stream_id=1 chunk_id=2141759884992 order_id=386921984 status=FILLED
[19:43:00.396] [INFO] [EXEC] STREAM_SELL_FILLED stream_id=1 chunk_id=2141759884992 order_id=386921984
[19:43:00.399] [OK] [EXEC] FIFO CLOSE qty=0.003090 entry=80769.90 exit=80739.30 pnl=-0.094554
[19:43:00.402] [INFO] [EXEC] STREAM_PNL stream_id=1 pnl=-0.094554
[19:43:00.404] [WARNING] [EXEC] STREAM_LOSS_COOLDOWN stream_id=1 cooldown_ms=8000
[19:43:00.405] [INFO] [EXEC] STREAM_RECYCLED level_id=1
[19:43:00.407] [INFO] [EXEC] STREAM_RECYCLED stream_id=1
[19:43:00.671] [INFO] [EXEC] STREAM_SELL_STATUS stream_id=2 chunk_id=2141708348224 order_id=386921994 status=FILLED
[19:43:00.673] [INFO] [EXEC] STREAM_SELL_FILLED stream_id=2 chunk_id=2141708348224 order_id=386921994
[19:43:00.676] [OK] [EXEC] FIFO CLOSE qty=0.003090 entry=80769.80 exit=80739.30 pnl=-0.094245
[19:43:00.678] [INFO] [EXEC] STREAM_PNL stream_id=2 pnl=-0.094245
[19:43:00.679] [WARNING] [EXEC] STREAM_LOSS_COOLDOWN stream_id=2 cooldown_ms=8000
[19:43:00.681] [INFO] [EXEC] STREAM_RECYCLED level_id=2
[19:43:00.683] [INFO] [EXEC] STREAM_RECYCLED stream_id=2
[19:43:01.429] [INFO] [EXEC] STREAM_SELL_STATUS stream_id=3 chunk_id=2141759517568 order_id=386922040 status=FILLED
[19:43:01.434] [INFO] [EXEC] STREAM_SELL_FILLED stream_id=3 chunk_id=2141759517568 order_id=386922040
[19:43:01.437] [OK] [EXEC] FIFO CLOSE qty=0.003090 entry=80769.70 exit=80739.30 pnl=-0.093936
[19:43:01.441] [INFO] [EXEC] STREAM_PNL stream_id=3 pnl=-0.093936
[19:43:01.444] [WARNING] [EXEC] STREAM_LOSS_COOLDOWN stream_id=3 cooldown_ms=8000
[19:43:01.447] [INFO] [EXEC] STREAM_RECYCLED level_id=3
[19:43:01.448] [INFO] [EXEC] STREAM_RECYCLED stream_id=3
[19:43:01.450] [INFO] [HEALTH] state=GOOD
[19:43:01.451] [INFO] [EXEC] STREAM_GUARD_SIMPLE_BLOCK reason=cooldown_active
[19:43:01.452] [WARNING] [EXEC] BLOCK_BUY reason=cooldown_active mode=FAST ws_age=1625 spread=9.92 stable=1/1 mid_delta=0.00 bid_delta=0.00
[19:43:01.454] [INFO] [EXEC] STREAM_STATS_UI cycles=21 wins=9 losses=12 pnl=-0.663361 winrate=42.86%
[19:43:02.619] [INFO] [EXEC] STREAM_GUARD_SIMPLE_BLOCK reason=cooldown_active
[19:43:03.377] [WARNING] [EXEC] BLOCK_BUY reason=cooldown_active mode=FAST ws_age=625 spread=6.86 stable=1/1 mid_delta=0.00 bid_delta=0.00
[19:43:03.873] [INFO] [EXEC] STREAM_GUARD_SIMPLE_BLOCK reason=cooldown_active
[19:43:05.394] [INFO] [HEALTH] state=GOOD
[19:43:05.395] [INFO] [EXEC] STREAM_GUARD_SIMPLE_BLOCK reason=cooldown_active
[19:43:05.402] [INFO] [EXEC] STREAM_STATS_UI cycles=21 wins=9 losses=12 pnl=-0.663361 winrate=42.86%
[19:43:05.889] [INFO] [EXEC] STREAM_GUARD_SIMPLE_BLOCK reason=cooldown_active
[19:43:06.386] [WARNING] [EXEC] BLOCK_BUY reason=cooldown_active mode=FAST ws_age=140 spread=8.27 stable=1/1 mid_delta=0.00 bid_delta=0.00
[19:43:07.146] [INFO] [EXEC] STREAM_GUARD_SIMPLE_BLOCK reason=cooldown_active
[19:43:08.139] [INFO] [EXEC] STREAM_GUARD_SIMPLE_PASS
[19:43:08.143] [INFO] [EXEC] STREAM_MODE_ACTIVE_SKIP_SINGLE_ENTRY
[19:43:08.462] [INFO] [EXEC] STREAM_BUY_PLACED level_id=1 order_id=386922246
[19:43:08.468] [OK] [EXEC] PLACE BUY price=80769.90 qty=0.003090
[19:43:08.733] [INFO] [EXEC] STREAM_BUY_PLACED level_id=2 order_id=386922247
[19:43:08.736] [OK] [EXEC] PLACE BUY price=80769.80 qty=0.003090
[19:43:09.000] [INFO] [EXEC] STREAM_BUY_PLACED level_id=3 order_id=386922248
[19:43:09.005] [OK] [EXEC] PLACE BUY price=80769.70 qty=0.003090
[19:43:09.705] [INFO] [EXEC] STREAM_BUY_FILLED level_id=1
[19:43:09.707] [OK] [EXEC] CHUNK ADD qty=0.003090 entry=80769.90
[19:43:09.709] [INFO] [EXEC] CHUNK COUNT n=1
[19:43:09.711] [INFO] [EXEC] STREAM_TARGET_USED ticks=80 sell_price=80770.70
[19:43:09.980] [INFO] [EXEC] STREAM_SELL_PLACED stream_id=1 chunk_id=2141759515648 order_id=386922261 price=80770.70 qty=0.003090
[19:43:10.247] [INFO] [EXEC] STREAM_BUY_FILLED level_id=2
[19:43:10.252] [OK] [EXEC] CHUNK ADD qty=0.003090 entry=80769.80
[19:43:10.256] [INFO] [EXEC] CHUNK COUNT n=2
[19:43:10.258] [INFO] [EXEC] STREAM_TARGET_USED ticks=80 sell_price=80770.60
[19:43:10.519] [INFO] [EXEC] STREAM_SELL_PLACED stream_id=2 chunk_id=2141759512192 order_id=386922265 price=80770.60 qty=0.003090
[19:43:10.782] [INFO] [EXEC] STREAM_BUY_FILLED level_id=3
[19:43:10.784] [OK] [EXEC] CHUNK ADD qty=0.003090 entry=80769.70
[19:43:10.786] [INFO] [EXEC] CHUNK COUNT n=3
[19:43:10.787] [INFO] [EXEC] STREAM_TARGET_USED ticks=80 sell_price=80770.50
[19:43:11.047] [INFO] [EXEC] STREAM_SELL_PLACED stream_id=3 chunk_id=2141759519488 order_id=386922269 price=80770.50 qty=0.003090
[19:43:11.320] [INFO] [EXEC] STREAM_SELL_STATUS stream_id=1 chunk_id=2141759515648 order_id=386922261 status=NEW
[19:43:11.586] [INFO] [EXEC] STREAM_SELL_STATUS stream_id=2 chunk_id=2141759512192 order_id=386922265 status=NEW
[19:43:11.881] [INFO] [EXEC] STREAM_SELL_STATUS stream_id=3 chunk_id=2141759519488 order_id=386922269 status=NEW
[19:43:11.885] [INFO] [EXEC] STREAM_REPAIR_SKIP reason=stream_owned_inventory
[19:43:11.887] [INFO] [EXEC] STREAM_GLOBAL_SELL_SKIP reason=exit_recovery_inventory_no_sell
[19:43:11.890] [INFO] [EXEC] STREAM_GLOBAL_SELL_SKIP reason=place_sell
[19:43:12.494] [INFO] [EXEC] STREAM_SELL_STATUS stream_id=1 chunk_id=2141759515648 order_id=386922261 status=NEW
[19:43:12.785] [INFO] [EXEC] STREAM_SELL_STATUS stream_id=2 chunk_id=2141759512192 order_id=386922265 status=NEW
[19:43:13.078] [INFO] [EXEC] STREAM_SELL_STATUS stream_id=3 chunk_id=2141759519488 order_id=386922269 status=NEW
[19:43:13.083] [INFO] [EXEC] STREAM_REPAIR_SKIP reason=stream_owned_inventory
[19:43:14.267] [INFO] [EXEC] STREAM_SELL_STATUS stream_id=1 chunk_id=2141759515648 order_id=386922261 status=NEW
[19:43:14.532] [INFO] [EXEC] STREAM_SELL_STATUS stream_id=2 chunk_id=2141759512192 order_id=386922265 status=NEW
[19:43:14.809] [INFO] [EXEC] STREAM_SELL_STATUS stream_id=3 chunk_id=2141759519488 order_id=386922269 status=NEW
[19:43:14.815] [INFO] [EXEC] STREAM_REPAIR_SKIP reason=stream_owned_inventory
[19:43:14.817] [INFO] [EXEC] STREAM_GLOBAL_SELL_SKIP reason=exit_recovery_inventory_no_sell
[19:43:14.819] [INFO] [EXEC] STREAM_GLOBAL_SELL_SKIP reason=place_sell
[19:43:15.532] [INFO] [EXEC] STREAM_SELL_STATUS stream_id=1 chunk_id=2141759515648 order_id=386922261 status=NEW
[19:43:15.798] [INFO] [EXEC] STREAM_SELL_STATUS stream_id=2 chunk_id=2141759512192 order_id=386922265 status=NEW
[19:43:16.060] [INFO] [EXEC] STREAM_SELL_STATUS stream_id=3 chunk_id=2141759519488 order_id=386922269 status=NEW
[19:43:16.065] [INFO] [EXEC] STREAM_REPAIR_SKIP reason=stream_owned_inventory
[19:43:16.821] [INFO] [EXEC] STREAM_SELL_STATUS stream_id=1 chunk_id=2141759515648 order_id=386922261 status=NEW
[19:43:17.084] [INFO] [EXEC] STREAM_SELL_STATUS stream_id=2 chunk_id=2141759512192 order_id=386922265 status=NEW
[19:43:17.364] [INFO] [EXEC] STREAM_SELL_STATUS stream_id=3 chunk_id=2141759519488 order_id=386922269 status=NEW
[19:43:17.368] [INFO] [EXEC] STREAM_REPAIR_SKIP reason=stream_owned_inventory
[19:43:17.370] [INFO] [EXEC] STREAM_GLOBAL_SELL_SKIP reason=exit_recovery_inventory_no_sell
[19:43:17.371] [INFO] [EXEC] STREAM_GLOBAL_SELL_SKIP reason=place_sell
[19:43:18.058] [INFO] [EXEC] STREAM_SELL_STATUS stream_id=1 chunk_id=2141759515648 order_id=386922261 status=NEW
[19:43:18.324] [INFO] [EXEC] STREAM_SELL_STATUS stream_id=2 chunk_id=2141759512192 order_id=386922265 status=NEW
[19:43:18.607] [INFO] [EXEC] STREAM_SELL_STATUS stream_id=3 chunk_id=2141759519488 order_id=386922269 status=NEW
[19:43:18.612] [INFO] [EXEC] STREAM_REPAIR_SKIP reason=stream_owned_inventory
[19:43:19.481] [INFO] [EXEC] STREAM_SELL_STATUS stream_id=1 chunk_id=2141759515648 order_id=386922261 status=NEW
[19:43:19.746] [INFO] [EXEC] STREAM_SELL_STATUS stream_id=2 chunk_id=2141759512192 order_id=386922265 status=NEW
[19:43:20.043] [INFO] [EXEC] STREAM_SELL_STATUS stream_id=3 chunk_id=2141759519488 order_id=386922269 status=NEW
[19:43:20.048] [INFO] [EXEC] STREAM_REPAIR_SKIP reason=stream_owned_inventory
[19:43:20.049] [INFO] [EXEC] STREAM_GLOBAL_SELL_SKIP reason=exit_recovery_inventory_no_sell
[19:43:20.051] [INFO] [EXEC] STREAM_GLOBAL_SELL_SKIP reason=place_sell
[19:43:20.838] [INFO] [EXEC] STREAM_SELL_STATUS stream_id=1 chunk_id=2141759515648 order_id=386922261 status=NEW
[19:43:21.109] [INFO] [EXEC] STREAM_SELL_STATUS stream_id=2 chunk_id=2141759512192 order_id=386922265 status=NEW
[19:43:21.378] [INFO] [EXEC] STREAM_SELL_STATUS stream_id=3 chunk_id=2141759519488 order_id=386922269 status=NEW
[19:43:21.382] [INFO] [EXEC] STREAM_REPAIR_SKIP reason=stream_owned_inventory
[19:43:22.075] [INFO] [EXEC] STREAM_SELL_STATUS stream_id=1 chunk_id=2141759515648 order_id=386922261 status=NEW
[19:43:22.342] [INFO] [EXEC] STREAM_SELL_STATUS stream_id=2 chunk_id=2141759512192 order_id=386922265 status=NEW
[19:43:22.614] [INFO] [EXEC] STREAM_SELL_STATUS stream_id=3 chunk_id=2141759519488 order_id=386922269 status=NEW
[19:43:22.619] [INFO] [EXEC] STREAM_REPAIR_SKIP reason=stream_owned_inventory
[19:43:22.620] [INFO] [EXEC] STREAM_GLOBAL_SELL_SKIP reason=exit_recovery_inventory_no_sell
[19:43:22.622] [INFO] [EXEC] STREAM_GLOBAL_SELL_SKIP reason=place_sell
[19:43:23.352] [INFO] [EXEC] STREAM_SELL_STATUS stream_id=1 chunk_id=2141759515648 order_id=386922261 status=NEW
[19:43:23.647] [INFO] [EXEC] STREAM_SELL_STATUS stream_id=2 chunk_id=2141759512192 order_id=386922265 status=NEW
[19:43:23.917] [INFO] [EXEC] STREAM_SELL_STATUS stream_id=3 chunk_id=2141759519488 order_id=386922269 status=NEW
[19:43:23.921] [INFO] [EXEC] STREAM_REPAIR_SKIP reason=stream_owned_inventory
[19:43:24.556] [INFO] [EXEC] STREAM_SELL_STATUS stream_id=1 chunk_id=2141759515648 order_id=386922261 status=NEW
[19:43:24.828] [INFO] [EXEC] STREAM_SELL_STATUS stream_id=2 chunk_id=2141759512192 order_id=386922265 status=NEW
[19:43:25.092] [INFO] [EXEC] STREAM_SELL_STATUS stream_id=3 chunk_id=2141759519488 order_id=386922269 status=NEW
[19:43:25.096] [INFO] [EXEC] STREAM_REPAIR_SKIP reason=stream_owned_inventory
[19:43:26.077] [INFO] [EXEC] STREAM_SELL_STATUS stream_id=1 chunk_id=2141759515648 order_id=386922261 status=NEW
[19:43:26.343] [INFO] [EXEC] STREAM_SELL_STATUS stream_id=2 chunk_id=2141759512192 order_id=386922265 status=NEW
[19:43:26.612] [INFO] [EXEC] STREAM_SELL_STATUS stream_id=3 chunk_id=2141759519488 order_id=386922269 status=NEW
[19:43:26.614] [INFO] [EXEC] STREAM_REPAIR_SKIP reason=stream_owned_inventory
[19:43:26.616] [INFO] [EXEC] STREAM_GLOBAL_SELL_SKIP reason=exit_recovery_inventory_no_sell
[19:43:26.617] [INFO] [EXEC] STREAM_GLOBAL_SELL_SKIP reason=place_sell
[19:43:27.315] [INFO] [EXEC] STREAM_SELL_STATUS stream_id=1 chunk_id=2141759515648 order_id=386922261 status=NEW
[19:43:27.579] [INFO] [EXEC] STREAM_SELL_STATUS stream_id=2 chunk_id=2141759512192 order_id=386922265 status=NEW
[19:43:27.842] [INFO] [EXEC] STREAM_SELL_STATUS stream_id=3 chunk_id=2141759519488 order_id=386922269 status=NEW
[19:43:27.846] [INFO] [EXEC] STREAM_REPAIR_SKIP reason=stream_owned_inventory
[19:43:28.555] [INFO] [EXEC] STREAM_SELL_STATUS stream_id=1 chunk_id=2141759515648 order_id=386922261 status=NEW
[19:43:28.560] [WARNING] [EXEC] STREAM_SELL_TIMEOUT stream_id=1 chunk_id=2141759515648 order_id=386922261 age_ms=18854 timeout_ms=18000
[19:43:28.835] [INFO] [EXEC] STREAM_SELL_CANCEL_OLD stream_id=1 chunk_id=2141759515648 order_id=386922261
[19:43:28.839] [WARNING] [EXEC] STREAM_STOP_LOSS_EXIT stream_id=1 chunk_id=2141759515648 order_id=386922261 stop_price=80726.28 retry_count=0 retry_max=5
[19:43:29.376] [INFO] [EXEC] STREAM_SELL_STATUS stream_id=2 chunk_id=2141759512192 order_id=386922265 status=NEW
[19:43:29.380] [WARNING] [EXEC] STREAM_SELL_TIMEOUT stream_id=2 chunk_id=2141759512192 order_id=386922265 age_ms=18854 timeout_ms=18000
[19:43:29.678] [INFO] [EXEC] STREAM_SELL_CANCEL_OLD stream_id=2 chunk_id=2141759512192 order_id=386922265
[19:43:29.682] [WARNING] [EXEC] STREAM_STOP_LOSS_EXIT stream_id=2 chunk_id=2141759512192 order_id=386922265 stop_price=80726.28 retry_count=0 retry_max=5
[19:43:30.228] [INFO] [EXEC] STREAM_SELL_STATUS stream_id=3 chunk_id=2141759519488 order_id=386922269 status=NEW
[19:43:30.234] [WARNING] [EXEC] STREAM_SELL_TIMEOUT stream_id=3 chunk_id=2141759519488 order_id=386922269 age_ms=18854 timeout_ms=18000
[19:43:30.505] [INFO] [EXEC] STREAM_SELL_CANCEL_OLD stream_id=3 chunk_id=2141759519488 order_id=386922269
[19:43:30.510] [WARNING] [EXEC] STREAM_STOP_LOSS_EXIT stream_id=3 chunk_id=2141759519488 order_id=386922269 stop_price=80726.28 retry_count=0 retry_max=5
[19:43:30.787] [INFO] [EXEC] STREAM_REPAIR_SKIP reason=stream_owned_inventory
[19:43:30.789] [INFO] [EXEC] STREAM_GLOBAL_SELL_SKIP reason=exit_recovery_inventory_no_sell
[19:43:30.790] [INFO] [EXEC] STREAM_GLOBAL_SELL_SKIP reason=place_sell
[19:43:31.616] [INFO] [EXEC] STREAM_SELL_STATUS stream_id=1 chunk_id=2141759515648 order_id=386922723 status=FILLED
[19:43:31.620] [INFO] [EXEC] STREAM_SELL_FILLED stream_id=1 chunk_id=2141759515648 order_id=386922723
[19:43:31.622] [OK] [EXEC] FIFO CLOSE qty=0.003090 entry=80769.90 exit=80726.28 pnl=-0.134786
[19:43:31.624] [INFO] [EXEC] STREAM_PNL stream_id=1 pnl=-0.134786
[19:43:31.627] [WARNING] [EXEC] STREAM_LOSS_COOLDOWN stream_id=1 cooldown_ms=8000
[19:43:31.629] [INFO] [EXEC] STREAM_RECYCLED level_id=1
[19:43:31.630] [INFO] [EXEC] STREAM_RECYCLED stream_id=1
[19:43:31.902] [INFO] [EXEC] STREAM_SELL_STATUS stream_id=2 chunk_id=2141759512192 order_id=386922774 status=FILLED
[19:43:31.910] [INFO] [EXEC] STREAM_SELL_FILLED stream_id=2 chunk_id=2141759512192 order_id=386922774
[19:43:31.914] [OK] [EXEC] FIFO CLOSE qty=0.003090 entry=80769.80 exit=80726.28 pnl=-0.134477
[19:43:31.918] [INFO] [EXEC] STREAM_PNL stream_id=2 pnl=-0.134477
[19:43:31.921] [WARNING] [EXEC] STREAM_LOSS_COOLDOWN stream_id=2 cooldown_ms=8000
[19:43:31.924] [INFO] [EXEC] STREAM_RECYCLED level_id=2
[19:43:31.926] [INFO] [EXEC] STREAM_RECYCLED stream_id=2
[19:43:32.235] [INFO] [EXEC] STREAM_SELL_STATUS stream_id=3 chunk_id=2141759519488 order_id=386922878 status=NEW
[19:43:32.240] [INFO] [EXEC] STREAM_REPAIR_SKIP reason=stream_owned_inventory
[19:43:32.846] [INFO] [EXEC] STREAM_SELL_STATUS stream_id=3 chunk_id=2141759519488 order_id=386922878 status=NEW
[19:43:32.850] [INFO] [EXEC] STREAM_REPAIR_SKIP reason=stream_owned_inventory
[19:43:33.599] [INFO] [EXEC] STREAM_SELL_STATUS stream_id=3 chunk_id=2141759519488 order_id=386922878 status=NEW
[19:43:33.605] [INFO] [EXEC] STREAM_REPAIR_SKIP reason=stream_owned_inventory
[19:43:33.610] [INFO] [EXEC] STREAM_GLOBAL_SELL_SKIP reason=exit_recovery_inventory_no_sell
[19:43:33.614] [INFO] [EXEC] STREAM_GLOBAL_SELL_SKIP reason=place_sell
[19:43:34.338] [INFO] [EXEC] STREAM_SELL_STATUS stream_id=3 chunk_id=2141759519488 order_id=386922878 status=NEW
[19:43:34.342] [INFO] [EXEC] STREAM_REPAIR_SKIP reason=stream_owned_inventory
[19:43:35.097] [INFO] [EXEC] STREAM_SELL_STATUS stream_id=3 chunk_id=2141759519488 order_id=386922878 status=NEW
[19:43:35.102] [INFO] [EXEC] STREAM_REPAIR_SKIP reason=stream_owned_inventory
[19:43:35.863] [INFO] [EXEC] STREAM_SELL_STATUS stream_id=3 chunk_id=2141759519488 order_id=386922878 status=NEW
[19:43:35.867] [INFO] [EXEC] STREAM_REPAIR_SKIP reason=stream_owned_inventory
[19:43:36.618] [INFO] [EXEC] STREAM_SELL_STATUS stream_id=3 chunk_id=2141759519488 order_id=386922878 status=NEW
[19:43:36.624] [INFO] [EXEC] STREAM_REPAIR_SKIP reason=stream_owned_inventory
[19:43:36.628] [INFO] [EXEC] STREAM_GLOBAL_SELL_SKIP reason=exit_recovery_inventory_no_sell
[19:43:36.631] [INFO] [EXEC] STREAM_GLOBAL_SELL_SKIP reason=place_sell
[19:43:37.467] [INFO] [EXEC] STREAM_SELL_STATUS stream_id=3 chunk_id=2141759519488 order_id=386922878 status=NEW
[19:43:37.473] [INFO] [EXEC] STREAM_REPAIR_SKIP reason=stream_owned_inventory
[19:43:38.157] [INFO] [EXEC] STREAM_SELL_STATUS stream_id=3 chunk_id=2141759519488 order_id=386922878 status=NEW
[19:43:38.161] [INFO] [EXEC] STREAM_REPAIR_SKIP reason=stream_owned_inventory
[19:43:38.884] [INFO] [EXEC] STREAM_SELL_STATUS stream_id=3 chunk_id=2141759519488 order_id=386922878 status=NEW
[19:43:38.887] [INFO] [EXEC] STREAM_REPAIR_SKIP reason=stream_owned_inventory
[19:43:39.645] [INFO] [EXEC] STREAM_SELL_STATUS stream_id=3 chunk_id=2141759519488 order_id=386922878 status=NEW
[19:43:39.651] [INFO] [EXEC] STREAM_REPAIR_SKIP reason=stream_owned_inventory
[19:43:39.656] [INFO] [EXEC] STREAM_GLOBAL_SELL_SKIP reason=exit_recovery_inventory_no_sell
[19:43:39.661] [INFO] [EXEC] STREAM_GLOBAL_SELL_SKIP reason=place_sell
[19:43:40.379] [INFO] [EXEC] STREAM_SELL_STATUS stream_id=3 chunk_id=2141759519488 order_id=386922878 status=NEW
[19:43:40.383] [INFO] [EXEC] STREAM_REPAIR_SKIP reason=stream_owned_inventory
[19:43:41.149] [INFO] [EXEC] STREAM_SELL_STATUS stream_id=3 chunk_id=2141759519488 order_id=386922878 status=NEW
[19:43:41.155] [INFO] [EXEC] STREAM_REPAIR_SKIP reason=stream_owned_inventory
[19:43:41.911] [INFO] [EXEC] STREAM_SELL_STATUS stream_id=3 chunk_id=2141759519488 order_id=386922878 status=NEW
[19:43:41.915] [INFO] [EXEC] STREAM_REPAIR_SKIP reason=stream_owned_inventory
[19:43:42.635] [INFO] [EXEC] STREAM_SELL_STATUS stream_id=3 chunk_id=2141759519488 order_id=386922878 status=NEW
[19:43:42.640] [INFO] [EXEC] STREAM_REPAIR_SKIP reason=stream_owned_inventory
[19:43:42.642] [INFO] [EXEC] STREAM_GLOBAL_SELL_SKIP reason=exit_recovery_inventory_no_sell
[19:43:42.644] [INFO] [EXEC] STREAM_GLOBAL_SELL_SKIP reason=place_sell
[19:43:43.447] [INFO] [EXEC] STREAM_SELL_STATUS stream_id=3 chunk_id=2141759519488 order_id=386922878 status=NEW
[19:43:43.453] [INFO] [EXEC] STREAM_REPAIR_SKIP reason=stream_owned_inventory
[19:43:44.153] [INFO] [EXEC] STREAM_SELL_STATUS stream_id=3 chunk_id=2141759519488 order_id=386922878 status=NEW
[19:43:44.158] [INFO] [EXEC] STREAM_REPAIR_SKIP reason=stream_owned_inventory
[19:43:44.914] [INFO] [EXEC] STREAM_SELL_STATUS stream_id=3 chunk_id=2141759519488 order_id=386922878 status=NEW
[19:43:44.918] [INFO] [EXEC] STREAM_REPAIR_SKIP reason=stream_owned_inventory
[19:43:45.035] [INFO] START_CLICK received enabled=True api_ready=True running=True
[19:43:45.328] [WARNING] cancel all requested
[19:43:52.794] [WARNING] [EXEC] STOP_SAFE_MANUAL inventory=0.003090 active_order=0
[19:43:52.799] [WARNING] [EXEC] STREAM_STOP_OPEN_INVENTORY qty=0.003090 locked=0.000000 free=0.027817
[19:43:52.802] [WARNING] STOP
[19:43:53.640] [INFO] [EXEC] STREAM_REPAIR_SKIP reason=stream_owned_inventory
[19:43:53.645] [INFO] [EXEC] STREAM_STATS_UI cycles=23 wins=9 losses=14 pnl=-0.932624 winrate=39.13%
[19:43:54.063] [INFO] [EXEC] STREAM_REPAIR_SKIP reason=stream_owned_inventory
