[12:07:29.681] [OK] filters loaded
[12:07:54.265] [OK] [SETTINGS] settings saved
[12:07:55.463] [INFO] START_CLICK received enabled=True api_ready=True running=False
[12:07:55.463] [INFO] START_SETTINGS live_enabled=True guard_mode=FAST entry_mode=AGGRESSIVE exit_engine=True order_size=10000.0
[12:07:55.463] [INFO] START_PROFILE order_size=10000.0 min_spread=7.0 guard_mode=FAST entry_mode=AGGRESSIVE sell_timeout=2200 far_sell_ticks=30 taker_exit_after_ms=1600
[12:07:55.463] [INFO] SETTINGS_MERGE_PRESERVE existing_values=true missing_added=0
[12:07:56.009] [EXCHANGE] symbol=BTCU base=BTC quote=U status=TRADING permissions=[]
[12:07:56.025] [OK] START
[12:07:56.025] [OK] START_OK runtime_started
[12:07:56.025] [INFO] [EXEC] LIVE ON
[12:07:56.041] [INFO] [EXEC] WAIT READY
[12:07:56.042] [WARNING] [HEALTH] block spread_too_young lifetime=0
[12:07:56.043] [WARNING] [HEALTH] unstable_spread lifetime=0
[12:07:56.044] [WARNING] [EXEC] BLOCK_BUY reason=ws_stale mode=FAST ws_age=None spread=9.33 stable=1/1 mid_delta=0.00 bid_delta=0.00
[12:07:56.776] [WS] primary url=wss://stream.binance.com:9443/ws/btcu@bookTicker
[12:07:56.776] [WS] connecting primary
[12:07:57.808] [WS] connected
[12:07:59.091] [INFO] [EXEC] SELL ACCOUNTING RESET new_cycle
[12:07:59.094] [OK] [EXEC] BUY ORDER SENT orderId=385314295 price=80683.86 qty=0.123940
[12:07:59.096] [OK] [EXEC] PLACE BUY price=80683.86 qty=0.123940
[12:07:59.631] [OK] [SYNC] order filled detected
[12:07:59.633] [OK] [SYNC] BUY filled on exchange
[12:07:59.634] [OK] [EXEC] BUY FILL UPDATE delta=0.123940 avg=80683.86
[12:07:59.637] [OK] [EXEC] CHUNK ADD qty=0.123940 entry=80683.86
[12:07:59.639] [INFO] [EXEC] CHUNK COUNT n=1
[12:07:59.641] [OK] [EXEC] INVENTORY qty=0.123940
[12:07:59.643] [OK] [EXEC] SELL REQUIRED inventory=0.123940
[12:08:00.353] [INFO] [EXEC] SELL CHECK inventory=0.123940 reported=0.000000 remaining=0.123930 chunks=1
[12:08:00.353] [INFO] [EXEC] PLACE_SELL_SOURCE source=plan price=80685.51
[12:08:00.353] [OK] [EXEC] PLACE SELL price=80685.51 qty=0.123930
[12:08:00.624] [OK] [EXEC] SELL ORDER SENT orderId=385314371
[12:08:02.151] [OK] [SYNC] order filled detected
[12:08:02.151] [OK] [SYNC] SELL filled on exchange
[12:08:02.151] [OK] [EXEC] FIFO CLOSE qty=0.123930 entry=80683.86 exit=80685.51 pnl=+0.204485
[12:08:02.151] [INFO] [EXEC] CHUNK DRAINED
[12:08:02.151] [OK] [EXEC] REALIZED pnl=+0.204485
[12:08:02.151] [INFO] [EXEC] SELL ACCOUNTING RESET flat
[12:08:02.151] [OK] [EXEC] CYCLE CLOSED pnl=+0.204485
[12:08:02.151] [INFO] [EXEC] SESSION realized=+0.204485 wins=1 losses=0
[12:08:02.166] [INFO] [HEALTH] state=GOOD
[12:08:02.415] [INFO] [EXEC] SELL ACCOUNTING RESET new_cycle
[12:08:02.431] [OK] [EXEC] BUY ORDER SENT orderId=385314545 price=80681.22 qty=0.123940
[12:08:02.431] [OK] [EXEC] PLACE BUY price=80681.22 qty=0.123940
[12:08:03.464] [INFO] [EXEC] ENTRY_REPRICE reason=wide_spread_cross old=80681.22 new=80690.72 count=1
[12:08:03.993] [OK] [EXEC] ENTRY_PLACE price=80690.72 qty=0.123940
[12:08:04.962] [INFO] [EXEC] BUY_WATCHDOG_SYNC orderId=385314592 status=NEW
[12:08:04.966] [WARNING] [EXEC] BUY_WATCHDOG_FAR_CANCEL orderId=385314592 price=80690.72 bid=80692.85 dist_ticks=213
[12:08:07.947] [INFO] [HEALTH] state=GOOD
[12:08:08.210] [INFO] [EXEC] SELL ACCOUNTING RESET new_cycle
[12:08:08.213] [OK] [EXEC] BUY ORDER SENT orderId=385314740 price=80676.01 qty=0.123950
[12:08:08.213] [OK] [EXEC] PLACE BUY price=80676.01 qty=0.123950
[12:08:09.259] [INFO] [EXEC] ENTRY_REPRICE reason=wide_spread_cross old=80676.01 new=80682.03 count=1
[12:08:09.808] [OK] [EXEC] ENTRY_PLACE price=80682.03 qty=0.123950
[12:08:09.813] [OK] [PLAN] HOT entry=80683.01 exit=80689.50 profit=0.804371 age=1033ms
[12:08:10.799] [INFO] [EXEC] BUY_WATCHDOG_SYNC orderId=385314809 status=PARTIALLY_FILLED
[12:08:10.802] [OK] [EXEC] BUY FILL UPDATE delta=0.065690 avg=80682.02
[12:08:10.803] [OK] [EXEC] CHUNK ADD qty=0.065690 entry=80682.02
[12:08:10.804] [INFO] [EXEC] CHUNK COUNT n=1
[12:08:10.806] [OK] [EXEC] INVENTORY qty=0.065690
[12:08:10.806] [OK] [EXEC] SELL REQUIRED inventory=0.065690
[12:08:10.807] [OK] [EXEC] BUY PARTIAL delta=0.065690 total=0.065690
[12:08:10.808] [OK] [EXEC] BUY REMAINING qty=0.058260
[12:08:10.809] [WARNING] [EXEC] BUY TIMEOUT orderId=385314809
[12:08:10.810] [WARNING] [EXEC] CANCEL BUY orderId=385314809
[12:08:11.071] [OK] [EXEC] BUY CANCELED confirmed
[12:08:11.338] [INFO] [EXEC] BUY FINAL STATUS status=FILLED orderId=385314809
[12:08:11.342] [OK] [EXEC] BUY FILL UPDATE delta=0.058260 avg=80682.02
[12:08:11.343] [OK] [EXEC] CHUNK ADD qty=0.058260 entry=80682.02
[12:08:11.344] [INFO] [EXEC] CHUNK COUNT n=2
[12:08:11.345] [OK] [EXEC] INVENTORY qty=0.123950
[12:08:11.346] [OK] [EXEC] SELL REQUIRED inventory=0.123950
[12:08:11.347] [OK] [EXEC] BUY FILLED during cancel
[12:08:11.348] [OK] [EXEC] BUY FILLED id=385314809
[12:08:11.876] [OK] [SYNC] order filled detected
[12:08:11.876] [OK] [SYNC] BUY filled on exchange
[12:08:12.608] [INFO] [EXEC] SELL CHECK inventory=0.123950 reported=0.000000 remaining=0.123950 chunks=2
[12:08:12.610] [INFO] [EXEC] PLACE_SELL_SOURCE source=plan price=80689.50
[12:08:12.611] [OK] [EXEC] PLACE SELL price=80689.50 qty=0.123950
[12:08:12.887] [OK] [EXEC] SELL ORDER SENT orderId=385314965
[12:08:13.446] [OK] [SYNC] order filled detected
[12:08:13.446] [OK] [SYNC] SELL filled on exchange
[12:08:13.446] [OK] [EXEC] FIFO CLOSE qty=0.065690 entry=80682.02 exit=80689.50 pnl=+0.491361
[12:08:13.446] [INFO] [EXEC] CHUNK DRAINED
[12:08:13.446] [OK] [EXEC] FIFO CLOSE qty=0.058260 entry=80682.02 exit=80689.50 pnl=+0.435785
[12:08:13.446] [INFO] [EXEC] CHUNK DRAINED
[12:08:13.446] [OK] [EXEC] REALIZED pnl=+0.927146
[12:08:13.446] [INFO] [EXEC] SELL ACCOUNTING RESET flat
[12:08:13.446] [OK] [EXEC] CYCLE CLOSED pnl=+0.927146
[12:08:13.446] [INFO] [EXEC] SESSION realized=+1.131631 wins=2 losses=0
[12:08:14.891] [INFO] [HEALTH] state=GOOD
[12:08:15.156] [INFO] [EXEC] SELL ACCOUNTING RESET new_cycle
[12:08:15.156] [OK] [EXEC] BUY ORDER SENT orderId=385315052 price=80689.87 qty=0.123930
[12:08:15.172] [OK] [EXEC] PLACE BUY price=80689.87 qty=0.123930
[12:08:16.166] [INFO] [EXEC] ENTRY_REPRICE reason=bid_moved_up old=80689.87 new=80689.89 count=1
[12:08:16.697] [OK] [EXEC] ENTRY_PLACE price=80689.89 qty=0.123930
[12:08:17.697] [INFO] [EXEC] BUY_WATCHDOG_SYNC orderId=385315099 status=NEW
[12:08:17.697] [WARNING] [EXEC] BUY_WATCHDOG_FAR_CANCEL orderId=385315099 price=80689.89 bid=80694.17 dist_ticks=427
[12:08:18.856] [INFO] [EXEC] SELL ACCOUNTING RESET new_cycle
[12:08:18.858] [OK] [EXEC] BUY ORDER SENT orderId=385315241 price=80699.71 qty=0.123910
[12:08:18.861] [OK] [EXEC] PLACE BUY price=80699.71 qty=0.123910
[12:08:18.861] [OK] [PLAN] HOT entry=80699.71 exit=80705.49 profit=0.716200 age=1140ms
[12:08:19.973] [INFO] [EXEC] ENTRY_REPRICE reason=wide_spread_cross old=80699.71 new=80699.74 count=1
[12:08:20.493] [OK] [EXEC] ENTRY_PLACE price=80699.74 qty=0.123910
[12:08:21.479] [INFO] [EXEC] BUY_WATCHDOG_SYNC orderId=385315283 status=NEW
[12:08:21.479] [WARNING] [EXEC] BUY_WATCHDOG_FAR_CANCEL orderId=385315283 price=80699.74 bid=80700.27 dist_ticks=53
[12:08:23.275] [INFO] [HEALTH] state=GOOD
[12:08:23.538] [INFO] [EXEC] SELL ACCOUNTING RESET new_cycle
[12:08:23.541] [OK] [EXEC] BUY ORDER SENT orderId=385315469 price=80682.27 qty=0.123940
[12:08:23.541] [OK] [EXEC] PLACE BUY price=80682.27 qty=0.123940
[12:08:24.526] [INFO] [EXEC] ENTRY_REPRICE reason=wide_spread_cross old=80682.27 new=80684.65 count=1
[12:08:25.077] [OK] [EXEC] ENTRY_PLACE price=80684.65 qty=0.123940
[12:08:26.338] [INFO] [EXEC] BUY_WATCHDOG_SYNC orderId=385315577 status=NEW
[12:08:26.338] [WARNING] [EXEC] BUY_WATCHDOG_FAR_CANCEL orderId=385315577 price=80684.65 bid=80691.69 dist_ticks=704
[12:08:40.055] [INFO] [HEALTH] state=GOOD
[12:08:40.307] [INFO] [EXEC] SELL ACCOUNTING RESET new_cycle
[12:08:40.307] [OK] [EXEC] BUY ORDER SENT orderId=385316128 price=80695.79 qty=0.123920
[12:08:40.322] [OK] [EXEC] PLACE BUY price=80695.79 qty=0.123920
[12:08:41.322] [INFO] [EXEC] ENTRY_REPRICE reason=bid_moved_up old=80695.79 new=80695.81 count=1
[12:08:41.899] [OK] [EXEC] ENTRY_PLACE price=80695.81 qty=0.123920
[12:08:43.103] [INFO] [EXEC] BUY_WATCHDOG_SYNC orderId=385316182 status=FILLED
[12:08:43.123] [OK] [SYNC] order filled detected
[12:08:43.126] [OK] [SYNC] BUY filled on exchange
[12:08:43.126] [OK] [EXEC] BUY FILL UPDATE delta=0.123920 avg=80695.81
[12:08:43.129] [OK] [EXEC] CHUNK ADD qty=0.123920 entry=80695.81
[12:08:43.130] [INFO] [EXEC] CHUNK COUNT n=1
[12:08:43.132] [OK] [EXEC] INVENTORY qty=0.123920
[12:08:43.133] [OK] [EXEC] SELL REQUIRED inventory=0.123920
[12:08:44.150] [INFO] [EXEC] SELL CHECK inventory=0.123920 reported=0.000000 remaining=0.123920 chunks=1
[12:08:44.150] [INFO] [EXEC] PLACE_SELL_SOURCE source=plan price=80699.27
[12:08:44.150] [OK] [EXEC] PLACE SELL price=80699.27 qty=0.123920
[12:08:44.416] [OK] [EXEC] SELL ORDER SENT orderId=385316294
[12:08:45.448] [OK] [EXEC] FIFO CLOSE qty=0.123920 entry=80695.81 exit=80699.27 pnl=+0.428763
[12:08:45.452] [INFO] [EXEC] CHUNK DRAINED
[12:08:45.453] [OK] [EXEC] REALIZED pnl=+0.428763
[12:08:45.454] [INFO] [EXEC] SELL ACCOUNTING RESET flat
[12:08:45.455] [OK] [EXEC] CYCLE CLOSED pnl=+0.428763
[12:08:45.456] [INFO] [EXEC] SESSION realized=+1.560394 wins=3 losses=0
[12:08:45.457] [OK] [EXEC] EXIT_FILLED
[12:08:45.458] [INFO] [EXEC] SELL ACCOUNTING RESET flat
[12:08:45.459] [INFO] [EXEC] CYCLE SKIP no_fifo_pnl
[12:08:45.461] [OK] [EXEC] SELL FILLED id=385316294
[12:08:45.462] [OK] [EXEC] SELL FILLED qty=0.123920 remaining=0.000000
[12:08:45.463] [INFO] [EXEC] SELL ACCOUNTING RESET inventory_drained
[12:08:45.463] [INFO] [EXEC] INVENTORY DRAINED epsilon_cleanup qty=0.000000
[12:08:45.463] [INFO] [EXEC] SELL ACCOUNTING RESET flat
[12:08:45.463] [INFO] [EXEC] CYCLE SKIP no_fifo_pnl
[12:08:48.573] [INFO] [HEALTH] state=GOOD
[12:08:48.851] [INFO] [EXEC] SELL ACCOUNTING RESET new_cycle
[12:08:48.856] [OK] [EXEC] BUY ORDER SENT orderId=385316455 price=80694.97 qty=0.123920
[12:08:48.859] [OK] [EXEC] PLACE BUY price=80694.97 qty=0.123920
[12:08:49.760] [INFO] [EXEC] ENTRY_REPRICE reason=bid_moved_up old=80694.97 new=80694.99 count=1
[12:08:50.338] [OK] [EXEC] ENTRY_PLACE price=80694.99 qty=0.123920
[12:08:50.894] [OK] [SYNC] order filled detected
[12:08:50.897] [OK] [SYNC] BUY filled on exchange
[12:08:50.897] [OK] [EXEC] BUY FILL UPDATE delta=0.123920 avg=80694.98
[12:08:50.898] [OK] [EXEC] CHUNK ADD qty=0.123920 entry=80694.98
[12:08:50.900] [INFO] [EXEC] CHUNK COUNT n=1
[12:08:50.900] [OK] [EXEC] INVENTORY qty=0.123920
[12:08:50.900] [OK] [EXEC] SELL REQUIRED inventory=0.123920
[12:08:51.530] [INFO] [EXEC] SELL CHECK inventory=0.123920 reported=0.000000 remaining=0.123920 chunks=1
[12:08:51.532] [INFO] [EXEC] PLACE_SELL_SOURCE source=plan price=80695.00
[12:08:51.533] [OK] [EXEC] PLACE SELL price=80695.00 qty=0.123920
[12:08:51.791] [OK] [EXEC] SELL ORDER SENT orderId=385316681
[12:08:53.853] [INFO] [EXEC] SELL_WATCHDOG_SYNC orderId=385316681 status=NEW
[12:08:53.860] [WARNING] [EXEC] SELL_WATCHDOG_FAR_CANCEL orderId=385316681 price=80695.00 ask=80692.98 dist_ticks=202
[12:08:54.384] [INFO] [EXEC] SELL_FAR_CANCEL_FINAL_STATUS status=CANCELED
[12:08:55.873] [INFO] [EXEC] SELL CHECK inventory=0.123920 reported=0.000000 remaining=0.123920 chunks=1
[12:08:55.875] [INFO] [EXEC] SELL_REPRICE_FRESH_APPLIED old=80695.00 new=80692.53 ask=80692.56 bid=80689.07
[12:08:55.877] [INFO] [EXEC] SELL_REPRICE_VALIDATION old=80695.00 new=80692.53 ask=80692.56 dist_ticks=2 source=fresh_snapshot
[12:08:55.878] [WARNING] [EXEC] SELL_FLOOR_BLOCKED price=80692.53 floor=80694.99 entry=80694.98 reason=below_min_profit source=fresh_after_far_cancel
[12:08:55.879] [INFO] [EXEC] PLACE_SELL_SOURCE source=fresh_after_far_cancel price=80694.99
[12:08:55.880] [OK] [EXEC] PLACE SELL price=80694.99 qty=0.123920
[12:08:56.134] [WARNING] [EXEC] SELL_HOLD_RECOVERY entry=80694.98 floor=80694.99 ask=80692.56 dist_ticks=242
[12:08:56.134] [OK] [EXEC] SELL ORDER SENT orderId=385316808
[12:08:57.177] [OK] [EXEC] FIFO CLOSE qty=0.123920 entry=80694.98 exit=80694.98 pnl=+0.000000
[12:08:57.180] [INFO] [EXEC] CHUNK DRAINED
[12:08:57.183] [INFO] [EXEC] SELL ACCOUNTING RESET flat
[12:08:57.185] [INFO] [EXEC] CYCLE SKIP no_fifo_pnl
[12:08:57.187] [OK] [EXEC] EXIT_FILLED
[12:08:57.188] [INFO] [EXEC] SELL ACCOUNTING RESET flat
[12:08:57.189] [INFO] [EXEC] CYCLE SKIP no_fifo_pnl
[12:08:57.190] [OK] [EXEC] SELL FILLED id=385316808
[12:08:57.191] [OK] [EXEC] SELL FILLED qty=0.123920 remaining=0.000000
[12:08:57.192] [INFO] [EXEC] SELL ACCOUNTING RESET inventory_drained
[12:08:57.193] [INFO] [EXEC] INVENTORY DRAINED epsilon_cleanup qty=0.000000
[12:08:57.194] [INFO] [EXEC] SELL ACCOUNTING RESET flat
[12:08:57.195] [INFO] [EXEC] CYCLE SKIP no_fifo_pnl
[12:08:58.947] [WARNING] [EXEC] BLOCK reason=balance_low
[12:09:00.947] [INFO] [HEALTH] state=GOOD
[12:09:01.212] [INFO] [EXEC] SELL ACCOUNTING RESET new_cycle
[12:09:01.212] [OK] [EXEC] BUY ORDER SENT orderId=385317117 price=80708.84 qty=0.123900
[12:09:01.212] [OK] [EXEC] PLACE BUY price=80708.84 qty=0.123900
[12:09:02.244] [INFO] [EXEC] ENTRY_REPRICE reason=bid_moved_up old=80708.84 new=80710.28 count=1
[12:09:02.775] [OK] [EXEC] ENTRY_PLACE price=80710.28 qty=0.123900
[12:09:03.745] [INFO] [EXEC] BUY_WATCHDOG_SYNC orderId=385317287 status=NEW
[12:09:03.745] [WARNING] [EXEC] BUY_WATCHDOG_FAR_CANCEL orderId=385317287 price=80710.28 bid=80725.37 dist_ticks=1508
[12:09:05.248] [INFO] [EXEC] SELL ACCOUNTING RESET new_cycle
[12:09:05.251] [OK] [EXEC] BUY ORDER SENT orderId=385317454 price=80727.71 qty=0.123870
[12:09:05.252] [OK] [EXEC] PLACE BUY price=80727.71 qty=0.123870
[12:09:06.245] [INFO] [EXEC] ENTRY_REPRICE reason=bid_moved_up old=80727.71 new=80732.75 count=1
[12:09:06.823] [OK] [EXEC] ENTRY_PLACE price=80732.75 qty=0.123870
[12:09:08.556] [INFO] [EXEC] BUY_WATCHDOG_SYNC orderId=385317564 status=NEW
[12:09:08.556] [WARNING] [EXEC] BUY_WATCHDOG_FAR_CANCEL orderId=385317564 price=80732.75 bid=80738.41 dist_ticks=566
[12:09:10.072] [WARNING] [EXEC] BLOCK reason=balance_low
[12:09:13.338] [INFO] [HEALTH] state=GOOD
[12:09:13.604] [INFO] [EXEC] SELL ACCOUNTING RESET new_cycle
[12:09:13.608] [OK] [EXEC] BUY ORDER SENT orderId=385317890 price=80741.66 qty=0.123850
[12:09:13.609] [OK] [EXEC] PLACE BUY price=80741.66 qty=0.123850
[12:09:14.619] [INFO] [EXEC] ENTRY_REPRICE reason=wide_spread_cross old=80741.66 new=80749.77 count=1
[12:09:15.165] [OK] [EXEC] ENTRY_PLACE price=80749.77 qty=0.123850
[12:09:15.165] [OK] [PLAN] HOT entry=80750.75 exit=80759.49 profit=1.082274 age=1031ms
[12:09:16.150] [INFO] [EXEC] BUY_WATCHDOG_SYNC orderId=385318053 status=NEW
[12:09:16.150] [WARNING] [EXEC] BUY_WATCHDOG_FAR_CANCEL orderId=385318053 price=80749.77 bid=80754.38 dist_ticks=461
[12:09:18.184] [INFO] [EXEC] SELL ACCOUNTING RESET new_cycle
[12:09:18.187] [OK] [EXEC] BUY ORDER SENT orderId=385318228 price=80754.52 qty=0.123830
[12:09:18.190] [OK] [EXEC] PLACE BUY price=80754.52 qty=0.123830
[12:09:19.978] [INFO] [EXEC] BUY_WATCHDOG_SYNC orderId=385318228 status=NEW
[12:09:19.979] [WARNING] [EXEC] BUY_WATCHDOG_FAR_CANCEL orderId=385318228 price=80754.52 bid=80761.76 dist_ticks=723
[12:09:21.478] [WARNING] [EXEC] BLOCK reason=balance_low
[12:09:25.776] [INFO] [HEALTH] state=GOOD
[12:09:26.040] [INFO] [EXEC] SELL ACCOUNTING RESET new_cycle
[12:09:26.040] [OK] [EXEC] BUY ORDER SENT orderId=385318452 price=80758.26 qty=0.123820
[12:09:26.056] [OK] [EXEC] PLACE BUY price=80758.26 qty=0.123820
[12:09:27.060] [INFO] [EXEC] ENTRY_REPRICE reason=bid_moved_up old=80758.26 new=80760.91 count=1
[12:09:27.592] [OK] [EXEC] ENTRY_PLACE price=80760.91 qty=0.123820
[12:09:28.589] [INFO] [EXEC] BUY_WATCHDOG_SYNC orderId=385318474 status=NEW
[12:09:28.604] [WARNING] [EXEC] BUY_WATCHDOG_FAR_CANCEL orderId=385318474 price=80760.91 bid=80761.62 dist_ticks=71
[12:09:30.092] [ERROR] [EXEC] BUY REJECTED status=400 code=-2010 msg=Account has insufficient balance for requested action.
[12:09:30.096] [ERROR] [EXEC] BUY REJECTED body={"code":-2010,"msg":"Account has insufficient balance for requested action."}
[12:09:30.098] [WARNING] [EXEC] STOP retry storm prevented
[12:09:31.144] [WARNING] [EXEC] BLOCK reason=balance_low
