[14:00:04.163] [OK] filters loaded
[14:00:07.855] [OK] [PLAN] READY entry=81079.60 exit=81083.71 profit=0.760350 age=189ms
[14:00:10.506] [OK] [PLAN] HOT entry=81104.61 exit=81111.99 profit=1.364857 age=2827ms
[14:00:12.347] [OK] [PLAN] READY entry=81100.77 exit=81104.93 profit=0.769392 age=4682ms
[14:00:16.863] [OK] [PLAN] HOT entry=81081.01 exit=81086.38 profit=0.993450 age=9199ms
[14:00:18.249] [OK] [PLAN] READY entry=81084.01 exit=81087.99 profit=0.736260 age=10582ms
[14:00:18.912] [OK] [PLAN] HOT entry=81099.68 exit=81106.60 profit=1.279854 age=11245ms
[14:00:19.897] [OK] [PLAN] READY entry=81102.56 exit=81106.49 profit=0.726854 age=12234ms
[14:00:20.694] [OK] [PLAN] HOT entry=81100.47 exit=81115.64 profit=2.805692 age=13031ms
[14:00:22.412] [OK] [PLAN] READY entry=81115.53 exit=81119.98 profit=0.822894 age=14745ms
[14:00:23.557] [OK] [PLAN] HOT entry=81102.01 exit=81108.95 profit=1.283553 age=15890ms
[14:00:24.381] [OK] [PLAN] READY entry=81101.73 exit=81105.92 profit=0.774941 age=16718ms
[14:00:25.366] [OK] [PLAN] HOT entry=81092.00 exit=81101.10 profit=1.683227 age=17703ms
[14:00:25.381] [OK] [SETTINGS] settings saved
[14:00:25.491] [WARNING] [EXEC] BLOCK reason=balance_low
[14:00:27.132] [EXCHANGE] symbol=BTCU base=BTC quote=U status=TRADING permissions=[]
[14:00:27.132] [OK] START
[14:00:27.132] [INFO] [EXEC] LIVE ON
[14:00:27.132] [INFO] [EXEC] WAIT READY
[14:00:27.892] [WS] primary url=wss://stream.binance.com:9443/ws/btcu@bookTicker
[14:00:27.892] [WS] connecting primary
[14:00:28.407] [WS] connected
[14:00:28.407] [WS] LIVE bid=81099.54 ask=81106.00
[14:00:32.962] [WARNING] [EXEC] BLOCK reason=balance_low
[14:00:33.288] [WS] LIVE bid=81098.00 ask=81105.99
[14:00:36.260] [WARNING] [EXEC] BLOCK reason=balance_low
[14:00:38.306] [WS] LIVE bid=81107.05 ask=81121.60
[14:00:41.913] [WARNING] [EXEC] BLOCK reason=balance_low
[14:00:43.798] [WS] LIVE bid=81103.41 ask=81109.95
[14:00:45.368] [WARNING] [EXEC] BLOCK reason=balance_low
[14:00:48.451] [WS] LIVE bid=81090.99 ask=81104.62
[14:00:50.075] [WARNING] [EXEC] BLOCK reason=balance_low
[14:00:53.808] [WS] LIVE bid=81118.68 ask=81126.48
[14:00:56.413] [OK] [EXEC] BUY ORDER SENT orderId=382154372 price=81120.26 qty=0.246540
[14:00:56.416] [OK] [EXEC] PLACE BUY price=81120.26 qty=0.246540
[14:00:57.241] [OK] [PLAN] HOT entry=81122.26 exit=81127.35 profit=1.254889 age=1113ms
[14:01:00.375] [OK] [SYNC] order filled detected
[14:01:00.378] [OK] [SYNC] BUY filled on exchange
[14:01:00.380] [WS] LIVE bid=81120.27 ask=81126.26
[14:01:00.414] [OK] [EXEC] PLACE SELL price=81130.77 qty=0.246540
[14:01:00.698] [OK] [EXEC] SELL ORDER SENT orderId=382154594
[14:01:01.233] [OK] [SYNC] order filled detected
[14:01:01.236] [OK] [SYNC] SELL filled on exchange
[14:01:01.237] [OK] [EXEC] REALIZED pnl=+2.591135
[14:01:02.263] [OK] [EXEC] BUY ORDER SENT orderId=382154878 price=81105.18 qty=0.246590
[14:01:02.267] [OK] [EXEC] PLACE BUY price=81105.18 qty=0.246590
[14:01:02.273] [OK] [PLAN] HOT entry=81105.18 exit=81120.34 profit=3.738304 age=1574ms
[14:01:03.678] [WARNING] cancel all requested
[14:01:04.855] [WARNING] [SYNC] desync fixed
[14:01:04.858] [WARNING] STOP
[14:01:04.861] [OK] [PLAN] READY entry=81131.00 exit=81134.10 profit=0.764181 age=4447ms
[14:01:05.972] [WS] stale/lost
[14:01:06.897] [OK] [PLAN] HOT entry=81140.01 exit=81153.21 profit=3.253536 age=6484ms
[14:01:15.251] [OK] [PLAN] READY entry=81171.19 exit=81175.55 profit=1.074260 age=14835ms
[14:01:18.038] [EXCHANGE] symbol=BTCU base=BTC quote=U status=TRADING permissions=[]
[14:01:18.043] [OK] START
[14:01:18.331] [INFO] [EXEC] LIVE ON
[14:01:18.333] [INFO] [EXEC] WAIT READY
[14:01:18.817] [WS] primary url=wss://stream.binance.com:9443/ws/btcu@bookTicker
[14:01:18.818] [WS] connecting primary
[14:01:19.569] [WS] connected
[14:01:19.569] [WS] LIVE bid=81171.01 ask=81180.22
[14:01:20.616] [OK] [EXEC] BUY ORDER SENT orderId=382157274 price=81156.77 qty=0.246430
[14:01:20.616] [OK] [EXEC] PLACE BUY price=81156.77 qty=0.246430
[14:01:21.147] [OK] [SYNC] order filled detected
[14:01:21.147] [OK] [SYNC] BUY filled on exchange
[14:01:21.210] [OK] [EXEC] PLACE SELL price=81156.59 qty=0.246430
[14:01:21.475] [OK] [EXEC] SELL ORDER SENT orderId=382157408
[14:01:21.491] [OK] [PLAN] READY entry=81142.71 exit=81146.44 profit=0.919333 age=860ms
[14:01:22.789] [WARNING] [EXEC] CANCEL SELL orderId=382157408
[14:01:23.060] [ERROR] [EXEC] HARD SL triggered
[14:01:23.063] [WARNING] [EXEC] PANIC EXIT sl_mode
[14:01:23.066] [WARNING] [EXEC] FORCE EXIT price=81134.57
[14:01:23.068] [OK] [EXEC] PLACE SELL price=81134.57 qty=0.246430
[14:01:23.331] [OK] [EXEC] SELL ORDER SENT orderId=382157658
[14:01:24.396] [OK] [SYNC] order filled detected
[14:01:24.398] [OK] [SYNC] SELL filled on exchange
[14:01:24.398] [OK] [EXEC] REALIZED pnl=-5.416113
[14:01:24.398] [WS] LIVE bid=81124.75 ask=81132.09
[14:01:24.949] [OK] [EXEC] BUY ORDER SENT orderId=382157845 price=81124.00 qty=0.246530
[14:01:24.952] [OK] [EXEC] PLACE BUY price=81124.00 qty=0.246530
[14:01:24.958] [OK] [PLAN] HOT entry=81124.00 exit=81141.26 profit=4.255108 age=4328ms
[14:01:25.958] [OK] [SYNC] order filled detected
[14:01:25.960] [OK] [SYNC] BUY filled on exchange
[14:01:26.273] [OK] [EXEC] PLACE SELL price=81124.04 qty=0.246530
[14:01:26.545] [OK] [EXEC] SELL ORDER SENT orderId=382157973
[14:01:27.925] [WARNING] cancel all requested
[14:01:29.217] [WARNING] [SYNC] desync fixed
[14:01:29.220] [WARNING] STOP
[14:01:29.975] [WS] stale/lost
[14:01:31.241] [WARNING] [EXEC] BLOCK reason=balance_low
[14:01:35.506] [EXCHANGE] symbol=BTCU base=BTC quote=U status=TRADING permissions=[]
[14:01:35.506] [OK] START
[14:01:35.506] [WARNING] [EXEC] RECOVER EXIT position_qty=0.246530
[14:01:35.990] [OK] [EXEC] PLACE SELL price=81128.74 qty=0.246530
[14:01:36.256] [OK] [EXEC] SELL ORDER SENT orderId=382158679
[14:01:37.077] [WS] primary url=wss://stream.binance.com:9443/ws/btcu@bookTicker
[14:01:37.077] [WS] connecting primary
[14:01:37.077] [WS] connected
[14:01:37.077] [WS] LIVE bid=81122.01 ask=81128.73
[14:01:39.309] [WARNING] [EXEC] SELL TIMEOUT orderId=382158679
[14:01:39.313] [WARNING] [EXEC] CANCEL SELL orderId=382158679
[14:01:39.842] [INFO] [EXEC] SELL FINAL STATUS status=CANCELED orderId=382158679
[14:01:39.845] [WARNING] [EXEC] PANIC EXIT final_recover_place_sell
[14:01:39.848] [WARNING] [EXEC] PANIC EXIT panic_final_recover
[14:01:39.850] [WARNING] [EXEC] FORCE EXIT price=81119.12
[14:01:39.852] [OK] [EXEC] PLACE SELL price=81119.12 qty=0.246530
[14:01:40.121] [OK] [EXEC] SELL ORDER SENT orderId=382159018
[14:01:42.282] [WS] LIVE bid=81106.00 ask=81119.11
[14:01:42.716] [WARNING] [EXEC] SELL TIMEOUT orderId=382159018
[14:01:42.719] [WARNING] [EXEC] CANCEL SELL orderId=382159018
[14:01:43.736] [INFO] [EXEC] SELL FINAL STATUS status=CANCELED orderId=382159018
[14:01:43.740] [WARNING] [EXEC] PANIC EXIT final_recover_place_sell
[14:01:43.741] [WARNING] [EXEC] PANIC EXIT panic_final_recover
[14:01:43.742] [WARNING] [EXEC] FORCE EXIT price=81112.99
[14:01:43.743] [OK] [EXEC] PLACE SELL price=81112.99 qty=0.246530
[14:01:44.009] [OK] [EXEC] SELL ORDER SENT orderId=382159210
[14:01:44.017] [WARNING] [EXEC] BLOCK reason=balance_low
[14:01:45.085] [OK] [SYNC] order filled detected
[14:01:45.085] [OK] [SYNC] SELL filled on exchange
[14:01:45.085] [OK] [EXEC] REALIZED pnl=-2.578595
[14:01:46.163] [OK] [EXEC] BUY ORDER SENT orderId=382159504 price=81143.67 qty=0.246470
[14:01:46.163] [OK] [EXEC] PLACE BUY price=81143.67 qty=0.246470
[14:01:47.139] [OK] [EXEC] BUY FILLED id=382159504
[14:01:47.144] [OK] [PLAN] HOT entry=81123.93 exit=81134.57 profit=2.623079 age=927ms
[14:01:47.709] [OK] [SYNC] order filled detected
[14:01:47.709] [OK] [SYNC] BUY filled on exchange
[14:01:48.179] [WS] LIVE bid=81121.94 ask=81136.56
[14:01:48.412] [OK] [EXEC] PLACE SELL price=81150.77 qty=0.246470
[14:01:48.679] [OK] [EXEC] SELL ORDER SENT orderId=382159763
[14:01:49.961] [WARNING] [EXEC] CANCEL SELL orderId=382159763
[14:01:50.227] [ERROR] [EXEC] HARD SL triggered
[14:01:50.230] [WARNING] [EXEC] PANIC EXIT sl_mode
[14:01:50.232] [WARNING] [EXEC] FORCE EXIT price=81139.96
[14:01:50.233] [OK] [EXEC] PLACE SELL price=81139.96 qty=0.246470
[14:01:50.498] [OK] [EXEC] SELL ORDER SENT orderId=382160000
[14:01:52.991] [WARNING] [EXEC] SELL TIMEOUT orderId=382160000
[14:01:53.006] [WARNING] [EXEC] CANCEL SELL orderId=382160000
[14:01:53.553] [INFO] [EXEC] SELL FINAL STATUS status=CANCELED orderId=382160000
[14:01:53.553] [WARNING] [EXEC] PANIC EXIT final_recover_place_sell
[14:01:53.553] [WARNING] [EXEC] PANIC EXIT panic_final_recover
[14:01:53.553] [WARNING] [EXEC] FORCE EXIT price=81133.01
[14:01:53.553] [OK] [EXEC] PLACE SELL price=81133.01 qty=0.246470
[14:01:53.832] [OK] [EXEC] SELL ORDER SENT orderId=382160175
[14:01:53.834] [WS] LIVE bid=81127.80 ask=81134.01
[14:01:54.288] [OK] [EXEC] SELL FILLED id=382160175
[14:01:54.288] [OK] [EXEC] SELL FILLED qty=0.246470 remaining=0.000000
[14:01:54.303] [OK] [EXEC] REALIZED pnl=-2.627370
[14:01:56.022] [OK] [EXEC] BUY ORDER SENT orderId=382160428 price=81140.01 qty=0.246480
[14:01:56.022] [OK] [EXEC] PLACE BUY price=81140.01 qty=0.246480
[14:01:56.022] [OK] [PLAN] READY entry=81140.01 exit=81144.00 profit=0.983455 age=1715ms
[14:01:57.177] [WS] LIVE bid=81140.02 ask=81146.34
[14:01:57.463] [OK] [EXEC] BUY FILLED id=382160428
[14:01:57.467] [WARNING] [EXEC] BLOCK reason=balance_low
[14:01:58.551] [OK] [SYNC] order filled detected
[14:01:58.554] [OK] [SYNC] BUY filled on exchange
[14:01:59.257] [OK] [EXEC] PLACE SELL price=81147.99 qty=0.246480
[14:01:59.524] [OK] [EXEC] SELL ORDER SENT orderId=382160693
[14:02:00.066] [OK] [SYNC] order filled detected
[14:02:00.066] [OK] [SYNC] SELL filled on exchange
[14:02:00.066] [OK] [EXEC] REALIZED pnl=+1.966910
[14:02:02.282] [WS] LIVE bid=81160.02 ask=81170.00
[14:02:04.741] [WARNING] [EXEC] BLOCK reason=balance_low
[14:02:06.278] [OK] [EXEC] BUY ORDER SENT orderId=382161391 price=81162.05 qty=0.246420
[14:02:06.281] [OK] [EXEC] PLACE BUY price=81162.05 qty=0.246420
[14:02:07.104] [OK] [EXEC] BUY FILLED id=382161391
[14:02:07.768] [OK] [SYNC] order filled detected
[14:02:07.771] [OK] [SYNC] BUY filled on exchange
[14:02:07.773] [WS] LIVE bid=81154.01 ask=81167.36
[14:02:08.247] [OK] [EXEC] PLACE SELL price=81163.15 qty=0.246420
[14:02:08.538] [OK] [EXEC] SELL ORDER SENT orderId=382161533
[14:02:09.148] [WARNING] [EXEC] CANCEL SELL orderId=382161533
[14:02:09.453] [ERROR] [EXEC] HARD SL triggered
[14:02:09.456] [WARNING] [EXEC] PANIC EXIT sl_mode
[14:02:09.457] [WARNING] [EXEC] FORCE EXIT price=81162.13
[14:02:09.459] [OK] [EXEC] PLACE SELL price=81162.13 qty=0.246420
[14:02:09.723] [OK] [EXEC] SELL ORDER SENT orderId=382161672
[14:02:11.652] [OK] [EXEC] SELL FILLED id=382161672
[14:02:11.655] [OK] [EXEC] SELL FILLED qty=0.246420 remaining=0.000000
[14:02:11.657] [OK] [EXEC] REALIZED pnl=+0.019714
[14:02:12.229] [OK] [EXEC] BUY ORDER SENT orderId=382161886 price=81155.96 qty=0.246430
[14:02:12.233] [OK] [EXEC] PLACE BUY price=81155.96 qty=0.246430
[14:02:13.350] [WS] LIVE bid=81158.45 ask=81162.00
[14:02:14.183] [OK] [PLAN] HOT entry=81157.96 exit=81162.93 profit=1.224757 age=1913ms
[14:02:14.788] [OK] [SYNC] order filled detected
[14:02:14.788] [OK] [SYNC] BUY filled on exchange
[14:02:14.810] [OK] [EXEC] PLACE SELL price=81158.08 qty=0.246430
[14:02:15.072] [OK] [EXEC] SELL ORDER SENT orderId=382162131
[14:02:16.973] [WARNING] [EXEC] BLOCK reason=balance_low
[14:02:18.116] [WS] LIVE bid=81131.06 ask=81138.00
[14:02:18.537] [WARNING] [EXEC] SELL TIMEOUT orderId=382162131
[14:02:18.541] [WARNING] [EXEC] CANCEL SELL orderId=382162131
[14:02:19.084] [INFO] [EXEC] SELL FINAL STATUS status=CANCELED orderId=382162131
[14:02:19.084] [WARNING] [EXEC] PANIC EXIT final_recover_place_sell
[14:02:19.084] [WARNING] [EXEC] PANIC EXIT panic_final_recover
[14:02:19.084] [WARNING] [EXEC] FORCE EXIT price=81139.63
[14:02:19.084] [OK] [EXEC] PLACE SELL price=81139.63 qty=0.246430
[14:02:19.381] [OK] [EXEC] SELL ORDER SENT orderId=382162523
[14:02:20.442] [OK] [SYNC] order filled detected
[14:02:20.444] [OK] [SYNC] SELL filled on exchange
[14:02:20.444] [OK] [EXEC] REALIZED pnl=-4.024202
[14:02:20.772] [WARNING] cancel all requested
[14:02:20.775] [WARNING] STOP
[14:02:20.783] [WS] stale/lost
