[10:47:43.023] [OK] filters loaded
[10:47:45.915] [INFO] START_CLICK received enabled=True api_ready=True running=False
[10:47:45.916] [INFO] START_SETTINGS live_enabled=True guard_mode=FAST entry_mode=AGGRESSIVE exit_engine=True order_size=5001.0
[10:47:45.916] [INFO] START_PROFILE guard=FAST/True entry=AGGRESSIVE/repr=True exit=eng:True,timeout:1800 taker=True/1100 order=5001.0 spread=min:5.0,target:2.0
[10:47:46.535] [EXCHANGE] symbol=BTCU base=BTC quote=U status=TRADING permissions=[]
[10:47:46.539] [OK] START
[10:47:46.541] [OK] START_OK runtime_started
[10:47:47.471] [INFO] [EXEC] LIVE ON
[10:47:47.474] [INFO] [EXEC] WAIT READY
[10:47:47.475] [WARNING] [HEALTH] block spread_too_young lifetime=0
[10:47:47.476] [WARNING] [HEALTH] unstable_spread lifetime=0
[10:47:47.477] [WARNING] [EXEC] BLOCK_BUY reason=ws_stale mode=FAST ws_age=None spread=5.60 stable=1/1 mid_delta=0.00 bid_delta=0.00
[10:47:47.478] [WS] primary url=wss://stream.binance.com:9443/ws/btcu@bookTicker
[10:47:47.478] [WS] connecting primary
[10:47:47.604] [OK] [PLAN] HOT entry=80674.52 exit=80678.62 profit=0.254118 age=134ms
[10:47:48.646] [WS] connected
[10:47:49.431] [INFO] [EXEC] SELL ACCOUNTING RESET new_cycle
[10:47:49.446] [OK] [EXEC] BUY ORDER SENT orderId=385140591 price=80669.94 qty=0.061990
[10:47:49.446] [OK] [EXEC] PLACE BUY price=80669.94 qty=0.061990
[10:47:49.972] [OK] [SYNC] order filled detected
[10:47:49.978] [OK] [SYNC] BUY filled on exchange
[10:47:49.979] [OK] [EXEC] BUY FILL UPDATE delta=0.061990 avg=80669.94
[10:47:49.982] [OK] [EXEC] CHUNK ADD qty=0.061990 entry=80669.94
[10:47:49.984] [INFO] [EXEC] CHUNK COUNT n=1
[10:47:49.986] [OK] [EXEC] INVENTORY qty=0.061990
[10:47:49.989] [OK] [EXEC] SELL REQUIRED inventory=0.061990
[10:47:50.752] [INFO] [EXEC] SELL CHECK inventory=0.061990 reported=0.000000 remaining=0.061990 chunks=1
[10:47:50.753] [INFO] [EXEC] PLACE_SELL_SOURCE source=plan price=80675.56
[10:47:50.755] [OK] [EXEC] PLACE SELL price=80675.56 qty=0.061990
[10:47:51.009] [OK] [EXEC] SELL ORDER SENT orderId=385140652
[10:47:53.010] [INFO] [EXEC] SELL_WATCHDOG_SYNC orderId=385140652 status=NEW
[10:47:53.015] [WARNING] [EXEC] SELL_WATCHDOG_FAR_CANCEL orderId=385140652 price=80675.56 ask=80674.45 dist_ticks=111
[10:47:53.541] [INFO] [EXEC] SELL_FAR_CANCEL_FINAL_STATUS status=CANCELED
[10:47:55.055] [INFO] [EXEC] SELL CHECK inventory=0.061990 reported=0.000000 remaining=0.061990 chunks=1
[10:47:55.058] [INFO] [EXEC] SELL_REPRICE_FRESH_APPLIED old=80675.56 new=80674.99 ask=80675.49 bid=80669.86
[10:47:55.059] [INFO] [EXEC] PLACE_SELL_SOURCE source=fresh_after_far_cancel price=80674.99
[10:47:55.059] [OK] [EXEC] PLACE SELL price=80674.99 qty=0.061990
[10:47:55.323] [OK] [EXEC] SELL ORDER SENT orderId=385140695
[10:47:57.344] [INFO] [EXEC] SELL_WATCHDOG_SYNC orderId=385140695 status=NEW
[10:47:57.345] [WARNING] [EXEC] TAKER_EXIT_TRIGGER reason=force_flat_after_ms age=2027 qty=0.061990
[10:47:57.345] [WARNING] [EXEC] TAKER_EXIT_CANCEL_MAKER orderId=385140695
[10:47:59.346] [INFO] [EXEC] PLACE_SELL_SOURCE source=taker price=80670.01
[10:47:59.604] [WARNING] [EXEC] TAKER_EXIT_ORDER_SENT id=385140812 price=80670.01 qty=0.061990
[10:48:00.661] [WARNING] [SYNC] desync fixed
[10:48:00.665] [INFO] [EXEC] EXIT RECOVERY inventory_no_sell qty=0.061990
[10:48:00.665] [WARNING] [EXEC] SELL_PENDING_WITHOUT_ORDER_FIXED
[10:48:01.191] [INFO] [EXEC] SELL CHECK inventory=0.061990 reported=0.000000 remaining=0.061990 chunks=1
[10:48:01.194] [INFO] [EXEC] PLACE_SELL_SOURCE source=plan price=80671.79
[10:48:01.195] [OK] [EXEC] PLACE SELL price=80671.79 qty=0.061990
[10:48:01.447] [OK] [EXEC] SELL ORDER SENT orderId=385140822
[10:48:02.697] [INFO] [EXEC] SELL_WATCHDOG_SYNC orderId=385140822 status=NEW
[10:48:03.724] [WARNING] [EXEC] EXIT_FAIL reason=taker_force_flat_failed force_exit
[10:48:03.726] [WARNING] [EXEC] CANCEL SELL orderId=385140822 reason=taker_force_flat_failed
[10:48:04.243] [WARNING] [EXEC] PANIC EXIT taker_force_flat_failed
[10:48:04.510] [WARNING] [EXEC] FORCE EXIT price=80672.29
[10:48:04.512] [INFO] [EXEC] PLACE_SELL_SOURCE source=panic price=80672.29
[10:48:04.513] [OK] [EXEC] PLACE SELL price=80672.29 qty=0.061990
[10:48:04.788] [WARNING] [EXEC] PANIC START price=80672.29
[10:48:04.793] [OK] [EXEC] SELL ORDER SENT orderId=385140840
[10:48:05.479] [OK] [SYNC] order filled detected
[10:48:05.495] [OK] [SYNC] SELL filled on exchange
[10:48:05.496] [OK] [EXEC] FIFO CLOSE qty=0.061990 entry=80669.94 exit=80672.29 pnl=+0.145677
[10:48:05.498] [INFO] [EXEC] CHUNK DRAINED
[10:48:05.500] [OK] [EXEC] REALIZED pnl=+0.145677
[10:48:05.502] [INFO] [EXEC] SELL ACCOUNTING RESET flat
[10:48:05.504] [OK] [EXEC] CYCLE CLOSED pnl=+0.145677
[10:48:05.505] [INFO] [EXEC] SESSION realized=+0.145677 wins=1 losses=0
[10:48:06.274] [INFO] [HEALTH] state=GOOD
[10:48:06.536] [INFO] [EXEC] SELL ACCOUNTING RESET new_cycle
[10:48:06.540] [OK] [EXEC] BUY ORDER SENT orderId=385140864 price=80669.68 qty=0.061990
[10:48:06.541] [OK] [EXEC] PLACE BUY price=80669.68 qty=0.061990
[10:48:08.557] [INFO] [EXEC] BUY_WATCHDOG_SYNC orderId=385140864 status=NEW
[10:48:08.557] [WARNING] [EXEC] BUY TIMEOUT orderId=385140864
[10:48:08.557] [WARNING] [EXEC] CANCEL BUY orderId=385140864
[10:48:08.821] [OK] [EXEC] BUY CANCELED confirmed
[10:48:09.094] [INFO] [EXEC] BUY FINAL STATUS status=CANCELED orderId=385140864
[10:48:09.095] [WARNING] [EXEC] BLOCK reason=buy_not_filled
[10:48:11.374] [INFO] [EXEC] SELL ACCOUNTING RESET new_cycle
[10:48:11.378] [OK] [EXEC] BUY ORDER SENT orderId=385140913 price=80669.30 qty=0.061990
[10:48:11.381] [OK] [EXEC] PLACE BUY price=80669.30 qty=0.061990
[10:48:12.661] [INFO] [EXEC] ENTRY_REPRICE reason=wide_spread_cross old=80669.30 new=80669.34 count=1
[10:48:13.181] [OK] [EXEC] ENTRY_PLACE price=80669.34 qty=0.061990
[10:48:14.197] [INFO] [EXEC] BUY_WATCHDOG_SYNC orderId=385140922 status=NEW
[10:48:14.212] [WARNING] [EXEC] BUY TIMEOUT orderId=385140922
[10:48:14.212] [WARNING] [EXEC] CANCEL BUY orderId=385140922
[10:48:14.483] [OK] [EXEC] BUY CANCELED confirmed
[10:48:14.757] [INFO] [EXEC] BUY FINAL STATUS status=CANCELED orderId=385140922
[10:48:14.758] [WARNING] [EXEC] BLOCK reason=buy_not_filled
[10:48:15.698] [INFO] [HEALTH] state=GOOD
[10:48:15.957] [INFO] [EXEC] SELL ACCOUNTING RESET new_cycle
[10:48:15.960] [OK] [EXEC] BUY ORDER SENT orderId=385140963 price=80669.33 qty=0.061990
[10:48:15.961] [OK] [EXEC] PLACE BUY price=80669.33 qty=0.061990
[10:48:16.975] [OK] [EXEC] BUY FILL UPDATE delta=0.061990 avg=80669.33
[10:48:16.976] [OK] [EXEC] CHUNK ADD qty=0.061990 entry=80669.33
[10:48:16.976] [INFO] [EXEC] CHUNK COUNT n=1
[10:48:16.980] [OK] [EXEC] INVENTORY qty=0.061990
[10:48:16.981] [OK] [EXEC] SELL REQUIRED inventory=0.061990
[10:48:16.982] [OK] [EXEC] BUY PARTIAL delta=0.061990 total=0.061990
[10:48:16.983] [OK] [EXEC] BUY REMAINING qty=0.000000
[10:48:16.984] [OK] [EXEC] BUY FILLED id=385140963
[10:48:17.529] [OK] [SYNC] order filled detected
[10:48:17.531] [OK] [SYNC] BUY filled on exchange
[10:48:18.259] [INFO] [EXEC] SELL CHECK inventory=0.061990 reported=0.000000 remaining=0.061990 chunks=1
[10:48:18.259] [INFO] [EXEC] PLACE_SELL_SOURCE source=plan price=80669.35
[10:48:18.259] [OK] [EXEC] PLACE SELL price=80669.35 qty=0.061990
[10:48:18.534] [OK] [EXEC] SELL ORDER SENT orderId=385141044
[10:48:19.065] [OK] [SYNC] order filled detected
[10:48:19.068] [OK] [SYNC] SELL filled on exchange
[10:48:19.069] [OK] [EXEC] FIFO CLOSE qty=0.061990 entry=80669.33 exit=80669.34 pnl=+0.000620
[10:48:19.070] [INFO] [EXEC] CHUNK DRAINED
[10:48:19.071] [OK] [EXEC] REALIZED pnl=+0.000620
[10:48:19.071] [INFO] [EXEC] SELL ACCOUNTING RESET flat
[10:48:19.071] [OK] [EXEC] CYCLE CLOSED pnl=+0.000620
[10:48:19.071] [INFO] [EXEC] SESSION realized=+0.146296 wins=2 losses=0
[10:48:19.837] [INFO] [EXEC] SELL ACCOUNTING RESET new_cycle
[10:48:19.837] [OK] [EXEC] BUY ORDER SENT orderId=385141068 price=80664.87 qty=0.061990
[10:48:19.837] [OK] [EXEC] PLACE BUY price=80664.87 qty=0.061990
[10:48:19.837] [OK] [PLAN] HOT entry=80664.87 exit=80670.41 profit=0.343425 age=1828ms
[10:48:20.856] [INFO] [EXEC] ENTRY_REPRICE reason=wide_spread_cross old=80664.87 new=80666.31 count=1
[10:48:21.865] [OK] [EXEC] ENTRY_PLACE price=80666.31 qty=0.061990
[10:48:22.866] [INFO] [EXEC] BUY_WATCHDOG_SYNC orderId=385141116 status=NEW
[10:48:22.870] [WARNING] [EXEC] BUY TIMEOUT orderId=385141116
[10:48:22.871] [WARNING] [EXEC] CANCEL BUY orderId=385141116
[10:48:23.119] [OK] [EXEC] BUY CANCELED confirmed
[10:48:23.385] [INFO] [EXEC] BUY FINAL STATUS status=CANCELED orderId=385141116
[10:48:23.385] [WARNING] [EXEC] BLOCK reason=buy_not_filled
[10:48:25.430] [INFO] [HEALTH] state=GOOD
[10:48:25.698] [INFO] [EXEC] SELL ACCOUNTING RESET new_cycle
[10:48:25.698] [OK] [EXEC] BUY ORDER SENT orderId=385141184 price=80675.65 qty=0.061980
[10:48:25.698] [OK] [EXEC] PLACE BUY price=80675.65 qty=0.061980
[10:48:26.706] [INFO] [EXEC] ENTRY_REPRICE reason=wide_spread_cross old=80675.65 new=80675.69 count=1
[10:48:27.233] [OK] [EXEC] ENTRY_PLACE price=80675.69 qty=0.061980
[10:48:27.235] [OK] [PLAN] HOT entry=80676.66 exit=80681.50 profit=0.299983 age=1017ms
[10:48:28.242] [INFO] [EXEC] BUY_WATCHDOG_SYNC orderId=385141289 status=NEW
[10:48:28.245] [WARNING] [EXEC] BUY TIMEOUT orderId=385141289
[10:48:28.247] [WARNING] [EXEC] CANCEL BUY orderId=385141289
[10:48:28.510] [OK] [EXEC] BUY CANCELED confirmed
[10:48:28.760] [INFO] [EXEC] BUY FINAL STATUS status=CANCELED orderId=385141289
[10:48:28.777] [WARNING] [EXEC] BLOCK reason=buy_not_filled
[10:48:30.517] [INFO] [HEALTH] state=GOOD
[10:48:30.775] [INFO] [EXEC] SELL ACCOUNTING RESET new_cycle
[10:48:30.775] [OK] [EXEC] BUY ORDER SENT orderId=385141390 price=80673.13 qty=0.061990
[10:48:30.791] [OK] [EXEC] PLACE BUY price=80673.13 qty=0.061990
[10:48:31.804] [INFO] [EXEC] ENTRY_REPRICE reason=wide_spread_cross old=80673.13 new=80673.17 count=1
[10:48:32.325] [OK] [EXEC] ENTRY_PLACE price=80673.17 qty=0.061990
[10:48:32.330] [OK] [PLAN] HOT entry=80674.14 exit=80681.50 profit=0.456246 age=1024ms
[10:48:33.322] [INFO] [EXEC] BUY_WATCHDOG_SYNC orderId=385141466 status=NEW
[10:48:33.337] [WARNING] [EXEC] BUY_WATCHDOG_FAR_CANCEL orderId=385141466 price=80673.17 bid=80675.30 dist_ticks=213
[10:48:34.337] [INFO] [EXEC] SELL ACCOUNTING RESET new_cycle
[10:48:34.353] [OK] [EXEC] BUY ORDER SENT orderId=385141546 price=80673.25 qty=0.061990
[10:48:34.354] [OK] [EXEC] PLACE BUY price=80673.25 qty=0.061990
[10:48:35.353] [INFO] [EXEC] ENTRY_REPRICE reason=wide_spread_cross old=80673.25 new=80674.04 count=1
[10:48:35.891] [OK] [EXEC] ENTRY_PLACE price=80674.04 qty=0.061990
[10:48:37.650] [INFO] [EXEC] BUY_WATCHDOG_SYNC orderId=385141575 status=NEW
[10:48:37.650] [WARNING] [EXEC] BUY TIMEOUT orderId=385141575
[10:48:37.650] [WARNING] [EXEC] CANCEL BUY orderId=385141575
[10:48:37.915] [OK] [EXEC] BUY CANCELED confirmed
[10:48:38.194] [INFO] [EXEC] BUY FINAL STATUS status=CANCELED orderId=385141575
[10:48:38.197] [WARNING] [EXEC] BLOCK reason=buy_not_filled
[10:48:38.663] [INFO] [HEALTH] state=GOOD
[10:48:38.923] [INFO] [EXEC] SELL ACCOUNTING RESET new_cycle
[10:48:38.927] [OK] [EXEC] BUY ORDER SENT orderId=385141653 price=80675.05 qty=0.061980
[10:48:38.930] [OK] [EXEC] PLACE BUY price=80675.05 qty=0.061980
[10:48:40.017] [INFO] [EXEC] ENTRY_REPRICE reason=wide_spread_cross old=80675.05 new=80675.09 count=1
[10:48:40.540] [OK] [EXEC] ENTRY_PLACE price=80675.09 qty=0.061980
[10:48:41.525] [INFO] [EXEC] BUY_WATCHDOG_SYNC orderId=385141691 status=NEW
[10:48:41.525] [WARNING] [EXEC] BUY TIMEOUT orderId=385141691
[10:48:41.525] [WARNING] [EXEC] CANCEL BUY orderId=385141691
[10:48:41.832] [OK] [EXEC] BUY CANCELED confirmed
[10:48:42.103] [INFO] [EXEC] BUY FINAL STATUS status=FILLED orderId=385141691
[10:48:42.103] [OK] [EXEC] BUY FILL UPDATE delta=0.061980 avg=80675.09
[10:48:42.103] [OK] [EXEC] CHUNK ADD qty=0.061980 entry=80675.09
[10:48:42.103] [INFO] [EXEC] CHUNK COUNT n=1
[10:48:42.103] [OK] [EXEC] INVENTORY qty=0.061980
[10:48:42.121] [OK] [EXEC] SELL REQUIRED inventory=0.061980
[10:48:42.122] [OK] [EXEC] BUY FILLED during cancel
[10:48:42.123] [OK] [EXEC] BUY FILLED id=385141691
[10:48:43.009] [OK] [SYNC] order filled detected
[10:48:43.009] [OK] [SYNC] BUY filled on exchange
[10:48:43.581] [INFO] [EXEC] SELL CHECK inventory=0.061980 reported=0.000000 remaining=0.061970 chunks=1
[10:48:43.583] [INFO] [EXEC] PLACE_SELL_SOURCE source=plan price=80675.11
[10:48:43.584] [OK] [EXEC] PLACE SELL price=80675.11 qty=0.061970
[10:48:43.846] [OK] [EXEC] SELL ORDER SENT orderId=385141855
[10:48:43.853] [OK] [PLAN] HOT entry=80667.01 exit=80671.73 profit=0.292593 age=1776ms
[10:48:44.806] [INFO] [EXEC] SELL UPSIZE old=0.061970 new=0.061980
[10:48:44.806] [WARNING] [EXEC] SELL TIMEOUT orderId=385141855
[10:48:44.806] [WARNING] [EXEC] CANCEL SELL orderId=385141855
[10:48:45.354] [INFO] [EXEC] SELL FINAL STATUS status=CANCELED orderId=385141855
[10:48:45.354] [INFO] [EXEC] SELL TIMEOUT check fast_exit
[10:48:45.354] [WARNING] [EXEC] FORCE EXIT hard_sl_triggered
[10:48:45.354] [ERROR] [EXEC] HARD SL triggered
[10:48:45.354] [WARNING] [EXEC] PANIC EXIT sl_mode
[10:48:45.634] [WARNING] [EXEC] FORCE EXIT price=80672.62
[10:48:45.636] [INFO] [EXEC] PLACE_SELL_SOURCE source=panic price=80672.62
[10:48:45.637] [OK] [EXEC] PLACE SELL price=80672.62 qty=0.061970
[10:48:45.929] [WARNING] [EXEC] PANIC START price=80672.62
[10:48:45.932] [OK] [EXEC] SELL ORDER SENT orderId=385141939
[10:48:46.862] [INFO] [EXEC] SELL_WATCHDOG_SYNC orderId=385141939 status=NEW
[10:48:46.868] [INFO] [EXEC] SELL_UPSIZE_SKIPPED reason=exit_or_panic_active
[10:48:47.685] [OK] [SYNC] order filled detected
[10:48:47.687] [OK] [SYNC] SELL filled on exchange
[10:48:47.688] [OK] [EXEC] FIFO CLOSE qty=0.061970 entry=80675.09 exit=80672.62 pnl=-0.153066
[10:48:47.692] [INFO] [EXEC] CHUNK DRAINED
[10:48:47.694] [OK] [EXEC] REALIZED pnl=-0.153066
[10:48:47.698] [INFO] [EXEC] SELL ACCOUNTING RESET flat
[10:48:47.700] [OK] [EXEC] CYCLE CLOSED pnl=-0.153066
[10:48:47.702] [INFO] [EXEC] SESSION realized=-0.006769 wins=2 losses=1
[10:48:47.704] [INFO] [HEALTH] state=GOOD
[10:48:47.704] [WARNING] [EXEC] BLOCK_BUY reason=cooldown_loss_cycle mode=FAST ws_age=702 spread=6.34 stable=1/1 mid_delta=0.00 bid_delta=0.00
[10:48:48.589] [WARNING] [HEALTH] block falling_market bid_ticks=-105.00 mid_ticks=-103.00
[10:48:48.589] [WARNING] [HEALTH] unstable_bid delta_ticks=-105.00
[10:48:48.589] [WARNING] [HEALTH] negative_momentum ticks=-103.00
[10:48:48.589] [WARNING] [EXEC] BLOCK_BUY reason=mid_momentum_negative mode=FAST ws_age=234 spread=5.33 stable=2/1 mid_delta=-103.00 bid_delta=-105.00
[10:48:49.355] [INFO] [EXEC] SELL ACCOUNTING RESET new_cycle
[10:48:49.359] [OK] [EXEC] BUY ORDER SENT orderId=385142081 price=80667.00 qty=0.061990
[10:48:49.362] [OK] [EXEC] PLACE BUY price=80667.00 qty=0.061990
[10:48:49.879] [OK] [SYNC] order filled detected
[10:48:49.882] [OK] [SYNC] BUY filled on exchange
[10:48:49.883] [OK] [EXEC] BUY FILL UPDATE delta=0.061990 avg=80667.00
[10:48:49.884] [OK] [EXEC] CHUNK ADD qty=0.061990 entry=80667.00
[10:48:49.886] [INFO] [EXEC] CHUNK COUNT n=1
[10:48:49.886] [OK] [EXEC] INVENTORY qty=0.061990
[10:48:49.886] [OK] [EXEC] SELL REQUIRED inventory=0.061990
[10:48:50.703] [INFO] [EXEC] SELL CHECK inventory=0.061990 reported=0.000000 remaining=0.061990 chunks=1
[10:48:50.705] [INFO] [EXEC] PLACE_SELL_SOURCE source=plan price=80669.75
[10:48:50.706] [OK] [EXEC] PLACE SELL price=80669.75 qty=0.061990
[10:48:50.974] [OK] [EXEC] SELL ORDER SENT orderId=385142261
[10:48:51.900] [OK] [EXEC] FIFO CLOSE qty=0.061990 entry=80667.00 exit=80669.75 pnl=+0.170472
[10:48:51.900] [INFO] [EXEC] CHUNK DRAINED
[10:48:51.900] [OK] [EXEC] REALIZED pnl=+0.170472
[10:48:51.900] [INFO] [EXEC] SELL ACCOUNTING RESET flat
[10:48:51.900] [OK] [EXEC] CYCLE CLOSED pnl=+0.170472
[10:48:51.900] [INFO] [EXEC] SESSION realized=+0.163703 wins=3 losses=1
[10:48:51.900] [OK] [EXEC] EXIT_FILLED
[10:48:51.900] [INFO] [EXEC] SELL ACCOUNTING RESET flat
[10:48:51.900] [INFO] [EXEC] CYCLE SKIP no_fifo_pnl
[10:48:51.900] [OK] [EXEC] SELL FILLED id=385142261
[10:48:51.916] [OK] [EXEC] SELL FILLED qty=0.061990 remaining=0.000000
[10:48:51.917] [INFO] [EXEC] SELL ACCOUNTING RESET inventory_drained
[10:48:51.918] [INFO] [EXEC] INVENTORY DRAINED epsilon_cleanup qty=0.000000
[10:48:51.919] [INFO] [EXEC] SELL ACCOUNTING RESET flat
[10:48:51.920] [INFO] [EXEC] CYCLE SKIP no_fifo_pnl
[10:48:53.650] [INFO] [EXEC] SELL ACCOUNTING RESET new_cycle
[10:48:53.650] [OK] [EXEC] BUY ORDER SENT orderId=385142336 price=80665.30 qty=0.061990
[10:48:53.650] [OK] [EXEC] PLACE BUY price=80665.30 qty=0.061990
[10:48:55.487] [INFO] [EXEC] BUY_WATCHDOG_SYNC orderId=385142336 status=NEW
[10:48:55.490] [WARNING] [EXEC] BUY_WATCHDOG_FAR_CANCEL orderId=385142336 price=80665.30 bid=80665.69 dist_ticks=38
[10:48:56.909] [INFO] [HEALTH] state=GOOD
[10:48:57.182] [INFO] [EXEC] SELL ACCOUNTING RESET new_cycle
[10:48:57.182] [OK] [EXEC] BUY ORDER SENT orderId=385142458 price=80669.57 qty=0.061990
[10:48:57.182] [OK] [EXEC] PLACE BUY price=80669.57 qty=0.061990
[10:48:58.213] [INFO] [EXEC] ENTRY_REPRICE reason=wide_spread_cross old=80669.57 new=80669.61 count=1
[10:48:58.745] [OK] [EXEC] ENTRY_PLACE price=80669.61 qty=0.061990
[10:48:59.714] [INFO] [EXEC] BUY_WATCHDOG_SYNC orderId=385142520 status=NEW
[10:48:59.718] [WARNING] [EXEC] BUY_WATCHDOG_FAR_CANCEL orderId=385142520 price=80669.61 bid=80670.24 dist_ticks=63
[10:49:01.212] [INFO] [EXEC] SELL ACCOUNTING RESET new_cycle
[10:49:01.212] [OK] [EXEC] BUY ORDER SENT orderId=385142564 price=80671.24 qty=0.061990
[10:49:01.212] [OK] [EXEC] PLACE BUY price=80671.24 qty=0.061990
[10:49:01.212] [OK] [PLAN] HOT entry=80671.24 exit=80677.72 profit=0.401695 age=1501ms
[10:49:03.323] [INFO] [EXEC] BUY_WATCHDOG_SYNC orderId=385142564 status=NEW
[10:49:03.323] [WARNING] [EXEC] BUY TIMEOUT orderId=385142564
[10:49:03.323] [WARNING] [EXEC] CANCEL BUY orderId=385142564
[10:49:03.617] [OK] [EXEC] BUY CANCELED confirmed
[10:49:03.883] [INFO] [EXEC] BUY FINAL STATUS status=CANCELED orderId=385142564
[10:49:03.887] [WARNING] [EXEC] BLOCK reason=buy_not_filled
[10:49:04.271] [INFO] [HEALTH] state=GOOD
[10:49:04.562] [INFO] [EXEC] SELL ACCOUNTING RESET new_cycle
[10:49:04.565] [OK] [EXEC] BUY ORDER SENT orderId=385142646 price=80669.90 qty=0.061990
[10:49:04.568] [OK] [EXEC] PLACE BUY price=80669.90 qty=0.061990
[10:49:05.323] [OK] [SYNC] order filled detected
[10:49:05.326] [OK] [SYNC] BUY filled on exchange
[10:49:05.327] [OK] [EXEC] BUY FILL UPDATE delta=0.061990 avg=80669.90
[10:49:05.328] [OK] [EXEC] CHUNK ADD qty=0.061990 entry=80669.90
[10:49:05.330] [INFO] [EXEC] CHUNK COUNT n=1
[10:49:05.331] [OK] [EXEC] INVENTORY qty=0.061990
[10:49:05.332] [OK] [EXEC] SELL REQUIRED inventory=0.061990
[10:49:05.859] [INFO] [EXEC] SELL CHECK inventory=0.061990 reported=0.000000 remaining=0.061990 chunks=1
[10:49:05.860] [INFO] [EXEC] PLACE_SELL_SOURCE source=plan price=80674.12
[10:49:05.860] [OK] [EXEC] PLACE SELL price=80674.12 qty=0.061990
[10:49:06.119] [OK] [EXEC] SELL ORDER SENT orderId=385142802
[10:49:07.329] [INFO] [EXEC] SELL_WATCHDOG_SYNC orderId=385142802 status=NEW
[10:49:07.332] [WARNING] [EXEC] SELL_WATCHDOG_FAR_CANCEL orderId=385142802 price=80674.12 ask=80657.99 dist_ticks=1612
[10:49:07.903] [INFO] [EXEC] SELL_FAR_CANCEL_FINAL_STATUS status=CANCELED
[10:49:08.838] [INFO] [EXEC] SELL CHECK inventory=0.061990 reported=0.000000 remaining=0.061990 chunks=1
[10:49:08.838] [INFO] [EXEC] SELL_REPRICE_FRESH_APPLIED old=80674.12 new=80669.92 ask=80657.68 bid=80644.62
[10:49:08.838] [WARNING] [EXEC] SELL_SKIP_STILL_FAR_AFTER_REPRICE price=80669.92 ask=80657.68 dist_ticks=1224
[10:49:08.838] [WARNING] [EXEC] EXIT_FAIL reason=still_far_after_reprice force_exit
[10:49:08.838] [WARNING] [EXEC] PANIC EXIT still_far_after_reprice
[10:49:09.111] [WARNING] [EXEC] FORCE EXIT price=80658.18
[10:49:09.113] [INFO] [EXEC] PLACE_SELL_SOURCE source=panic price=80658.18
[10:49:09.114] [OK] [EXEC] PLACE SELL price=80658.18 qty=0.061990
[10:49:09.379] [WARNING] [EXEC] PANIC START price=80658.18
[10:49:09.382] [OK] [EXEC] SELL ORDER SENT orderId=385142887
[10:49:09.384] [WARNING] [EXEC] SELL_FAR_CANCEL_UNSTICK action=panic
[10:49:10.400] [INFO] [EXEC] SELL_WATCHDOG_SYNC orderId=385142887 status=NEW
[10:49:10.400] [WARNING] [EXEC] SELL_WATCHDOG_FAR_CANCEL orderId=385142887 price=80658.18 ask=80656.03 dist_ticks=214
[10:49:10.962] [INFO] [EXEC] SELL_FAR_CANCEL_FINAL_STATUS status=CANCELED
[10:49:11.681] [WARNING] [EXEC] PLACE_SELL_STUCK_RECOVERY qty=0.061990
[10:49:12.248] [INFO] [EXEC] SELL CHECK inventory=0.061990 reported=0.000000 remaining=0.061990 chunks=1
[10:49:12.251] [INFO] [EXEC] SELL_REPRICE_FRESH_APPLIED old=80658.18 new=80669.92 ask=80642.00 bid=80634.01
[10:49:12.253] [WARNING] [EXEC] SELL_SKIP_STILL_FAR_AFTER_REPRICE price=80669.92 ask=80642.00 dist_ticks=2792
[10:49:12.256] [WARNING] [EXEC] EXIT_FAIL reason=still_far_after_reprice force_exit
[10:49:12.258] [WARNING] [EXEC] PANIC HOLD active orderId=385142887
[10:49:12.261] [WARNING] [EXEC] SELL_FAR_CANCEL_UNSTICK action=panic
[10:49:12.928] [INFO] [EXEC] EXIT RECOVERY inventory_no_sell qty=0.061990
[10:49:13.192] [WARNING] [EXEC] PLACE_SELL_STUCK_RECOVERY qty=0.061990
[10:49:13.728] [INFO] [EXEC] SELL CHECK inventory=0.061990 reported=0.000000 remaining=0.061990 chunks=1
[10:49:13.728] [INFO] [EXEC] SELL_REPRICE_FRESH_APPLIED old=80658.18 new=80669.92 ask=80633.47 bid=80630.02
[10:49:13.728] [WARNING] [EXEC] SELL_SKIP_STILL_FAR_AFTER_REPRICE price=80669.92 ask=80633.47 dist_ticks=3645
[10:49:13.728] [WARNING] [EXEC] EXIT_FAIL reason=still_far_after_reprice force_exit
[10:49:13.743] [WARNING] [EXEC] PANIC HOLD active orderId=385142887
[10:49:13.743] [WARNING] [EXEC] SELL_FAR_CANCEL_UNSTICK action=panic
[10:49:14.494] [WARNING] [EXEC] PLACE_SELL_STUCK_RECOVERY qty=0.061990
[10:49:15.047] [INFO] [EXEC] SELL CHECK inventory=0.061990 reported=0.000000 remaining=0.061990 chunks=1
[10:49:15.051] [INFO] [EXEC] SELL_REPRICE_FRESH_APPLIED old=80658.18 new=80669.92 ask=80633.47 bid=80630.02
[10:49:15.053] [WARNING] [EXEC] SELL_SKIP_STILL_FAR_AFTER_REPRICE price=80669.92 ask=80633.47 dist_ticks=3645
[10:49:15.056] [WARNING] [EXEC] EXIT_FAIL reason=still_far_after_reprice force_exit
[10:49:15.057] [WARNING] [EXEC] PANIC HOLD active orderId=385142887
[10:49:15.059] [WARNING] [EXEC] SELL_FAR_CANCEL_UNSTICK action=panic
[10:49:15.745] [WARNING] [EXEC] PLACE_SELL_STUCK_RECOVERY qty=0.061990
[10:49:16.291] [INFO] [EXEC] SELL CHECK inventory=0.061990 reported=0.000000 remaining=0.061990 chunks=1
[10:49:16.291] [INFO] [EXEC] SELL_REPRICE_FRESH_APPLIED old=80658.18 new=80669.92 ask=80633.46 bid=80628.35
[10:49:16.291] [WARNING] [EXEC] SELL_SKIP_STILL_FAR_AFTER_REPRICE price=80669.92 ask=80633.46 dist_ticks=3646
[10:49:16.291] [WARNING] [EXEC] EXIT_FAIL reason=still_far_after_reprice force_exit
[10:49:16.291] [WARNING] [EXEC] PANIC HOLD active orderId=385142887
[10:49:16.291] [WARNING] [EXEC] SELL_FAR_CANCEL_UNSTICK action=panic
[10:49:16.744] [INFO] [EXEC] EXIT RECOVERY inventory_no_sell qty=0.061990
[10:49:17.012] [WARNING] [EXEC] PLACE_SELL_STUCK_RECOVERY qty=0.061990
[10:49:17.573] [INFO] [EXEC] SELL CHECK inventory=0.061990 reported=0.000000 remaining=0.061990 chunks=1
[10:49:17.575] [INFO] [EXEC] SELL_REPRICE_FRESH_APPLIED old=80658.18 new=80669.92 ask=80635.76 bid=80629.41
[10:49:17.577] [WARNING] [EXEC] SELL_SKIP_STILL_FAR_AFTER_REPRICE price=80669.92 ask=80635.76 dist_ticks=3416
[10:49:17.578] [WARNING] [EXEC] EXIT_FAIL reason=still_far_after_reprice force_exit
[10:49:17.579] [WARNING] [EXEC] PANIC HOLD active orderId=385142887
[10:49:17.580] [WARNING] [EXEC] SELL_FAR_CANCEL_UNSTICK action=panic
[10:49:18.298] [WARNING] [EXEC] PLACE_SELL_STUCK_RECOVERY qty=0.061990
[10:49:18.849] [INFO] [EXEC] SELL CHECK inventory=0.061990 reported=0.000000 remaining=0.061990 chunks=1
[10:49:18.851] [INFO] [EXEC] SELL_REPRICE_FRESH_APPLIED old=80658.18 new=80669.92 ask=80634.98 bid=80629.13
[10:49:18.852] [WARNING] [EXEC] SELL_SKIP_STILL_FAR_AFTER_REPRICE price=80669.92 ask=80634.98 dist_ticks=3494
[10:49:18.855] [WARNING] [EXEC] EXIT_FAIL reason=still_far_after_reprice force_exit
[10:49:18.857] [WARNING] [EXEC] PANIC HOLD active orderId=385142887
[10:49:18.858] [WARNING] [EXEC] SELL_FAR_CANCEL_UNSTICK action=panic
[10:49:20.027] [INFO] [EXEC] EXIT RECOVERY inventory_no_sell qty=0.061990
[10:49:20.299] [WARNING] [EXEC] PLACE_SELL_STUCK_RECOVERY qty=0.061990
[10:49:20.839] [INFO] [EXEC] SELL CHECK inventory=0.061990 reported=0.000000 remaining=0.061990 chunks=1
[10:49:20.839] [INFO] [EXEC] SELL_REPRICE_FRESH_APPLIED old=80658.18 new=80669.92 ask=80636.75 bid=80630.54
[10:49:20.839] [WARNING] [EXEC] SELL_SKIP_STILL_FAR_AFTER_REPRICE price=80669.92 ask=80636.75 dist_ticks=3317
[10:49:20.839] [WARNING] [EXEC] EXIT_FAIL reason=still_far_after_reprice force_exit
[10:49:20.839] [WARNING] [EXEC] PANIC HOLD active orderId=385142887
[10:49:20.839] [WARNING] [EXEC] SELL_FAR_CANCEL_UNSTICK action=panic
[10:49:21.603] [WARNING] [EXEC] PLACE_SELL_STUCK_RECOVERY qty=0.061990
[10:49:22.603] [INFO] [EXEC] SELL CHECK inventory=0.061990 reported=0.000000 remaining=0.061990 chunks=1
[10:49:22.619] [INFO] [EXEC] SELL_REPRICE_FRESH_APPLIED old=80658.18 new=80669.92 ask=80638.01 bid=80632.80
[10:49:22.619] [WARNING] [EXEC] SELL_SKIP_STILL_FAR_AFTER_REPRICE price=80669.92 ask=80638.01 dist_ticks=3191
[10:49:22.619] [WARNING] [EXEC] EXIT_FAIL reason=still_far_after_reprice force_exit
[10:49:22.619] [WARNING] [EXEC] PANIC HOLD active orderId=385142887
[10:49:22.619] [WARNING] [EXEC] SELL_FAR_CANCEL_UNSTICK action=panic
[10:49:23.119] [INFO] [EXEC] EXIT RECOVERY inventory_no_sell qty=0.061990
[10:49:23.384] [WARNING] [EXEC] PLACE_SELL_STUCK_RECOVERY qty=0.061990
[10:49:23.915] [INFO] [EXEC] SELL CHECK inventory=0.061990 reported=0.000000 remaining=0.061990 chunks=1
[10:49:23.915] [INFO] [EXEC] SELL_REPRICE_FRESH_APPLIED old=80658.18 new=80669.92 ask=80636.96 bid=80631.77
[10:49:23.915] [WARNING] [EXEC] SELL_SKIP_STILL_FAR_AFTER_REPRICE price=80669.92 ask=80636.96 dist_ticks=3296
[10:49:23.931] [WARNING] [EXEC] EXIT_FAIL reason=still_far_after_reprice force_exit
[10:49:23.931] [WARNING] [EXEC] PANIC HOLD active orderId=385142887
[10:49:23.931] [WARNING] [EXEC] SELL_FAR_CANCEL_UNSTICK action=panic
[10:49:24.894] [WARNING] [EXEC] PLACE_SELL_STUCK_RECOVERY qty=0.061990
[10:49:25.416] [INFO] [EXEC] SELL CHECK inventory=0.061990 reported=0.000000 remaining=0.061990 chunks=1
[10:49:25.416] [INFO] [EXEC] SELL_REPRICE_FRESH_APPLIED old=80658.18 new=80669.92 ask=80638.23 bid=80632.52
[10:49:25.416] [WARNING] [EXEC] SELL_SKIP_STILL_FAR_AFTER_REPRICE price=80669.92 ask=80638.23 dist_ticks=3169
[10:49:25.416] [WARNING] [EXEC] EXIT_FAIL reason=still_far_after_reprice force_exit
[10:49:25.416] [WARNING] [EXEC] PANIC HOLD active orderId=385142887
[10:49:25.416] [WARNING] [EXEC] SELL_FAR_CANCEL_UNSTICK action=panic
[10:49:26.165] [WARNING] [EXEC] PLACE_SELL_STUCK_RECOVERY qty=0.061990
[10:49:26.744] [INFO] [EXEC] SELL CHECK inventory=0.061990 reported=0.000000 remaining=0.061990 chunks=1
[10:49:26.749] [INFO] [EXEC] SELL_REPRICE_FRESH_APPLIED old=80658.18 new=80669.92 ask=80637.64 bid=80632.52
[10:49:26.752] [WARNING] [EXEC] SELL_SKIP_STILL_FAR_AFTER_REPRICE price=80669.92 ask=80637.64 dist_ticks=3228
[10:49:26.754] [WARNING] [EXEC] EXIT_FAIL reason=still_far_after_reprice force_exit
[10:49:26.755] [WARNING] [EXEC] PANIC HOLD active orderId=385142887
[10:49:26.756] [WARNING] [EXEC] SELL_FAR_CANCEL_UNSTICK action=panic
[10:49:27.195] [INFO] [EXEC] EXIT RECOVERY inventory_no_sell qty=0.061990
[10:49:27.473] [WARNING] [EXEC] PLACE_SELL_STUCK_RECOVERY qty=0.061990
[10:49:28.008] [INFO] [EXEC] SELL CHECK inventory=0.061990 reported=0.000000 remaining=0.061990 chunks=1
[10:49:28.008] [INFO] [EXEC] SELL_REPRICE_FRESH_APPLIED old=80658.18 new=80669.92 ask=80637.21 bid=80631.81
[10:49:28.008] [WARNING] [EXEC] SELL_SKIP_STILL_FAR_AFTER_REPRICE price=80669.92 ask=80637.21 dist_ticks=3271
[10:49:28.008] [WARNING] [EXEC] EXIT_FAIL reason=still_far_after_reprice force_exit
[10:49:28.008] [WARNING] [EXEC] PANIC HOLD active orderId=385142887
[10:49:28.008] [WARNING] [EXEC] SELL_FAR_CANCEL_UNSTICK action=panic
[10:49:28.729] [WARNING] [EXEC] PLACE_SELL_STUCK_RECOVERY qty=0.061990
[10:49:29.738] [INFO] [EXEC] SELL CHECK inventory=0.061990 reported=0.000000 remaining=0.061990 chunks=1
[10:49:29.740] [INFO] [EXEC] SELL_REPRICE_FRESH_APPLIED old=80658.18 new=80669.92 ask=80637.21 bid=80631.81
[10:49:29.741] [WARNING] [EXEC] SELL_SKIP_STILL_FAR_AFTER_REPRICE price=80669.92 ask=80637.21 dist_ticks=3271
[10:49:29.742] [WARNING] [EXEC] EXIT_FAIL reason=still_far_after_reprice force_exit
[10:49:29.743] [WARNING] [EXEC] PANIC HOLD active orderId=385142887
[10:49:29.745] [WARNING] [EXEC] SELL_FAR_CANCEL_UNSTICK action=panic
[10:49:30.353] [INFO] [EXEC] EXIT RECOVERY inventory_no_sell qty=0.061990
[10:49:30.649] [WARNING] [EXEC] PLACE_SELL_STUCK_RECOVERY qty=0.061990
[10:49:31.187] [INFO] [EXEC] SELL CHECK inventory=0.061990 reported=0.000000 remaining=0.061990 chunks=1
[10:49:31.189] [INFO] [EXEC] SELL_REPRICE_FRESH_APPLIED old=80658.18 new=80669.92 ask=80630.86 bid=80626.03
[10:49:31.190] [WARNING] [EXEC] SELL_SKIP_STILL_FAR_AFTER_REPRICE price=80669.92 ask=80630.86 dist_ticks=3906
[10:49:31.191] [WARNING] [EXEC] EXIT_FAIL reason=still_far_after_reprice force_exit
[10:49:31.193] [WARNING] [EXEC] PANIC HOLD active orderId=385142887
[10:49:31.194] [WARNING] [EXEC] SELL_FAR_CANCEL_UNSTICK action=panic
[10:49:31.772] [WARNING] [EXEC] PLACE_SELL_STUCK_RECOVERY qty=0.061990
[10:49:32.772] [INFO] [EXEC] SELL CHECK inventory=0.061990 reported=0.000000 remaining=0.061990 chunks=1
[10:49:32.774] [INFO] [EXEC] SELL_REPRICE_FRESH_APPLIED old=80658.18 new=80669.92 ask=80629.99 bid=80624.26
[10:49:32.775] [WARNING] [EXEC] SELL_SKIP_STILL_FAR_AFTER_REPRICE price=80669.92 ask=80629.99 dist_ticks=3993
[10:49:32.775] [WARNING] [EXEC] EXIT_FAIL reason=still_far_after_reprice force_exit
[10:49:32.775] [WARNING] [EXEC] PANIC HOLD active orderId=385142887
[10:49:32.775] [WARNING] [EXEC] SELL_FAR_CANCEL_UNSTICK action=panic
[10:49:33.322] [WARNING] [EXEC] PLACE_SELL_STUCK_RECOVERY qty=0.061990
[10:49:33.854] [INFO] [EXEC] SELL CHECK inventory=0.061990 reported=0.000000 remaining=0.061990 chunks=1
[10:49:33.855] [INFO] [EXEC] SELL_REPRICE_FRESH_APPLIED old=80658.18 new=80669.92 ask=80634.00 bid=80626.24
[10:49:33.856] [WARNING] [EXEC] SELL_SKIP_STILL_FAR_AFTER_REPRICE price=80669.92 ask=80634.00 dist_ticks=3592
[10:49:33.856] [WARNING] [EXEC] EXIT_FAIL reason=still_far_after_reprice force_exit
[10:49:33.857] [WARNING] [EXEC] PANIC HOLD active orderId=385142887
[10:49:33.858] [WARNING] [EXEC] SELL_FAR_CANCEL_UNSTICK action=panic
[10:49:34.306] [INFO] [EXEC] EXIT RECOVERY inventory_no_sell qty=0.061990
[10:49:34.556] [WARNING] [EXEC] PLACE_SELL_STUCK_RECOVERY qty=0.061990
[10:49:35.132] [INFO] [EXEC] SELL CHECK inventory=0.061990 reported=0.000000 remaining=0.061990 chunks=1
[10:49:35.135] [INFO] [EXEC] SELL_REPRICE_FRESH_APPLIED old=80658.18 new=80669.92 ask=80630.30 bid=80625.13
[10:49:35.135] [WARNING] [EXEC] SELL_SKIP_STILL_FAR_AFTER_REPRICE price=80669.92 ask=80630.30 dist_ticks=3962
[10:49:35.135] [WARNING] [EXEC] EXIT_FAIL reason=still_far_after_reprice force_exit
[10:49:35.135] [WARNING] [EXEC] PANIC HOLD active orderId=385142887
[10:49:35.135] [WARNING] [EXEC] SELL_FAR_CANCEL_UNSTICK action=panic
[10:49:35.862] [WARNING] [EXEC] PLACE_SELL_STUCK_RECOVERY qty=0.061990
[10:49:36.418] [INFO] [EXEC] SELL CHECK inventory=0.061990 reported=0.000000 remaining=0.061990 chunks=1
[10:49:36.421] [INFO] [EXEC] SELL_REPRICE_FRESH_APPLIED old=80658.18 new=80669.92 ask=80630.30 bid=80624.83
[10:49:36.424] [WARNING] [EXEC] SELL_SKIP_STILL_FAR_AFTER_REPRICE price=80669.92 ask=80630.30 dist_ticks=3962
[10:49:36.426] [WARNING] [EXEC] EXIT_FAIL reason=still_far_after_reprice force_exit
[10:49:36.428] [WARNING] [EXEC] PANIC HOLD active orderId=385142887
[10:49:36.429] [WARNING] [EXEC] SELL_FAR_CANCEL_UNSTICK action=panic
[10:49:37.103] [WARNING] [EXEC] PLACE_SELL_STUCK_RECOVERY qty=0.061990
[10:49:37.638] [INFO] [EXEC] SELL CHECK inventory=0.061990 reported=0.000000 remaining=0.061990 chunks=1
[10:49:37.640] [INFO] [EXEC] SELL_REPRICE_FRESH_APPLIED old=80658.18 new=80669.92 ask=80630.30 bid=80624.83
[10:49:37.641] [WARNING] [EXEC] SELL_SKIP_STILL_FAR_AFTER_REPRICE price=80669.92 ask=80630.30 dist_ticks=3962
[10:49:37.643] [WARNING] [EXEC] EXIT_FAIL reason=still_far_after_reprice force_exit
[10:49:37.644] [WARNING] [EXEC] PANIC HOLD active orderId=385142887
[10:49:37.645] [WARNING] [EXEC] SELL_FAR_CANCEL_UNSTICK action=panic
[10:49:38.091] [INFO] [EXEC] EXIT RECOVERY inventory_no_sell qty=0.061990
[10:49:38.354] [WARNING] [EXEC] PLACE_SELL_STUCK_RECOVERY qty=0.061990
[10:49:38.883] [INFO] [EXEC] SELL CHECK inventory=0.061990 reported=0.000000 remaining=0.061990 chunks=1
[10:49:38.887] [INFO] [EXEC] SELL_REPRICE_FRESH_APPLIED old=80658.18 new=80669.92 ask=80631.30 bid=80625.98
[10:49:38.888] [WARNING] [EXEC] SELL_SKIP_STILL_FAR_AFTER_REPRICE price=80669.92 ask=80631.30 dist_ticks=3862
[10:49:38.889] [WARNING] [EXEC] EXIT_FAIL reason=still_far_after_reprice force_exit
[10:49:38.890] [WARNING] [EXEC] PANIC HOLD active orderId=385142887
[10:49:38.891] [WARNING] [EXEC] SELL_FAR_CANCEL_UNSTICK action=panic
[10:49:39.620] [WARNING] [EXEC] PLACE_SELL_STUCK_RECOVERY qty=0.061990
[10:49:40.166] [INFO] [EXEC] SELL CHECK inventory=0.061990 reported=0.000000 remaining=0.061990 chunks=1
[10:49:40.166] [INFO] [EXEC] SELL_REPRICE_FRESH_APPLIED old=80658.18 new=80669.92 ask=80631.30 bid=80625.98
[10:49:40.166] [WARNING] [EXEC] SELL_SKIP_STILL_FAR_AFTER_REPRICE price=80669.92 ask=80631.30 dist_ticks=3862
[10:49:40.166] [WARNING] [EXEC] EXIT_FAIL reason=still_far_after_reprice force_exit
[10:49:40.166] [WARNING] [EXEC] PANIC HOLD active orderId=385142887
[10:49:40.166] [WARNING] [EXEC] SELL_FAR_CANCEL_UNSTICK action=panic
[10:49:40.883] [WARNING] [EXEC] PLACE_SELL_STUCK_RECOVERY qty=0.061990
[10:49:41.415] [INFO] [EXEC] SELL CHECK inventory=0.061990 reported=0.000000 remaining=0.061990 chunks=1
[10:49:41.415] [INFO] [EXEC] SELL_REPRICE_FRESH_APPLIED old=80658.18 new=80669.92 ask=80630.31 bid=80625.28
[10:49:41.415] [WARNING] [EXEC] SELL_SKIP_STILL_FAR_AFTER_REPRICE price=80669.92 ask=80630.31 dist_ticks=3961
[10:49:41.415] [WARNING] [EXEC] EXIT_FAIL reason=still_far_after_reprice force_exit
[10:49:41.415] [WARNING] [EXEC] PANIC HOLD active orderId=385142887
[10:49:41.415] [WARNING] [EXEC] SELL_FAR_CANCEL_UNSTICK action=panic
[10:49:42.083] [INFO] [EXEC] EXIT RECOVERY inventory_no_sell qty=0.061990
[10:49:42.351] [WARNING] [EXEC] PLACE_SELL_STUCK_RECOVERY qty=0.061990
[10:49:42.900] [INFO] [EXEC] SELL CHECK inventory=0.061990 reported=0.000000 remaining=0.061990 chunks=1
[10:49:42.916] [INFO] [EXEC] SELL_REPRICE_FRESH_APPLIED old=80658.18 new=80669.92 ask=80629.32 bid=80620.01
[10:49:42.916] [WARNING] [EXEC] SELL_SKIP_STILL_FAR_AFTER_REPRICE price=80669.92 ask=80629.32 dist_ticks=4060
[10:49:42.916] [WARNING] [EXEC] EXIT_FAIL reason=still_far_after_reprice force_exit
[10:49:42.916] [WARNING] [EXEC] PANIC HOLD active orderId=385142887
[10:49:42.916] [WARNING] [EXEC] SELL_FAR_CANCEL_UNSTICK action=panic
[10:49:43.711] [WARNING] [EXEC] PLACE_SELL_STUCK_RECOVERY qty=0.061990
[10:49:44.228] [INFO] [EXEC] SELL CHECK inventory=0.061990 reported=0.000000 remaining=0.061990 chunks=1
[10:49:44.228] [INFO] [EXEC] SELL_REPRICE_FRESH_APPLIED old=80658.18 new=80669.92 ask=80625.39 bid=80620.01
[10:49:44.247] [WARNING] [EXEC] SELL_SKIP_STILL_FAR_AFTER_REPRICE price=80669.92 ask=80625.39 dist_ticks=4453
[10:49:44.249] [WARNING] [EXEC] EXIT_FAIL reason=still_far_after_reprice force_exit
[10:49:44.251] [WARNING] [EXEC] PANIC HOLD active orderId=385142887
[10:49:44.252] [WARNING] [EXEC] SELL_FAR_CANCEL_UNSTICK action=panic
[10:49:45.012] [WARNING] [EXEC] PLACE_SELL_STUCK_RECOVERY qty=0.061990
[10:49:46.010] [INFO] [EXEC] SELL CHECK inventory=0.061990 reported=0.000000 remaining=0.061990 chunks=1
[10:49:46.010] [INFO] [EXEC] SELL_REPRICE_FRESH_APPLIED old=80658.18 new=80669.92 ask=80633.99 bid=80628.37
[10:49:46.010] [WARNING] [EXEC] SELL_SKIP_STILL_FAR_AFTER_REPRICE price=80669.92 ask=80633.99 dist_ticks=3593
[10:49:46.010] [WARNING] [EXEC] EXIT_FAIL reason=still_far_after_reprice force_exit
[10:49:46.010] [WARNING] [EXEC] PANIC HOLD active orderId=385142887
[10:49:46.010] [WARNING] [EXEC] SELL_FAR_CANCEL_UNSTICK action=panic
[10:49:46.322] [INFO] [EXEC] EXIT RECOVERY inventory_no_sell qty=0.061990
[10:49:46.587] [WARNING] [EXEC] PLACE_SELL_STUCK_RECOVERY qty=0.061990
[10:49:47.103] [INFO] [EXEC] SELL CHECK inventory=0.061990 reported=0.000000 remaining=0.061990 chunks=1
[10:49:47.103] [INFO] [EXEC] SELL_REPRICE_FRESH_APPLIED old=80658.18 new=80669.92 ask=80629.87 bid=80626.00
[10:49:47.103] [WARNING] [EXEC] SELL_SKIP_STILL_FAR_AFTER_REPRICE price=80669.92 ask=80629.87 dist_ticks=4005
[10:49:47.121] [WARNING] [EXEC] EXIT_FAIL reason=still_far_after_reprice force_exit
[10:49:47.122] [WARNING] [EXEC] PANIC HOLD active orderId=385142887
[10:49:47.123] [WARNING] [EXEC] SELL_FAR_CANCEL_UNSTICK action=panic
[10:49:47.843] [WARNING] [EXEC] PLACE_SELL_STUCK_RECOVERY qty=0.061990
[10:49:48.369] [INFO] [EXEC] SELL CHECK inventory=0.061990 reported=0.000000 remaining=0.061990 chunks=1
[10:49:48.385] [INFO] [EXEC] SELL_REPRICE_FRESH_APPLIED old=80658.18 new=80669.92 ask=80628.23 bid=80622.72
[10:49:48.386] [WARNING] [EXEC] SELL_SKIP_STILL_FAR_AFTER_REPRICE price=80669.92 ask=80628.23 dist_ticks=4169
[10:49:48.387] [WARNING] [EXEC] EXIT_FAIL reason=still_far_after_reprice force_exit
[10:49:48.388] [WARNING] [EXEC] PANIC HOLD active orderId=385142887
[10:49:48.389] [WARNING] [EXEC] SELL_FAR_CANCEL_UNSTICK action=panic
[10:49:49.369] [WARNING] [EXEC] PLACE_SELL_STUCK_RECOVERY qty=0.061990
[10:49:49.916] [INFO] [EXEC] SELL CHECK inventory=0.061990 reported=0.000000 remaining=0.061990 chunks=1
[10:49:49.916] [INFO] [EXEC] SELL_REPRICE_FRESH_APPLIED old=80658.18 new=80669.92 ask=80628.67 bid=80623.17
[10:49:49.916] [WARNING] [EXEC] SELL_SKIP_STILL_FAR_AFTER_REPRICE price=80669.92 ask=80628.67 dist_ticks=4125
[10:49:49.916] [WARNING] [EXEC] EXIT_FAIL reason=still_far_after_reprice force_exit
[10:49:49.916] [WARNING] [EXEC] PANIC HOLD active orderId=385142887
[10:49:49.916] [WARNING] [EXEC] SELL_FAR_CANCEL_UNSTICK action=panic
[10:49:50.385] [INFO] [EXEC] EXIT RECOVERY inventory_no_sell qty=0.061990
[10:49:50.654] [WARNING] [EXEC] PLACE_SELL_STUCK_RECOVERY qty=0.061990
[10:49:51.209] [INFO] [EXEC] SELL CHECK inventory=0.061990 reported=0.000000 remaining=0.061990 chunks=1
[10:49:51.212] [INFO] [EXEC] SELL_REPRICE_FRESH_APPLIED old=80658.18 new=80669.92 ask=80629.06 bid=80621.39
[10:49:51.212] [WARNING] [EXEC] SELL_SKIP_STILL_FAR_AFTER_REPRICE price=80669.92 ask=80629.06 dist_ticks=4086
[10:49:51.212] [WARNING] [EXEC] EXIT_FAIL reason=still_far_after_reprice force_exit
[10:49:51.212] [WARNING] [EXEC] PANIC HOLD active orderId=385142887
[10:49:51.212] [WARNING] [EXEC] SELL_FAR_CANCEL_UNSTICK action=panic
[10:49:51.925] [WARNING] [EXEC] PLACE_SELL_STUCK_RECOVERY qty=0.061990
[10:49:52.488] [INFO] [EXEC] SELL CHECK inventory=0.061990 reported=0.000000 remaining=0.061990 chunks=1
[10:49:52.490] [INFO] [EXEC] SELL_REPRICE_FRESH_APPLIED old=80658.18 new=80669.92 ask=80632.79 bid=80624.26
[10:49:52.492] [WARNING] [EXEC] SELL_SKIP_STILL_FAR_AFTER_REPRICE price=80669.92 ask=80632.79 dist_ticks=3713
[10:49:52.493] [WARNING] [EXEC] EXIT_FAIL reason=still_far_after_reprice force_exit
[10:49:52.494] [WARNING] [EXEC] PANIC HOLD active orderId=385142887
[10:49:52.494] [WARNING] [EXEC] SELL_FAR_CANCEL_UNSTICK action=panic
[10:49:53.229] [WARNING] [EXEC] PLACE_SELL_STUCK_RECOVERY qty=0.061990
[10:49:53.761] [INFO] [EXEC] SELL CHECK inventory=0.061990 reported=0.000000 remaining=0.061990 chunks=1
[10:49:53.763] [INFO] [EXEC] SELL_REPRICE_FRESH_APPLIED old=80658.18 new=80669.92 ask=80630.58 bid=80624.45
[10:49:53.764] [WARNING] [EXEC] SELL_SKIP_STILL_FAR_AFTER_REPRICE price=80669.92 ask=80630.58 dist_ticks=3934
[10:49:53.765] [WARNING] [EXEC] EXIT_FAIL reason=still_far_after_reprice force_exit
[10:49:53.766] [WARNING] [EXEC] PANIC HOLD active orderId=385142887
[10:49:53.767] [WARNING] [EXEC] SELL_FAR_CANCEL_UNSTICK action=panic
[10:49:54.759] [INFO] [EXEC] EXIT RECOVERY inventory_no_sell qty=0.061990
[10:49:55.038] [WARNING] [EXEC] PLACE_SELL_STUCK_RECOVERY qty=0.061990
[10:49:55.572] [INFO] [EXEC] SELL CHECK inventory=0.061990 reported=0.000000 remaining=0.061990 chunks=1
[10:49:55.572] [INFO] [EXEC] SELL_REPRICE_FRESH_APPLIED old=80658.18 new=80669.92 ask=80628.94 bid=80623.09
[10:49:55.572] [WARNING] [EXEC] SELL_SKIP_STILL_FAR_AFTER_REPRICE price=80669.92 ask=80628.94 dist_ticks=4098
[10:49:55.572] [WARNING] [EXEC] EXIT_FAIL reason=still_far_after_reprice force_exit
[10:49:55.572] [WARNING] [EXEC] PANIC HOLD active orderId=385142887
[10:49:55.572] [WARNING] [EXEC] SELL_FAR_CANCEL_UNSTICK action=panic
[10:49:56.259] [WARNING] [EXEC] PLACE_SELL_STUCK_RECOVERY qty=0.061990
[10:49:56.791] [INFO] [EXEC] SELL CHECK inventory=0.061990 reported=0.000000 remaining=0.061990 chunks=1
[10:49:56.794] [INFO] [EXEC] SELL_REPRICE_FRESH_APPLIED old=80658.18 new=80669.92 ask=80628.95 bid=80623.09
[10:49:56.795] [WARNING] [EXEC] SELL_SKIP_STILL_FAR_AFTER_REPRICE price=80669.92 ask=80628.95 dist_ticks=4097
[10:49:56.796] [WARNING] [EXEC] EXIT_FAIL reason=still_far_after_reprice force_exit
[10:49:56.797] [WARNING] [EXEC] PANIC HOLD active orderId=385142887
[10:49:56.798] [WARNING] [EXEC] SELL_FAR_CANCEL_UNSTICK action=panic
[10:49:57.511] [WARNING] [EXEC] PLACE_SELL_STUCK_RECOVERY qty=0.061990
[10:49:58.212] [INFO] [EXEC] SELL CHECK inventory=0.061990 reported=0.000000 remaining=0.061990 chunks=1
[10:49:58.213] [INFO] [EXEC] SELL_REPRICE_FRESH_APPLIED old=80658.18 new=80669.92 ask=80628.52 bid=80623.09
[10:49:58.213] [WARNING] [EXEC] SELL_SKIP_STILL_FAR_AFTER_REPRICE price=80669.92 ask=80628.52 dist_ticks=4140
[10:49:58.213] [WARNING] [EXEC] EXIT_FAIL reason=still_far_after_reprice force_exit
[10:49:58.213] [WARNING] [EXEC] PANIC HOLD active orderId=385142887
[10:49:58.213] [WARNING] [EXEC] SELL_FAR_CANCEL_UNSTICK action=panic
[10:49:58.602] [INFO] [EXEC] EXIT RECOVERY inventory_no_sell qty=0.061990
[10:49:58.869] [WARNING] [EXEC] PLACE_SELL_STUCK_RECOVERY qty=0.061990
[10:49:59.397] [INFO] [EXEC] SELL CHECK inventory=0.061990 reported=0.000000 remaining=0.061990 chunks=1
[10:49:59.401] [INFO] [EXEC] SELL_REPRICE_FRESH_APPLIED old=80658.18 new=80669.92 ask=80628.52 bid=80623.09
[10:49:59.401] [WARNING] [EXEC] SELL_SKIP_STILL_FAR_AFTER_REPRICE price=80669.92 ask=80628.52 dist_ticks=4140
[10:49:59.401] [WARNING] [EXEC] EXIT_FAIL reason=still_far_after_reprice force_exit
[10:49:59.401] [WARNING] [EXEC] PANIC HOLD active orderId=385142887
[10:49:59.401] [WARNING] [EXEC] SELL_FAR_CANCEL_UNSTICK action=panic
[10:49:59.424] [INFO] START_CLICK received enabled=True api_ready=True running=True
[10:49:59.682] [WARNING] cancel all requested
[10:49:59.682] [WARNING] [EXEC] STOP_SAFE_MANUAL inventory=0.061990 active_order=0
[10:49:59.682] [WARNING] STOP
