[16:03:47.412] [OK] filters loaded
[16:03:49.528] [OK] [PLAN] READY entry=81330.87 exit=81334.38 profit=0.215760 age=138ms
[16:03:51.900] [EXCHANGE] symbol=BTCU base=BTC quote=U status=TRADING permissions=[]
[16:03:51.904] [OK] START
[16:03:51.908] [INFO] [EXEC] LIVE ON
[16:03:51.910] [INFO] [EXEC] WAIT READY
[16:03:52.439] [OK] [EXEC] BUY ORDER SENT orderId=382713865 price=81328.58 qty=0.061470
[16:03:52.442] [OK] [EXEC] PLACE BUY price=81328.58 qty=0.061470
[16:03:52.445] [OK] [PLAN] READY entry=81328.58 exit=81331.73 profit=0.193631 age=791ms
[16:03:53.483] [WS] primary url=wss://stream.binance.com:9443/ws/btcu@bookTicker
[16:03:53.486] [WS] connecting primary
[16:03:53.488] [WS] connected
[16:03:53.489] [WS] LIVE bid=81328.58 ask=81334.05
[16:03:57.294] [OK] [EXEC] BUY PARTIAL filled=0.061470 total=0.061470
[16:03:57.297] [OK] [EXEC] BUY REMAINING qty=0.000000
[16:03:57.298] [OK] [EXEC] POSITION qty=0.061470
[16:03:57.299] [OK] [EXEC] BUY FILLED id=382713865
[16:03:58.377] [OK] [SYNC] order filled detected
[16:03:58.380] [OK] [SYNC] BUY filled on exchange
[16:03:58.440] [WS] LIVE bid=81322.00 ask=81326.48
[16:03:58.590] [OK] [EXEC] PLACE SELL price=81328.62 qty=0.061470
[16:03:58.880] [OK] [EXEC] SELL ORDER SENT orderId=382714071
[16:04:00.630] [INFO] [EXEC] RECOVERY WAIT hard_sl_pending_recovery
[16:04:00.896] [OK] [EXEC] SELL FILLED id=382714071
[16:04:00.899] [OK] [EXEC] SELL FILLED qty=0.061470 remaining=0.000000
[16:04:00.900] [OK] [EXEC] REALIZED pnl=+0.002459
[16:04:01.766] [OK] [EXEC] BUY ORDER SENT orderId=382714227 price=81321.30 qty=0.061480
[16:04:01.769] [OK] [EXEC] PLACE BUY price=81321.30 qty=0.061480
[16:04:01.772] [OK] [PLAN] HOT entry=81321.30 exit=81328.00 profit=0.411916 age=781ms
[16:04:04.403] [WS] LIVE bid=81331.13 ask=81336.44
[16:04:06.667] [WARNING] [EXEC] BUY TIMEOUT orderId=382714227
[16:04:06.670] [WARNING] [EXEC] CANCEL BUY orderId=382714227
[16:04:06.939] [OK] [EXEC] BUY CANCELED confirmed
[16:04:07.206] [INFO] [EXEC] BUY FINAL STATUS status=CANCELED orderId=382714227
[16:04:07.210] [WARNING] [EXEC] BLOCK reason=buy_not_filled
[16:04:08.256] [OK] [EXEC] BUY ORDER SENT orderId=382714563 price=81335.33 qty=0.061470
[16:04:08.259] [OK] [EXEC] PLACE BUY price=81335.33 qty=0.061470
[16:04:08.262] [OK] [PLAN] HOT entry=81335.33 exit=81343.99 profit=0.532330 age=1608ms
[16:04:09.290] [OK] [SYNC] order filled detected
[16:04:09.291] [OK] [SYNC] BUY filled on exchange
[16:04:09.292] [WS] LIVE bid=81330.01 ask=81346.00
[16:04:09.566] [OK] [EXEC] PLACE SELL price=81339.06 qty=0.061470
[16:04:09.837] [OK] [EXEC] SELL ORDER SENT orderId=382714655
[16:04:10.462] [INFO] [EXEC] RECOVERY WAIT hard_sl_pending_recovery
[16:04:10.734] [OK] [EXEC] SELL FILLED id=382714655
[16:04:10.738] [OK] [EXEC] SELL FILLED qty=0.061470 remaining=0.000000
[16:04:10.739] [OK] [EXEC] REALIZED pnl=+0.229283
[16:04:12.961] [OK] [EXEC] BUY ORDER SENT orderId=382714784 price=81333.07 qty=0.061470
[16:04:12.965] [OK] [EXEC] PLACE BUY price=81333.07 qty=0.061470
[16:04:14.496] [OK] [PLAN] READY entry=81335.08 exit=81338.44 profit=0.206539 age=1567ms
[16:04:15.528] [WS] LIVE bid=81333.08 ask=81337.72
[16:04:16.155] [OK] [SYNC] order filled detected
[16:04:16.157] [OK] [SYNC] BUY filled on exchange
[16:04:16.671] [OK] [EXEC] PLACE SELL price=81335.81 qty=0.061470
[16:04:16.941] [OK] [EXEC] SELL ORDER SENT orderId=382714901
[16:04:17.734] [INFO] [EXEC] RECOVERY WAIT hard_sl_pending_recovery
[16:04:19.915] [OK] [SYNC] order filled detected
[16:04:19.918] [OK] [SYNC] SELL filled on exchange
[16:04:19.919] [OK] [EXEC] REALIZED pnl=+0.168428
[16:04:19.921] [WS] LIVE bid=81332.39 ask=81345.99
[16:04:20.435] [OK] [EXEC] BUY ORDER SENT orderId=382714959 price=81334.39 qty=0.061470
[16:04:20.438] [OK] [EXEC] PLACE BUY price=81334.39 qty=0.061470
[16:04:21.533] [OK] [SYNC] order filled detected
[16:04:21.535] [OK] [SYNC] BUY filled on exchange
[16:04:21.734] [OK] [EXEC] PLACE SELL price=81343.99 qty=0.061470
[16:04:22.009] [OK] [EXEC] SELL ORDER SENT orderId=382714997
[16:04:22.016] [OK] [PLAN] HOT entry=81334.95 exit=81343.99 profit=0.555689 age=1568ms
[16:04:23.938] [INFO] [EXEC] RECOVERY WAIT hard_sl_pending_recovery
[16:04:24.701] [WS] LIVE bid=81315.42 ask=81321.07
[16:04:25.808] [INFO] [EXEC] RECOVERY WAIT hard_sl_pending_recovery
[16:04:26.096] [WARNING] [EXEC] SELL TIMEOUT orderId=382714997
[16:04:26.100] [WARNING] [EXEC] CANCEL SELL orderId=382714997
[16:04:26.634] [INFO] [EXEC] SELL FINAL STATUS status=CANCELED orderId=382714997
[16:04:26.638] [INFO] [EXEC] SELL TIMEOUT check fast_exit
[16:04:26.641] [WARNING] [EXEC] FORCE EXIT hard_sl_triggered
[16:04:26.643] [ERROR] [EXEC] HARD SL triggered
[16:04:26.646] [WARNING] [EXEC] PANIC EXIT sl_mode
[16:04:26.648] [WARNING] [EXEC] FORCE EXIT price=81321.96
[16:04:26.649] [OK] [EXEC] PLACE SELL price=81321.96 qty=0.061470
[16:04:26.911] [WARNING] [EXEC] PANIC START price=81321.96
[16:04:26.914] [OK] [EXEC] SELL ORDER SENT orderId=382715263
[16:04:29.534] [WARNING] [EXEC] PANIC WAIT still_open orderId=382715263
[16:04:29.537] [WARNING] [EXEC] PANIC HOLD active orderId=382715263
[16:04:30.095] [WS] LIVE bid=81315.76 ask=81321.95
[16:04:30.444] [WARNING] [EXEC] PANIC HOLD active orderId=382715263
[16:04:31.575] [OK] [SYNC] order filled detected
[16:04:31.578] [OK] [SYNC] SELL filled on exchange
[16:04:31.579] [OK] [EXEC] REALIZED pnl=-0.764072
[16:04:32.789] [OK] [EXEC] BUY ORDER SENT orderId=382715597 price=81331.72 qty=0.061470
[16:04:32.792] [OK] [EXEC] PLACE BUY price=81331.72 qty=0.061470
[16:04:35.611] [WS] LIVE bid=81337.13 ask=81342.76
[16:04:36.688] [WARNING] [EXEC] BUY TIMEOUT orderId=382715597
[16:04:36.691] [WARNING] [EXEC] CANCEL BUY orderId=382715597
[16:04:36.954] [OK] [EXEC] BUY CANCELED confirmed
[16:04:37.231] [INFO] [EXEC] BUY FINAL STATUS status=CANCELED orderId=382715597
[16:04:37.235] [WARNING] [EXEC] BLOCK reason=buy_not_filled
[16:04:38.589] [OK] [EXEC] BUY ORDER SENT orderId=382715797 price=81338.12 qty=0.061470
[16:04:38.592] [OK] [EXEC] PLACE BUY price=81338.12 qty=0.061470
[16:04:39.122] [OK] [SYNC] order filled detected
[16:04:39.125] [OK] [SYNC] BUY filled on exchange
[16:04:39.242] [OK] [EXEC] PLACE SELL price=81338.16 qty=0.061470
[16:04:39.511] [OK] [EXEC] SELL ORDER SENT orderId=382715885
[16:04:40.553] [OK] [SYNC] order filled detected
[16:04:40.555] [OK] [SYNC] SELL filled on exchange
[16:04:40.556] [OK] [EXEC] REALIZED pnl=+0.002459
[16:04:40.559] [WS] LIVE bid=81330.01 ask=81335.95
[16:04:41.097] [OK] [EXEC] BUY ORDER SENT orderId=382716028 price=81343.99 qty=0.061460
[16:04:41.100] [OK] [EXEC] PLACE BUY price=81343.99 qty=0.061460
[16:04:43.365] [OK] [SYNC] order filled detected
[16:04:43.368] [OK] [SYNC] BUY filled on exchange
[16:04:43.369] [OK] [EXEC] PLACE SELL price=81346.59 qty=0.061460
[16:04:43.637] [OK] [EXEC] SELL ORDER SENT orderId=382716114
[16:04:44.306] [OK] [SYNC] order filled detected
[16:04:44.309] [OK] [SYNC] SELL filled on exchange
[16:04:44.309] [OK] [EXEC] REALIZED pnl=+0.159796
[16:04:44.805] [WS] LIVE bid=81341.17 ask=81346.91
[16:04:46.684] [OK] [EXEC] BUY ORDER SENT orderId=382716212 price=81341.51 qty=0.061460
[16:04:46.689] [OK] [EXEC] PLACE BUY price=81341.51 qty=0.061460
[16:04:47.725] [OK] [SYNC] order filled detected
[16:04:47.728] [OK] [SYNC] BUY filled on exchange
[16:04:48.644] [OK] [EXEC] PLACE SELL price=81342.86 qty=0.061460
[16:04:48.927] [OK] [EXEC] SELL ORDER SENT orderId=382716291
[16:04:50.563] [OK] [SYNC] order filled detected
[16:04:50.566] [OK] [SYNC] SELL filled on exchange
[16:04:50.567] [OK] [EXEC] REALIZED pnl=+0.082971
[16:04:50.569] [WS] LIVE bid=81339.27 ask=81342.85
[16:04:54.690] [WS] LIVE bid=81338.91 ask=81345.73
[16:04:55.980] [OK] [EXEC] BUY ORDER SENT orderId=382716550 price=81340.00 qty=0.061470
[16:04:55.984] [OK] [EXEC] PLACE BUY price=81340.00 qty=0.061470
[16:04:57.945] [OK] [EXEC] BUY PARTIAL filled=0.061470 total=0.061470
[16:04:57.949] [OK] [EXEC] BUY REMAINING qty=0.000000
[16:04:57.952] [OK] [EXEC] POSITION qty=0.061470
[16:04:57.955] [OK] [EXEC] BUY FILLED id=382716550
[16:04:58.488] [OK] [SYNC] order filled detected
[16:04:58.491] [OK] [SYNC] BUY filled on exchange
[16:04:59.505] [OK] [EXEC] PLACE SELL price=81340.04 qty=0.061470
[16:04:59.791] [OK] [EXEC] SELL ORDER SENT orderId=382716767
[16:05:00.757] [WS] LIVE bid=81329.32 ask=81334.39
[16:05:00.806] [INFO] [EXEC] RECOVERY WAIT hard_sl_pending_recovery
[16:05:02.522] [OK] [SYNC] order filled detected
[16:05:02.525] [OK] [SYNC] SELL filled on exchange
[16:05:02.525] [OK] [EXEC] REALIZED pnl=+0.002459
[16:05:03.066] [OK] [EXEC] BUY ORDER SENT orderId=382717058 price=81336.03 qty=0.061470
[16:05:03.069] [OK] [EXEC] PLACE BUY price=81336.03 qty=0.061470
[16:05:07.468] [WS] LIVE bid=81341.98 ask=81348.36
[16:05:09.494] [WARNING] [EXEC] BUY TIMEOUT orderId=382717058
[16:05:09.497] [WARNING] [EXEC] CANCEL BUY orderId=382717058
[16:05:09.804] [OK] [EXEC] BUY CANCELED confirmed
[16:05:10.279] [INFO] [EXEC] BUY FINAL STATUS status=CANCELED orderId=382717058
[16:05:10.282] [WARNING] [EXEC] BLOCK reason=buy_not_filled
[16:05:10.290] [WS] LIVE bid=81346.64 ask=81351.48
[16:05:12.238] [OK] [EXEC] BUY ORDER SENT orderId=382717455 price=81348.01 qty=0.061460
[16:05:12.241] [OK] [EXEC] PLACE BUY price=81348.01 qty=0.061460
[16:05:13.833] [OK] [EXEC] BUY PARTIAL filled=0.000070 total=0.000070
[16:05:13.836] [OK] [EXEC] BUY REMAINING qty=0.061390
[16:05:13.838] [OK] [EXEC] POSITION qty=0.000070
[16:05:15.008] [OK] [EXEC] PLACE SELL price=81367.99 qty=0.000070
[16:05:15.276] [OK] [EXEC] SELL ORDER SENT orderId=382717611
[16:05:15.811] [WS] LIVE bid=81351.71 ask=81369.99
[16:05:16.094] [OK] [PLAN] HOT entry=81360.66 exit=81365.99 profit=0.327529 age=822ms
[16:05:17.365] [OK] [SYNC] order filled detected
[16:05:17.368] [OK] [SYNC] SELL filled on exchange
[16:05:17.369] [OK] [EXEC] REALIZED pnl=+0.001399
[16:05:19.823] [OK] [EXEC] BUY ORDER SENT orderId=382718003 price=81372.29 qty=0.061440
[16:05:19.827] [OK] [EXEC] PLACE BUY price=81372.29 qty=0.061440
[16:05:20.849] [WS] LIVE bid=81372.30 ask=81378.00
[16:05:24.815] [WARNING] [EXEC] BUY TIMEOUT orderId=382718003
[16:05:24.819] [WARNING] [EXEC] CANCEL BUY orderId=382718003
[16:05:25.085] [OK] [EXEC] BUY CANCELED confirmed
[16:05:25.375] [INFO] [EXEC] BUY FINAL STATUS status=CANCELED orderId=382718003
[16:05:25.378] [WARNING] [EXEC] BLOCK reason=buy_not_filled
[16:05:25.661] [WS] LIVE bid=81374.96 ask=81381.43
[16:05:28.741] [OK] [EXEC] BUY ORDER SENT orderId=382718478 price=81363.01 qty=0.061450
[16:05:28.744] [OK] [EXEC] PLACE BUY price=81363.01 qty=0.061450
[16:05:31.185] [WS] LIVE bid=81363.40 ask=81369.99
[16:05:33.258] [WARNING] [EXEC] BUY TIMEOUT orderId=382718478
[16:05:33.261] [WARNING] [EXEC] CANCEL BUY orderId=382718478
[16:05:33.524] [OK] [EXEC] BUY CANCELED confirmed
[16:05:33.800] [INFO] [EXEC] BUY FINAL STATUS status=CANCELED orderId=382718478
[16:05:33.804] [WARNING] [EXEC] BLOCK reason=buy_not_filled
[16:05:35.375] [OK] [EXEC] BUY ORDER SENT orderId=382718816 price=81374.91 qty=0.061440
[16:05:35.379] [OK] [EXEC] PLACE BUY price=81374.91 qty=0.061440
[16:05:35.937] [WS] LIVE bid=81372.91 ask=81378.00
[16:05:38.455] [OK] [SYNC] order filled detected
[16:05:38.457] [OK] [SYNC] BUY filled on exchange
[16:05:38.459] [OK] [EXEC] PLACE SELL price=81379.88 qty=0.061440
[16:05:38.720] [OK] [EXEC] SELL ORDER SENT orderId=382718886
[16:05:39.242] [INFO] [EXEC] RECOVERY WAIT hard_sl_pending_recovery
[16:05:40.551] [WS] LIVE bid=81361.34 ask=81374.45
[16:05:41.672] [INFO] [EXEC] RECOVERY WAIT hard_sl_pending_recovery
[16:05:41.940] [WARNING] [EXEC] SELL TIMEOUT orderId=382718886
[16:05:41.943] [WARNING] [EXEC] CANCEL SELL orderId=382718886
[16:05:42.484] [INFO] [EXEC] SELL FINAL STATUS status=CANCELED orderId=382718886
[16:05:42.488] [INFO] [EXEC] SELL TIMEOUT check fast_exit
[16:05:42.489] [WARNING] [EXEC] FORCE EXIT hard_sl_triggered
[16:05:42.490] [ERROR] [EXEC] HARD SL triggered
[16:05:42.491] [WARNING] [EXEC] PANIC EXIT sl_mode
[16:05:42.492] [WARNING] [EXEC] FORCE EXIT price=81371.81
[16:05:42.493] [OK] [EXEC] PLACE SELL price=81371.81 qty=0.061440
[16:05:42.760] [WARNING] [EXEC] PANIC START price=81371.81
[16:05:42.764] [OK] [EXEC] SELL ORDER SENT orderId=382719121
[16:05:43.358] [OK] [SYNC] order filled detected
[16:05:43.361] [OK] [SYNC] SELL filled on exchange
[16:05:43.361] [OK] [EXEC] REALIZED pnl=-0.188287
[16:05:45.168] [OK] [EXEC] BUY ORDER SENT orderId=382719259 price=81377.45 qty=0.061440
[16:05:45.170] [OK] [EXEC] PLACE BUY price=81377.45 qty=0.061440
[16:05:45.916] [OK] [EXEC] BUY PARTIAL filled=0.061440 total=0.061440
[16:05:45.917] [OK] [EXEC] BUY REMAINING qty=0.000000
[16:05:45.917] [OK] [EXEC] POSITION qty=0.061440
[16:05:45.918] [OK] [EXEC] BUY FILLED id=382719259
[16:05:45.919] [OK] [PLAN] HOT entry=81379.46 exit=81386.09 profit=0.407347 age=268ms
[16:05:46.445] [OK] [SYNC] order filled detected
[16:05:46.449] [OK] [SYNC] BUY filled on exchange
[16:05:47.272] [WS] LIVE bid=81377.46 ask=81388.08
[16:05:47.376] [OK] [EXEC] PLACE SELL price=81383.20 qty=0.061440
[16:05:47.657] [OK] [EXEC] SELL ORDER SENT orderId=382719590
[16:05:47.662] [OK] [PLAN] READY entry=81380.01 exit=81383.20 profit=0.195994 age=2466ms
[16:05:48.443] [OK] [EXEC] SELL FILLED id=382719590
[16:05:48.446] [OK] [EXEC] SELL FILLED qty=0.061440 remaining=0.000000
[16:05:48.449] [OK] [EXEC] REALIZED pnl=+0.353280
[16:05:49.203] [OK] [EXEC] BUY ORDER SENT orderId=382719648 price=81380.01 qty=0.061440
[16:05:49.206] [OK] [EXEC] PLACE BUY price=81380.01 qty=0.061440
[16:05:50.298] [OK] [SYNC] order filled detected
[16:05:50.301] [OK] [SYNC] BUY filled on exchange
[16:05:50.303] [WS] LIVE bid=81374.95 ask=81383.15
[16:05:50.493] [OK] [EXEC] PLACE SELL price=81381.80 qty=0.061440
[16:05:50.764] [OK] [EXEC] SELL ORDER SENT orderId=382719714
[16:05:51.421] [OK] [SYNC] order filled detected
[16:05:51.423] [OK] [SYNC] SELL filled on exchange
[16:05:51.424] [OK] [EXEC] REALIZED pnl=+0.109978
[16:05:53.261] [OK] [EXEC] BUY ORDER SENT orderId=382719958 price=81378.43 qty=0.061440
[16:05:53.265] [OK] [EXEC] PLACE BUY price=81378.43 qty=0.061440
[16:05:54.839] [OK] [PLAN] HOT entry=81383.23 exit=81390.77 profit=0.463182 age=1563ms
[16:05:55.973] [WS] LIVE bid=81381.23 ask=81389.85
[16:05:56.678] [OK] [PLAN] READY entry=81381.30 exit=81384.89 profit=0.220534 age=3394ms
[16:05:58.275] [WARNING] [EXEC] BUY TIMEOUT orderId=382719958
[16:05:58.279] [WARNING] [EXEC] CANCEL BUY orderId=382719958
[16:05:58.543] [OK] [EXEC] BUY CANCELED confirmed
[16:05:58.864] [INFO] [EXEC] BUY FINAL STATUS status=CANCELED orderId=382719958
[16:05:58.867] [WARNING] [EXEC] BLOCK reason=buy_not_filled
[16:06:01.761] [WS] LIVE bid=81390.91 ask=81393.99
[16:06:03.742] [OK] [EXEC] BUY ORDER SENT orderId=382720409 price=81388.01 qty=0.061430
[16:06:03.746] [OK] [EXEC] PLACE BUY price=81388.01 qty=0.061430
[16:06:06.909] [WS] LIVE bid=81399.22 ask=81405.86
[16:06:08.929] [WARNING] [EXEC] BUY TIMEOUT orderId=382720409
[16:06:08.932] [WARNING] [EXEC] CANCEL BUY orderId=382720409
[16:06:09.461] [OK] [EXEC] BUY CANCELED confirmed
[16:06:09.874] [INFO] [EXEC] BUY FINAL STATUS status=CANCELED orderId=382720409
[16:06:09.877] [WARNING] [EXEC] BLOCK reason=buy_not_filled
[16:06:09.883] [OK] [PLAN] HOT entry=81399.19 exit=81404.93 profit=0.352551 age=1556ms
[16:06:11.549] [OK] [EXEC] BUY ORDER SENT orderId=382720948 price=81397.71 qty=0.061420
[16:06:11.552] [OK] [EXEC] PLACE BUY price=81397.71 qty=0.061420
[16:06:12.139] [WS] LIVE bid=81395.71 ask=81404.76
[16:06:13.990] [OK] [EXEC] BUY PARTIAL filled=0.061420 total=0.061420
[16:06:13.993] [OK] [EXEC] BUY REMAINING qty=0.000000
[16:06:13.995] [OK] [EXEC] POSITION qty=0.061420
[16:06:13.996] [OK] [EXEC] BUY FILLED id=382720948
[16:06:15.506] [OK] [SYNC] order filled detected
[16:06:15.509] [OK] [SYNC] BUY filled on exchange
[16:06:16.272] [OK] [EXEC] PLACE SELL price=81406.11 qty=0.061420
[16:06:16.539] [OK] [EXEC] SELL ORDER SENT orderId=382721181
[16:06:17.085] [OK] [SYNC] order filled detected
[16:06:17.088] [OK] [SYNC] SELL filled on exchange
[16:06:17.089] [OK] [EXEC] REALIZED pnl=+0.515928
[16:06:17.362] [WS] LIVE bid=81402.98 ask=81408.11
[16:06:17.644] [OK] [EXEC] BUY ORDER SENT orderId=382721255 price=81402.17 qty=0.061420
[16:06:17.648] [OK] [EXEC] PLACE BUY price=81402.17 qty=0.061420
[16:06:17.652] [OK] [PLAN] READY entry=81402.17 exit=81405.89 profit=0.228482 age=1107ms
[16:06:21.085] [WS] LIVE bid=81415.46 ask=81426.00
[16:06:22.960] [WARNING] [EXEC] BUY TIMEOUT orderId=382721255
[16:06:22.963] [WARNING] [EXEC] CANCEL BUY orderId=382721255
[16:06:23.228] [OK] [EXEC] BUY CANCELED confirmed
[16:06:23.490] [INFO] [EXEC] BUY FINAL STATUS status=CANCELED orderId=382721255
[16:06:23.494] [WARNING] [EXEC] BLOCK reason=buy_not_filled
[16:06:23.497] [OK] [PLAN] HOT entry=81419.10 exit=81428.00 profit=0.546549 age=1567ms
[16:06:25.099] [OK] [EXEC] BUY ORDER SENT orderId=382722261 price=81440.38 qty=0.061390
[16:06:25.103] [OK] [EXEC] PLACE BUY price=81440.38 qty=0.061390
[16:06:26.396] [WS] LIVE bid=81440.39 ask=81446.14
[16:06:26.699] [OK] [EXEC] BUY PARTIAL filled=0.000070 total=0.000070
[16:06:26.702] [OK] [EXEC] BUY REMAINING qty=0.061320
[16:06:26.705] [OK] [EXEC] POSITION qty=0.000070
[16:06:28.895] [OK] [EXEC] PLACE SELL price=81450.77 qty=0.000070
[16:06:29.163] [OK] [EXEC] SELL ORDER SENT orderId=382722543
[16:06:32.127] [WS] LIVE bid=81442.01 ask=81447.10
[16:06:33.109] [WARNING] [EXEC] SELL TIMEOUT orderId=382722543
[16:06:33.113] [WARNING] [EXEC] CANCEL SELL orderId=382722543
[16:06:33.642] [INFO] [EXEC] SELL FINAL STATUS status=CANCELED orderId=382722543
[16:06:33.645] [INFO] [EXEC] SELL TIMEOUT check fast_exit
[16:06:33.646] [INFO] [EXEC] FAST SAFE EXIT price=81442.01 entry=81440.38 bid=81442.00
[16:06:33.647] [WARNING] [EXEC] SELL REPRICE old=81450.77 new=81450.76 count=1
[16:06:33.649] [INFO] [EXEC] SELL REPLACE remaining=0.000070
[16:06:33.650] [OK] [EXEC] PLACE SELL price=81450.76 qty=0.000070
[16:06:33.925] [OK] [EXEC] SELL ORDER SENT orderId=382722744
[16:06:34.568] [INFO] [EXEC] RECOVERY WAIT hard_sl_pending_recovery
[16:06:34.837] [OK] [PLAN] HOT entry=81438.14 exit=81445.15 profit=0.430344 age=1722ms
[16:06:35.941] [INFO] [EXEC] RECOVERY WAIT hard_sl_pending_recovery
[16:06:36.226] [WARNING] [EXEC] SELL TIMEOUT orderId=382722744
[16:06:36.229] [WARNING] [EXEC] CANCEL SELL orderId=382722744
[16:06:36.760] [INFO] [EXEC] SELL FINAL STATUS status=CANCELED orderId=382722744
[16:06:36.763] [INFO] [EXEC] SELL TIMEOUT check fast_exit
[16:06:36.766] [WARNING] [EXEC] FORCE EXIT hard_sl_triggered
[16:06:36.769] [ERROR] [EXEC] HARD SL triggered
[16:06:36.771] [WARNING] [EXEC] PANIC EXIT sl_mode
[16:06:36.772] [WARNING] [EXEC] FORCE EXIT price=81442.80
[16:06:36.773] [OK] [EXEC] PLACE SELL price=81442.80 qty=0.000070
[16:06:37.035] [WARNING] [EXEC] PANIC START price=81442.80
[16:06:37.039] [OK] [EXEC] SELL ORDER SENT orderId=382722834
[16:06:37.046] [OK] [PLAN] READY entry=81438.14 exit=81441.80 profit=0.224687 age=3095ms
[16:06:37.316] [WS] LIVE bid=81436.91 ask=81444.86
[16:06:39.689] [WARNING] [EXEC] PANIC WAIT still_open orderId=382722834
[16:06:39.692] [WARNING] [EXEC] PANIC HOLD active orderId=382722834
[16:06:41.145] [OK] [EXEC] SELL FILLED id=382722834
[16:06:41.149] [OK] [EXEC] SELL FILLED qty=0.000070 remaining=0.000000
[16:06:41.150] [OK] [EXEC] REALIZED pnl=+0.000169
[16:06:41.151] [OK] [EXEC] PANIC FILLED
[16:06:41.152] [INFO] [EXEC] PANIC RESET
[16:06:41.704] [OK] [EXEC] BUY ORDER SENT orderId=382723055 price=81446.54 qty=0.061380
[16:06:41.708] [OK] [EXEC] PLACE BUY price=81446.54 qty=0.061380
[16:06:41.715] [WS] LIVE bid=81445.77 ask=81450.00
[16:06:42.010] [OK] [PLAN] READY entry=81452.00 exit=81455.62 profit=0.222196 age=307ms
[16:06:43.575] [OK] [PLAN] HOT entry=81467.45 exit=81478.98 profit=0.707596 age=1870ms
[16:06:45.511] [WARNING] [EXEC] BUY TIMEOUT orderId=382723055
[16:06:45.515] [WARNING] [EXEC] CANCEL BUY orderId=382723055
[16:06:45.786] [OK] [EXEC] BUY CANCELED confirmed
[16:06:46.050] [INFO] [EXEC] BUY FINAL STATUS status=CANCELED orderId=382723055
[16:06:46.054] [WARNING] [EXEC] BLOCK reason=buy_not_filled
[16:06:46.865] [WS] LIVE bid=81446.81 ask=81455.59
[16:06:48.740] [OK] [EXEC] BUY ORDER SENT orderId=382723977 price=81452.24 qty=0.061380
[16:06:48.744] [OK] [EXEC] PLACE BUY price=81452.24 qty=0.061380
[16:06:49.284] [OK] [SYNC] order filled detected
[16:06:49.286] [OK] [SYNC] BUY filled on exchange
[16:06:49.920] [OK] [EXEC] PLACE SELL price=81458.65 qty=0.061380
[16:06:50.193] [OK] [EXEC] SELL ORDER SENT orderId=382724091
[16:06:50.200] [OK] [PLAN] READY entry=81454.90 exit=81458.65 profit=0.230175 age=1451ms
[16:06:50.739] [OK] [SYNC] order filled detected
[16:06:50.742] [OK] [SYNC] SELL filled on exchange
[16:06:50.742] [OK] [EXEC] REALIZED pnl=+0.393446
[16:06:51.711] [WS] LIVE bid=81460.62 ask=81466.00
[16:06:52.021] [OK] [EXEC] BUY ORDER SENT orderId=382724329 price=81462.63 qty=0.061370
[16:06:52.024] [OK] [EXEC] PLACE BUY price=81462.63 qty=0.061370
[16:06:52.949] [OK] [PLAN] HOT entry=81467.56 exit=81477.99 profit=0.640089 age=945ms
[16:06:53.708] [OK] [PLAN] READY entry=81468.00 exit=81472.00 profit=0.245480 age=1700ms
[16:06:56.079] [WARNING] [EXEC] BUY TIMEOUT orderId=382724329
[16:06:56.083] [WARNING] [EXEC] CANCEL BUY orderId=382724329
[16:06:56.362] [OK] [EXEC] BUY CANCELED confirmed
[16:06:56.628] [INFO] [EXEC] BUY FINAL STATUS status=CANCELED orderId=382724329
[16:06:56.631] [WARNING] [EXEC] BLOCK reason=buy_not_filled
[16:06:57.678] [WS] LIVE bid=81472.40 ask=81474.00
[16:07:02.537] [OK] [EXEC] BUY ORDER SENT orderId=382725068 price=81475.82 qty=0.061360
[16:07:02.542] [OK] [EXEC] PLACE BUY price=81475.82 qty=0.061360
[16:07:02.550] [WS] LIVE bid=81477.84 ask=81483.99
[16:07:02.949] [OK] [PLAN] HOT entry=81483.07 exit=81488.00 profit=0.302505 age=443ms
[16:07:07.201] [WARNING] [EXEC] BUY TIMEOUT orderId=382725068
[16:07:07.204] [WARNING] [EXEC] CANCEL BUY orderId=382725068
[16:07:07.472] [OK] [EXEC] BUY CANCELED confirmed
[16:07:07.745] [INFO] [EXEC] BUY FINAL STATUS status=CANCELED orderId=382725068
[16:07:07.749] [WARNING] [EXEC] BLOCK reason=buy_not_filled
[16:07:08.026] [WS] LIVE bid=81482.00 ask=81488.56
[16:07:10.290] [OK] [EXEC] BUY ORDER SENT orderId=382725618 price=81474.79 qty=0.061360
[16:07:10.293] [OK] [EXEC] PLACE BUY price=81474.79 qty=0.061360
[16:07:12.039] [OK] [PLAN] HOT entry=81476.80 exit=81482.71 profit=0.362638 age=1733ms
[16:07:12.622] [WS] LIVE bid=81477.93 ask=81487.04
[16:07:14.531] [WARNING] [EXEC] BUY TIMEOUT orderId=382725618
[16:07:14.534] [WARNING] [EXEC] CANCEL BUY orderId=382725618
[16:07:14.803] [OK] [EXEC] BUY CANCELED confirmed
[16:07:15.065] [INFO] [EXEC] BUY FINAL STATUS status=CANCELED orderId=382725618
[16:07:15.069] [WARNING] [EXEC] BLOCK reason=buy_not_filled
[16:07:17.635] [OK] [EXEC] BUY ORDER SENT orderId=382726215 price=81486.74 qty=0.061350
[16:07:17.639] [OK] [EXEC] PLACE BUY price=81486.74 qty=0.061350
[16:07:18.694] [WS] LIVE bid=81484.74 ask=81495.13
[16:07:22.847] [WARNING] [EXEC] BUY TIMEOUT orderId=382726215
[16:07:22.850] [WARNING] [EXEC] CANCEL BUY orderId=382726215
[16:07:23.144] [OK] [EXEC] BUY CANCELED confirmed
[16:07:23.463] [INFO] [EXEC] BUY FINAL STATUS status=CANCELED orderId=382726215
[16:07:23.467] [WARNING] [EXEC] BLOCK reason=buy_not_filled
[16:07:23.984] [WS] LIVE bid=81498.30 ask=81504.70
[16:07:25.172] [OK] [EXEC] BUY ORDER SENT orderId=382726906 price=81502.35 qty=0.061340
[16:07:25.176] [OK] [EXEC] PLACE BUY price=81502.35 qty=0.061340
[16:07:25.181] [OK] [PLAN] HOT entry=81502.35 exit=81507.24 profit=0.299953 age=2339ms
[16:07:27.651] [OK] [EXEC] BUY PARTIAL filled=0.061340 total=0.061340
[16:07:27.655] [OK] [EXEC] BUY REMAINING qty=0.000000
[16:07:27.658] [OK] [EXEC] POSITION qty=0.061340
[16:07:27.660] [OK] [EXEC] BUY FILLED id=382726906
[16:07:28.227] [OK] [SYNC] order filled detected
[16:07:28.231] [OK] [SYNC] BUY filled on exchange
[16:07:28.757] [WS] LIVE bid=81493.54 ask=81511.44
[16:07:28.944] [OK] [EXEC] PLACE SELL price=81502.39 qty=0.061340
[16:07:29.238] [OK] [EXEC] SELL ORDER SENT orderId=382727476
[16:07:29.768] [OK] [SYNC] order filled detected
[16:07:29.771] [OK] [SYNC] SELL filled on exchange
[16:07:29.772] [OK] [EXEC] REALIZED pnl=+0.001840
[16:07:31.010] [OK] [EXEC] BUY ORDER SENT orderId=382727731 price=81487.50 qty=0.061350
[16:07:31.013] [OK] [EXEC] PLACE BUY price=81487.50 qty=0.061350
[16:07:32.409] [OK] [EXEC] BUY PARTIAL filled=0.061350 total=0.061350
[16:07:32.412] [OK] [EXEC] BUY REMAINING qty=0.000000
[16:07:32.413] [OK] [EXEC] POSITION qty=0.061350
[16:07:32.414] [OK] [EXEC] BUY FILLED id=382727731
[16:07:32.416] [OK] [PLAN] READY entry=81484.93 exit=81489.38 profit=0.273052 age=1387ms
[16:07:33.001] [OK] [SYNC] order filled detected
[16:07:33.003] [OK] [SYNC] BUY filled on exchange
[16:07:33.006] [WS] LIVE bid=81485.87 ask=81492.85
[16:07:33.020] [OK] [EXEC] PLACE SELL price=81495.99 qty=0.061350
[16:07:33.283] [OK] [EXEC] SELL ORDER SENT orderId=382728013
[16:07:34.350] [OK] [SYNC] order filled detected
[16:07:34.353] [OK] [SYNC] SELL filled on exchange
[16:07:34.353] [OK] [EXEC] REALIZED pnl=+0.520862
[16:07:34.865] [OK] [EXEC] BUY ORDER SENT orderId=382728176 price=81507.77 qty=0.061340
[16:07:34.868] [OK] [EXEC] PLACE BUY price=81507.77 qty=0.061340
[16:07:35.934] [OK] [SYNC] order filled detected
[16:07:35.937] [OK] [SYNC] BUY filled on exchange
[16:07:36.645] [OK] [EXEC] PLACE SELL price=81508.69 qty=0.061340
[16:07:36.920] [OK] [EXEC] SELL ORDER SENT orderId=382728314
[16:07:36.924] [OK] [PLAN] READY entry=81505.67 exit=81508.69 profit=0.185247 age=2083ms
[16:07:38.470] [INFO] [EXEC] RECOVERY WAIT hard_sl_pending_recovery
[16:07:39.249] [WS] LIVE bid=81502.27 ask=81505.20
[16:07:39.268] [INFO] [EXEC] RECOVERY WAIT hard_sl_pending_recovery
[16:07:39.857] [WARNING] [EXEC] SELL TIMEOUT orderId=382728314
[16:07:39.861] [WARNING] [EXEC] CANCEL SELL orderId=382728314
[16:07:40.408] [INFO] [EXEC] SELL FINAL STATUS status=CANCELED orderId=382728314
[16:07:40.411] [INFO] [EXEC] SELL TIMEOUT check fast_exit
[16:07:40.412] [WARNING] [EXEC] FORCE EXIT hard_sl_triggered
[16:07:40.413] [ERROR] [EXEC] HARD SL triggered
[16:07:40.415] [WARNING] [EXEC] PANIC EXIT sl_mode
[16:07:40.416] [WARNING] [EXEC] FORCE EXIT price=81504.19
[16:07:40.417] [OK] [EXEC] PLACE SELL price=81504.19 qty=0.061340
[16:07:40.679] [WARNING] [EXEC] PANIC START price=81504.19
[16:07:40.683] [OK] [EXEC] SELL ORDER SENT orderId=382728457
[16:07:40.688] [OK] [PLAN] READY entry=81500.00 exit=81503.19 profit=0.195675 age=297ms
[16:07:43.076] [WS] LIVE bid=81482.85 ask=81492.40
[16:07:44.442] [WARNING] [EXEC] PANIC WAIT still_open orderId=382728457
[16:07:44.447] [WARNING] [EXEC] PANIC HOLD active orderId=382728457
[16:07:45.318] [OK] [PLAN] HOT entry=81485.48 exit=81502.18 profit=1.024712 age=5770ms
[16:07:46.996] [WARNING] [EXEC] PANIC HOLD active orderId=382728457
[16:07:47.950] [WARNING] [EXEC] PANIC WAIT still_open orderId=382728457
[16:07:47.953] [WARNING] [EXEC] PANIC HOLD active orderId=382728457
[16:07:48.998] [WS] LIVE bid=81468.42 ask=81482.00
[16:07:49.594] [WARNING] [EXEC] PANIC HOLD active orderId=382728457
[16:07:51.534] [WARNING] [EXEC] PANIC WAIT still_open orderId=382728457
[16:07:51.537] [WARNING] [EXEC] PANIC HOLD active orderId=382728457
[16:07:53.546] [OK] [PLAN] HOT entry=81489.59 exit=81495.97 profit=0.391413 age=2004ms
[16:07:53.548] [WS] LIVE bid=81487.60 ask=81497.97
[16:07:53.885] [WARNING] [EXEC] PANIC HOLD active orderId=382728457
[16:07:55.844] [WARNING] [EXEC] PANIC WAIT still_open orderId=382728457
[16:07:55.847] [WARNING] [EXEC] PANIC HOLD active orderId=382728457
[16:07:58.088] [OK] [SYNC] order filled detected
[16:07:58.091] [OK] [SYNC] SELL filled on exchange
[16:07:58.091] [OK] [EXEC] REALIZED pnl=-0.219597
[16:07:58.274] [WS] LIVE bid=81485.24 ask=81504.68
[16:08:00.115] [OK] [EXEC] BUY ORDER SENT orderId=382730373 price=81465.72 qty=0.061370
[16:08:00.119] [OK] [EXEC] PLACE BUY price=81465.72 qty=0.061370
[16:08:00.654] [OK] [SYNC] order filled detected
[16:08:00.657] [OK] [SYNC] BUY filled on exchange
[16:08:00.955] [OK] [EXEC] PLACE SELL price=81482.17 qty=0.061370
[16:08:01.224] [OK] [EXEC] SELL ORDER SENT orderId=382730556
[16:08:01.230] [OK] [PLAN] HOT entry=81476.81 exit=81482.17 profit=0.328890 age=1106ms
[16:08:02.020] [OK] [EXEC] SELL FILLED id=382730556
[16:08:02.024] [OK] [EXEC] SELL FILLED qty=0.061370 remaining=0.000000
[16:08:02.025] [OK] [EXEC] REALIZED pnl=+1.009537
[16:08:02.026] [OK] [EXEC] PANIC FILLED
[16:08:02.027] [INFO] [EXEC] PANIC RESET
[16:08:03.371] [WS] LIVE bid=81474.01 ask=81480.18
[16:08:04.599] [OK] [EXEC] BUY ORDER SENT orderId=382730794 price=81476.01 qty=0.061360
[16:08:04.603] [OK] [EXEC] PLACE BUY price=81476.01 qty=0.061360
[16:08:08.312] [WS] LIVE bid=81504.72 ask=81509.05
[16:08:09.794] [WARNING] [EXEC] BUY TIMEOUT orderId=382730794
[16:08:09.797] [WARNING] [EXEC] CANCEL BUY orderId=382730794
[16:08:10.071] [OK] [EXEC] BUY CANCELED confirmed
[16:08:10.339] [INFO] [EXEC] BUY FINAL STATUS status=CANCELED orderId=382730794
[16:08:10.342] [WARNING] [EXEC] BLOCK reason=buy_not_filled
[16:08:12.140] [OK] [EXEC] BUY ORDER SENT orderId=382731531 price=81501.65 qty=0.061340
[16:08:12.143] [OK] [EXEC] PLACE BUY price=81501.65 qty=0.061340
[16:08:14.084] [WS] LIVE bid=81501.66 ask=81516.18
[16:08:16.104] [WARNING] [EXEC] BUY TIMEOUT orderId=382731531
[16:08:16.108] [WARNING] [EXEC] CANCEL BUY orderId=382731531
[16:08:16.376] [OK] [EXEC] BUY CANCELED confirmed
[16:08:16.643] [INFO] [EXEC] BUY FINAL STATUS status=CANCELED orderId=382731531
[16:08:16.646] [WARNING] [EXEC] BLOCK reason=buy_not_filled
[16:08:18.654] [OK] [EXEC] BUY ORDER SENT orderId=382731917 price=81508.01 qty=0.061340
[16:08:18.657] [OK] [EXEC] PLACE BUY price=81508.01 qty=0.061340
[16:08:18.659] [OK] [PLAN] READY entry=81508.01 exit=81512.34 profit=0.265602 age=2583ms
[16:08:19.241] [WS] LIVE bid=81506.01 ask=81514.34
[16:08:22.637] [WARNING] [EXEC] BUY TIMEOUT orderId=382731917
[16:08:22.641] [WARNING] [EXEC] CANCEL BUY orderId=382731917
[16:08:22.920] [OK] [EXEC] BUY CANCELED confirmed
[16:08:23.200] [INFO] [EXEC] BUY FINAL STATUS status=CANCELED orderId=382731917
[16:08:23.204] [WARNING] [EXEC] BLOCK reason=buy_not_filled
[16:08:23.979] [WS] LIVE bid=81513.06 ask=81518.83
[16:08:24.537] [OK] [EXEC] BUY ORDER SENT orderId=382732159 price=81511.60 qty=0.061340
[16:08:24.540] [OK] [EXEC] PLACE BUY price=81511.60 qty=0.061340
[16:08:26.031] [OK] [SYNC] order filled detected
[16:08:26.033] [OK] [SYNC] BUY filled on exchange
[16:08:26.383] [OK] [EXEC] PLACE SELL price=81511.64 qty=0.061340
[16:08:26.646] [OK] [EXEC] SELL ORDER SENT orderId=382732442
[16:08:26.651] [OK] [PLAN] HOT entry=81482.01 exit=81491.91 profit=0.607464 age=2114ms
[16:08:28.420] [INFO] [EXEC] RECOVERY WAIT hard_sl_pending_recovery
[16:08:29.225] [WS] LIVE bid=81480.00 ask=81502.89
[16:08:29.266] [INFO] [EXEC] RECOVERY WAIT hard_sl_pending_recovery
[16:08:29.555] [WARNING] [EXEC] SELL TIMEOUT orderId=382732442
[16:08:29.558] [WARNING] [EXEC] CANCEL SELL orderId=382732442
[16:08:30.105] [INFO] [EXEC] SELL FINAL STATUS status=CANCELED orderId=382732442
[16:08:30.108] [INFO] [EXEC] SELL TIMEOUT check fast_exit
[16:08:30.110] [WARNING] [EXEC] FORCE EXIT hard_sl_triggered
[16:08:30.111] [ERROR] [EXEC] HARD SL triggered
[16:08:30.112] [WARNING] [EXEC] PANIC EXIT sl_mode
[16:08:30.113] [WARNING] [EXEC] FORCE EXIT price=81484.26
[16:08:30.114] [OK] [EXEC] PLACE SELL price=81484.26 qty=0.061340
[16:08:30.376] [WARNING] [EXEC] PANIC START price=81484.26
[16:08:30.380] [OK] [EXEC] SELL ORDER SENT orderId=382732801
[16:08:31.437] [OK] [SYNC] order filled detected
[16:08:31.440] [OK] [SYNC] SELL filled on exchange
[16:08:31.441] [OK] [EXEC] REALIZED pnl=-1.677036
[16:08:32.157] [OK] [EXEC] BUY ORDER SENT orderId=382733010 price=81466.03 qty=0.061370
[16:08:32.160] [OK] [EXEC] PLACE BUY price=81466.03 qty=0.061370
[16:08:32.975] [OK] [EXEC] BUY PARTIAL filled=0.061370 total=0.061370
[16:08:32.978] [OK] [EXEC] BUY REMAINING qty=0.000000
[16:08:32.980] [OK] [EXEC] POSITION qty=0.061370
[16:08:32.983] [OK] [EXEC] BUY FILLED id=382733010
[16:08:32.986] [OK] [PLAN] READY entry=81465.70 exit=81469.73 profit=0.247321 age=8436ms
[16:08:34.030] [OK] [SYNC] order filled detected
[16:08:34.032] [OK] [SYNC] BUY filled on exchange
[16:08:34.036] [WS] LIVE bid=81466.01 ask=81471.73
[16:08:34.258] [OK] [EXEC] PLACE SELL price=81469.73 qty=0.061370
[16:08:34.526] [OK] [EXEC] SELL ORDER SENT orderId=382733069
[16:08:35.073] [OK] [SYNC] order filled detected
[16:08:35.075] [OK] [SYNC] SELL filled on exchange
[16:08:35.076] [OK] [EXEC] REALIZED pnl=+0.227069
[16:08:38.795] [OK] [EXEC] BUY ORDER SENT orderId=382733464 price=81480.55 qty=0.061360
[16:08:38.799] [OK] [EXEC] PLACE BUY price=81480.55 qty=0.061360
[16:08:39.339] [WS] LIVE bid=81480.11 ask=81486.54
[16:08:40.652] [OK] [EXEC] BUY PARTIAL filled=0.061360 total=0.061360
[16:08:40.655] [OK] [EXEC] BUY REMAINING qty=0.000000
[16:08:40.658] [OK] [EXEC] POSITION qty=0.061360
[16:08:40.661] [OK] [EXEC] BUY FILLED id=382733464
[16:08:41.276] [OK] [SYNC] order filled detected
[16:08:41.279] [OK] [SYNC] BUY filled on exchange
[16:08:41.280] [OK] [EXEC] PLACE SELL price=81480.59 qty=0.061360
[16:08:41.544] [OK] [EXEC] SELL ORDER SENT orderId=382733605
[16:08:42.083] [INFO] [EXEC] RECOVERY WAIT hard_sl_pending_recovery
[16:08:42.382] [OK] [PLAN] READY entry=81466.69 exit=81469.82 profit=0.192088 age=803ms
[16:08:43.523] [WS] LIVE bid=81466.00 ask=81476.59
[16:08:44.582] [INFO] [EXEC] RECOVERY WAIT hard_sl_pending_recovery
[16:08:44.845] [WARNING] [EXEC] SELL TIMEOUT orderId=382733605
[16:08:44.849] [WARNING] [EXEC] CANCEL SELL orderId=382733605
[16:08:45.399] [INFO] [EXEC] SELL FINAL STATUS status=CANCELED orderId=382733605
[16:08:45.402] [INFO] [EXEC] SELL TIMEOUT check fast_exit
[16:08:45.403] [WARNING] [EXEC] FORCE EXIT hard_sl_triggered
[16:08:45.404] [ERROR] [EXEC] HARD SL triggered
[16:08:45.405] [WARNING] [EXEC] PANIC EXIT sl_mode
[16:08:45.406] [WARNING] [EXEC] FORCE EXIT price=81474.94
[16:08:45.407] [OK] [EXEC] PLACE SELL price=81474.94 qty=0.061360
[16:08:45.723] [WARNING] [EXEC] PANIC START price=81474.94
[16:08:45.726] [OK] [EXEC] SELL ORDER SENT orderId=382733915
[16:08:45.732] [OK] [PLAN] HOT entry=81468.01 exit=81473.94 profit=0.363924 age=3302ms
[16:08:48.309] [WARNING] [EXEC] PANIC WAIT still_open orderId=382733915
[16:08:48.314] [WARNING] [EXEC] PANIC HOLD active orderId=382733915
[16:08:48.857] [OK] [SYNC] order filled detected
[16:08:48.860] [OK] [SYNC] SELL filled on exchange
[16:08:48.861] [OK] [EXEC] REALIZED pnl=-0.344230
[16:08:48.866] [WS] LIVE bid=81472.91 ask=81480.17
[16:08:49.231] [OK] [EXEC] BUY ORDER SENT orderId=382734128 price=81475.31 qty=0.061360
[16:08:49.235] [OK] [EXEC] PLACE BUY price=81475.31 qty=0.061360
[16:08:50.775] [OK] [PLAN] HOT entry=81494.14 exit=81507.44 profit=0.815955 age=1557ms
[16:08:53.324] [WARNING] [EXEC] BUY TIMEOUT orderId=382734128
[16:08:53.328] [WARNING] [EXEC] CANCEL BUY orderId=382734128
[16:08:53.597] [OK] [EXEC] BUY CANCELED confirmed
[16:08:53.878] [INFO] [EXEC] BUY FINAL STATUS status=CANCELED orderId=382734128
[16:08:53.881] [WARNING] [EXEC] BLOCK reason=buy_not_filled
[16:08:53.885] [WS] LIVE bid=81486.83 ask=81495.17
[16:08:57.654] [OK] [EXEC] BUY ORDER SENT orderId=382734699 price=81492.01 qty=0.061350
[16:08:57.658] [OK] [EXEC] PLACE BUY price=81492.01 qty=0.061350
[16:08:58.716] [WS] LIVE bid=81498.93 ask=81503.95
[16:09:02.955] [WARNING] [EXEC] BUY TIMEOUT orderId=382734699
[16:09:02.959] [WARNING] [EXEC] CANCEL BUY orderId=382734699
[16:09:03.236] [OK] [EXEC] BUY CANCELED confirmed
[16:09:03.504] [INFO] [EXEC] BUY FINAL STATUS status=CANCELED orderId=382734699
[16:09:03.508] [WARNING] [EXEC] BLOCK reason=buy_not_filled
[16:09:03.779] [WS] LIVE bid=81509.92 ask=81519.98
[16:09:04.212] [OK] [EXEC] BUY ORDER SENT orderId=382735195 price=81511.92 qty=0.061340
[16:09:04.216] [OK] [EXEC] PLACE BUY price=81511.92 qty=0.061340
[16:09:04.220] [OK] [PLAN] HOT entry=81511.92 exit=81517.98 profit=0.371720 age=1257ms
[16:09:05.159] [OK] [EXEC] BUY PARTIAL filled=0.061340 total=0.061340
[16:09:05.163] [OK] [EXEC] BUY REMAINING qty=0.000000
[16:09:05.164] [OK] [EXEC] POSITION qty=0.061340
[16:09:05.165] [OK] [EXEC] BUY FILLED id=382735195
[16:09:05.168] [OK] [PLAN] READY entry=81513.10 exit=81516.96 profit=0.236734 age=2206ms
[16:09:06.203] [OK] [SYNC] order filled detected
[16:09:06.204] [OK] [SYNC] BUY filled on exchange
[16:09:07.523] [OK] [EXEC] PLACE SELL price=81516.91 qty=0.061340
[16:09:07.800] [OK] [EXEC] SELL ORDER SENT orderId=382735355
[16:09:09.533] [WS] LIVE bid=81506.01 ask=81516.90
[16:09:10.116] [INFO] [EXEC] RECOVERY WAIT hard_sl_pending_recovery
[16:09:11.564] [OK] [SYNC] order filled detected
[16:09:11.567] [OK] [SYNC] SELL filled on exchange
[16:09:11.568] [OK] [EXEC] REALIZED pnl=+0.306087
[16:09:12.349] [OK] [EXEC] BUY ORDER SENT orderId=382735805 price=81515.74 qty=0.061330
[16:09:12.353] [OK] [EXEC] PLACE BUY price=81515.74 qty=0.061330
[16:09:13.923] [OK] [PLAN] HOT entry=81546.88 exit=81551.99 profit=0.313294 age=1566ms
[16:09:14.972] [WS] LIVE bid=81547.91 ask=81561.98
[16:09:17.342] [WARNING] [EXEC] BUY TIMEOUT orderId=382735805
[16:09:17.345] [WARNING] [EXEC] CANCEL BUY orderId=382735805
[16:09:17.610] [OK] [EXEC] BUY CANCELED confirmed
[16:09:17.887] [INFO] [EXEC] BUY FINAL STATUS status=CANCELED orderId=382735805
[16:09:17.891] [WARNING] [EXEC] BLOCK reason=buy_not_filled
[16:09:19.465] [WS] LIVE bid=81549.15 ask=81554.97
[16:09:19.840] [OK] [EXEC] BUY ORDER SENT orderId=382736808 price=81544.91 qty=0.061310
[16:09:19.844] [OK] [EXEC] PLACE BUY price=81544.91 qty=0.061310
[16:09:21.409] [OK] [PLAN] READY entry=81548.01 exit=81551.99 profit=0.244014 age=1556ms
[16:09:24.524] [WARNING] [EXEC] BUY TIMEOUT orderId=382736808
[16:09:24.528] [WARNING] [EXEC] CANCEL BUY orderId=382736808
[16:09:24.794] [OK] [EXEC] BUY CANCELED confirmed
[16:09:25.059] [INFO] [EXEC] BUY FINAL STATUS status=CANCELED orderId=382736808
[16:09:25.063] [WARNING] [EXEC] BLOCK reason=buy_not_filled
[16:09:25.848] [WS] LIVE bid=81546.00 ask=81551.19
[16:09:26.722] [OK] [EXEC] BUY ORDER SENT orderId=382737320 price=81559.96 qty=0.061300
[16:09:26.727] [OK] [EXEC] PLACE BUY price=81559.96 qty=0.061300
[16:09:29.175] [OK] [EXEC] BUY PARTIAL filled=0.003030 total=0.003030
[16:09:29.178] [OK] [EXEC] BUY REMAINING qty=0.058270
[16:09:29.179] [OK] [EXEC] POSITION qty=0.003030
[16:09:29.183] [OK] [PLAN] READY entry=81569.18 exit=81572.76 profit=0.219418 age=2444ms
[16:09:29.793] [OK] [EXEC] PLACE SELL price=81570.58 qty=0.003030
[16:09:30.057] [OK] [EXEC] SELL ORDER SENT orderId=382737736
[16:09:30.535] [WS] LIVE bid=81565.88 ask=81573.25
[16:09:31.192] [OK] [SYNC] order filled detected
[16:09:31.195] [OK] [SYNC] SELL filled on exchange
[16:09:31.195] [OK] [EXEC] REALIZED pnl=+0.033451
[16:09:31.945] [OK] [EXEC] BUY ORDER SENT orderId=382737931 price=81572.01 qty=0.061290
[16:09:31.949] [OK] [EXEC] PLACE BUY price=81572.01 qty=0.061290
[16:09:31.955] [OK] [PLAN] HOT entry=81572.01 exit=81579.38 profit=0.451707 age=5221ms
[16:09:35.291] [WS] LIVE bid=81581.58 ask=81589.46
[16:09:36.069] [WARNING] [EXEC] BUY TIMEOUT orderId=382737931
[16:09:36.073] [WARNING] [EXEC] CANCEL BUY orderId=382737931
[16:09:36.333] [OK] [EXEC] BUY CANCELED confirmed
[16:09:36.598] [INFO] [EXEC] BUY FINAL STATUS status=CANCELED orderId=382737931
[16:09:36.602] [WARNING] [EXEC] BLOCK reason=buy_not_filled
[16:09:40.541] [OK] [EXEC] BUY ORDER SENT orderId=382738564 price=81580.01 qty=0.061280
[16:09:40.547] [OK] [EXEC] PLACE BUY price=81580.01 qty=0.061280
[16:09:40.553] [WS] LIVE bid=81578.01 ask=81586.00
[16:09:41.554] [OK] [EXEC] BUY PARTIAL filled=0.061280 total=0.061280
[16:09:41.555] [OK] [EXEC] BUY REMAINING qty=0.000000
[16:09:41.557] [OK] [EXEC] POSITION qty=0.061280
[16:09:41.558] [OK] [EXEC] BUY FILLED id=382738564
[16:09:41.562] [OK] [PLAN] HOT entry=81576.65 exit=81581.84 profit=0.318095 age=1008ms
[16:09:42.097] [OK] [SYNC] order filled detected
[16:09:42.100] [OK] [SYNC] BUY filled on exchange
[16:09:42.815] [OK] [EXEC] PLACE SELL price=81581.68 qty=0.061280
[16:09:43.097] [OK] [EXEC] SELL ORDER SENT orderId=382738835
[16:09:43.624] [OK] [SYNC] order filled detected
[16:09:43.625] [OK] [SYNC] SELL filled on exchange
[16:09:43.626] [OK] [EXEC] REALIZED pnl=+0.102338
[16:09:43.910] [OK] [EXEC] BUY ORDER SENT orderId=382738877 price=81579.37 qty=0.061290
[16:09:43.914] [OK] [EXEC] PLACE BUY price=81579.37 qty=0.061290
[16:09:43.920] [OK] [PLAN] READY entry=81579.37 exit=81583.59 profit=0.258644 age=3362ms
[16:09:46.770] [WS] LIVE bid=81579.37 ask=81585.03
[16:09:47.396] [OK] [SYNC] order filled detected
[16:09:47.398] [OK] [SYNC] BUY filled on exchange
[16:09:47.888] [OK] [EXEC] PLACE SELL price=81579.41 qty=0.061290
[16:09:48.159] [OK] [EXEC] SELL ORDER SENT orderId=382739095
[16:09:48.771] [INFO] [EXEC] RECOVERY WAIT hard_sl_pending_recovery
[16:09:51.224] [OK] [SYNC] order filled detected
[16:09:51.226] [OK] [SYNC] SELL filled on exchange
[16:09:51.227] [OK] [EXEC] REALIZED pnl=+0.001839
[16:09:51.232] [WS] LIVE bid=81563.75 ask=81569.99
[16:09:52.220] [OK] [EXEC] BUY ORDER SENT orderId=382739488 price=81580.00 qty=0.061280
[16:09:52.224] [OK] [EXEC] PLACE BUY price=81580.00 qty=0.061280
[16:09:52.229] [OK] [PLAN] READY entry=81580.00 exit=81584.00 profit=0.245120 age=2062ms
[16:09:53.668] [OK] [EXEC] BUY PARTIAL filled=0.061280 total=0.061280
[16:09:53.671] [OK] [EXEC] BUY REMAINING qty=0.000000
[16:09:53.672] [OK] [EXEC] POSITION qty=0.061280
[16:09:53.674] [OK] [EXEC] BUY FILLED id=382739488
[16:09:54.205] [OK] [SYNC] order filled detected
[16:09:54.208] [OK] [SYNC] BUY filled on exchange
[16:09:54.260] [OK] [EXEC] PLACE SELL price=81588.53 qty=0.061280
[16:09:54.526] [OK] [EXEC] SELL ORDER SENT orderId=382739657
[16:09:55.553] [WS] LIVE bid=81579.82 ask=81586.79
[16:09:58.954] [INFO] [EXEC] RECOVERY WAIT hard_sl_pending_recovery
[16:09:59.224] [WARNING] [EXEC] SELL TIMEOUT orderId=382739657
[16:09:59.228] [WARNING] [EXEC] CANCEL SELL orderId=382739657
[16:09:59.784] [INFO] [EXEC] SELL FINAL STATUS status=CANCELED orderId=382739657
[16:09:59.788] [INFO] [EXEC] SELL TIMEOUT check fast_exit
[16:09:59.791] [WARNING] [EXEC] FORCE EXIT hard_sl_triggered
[16:09:59.793] [ERROR] [EXEC] HARD SL triggered
[16:09:59.795] [WARNING] [EXEC] PANIC EXIT sl_mode
[16:09:59.797] [WARNING] [EXEC] FORCE EXIT price=81562.20
[16:09:59.800] [OK] [EXEC] PLACE SELL price=81562.20 qty=0.061280
[16:10:00.067] [WARNING] [EXEC] PANIC START price=81562.20
[16:10:00.069] [OK] [EXEC] SELL ORDER SENT orderId=382740220
[16:10:01.106] [OK] [SYNC] order filled detected
[16:10:01.108] [OK] [SYNC] SELL filled on exchange
[16:10:01.109] [OK] [EXEC] REALIZED pnl=-1.090784
[16:10:01.116] [WS] LIVE bid=81557.28 ask=81567.41
[16:10:01.413] [OK] [EXEC] BUY ORDER SENT orderId=382740426 price=81574.12 qty=0.061290
[16:10:01.418] [OK] [EXEC] PLACE BUY price=81574.12 qty=0.061290
[16:10:01.425] [OK] [PLAN] HOT entry=81574.12 exit=81584.00 profit=0.605545 age=2180ms
[16:10:03.448] [OK] [SYNC] order filled detected
[16:10:03.451] [OK] [SYNC] BUY filled on exchange
[16:10:04.072] [OK] [EXEC] PLACE SELL price=81578.89 qty=0.061290
[16:10:04.606] [OK] [EXEC] SELL ORDER SENT orderId=382740626
[16:10:05.301] [OK] [SYNC] order filled detected
[16:10:05.304] [OK] [SYNC] SELL filled on exchange
[16:10:05.305] [OK] [EXEC] REALIZED pnl=+0.303798
[16:10:05.327] [WS] LIVE bid=81589.47 ask=81593.51
[16:10:06.236] [OK] [EXEC] BUY ORDER SENT orderId=382740904 price=81586.09 qty=0.061280
[16:10:06.241] [OK] [EXEC] PLACE BUY price=81586.09 qty=0.061280
[16:10:08.078] [OK] [PLAN] HOT entry=81608.96 exit=81615.97 profit=0.429433 age=1839ms
[16:10:10.907] [WS] LIVE bid=81615.08 ask=81639.75
[16:10:11.805] [WARNING] [EXEC] BUY TIMEOUT orderId=382740904
[16:10:11.808] [WARNING] [EXEC] CANCEL BUY orderId=382740904
[16:10:12.078] [OK] [EXEC] BUY CANCELED confirmed
[16:10:12.381] [INFO] [EXEC] BUY FINAL STATUS status=CANCELED orderId=382740904
[16:10:12.385] [WARNING] [EXEC] BLOCK reason=buy_not_filled
[16:10:14.225] [OK] [EXEC] BUY ORDER SENT orderId=382742012 price=81620.54 qty=0.061250
[16:10:14.229] [OK] [EXEC] PLACE BUY price=81620.54 qty=0.061250
[16:10:15.770] [OK] [SYNC] order filled detected
[16:10:15.773] [OK] [SYNC] BUY filled on exchange
[16:10:15.776] [WS] LIVE bid=81594.01 ask=81602.35
[16:10:15.826] [OK] [EXEC] PLACE SELL price=81620.58 qty=0.061250
[16:10:16.203] [OK] [EXEC] SELL ORDER SENT orderId=382742280
[16:10:16.210] [OK] [PLAN] HOT entry=81596.01 exit=81603.67 profit=0.469328 age=1871ms
[16:10:17.965] [OK] [PLAN] READY entry=81595.66 exit=81599.51 profit=0.235890 age=3741ms
[16:10:19.990] [WARNING] [EXEC] PANIC WAIT still_open orderId=382742280
[16:10:19.997] [OK] [PLAN] HOT entry=81597.09 exit=81603.50 profit=0.392741 age=5765ms
[16:10:20.485] [WS] LIVE bid=81607.05 ask=81612.78
[16:10:20.782] [OK] [EXEC] SELL FILLED id=382742280
[16:10:20.786] [OK] [EXEC] SELL FILLED qty=0.061250 remaining=0.000000
[16:10:20.787] [OK] [EXEC] REALIZED pnl=+0.001837
[16:10:20.789] [OK] [EXEC] PANIC FILLED
[16:10:20.790] [INFO] [EXEC] PANIC RESET
[16:10:22.034] [OK] [EXEC] BUY ORDER SENT orderId=382742872 price=81612.01 qty=0.061260
[16:10:22.039] [OK] [EXEC] PLACE BUY price=81612.01 qty=0.061260
[16:10:22.045] [OK] [PLAN] READY entry=81612.01 exit=81615.99 profit=0.243815 age=7803ms
[16:10:22.576] [OK] [SYNC] order filled detected
[16:10:22.579] [OK] [SYNC] BUY filled on exchange
[16:10:23.325] [OK] [EXEC] PLACE SELL price=81612.05 qty=0.061260
[16:10:23.606] [OK] [EXEC] SELL ORDER SENT orderId=382743073
[16:10:23.611] [OK] [PLAN] HOT entry=81587.59 exit=81592.27 profit=0.286790 age=9370ms
[16:10:25.587] [INFO] [EXEC] RECOVERY WAIT hard_sl_pending_recovery
[16:10:25.856] [OK] [PLAN] READY entry=81602.47 exit=81605.64 profit=0.194226 age=11632ms
[16:10:26.609] [WS] LIVE bid=81597.70 ask=81602.00
[16:10:26.772] [INFO] [EXEC] RECOVERY WAIT hard_sl_pending_recovery
[16:10:27.103] [OK] [EXEC] SELL FILLED id=382743073
[16:10:27.107] [OK] [EXEC] SELL FILLED qty=0.061260 remaining=0.000000
[16:10:27.108] [OK] [EXEC] REALIZED pnl=+0.001838
[16:10:28.291] [OK] [EXEC] BUY ORDER SENT orderId=382743594 price=81611.28 qty=0.061260
[16:10:28.297] [OK] [EXEC] PLACE BUY price=81611.28 qty=0.061260
[16:10:30.890] [WS] LIVE bid=81611.29 ask=81623.46
[16:10:32.652] [WARNING] [EXEC] BUY TIMEOUT orderId=382743594
[16:10:32.656] [WARNING] [EXEC] CANCEL BUY orderId=382743594
[16:10:32.923] [OK] [EXEC] BUY CANCELED confirmed
[16:10:33.187] [INFO] [EXEC] BUY FINAL STATUS status=FILLED orderId=382743594
[16:10:33.191] [OK] [EXEC] BUY FILLED during cancel
[16:10:33.193] [OK] [EXEC] BUY FILLED id=382743594
[16:10:33.797] [OK] [SYNC] order filled detected
[16:10:33.800] [OK] [SYNC] BUY filled on exchange
[16:10:34.585] [OK] [EXEC] PLACE SELL price=81614.58 qty=0.061260
[16:10:34.848] [OK] [EXEC] SELL ORDER SENT orderId=382744096
[16:10:35.888] [OK] [SYNC] order filled detected
[16:10:35.893] [OK] [SYNC] SELL filled on exchange
[16:10:35.894] [OK] [EXEC] REALIZED pnl=+0.202158
[16:10:35.902] [WS] LIVE bid=81607.06 ask=81614.07
[16:10:38.281] [OK] [EXEC] BUY ORDER SENT orderId=382744554 price=81643.21 qty=0.061240
[16:10:38.286] [OK] [EXEC] PLACE BUY price=81643.21 qty=0.061240
[16:10:39.331] [OK] [SYNC] order filled detected
[16:10:39.333] [OK] [SYNC] BUY filled on exchange
[16:10:39.576] [OK] [EXEC] PLACE SELL price=81643.25 qty=0.061240
[16:10:39.845] [OK] [EXEC] SELL ORDER SENT orderId=382744684
[16:10:40.883] [WS] LIVE bid=81641.02 ask=81647.83
[16:10:41.516] [OK] [SYNC] order filled detected
[16:10:41.519] [OK] [SYNC] SELL filled on exchange
[16:10:41.520] [OK] [EXEC] REALIZED pnl=+0.002450
[16:10:41.790] [OK] [EXEC] BUY ORDER SENT orderId=382744976 price=81650.71 qty=0.061230
[16:10:41.794] [OK] [EXEC] PLACE BUY price=81650.71 qty=0.061230
[16:10:44.375] [OK] [SYNC] order filled detected
[16:10:44.378] [OK] [SYNC] BUY filled on exchange
[16:10:44.380] [OK] [EXEC] PLACE SELL price=81654.92 qty=0.061230
[16:10:44.646] [OK] [EXEC] SELL ORDER SENT orderId=382745249
[16:10:46.181] [INFO] [EXEC] RECOVERY WAIT hard_sl_pending_recovery
[16:10:46.463] [OK] [PLAN] READY entry=81641.66 exit=81645.05 profit=0.207604 age=1801ms
[16:10:47.201] [WS] LIVE bid=81639.65 ask=81647.05
[16:10:47.841] [OK] [SYNC] order filled detected
[16:10:47.842] [OK] [SYNC] SELL filled on exchange
[16:10:47.842] [OK] [EXEC] REALIZED pnl=+0.257778
[16:10:48.901] [OK] [EXEC] BUY ORDER SENT orderId=382745640 price=81652.01 qty=0.061230
[16:10:48.905] [OK] [EXEC] PLACE BUY price=81652.01 qty=0.061230
[16:10:51.381] [WS] LIVE bid=81652.69 ask=81665.99
[16:10:53.737] [WARNING] [EXEC] BUY TIMEOUT orderId=382745640
[16:10:53.743] [WARNING] [EXEC] CANCEL BUY orderId=382745640
[16:10:54.010] [OK] [EXEC] BUY CANCELED confirmed
[16:10:54.284] [INFO] [EXEC] BUY FINAL STATUS status=CANCELED orderId=382745640
[16:10:54.288] [WARNING] [EXEC] BLOCK reason=buy_not_filled
[16:10:54.292] [OK] [PLAN] HOT entry=81676.01 exit=81687.99 profit=0.733296 age=2028ms
[16:10:55.147] [OK] [EXEC] BUY ORDER SENT orderId=382746629 price=81697.90 qty=0.061200
[16:10:55.153] [OK] [EXEC] PLACE BUY price=81697.90 qty=0.061200
[16:10:55.715] [OK] [SYNC] order filled detected
[16:10:55.718] [OK] [SYNC] BUY filled on exchange
[16:10:56.651] [WS] LIVE bid=81693.03 ask=81704.45
[16:10:57.288] [OK] [EXEC] PLACE SELL price=81704.66 qty=0.061200
[16:10:57.559] [OK] [EXEC] SELL ORDER SENT orderId=382747049
[16:10:58.741] [INFO] [EXEC] RECOVERY WAIT hard_sl_pending_recovery
[16:10:59.859] [OK] [EXEC] SELL FILLED id=382747049
[16:10:59.863] [OK] [EXEC] SELL FILLED qty=0.061200 remaining=0.000000
[16:10:59.865] [OK] [EXEC] REALIZED pnl=+0.413712
[16:11:00.639] [WS] LIVE bid=81716.75 ask=81741.08
[16:11:01.706] [OK] [EXEC] BUY ORDER SENT orderId=382747947 price=81705.29 qty=0.061190
[16:11:01.711] [OK] [EXEC] PLACE BUY price=81705.29 qty=0.061190
[16:11:02.262] [OK] [SYNC] order filled detected
[16:11:02.265] [OK] [SYNC] BUY filled on exchange
[16:11:02.944] [OK] [EXEC] PLACE SELL price=81705.33 qty=0.061190
[16:11:03.209] [OK] [EXEC] SELL ORDER SENT orderId=382748199
[16:11:03.747] [OK] [SYNC] order filled detected
[16:11:03.750] [OK] [SYNC] SELL filled on exchange
[16:11:03.751] [OK] [EXEC] REALIZED pnl=+0.001836
[16:11:04.677] [OK] [EXEC] BUY ORDER SENT orderId=382748360 price=81692.01 qty=0.061200
[16:11:04.681] [OK] [EXEC] PLACE BUY price=81692.01 qty=0.061200
[16:11:04.684] [OK] [PLAN] READY entry=81692.01 exit=81695.99 profit=0.243576 age=12911ms
[16:11:05.790] [OK] [EXEC] BUY PARTIAL filled=0.061200 total=0.061200
[16:11:05.794] [OK] [EXEC] BUY REMAINING qty=0.000000
[16:11:05.795] [OK] [EXEC] POSITION qty=0.061200
[16:11:05.797] [OK] [EXEC] BUY FILLED id=382748360
[16:11:06.324] [OK] [SYNC] order filled detected
[16:11:06.327] [OK] [SYNC] BUY filled on exchange
[16:11:07.102] [WS] LIVE bid=81679.95 ask=81696.33
[16:11:07.824] [OK] [EXEC] PLACE SELL price=81709.34 qty=0.061200
[16:11:08.092] [OK] [EXEC] SELL ORDER SENT orderId=382748727
[16:11:08.952] [OK] [PLAN] READY entry=81700.00 exit=81703.99 profit=0.244148 age=837ms
[16:11:10.020] [OK] [SYNC] order filled detected
[16:11:10.023] [OK] [SYNC] SELL filled on exchange
[16:11:10.024] [OK] [EXEC] REALIZED pnl=+1.060596
[16:11:10.476] [OK] [EXEC] BUY ORDER SENT orderId=382749079 price=81708.80 qty=0.061190
[16:11:10.479] [OK] [EXEC] PLACE BUY price=81708.80 qty=0.061190
[16:11:10.485] [OK] [PLAN] HOT entry=81708.80 exit=81717.22 profit=0.515220 age=2389ms
[16:11:11.556] [OK] [SYNC] order filled detected
[16:11:11.559] [OK] [SYNC] BUY filled on exchange
[16:11:11.562] [WS] LIVE bid=81708.80 ask=81717.89
[16:11:11.783] [OK] [EXEC] PLACE SELL price=81717.99 qty=0.061190
[16:11:12.047] [OK] [EXEC] SELL ORDER SENT orderId=382749266
[16:11:13.093] [OK] [SYNC] order filled detected
[16:11:13.095] [OK] [SYNC] SELL filled on exchange
[16:11:13.095] [OK] [EXEC] REALIZED pnl=+0.562336
[16:11:13.867] [OK] [EXEC] BUY ORDER SENT orderId=382749478 price=81719.58 qty=0.061180
[16:11:13.872] [OK] [EXEC] PLACE BUY price=81719.58 qty=0.061180
[16:11:14.871] [OK] [EXEC] BUY PARTIAL filled=0.061180 total=0.061180
[16:11:14.875] [OK] [EXEC] BUY REMAINING qty=0.000000
[16:11:14.877] [OK] [EXEC] POSITION qty=0.061180
[16:11:14.878] [OK] [EXEC] BUY FILLED id=382749478
[16:11:15.425] [OK] [SYNC] order filled detected
[16:11:15.428] [OK] [SYNC] BUY filled on exchange
[16:11:15.929] [WS] LIVE bid=81708.41 ask=81720.04
[16:11:16.677] [OK] [EXEC] PLACE SELL price=81720.00 qty=0.061180
[16:11:16.980] [OK] [EXEC] SELL ORDER SENT orderId=382749737
[16:11:18.110] [OK] [SYNC] order filled detected
[16:11:18.113] [OK] [SYNC] SELL filled on exchange
[16:11:18.113] [OK] [EXEC] REALIZED pnl=+0.025696
[16:11:18.382] [OK] [EXEC] BUY ORDER SENT orderId=382749900 price=81705.79 qty=0.061190
[16:11:18.386] [OK] [EXEC] PLACE BUY price=81705.79 qty=0.061190
[16:11:18.389] [OK] [PLAN] HOT entry=81705.79 exit=81719.99 profit=0.868898 age=1438ms
[16:11:19.490] [OK] [SYNC] order filled detected
[16:11:19.493] [OK] [SYNC] BUY filled on exchange
[16:11:19.495] [OK] [EXEC] PLACE SELL price=81714.00 qty=0.061190
[16:11:19.815] [OK] [EXEC] SELL ORDER SENT orderId=382750080
[16:11:21.536] [INFO] [EXEC] RECOVERY WAIT hard_sl_pending_recovery
[16:11:21.806] [WS] LIVE bid=81698.00 ask=81705.99
[16:11:22.399] [INFO] [EXEC] RECOVERY WAIT hard_sl_pending_recovery
[16:11:22.663] [WARNING] [EXEC] SELL TIMEOUT orderId=382750080
[16:11:22.667] [WARNING] [EXEC] CANCEL SELL orderId=382750080
[16:11:23.195] [INFO] [EXEC] SELL FINAL STATUS status=CANCELED orderId=382750080
[16:11:23.202] [INFO] [EXEC] SELL TIMEOUT check fast_exit
[16:11:23.206] [WARNING] [EXEC] FORCE EXIT hard_sl_triggered
[16:11:23.209] [ERROR] [EXEC] HARD SL triggered
[16:11:23.213] [WARNING] [EXEC] PANIC EXIT sl_mode
[16:11:23.217] [WARNING] [EXEC] FORCE EXIT price=81699.42
[16:11:23.219] [OK] [EXEC] PLACE SELL price=81699.42 qty=0.061190
[16:11:23.484] [WARNING] [EXEC] PANIC START price=81699.42
[16:11:23.492] [OK] [EXEC] SELL ORDER SENT orderId=382750532
[16:11:24.057] [OK] [SYNC] order filled detected
[16:11:24.059] [OK] [SYNC] SELL filled on exchange
[16:11:24.060] [OK] [EXEC] REALIZED pnl=-0.132615
[16:11:24.554] [OK] [EXEC] BUY ORDER SENT orderId=382750656 price=81700.10 qty=0.061190
[16:11:24.560] [OK] [EXEC] PLACE BUY price=81700.10 qty=0.061190
[16:11:25.668] [WS] LIVE bid=81714.16 ask=81721.88
[16:11:27.124] [OK] [SYNC] order filled detected
[16:11:27.128] [OK] [SYNC] BUY filled on exchange
[16:11:28.172] [OK] [EXEC] PLACE SELL price=81700.14 qty=0.061190
[16:11:28.445] [OK] [EXEC] SELL ORDER SENT orderId=382751303
[16:11:28.937] [OK] [EXEC] SELL FILLED id=382751303
[16:11:28.941] [OK] [EXEC] SELL FILLED qty=0.061190 remaining=0.000000
[16:11:28.942] [OK] [EXEC] REALIZED pnl=+0.001836
[16:11:28.944] [OK] [EXEC] PANIC FILLED
[16:11:28.945] [INFO] [EXEC] PANIC RESET
[16:11:30.660] [OK] [EXEC] BUY ORDER SENT orderId=382751718 price=81672.01 qty=0.061220
[16:11:30.664] [OK] [EXEC] PLACE BUY price=81672.01 qty=0.061220
[16:11:30.667] [OK] [PLAN] HOT entry=81672.01 exit=81689.60 profit=1.076860 age=1728ms
[16:11:31.205] [OK] [SYNC] order filled detected
[16:11:31.208] [OK] [SYNC] BUY filled on exchange
[16:11:31.210] [WS] LIVE bid=81672.01 ask=81688.56
[16:11:31.902] [OK] [EXEC] PLACE SELL price=81679.66 qty=0.061220
[16:11:32.190] [OK] [EXEC] SELL ORDER SENT orderId=382751989
[16:11:32.739] [INFO] [EXEC] RECOVERY WAIT hard_sl_pending_recovery
[16:11:34.124] [OK] [SYNC] order filled detected
[16:11:34.127] [OK] [SYNC] SELL filled on exchange
[16:11:34.128] [OK] [EXEC] REALIZED pnl=+0.468333
[16:11:34.591] [OK] [EXEC] BUY ORDER SENT orderId=382752211 price=81672.88 qty=0.061210
[16:11:34.596] [OK] [EXEC] PLACE BUY price=81672.88 qty=0.061210
[16:11:35.750] [WS] LIVE bid=81695.88 ask=81698.00
[16:11:39.558] [WARNING] [EXEC] BUY TIMEOUT orderId=382752211
[16:11:39.562] [WARNING] [EXEC] CANCEL BUY orderId=382752211
[16:11:39.831] [OK] [EXEC] BUY CANCELED confirmed
[16:11:40.106] [INFO] [EXEC] BUY FINAL STATUS status=CANCELED orderId=382752211
[16:11:40.110] [WARNING] [EXEC] BLOCK reason=buy_not_filled
[16:11:40.113] [OK] [PLAN] HOT entry=81700.68 exit=81707.92 profit=0.443016 age=1563ms
[16:11:40.835] [WS] LIVE bid=81686.24 ask=81695.65
[16:11:41.116] [OK] [EXEC] BUY ORDER SENT orderId=382753181 price=81690.29 qty=0.061200
[16:11:41.121] [OK] [EXEC] PLACE BUY price=81690.29 qty=0.061200
[16:11:41.128] [OK] [PLAN] READY entry=81690.29 exit=81693.64 profit=0.205020 age=3119ms
[16:11:42.136] [OK] [SYNC] order filled detected
[16:11:42.138] [OK] [SYNC] BUY filled on exchange
[16:11:42.443] [OK] [EXEC] PLACE SELL price=81693.71 qty=0.061200
[16:11:42.742] [OK] [EXEC] SELL ORDER SENT orderId=382753270
[16:11:43.356] [INFO] [EXEC] RECOVERY WAIT hard_sl_pending_recovery
[16:11:45.507] [OK] [PLAN] HOT entry=81667.84 exit=81677.01 profit=0.561387 age=1883ms
[16:11:46.858] [WS] LIVE bid=81674.00 ask=81682.65
[16:11:48.013] [INFO] [EXEC] RECOVERY WAIT hard_sl_pending_recovery
[16:11:48.290] [WARNING] [EXEC] SELL TIMEOUT orderId=382753270
[16:11:48.294] [WARNING] [EXEC] CANCEL SELL orderId=382753270
[16:11:48.874] [INFO] [EXEC] SELL FINAL STATUS status=CANCELED orderId=382753270
[16:11:48.879] [INFO] [EXEC] SELL TIMEOUT check fast_exit
[16:11:48.883] [WARNING] [EXEC] FORCE EXIT hard_sl_triggered
[16:11:48.886] [ERROR] [EXEC] HARD SL triggered
[16:11:48.889] [WARNING] [EXEC] PANIC EXIT sl_mode
[16:11:48.890] [WARNING] [EXEC] FORCE EXIT price=81680.83
[16:11:48.891] [OK] [EXEC] PLACE SELL price=81680.83 qty=0.061200
[16:11:49.217] [WARNING] [EXEC] PANIC START price=81680.83
[16:11:49.222] [OK] [EXEC] SELL ORDER SENT orderId=382753919
[16:11:49.227] [OK] [PLAN] READY entry=81675.92 exit=81679.83 profit=0.239331 age=4657ms
[16:11:49.620] [OK] [PLAN] HOT entry=81654.78 exit=81675.17 profit=1.248480 age=5942ms
[16:11:51.256] [WS] LIVE bid=81666.00 ask=81676.08
[16:11:52.108] [WARNING] [EXEC] PANIC WAIT still_open orderId=382753919
[16:11:52.112] [WARNING] [EXEC] PANIC HOLD active orderId=382753919
[16:11:53.810] [OK] [SYNC] order filled detected
[16:11:53.813] [OK] [SYNC] SELL filled on exchange
[16:11:53.814] [OK] [EXEC] REALIZED pnl=-0.578952
[16:11:54.127] [OK] [EXEC] BUY ORDER SENT orderId=382754371 price=81678.37 qty=0.061210
[16:11:54.131] [OK] [EXEC] PLACE BUY price=81678.37 qty=0.061210
[16:11:56.488] [WS] LIVE bid=81680.45 ask=81687.92
[16:11:58.302] [WARNING] [EXEC] BUY TIMEOUT orderId=382754371
[16:11:58.307] [WARNING] [EXEC] CANCEL BUY orderId=382754371
[16:11:58.606] [OK] [EXEC] BUY CANCELED confirmed
[16:11:58.873] [INFO] [EXEC] BUY FINAL STATUS status=CANCELED orderId=382754371
[16:11:58.877] [WARNING] [EXEC] BLOCK reason=buy_not_filled
[16:12:00.864] [OK] [EXEC] BUY ORDER SENT orderId=382755051 price=81689.55 qty=0.061200
[16:12:00.871] [OK] [EXEC] PLACE BUY price=81689.55 qty=0.061200
[16:12:01.420] [WS] LIVE bid=81688.00 ask=81695.44
[16:12:01.788] [OK] [PLAN] HOT entry=81692.31 exit=81702.45 profit=0.620568 age=886ms
[16:12:03.600] [OK] [SYNC] order filled detected
[16:12:03.602] [OK] [SYNC] BUY filled on exchange
[16:12:03.666] [OK] [EXEC] PLACE SELL price=81690.97 qty=0.061200
[16:12:03.946] [OK] [EXEC] SELL ORDER SENT orderId=382755356
[16:12:06.185] [OK] [EXEC] SELL FILLED id=382755356
[16:12:06.188] [OK] [EXEC] SELL FILLED qty=0.061200 remaining=0.000000
[16:12:06.191] [OK] [EXEC] REALIZED pnl=+0.086904
[16:12:06.194] [OK] [EXEC] PANIC FILLED
[16:12:06.197] [INFO] [EXEC] PANIC RESET
[16:12:06.200] [OK] [PLAN] READY entry=81684.01 exit=81687.65 profit=0.222804 age=1399ms
[16:12:07.000] [WS] LIVE bid=81672.79 ask=81680.65
[16:12:07.841] [OK] [EXEC] BUY ORDER SENT orderId=382755750 price=81676.01 qty=0.061210
[16:12:07.847] [OK] [EXEC] PLACE BUY price=81676.01 qty=0.061210
[16:12:07.854] [OK] [PLAN] HOT entry=81676.01 exit=81687.99 profit=0.733296 age=3058ms
[16:12:08.403] [OK] [SYNC] order filled detected
[16:12:08.406] [OK] [SYNC] BUY filled on exchange
[16:12:09.080] [OK] [EXEC] PLACE SELL price=81676.05 qty=0.061210
[16:12:09.356] [OK] [EXEC] SELL ORDER SENT orderId=382755923
[16:12:09.932] [INFO] [EXEC] RECOVERY WAIT hard_sl_pending_recovery
[16:12:11.256] [WS] LIVE bid=81652.79 ask=81659.44
[16:12:11.480] [INFO] [EXEC] RECOVERY WAIT hard_sl_pending_recovery
[16:12:13.343] [WARNING] [EXEC] SELL TIMEOUT orderId=382755923
[16:12:13.347] [WARNING] [EXEC] CANCEL SELL orderId=382755923
[16:12:13.893] [INFO] [EXEC] SELL FINAL STATUS status=CANCELED orderId=382755923
[16:12:13.897] [INFO] [EXEC] SELL TIMEOUT check fast_exit
[16:12:13.899] [WARNING] [EXEC] FORCE EXIT hard_sl_triggered
[16:12:13.900] [ERROR] [EXEC] HARD SL triggered
[16:12:13.902] [WARNING] [EXEC] PANIC EXIT sl_mode
[16:12:13.904] [WARNING] [EXEC] FORCE EXIT price=81659.08
[16:12:13.905] [OK] [EXEC] PLACE SELL price=81659.08 qty=0.061210
[16:12:14.167] [WARNING] [EXEC] PANIC START price=81659.08
[16:12:14.171] [OK] [EXEC] SELL ORDER SENT orderId=382756412
[16:12:14.174] [OK] [PLAN] READY entry=81654.79 exit=81658.08 profit=0.201447 age=1570ms
[16:12:15.524] [OK] [PLAN] HOT entry=81644.53 exit=81655.33 profit=0.661392 age=3776ms
[16:12:15.812] [OK] [EXEC] SELL FILLED id=382756412
[16:12:15.816] [OK] [EXEC] SELL FILLED qty=0.061210 remaining=0.000000
[16:12:15.817] [OK] [EXEC] REALIZED pnl=-1.036285
[16:12:15.819] [OK] [EXEC] PANIC FILLED
[16:12:15.821] [INFO] [EXEC] PANIC RESET
[16:12:16.930] [WS] LIVE bid=81656.18 ask=81663.60
[16:12:17.402] [OK] [EXEC] BUY ORDER SENT orderId=382756745 price=81657.81 qty=0.061230
[16:12:17.407] [OK] [EXEC] PLACE BUY price=81657.81 qty=0.061230
[16:12:17.413] [OK] [PLAN] READY entry=81657.81 exit=81661.45 profit=0.222877 age=5635ms
[16:12:18.457] [OK] [SYNC] order filled detected
[16:12:18.460] [OK] [SYNC] BUY filled on exchange
[16:12:19.296] [OK] [EXEC] PLACE SELL price=81657.85 qty=0.061230
[16:12:19.573] [OK] [EXEC] SELL ORDER SENT orderId=382756867
[16:12:20.119] [OK] [SYNC] order filled detected
[16:12:20.122] [OK] [SYNC] SELL filled on exchange
[16:12:20.123] [OK] [EXEC] REALIZED pnl=+0.002449
[16:12:21.195] [OK] [EXEC] BUY ORDER SENT orderId=382757034 price=81643.65 qty=0.061240
[16:12:21.199] [OK] [EXEC] PLACE BUY price=81643.65 qty=0.061240
[16:12:21.208] [WS] LIVE bid=81641.65 ask=81653.50
[16:12:21.751] [OK] [PLAN] READY entry=81648.38 exit=81651.60 profit=0.197161 age=555ms
[16:12:24.248] [OK] [EXEC] BUY PARTIAL filled=0.061240 total=0.061240
[16:12:24.252] [OK] [EXEC] BUY REMAINING qty=0.000000
[16:12:24.256] [OK] [EXEC] POSITION qty=0.061240
[16:12:24.259] [OK] [EXEC] BUY FILLED id=382757034
[16:12:24.262] [OK] [PLAN] HOT entry=81650.18 exit=81655.99 profit=0.355746 age=3051ms
[16:12:25.265] [OK] [SYNC] order filled detected
[16:12:25.266] [OK] [SYNC] BUY filled on exchange
[16:12:25.540] [OK] [EXEC] PLACE SELL price=81681.17 qty=0.061240
[16:12:25.812] [OK] [EXEC] SELL ORDER SENT orderId=382757510
[16:12:26.873] [OK] [SYNC] order filled detected
[16:12:26.876] [OK] [SYNC] SELL filled on exchange
[16:12:26.877] [OK] [EXEC] REALIZED pnl=+2.297725
[16:12:27.158] [WS] LIVE bid=81675.06 ask=81681.17
[16:12:28.197] [OK] [EXEC] BUY ORDER SENT orderId=382757738 price=81654.79 qty=0.061230
[16:12:28.201] [OK] [EXEC] PLACE BUY price=81654.79 qty=0.061230
[16:12:31.245] [WS] LIVE bid=81661.56 ask=81671.85
[16:12:32.203] [WARNING] [EXEC] BUY TIMEOUT orderId=382757738
[16:12:32.209] [WARNING] [EXEC] CANCEL BUY orderId=382757738
[16:12:32.473] [OK] [EXEC] BUY CANCELED confirmed
[16:12:32.747] [INFO] [EXEC] BUY FINAL STATUS status=CANCELED orderId=382757738
[16:12:32.753] [WARNING] [EXEC] BLOCK reason=buy_not_filled
[16:12:33.653] [OK] [EXEC] BUY ORDER SENT orderId=382758139 price=81668.01 qty=0.061220
[16:12:33.657] [OK] [EXEC] PLACE BUY price=81668.01 qty=0.061220
[16:12:34.724] [OK] [SYNC] order filled detected
[16:12:34.727] [OK] [SYNC] BUY filled on exchange
[16:12:36.181] [OK] [EXEC] PLACE SELL price=81685.56 qty=0.061220
[16:12:36.457] [OK] [EXEC] SELL ORDER SENT orderId=382758738
[16:12:37.307] [WS] LIVE bid=81670.68 ask=81688.64
[16:12:37.683] [OK] [EXEC] SELL FILLED id=382758738
[16:12:37.688] [OK] [EXEC] SELL FILLED qty=0.061220 remaining=0.000000
[16:12:37.689] [OK] [EXEC] REALIZED pnl=+1.074411
[16:12:39.875] [OK] [EXEC] BUY ORDER SENT orderId=382759043 price=81683.40 qty=0.061210
[16:12:39.880] [OK] [EXEC] PLACE BUY price=81683.40 qty=0.061210
[16:12:41.058] [WS] LIVE bid=81723.48 ask=81729.99
[16:12:41.460] [OK] [PLAN] HOT entry=81718.79 exit=81729.60 profit=0.661356 age=1557ms
[16:12:45.346] [WARNING] [EXEC] BUY TIMEOUT orderId=382759043
[16:12:45.351] [WARNING] [EXEC] CANCEL BUY orderId=382759043
[16:12:45.617] [OK] [EXEC] BUY CANCELED confirmed
[16:12:45.882] [INFO] [EXEC] BUY FINAL STATUS status=CANCELED orderId=382759043
[16:12:45.887] [WARNING] [EXEC] BLOCK reason=buy_not_filled
[16:12:46.995] [OK] [EXEC] BUY ORDER SENT orderId=382759823 price=81710.67 qty=0.061190
[16:12:46.999] [OK] [EXEC] PLACE BUY price=81710.67 qty=0.061190
[16:12:47.498] [WS] LIVE bid=81708.67 ask=81718.81
[16:12:48.380] [OK] [PLAN] HOT entry=81718.66 exit=81727.99 profit=0.570809 age=1385ms
[16:12:49.846] [OK] [PLAN] READY entry=81721.19 exit=81724.51 profit=0.203118 age=2847ms
[16:12:50.925] [OK] [SYNC] order filled detected
[16:12:50.928] [OK] [SYNC] BUY filled on exchange
[16:12:50.929] [OK] [EXEC] PLACE SELL price=81712.65 qty=0.061190
[16:12:51.195] [OK] [EXEC] SELL ORDER SENT orderId=382760235
[16:12:51.200] [OK] [PLAN] HOT entry=81702.01 exit=81712.65 profit=0.651062 age=4199ms
[16:12:51.705] [WS] LIVE bid=81700.01 ask=81712.65
[16:12:52.823] [OK] [SYNC] order filled detected
[16:12:52.825] [OK] [SYNC] SELL filled on exchange
[16:12:52.826] [OK] [EXEC] REALIZED pnl=+0.121156
[16:12:53.096] [OK] [EXEC] BUY ORDER SENT orderId=382760342 price=81702.00 qty=0.061190
[16:12:53.101] [OK] [EXEC] PLACE BUY price=81702.00 qty=0.061190
[16:12:56.732] [OK] [PLAN] READY entry=81706.22 exit=81709.33 profit=0.190301 age=1128ms
[16:12:57.809] [WS] LIVE bid=81704.22 ask=81710.81
[16:12:58.603] [WARNING] [EXEC] BUY TIMEOUT orderId=382760342
[16:12:58.607] [WARNING] [EXEC] CANCEL BUY orderId=382760342
[16:12:58.874] [OK] [EXEC] BUY CANCELED confirmed
[16:12:59.150] [INFO] [EXEC] BUY FINAL STATUS status=CANCELED orderId=382760342
[16:12:59.153] [WARNING] [EXEC] BLOCK reason=buy_not_filled
[16:12:59.885] [OK] [EXEC] BUY ORDER SENT orderId=382760879 price=81694.78 qty=0.061200
[16:12:59.890] [OK] [EXEC] PLACE BUY price=81694.78 qty=0.061200
[16:13:01.515] [WS] LIVE bid=81698.01 ask=81705.16
[16:13:02.544] [OK] [EXEC] BUY PARTIAL filled=0.061200 total=0.061200
[16:13:02.548] [OK] [EXEC] BUY REMAINING qty=0.000000
[16:13:02.550] [OK] [EXEC] POSITION qty=0.061200
[16:13:02.551] [OK] [EXEC] BUY FILLED id=382760879
[16:13:03.919] [OK] [EXEC] PLACE SELL price=81703.99 qty=0.061200
[16:13:04.211] [OK] [EXEC] SELL ORDER SENT orderId=382761244
[16:13:04.785] [OK] [SYNC] order filled detected
[16:13:04.787] [OK] [SYNC] SELL filled on exchange
[16:13:04.788] [OK] [EXEC] REALIZED pnl=+0.563652
[16:13:05.678] [OK] [EXEC] BUY ORDER SENT orderId=382761376 price=81700.00 qty=0.061190
[16:13:05.682] [OK] [EXEC] PLACE BUY price=81700.00 qty=0.061190
[16:13:05.685] [OK] [PLAN] HOT entry=81700.00 exit=81710.77 profit=0.659016 age=1459ms
[16:13:06.252] [OK] [SYNC] order filled detected
[16:13:06.255] [OK] [SYNC] BUY filled on exchange
[16:13:06.527] [WS] LIVE bid=81690.18 ask=81705.99
[16:13:06.860] [OK] [EXEC] PLACE SELL price=81703.99 qty=0.061190
[16:13:07.622] [OK] [EXEC] SELL ORDER SENT orderId=382761523
[16:13:07.628] [OK] [PLAN] READY entry=81700.01 exit=81703.99 profit=0.243536 age=2941ms
[16:13:08.852] [INFO] [EXEC] RECOVERY WAIT hard_sl_pending_recovery
[16:13:09.132] [OK] [PLAN] HOT entry=81678.21 exit=81688.17 profit=0.609652 age=4933ms
[16:13:10.319] [INFO] [EXEC] RECOVERY WAIT hard_sl_pending_recovery
[16:13:10.612] [WARNING] [EXEC] SELL TIMEOUT orderId=382761523
[16:13:10.616] [WARNING] [EXEC] CANCEL SELL orderId=382761523
[16:13:11.164] [INFO] [EXEC] SELL FINAL STATUS status=CANCELED orderId=382761523
[16:13:11.168] [INFO] [EXEC] SELL TIMEOUT check fast_exit
[16:13:11.170] [WARNING] [EXEC] FORCE EXIT hard_sl_triggered
[16:13:11.171] [ERROR] [EXEC] HARD SL triggered
[16:13:11.172] [WARNING] [EXEC] PANIC EXIT sl_mode
[16:13:11.174] [WARNING] [EXEC] FORCE EXIT price=81690.16
[16:13:11.175] [OK] [EXEC] PLACE SELL price=81690.16 qty=0.061190
[16:13:11.450] [WARNING] [EXEC] PANIC START price=81690.16
[16:13:11.454] [OK] [EXEC] SELL ORDER SENT orderId=382762040
[16:13:12.025] [WS] LIVE bid=81682.01 ask=81689.12
[16:13:14.471] [WARNING] [EXEC] PANIC WAIT still_open orderId=382762040
[16:13:14.476] [WARNING] [EXEC] PANIC HOLD active orderId=382762040
[16:13:15.532] [OK] [SYNC] order filled detected
[16:13:15.535] [OK] [SYNC] SELL filled on exchange
[16:13:15.536] [OK] [EXEC] REALIZED pnl=-0.602110
[16:13:15.835] [OK] [EXEC] BUY ORDER SENT orderId=382762283 price=81680.13 qty=0.061210
[16:13:15.840] [OK] [EXEC] PLACE BUY price=81680.13 qty=0.061210
[16:13:16.608] [WS] LIVE bid=81682.03 ask=81691.09
[16:13:20.651] [WARNING] [EXEC] BUY TIMEOUT orderId=382762283
[16:13:20.656] [WARNING] [EXEC] CANCEL BUY orderId=382762283
[16:13:20.937] [OK] [EXEC] BUY CANCELED confirmed
[16:13:21.202] [INFO] [EXEC] BUY FINAL STATUS status=CANCELED orderId=382762283
[16:13:21.207] [WARNING] [EXEC] BLOCK reason=buy_not_filled
[16:13:21.765] [OK] [EXEC] BUY ORDER SENT orderId=382762489 price=81684.02 qty=0.061210
[16:13:21.770] [OK] [EXEC] PLACE BUY price=81684.02 qty=0.061210
[16:13:21.773] [OK] [PLAN] HOT entry=81684.02 exit=81689.07 profit=0.309111 age=1117ms
[16:13:21.774] [WS] LIVE bid=81682.02 ask=81692.54
[16:13:26.149] [WARNING] [EXEC] BUY TIMEOUT orderId=382762489
[16:13:26.154] [WARNING] [EXEC] CANCEL BUY orderId=382762489
[16:13:26.438] [OK] [EXEC] BUY CANCELED confirmed
[16:13:26.738] [INFO] [EXEC] BUY FINAL STATUS status=CANCELED orderId=382762489
[16:13:26.742] [WARNING] [EXEC] BLOCK reason=buy_not_filled
[16:13:26.745] [OK] [PLAN] HOT entry=81705.38 exit=81710.10 profit=0.288817 age=2500ms
[16:13:27.545] [WS] LIVE bid=81694.29 ask=81712.77
[16:13:28.213] [OK] [EXEC] BUY ORDER SENT orderId=382762962 price=81701.45 qty=0.061190
[16:13:28.217] [OK] [EXEC] PLACE BUY price=81701.45 qty=0.061190
[16:13:28.225] [OK] [PLAN] READY entry=81701.45 exit=81704.46 profit=0.184182 age=4562ms
[16:13:29.084] [WARNING] cancel all requested
[16:13:29.884] [OK] [SYNC] order filled detected
[16:13:29.886] [OK] [SYNC] BUY filled on exchange
[16:13:29.887] [WARNING] STOP
[16:13:30.664] [WS] stale/lost
[16:13:34.937] [OK] [PLAN] HOT entry=81696.39 exit=81703.61 profit=0.441864 age=181ms
[16:13:38.377] [OK] [PLAN] HOT entry=81684.01 exit=81697.12 profit=0.802463 age=46ms
[16:13:41.503] [OK] [PLAN] READY entry=81707.68 exit=81710.78 profit=0.189689 age=446ms
[16:13:43.562] [OK] [PLAN] READY entry=81705.65 exit=81709.08 profit=0.209882 age=528ms
[16:13:44.737] [OK] [PLAN] HOT entry=81705.66 exit=81711.99 profit=0.387333 age=1699ms
[16:13:50.257] [OK] [PLAN] READY entry=81692.00 exit=81695.99 profit=0.244188 age=1005ms
[16:13:51.553] [OK] [PLAN] HOT entry=81684.01 exit=81690.41 profit=0.391744 age=2299ms
[16:13:52.223] [OK] [PLAN] READY entry=81700.45 exit=81704.83 profit=0.268012 age=2972ms
