[12:19:14.069] [OK] filters loaded
[12:19:17.486] [INFO] START_CLICK received enabled=True api_ready=True running=False
[12:19:17.487] [INFO] START_SETTINGS live_enabled=True guard_mode=FAST entry_mode=AGGRESSIVE exit_engine=True order_size=4000.0
[12:19:17.487] [INFO] START_PROFILE order_size=4000.0 min_spread=7.0 guard_mode=FAST entry_mode=AGGRESSIVE sell_timeout=2200 far_sell_ticks=30 taker_exit_after_ms=1600
[12:19:17.488] [INFO] SETTINGS_MERGE_PRESERVE existing_values=true missing_added=0
[12:19:17.981] [EXCHANGE] symbol=BTCU base=BTC quote=U status=TRADING permissions=[]
[12:19:17.987] [OK] START
[12:19:17.991] [OK] START_OK runtime_started
[12:19:18.343] [INFO] [EXEC] LIVE ON
[12:19:18.344] [INFO] [EXEC] WAIT READY
[12:19:19.135] [WS] primary url=wss://stream.binance.com:9443/ws/btcu@bookTicker
[12:19:19.135] [WS] connecting primary
[12:19:19.135] [WS] connected
[12:19:23.950] [WARNING] [HEALTH] block spread_too_young lifetime=0
[12:19:23.953] [WARNING] [HEALTH] unstable_spread lifetime=0
[12:19:23.956] [WARNING] [EXEC] BLOCK_BUY reason=spread_too_young mode=FAST ws_age=77 spread=7.21 stable=1/1 mid_delta=0.00 bid_delta=0.00
[12:19:29.341] [INFO] [HEALTH] state=GOOD
[12:19:29.890] [INFO] [EXEC] SELL ACCOUNTING RESET new_cycle
[12:19:29.893] [OK] [EXEC] BUY ORDER SENT orderId=385345359 price=80819.96 qty=0.049490
[12:19:29.896] [OK] [EXEC] PLACE BUY price=80819.96 qty=0.049490
[12:19:31.758] [INFO] [EXEC] BUY_WATCHDOG_SYNC orderId=385345359 status=NEW
[12:19:31.762] [WARNING] [EXEC] BUY_WATCHDOG_FAR_CANCEL orderId=385345359 price=80819.96 bid=80822.12 dist_ticks=215
[12:19:33.164] [INFO] [EXEC] SELL ACCOUNTING RESET new_cycle
[12:19:33.166] [OK] [EXEC] BUY ORDER SENT orderId=385345549 price=80819.01 qty=0.049490
[12:19:33.169] [OK] [EXEC] PLACE BUY price=80819.01 qty=0.049490
[12:19:34.689] [INFO] [EXEC] ENTRY_REPRICE reason=bid_moved_up old=80819.01 new=80821.18 count=1
[12:19:35.234] [OK] [EXEC] ENTRY_PLACE price=80821.18 qty=0.049490
[12:19:36.223] [INFO] [EXEC] BUY_WATCHDOG_SYNC orderId=385345608 status=NEW
[12:19:36.229] [WARNING] [EXEC] BUY TIMEOUT orderId=385345608
[12:19:36.233] [WARNING] [EXEC] CANCEL BUY orderId=385345608
[12:19:36.494] [OK] [EXEC] BUY CANCELED confirmed
[12:19:36.782] [INFO] [EXEC] BUY FINAL STATUS status=CANCELED orderId=385345608
[12:19:36.786] [WARNING] [EXEC] BLOCK reason=buy_not_filled
[12:19:39.974] [INFO] [HEALTH] state=GOOD
[12:19:40.290] [INFO] [EXEC] SELL ACCOUNTING RESET new_cycle
[12:19:40.290] [OK] [EXEC] BUY ORDER SENT orderId=385346149 price=80815.63 qty=0.049490
[12:19:40.307] [OK] [EXEC] PLACE BUY price=80815.63 qty=0.049490
[12:19:41.756] [INFO] [EXEC] BUY_WATCHDOG_SYNC orderId=385346149 status=NEW
[12:19:41.760] [WARNING] [EXEC] BUY TIMEOUT orderId=385346149
[12:19:41.763] [WARNING] [EXEC] CANCEL BUY orderId=385346149
[12:19:42.026] [OK] [EXEC] BUY CANCELED confirmed
[12:19:42.291] [INFO] [EXEC] BUY FINAL STATUS status=CANCELED orderId=385346149
[12:19:42.291] [WARNING] [EXEC] BLOCK reason=buy_not_filled
[12:19:42.310] [OK] [PLAN] HOT entry=80816.64 exit=80827.07 profit=0.516181 age=1520ms
[12:19:43.275] [INFO] [EXEC] SELL ACCOUNTING RESET new_cycle
[12:19:43.275] [OK] [EXEC] BUY ORDER SENT orderId=385346315 price=80819.01 qty=0.049490
[12:19:43.291] [OK] [EXEC] PLACE BUY price=80819.01 qty=0.049490
[12:19:43.845] [OK] [SYNC] order filled detected
[12:19:43.846] [OK] [SYNC] BUY filled on exchange
[12:19:43.847] [OK] [EXEC] BUY FILL UPDATE delta=0.049490 avg=80819.01
[12:19:43.849] [OK] [EXEC] CHUNK ADD qty=0.049490 entry=80819.01
[12:19:43.850] [INFO] [EXEC] CHUNK COUNT n=1
[12:19:43.851] [OK] [EXEC] INVENTORY qty=0.049490
[12:19:43.852] [OK] [EXEC] SELL REQUIRED inventory=0.049490
[12:19:44.556] [INFO] [EXEC] SELL CHECK inventory=0.049490 reported=0.000000 remaining=0.049480 chunks=1
[12:19:44.556] [INFO] [EXEC] PLACE_SELL_SOURCE source=plan price=80825.39
[12:19:44.556] [OK] [EXEC] PLACE SELL price=80825.39 qty=0.049480
[12:19:44.830] [OK] [EXEC] SELL ORDER SENT orderId=385346392
[12:19:45.393] [OK] [SYNC] order filled detected
[12:19:45.396] [OK] [SYNC] SELL filled on exchange
[12:19:45.396] [OK] [EXEC] FIFO CLOSE qty=0.049480 entry=80819.01 exit=80825.39 pnl=+0.315682
[12:19:45.397] [INFO] [EXEC] CHUNK DRAINED
[12:19:45.398] [OK] [EXEC] REALIZED pnl=+0.315682
[12:19:45.400] [INFO] [EXEC] SELL ACCOUNTING RESET flat
[12:19:45.400] [OK] [EXEC] CYCLE CLOSED pnl=+0.315682
[12:19:45.401] [INFO] [EXEC] SESSION realized=+0.315682 wins=1 losses=0
[12:19:45.510] [INFO] [HEALTH] state=GOOD
[12:19:46.269] [INFO] [EXEC] SELL ACCOUNTING RESET new_cycle
[12:19:46.273] [OK] [EXEC] BUY ORDER SENT orderId=385346504 price=80819.00 qty=0.049490
[12:19:46.275] [OK] [EXEC] PLACE BUY price=80819.00 qty=0.049490
[12:19:47.276] [INFO] [EXEC] ENTRY_REPRICE reason=wide_spread_cross old=80819.00 new=80821.20 count=1
[12:19:47.823] [OK] [EXEC] ENTRY_PLACE price=80821.20 qty=0.049490
[12:19:47.823] [OK] [PLAN] HOT entry=80822.18 exit=80830.03 profit=0.388497 age=1516ms
[12:19:48.823] [INFO] [EXEC] BUY_WATCHDOG_SYNC orderId=385346636 status=FILLED
[12:19:48.827] [OK] [SYNC] order filled detected
[12:19:48.828] [OK] [SYNC] BUY filled on exchange
[12:19:48.828] [OK] [EXEC] BUY FILL UPDATE delta=0.049490 avg=80821.19
[12:19:48.829] [OK] [EXEC] CHUNK ADD qty=0.049490 entry=80821.19
[12:19:48.830] [INFO] [EXEC] CHUNK COUNT n=1
[12:19:48.831] [OK] [EXEC] INVENTORY qty=0.049490
[12:19:48.832] [OK] [EXEC] SELL REQUIRED inventory=0.049490
[12:19:50.108] [INFO] [EXEC] SELL CHECK inventory=0.049490 reported=0.000000 remaining=0.049480 chunks=1
[12:19:50.124] [INFO] [EXEC] PLACE_SELL_SOURCE source=plan price=80821.21
[12:19:50.124] [OK] [EXEC] PLACE SELL price=80821.21 qty=0.049480
[12:19:50.385] [OK] [EXEC] SELL ORDER SENT orderId=385346820
[12:19:51.320] [INFO] [EXEC] SELL UPSIZE old=0.049480 new=0.049490
[12:19:51.323] [WARNING] [EXEC] SELL TIMEOUT orderId=385346820
[12:19:51.326] [WARNING] [EXEC] CANCEL SELL orderId=385346820
[12:19:51.856] [INFO] [EXEC] SELL FINAL STATUS status=CANCELED orderId=385346820
[12:19:51.859] [INFO] [EXEC] SELL TIMEOUT check fast_exit
[12:19:51.863] [WARNING] [EXEC] FORCE EXIT hard_sl_triggered
[12:19:51.863] [ERROR] [EXEC] HARD SL triggered
[12:19:51.868] [WARNING] [EXEC] PANIC EXIT sl_mode
[12:19:52.134] [WARNING] [EXEC] FORCE EXIT price=80819.00
[12:19:52.134] [INFO] [EXEC] PLACE_SELL_SOURCE source=panic price=80819.00
[12:19:52.134] [OK] [EXEC] PLACE SELL price=80819.00 qty=0.049480
[12:19:52.401] [WARNING] [EXEC] PANIC START price=80819.00
[12:19:52.416] [OK] [EXEC] SELL ORDER SENT orderId=385346917
[12:19:53.354] [INFO] [EXEC] SELL_WATCHDOG_SYNC orderId=385346917 status=NEW
[12:19:53.354] [INFO] [EXEC] SELL_UPSIZE_SKIPPED reason=exit_or_panic_active
[12:19:54.884] [INFO] [EXEC] SELL_WATCHDOG_SYNC orderId=385346917 status=NEW
[12:19:54.890] [WARNING] [EXEC] SELL_WATCHDOG_FAR_CANCEL orderId=385346917 price=80819.00 ask=80817.28 dist_ticks=172
[12:19:55.417] [INFO] [EXEC] SELL_FAR_CANCEL_FINAL_STATUS status=CANCELED
[12:19:56.975] [INFO] [EXEC] SELL CHECK inventory=0.049490 reported=0.000000 remaining=0.049480 chunks=1
[12:19:56.975] [INFO] [EXEC] SELL_REPRICE_FRESH_APPLIED old=80819.00 new=80818.28 ask=80818.31 bid=80812.25
[12:19:56.979] [INFO] [EXEC] SELL_REPRICE_VALIDATION old=80819.00 new=80818.28 ask=80818.31 dist_ticks=2 source=fresh_snapshot
[12:19:56.980] [WARNING] [EXEC] SELL_FLOOR_BLOCKED price=80818.28 floor=80821.20 entry=80821.19 reason=below_min_profit source=fresh_after_far_cancel
[12:19:56.981] [INFO] [EXEC] PLACE_SELL_SOURCE source=fresh_after_far_cancel price=80821.20
[12:19:56.982] [OK] [EXEC] PLACE SELL price=80821.20 qty=0.049480
[12:19:57.243] [OK] [EXEC] SELL ORDER SENT orderId=385347134
[12:19:59.259] [INFO] [EXEC] SELL_WATCHDOG_SYNC orderId=385347134 status=NEW
[12:19:59.259] [INFO] [EXEC] SELL_WATCHDOG_FAR_IGNORE orderId=385347134 reason=protected_sell dist_ticks=555
[12:20:01.306] [INFO] [EXEC] SELL_WATCHDOG_SYNC orderId=385347134 status=NEW
[12:20:03.068] [WARNING] [EXEC] SELL_QTY_CLAMP inventory=0.049490 free=0.000027 final=0.000027
[12:20:03.323] [INFO] [EXEC] SELL_WATCHDOG_SYNC orderId=385347134 status=NEW
[12:20:04.388] [INFO] [EXEC] SELL_WATCHDOG_FAR_IGNORE orderId=385347134 reason=protected_sell dist_ticks=1120
[12:20:05.400] [INFO] [EXEC] SELL_WATCHDOG_SYNC orderId=385347134 status=NEW
[12:20:06.145] [WARNING] [EXEC] SELL_QTY_CLAMP inventory=0.049490 free=0.000027 final=0.000027
[12:20:06.408] [INFO] [EXEC] SELL_WATCHDOG_SYNC orderId=385347134 status=NEW
[12:20:09.385] [WARNING] [EXEC] SELL_QTY_CLAMP inventory=0.049490 free=0.000027 final=0.000027
[12:20:09.651] [INFO] [EXEC] SELL_WATCHDOG_SYNC orderId=385347134 status=FILLED
[12:20:09.666] [OK] [EXEC] FIFO CLOSE qty=0.049480 entry=80821.19 exit=80821.20 pnl=+0.000495
[12:20:09.666] [INFO] [EXEC] CHUNK DRAINED
[12:20:09.666] [OK] [EXEC] REALIZED pnl=+0.000495
[12:20:09.666] [INFO] [EXEC] SELL ACCOUNTING RESET flat
[12:20:09.666] [OK] [EXEC] CYCLE CLOSED pnl=+0.000495
[12:20:09.666] [INFO] [EXEC] SESSION realized=+0.316177 wins=2 losses=0
[12:20:09.666] [OK] [EXEC] SELL FILLED id=385347134
[12:20:09.666] [OK] [EXEC] SELL FILLED qty=0.049480 remaining=0.000000
[12:20:09.666] [INFO] [EXEC] SELL ACCOUNTING RESET inventory_drained
[12:20:09.682] [INFO] [EXEC] INVENTORY DRAINED epsilon_cleanup qty=0.000000
[12:20:09.683] [INFO] [EXEC] SELL ACCOUNTING RESET flat
[12:20:09.684] [INFO] [EXEC] CYCLE SKIP no_fifo_pnl
[12:20:10.900] [INFO] [HEALTH] state=GOOD
[12:20:11.182] [INFO] [EXEC] SELL ACCOUNTING RESET new_cycle
[12:20:11.201] [OK] [EXEC] BUY ORDER SENT orderId=385347761 price=80814.45 qty=0.049490
[12:20:11.204] [OK] [EXEC] PLACE BUY price=80814.45 qty=0.049490
[12:20:12.199] [INFO] [EXEC] ENTRY_REPRICE reason=wide_spread_cross old=80814.45 new=80815.52 count=1
[12:20:12.728] [OK] [EXEC] ENTRY_PLACE price=80815.52 qty=0.049490
[12:20:14.510] [INFO] [EXEC] BUY_WATCHDOG_SYNC orderId=385347849 status=NEW
[12:20:14.510] [WARNING] [EXEC] BUY TIMEOUT orderId=385347849
[12:20:14.510] [WARNING] [EXEC] CANCEL BUY orderId=385347849
[12:20:14.785] [OK] [EXEC] BUY CANCELED confirmed
[12:20:15.101] [INFO] [EXEC] BUY FINAL STATUS status=CANCELED orderId=385347849
[12:20:15.105] [WARNING] [EXEC] BLOCK reason=buy_not_filled
[12:20:21.887] [INFO] [HEALTH] state=GOOD
[12:20:22.152] [INFO] [EXEC] SELL ACCOUNTING RESET new_cycle
[12:20:22.156] [OK] [EXEC] BUY ORDER SENT orderId=385348188 price=80813.29 qty=0.049490
[12:20:22.157] [OK] [EXEC] PLACE BUY price=80813.29 qty=0.049490
[12:20:23.166] [INFO] [EXEC] ENTRY_REPRICE reason=bid_moved_up old=80813.29 new=80815.08 count=1
[12:20:23.697] [OK] [EXEC] ENTRY_PLACE price=80815.08 qty=0.049490
[12:20:24.239] [OK] [SYNC] order filled detected
[12:20:24.242] [OK] [SYNC] BUY filled on exchange
[12:20:24.243] [OK] [EXEC] BUY FILL UPDATE delta=0.049490 avg=80815.08
[12:20:24.243] [OK] [EXEC] CHUNK ADD qty=0.049490 entry=80815.08
[12:20:24.243] [INFO] [EXEC] CHUNK COUNT n=1
[12:20:24.243] [OK] [EXEC] INVENTORY qty=0.049490
[12:20:24.243] [OK] [EXEC] SELL REQUIRED inventory=0.049490
[12:20:24.447] [WARNING] [EXEC] SELL_QTY_CLAMP inventory=0.049490 free=0.000027 final=0.000027
[12:20:24.994] [INFO] [EXEC] SELL CHECK inventory=0.049490 reported=0.000000 remaining=0.049480 chunks=1
[12:20:24.994] [INFO] [EXEC] PLACE_SELL_SOURCE source=plan price=80816.01
[12:20:24.994] [OK] [EXEC] PLACE SELL price=80816.01 qty=0.049480
[12:20:25.276] [OK] [EXEC] SELL ORDER SENT orderId=385348388
[12:20:27.011] [INFO] [EXEC] SELL UPSIZE old=0.049480 new=0.049490
[12:20:27.015] [WARNING] [EXEC] SELL TIMEOUT orderId=385348388
[12:20:27.018] [WARNING] [EXEC] CANCEL SELL orderId=385348388
[12:20:27.541] [INFO] [EXEC] SELL FINAL STATUS status=CANCELED orderId=385348388
[12:20:27.558] [INFO] [EXEC] SELL TIMEOUT check fast_exit
[12:20:27.560] [WARNING] [EXEC] FORCE EXIT hard_sl_triggered
[12:20:27.563] [ERROR] [EXEC] HARD SL triggered
[12:20:27.564] [WARNING] [EXEC] PANIC EXIT sl_mode
[12:20:27.832] [WARNING] [EXEC] FORCE EXIT price=80815.99
[12:20:27.836] [INFO] [EXEC] PLACE_SELL_SOURCE source=panic price=80815.99
[12:20:27.838] [OK] [EXEC] PLACE SELL price=80815.99 qty=0.049480
[12:20:28.095] [WARNING] [EXEC] PANIC START price=80815.99
[12:20:28.095] [OK] [EXEC] SELL ORDER SENT orderId=385348536
[12:20:29.008] [INFO] [EXEC] SELL_WATCHDOG_SYNC orderId=385348536 status=NEW
[12:20:29.024] [INFO] [EXEC] SELL_UPSIZE_SKIPPED reason=exit_or_panic_active
[12:20:30.036] [INFO] [EXEC] SELL_WATCHDOG_SYNC orderId=385348536 status=NEW
[12:20:32.806] [WARNING] [EXEC] SELL_WATCHDOG_FAR_CANCEL orderId=385348536 price=80815.99 ask=80811.45 dist_ticks=454
[12:20:33.386] [INFO] [EXEC] SELL_FAR_CANCEL_FINAL_STATUS status=CANCELED
[12:20:34.350] [INFO] [EXEC] SELL CHECK inventory=0.049490 reported=0.000000 remaining=0.049480 chunks=1
[12:20:34.350] [INFO] [EXEC] SELL_REPRICE_FRESH_APPLIED old=80815.99 new=80815.26 ask=80815.29 bid=80809.67
[12:20:34.350] [INFO] [EXEC] SELL_REPRICE_VALIDATION old=80815.99 new=80815.26 ask=80815.29 dist_ticks=2 source=fresh_snapshot
[12:20:34.355] [INFO] [EXEC] PLACE_SELL_SOURCE source=fresh_after_far_cancel price=80815.26
[12:20:34.356] [OK] [EXEC] PLACE SELL price=80815.26 qty=0.049480
[12:20:34.621] [OK] [EXEC] SELL ORDER SENT orderId=385348735
[12:20:36.571] [INFO] [EXEC] SELL_WATCHDOG_SYNC orderId=385348735 status=NEW
[12:20:36.575] [WARNING] [EXEC] SELL_WATCHDOG_FAR_CANCEL orderId=385348735 price=80815.26 ask=80810.12 dist_ticks=513
[12:20:37.148] [INFO] [EXEC] SELL_FAR_CANCEL_FINAL_STATUS status=CANCELED
[12:20:38.630] [INFO] [EXEC] SELL CHECK inventory=0.049490 reported=0.000000 remaining=0.049480 chunks=1
[12:20:38.634] [INFO] [EXEC] SELL_REPRICE_FRESH_APPLIED old=80815.26 new=80807.31 ask=80807.33 bid=80802.00
[12:20:38.636] [INFO] [EXEC] SELL_REPRICE_VALIDATION old=80815.26 new=80807.31 ask=80807.33 dist_ticks=2 source=fresh_snapshot
[12:20:38.638] [WARNING] [EXEC] SELL_FLOOR_BLOCKED price=80807.31 floor=80815.09 entry=80815.08 reason=below_min_profit source=fresh_after_far_cancel
[12:20:38.640] [INFO] [EXEC] PLACE_SELL_SOURCE source=fresh_after_far_cancel price=80815.09
[12:20:38.641] [OK] [EXEC] PLACE SELL price=80815.09 qty=0.049480
[12:20:38.907] [OK] [EXEC] SELL ORDER SENT orderId=385348890
[12:20:41.205] [INFO] [EXEC] SELL_WATCHDOG_SYNC orderId=385348890 status=NEW
[12:20:41.208] [INFO] [EXEC] SELL_WATCHDOG_FAR_IGNORE orderId=385348890 reason=protected_sell dist_ticks=877
[12:20:43.226] [INFO] [EXEC] SELL_WATCHDOG_SYNC orderId=385348890 status=NEW
[12:20:48.036] [INFO] [EXEC] SELL_WATCHDOG_FAR_IGNORE orderId=385348890 reason=protected_sell dist_ticks=641
[12:20:49.051] [INFO] [EXEC] SELL_WATCHDOG_SYNC orderId=385348890 status=NEW
[12:20:54.054] [INFO] [EXEC] SELL_WATCHDOG_FAR_IGNORE orderId=385348890 reason=protected_sell dist_ticks=819
[12:20:55.831] [INFO] [EXEC] SELL_WATCHDOG_SYNC orderId=385348890 status=NEW
[12:21:00.382] [INFO] [EXEC] SELL_WATCHDOG_FAR_IGNORE orderId=385348890 reason=protected_sell dist_ticks=1200
[12:21:01.658] [INFO] [EXEC] SELL_WATCHDOG_SYNC orderId=385348890 status=NEW
[12:21:06.251] [INFO] [EXEC] SELL_WATCHDOG_FAR_IGNORE orderId=385348890 reason=protected_sell dist_ticks=1073
[12:21:07.910] [INFO] [EXEC] SELL_WATCHDOG_SYNC orderId=385348890 status=NEW
[12:21:11.836] [INFO] [EXEC] SELL_WATCHDOG_FAR_IGNORE orderId=385348890 reason=protected_sell dist_ticks=955
[12:21:12.835] [INFO] [EXEC] SELL_WATCHDOG_SYNC orderId=385348890 status=NEW
[12:21:17.687] [INFO] [EXEC] SELL_WATCHDOG_FAR_IGNORE orderId=385348890 reason=protected_sell dist_ticks=1008
[12:21:18.457] [OK] [SYNC] order filled detected
[12:21:18.459] [OK] [SYNC] SELL filled on exchange
[12:21:18.460] [OK] [EXEC] FIFO CLOSE qty=0.049480 entry=80815.08 exit=80815.09 pnl=+0.000495
[12:21:18.463] [INFO] [EXEC] CHUNK DRAINED
[12:21:18.465] [OK] [EXEC] REALIZED pnl=+0.000495
[12:21:18.467] [INFO] [EXEC] SELL ACCOUNTING RESET flat
[12:21:18.468] [OK] [EXEC] CYCLE CLOSED pnl=+0.000495
[12:21:18.469] [INFO] [EXEC] SESSION realized=+0.316672 wins=3 losses=0
[12:21:18.471] [INFO] [HEALTH] state=GOOD
[12:21:19.224] [INFO] [EXEC] SELL ACCOUNTING RESET new_cycle
[12:21:19.227] [OK] [EXEC] BUY ORDER SENT orderId=385350040 price=80800.29 qty=0.049500
[12:21:19.229] [OK] [EXEC] PLACE BUY price=80800.29 qty=0.049500
[12:21:20.540] [INFO] [EXEC] ENTRY_REPRICE reason=wide_spread_cross old=80800.29 new=80806.98 count=1
[12:21:21.110] [OK] [EXEC] ENTRY_PLACE price=80806.98 qty=0.049500
[12:21:21.117] [OK] [PLAN] HOT entry=80807.96 exit=80817.49 profit=0.471735 age=1781ms
[12:21:22.039] [INFO] [EXEC] BUY_WATCHDOG_SYNC orderId=385350137 status=NEW
[12:21:22.044] [WARNING] [EXEC] BUY_WATCHDOG_FAR_CANCEL orderId=385350137 price=80806.98 bid=80812.03 dist_ticks=505
[12:21:28.982] [INFO] [HEALTH] state=GOOD
[12:21:29.260] [INFO] [EXEC] SELL ACCOUNTING RESET new_cycle
[12:21:29.264] [OK] [EXEC] BUY ORDER SENT orderId=385350434 price=80811.01 qty=0.049490
[12:21:29.266] [OK] [EXEC] PLACE BUY price=80811.01 qty=0.049490
[12:21:30.256] [INFO] [EXEC] ENTRY_REPRICE reason=wide_spread_cross old=80811.01 new=80811.63 count=1
[12:21:30.799] [OK] [EXEC] ENTRY_PLACE price=80811.63 qty=0.049490
[12:21:32.578] [INFO] [EXEC] BUY_WATCHDOG_SYNC orderId=385350457 status=PARTIALLY_FILLED
[12:21:32.581] [OK] [EXEC] BUY FILL UPDATE delta=0.042930 avg=80811.62
[12:21:32.584] [OK] [EXEC] CHUNK ADD qty=0.042930 entry=80811.62
[12:21:32.586] [INFO] [EXEC] CHUNK COUNT n=1
[12:21:32.587] [OK] [EXEC] INVENTORY qty=0.042930
[12:21:32.587] [OK] [EXEC] SELL REQUIRED inventory=0.042930
[12:21:32.588] [OK] [EXEC] BUY PARTIAL delta=0.042930 total=0.042930
[12:21:32.589] [OK] [EXEC] BUY REMAINING qty=0.006560
[12:21:32.590] [WARNING] [EXEC] BUY TIMEOUT orderId=385350457
[12:21:32.591] [WARNING] [EXEC] CANCEL BUY orderId=385350457
[12:21:32.881] [OK] [EXEC] BUY CANCELED confirmed
[12:21:33.144] [INFO] [EXEC] BUY FINAL STATUS status=CANCELED orderId=385350457
[12:21:33.147] [WARNING] [EXEC] BUY REMAINDER CANCELLED
[12:21:33.151] [INFO] [EXEC] SELL CONTINUES inventory=0.042930
[12:21:34.102] [INFO] [EXEC] SELL CHECK inventory=0.042930 reported=0.000000 remaining=0.042930 chunks=1
[12:21:34.105] [INFO] [EXEC] PLACE_SELL_SOURCE source=plan price=80816.95
[12:21:34.107] [OK] [EXEC] PLACE SELL price=80816.95 qty=0.042930
[12:21:34.411] [OK] [EXEC] SELL ORDER SENT orderId=385350526
[12:21:36.107] [OK] [SYNC] order filled detected
[12:21:36.110] [OK] [SYNC] SELL filled on exchange
[12:21:36.110] [OK] [EXEC] FIFO CLOSE qty=0.042930 entry=80811.62 exit=80816.95 pnl=+0.228817
[12:21:36.111] [INFO] [EXEC] CHUNK DRAINED
[12:21:36.112] [OK] [EXEC] REALIZED pnl=+0.228817
[12:21:36.113] [INFO] [EXEC] SELL ACCOUNTING RESET flat
[12:21:36.114] [OK] [EXEC] CYCLE CLOSED pnl=+0.228817
[12:21:36.115] [INFO] [EXEC] SESSION realized=+0.545489 wins=4 losses=0
[12:21:38.060] [INFO] [HEALTH] state=GOOD
[12:21:38.340] [INFO] [EXEC] SELL ACCOUNTING RESET new_cycle
[12:21:38.346] [OK] [EXEC] BUY ORDER SENT orderId=385350686 price=80818.08 qty=0.049490
[12:21:38.348] [OK] [EXEC] PLACE BUY price=80818.08 qty=0.049490
[12:21:39.329] [INFO] [EXEC] ENTRY_REPRICE reason=wide_spread_cross old=80818.08 new=80818.11 count=1
[12:21:39.885] [OK] [EXEC] ENTRY_PLACE price=80818.11 qty=0.049490
[12:21:40.861] [INFO] [EXEC] BUY_WATCHDOG_SYNC orderId=385350741 status=NEW
[12:21:40.865] [WARNING] [EXEC] BUY TIMEOUT orderId=385350741
[12:21:40.866] [WARNING] [EXEC] CANCEL BUY orderId=385350741
[12:21:41.157] [OK] [EXEC] BUY CANCELED confirmed
[12:21:41.429] [INFO] [EXEC] BUY FINAL STATUS status=CANCELED orderId=385350741
[12:21:41.432] [WARNING] [EXEC] BLOCK reason=buy_not_filled
[12:21:42.621] [INFO] [EXEC] SELL ACCOUNTING RESET new_cycle
[12:21:42.625] [OK] [EXEC] BUY ORDER SENT orderId=385350780 price=80817.15 qty=0.049490
[12:21:42.628] [OK] [EXEC] PLACE BUY price=80817.15 qty=0.049490
[12:21:43.885] [INFO] [EXEC] ENTRY_REPRICE reason=wide_spread_cross old=80817.15 new=80817.52 count=1
[12:21:44.426] [OK] [EXEC] ENTRY_PLACE price=80817.52 qty=0.049490
[12:21:44.434] [OK] [PLAN] HOT entry=80818.50 exit=80824.06 profit=0.275164 age=1269ms
[12:21:45.450] [INFO] [EXEC] BUY_WATCHDOG_SYNC orderId=385350809 status=NEW
[12:21:45.452] [WARNING] [EXEC] BUY TIMEOUT orderId=385350809
[12:21:45.454] [WARNING] [EXEC] CANCEL BUY orderId=385350809
[12:21:45.737] [OK] [EXEC] BUY CANCELED confirmed
[12:21:46.010] [INFO] [EXEC] BUY FINAL STATUS status=CANCELED orderId=385350809
[12:21:46.013] [WARNING] [EXEC] BLOCK reason=buy_not_filled
[12:21:47.967] [INFO] [HEALTH] state=GOOD
[12:21:48.266] [INFO] [EXEC] SELL ACCOUNTING RESET new_cycle
[12:21:48.272] [OK] [EXEC] BUY ORDER SENT orderId=385350864 price=80817.49 qty=0.049490
[12:21:48.274] [OK] [EXEC] PLACE BUY price=80817.49 qty=0.049490
[12:21:49.452] [INFO] [EXEC] ENTRY_REPRICE reason=wide_spread_cross old=80817.49 new=80827.00 count=1
[12:21:50.015] [OK] [EXEC] ENTRY_PLACE price=80827.00 qty=0.049490
[12:21:50.019] [OK] [PLAN] HOT entry=80827.98 exit=80833.50 profit=0.273130 age=1219ms
[12:21:52.491] [INFO] [EXEC] BUY_WATCHDOG_SYNC orderId=385351071 status=NEW
[12:21:52.492] [WARNING] [EXEC] BUY_WATCHDOG_FAR_CANCEL orderId=385351071 price=80827.00 bid=80831.83 dist_ticks=483
[12:21:53.766] [INFO] [HEALTH] state=GOOD
[12:21:54.048] [INFO] [EXEC] SELL ACCOUNTING RESET new_cycle
[12:21:54.052] [OK] [EXEC] BUY ORDER SENT orderId=385351365 price=80841.24 qty=0.049470
[12:21:54.055] [OK] [EXEC] PLACE BUY price=80841.24 qty=0.049470
[12:21:55.074] [INFO] [EXEC] ENTRY_REPRICE reason=wide_spread_cross old=80841.24 new=80841.54 count=1
[12:21:55.618] [OK] [EXEC] ENTRY_PLACE price=80841.54 qty=0.049470
[12:21:57.310] [INFO] [EXEC] BUY_WATCHDOG_SYNC orderId=385351409 status=NEW
[12:21:57.314] [WARNING] [EXEC] BUY TIMEOUT orderId=385351409
[12:21:57.315] [WARNING] [EXEC] CANCEL BUY orderId=385351409
[12:21:57.587] [OK] [EXEC] BUY CANCELED confirmed
[12:21:57.882] [INFO] [EXEC] BUY FINAL STATUS status=CANCELED orderId=385351409
[12:21:57.886] [WARNING] [EXEC] BLOCK reason=buy_not_filled
[12:21:58.832] [INFO] [HEALTH] state=GOOD
[12:21:59.110] [INFO] [EXEC] SELL ACCOUNTING RESET new_cycle
[12:21:59.113] [OK] [EXEC] BUY ORDER SENT orderId=385351541 price=80840.98 qty=0.049470
[12:21:59.115] [OK] [EXEC] PLACE BUY price=80840.98 qty=0.049470
[12:22:00.149] [INFO] [EXEC] ENTRY_REPRICE reason=wide_spread_cross old=80840.98 new=80841.01 count=1
[12:22:00.709] [OK] [EXEC] ENTRY_PLACE price=80841.01 qty=0.049470
[12:22:00.716] [OK] [PLAN] HOT entry=80841.99 exit=80848.21 profit=0.307703 age=1022ms
[12:22:01.279] [OK] [SYNC] order filled detected
[12:22:01.281] [OK] [SYNC] BUY filled on exchange
[12:22:01.282] [OK] [EXEC] BUY FILL UPDATE delta=0.049470 avg=80841.01
[12:22:01.283] [OK] [EXEC] CHUNK ADD qty=0.049470 entry=80841.01
[12:22:01.285] [INFO] [EXEC] CHUNK COUNT n=1
[12:22:01.286] [OK] [EXEC] INVENTORY qty=0.049470
[12:22:01.287] [OK] [EXEC] SELL REQUIRED inventory=0.049470
[12:22:02.157] [INFO] [EXEC] SELL CHECK inventory=0.049470 reported=0.000000 remaining=0.049470 chunks=1
[12:22:02.159] [INFO] [EXEC] PLACE_SELL_SOURCE source=plan price=80849.49
[12:22:02.160] [OK] [EXEC] PLACE SELL price=80849.49 qty=0.049470
[12:22:02.436] [OK] [EXEC] SELL ORDER SENT orderId=385351741
[12:22:03.003] [OK] [SYNC] order filled detected
[12:22:03.005] [OK] [SYNC] SELL filled on exchange
[12:22:03.005] [OK] [EXEC] FIFO CLOSE qty=0.049470 entry=80841.01 exit=80849.49 pnl=+0.419506
[12:22:03.008] [INFO] [EXEC] CHUNK DRAINED
[12:22:03.011] [OK] [EXEC] REALIZED pnl=+0.419506
[12:22:03.013] [INFO] [EXEC] SELL ACCOUNTING RESET flat
[12:22:03.015] [OK] [EXEC] CYCLE CLOSED pnl=+0.419506
[12:22:03.016] [INFO] [EXEC] SESSION realized=+0.964994 wins=5 losses=0
[12:22:03.882] [INFO] [EXEC] SELL ACCOUNTING RESET new_cycle
[12:22:03.886] [OK] [EXEC] BUY ORDER SENT orderId=385351842 price=80842.60 qty=0.049470
[12:22:03.887] [OK] [EXEC] PLACE BUY price=80842.60 qty=0.049470
[12:22:04.888] [INFO] [EXEC] ENTRY_REPRICE reason=wide_spread_cross old=80842.60 new=80844.97 count=1
[12:22:05.442] [OK] [EXEC] ENTRY_PLACE price=80844.97 qty=0.049470
[12:22:05.446] [OK] [PLAN] HOT entry=80845.95 exit=80851.88 profit=0.293357 age=1004ms
[12:22:06.383] [INFO] [EXEC] BUY_WATCHDOG_SYNC orderId=385351919 status=NEW
[12:22:06.387] [WARNING] [EXEC] BUY_WATCHDOG_FAR_CANCEL orderId=385351919 price=80844.97 bid=80845.99 dist_ticks=102
[12:22:11.909] [INFO] [HEALTH] state=GOOD
[12:22:12.177] [INFO] [EXEC] SELL ACCOUNTING RESET new_cycle
[12:22:12.182] [OK] [EXEC] BUY ORDER SENT orderId=385352176 price=80835.84 qty=0.049480
[12:22:12.185] [OK] [EXEC] PLACE BUY price=80835.84 qty=0.049480
[12:22:13.452] [OK] [EXEC] BUY FILL UPDATE delta=0.049480 avg=80835.84
[12:22:13.456] [OK] [EXEC] CHUNK ADD qty=0.049480 entry=80835.84
[12:22:13.457] [INFO] [EXEC] CHUNK COUNT n=1
[12:22:13.459] [OK] [EXEC] INVENTORY qty=0.049480
[12:22:13.460] [OK] [EXEC] SELL REQUIRED inventory=0.049480
[12:22:13.461] [OK] [EXEC] BUY PARTIAL delta=0.049480 total=0.049480
[12:22:13.462] [OK] [EXEC] BUY REMAINING qty=0.000000
[12:22:13.463] [OK] [EXEC] BUY FILLED id=385352176
[12:22:13.466] [OK] [PLAN] HOT entry=80826.29 exit=80842.85 profit=0.819389 age=1248ms
[12:22:13.995] [OK] [SYNC] order filled detected
[12:22:13.998] [OK] [SYNC] BUY filled on exchange
[12:22:14.728] [INFO] [EXEC] SELL CHECK inventory=0.049480 reported=0.000000 remaining=0.049480 chunks=1
[12:22:14.731] [INFO] [EXEC] PLACE_SELL_SOURCE source=plan price=80835.86
[12:22:14.732] [OK] [EXEC] PLACE SELL price=80835.86 qty=0.049480
[12:22:15.006] [OK] [EXEC] SELL ORDER SENT orderId=385352460
[12:22:16.953] [INFO] [EXEC] SELL_WATCHDOG_SYNC orderId=385352460 status=NEW
[12:22:16.956] [WARNING] [EXEC] SELL_WATCHDOG_FAR_CANCEL orderId=385352460 price=80835.86 ask=80828.82 dist_ticks=703
[12:22:17.500] [INFO] [EXEC] SELL_FAR_CANCEL_FINAL_STATUS status=CANCELED
[12:22:18.539] [INFO] [EXEC] SELL CHECK inventory=0.049480 reported=0.000000 remaining=0.049480 chunks=1
[12:22:18.542] [INFO] [EXEC] SELL_REPRICE_FRESH_APPLIED old=80835.86 new=80836.33 ask=80836.35 bid=80822.96
[12:22:18.543] [INFO] [EXEC] SELL_REPRICE_VALIDATION old=80835.86 new=80836.33 ask=80836.35 dist_ticks=2 source=fresh_snapshot
[12:22:18.545] [INFO] [EXEC] PLACE_SELL_SOURCE source=fresh_after_far_cancel price=80836.33
[12:22:18.546] [OK] [EXEC] PLACE SELL price=80836.33 qty=0.049480
[12:22:18.831] [OK] [EXEC] SELL ORDER SENT orderId=385352756
[12:22:20.613] [WARNING] [EXEC] TAKER_EXIT_TRIGGER reason=timeout_after_ms age=1771 qty=0.049480
[12:22:20.617] [WARNING] [EXEC] TAKER_EXIT_CANCEL_MAKER orderId=385352756
[12:22:21.433] [INFO] [EXEC] PLACE_SELL_SOURCE source=taker price=80817.97
[12:22:21.733] [WARNING] [EXEC] TAKER_EXIT_ORDER_SENT id=385352872 price=80817.97 qty=0.049480
[12:22:22.332] [WARNING] [SYNC] desync fixed
[12:22:22.336] [INFO] [EXEC] EXIT RECOVERY inventory_no_sell qty=0.049480
[12:22:22.337] [WARNING] [EXEC] SELL_PENDING_WITHOUT_ORDER_FIXED
[12:22:22.930] [INFO] [EXEC] SELL CHECK inventory=0.049480 reported=0.000000 remaining=0.049480 chunks=1
[12:22:22.933] [INFO] [EXEC] PLACE_SELL_SOURCE source=plan price=80835.86
[12:22:22.934] [OK] [EXEC] PLACE SELL price=80835.86 qty=0.049480
[12:22:23.209] [OK] [EXEC] SELL ORDER SENT orderId=385352927
[12:22:25.161] [INFO] [EXEC] SELL_WATCHDOG_SYNC orderId=385352927 status=NEW
[12:22:25.165] [WARNING] [EXEC] SELL_WATCHDOG_FAR_CANCEL orderId=385352927 price=80835.86 ask=80816.69 dist_ticks=1916
[12:22:25.718] [INFO] [EXEC] SELL_FAR_CANCEL_FINAL_STATUS status=CANCELED
[12:22:26.641] [INFO] [EXEC] SELL CHECK inventory=0.049480 reported=0.000000 remaining=0.049480 chunks=1
[12:22:26.643] [INFO] [EXEC] SELL_REPRICE_FRESH_APPLIED old=80835.86 new=80810.99 ask=80811.00 bid=80804.52
[12:22:26.644] [INFO] [EXEC] SELL_REPRICE_VALIDATION old=80835.86 new=80810.99 ask=80811.00 dist_ticks=0 source=fresh_snapshot
[12:22:26.645] [WARNING] [EXEC] SELL_FLOOR_BLOCKED price=80810.99 floor=80835.85 entry=80835.84 reason=below_min_profit source=fresh_after_far_cancel
[12:22:26.646] [INFO] [EXEC] PLACE_SELL_SOURCE source=fresh_after_far_cancel price=80835.85
[12:22:26.647] [OK] [EXEC] PLACE SELL price=80835.85 qty=0.049480
[12:22:26.918] [WARNING] [EXEC] SELL_HOLD_RECOVERY_START orderId=385353153 entry=80835.84 floor=80835.85 ask=80811.00
[12:22:26.922] [OK] [EXEC] SELL ORDER SENT orderId=385353153
[12:22:29.389] [INFO] [EXEC] SELL_WATCHDOG_SYNC orderId=385353153 status=NEW
[12:22:29.392] [INFO] [EXEC] SELL_WATCHDOG_FAR_IGNORE orderId=385353153 reason=protected_sell dist_ticks=2535
[12:22:30.369] [WARNING] [EXEC] EXIT_FAIL reason=taker_force_flat_failed force_exit
[12:22:30.373] [WARNING] [EXEC] CANCEL SELL orderId=385353153 reason=taker_force_flat_failed
[12:22:30.935] [WARNING] [EXEC] PANIC EXIT taker_force_flat_failed
[12:22:31.213] [WARNING] [EXEC] FORCE EXIT price=80810.12
[12:22:31.217] [INFO] [EXEC] PLACE_SELL_SOURCE source=panic price=80810.12
[12:22:31.219] [OK] [EXEC] PLACE SELL price=80810.12 qty=0.049480
[12:22:31.497] [WARNING] [EXEC] PANIC START price=80810.12
[12:22:31.501] [OK] [EXEC] SELL ORDER SENT orderId=385353324
[12:22:33.263] [INFO] [EXEC] SELL_WATCHDOG_SYNC orderId=385353324 status=NEW
[12:22:33.267] [WARNING] [EXEC] SELL_WATCHDOG_FAR_CANCEL orderId=385353324 price=80810.12 ask=80805.90 dist_ticks=422
[12:22:33.882] [INFO] [EXEC] SELL_FAR_CANCEL_FINAL_STATUS status=CANCELED
[12:22:34.816] [INFO] [EXEC] SELL CHECK inventory=0.049480 reported=0.000000 remaining=0.049480 chunks=1
[12:22:34.819] [INFO] [EXEC] SELL_REPRICE_FRESH_APPLIED old=80810.12 new=80801.99 ask=80802.00 bid=80800.23
[12:22:34.821] [INFO] [EXEC] SELL_REPRICE_VALIDATION old=80810.12 new=80801.99 ask=80802.00 dist_ticks=0 source=fresh_snapshot
[12:22:34.823] [WARNING] [EXEC] SELL_FLOOR_BLOCKED price=80801.99 floor=80835.85 entry=80835.84 reason=below_min_profit source=fresh_after_far_cancel
[12:22:34.825] [INFO] [EXEC] PLACE_SELL_SOURCE source=fresh_after_far_cancel price=80835.85
[12:22:34.827] [OK] [EXEC] PLACE SELL price=80835.85 qty=0.049480
[12:22:35.106] [OK] [EXEC] SELL ORDER SENT orderId=385353438
[12:22:36.975] [INFO] [EXEC] SELL_WATCHDOG_SYNC orderId=385353438 status=NEW
[12:22:36.978] [INFO] [EXEC] SELL_WATCHDOG_FAR_IGNORE orderId=385353438 reason=protected_sell dist_ticks=3023
[12:22:38.705] [INFO] [EXEC] SELL_WATCHDOG_SYNC orderId=385353438 status=NEW
[12:22:44.542] [INFO] [EXEC] SELL_WATCHDOG_FAR_IGNORE orderId=385353438 reason=protected_sell dist_ticks=2641
[12:22:45.568] [INFO] [EXEC] SELL_WATCHDOG_SYNC orderId=385353438 status=NEW
[12:22:49.648] [INFO] [EXEC] SELL_WATCHDOG_FAR_IGNORE orderId=385353438 reason=protected_sell dist_ticks=2623
[12:22:50.926] [INFO] [EXEC] SELL_WATCHDOG_SYNC orderId=385353438 status=NEW
[12:22:53.922] [OK] [PLAN] HOT entry=80803.02 exit=80809.11 profit=0.301455 age=6297ms
[12:22:56.409] [INFO] [EXEC] SELL_WATCHDOG_SYNC orderId=385353438 status=NEW
[12:22:56.413] [INFO] [EXEC] SELL_WATCHDOG_FAR_IGNORE orderId=385353438 reason=protected_sell dist_ticks=2817
[12:22:57.474] [INFO] [EXEC] SELL_WATCHDOG_SYNC orderId=385353438 status=NEW
[12:23:01.727] [INFO] [EXEC] SELL_WATCHDOG_FAR_IGNORE orderId=385353438 reason=protected_sell dist_ticks=3045
[12:23:02.783] [INFO] [EXEC] SELL_WATCHDOG_SYNC orderId=385353438 status=NEW
[12:23:07.508] [INFO] [EXEC] SELL_WATCHDOG_FAR_IGNORE orderId=385353438 reason=protected_sell dist_ticks=3295
[12:23:08.543] [INFO] [EXEC] SELL_WATCHDOG_SYNC orderId=385353438 status=NEW
[12:23:12.592] [INFO] [EXEC] SELL_WATCHDOG_FAR_IGNORE orderId=385353438 reason=protected_sell dist_ticks=3219
[12:23:13.847] [INFO] [EXEC] SELL_WATCHDOG_SYNC orderId=385353438 status=NEW
[12:23:17.898] [INFO] [EXEC] SELL_WATCHDOG_FAR_IGNORE orderId=385353438 reason=protected_sell dist_ticks=3029
[12:23:18.926] [INFO] [EXEC] SELL_WATCHDOG_SYNC orderId=385353438 status=NEW
[12:23:23.202] [INFO] [EXEC] SELL_WATCHDOG_FAR_IGNORE orderId=385353438 reason=protected_sell dist_ticks=2585
[12:23:24.267] [INFO] [EXEC] SELL_WATCHDOG_SYNC orderId=385353438 status=NEW
[12:23:28.565] [INFO] [EXEC] SELL_WATCHDOG_FAR_IGNORE orderId=385353438 reason=protected_sell dist_ticks=2585
[12:23:29.148] [INFO] START_CLICK received enabled=True api_ready=True running=True
[12:23:29.489] [WARNING] cancel all requested
[12:23:29.491] [WARNING] [EXEC] STOP canceled panic order, position remains open
[12:23:30.325] [WARNING] [SYNC] desync fixed
[12:23:30.326] [WARNING] [EXEC] STOP_SAFE_MANUAL inventory=0.049480 active_order=0
[12:23:30.328] [WARNING] STOP
