[12:40:10.514] [OK] filters loaded
[12:40:29.475] [OK] [SETTINGS] settings saved
[12:40:30.687] [INFO] START_CLICK received enabled=True api_ready=True running=False
[12:40:30.687] [INFO] START_SETTINGS live_enabled=True guard_mode=FAST entry_mode=AGGRESSIVE exit_engine=True order_size=9000.0
[12:40:30.688] [INFO] START_PROFILE order_size=9000.0 min_spread=7.0 guard_mode=FAST entry_mode=AGGRESSIVE sell_timeout=2200 far_sell_ticks=30 taker_exit_after_ms=1600
[12:40:30.688] [INFO] SETTINGS_MERGE_PRESERVE existing_values=true missing_added=0
[12:40:31.179] [EXCHANGE] symbol=BTCU base=BTC quote=U status=TRADING permissions=[]
[12:40:31.187] [OK] START
[12:40:31.189] [OK] START_OK runtime_started
[12:40:31.191] [INFO] [EXEC] LIVE ON
[12:40:31.194] [INFO] [EXEC] WAIT READY
[12:40:31.939] [WS] primary url=wss://stream.binance.com:9443/ws/btcu@bookTicker
[12:40:31.939] [WS] connecting primary
[12:40:32.767] [WS] connected
[12:40:33.530] [WARNING] [HEALTH] block spread_too_young lifetime=0
[12:40:33.533] [WARNING] [HEALTH] unstable_spread lifetime=0
[12:40:33.535] [WARNING] [EXEC] BLOCK_BUY reason=spread_too_young mode=FAST ws_age=312 spread=8.20 stable=1/1 mid_delta=0.00 bid_delta=0.00
[12:40:33.731] [WARNING] [HEALTH] block falling_market bid_ticks=96.00 mid_ticks=-83.50
[12:40:33.733] [WARNING] [HEALTH] negative_momentum ticks=-83.50
[12:40:33.735] [WARNING] [EXEC] BLOCK_BUY reason=mid_momentum_negative mode=FAST ws_age=202 spread=4.61 stable=2/1 mid_delta=-83.50 bid_delta=96.00
[12:40:33.741] [OK] [PLAN] HOT entry=80984.24 exit=80990.94 profit=0.744571 age=200ms
[12:40:37.340] [WARNING] [HEALTH] block spread_too_young lifetime=0
[12:40:37.343] [WARNING] [HEALTH] unstable_spread lifetime=0
[12:40:37.344] [WARNING] [EXEC] BLOCK_BUY reason=spread_too_young mode=FAST ws_age=407 spread=11.37 stable=1/1 mid_delta=0.00 bid_delta=0.00
[12:40:37.525] [WARNING] [HEALTH] block spread_too_young lifetime=186
[12:40:37.528] [WARNING] [HEALTH] negative_momentum ticks=-28.00
[12:40:37.530] [WARNING] [EXEC] BLOCK_BUY reason=mid_momentum_negative mode=FAST ws_age=30 spread=10.81 stable=2/1 mid_delta=-28.00 bid_delta=0.00
[12:40:37.532] [OK] [PLAN] HOT entry=80973.79 exit=80983.66 profit=1.096952 age=186ms
[12:40:38.858] [INFO] [EXEC] SELL ACCOUNTING RESET new_cycle
[12:40:38.862] [OK] [EXEC] BUY ORDER SENT orderId=385428081 price=80963.07 qty=0.111160
[12:40:38.864] [OK] [EXEC] PLACE BUY price=80963.07 qty=0.111160
[12:40:40.332] [INFO] [EXEC] BUY_WATCHDOG_SYNC orderId=385428081 status=NEW
[12:40:40.337] [WARNING] [EXEC] BUY_WATCHDOG_FAR_CANCEL orderId=385428081 price=80963.07 bid=80970.51 dist_ticks=743
[12:40:42.596] [INFO] [HEALTH] state=GOOD
[12:40:42.859] [INFO] [EXEC] SELL ACCOUNTING RESET new_cycle
[12:40:42.863] [OK] [EXEC] BUY ORDER SENT orderId=385428354 price=80972.22 qty=0.111140
[12:40:42.865] [OK] [EXEC] PLACE BUY price=80972.22 qty=0.111140
[12:40:43.865] [INFO] [EXEC] ENTRY_REPRICE reason=bid_moved_up old=80972.22 new=80984.54 count=1
[12:40:44.402] [OK] [EXEC] ENTRY_PLACE price=80984.54 qty=0.111140
[12:40:45.413] [INFO] [EXEC] BUY_WATCHDOG_SYNC orderId=385428466 status=FILLED
[12:40:45.416] [OK] [SYNC] order filled detected
[12:40:45.418] [OK] [SYNC] BUY filled on exchange
[12:40:45.419] [OK] [EXEC] BUY FILL UPDATE delta=0.111140 avg=80984.54
[12:40:45.421] [OK] [EXEC] CHUNK ADD qty=0.111140 entry=80984.54
[12:40:45.423] [INFO] [EXEC] CHUNK COUNT n=1
[12:40:45.426] [OK] [EXEC] INVENTORY qty=0.111140
[12:40:45.428] [OK] [EXEC] SELL REQUIRED inventory=0.111140
[12:40:46.409] [WARNING] [EXEC] SELL_QTY_CLAMP inventory=0.111140 free=0.000177 final=0.000177
[12:40:46.945] [INFO] [EXEC] SELL CHECK inventory=0.111140 reported=0.000000 remaining=0.111140 chunks=1
[12:40:46.948] [INFO] [EXEC] PLACE_SELL_SOURCE source=plan price=80992.27
[12:40:46.951] [OK] [EXEC] PLACE SELL price=80992.27 qty=0.111140
[12:40:47.213] [OK] [EXEC] SELL ORDER SENT orderId=385428618
[12:40:47.220] [OK] [PLAN] HOT entry=80984.17 exit=80992.27 profit=0.900153 age=1274ms
[12:40:48.955] [WARNING] [EXEC] TAKER_EXIT_TRIGGER reason=timeout_after_ms age=1745 qty=0.111140
[12:40:48.959] [WARNING] [EXEC] TAKER_EXIT_CANCEL_MAKER orderId=385428618
[12:40:49.757] [INFO] [EXEC] PLACE_SELL_SOURCE source=taker price=80984.36
[12:40:50.022] [WARNING] [EXEC] TAKER_EXIT_ORDER_SENT id=385428748 price=80984.36 qty=0.111140
[12:40:50.546] [WARNING] [SYNC] desync fixed
[12:40:50.735] [INFO] [EXEC] EXIT RECOVERY inventory_no_sell qty=0.111140
[12:40:50.738] [WARNING] [EXEC] SELL_PENDING_WITHOUT_ORDER_FIXED
[12:40:51.276] [INFO] [EXEC] SELL CHECK inventory=0.111140 reported=0.000000 remaining=0.111140 chunks=1
[12:40:51.279] [INFO] [EXEC] PLACE_SELL_SOURCE source=plan price=80987.28
[12:40:51.280] [OK] [EXEC] PLACE SELL price=80987.28 qty=0.111140
[12:40:51.540] [OK] [EXEC] SELL ORDER SENT orderId=385428795
[12:40:53.550] [INFO] [EXEC] SELL_WATCHDOG_SYNC orderId=385428795 status=NEW
[12:40:53.555] [WARNING] [EXEC] SELL_WATCHDOG_FAR_CANCEL orderId=385428795 price=80987.28 ask=80984.69 dist_ticks=258
[12:40:54.078] [INFO] [EXEC] SELL_FAR_CANCEL_FINAL_STATUS status=CANCELED
[12:40:55.312] [INFO] [EXEC] SELL CHECK inventory=0.111140 reported=0.000000 remaining=0.111140 chunks=1
[12:40:55.314] [INFO] [EXEC] SELL_REPRICE_FRESH_APPLIED old=80987.28 new=80985.98 ask=80985.99 bid=80970.00
[12:40:55.316] [INFO] [EXEC] SELL_REPRICE_VALIDATION old=80987.28 new=80985.98 ask=80985.99 dist_ticks=1 source=fresh_snapshot
[12:40:55.318] [INFO] [EXEC] PLACE_SELL_SOURCE source=fresh_after_far_cancel price=80985.98
[12:40:55.320] [OK] [EXEC] PLACE SELL price=80985.98 qty=0.111140
[12:40:55.580] [OK] [EXEC] SELL ORDER SENT orderId=385429030
[12:40:55.589] [OK] [PLAN] HOT entry=80971.00 exit=80985.49 profit=1.610564 age=1489ms
[12:40:57.615] [INFO] [EXEC] SELL_WATCHDOG_SYNC orderId=385429030 status=NEW
[12:40:57.619] [WARNING] [EXEC] EXIT_FAIL reason=taker_force_flat_failed force_exit
[12:40:57.622] [WARNING] [EXEC] CANCEL SELL orderId=385429030 reason=taker_force_flat_failed
[12:40:58.159] [WARNING] [EXEC] PANIC EXIT taker_force_flat_failed
[12:40:58.436] [WARNING] [EXEC] FORCE EXIT price=80985.96
[12:40:58.442] [INFO] [EXEC] PLACE_SELL_SOURCE source=panic price=80985.96
[12:40:58.443] [OK] [EXEC] PLACE SELL price=80985.96 qty=0.111140
[12:40:58.705] [WARNING] [EXEC] PANIC START price=80985.96
[12:40:58.708] [OK] [EXEC] SELL ORDER SENT orderId=385429145
[12:40:59.239] [OK] [SYNC] order filled detected
[12:40:59.241] [OK] [SYNC] SELL filled on exchange
[12:40:59.242] [OK] [EXEC] FIFO CLOSE qty=0.111140 entry=80984.54 exit=80986.03 pnl=+0.166148
[12:40:59.243] [INFO] [EXEC] CHUNK DRAINED
[12:40:59.245] [OK] [EXEC] REALIZED pnl=+0.166148
[12:40:59.247] [INFO] [EXEC] SELL ACCOUNTING RESET flat
[12:40:59.248] [OK] [EXEC] CYCLE CLOSED pnl=+0.166148
[12:40:59.249] [INFO] [EXEC] SESSION realized=+0.166148 wins=1 losses=0
[12:40:59.372] [INFO] [HEALTH] state=GOOD
[12:40:59.374] [WARNING] [EXEC] BLOCK_BUY reason=cooldown_panic_exit mode=FAST ws_age=109 spread=7.99 stable=1/1 mid_delta=0.00 bid_delta=0.00
[12:41:00.408] [INFO] [EXEC] SELL ACCOUNTING RESET new_cycle
[12:41:00.410] [OK] [EXEC] BUY ORDER SENT orderId=385429287 price=80971.00 qty=0.111150
[12:41:00.411] [OK] [EXEC] PLACE BUY price=80971.00 qty=0.111150
[12:41:00.933] [OK] [SYNC] order filled detected
[12:41:00.936] [OK] [SYNC] BUY filled on exchange
[12:41:00.937] [OK] [EXEC] BUY FILL UPDATE delta=0.111150 avg=80971.00
[12:41:00.938] [OK] [EXEC] CHUNK ADD qty=0.111150 entry=80971.00
[12:41:00.939] [INFO] [EXEC] CHUNK COUNT n=1
[12:41:00.940] [OK] [EXEC] INVENTORY qty=0.111150
[12:41:00.941] [OK] [EXEC] SELL REQUIRED inventory=0.111150
[12:41:01.138] [WARNING] [EXEC] SELL_QTY_CLAMP inventory=0.111150 free=0.000177 final=0.000177
[12:41:01.677] [INFO] [EXEC] SELL CHECK inventory=0.111150 reported=0.000000 remaining=0.111140 chunks=1
[12:41:01.679] [INFO] [EXEC] PLACE_SELL_SOURCE source=plan price=80974.45
[12:41:01.680] [OK] [EXEC] PLACE SELL price=80974.45 qty=0.111140
[12:41:01.943] [OK] [EXEC] SELL ORDER SENT orderId=385429456
[12:41:03.411] [INFO] [EXEC] SELL_UPSIZE_SKIPPED reason=exit_or_panic_active
[12:41:04.459] [INFO] [EXEC] SELL_WATCHDOG_SYNC orderId=385429456 status=NEW
[12:41:04.463] [WARNING] [EXEC] SELL_WATCHDOG_FAR_CANCEL orderId=385429456 price=80974.45 ask=80955.01 dist_ticks=1944
[12:41:04.995] [INFO] [EXEC] SELL_FAR_CANCEL_FINAL_STATUS status=CANCELED
[12:41:05.963] [INFO] [EXEC] SELL CHECK inventory=0.111150 reported=0.000000 remaining=0.111140 chunks=1
[12:41:05.965] [INFO] [EXEC] SELL_REPRICE_FRESH_APPLIED old=80974.45 new=80953.81 ask=80953.83 bid=80947.32
[12:41:05.966] [INFO] [EXEC] SELL_REPRICE_VALIDATION old=80974.45 new=80953.81 ask=80953.83 dist_ticks=2 source=fresh_snapshot
[12:41:05.968] [WARNING] [EXEC] SELL_FLOOR_BLOCKED price=80953.81 floor=80971.01 entry=80971.00 reason=below_min_profit source=fresh_after_far_cancel
[12:41:05.969] [INFO] [EXEC] PLACE_SELL_SOURCE source=fresh_after_far_cancel price=80971.01
[12:41:05.970] [OK] [EXEC] PLACE SELL price=80971.01 qty=0.111140
[12:41:06.229] [OK] [EXEC] SELL ORDER SENT orderId=385429816
[12:41:07.218] [WARNING] [EXEC] SELL_QTY_CLAMP inventory=0.111150 free=0.000187 final=0.000187
[12:41:09.251] [INFO] [EXEC] SELL_WATCHDOG_SYNC orderId=385429816 status=NEW
[12:41:09.256] [INFO] [EXEC] SELL_WATCHDOG_FAR_IGNORE orderId=385429816 reason=protected_sell dist_ticks=936
[12:41:10.272] [INFO] [EXEC] SELL_WATCHDOG_SYNC orderId=385429816 status=NEW
[12:41:11.001] [WARNING] [EXEC] SELL_QTY_CLAMP inventory=0.111150 free=0.000187 final=0.000187
[12:41:13.079] [INFO] [EXEC] SELL_WATCHDOG_SYNC orderId=385429816 status=NEW
[12:41:14.099] [OK] [PLAN] HOT entry=80956.33 exit=80969.25 profit=1.436316 age=2833ms
[12:41:14.884] [WARNING] [EXEC] SELL_QTY_CLAMP inventory=0.111150 free=0.000187 final=0.000187
[12:41:15.149] [INFO] [EXEC] SELL_WATCHDOG_SYNC orderId=385429816 status=NEW
[12:41:15.152] [INFO] [EXEC] SELL_WATCHDOG_FAR_IGNORE orderId=385429816 reason=protected_sell dist_ticks=536
[12:41:16.180] [INFO] [EXEC] SELL_WATCHDOG_SYNC orderId=385429816 status=NEW
[12:41:17.948] [WARNING] [EXEC] SELL_QTY_CLAMP inventory=0.111150 free=0.000187 final=0.000187
[12:41:18.213] [INFO] [EXEC] SELL_WATCHDOG_SYNC orderId=385429816 status=NEW
[12:41:20.499] [INFO] [EXEC] SELL_WATCHDOG_FAR_IGNORE orderId=385429816 reason=protected_sell dist_ticks=1283
[12:41:21.260] [WARNING] [EXEC] SELL_QTY_CLAMP inventory=0.111150 free=0.000187 final=0.000187
[12:41:21.521] [INFO] [EXEC] SELL_WATCHDOG_SYNC orderId=385429816 status=NEW
[12:41:25.016] [WARNING] [EXEC] SELL_QTY_CLAMP inventory=0.111150 free=0.000187 final=0.000187
[12:41:25.286] [INFO] [EXEC] SELL_WATCHDOG_SYNC orderId=385429816 status=NEW
[12:41:26.301] [INFO] [EXEC] SELL_WATCHDOG_FAR_IGNORE orderId=385429816 reason=protected_sell dist_ticks=1358
[12:41:27.353] [INFO] [EXEC] SELL_WATCHDOG_SYNC orderId=385429816 status=NEW
[12:41:28.064] [WARNING] [EXEC] SELL_QTY_CLAMP inventory=0.111150 free=0.000187 final=0.000187
[12:41:28.360] [INFO] [EXEC] SELL_WATCHDOG_SYNC orderId=385429816 status=NEW
[12:41:31.871] [WARNING] [EXEC] SELL_QTY_CLAMP inventory=0.111150 free=0.000187 final=0.000187
[12:41:32.136] [INFO] [EXEC] SELL_WATCHDOG_SYNC orderId=385429816 status=NEW
[12:41:32.139] [INFO] [EXEC] SELL_WATCHDOG_FAR_IGNORE orderId=385429816 reason=protected_sell dist_ticks=1522
[12:41:33.653] [INFO] [EXEC] SELL_WATCHDOG_SYNC orderId=385429816 status=NEW
[12:41:35.441] [WARNING] [EXEC] SELL_QTY_CLAMP inventory=0.111150 free=0.000187 final=0.000187
[12:41:36.990] [INFO] [EXEC] SELL_WATCHDOG_SYNC orderId=385429816 status=NEW
[12:41:38.702] [INFO] [EXEC] SELL_WATCHDOG_FAR_IGNORE orderId=385429816 reason=protected_sell dist_ticks=1545
[12:41:39.481] [WARNING] [EXEC] SELL_QTY_CLAMP inventory=0.111150 free=0.000187 final=0.000187
[12:41:39.746] [INFO] [EXEC] SELL_WATCHDOG_SYNC orderId=385429816 status=NEW
[12:41:43.284] [WARNING] [EXEC] SELL_QTY_CLAMP inventory=0.111150 free=0.000187 final=0.000187
[12:41:43.551] [INFO] [EXEC] SELL_WATCHDOG_SYNC orderId=385429816 status=NEW
[12:41:44.556] [INFO] [EXEC] SELL_WATCHDOG_FAR_IGNORE orderId=385429816 reason=protected_sell dist_ticks=1947
[12:41:45.574] [INFO] [EXEC] SELL_WATCHDOG_SYNC orderId=385429816 status=NEW
[12:41:46.308] [WARNING] [EXEC] SELL_QTY_CLAMP inventory=0.111150 free=0.000187 final=0.000187
[12:41:46.570] [INFO] [EXEC] SELL_WATCHDOG_SYNC orderId=385429816 status=NEW
[12:41:47.113] [OK] [SYNC] order filled detected
[12:41:47.115] [OK] [SYNC] SELL filled on exchange
[12:41:47.116] [OK] [EXEC] FIFO CLOSE qty=0.111140 entry=80971.00 exit=80971.01 pnl=+0.001111
[12:41:47.118] [INFO] [EXEC] CHUNK DRAINED
[12:41:47.119] [OK] [EXEC] REALIZED pnl=+0.001111
[12:41:47.120] [INFO] [EXEC] SELL ACCOUNTING RESET flat
[12:41:47.121] [OK] [EXEC] CYCLE CLOSED pnl=+0.001111
[12:41:47.122] [INFO] [EXEC] SESSION realized=+0.167260 wins=2 losses=0
[12:41:55.177] [INFO] [HEALTH] state=GOOD
[12:41:55.449] [INFO] [EXEC] SELL ACCOUNTING RESET new_cycle
[12:41:55.453] [OK] [EXEC] BUY ORDER SENT orderId=385432334 price=80963.01 qty=0.111160
[12:41:55.456] [OK] [EXEC] PLACE BUY price=80963.01 qty=0.111160
[12:41:56.444] [OK] [EXEC] BUY FILL UPDATE delta=0.111160 avg=80963.01
[12:41:56.448] [OK] [EXEC] CHUNK ADD qty=0.111160 entry=80963.01
[12:41:56.451] [INFO] [EXEC] CHUNK COUNT n=1
[12:41:56.453] [OK] [EXEC] INVENTORY qty=0.111160
[12:41:56.455] [OK] [EXEC] SELL REQUIRED inventory=0.111160
[12:41:56.457] [OK] [EXEC] BUY PARTIAL delta=0.111160 total=0.111160
[12:41:56.458] [OK] [EXEC] BUY REMAINING qty=0.000000
[12:41:56.459] [OK] [EXEC] BUY FILLED id=385432334
[12:41:56.980] [OK] [SYNC] order filled detected
[12:41:56.983] [OK] [SYNC] BUY filled on exchange
[12:41:57.220] [WARNING] [EXEC] SELL_QTY_CLAMP inventory=0.111160 free=0.000187 final=0.000187
[12:41:57.763] [INFO] [EXEC] SELL CHECK inventory=0.111160 reported=0.000000 remaining=0.111150 chunks=1
[12:41:57.766] [INFO] [EXEC] PLACE_SELL_SOURCE source=plan price=80963.03
[12:41:57.767] [OK] [EXEC] PLACE SELL price=80963.03 qty=0.111150
[12:41:58.049] [OK] [EXEC] SELL ORDER SENT orderId=385432474
[12:41:59.008] [INFO] [EXEC] SELL UPSIZE old=0.111150 new=0.111160
[12:41:59.012] [WARNING] [EXEC] SELL TIMEOUT orderId=385432474
[12:41:59.013] [WARNING] [EXEC] CANCEL SELL orderId=385432474
[12:41:59.553] [INFO] [EXEC] SELL FINAL STATUS status=CANCELED orderId=385432474
[12:41:59.556] [INFO] [EXEC] SELL TIMEOUT check fast_exit
[12:41:59.558] [WARNING] [EXEC] FORCE EXIT hard_sl_triggered
[12:41:59.559] [ERROR] [EXEC] HARD SL triggered
[12:41:59.562] [WARNING] [EXEC] PANIC EXIT sl_mode
[12:41:59.827] [WARNING] [EXEC] FORCE EXIT price=80957.08
[12:41:59.830] [INFO] [EXEC] PLACE_SELL_SOURCE source=panic price=80957.08
[12:41:59.834] [OK] [EXEC] PLACE SELL price=80957.08 qty=0.111150
[12:42:00.097] [WARNING] [EXEC] PANIC START price=80957.08
[12:42:00.099] [OK] [EXEC] SELL ORDER SENT orderId=385432553
[12:42:01.091] [OK] [SYNC] order filled detected
[12:42:01.093] [OK] [SYNC] SELL filled on exchange
[12:42:01.094] [OK] [EXEC] FIFO CLOSE qty=0.111150 entry=80963.01 exit=80957.08 pnl=-0.659120
[12:42:01.097] [INFO] [EXEC] CHUNK DRAINED
[12:42:01.099] [OK] [EXEC] REALIZED pnl=-0.659120
[12:42:01.102] [INFO] [EXEC] SELL ACCOUNTING RESET flat
[12:42:01.104] [OK] [EXEC] CYCLE CLOSED pnl=-0.659120
[12:42:01.106] [INFO] [EXEC] SESSION realized=-0.491860 wins=2 losses=1
[12:42:04.028] [INFO] [HEALTH] state=GOOD
[12:42:04.294] [INFO] [EXEC] SELL ACCOUNTING RESET new_cycle
[12:42:04.299] [OK] [EXEC] BUY ORDER SENT orderId=385432695 price=80954.72 qty=0.111170
[12:42:04.302] [OK] [EXEC] PLACE BUY price=80954.72 qty=0.111170
[12:42:05.324] [INFO] [EXEC] ENTRY_REPRICE reason=wide_spread_cross old=80954.72 new=80967.13 count=1
[12:42:05.855] [OK] [EXEC] ENTRY_PLACE price=80967.13 qty=0.111170
[12:42:06.396] [OK] [SYNC] order filled detected
[12:42:06.399] [OK] [SYNC] BUY filled on exchange
[12:42:06.400] [OK] [EXEC] BUY FILL UPDATE delta=0.111170 avg=80967.12
[12:42:06.401] [OK] [EXEC] CHUNK ADD qty=0.111170 entry=80967.12
[12:42:06.402] [INFO] [EXEC] CHUNK COUNT n=1
[12:42:06.403] [OK] [EXEC] INVENTORY qty=0.111170
[12:42:06.404] [OK] [EXEC] SELL REQUIRED inventory=0.111170
[12:42:07.638] [INFO] [EXEC] SELL CHECK inventory=0.111170 reported=0.000000 remaining=0.111170 chunks=1
[12:42:07.642] [INFO] [EXEC] PLACE_SELL_SOURCE source=plan price=80967.84
[12:42:07.644] [OK] [EXEC] PLACE SELL price=80967.84 qty=0.111170
[12:42:07.906] [OK] [EXEC] SELL ORDER SENT orderId=385432962
[12:42:09.956] [INFO] [EXEC] SELL_WATCHDOG_SYNC orderId=385432962 status=NEW
[12:42:09.959] [WARNING] [EXEC] SELL_WATCHDOG_FAR_CANCEL orderId=385432962 price=80967.84 ask=80961.99 dist_ticks=584
[12:42:10.503] [INFO] [EXEC] SELL_FAR_CANCEL_FINAL_STATUS status=CANCELED
[12:42:11.439] [INFO] [EXEC] SELL CHECK inventory=0.111170 reported=0.000000 remaining=0.111170 chunks=1
[12:42:11.441] [INFO] [EXEC] SELL_REPRICE_FRESH_APPLIED old=80967.84 new=80959.28 ask=80959.30 bid=80954.00
[12:42:11.442] [INFO] [EXEC] SELL_REPRICE_VALIDATION old=80967.84 new=80959.28 ask=80959.30 dist_ticks=2 source=fresh_snapshot
[12:42:11.443] [WARNING] [EXEC] SELL_FLOOR_BLOCKED price=80959.28 floor=80967.13 entry=80967.12 reason=below_min_profit source=fresh_after_far_cancel
[12:42:11.444] [INFO] [EXEC] PLACE_SELL_SOURCE source=fresh_after_far_cancel price=80967.13
[12:42:11.445] [OK] [EXEC] PLACE SELL price=80967.13 qty=0.111170
[12:42:11.735] [OK] [EXEC] SELL ORDER SENT orderId=385433105
[12:42:12.665] [WARNING] [EXEC] SELL_QTY_CLAMP inventory=0.111170 free=0.000197 final=0.000197
[12:42:14.451] [INFO] [EXEC] SELL_WATCHDOG_SYNC orderId=385433105 status=NEW
[12:42:14.454] [INFO] [EXEC] SELL_WATCHDOG_FAR_IGNORE orderId=385433105 reason=protected_sell dist_ticks=697
[12:42:16.182] [WARNING] [EXEC] SELL_QTY_CLAMP inventory=0.111170 free=0.000197 final=0.000197
[12:42:16.447] [INFO] [EXEC] SELL_WATCHDOG_SYNC orderId=385433105 status=NEW
[12:42:17.217] [OK] [SYNC] order filled detected
[12:42:17.218] [OK] [SYNC] SELL filled on exchange
[12:42:17.219] [OK] [EXEC] FIFO CLOSE qty=0.111170 entry=80967.12 exit=80967.12 pnl=+0.000000
[12:42:17.220] [INFO] [EXEC] CHUNK DRAINED
[12:42:17.220] [INFO] [EXEC] SELL ACCOUNTING RESET flat
[12:42:17.221] [INFO] [EXEC] CYCLE SKIP no_fifo_pnl
[12:42:19.190] [INFO] [HEALTH] state=GOOD
[12:42:19.459] [INFO] [EXEC] SELL ACCOUNTING RESET new_cycle
[12:42:19.462] [OK] [EXEC] BUY ORDER SENT orderId=385433613 price=80974.19 qty=0.111140
[12:42:19.465] [OK] [EXEC] PLACE BUY price=80974.19 qty=0.111140
[12:42:20.449] [OK] [EXEC] BUY FILL UPDATE delta=0.111140 avg=80974.19
[12:42:20.454] [OK] [EXEC] CHUNK ADD qty=0.111140 entry=80974.19
[12:42:20.456] [INFO] [EXEC] CHUNK COUNT n=1
[12:42:20.459] [OK] [EXEC] INVENTORY qty=0.111140
[12:42:20.462] [OK] [EXEC] SELL REQUIRED inventory=0.111140
[12:42:20.464] [OK] [EXEC] BUY PARTIAL delta=0.111140 total=0.111140
[12:42:20.466] [OK] [EXEC] BUY REMAINING qty=0.000000
[12:42:20.468] [OK] [EXEC] BUY FILLED id=385433613
[12:42:20.471] [OK] [PLAN] HOT entry=80979.00 exit=80985.49 profit=0.721234 age=997ms
[12:42:21.007] [OK] [SYNC] order filled detected
[12:42:21.010] [OK] [SYNC] BUY filled on exchange
[12:42:21.208] [WARNING] [EXEC] SELL_QTY_CLAMP inventory=0.111140 free=0.000197 final=0.000197
[12:42:21.769] [INFO] [EXEC] SELL CHECK inventory=0.111140 reported=0.000000 remaining=0.111140 chunks=1
[12:42:21.772] [INFO] [EXEC] PLACE_SELL_SOURCE source=plan price=80978.00
[12:42:21.775] [OK] [EXEC] PLACE SELL price=80978.00 qty=0.111140
[12:42:22.039] [OK] [EXEC] SELL ORDER SENT orderId=385433670
[12:42:24.083] [INFO] [EXEC] SELL_WATCHDOG_SYNC orderId=385433670 status=NEW
[12:42:24.087] [WARNING] [EXEC] SELL_WATCHDOG_FAR_CANCEL orderId=385433670 price=80978.00 ask=80969.94 dist_ticks=805
[12:42:24.627] [INFO] [EXEC] SELL_FAR_CANCEL_FINAL_STATUS status=CANCELED
[12:42:24.971] [WARNING] [EXEC] SELL_QTY_CLAMP inventory=0.111140 free=0.000197 final=0.000197
[12:42:25.983] [INFO] [EXEC] SELL CHECK inventory=0.111140 reported=0.000000 remaining=0.111140 chunks=1
[12:42:25.986] [INFO] [EXEC] SELL_REPRICE_FRESH_APPLIED old=80978.00 new=80964.36 ask=80964.39 bid=80955.33
[12:42:25.987] [INFO] [EXEC] SELL_REPRICE_VALIDATION old=80978.00 new=80964.36 ask=80964.39 dist_ticks=2 source=fresh_snapshot
[12:42:25.989] [WARNING] [EXEC] SELL_FLOOR_BLOCKED price=80964.36 floor=80974.20 entry=80974.19 reason=below_min_profit source=fresh_after_far_cancel
[12:42:25.990] [INFO] [EXEC] PLACE_SELL_SOURCE source=fresh_after_far_cancel price=80974.20
[12:42:25.991] [OK] [EXEC] PLACE SELL price=80974.20 qty=0.111140
[12:42:26.264] [WARNING] [EXEC] SELL_HOLD_RECOVERY_START orderId=385433879 entry=80974.19 floor=80974.20 ask=80964.39
[12:42:26.267] [OK] [EXEC] SELL ORDER SENT orderId=385433879
[12:42:28.342] [INFO] [EXEC] SELL_WATCHDOG_SYNC orderId=385433879 status=NEW
[12:42:28.346] [INFO] [EXEC] SELL_WATCHDOG_FAR_IGNORE orderId=385433879 reason=protected_sell dist_ticks=1230
[12:42:29.309] [INFO] [EXEC] SELL_WATCHDOG_SYNC orderId=385433879 status=NEW
[12:42:30.291] [WARNING] [EXEC] SELL_QTY_CLAMP inventory=0.111140 free=0.000197 final=0.000197
[12:42:30.551] [INFO] [EXEC] SELL_WATCHDOG_SYNC orderId=385433879 status=NEW
[12:42:33.055] [WARNING] [EXEC] TAKER_EXIT_TRIGGER reason=force_flat_after_ms age=6329 qty=0.111140
[12:42:33.058] [WARNING] [EXEC] TAKER_EXIT_CANCEL_MAKER orderId=385433879
[12:42:33.860] [INFO] [EXEC] PLACE_SELL_SOURCE source=taker price=80939.97
[12:42:34.124] [WARNING] [EXEC] TAKER_EXIT_ORDER_SENT id=385434160 price=80939.97 qty=0.111140
[12:42:34.663] [WARNING] [SYNC] desync fixed
[12:42:34.840] [INFO] [EXEC] EXIT RECOVERY inventory_no_sell qty=0.111140
[12:42:34.843] [WARNING] [EXEC] SELL_PENDING_WITHOUT_ORDER_FIXED
[12:42:35.403] [WARNING] [EXEC] SELL_QTY_CLAMP inventory=0.111140 free=0.109247 final=0.109247
[12:42:35.405] [INFO] [EXEC] SELL CHECK inventory=0.111140 reported=0.000000 remaining=0.109247 chunks=1
[12:42:35.407] [INFO] [EXEC] PLACE_SELL_SOURCE source=plan price=80974.21
[12:42:35.408] [OK] [EXEC] PLACE SELL price=80974.21 qty=0.109247
[12:42:35.687] [OK] [EXEC] SELL ORDER SENT orderId=385434241
[12:42:35.688] [OK] [PLAN] HOT entry=80939.00 exit=80945.49 profit=0.721623 age=2521ms
[12:42:37.400] [INFO] [EXEC] SELL_UPSIZE_SKIPPED reason=exit_or_panic_active
[12:42:38.416] [INFO] [EXEC] SELL_WATCHDOG_SYNC orderId=385434241 status=NEW
[12:42:38.418] [WARNING] [EXEC] SELL_WATCHDOG_FAR_CANCEL orderId=385434241 price=80974.21 ask=80936.57 dist_ticks=3763
[12:42:38.951] [INFO] [EXEC] SELL_FAR_CANCEL_FINAL_STATUS status=CANCELED
[12:42:39.912] [WARNING] [EXEC] SELL_QTY_CLAMP inventory=0.111140 free=0.109247 final=0.109247
[12:42:39.914] [INFO] [EXEC] SELL CHECK inventory=0.111140 reported=0.000000 remaining=0.109247 chunks=1
[12:42:39.915] [INFO] [EXEC] SELL_REPRICE_FRESH_APPLIED old=80974.21 new=80945.98 ask=80945.99 bid=80940.82
[12:42:39.916] [INFO] [EXEC] SELL_REPRICE_VALIDATION old=80974.21 new=80945.98 ask=80945.99 dist_ticks=1 source=fresh_snapshot
[12:42:39.918] [WARNING] [EXEC] SELL_FLOOR_BLOCKED price=80945.98 floor=80974.20 entry=80974.19 reason=below_min_profit source=fresh_after_far_cancel
[12:42:39.919] [INFO] [EXEC] PLACE_SELL_SOURCE source=fresh_after_far_cancel price=80974.20
[12:42:39.920] [OK] [EXEC] PLACE SELL price=80974.20 qty=0.109247
[12:42:40.203] [WARNING] [EXEC] SELL_HOLD_RECOVERY_START orderId=385434691 entry=80974.19 floor=80974.20 ask=80945.99
[12:42:40.206] [OK] [EXEC] SELL ORDER SENT orderId=385434691
[12:42:42.193] [INFO] [EXEC] SELL_WATCHDOG_SYNC orderId=385434691 status=NEW
[12:42:42.196] [INFO] [EXEC] SELL_WATCHDOG_FAR_IGNORE orderId=385434691 reason=protected_sell dist_ticks=3758
[12:42:43.438] [INFO] [EXEC] SELL_WATCHDOG_SYNC orderId=385434691 status=NEW
[12:42:47.491] [WARNING] [EXEC] EXIT_FAIL reason=taker_force_flat_failed force_exit
[12:42:47.496] [WARNING] [EXEC] CANCEL SELL orderId=385434691 reason=taker_force_flat_failed
[12:42:48.045] [WARNING] [EXEC] PANIC EXIT taker_force_flat_failed
[12:42:48.325] [WARNING] [EXEC] SELL_QTY_CLAMP inventory=0.111140 free=0.109247 final=0.109247
[12:42:48.327] [WARNING] [EXEC] FORCE EXIT price=80933.83
[12:42:48.328] [INFO] [EXEC] PLACE_SELL_SOURCE source=panic price=80933.83
[12:42:48.329] [OK] [EXEC] PLACE SELL price=80933.83 qty=0.109247
[12:42:48.619] [WARNING] [EXEC] PANIC START price=80933.83
[12:42:48.622] [OK] [EXEC] SELL ORDER SENT orderId=385435384
[12:42:48.628] [OK] [PLAN] HOT entry=80923.00 exit=80933.34 profit=1.149911 age=2003ms
[12:42:49.743] [INFO] [EXEC] SELL_WATCHDOG_SYNC orderId=385435384 status=NEW
[12:42:49.747] [WARNING] [EXEC] SELL_WATCHDOG_FAR_CANCEL orderId=385435384 price=80933.83 ask=80913.49 dist_ticks=2033
[12:42:50.286] [INFO] [EXEC] SELL_FAR_CANCEL_FINAL_STATUS status=CANCELED
[12:42:51.275] [INFO] [EXEC] SELL CHECK inventory=0.111140 reported=0.000000 remaining=0.109247 chunks=1
[12:42:51.277] [INFO] [EXEC] SELL_REPRICE_FRESH_APPLIED old=80933.83 new=80905.99 ask=80906.00 bid=80898.15
[12:42:51.278] [INFO] [EXEC] SELL_REPRICE_VALIDATION old=80933.83 new=80905.99 ask=80906.00 dist_ticks=0 source=fresh_snapshot
[12:42:51.279] [WARNING] [EXEC] SELL_FLOOR_BLOCKED price=80905.99 floor=80974.20 entry=80974.19 reason=below_min_profit source=fresh_after_far_cancel
[12:42:51.280] [INFO] [EXEC] PLACE_SELL_SOURCE source=fresh_after_far_cancel price=80974.20
[12:42:51.281] [OK] [EXEC] PLACE SELL price=80974.20 qty=0.109247
[12:42:51.569] [OK] [EXEC] SELL ORDER SENT orderId=385435647
[12:42:52.253] [WARNING] [EXEC] SELL_QTY_CLAMP inventory=0.111140 free=0.109247 final=0.109247
[12:42:53.525] [INFO] [EXEC] SELL_WATCHDOG_SYNC orderId=385435647 status=NEW
[12:42:53.529] [INFO] [EXEC] SELL_WATCHDOG_FAR_IGNORE orderId=385435647 reason=protected_sell dist_ticks=6820
[12:42:54.641] [INFO] [EXEC] SELL_WATCHDOG_SYNC orderId=385435647 status=NEW
[12:42:58.593] [INFO] [EXEC] SELL_WATCHDOG_FAR_IGNORE orderId=385435647 reason=protected_sell dist_ticks=7347
[12:42:59.612] [INFO] [EXEC] SELL_WATCHDOG_SYNC orderId=385435647 status=NEW
[12:43:04.357] [INFO] [EXEC] SELL_WATCHDOG_FAR_IGNORE orderId=385435647 reason=protected_sell dist_ticks=7650
[12:43:05.355] [INFO] [EXEC] SELL_WATCHDOG_SYNC orderId=385435647 status=NEW
[12:43:10.218] [INFO] [EXEC] SELL_WATCHDOG_FAR_IGNORE orderId=385435647 reason=protected_sell dist_ticks=7245
[12:43:11.240] [INFO] [EXEC] SELL_WATCHDOG_SYNC orderId=385435647 status=NEW
[12:43:15.575] [INFO] [EXEC] SELL_WATCHDOG_FAR_IGNORE orderId=385435647 reason=protected_sell dist_ticks=7219
[12:43:16.601] [INFO] [EXEC] SELL_WATCHDOG_SYNC orderId=385435647 status=NEW
[12:43:17.600] [OK] [PLAN] HOT entry=80912.67 exit=80918.30 profit=0.626225 age=4071ms
[12:43:18.898] [INFO] [EXEC] SELL_WATCHDOG_SYNC orderId=385435647 status=NEW
[12:43:20.920] [INFO] [EXEC] SELL_WATCHDOG_FAR_IGNORE orderId=385435647 reason=protected_sell dist_ticks=5108
[12:43:21.955] [INFO] [EXEC] SELL_WATCHDOG_SYNC orderId=385435647 status=NEW
[12:43:26.783] [INFO] [EXEC] SELL_WATCHDOG_FAR_IGNORE orderId=385435647 reason=protected_sell dist_ticks=5586
[12:43:27.750] [INFO] [EXEC] SELL_WATCHDOG_SYNC orderId=385435647 status=NEW
[12:43:32.051] [INFO] [EXEC] SELL_WATCHDOG_FAR_IGNORE orderId=385435647 reason=protected_sell dist_ticks=5334
[12:43:33.062] [INFO] [EXEC] SELL_WATCHDOG_SYNC orderId=385435647 status=NEW
[12:43:38.316] [INFO] [EXEC] SELL_WATCHDOG_FAR_IGNORE orderId=385435647 reason=protected_sell dist_ticks=6133
[12:43:39.338] [INFO] [EXEC] SELL_WATCHDOG_SYNC orderId=385435647 status=NEW
[12:43:43.380] [OK] [PLAN] HOT entry=80891.01 exit=80899.96 profit=0.995777 age=3023ms
[12:43:44.384] [INFO] [EXEC] SELL_WATCHDOG_SYNC orderId=385435647 status=NEW
[12:43:44.387] [INFO] [EXEC] SELL_WATCHDOG_FAR_IGNORE orderId=385435647 reason=protected_sell dist_ticks=7722
[12:43:45.368] [INFO] [EXEC] SELL_WATCHDOG_SYNC orderId=385435647 status=NEW
[12:43:49.683] [INFO] [EXEC] SELL_WATCHDOG_FAR_IGNORE orderId=385435647 reason=protected_sell dist_ticks=6819
[12:43:51.691] [INFO] [EXEC] SELL_WATCHDOG_SYNC orderId=385435647 status=NEW
[12:43:56.487] [INFO] [EXEC] SELL_WATCHDOG_FAR_IGNORE orderId=385435647 reason=protected_sell dist_ticks=7231
[12:43:57.507] [INFO] [EXEC] SELL_WATCHDOG_SYNC orderId=385435647 status=NEW
[12:44:02.305] [OK] [PLAN] HOT entry=80891.01 exit=80897.50 profit=0.722077 age=2779ms
[12:44:03.344] [INFO] [EXEC] SELL_WATCHDOG_SYNC orderId=385435647 status=NEW
[12:44:03.347] [INFO] [EXEC] SELL_WATCHDOG_FAR_IGNORE orderId=385435647 reason=protected_sell dist_ticks=8066
[12:44:04.320] [INFO] [EXEC] SELL_WATCHDOG_SYNC orderId=385435647 status=NEW
[12:44:08.651] [INFO] [EXEC] SELL_WATCHDOG_FAR_IGNORE orderId=385435647 reason=protected_sell dist_ticks=7780
[12:44:11.129] [INFO] [EXEC] SELL_WATCHDOG_SYNC orderId=385435647 status=NEW
[12:44:14.671] [INFO] [EXEC] SELL_WATCHDOG_FAR_IGNORE orderId=385435647 reason=protected_sell dist_ticks=7942
[12:44:16.162] [INFO] [EXEC] SELL_WATCHDOG_SYNC orderId=385435647 status=NEW
[12:44:20.544] [INFO] [EXEC] SELL_WATCHDOG_FAR_IGNORE orderId=385435647 reason=protected_sell dist_ticks=7636
[12:44:21.552] [INFO] [EXEC] SELL_WATCHDOG_SYNC orderId=385435647 status=NEW
[12:44:25.913] [INFO] START_CLICK received enabled=True api_ready=True running=True
[12:44:26.225] [WARNING] cancel all requested
[12:44:26.228] [WARNING] [EXEC] STOP canceled panic order, position remains open
[12:44:27.028] [WARNING] [SYNC] desync fixed
[12:44:27.030] [WARNING] [EXEC] STOP_SAFE_MANUAL inventory=0.111140 active_order=0
[12:44:27.031] [WARNING] STOP
[12:44:30.220] [WARNING] [EXEC] SELL_QTY_CLAMP inventory=0.111140 free=0.109247 final=0.109247
