[18:15:09.252] [OK] filters loaded
[18:15:10.388] [WARNING] [EXEC] BLOCK reason=balance_low
[18:15:20.510] [OK] [SETTINGS] settings saved
[18:15:22.331] [EXCHANGE] symbol=BTCU base=BTC quote=U status=TRADING permissions=[]
[18:15:22.335] [OK] START
[18:15:22.633] [INFO] [EXEC] LIVE ON
[18:15:22.641] [INFO] [EXEC] WAIT READY
[18:15:23.182] [WS] primary url=wss://stream.binance.com:9443/ws/btcu@bookTicker
[18:15:23.183] [WS] connecting primary
[18:15:24.220] [WARNING] [HEALTH] block spread_too_young lifetime=0
[18:15:24.222] [WARNING] [HEALTH] unstable_spread lifetime=0
[18:15:24.225] [WARNING] [EXEC] BLOCK reason=market_health_bad
[18:15:24.230] [WS] connected
[18:15:24.230] [WS] LIVE bid=81970.01 ask=81978.00
[18:15:24.478] [WARNING] [HEALTH] block spread_too_young lifetime=258
[18:15:24.481] [WARNING] [HEALTH] unstable_spread lifetime=258
[18:15:24.483] [WARNING] [EXEC] BLOCK reason=market_health_bad
[18:15:24.488] [OK] [PLAN] READY entry=81972.01 exit=81975.73 profit=0.045347 age=258ms
[18:15:26.317] [INFO] [EXEC] SELL ACCOUNTING RESET new_cycle
[18:15:26.321] [OK] [EXEC] BUY ORDER SENT orderId=383204498 price=81972.01 qty=0.012190
[18:15:26.324] [OK] [EXEC] PLACE BUY price=81972.01 qty=0.012190
[18:15:26.620] [OK] [PLAN] HOT entry=81974.02 exit=81980.05 profit=0.073506 age=2132ms
[18:15:29.287] [WS] LIVE bid=81972.04 ask=81982.05
[18:15:31.648] [WARNING] [EXEC] BUY TIMEOUT orderId=383204498
[18:15:31.651] [WARNING] [EXEC] CANCEL BUY orderId=383204498
[18:15:31.924] [OK] [EXEC] BUY CANCELED confirmed
[18:15:32.189] [INFO] [EXEC] BUY FINAL STATUS status=CANCELED orderId=383204498
[18:15:32.193] [WARNING] [EXEC] BLOCK reason=buy_not_filled
[18:15:33.881] [INFO] [HEALTH] state=GOOD
[18:15:34.163] [INFO] [EXEC] SELL ACCOUNTING RESET new_cycle
[18:15:34.164] [OK] [EXEC] BUY ORDER SENT orderId=383204629 price=81976.96 qty=0.012190
[18:15:34.164] [OK] [EXEC] PLACE BUY price=81976.96 qty=0.012190
[18:15:34.166] [WS] LIVE bid=81974.97 ask=81983.71
[18:15:34.470] [OK] [PLAN] READY entry=81978.97 exit=81982.02 profit=0.037179 age=9972ms
[18:15:37.972] [OK] [SYNC] order filled detected
[18:15:37.974] [OK] [SYNC] BUY filled on exchange
[18:15:37.975] [OK] [EXEC] BUY FILL UPDATE delta=0.012190 avg=81976.96
[18:15:37.978] [OK] [EXEC] CHUNK ADD qty=0.012190 entry=81976.96
[18:15:37.980] [INFO] [EXEC] CHUNK COUNT n=1
[18:15:37.982] [OK] [EXEC] INVENTORY qty=0.012190
[18:15:37.984] [OK] [EXEC] SELL REQUIRED inventory=0.012190
[18:15:38.839] [INFO] [EXEC] SELL CHECK inventory=0.012190 reported=0.000000 remaining=0.012190 chunks=1
[18:15:38.843] [OK] [EXEC] PLACE SELL price=81982.01 qty=0.012190
[18:15:39.109] [OK] [EXEC] SELL ORDER SENT orderId=383204751
[18:15:39.113] [OK] [PLAN] HOT entry=81975.86 exit=81982.01 profit=0.074968 age=14349ms
[18:15:39.115] [WS] LIVE bid=81973.86 ask=81984.02
[18:15:39.180] [INFO] [EXEC] RECOVERY WAIT hard_sl_pending_recovery
[18:15:39.473] [OK] [PLAN] READY entry=81975.87 exit=81980.00 profit=0.050345 age=14960ms
[18:15:39.505] [INFO] [EXEC] RECOVERY WAIT hard_sl_pending_recovery
[18:15:39.778] [OK] [PLAN] HOT entry=81972.01 exit=81979.99 profit=0.097276 age=15285ms
[18:15:41.380] [INFO] [EXEC] RECOVERY WAIT hard_sl_pending_recovery
[18:15:41.652] [WARNING] [EXEC] SELL TIMEOUT orderId=383204751
[18:15:41.656] [WARNING] [EXEC] CANCEL SELL orderId=383204751
[18:15:42.205] [INFO] [EXEC] SELL FINAL STATUS status=CANCELED orderId=383204751
[18:15:42.208] [INFO] [EXEC] SELL TIMEOUT check fast_exit
[18:15:42.210] [WARNING] [EXEC] FORCE EXIT hard_sl_triggered
[18:15:42.211] [ERROR] [EXEC] HARD SL triggered
[18:15:42.212] [WARNING] [EXEC] PANIC EXIT sl_mode
[18:15:42.213] [WARNING] [EXEC] FORCE EXIT price=81980.55
[18:15:42.214] [OK] [EXEC] PLACE SELL price=81980.55 qty=0.012190
[18:15:42.522] [WARNING] [EXEC] PANIC START price=81980.55
[18:15:42.526] [OK] [EXEC] SELL ORDER SENT orderId=383204973
[18:15:44.559] [WARNING] [EXEC] PANIC WAIT still_open orderId=383204973
[18:15:44.563] [WARNING] [EXEC] PANIC HOLD active orderId=383204973
[18:15:45.072] [WS] LIVE bid=81945.81 ask=81959.89
[18:15:45.399] [WARNING] [EXEC] PANIC HOLD active orderId=383204973
[18:15:47.934] [WARNING] [EXEC] PANIC WAIT still_open orderId=383204973
[18:15:47.938] [WARNING] [EXEC] PANIC HOLD active orderId=383204973
[18:15:50.987] [WS] LIVE bid=81928.91 ask=81937.99
[18:15:51.365] [WARNING] [EXEC] PANIC WAIT still_open orderId=383204973
[18:15:51.369] [WARNING] [EXEC] PANIC HOLD active orderId=383204973
[18:15:52.894] [OK] [PLAN] READY entry=81924.04 exit=81928.00 profit=0.048312 age=28398ms
[18:15:54.939] [WARNING] [EXEC] PANIC WAIT still_open orderId=383204973
[18:15:54.943] [WARNING] [EXEC] PANIC HOLD active orderId=383204973
[18:15:54.948] [OK] [PLAN] HOT entry=81925.59 exit=81934.87 profit=0.113216 age=30455ms
[18:15:55.512] [WS] LIVE bid=81923.59 ask=81936.43
[18:15:56.978] [WARNING] [EXEC] PANIC HOLD active orderId=383204973
[18:15:59.335] [WARNING] [EXEC] PANIC WAIT still_open orderId=383204973
[18:15:59.338] [WARNING] [EXEC] PANIC HOLD active orderId=383204973
[18:15:59.341] [OK] [PLAN] READY entry=81924.76 exit=81928.54 profit=0.046116 age=34837ms
[18:15:59.842] [WS] LIVE bid=81922.77 ask=81934.44
[18:16:00.716] [WARNING] [EXEC] PANIC HOLD active orderId=383204973
[18:16:00.722] [OK] [PLAN] HOT entry=81924.77 exit=81932.43 profit=0.093452 age=36233ms
[18:16:02.573] [WARNING] [EXEC] PANIC WAIT still_open orderId=383204973
[18:16:02.577] [WARNING] [EXEC] PANIC STALE detected orderId=383204973
[18:16:02.580] [WARNING] [EXEC] PANIC ESCALATE old=81980.55 new=81932.29 qty=0.012190
[18:16:03.514] [WARNING] [EXEC] PANIC ESCALATE placed orderId=383206036
[18:16:04.070] [OK] [SYNC] order filled detected
[18:16:04.072] [OK] [SYNC] SELL filled on exchange
[18:16:04.073] [OK] [EXEC] FIFO CLOSE qty=0.012190 entry=81976.96 exit=81932.31 pnl=-0.544337
[18:16:04.075] [INFO] [EXEC] CHUNK DRAINED
[18:16:04.077] [OK] [EXEC] REALIZED pnl=-0.544337
[18:16:04.080] [INFO] [EXEC] SELL ACCOUNTING RESET flat
[18:16:04.082] [OK] [EXEC] CYCLE CLOSED pnl=-0.544337
[18:16:04.082] [INFO] [EXEC] SESSION realized=-0.544337 wins=0 losses=1
[18:16:04.883] [INFO] [HEALTH] state=GOOD
[18:16:05.154] [INFO] [EXEC] SELL ACCOUNTING RESET new_cycle
[18:16:05.158] [OK] [EXEC] BUY ORDER SENT orderId=383206076 price=81933.28 qty=0.012200
[18:16:05.161] [OK] [EXEC] PLACE BUY price=81933.28 qty=0.012200
[18:16:05.165] [WS] LIVE bid=81933.28 ask=81944.39
[18:16:07.517] [OK] [SYNC] order filled detected
[18:16:07.520] [OK] [SYNC] BUY filled on exchange
[18:16:07.521] [OK] [EXEC] BUY FILL UPDATE delta=0.012200 avg=81933.28
[18:16:07.522] [OK] [EXEC] CHUNK ADD qty=0.012200 entry=81933.28
[18:16:07.523] [INFO] [EXEC] CHUNK COUNT n=1
[18:16:07.524] [OK] [EXEC] INVENTORY qty=0.012200
[18:16:07.525] [OK] [EXEC] SELL REQUIRED inventory=0.012200
[18:16:07.842] [INFO] [EXEC] SELL CHECK inventory=0.012200 reported=0.000000 remaining=0.012200 chunks=1
[18:16:07.846] [OK] [EXEC] PLACE SELL price=81937.16 qty=0.012200
[18:16:08.116] [OK] [EXEC] SELL ORDER SENT orderId=383206271
[18:16:11.699] [WS] LIVE bid=81917.04 ask=81926.13
[18:16:12.659] [WARNING] [EXEC] PANIC WAIT still_open orderId=383206271
[18:16:12.662] [WARNING] [EXEC] PANIC HOLD active orderId=383206271
[18:16:12.665] [OK] [PLAN] READY entry=81916.01 exit=81919.99 profit=0.048556 age=48166ms
[18:16:13.939] [WARNING] [EXEC] PANIC HOLD active orderId=383206271
[18:16:13.945] [OK] [PLAN] HOT entry=81914.67 exit=81926.30 profit=0.141886 age=49459ms
[18:16:14.792] [WARNING] [EXEC] PANIC HOLD active orderId=383206271
[18:16:15.813] [WS] LIVE bid=81910.46 ask=81918.59
[18:16:16.320] [WARNING] [EXEC] PANIC WAIT still_open orderId=383206271
[18:16:16.324] [WARNING] [EXEC] PANIC HOLD active orderId=383206271
[18:16:21.599] [WARNING] [EXEC] PANIC WAIT still_open orderId=383206271
[18:16:21.603] [WARNING] [EXEC] PANIC HOLD active orderId=383206271
[18:16:21.903] [WS] LIVE bid=81900.34 ask=81909.91
[18:16:22.286] [WARNING] [EXEC] PANIC HOLD active orderId=383206271
[18:16:23.857] [WARNING] [EXEC] PANIC HOLD escalated orderId=383206271
[18:16:25.409] [WARNING] [EXEC] PANIC WAIT still_open orderId=383206271
[18:16:25.412] [WARNING] [EXEC] PANIC HOLD escalated orderId=383206271
[18:16:25.418] [OK] [PLAN] READY entry=81916.77 exit=81920.00 profit=0.039406 age=60913ms
[18:16:26.479] [WS] LIVE bid=81914.77 ask=81924.42
[18:16:27.445] [WARNING] [EXEC] PANIC HOLD escalated orderId=383206271
[18:16:28.842] [WARNING] [EXEC] PANIC WAIT still_open orderId=383206271
[18:16:28.846] [WARNING] [EXEC] PANIC HOLD escalated orderId=383206271
[18:16:30.412] [OK] [PLAN] HOT entry=81907.16 exit=81913.54 profit=0.077836 age=65912ms
[18:16:31.778] [WS] LIVE bid=81906.01 ask=81916.30
[18:16:32.553] [WARNING] [EXEC] PANIC WAIT still_open orderId=383206271
[18:16:32.556] [WARNING] [EXEC] PANIC HOLD escalated orderId=383206271
[18:16:35.551] [WARNING] [EXEC] PANIC WAIT still_open orderId=383206271
[18:16:35.555] [WARNING] [EXEC] PANIC HOLD escalated orderId=383206271
[18:16:36.600] [WS] LIVE bid=81906.00 ask=81914.92
[18:16:36.970] [WARNING] [EXEC] PANIC HOLD escalated orderId=383206271
[18:16:40.555] [WARNING] [EXEC] PANIC WAIT still_open orderId=383206271
[18:16:40.558] [WARNING] [EXEC] PANIC HOLD escalated orderId=383206271
[18:16:41.643] [OK] [PLAN] READY entry=81908.01 exit=81911.97 profit=0.048312 age=1088ms
[18:16:42.697] [WS] LIVE bid=81906.00 ask=81913.97
[18:16:44.097] [WARNING] [EXEC] PANIC WAIT still_open orderId=383206271
[18:16:44.100] [WARNING] [EXEC] PANIC HOLD escalated orderId=383206271
[18:16:44.739] [WARNING] [SYNC] desync fixed
[18:16:44.743] [INFO] [EXEC] EXIT RECOVERY inventory_no_sell qty=0.012200
[18:16:45.014] [INFO] [EXEC] SELL CHECK inventory=0.012200 reported=0.000000 remaining=0.012200 chunks=1
[18:16:45.018] [OK] [EXEC] PLACE SELL price=81933.32 qty=0.012200
[18:16:45.286] [OK] [EXEC] SELL ORDER SENT orderId=383207788
[18:16:47.166] [WS] LIVE bid=81906.02 ask=81911.99
[18:16:49.654] [WARNING] [EXEC] PANIC WAIT still_open orderId=383207788
[18:16:49.658] [WARNING] [EXEC] PANIC HOLD escalated orderId=383207788
[18:16:52.038] [WS] LIVE bid=81906.00 ask=81918.36
[18:16:52.613] [WARNING] [EXEC] PANIC HOLD escalated orderId=383207788
[18:16:52.620] [OK] [PLAN] HOT entry=81908.00 exit=81916.35 profit=0.101870 age=1422ms
[18:16:54.237] [WARNING] [EXEC] PANIC WAIT still_open orderId=383207788
[18:16:54.241] [WARNING] [EXEC] PANIC HOLD escalated orderId=383207788
[18:16:58.169] [WARNING] [EXEC] PANIC WAIT still_open orderId=383207788
[18:16:58.173] [WARNING] [EXEC] PANIC HOLD escalated orderId=383207788
[18:16:58.177] [WS] LIVE bid=81901.06 ask=81914.08
[18:16:59.067] [WARNING] [EXEC] PANIC HOLD escalated orderId=383207788
[18:17:00.521] [OK] [PLAN] READY entry=81916.01 exit=81919.99 profit=0.048556 age=9339ms
[18:17:01.967] [WARNING] [EXEC] PANIC WAIT still_open orderId=383207788
[18:17:01.970] [WARNING] [EXEC] PANIC HOLD escalated orderId=383207788
[18:17:01.975] [OK] [PLAN] HOT entry=81920.92 exit=81927.34 profit=0.078324 age=10759ms
