[19:16:43.237] [OK] filters loaded
[19:16:43.614] [INFO] [EXEC] STREAM_STATS_UI cycles=0 wins=0 losses=0 pnl=+0.000000 winrate=0.00%
[19:16:45.961] [INFO] START_CLICK received enabled=True api_ready=True running=False
[19:16:45.961] [INFO] START_SETTINGS live_enabled=True guard_mode=FAST entry_mode=AGGRESSIVE exit_engine=True order_size=222.0
[19:16:45.961] [INFO] START_PROFILE order_size=222.0 min_spread=7.0 guard_mode=FAST entry_mode=AGGRESSIVE sell_timeout=2200 far_sell_ticks=30 taker_exit_after_ms=1600
[19:16:45.961] [INFO] SETTINGS_MERGE_PRESERVE existing_values=true missing_added=0
[19:16:46.448] [EXCHANGE] symbol=BTCU base=BTC quote=U status=TRADING permissions=[]
[19:16:46.453] [OK] START
[19:16:46.455] [OK] START_OK runtime_started
[19:16:46.455] [INFO] [EXEC] STREAMS_ENABLED count=20 range_ticks=200 step_ticks=10
[19:16:46.457] [INFO] [EXEC] GRID_BUDGET_SOURCE source=max_exposure_u budget=5000.00
[19:16:46.459] [INFO] [EXEC] STREAM_CREATE stream_id=1 buy_price=80782.29000000 budget=250.00 qty=0.00309000
[19:16:46.461] [INFO] [EXEC] STREAM_CREATE stream_id=2 buy_price=80782.19000000 budget=250.00 qty=0.00309000
[19:16:46.463] [INFO] [EXEC] STREAM_CREATE stream_id=3 buy_price=80782.09000000 budget=250.00 qty=0.00309000
[19:16:46.465] [INFO] [EXEC] STREAM_CREATE stream_id=4 buy_price=80781.99000000 budget=250.00 qty=0.00309000
[19:16:46.466] [INFO] [EXEC] STREAM_CREATE stream_id=5 buy_price=80781.89000000 budget=250.00 qty=0.00309000
[19:16:46.467] [INFO] [EXEC] STREAM_CREATE stream_id=6 buy_price=80781.79000000 budget=250.00 qty=0.00309000
[19:16:46.468] [INFO] [EXEC] STREAM_CREATE stream_id=7 buy_price=80781.69000000 budget=250.00 qty=0.00309000
[19:16:46.470] [INFO] [EXEC] STREAM_CREATE stream_id=8 buy_price=80781.59000000 budget=250.00 qty=0.00309000
[19:16:46.471] [INFO] [EXEC] STREAM_CREATE stream_id=9 buy_price=80781.49000000 budget=250.00 qty=0.00309000
[19:16:46.472] [INFO] [EXEC] STREAM_CREATE stream_id=10 buy_price=80781.39000000 budget=250.00 qty=0.00309000
[19:16:46.473] [INFO] [EXEC] STREAM_CREATE stream_id=11 buy_price=80781.29000000 budget=250.00 qty=0.00309000
[19:16:46.474] [INFO] [EXEC] STREAM_CREATE stream_id=12 buy_price=80781.19000000 budget=250.00 qty=0.00309000
[19:16:46.475] [INFO] [EXEC] STREAM_CREATE stream_id=13 buy_price=80781.09000000 budget=250.00 qty=0.00309000
[19:16:46.476] [INFO] [EXEC] STREAM_CREATE stream_id=14 buy_price=80780.99000000 budget=250.00 qty=0.00309000
[19:16:46.477] [INFO] [EXEC] STREAM_CREATE stream_id=15 buy_price=80780.89000000 budget=250.00 qty=0.00309000
[19:16:46.478] [INFO] [EXEC] STREAM_CREATE stream_id=16 buy_price=80780.79000000 budget=250.00 qty=0.00309000
[19:16:46.479] [INFO] [EXEC] STREAM_CREATE stream_id=17 buy_price=80780.69000000 budget=250.00 qty=0.00309000
[19:16:46.480] [INFO] [EXEC] STREAM_CREATE stream_id=18 buy_price=80780.59000000 budget=250.00 qty=0.00309000
[19:16:46.483] [INFO] [EXEC] STREAM_CREATE stream_id=19 buy_price=80780.49000000 budget=250.00 qty=0.00309000
[19:16:46.484] [INFO] [EXEC] STREAM_CREATE stream_id=20 buy_price=80780.39000000 budget=250.00 qty=0.00309000
[19:16:46.485] [INFO] [EXEC] STREAM_CREATE_DONE count=20 budget=5000.00 step_ticks=10
[19:16:46.745] [INFO] [EXEC] LIVE ON
[19:16:46.746] [INFO] [EXEC] WAIT READY
[19:16:46.747] [INFO] [HEALTH] state=DANGER
[19:16:46.748] [INFO] [EXEC] STREAM_GUARD_SIMPLE_PASS
[19:16:46.749] [INFO] [EXEC] STREAM_MODE_ACTIVE_SKIP_SINGLE_ENTRY
[19:16:47.267] [INFO] [EXEC] STREAM_BUY_PLACED level_id=1 order_id=386856649
[19:16:47.270] [OK] [EXEC] PLACE BUY price=80782.29 qty=0.003090
[19:16:47.530] [INFO] [EXEC] STREAM_BUY_PLACED level_id=2 order_id=386856652
[19:16:47.531] [OK] [EXEC] PLACE BUY price=80782.19 qty=0.003090
[19:16:47.794] [INFO] [EXEC] STREAM_BUY_PLACED level_id=3 order_id=386856665
[19:16:47.798] [OK] [EXEC] PLACE BUY price=80782.09 qty=0.003090
[19:16:48.551] [WS] primary url=wss://stream.binance.com:9443/ws/btcu@bookTicker
[19:16:48.553] [WS] connecting primary
[19:16:48.557] [WS] connected
[19:16:49.308] [INFO] [EXEC] STREAM_BUY_FILLED level_id=1
[19:16:49.311] [OK] [EXEC] CHUNK ADD qty=0.003090 entry=80782.29
[19:16:49.312] [INFO] [EXEC] CHUNK COUNT n=1
[19:16:49.313] [INFO] [EXEC] STREAM_TARGET_USED ticks=80 sell_price=80783.09
[19:16:49.573] [INFO] [EXEC] STREAM_SELL_PLACED stream_id=1 chunk_id=2131743564160 order_id=386856697 price=80783.09 qty=0.003090
[19:16:49.862] [INFO] [EXEC] STREAM_BUY_FILLED level_id=2
[19:16:49.865] [OK] [EXEC] CHUNK ADD qty=0.003090 entry=80782.19
[19:16:49.868] [INFO] [EXEC] CHUNK COUNT n=2
[19:16:49.870] [INFO] [EXEC] STREAM_TARGET_USED ticks=80 sell_price=80782.99
[19:16:50.137] [INFO] [EXEC] STREAM_SELL_PLACED stream_id=2 chunk_id=2131684755600 order_id=386856710 price=80782.99 qty=0.003090
[19:16:50.399] [INFO] [EXEC] STREAM_BUY_FILLED level_id=3
[19:16:50.402] [OK] [EXEC] CHUNK ADD qty=0.003090 entry=80782.09
[19:16:50.406] [INFO] [EXEC] CHUNK COUNT n=3
[19:16:50.409] [INFO] [EXEC] STREAM_TARGET_USED ticks=80 sell_price=80782.89
[19:16:50.677] [INFO] [EXEC] STREAM_SELL_PLACED stream_id=3 chunk_id=2131743559552 order_id=386856729 price=80782.89 qty=0.003090
[19:16:50.969] [INFO] [EXEC] STREAM_SELL_STATUS stream_id=1 chunk_id=2131743564160 order_id=386856697 status=FILLED
[19:16:50.971] [INFO] [EXEC] STREAM_SELL_FILLED stream_id=1 chunk_id=2131743564160 order_id=386856697
[19:16:50.973] [OK] [EXEC] FIFO CLOSE qty=0.003090 entry=80782.29 exit=80783.09 pnl=+0.002472
[19:16:50.974] [INFO] [EXEC] STREAM_PNL stream_id=1 pnl=+0.002472
[19:16:50.975] [INFO] [EXEC] STREAM_RECYCLED level_id=1
[19:16:50.976] [INFO] [EXEC] STREAM_RECYCLED stream_id=1
[19:16:51.248] [INFO] [EXEC] STREAM_SELL_STATUS stream_id=2 chunk_id=2131684755600 order_id=386856710 status=FILLED
[19:16:51.251] [INFO] [EXEC] STREAM_SELL_FILLED stream_id=2 chunk_id=2131684755600 order_id=386856710
[19:16:51.253] [OK] [EXEC] FIFO CLOSE qty=0.003090 entry=80782.19 exit=80782.99 pnl=+0.002472
[19:16:51.254] [INFO] [EXEC] STREAM_PNL stream_id=2 pnl=+0.002472
[19:16:51.255] [INFO] [EXEC] STREAM_RECYCLED level_id=2
[19:16:51.256] [INFO] [EXEC] STREAM_RECYCLED stream_id=2
[19:16:51.520] [INFO] [EXEC] STREAM_SELL_STATUS stream_id=3 chunk_id=2131743559552 order_id=386856729 status=FILLED
[19:16:51.523] [INFO] [EXEC] STREAM_SELL_FILLED stream_id=3 chunk_id=2131743559552 order_id=386856729
[19:16:51.525] [OK] [EXEC] FIFO CLOSE qty=0.003090 entry=80782.09 exit=80782.89 pnl=+0.002472
[19:16:51.526] [INFO] [EXEC] STREAM_PNL stream_id=3 pnl=+0.002472
[19:16:51.527] [INFO] [EXEC] STREAM_RECYCLED level_id=3
[19:16:51.528] [INFO] [EXEC] STREAM_RECYCLED stream_id=3
[19:16:51.529] [WARNING] [HEALTH] block spread_too_young lifetime=0
[19:16:51.530] [WARNING] [HEALTH] unstable_spread lifetime=0
[19:16:51.531] [INFO] [EXEC] STREAM_GUARD_SIMPLE_PASS
[19:16:51.792] [INFO] [EXEC] STREAM_BUY_PLACED level_id=1 order_id=386856746
[19:16:51.796] [OK] [EXEC] PLACE BUY price=80782.29 qty=0.003090
[19:16:52.070] [INFO] [EXEC] STREAM_BUY_PLACED level_id=2 order_id=386856752
[19:16:52.073] [OK] [EXEC] PLACE BUY price=80782.19 qty=0.003090
[19:16:52.351] [INFO] [EXEC] STREAM_BUY_PLACED level_id=3 order_id=386856758
[19:16:52.353] [OK] [EXEC] PLACE BUY price=80782.09 qty=0.003090
[19:16:54.121] [INFO] [EXEC] STREAM_BUY_FILLED level_id=3
[19:16:54.124] [OK] [EXEC] CHUNK ADD qty=0.003090 entry=80782.09
[19:16:54.126] [INFO] [EXEC] CHUNK COUNT n=1
[19:16:54.127] [INFO] [EXEC] STREAM_TARGET_USED ticks=80 sell_price=80782.89
[19:16:54.389] [INFO] [EXEC] STREAM_SELL_PLACED stream_id=3 chunk_id=2131743567664 order_id=386856773 price=80782.89 qty=0.003090
[19:16:54.657] [INFO] [EXEC] STREAM_SELL_STATUS stream_id=3 chunk_id=2131743567664 order_id=386856773 status=FILLED
[19:16:54.660] [INFO] [EXEC] STREAM_SELL_FILLED stream_id=3 chunk_id=2131743567664 order_id=386856773
[19:16:54.665] [OK] [EXEC] FIFO CLOSE qty=0.003090 entry=80782.09 exit=80782.89 pnl=+0.002472
[19:16:54.667] [INFO] [EXEC] STREAM_PNL stream_id=3 pnl=+0.002472
[19:16:54.670] [INFO] [EXEC] STREAM_RECYCLED level_id=3
[19:16:54.671] [INFO] [EXEC] STREAM_RECYCLED stream_id=3
[19:16:54.673] [INFO] [EXEC] STREAM_GUARD_SIMPLE_PASS
[19:16:54.674] [INFO] [EXEC] STREAM_MODE_ACTIVE_SKIP_SINGLE_ENTRY
[19:16:55.414] [INFO] [EXEC] STREAM_BUY_PLACED level_id=3 order_id=386856813
[19:16:55.418] [OK] [EXEC] PLACE BUY price=80782.09 qty=0.003090
[19:16:55.682] [INFO] [EXEC] STREAM_BUY_PLACED level_id=4 order_id=386856822
[19:16:55.685] [OK] [EXEC] PLACE BUY price=80781.99 qty=0.003090
[19:16:55.954] [INFO] [EXEC] STREAM_BUY_PLACED level_id=5 order_id=386856836
[19:16:55.957] [OK] [EXEC] PLACE BUY price=80781.89 qty=0.003090
[19:16:57.304] [INFO] [EXEC] STREAM_BUY_FILLED level_id=1
[19:16:57.307] [OK] [EXEC] CHUNK ADD qty=0.003090 entry=80782.29
[19:16:57.309] [INFO] [EXEC] CHUNK COUNT n=1
[19:16:57.310] [INFO] [EXEC] STREAM_TARGET_USED ticks=80 sell_price=80783.09
[19:16:57.570] [INFO] [EXEC] STREAM_SELL_PLACED stream_id=1 chunk_id=2131743568480 order_id=386856878 price=80783.09 qty=0.003090
[19:16:57.852] [INFO] [EXEC] STREAM_BUY_FILLED level_id=2
[19:16:57.855] [OK] [EXEC] CHUNK ADD qty=0.003090 entry=80782.19
[19:16:57.857] [INFO] [EXEC] CHUNK COUNT n=2
[19:16:57.859] [INFO] [EXEC] STREAM_TARGET_USED ticks=80 sell_price=80782.99
[19:16:58.140] [INFO] [EXEC] STREAM_SELL_PLACED stream_id=2 chunk_id=2131743568528 order_id=386856905 price=80782.99 qty=0.003090
[19:16:59.133] [INFO] [EXEC] STREAM_BUY_FILLED level_id=3
[19:16:59.136] [OK] [EXEC] CHUNK ADD qty=0.003090 entry=80782.09
[19:16:59.139] [INFO] [EXEC] CHUNK COUNT n=3
[19:16:59.141] [INFO] [EXEC] STREAM_TARGET_USED ticks=80 sell_price=80782.89
[19:16:59.407] [INFO] [EXEC] STREAM_SELL_PLACED stream_id=3 chunk_id=2131743562720 order_id=386856919 price=80782.89 qty=0.003090
[19:16:59.676] [INFO] [EXEC] STREAM_BUY_FILLED level_id=4
[19:16:59.678] [OK] [EXEC] CHUNK ADD qty=0.003090 entry=80781.99
[19:16:59.680] [INFO] [EXEC] CHUNK COUNT n=4
[19:16:59.681] [INFO] [EXEC] STREAM_TARGET_USED ticks=80 sell_price=80782.79
[19:16:59.942] [INFO] [EXEC] STREAM_SELL_PLACED stream_id=4 chunk_id=2131743571936 order_id=386856925 price=80782.79 qty=0.003090
[19:17:00.206] [INFO] [EXEC] STREAM_BUY_FILLED level_id=5
[19:17:00.207] [OK] [EXEC] CHUNK ADD qty=0.003090 entry=80781.89
[19:17:00.208] [INFO] [EXEC] CHUNK COUNT n=5
[19:17:00.208] [INFO] [EXEC] STREAM_TARGET_USED ticks=80 sell_price=80782.69
[19:17:00.474] [INFO] [EXEC] STREAM_SELL_PLACED stream_id=5 chunk_id=2131743571408 order_id=386856951 price=80782.69 qty=0.003090
[19:17:00.746] [INFO] [EXEC] STREAM_SELL_STATUS stream_id=1 chunk_id=2131743568480 order_id=386856878 status=NEW
[19:17:01.022] [INFO] [EXEC] STREAM_SELL_STATUS stream_id=2 chunk_id=2131743568528 order_id=386856905 status=FILLED
[19:17:01.026] [INFO] [EXEC] STREAM_SELL_FILLED stream_id=2 chunk_id=2131743568528 order_id=386856905
[19:17:01.028] [OK] [EXEC] FIFO CLOSE qty=0.003090 entry=80782.19 exit=80782.99 pnl=+0.002472
[19:17:01.030] [INFO] [EXEC] STREAM_PNL stream_id=2 pnl=+0.002472
[19:17:01.032] [INFO] [EXEC] STREAM_RECYCLED level_id=2
[19:17:01.033] [INFO] [EXEC] STREAM_RECYCLED stream_id=2
[19:17:01.295] [INFO] [EXEC] STREAM_SELL_STATUS stream_id=3 chunk_id=2131743562720 order_id=386856919 status=NEW
[19:17:01.575] [INFO] [EXEC] STREAM_SELL_STATUS stream_id=4 chunk_id=2131743571936 order_id=386856925 status=NEW
[19:17:01.862] [INFO] [EXEC] STREAM_SELL_STATUS stream_id=5 chunk_id=2131743571408 order_id=386856951 status=NEW
[19:17:01.866] [INFO] [EXEC] STREAM_REPAIR_SKIP reason=stream_owned_inventory
[19:17:01.868] [INFO] [EXEC] STREAM_GLOBAL_SELL_SKIP reason=exit_recovery_inventory_no_sell
[19:17:01.870] [INFO] [EXEC] STREAM_GLOBAL_SELL_SKIP reason=place_sell
[19:17:03.308] [INFO] [EXEC] STREAM_SELL_STATUS stream_id=1 chunk_id=2131743568480 order_id=386856878 status=NEW
[19:17:03.312] [WARNING] [EXEC] STREAM_SELL_TIMEOUT stream_id=1 chunk_id=2131743568480 order_id=386856878 age_ms=6002 timeout_ms=5000
[19:17:03.583] [INFO] [EXEC] STREAM_SELL_CANCEL_OLD stream_id=1 chunk_id=2131743568480 order_id=386856878
[19:17:03.586] [WARNING] [EXEC] STREAM_STOP_LOSS_EXIT stream_id=1 chunk_id=2131743568480 order_id=386856878 stop_price=80775.92
[19:17:04.112] [INFO] [EXEC] STREAM_SELL_STATUS stream_id=3 chunk_id=2131743562720 order_id=386856919 status=FILLED
[19:17:04.115] [INFO] [EXEC] STREAM_SELL_FILLED stream_id=3 chunk_id=2131743562720 order_id=386856919
[19:17:04.118] [OK] [EXEC] FIFO CLOSE qty=0.003090 entry=80782.09 exit=80782.89 pnl=+0.002472
[19:17:04.120] [INFO] [EXEC] STREAM_PNL stream_id=3 pnl=+0.002472
[19:17:04.122] [INFO] [EXEC] STREAM_RECYCLED level_id=3
[19:17:04.123] [INFO] [EXEC] STREAM_RECYCLED stream_id=3
[19:17:04.383] [INFO] [EXEC] STREAM_SELL_STATUS stream_id=4 chunk_id=2131743571936 order_id=386856925 status=FILLED
[19:17:04.386] [INFO] [EXEC] STREAM_SELL_FILLED stream_id=4 chunk_id=2131743571936 order_id=386856925
[19:17:04.388] [OK] [EXEC] FIFO CLOSE qty=0.003090 entry=80781.99 exit=80782.79 pnl=+0.002472
[19:17:04.389] [INFO] [EXEC] STREAM_PNL stream_id=4 pnl=+0.002472
[19:17:04.390] [INFO] [EXEC] STREAM_RECYCLED level_id=4
[19:17:04.392] [INFO] [EXEC] STREAM_RECYCLED stream_id=4
[19:17:04.659] [INFO] [EXEC] STREAM_SELL_STATUS stream_id=5 chunk_id=2131743571408 order_id=386856951 status=FILLED
[19:17:04.662] [INFO] [EXEC] STREAM_SELL_FILLED stream_id=5 chunk_id=2131743571408 order_id=386856951
[19:17:04.663] [OK] [EXEC] FIFO CLOSE qty=0.003090 entry=80781.89 exit=80782.69 pnl=+0.002472
[19:17:04.664] [INFO] [EXEC] STREAM_PNL stream_id=5 pnl=+0.002472
[19:17:04.665] [INFO] [EXEC] STREAM_RECYCLED level_id=5
[19:17:04.667] [INFO] [EXEC] STREAM_RECYCLED stream_id=5
[19:17:04.668] [INFO] [EXEC] STREAM_REPAIR_SKIP reason=stream_owned_inventory
[19:17:04.669] [INFO] [EXEC] STREAM_GLOBAL_SELL_SKIP reason=exit_recovery_inventory_no_sell
[19:17:04.670] [INFO] [EXEC] STREAM_GLOBAL_SELL_SKIP reason=place_sell
[19:17:05.305] [INFO] [EXEC] STREAM_SELL_STATUS stream_id=1 chunk_id=2131743568480 order_id=386857076 status=FILLED
[19:17:05.308] [INFO] [EXEC] STREAM_SELL_FILLED stream_id=1 chunk_id=2131743568480 order_id=386857076
[19:17:05.310] [OK] [EXEC] FIFO CLOSE qty=0.003090 entry=80782.29 exit=80775.92 pnl=-0.019683
[19:17:05.311] [INFO] [EXEC] STREAM_PNL stream_id=1 pnl=-0.019683
[19:17:05.312] [INFO] [EXEC] STREAM_RECYCLED level_id=1
[19:17:05.313] [INFO] [EXEC] STREAM_RECYCLED stream_id=1
[19:17:05.314] [INFO] [HEALTH] state=DANGER
[19:17:05.315] [INFO] [EXEC] STREAM_GUARD_SIMPLE_PASS
[19:17:05.316] [INFO] [EXEC] STREAM_MODE_ACTIVE_SKIP_SINGLE_ENTRY
[19:17:05.580] [INFO] [EXEC] STREAM_BUY_PLACED level_id=1 order_id=386857136
[19:17:05.583] [OK] [EXEC] PLACE BUY price=80782.29 qty=0.003090
[19:17:05.851] [INFO] [EXEC] STREAM_BUY_PLACED level_id=2 order_id=386857144
[19:17:05.855] [OK] [EXEC] PLACE BUY price=80782.19 qty=0.003090
[19:17:06.131] [INFO] [EXEC] STREAM_BUY_PLACED level_id=3 order_id=386857151
[19:17:06.136] [OK] [EXEC] PLACE BUY price=80782.09 qty=0.003090
[19:17:07.107] [INFO] [EXEC] STREAM_BUY_FILLED level_id=1
[19:17:07.110] [OK] [EXEC] CHUNK ADD qty=0.003090 entry=80782.29
[19:17:07.112] [INFO] [EXEC] CHUNK COUNT n=1
[19:17:07.114] [INFO] [EXEC] STREAM_TARGET_USED ticks=80 sell_price=80783.09
[19:17:07.389] [INFO] [EXEC] STREAM_SELL_PLACED stream_id=1 chunk_id=2131743558736 order_id=386857251 price=80783.09 qty=0.003090
[19:17:07.657] [INFO] [EXEC] STREAM_BUY_FILLED level_id=2
[19:17:07.660] [OK] [EXEC] CHUNK ADD qty=0.003090 entry=80782.19
[19:17:07.662] [INFO] [EXEC] CHUNK COUNT n=2
[19:17:07.663] [INFO] [EXEC] STREAM_TARGET_USED ticks=80 sell_price=80782.99
[19:17:07.925] [INFO] [EXEC] STREAM_SELL_PLACED stream_id=2 chunk_id=2131693271808 order_id=386857255 price=80782.99 qty=0.003090
[19:17:08.217] [INFO] [EXEC] STREAM_BUY_FILLED level_id=3
[19:17:08.220] [OK] [EXEC] CHUNK ADD qty=0.003090 entry=80782.09
[19:17:08.223] [INFO] [EXEC] CHUNK COUNT n=3
[19:17:08.225] [INFO] [EXEC] STREAM_TARGET_USED ticks=80 sell_price=80782.89
[19:17:08.502] [INFO] [EXEC] STREAM_SELL_PLACED stream_id=3 chunk_id=2131684769088 order_id=386857338 price=80782.89 qty=0.003090
[19:17:08.769] [INFO] [EXEC] STREAM_SELL_STATUS stream_id=1 chunk_id=2131743558736 order_id=386857251 status=NEW
[19:17:09.049] [INFO] [EXEC] STREAM_SELL_STATUS stream_id=2 chunk_id=2131693271808 order_id=386857255 status=NEW
[19:17:09.313] [INFO] [EXEC] STREAM_SELL_STATUS stream_id=3 chunk_id=2131684769088 order_id=386857338 status=NEW
[19:17:09.317] [INFO] [EXEC] STREAM_REPAIR_SKIP reason=stream_owned_inventory
[19:17:09.318] [INFO] [EXEC] STREAM_GLOBAL_SELL_SKIP reason=exit_recovery_inventory_no_sell
[19:17:09.319] [INFO] [EXEC] STREAM_GLOBAL_SELL_SKIP reason=place_sell
[19:17:10.075] [INFO] [EXEC] STREAM_SELL_STATUS stream_id=1 chunk_id=2131743558736 order_id=386857251 status=NEW
[19:17:10.346] [INFO] [EXEC] STREAM_SELL_STATUS stream_id=2 chunk_id=2131693271808 order_id=386857255 status=NEW
[19:17:10.619] [INFO] [EXEC] STREAM_SELL_STATUS stream_id=3 chunk_id=2131684769088 order_id=386857338 status=NEW
[19:17:10.622] [INFO] [EXEC] STREAM_REPAIR_SKIP reason=stream_owned_inventory
[19:17:11.326] [INFO] [EXEC] STREAM_SELL_STATUS stream_id=1 chunk_id=2131743558736 order_id=386857251 status=NEW
[19:17:11.634] [INFO] [EXEC] STREAM_SELL_STATUS stream_id=2 chunk_id=2131693271808 order_id=386857255 status=NEW
[19:17:11.900] [INFO] [EXEC] STREAM_SELL_STATUS stream_id=3 chunk_id=2131684769088 order_id=386857338 status=NEW
[19:17:11.904] [INFO] [EXEC] STREAM_REPAIR_SKIP reason=stream_owned_inventory
[19:17:11.906] [INFO] [EXEC] STREAM_GLOBAL_SELL_SKIP reason=exit_recovery_inventory_no_sell
[19:17:11.908] [INFO] [EXEC] STREAM_GLOBAL_SELL_SKIP reason=place_sell
[19:17:12.732] [INFO] [EXEC] STREAM_SELL_STATUS stream_id=1 chunk_id=2131743558736 order_id=386857251 status=NEW
[19:17:12.735] [WARNING] [EXEC] STREAM_SELL_TIMEOUT stream_id=1 chunk_id=2131743558736 order_id=386857251 age_ms=5657 timeout_ms=5000
[19:17:13.001] [INFO] [EXEC] STREAM_SELL_CANCEL_OLD stream_id=1 chunk_id=2131743558736 order_id=386857251
[19:17:13.004] [WARNING] [EXEC] STREAM_STOP_LOSS_EXIT stream_id=1 chunk_id=2131743558736 order_id=386857251 stop_price=80770.19
[19:17:13.534] [INFO] [EXEC] STREAM_SELL_STATUS stream_id=2 chunk_id=2131693271808 order_id=386857255 status=NEW
[19:17:13.537] [WARNING] [EXEC] STREAM_SELL_TIMEOUT stream_id=2 chunk_id=2131693271808 order_id=386857255 age_ms=5657 timeout_ms=5000
[19:17:13.809] [INFO] [EXEC] STREAM_SELL_CANCEL_OLD stream_id=2 chunk_id=2131693271808 order_id=386857255
[19:17:13.813] [WARNING] [EXEC] STREAM_STOP_LOSS_EXIT stream_id=2 chunk_id=2131693271808 order_id=386857255 stop_price=80770.19
[19:17:14.344] [INFO] [EXEC] STREAM_SELL_STATUS stream_id=3 chunk_id=2131684769088 order_id=386857338 status=NEW
[19:17:14.350] [WARNING] [EXEC] STREAM_SELL_TIMEOUT stream_id=3 chunk_id=2131684769088 order_id=386857338 age_ms=5657 timeout_ms=5000
[19:17:14.619] [INFO] [EXEC] STREAM_SELL_CANCEL_OLD stream_id=3 chunk_id=2131684769088 order_id=386857338
[19:17:14.622] [WARNING] [EXEC] STREAM_STOP_LOSS_EXIT stream_id=3 chunk_id=2131684769088 order_id=386857338 stop_price=80770.19
[19:17:14.885] [INFO] [EXEC] STREAM_REPAIR_SKIP reason=stream_owned_inventory
[19:17:14.888] [INFO] [EXEC] STREAM_GLOBAL_SELL_SKIP reason=exit_recovery_inventory_no_sell
[19:17:14.890] [INFO] [EXEC] STREAM_GLOBAL_SELL_SKIP reason=place_sell
[19:17:15.573] [INFO] [EXEC] STREAM_SELL_STATUS stream_id=1 chunk_id=2131743558736 order_id=386857472 status=FILLED
[19:17:15.576] [INFO] [EXEC] STREAM_SELL_FILLED stream_id=1 chunk_id=2131743558736 order_id=386857472
[19:17:15.577] [OK] [EXEC] FIFO CLOSE qty=0.003090 entry=80782.29 exit=80770.19 pnl=-0.037389
[19:17:15.579] [INFO] [EXEC] STREAM_PNL stream_id=1 pnl=-0.037389
[19:17:15.580] [INFO] [EXEC] STREAM_RECYCLED level_id=1
[19:17:15.581] [INFO] [EXEC] STREAM_RECYCLED stream_id=1
[19:17:15.846] [INFO] [EXEC] STREAM_SELL_STATUS stream_id=2 chunk_id=2131693271808 order_id=386857500 status=FILLED
[19:17:15.849] [INFO] [EXEC] STREAM_SELL_FILLED stream_id=2 chunk_id=2131693271808 order_id=386857500
[19:17:15.852] [OK] [EXEC] FIFO CLOSE qty=0.003090 entry=80782.19 exit=80770.19 pnl=-0.037080
[19:17:15.855] [INFO] [EXEC] STREAM_PNL stream_id=2 pnl=-0.037080
[19:17:15.857] [INFO] [EXEC] STREAM_RECYCLED level_id=2
[19:17:15.858] [INFO] [EXEC] STREAM_RECYCLED stream_id=2
[19:17:16.131] [INFO] [EXEC] STREAM_SELL_STATUS stream_id=3 chunk_id=2131684769088 order_id=386857530 status=FILLED
[19:17:16.134] [INFO] [EXEC] STREAM_SELL_FILLED stream_id=3 chunk_id=2131684769088 order_id=386857530
[19:17:16.136] [OK] [EXEC] FIFO CLOSE qty=0.003090 entry=80782.09 exit=80770.19 pnl=-0.036771
[19:17:16.137] [INFO] [EXEC] STREAM_PNL stream_id=3 pnl=-0.036771
[19:17:16.139] [INFO] [EXEC] STREAM_RECYCLED level_id=3
[19:17:16.140] [INFO] [EXEC] STREAM_RECYCLED stream_id=3
[19:17:16.142] [WARNING] [HEALTH] block spread_too_young lifetime=0
[19:17:16.143] [WARNING] [HEALTH] unstable_spread lifetime=0
[19:17:16.144] [INFO] [EXEC] STREAM_GUARD_SIMPLE_PASS
[19:17:16.144] [INFO] [EXEC] STREAM_MODE_ACTIVE_SKIP_SINGLE_ENTRY
[19:17:16.408] [INFO] [EXEC] STREAM_BUY_PLACED level_id=1 order_id=386857586
[19:17:16.411] [OK] [EXEC] PLACE BUY price=80782.29 qty=0.003090
[19:17:16.670] [INFO] [EXEC] STREAM_BUY_PLACED level_id=2 order_id=386857609
[19:17:16.671] [OK] [EXEC] PLACE BUY price=80782.19 qty=0.003090
[19:17:16.932] [INFO] [EXEC] STREAM_BUY_PLACED level_id=3 order_id=386857626
[19:17:16.935] [OK] [EXEC] PLACE BUY price=80782.09 qty=0.003090
[19:17:17.623] [INFO] [EXEC] STREAM_BUY_FILLED level_id=1
[19:17:17.626] [OK] [EXEC] CHUNK ADD qty=0.003090 entry=80782.29
[19:17:17.628] [INFO] [EXEC] CHUNK COUNT n=1
[19:17:17.630] [INFO] [EXEC] STREAM_TARGET_USED ticks=80 sell_price=80783.09
[19:17:17.927] [INFO] [EXEC] STREAM_SELL_PLACED stream_id=1 chunk_id=2131743568864 order_id=386857636 price=80783.09 qty=0.003090
[19:17:18.193] [INFO] [EXEC] STREAM_BUY_FILLED level_id=2
[19:17:18.197] [OK] [EXEC] CHUNK ADD qty=0.003090 entry=80782.19
[19:17:18.198] [INFO] [EXEC] CHUNK COUNT n=2
[19:17:18.200] [INFO] [EXEC] STREAM_TARGET_USED ticks=80 sell_price=80782.99
[19:17:18.467] [INFO] [EXEC] STREAM_SELL_PLACED stream_id=2 chunk_id=2131693256784 order_id=386857653 price=80782.99 qty=0.003090
[19:17:18.734] [INFO] [EXEC] STREAM_BUY_FILLED level_id=3
[19:17:18.735] [OK] [EXEC] CHUNK ADD qty=0.003090 entry=80782.09
[19:17:18.735] [INFO] [EXEC] CHUNK COUNT n=3
[19:17:18.736] [INFO] [EXEC] STREAM_TARGET_USED ticks=80 sell_price=80782.89
[19:17:18.997] [INFO] [EXEC] STREAM_SELL_PLACED stream_id=3 chunk_id=2131743567424 order_id=386857655 price=80782.89 qty=0.003090
[19:17:19.267] [INFO] [EXEC] STREAM_SELL_STATUS stream_id=1 chunk_id=2131743568864 order_id=386857636 status=NEW
[19:17:19.528] [INFO] [EXEC] STREAM_SELL_STATUS stream_id=2 chunk_id=2131693256784 order_id=386857653 status=NEW
[19:17:19.796] [INFO] [EXEC] STREAM_SELL_STATUS stream_id=3 chunk_id=2131743567424 order_id=386857655 status=NEW
[19:17:19.799] [INFO] [EXEC] STREAM_REPAIR_SKIP reason=stream_owned_inventory
[19:17:19.800] [INFO] [EXEC] STREAM_GLOBAL_SELL_SKIP reason=exit_recovery_inventory_no_sell
[19:17:19.801] [INFO] [EXEC] STREAM_GLOBAL_SELL_SKIP reason=place_sell
[19:17:20.611] [INFO] [EXEC] STREAM_SELL_STATUS stream_id=1 chunk_id=2131743568864 order_id=386857636 status=NEW
[19:17:20.879] [INFO] [EXEC] STREAM_SELL_STATUS stream_id=2 chunk_id=2131693256784 order_id=386857653 status=NEW
[19:17:21.149] [INFO] [EXEC] STREAM_SELL_STATUS stream_id=3 chunk_id=2131743567424 order_id=386857655 status=NEW
[19:17:21.153] [INFO] [EXEC] STREAM_REPAIR_SKIP reason=stream_owned_inventory
[19:17:21.906] [INFO] [EXEC] STREAM_SELL_STATUS stream_id=1 chunk_id=2131743568864 order_id=386857636 status=NEW
[19:17:22.175] [INFO] [EXEC] STREAM_SELL_STATUS stream_id=2 chunk_id=2131693256784 order_id=386857653 status=NEW
[19:17:22.446] [INFO] [EXEC] STREAM_SELL_STATUS stream_id=3 chunk_id=2131743567424 order_id=386857655 status=NEW
[19:17:22.450] [INFO] [EXEC] STREAM_REPAIR_SKIP reason=stream_owned_inventory
[19:17:22.451] [INFO] [EXEC] STREAM_GLOBAL_SELL_SKIP reason=exit_recovery_inventory_no_sell
[19:17:22.453] [INFO] [EXEC] STREAM_GLOBAL_SELL_SKIP reason=place_sell
[19:17:23.133] [INFO] [EXEC] STREAM_SELL_STATUS stream_id=1 chunk_id=2131743568864 order_id=386857636 status=NEW
[19:17:23.136] [WARNING] [EXEC] STREAM_SELL_TIMEOUT stream_id=1 chunk_id=2131743568864 order_id=386857636 age_ms=5507 timeout_ms=5000
[19:17:23.408] [INFO] [EXEC] STREAM_SELL_CANCEL_OLD stream_id=1 chunk_id=2131743568864 order_id=386857636
[19:17:23.411] [WARNING] [EXEC] STREAM_STOP_LOSS_EXIT stream_id=1 chunk_id=2131743568864 order_id=386857636 stop_price=80757.11
[19:17:24.423] [INFO] [EXEC] STREAM_SELL_STATUS stream_id=2 chunk_id=2131693256784 order_id=386857653 status=NEW
[19:17:24.426] [WARNING] [EXEC] STREAM_SELL_TIMEOUT stream_id=2 chunk_id=2131693256784 order_id=386857653 age_ms=5507 timeout_ms=5000
[19:17:24.690] [INFO] [EXEC] STREAM_SELL_CANCEL_OLD stream_id=2 chunk_id=2131693256784 order_id=386857653
[19:17:24.694] [WARNING] [EXEC] STREAM_STOP_LOSS_EXIT stream_id=2 chunk_id=2131693256784 order_id=386857653 stop_price=80757.11
[19:17:25.222] [INFO] [EXEC] STREAM_SELL_STATUS stream_id=3 chunk_id=2131743567424 order_id=386857655 status=NEW
[19:17:25.224] [WARNING] [EXEC] STREAM_SELL_TIMEOUT stream_id=3 chunk_id=2131743567424 order_id=386857655 age_ms=5507 timeout_ms=5000
[19:17:25.490] [INFO] [EXEC] STREAM_SELL_CANCEL_OLD stream_id=3 chunk_id=2131743567424 order_id=386857655
[19:17:25.492] [WARNING] [EXEC] STREAM_STOP_LOSS_EXIT stream_id=3 chunk_id=2131743567424 order_id=386857655 stop_price=80757.11
[19:17:25.766] [INFO] [EXEC] STREAM_REPAIR_SKIP reason=stream_owned_inventory
[19:17:25.769] [INFO] [EXEC] STREAM_GLOBAL_SELL_SKIP reason=exit_recovery_inventory_no_sell
[19:17:25.770] [INFO] [EXEC] STREAM_GLOBAL_SELL_SKIP reason=place_sell
[19:17:27.154] [INFO] [EXEC] STREAM_SELL_STATUS stream_id=1 chunk_id=2131743568864 order_id=386858003 status=FILLED
[19:17:27.158] [INFO] [EXEC] STREAM_SELL_FILLED stream_id=1 chunk_id=2131743568864 order_id=386858003
[19:17:27.159] [OK] [EXEC] FIFO CLOSE qty=0.003090 entry=80782.29 exit=80757.11 pnl=-0.077806
[19:17:27.160] [INFO] [EXEC] STREAM_PNL stream_id=1 pnl=-0.077806
[19:17:27.161] [INFO] [EXEC] STREAM_RECYCLED level_id=1
[19:17:27.162] [INFO] [EXEC] STREAM_RECYCLED stream_id=1
[19:17:27.424] [INFO] [EXEC] STREAM_SELL_STATUS stream_id=2 chunk_id=2131693256784 order_id=386858054 status=FILLED
[19:17:27.428] [INFO] [EXEC] STREAM_SELL_FILLED stream_id=2 chunk_id=2131693256784 order_id=386858054
[19:17:27.429] [OK] [EXEC] FIFO CLOSE qty=0.003090 entry=80782.19 exit=80757.11 pnl=-0.077497
[19:17:27.430] [INFO] [EXEC] STREAM_PNL stream_id=2 pnl=-0.077497
[19:17:27.431] [INFO] [EXEC] STREAM_RECYCLED level_id=2
[19:17:27.432] [INFO] [EXEC] STREAM_RECYCLED stream_id=2
[19:17:27.694] [INFO] [EXEC] STREAM_SELL_STATUS stream_id=3 chunk_id=2131743567424 order_id=386858070 status=FILLED
[19:17:27.698] [INFO] [EXEC] STREAM_SELL_FILLED stream_id=3 chunk_id=2131743567424 order_id=386858070
[19:17:27.699] [OK] [EXEC] FIFO CLOSE qty=0.003090 entry=80782.09 exit=80757.11 pnl=-0.077188
[19:17:27.700] [INFO] [EXEC] STREAM_PNL stream_id=3 pnl=-0.077188
[19:17:27.702] [INFO] [EXEC] STREAM_RECYCLED level_id=3
[19:17:27.703] [INFO] [EXEC] STREAM_RECYCLED stream_id=3
[19:17:27.704] [INFO] [HEALTH] state=DANGER
[19:17:27.704] [INFO] [EXEC] STREAM_GUARD_SIMPLE_PASS
[19:17:27.705] [INFO] [EXEC] STREAM_MODE_ACTIVE_SKIP_SINGLE_ENTRY
[19:17:27.971] [INFO] [EXEC] STREAM_BUY_PLACED level_id=1 order_id=386858111
[19:17:27.972] [OK] [EXEC] PLACE BUY price=80782.29 qty=0.003090
[19:17:28.236] [INFO] [EXEC] STREAM_BUY_PLACED level_id=2 order_id=386858117
[19:17:28.237] [OK] [EXEC] PLACE BUY price=80782.19 qty=0.003090
[19:17:28.501] [INFO] [EXEC] STREAM_BUY_PLACED level_id=3 order_id=386858118
[19:17:28.504] [OK] [EXEC] PLACE BUY price=80782.09 qty=0.003090
[19:17:29.164] [INFO] [EXEC] STREAM_BUY_FILLED level_id=1
[19:17:29.167] [OK] [EXEC] CHUNK ADD qty=0.003090 entry=80782.29
[19:17:29.169] [INFO] [EXEC] CHUNK COUNT n=1
[19:17:29.170] [INFO] [EXEC] STREAM_TARGET_USED ticks=80 sell_price=80783.09
[19:17:29.453] [INFO] [EXEC] STREAM_SELL_PLACED stream_id=1 chunk_id=2131693264320 order_id=386858133 price=80783.09 qty=0.003090
[19:17:29.716] [INFO] [EXEC] STREAM_BUY_FILLED level_id=2
[19:17:29.719] [OK] [EXEC] CHUNK ADD qty=0.003090 entry=80782.19
[19:17:29.721] [INFO] [EXEC] CHUNK COUNT n=2
[19:17:29.722] [INFO] [EXEC] STREAM_TARGET_USED ticks=80 sell_price=80782.99
[19:17:29.984] [INFO] [EXEC] STREAM_SELL_PLACED stream_id=2 chunk_id=2131684755312 order_id=386858209 price=80782.99 qty=0.003090
[19:17:30.251] [INFO] [EXEC] STREAM_BUY_FILLED level_id=3
[19:17:30.253] [OK] [EXEC] CHUNK ADD qty=0.003090 entry=80782.09
[19:17:30.254] [INFO] [EXEC] CHUNK COUNT n=3
[19:17:30.255] [INFO] [EXEC] STREAM_TARGET_USED ticks=80 sell_price=80782.89
[19:17:30.520] [INFO] [EXEC] STREAM_SELL_PLACED stream_id=3 chunk_id=2131743557056 order_id=386858218 price=80782.89 qty=0.003090
[19:17:30.789] [INFO] [EXEC] STREAM_SELL_STATUS stream_id=1 chunk_id=2131693264320 order_id=386858133 status=NEW
[19:17:31.050] [INFO] [EXEC] STREAM_SELL_STATUS stream_id=2 chunk_id=2131684755312 order_id=386858209 status=NEW
[19:17:31.395] [INFO] [EXEC] STREAM_SELL_STATUS stream_id=3 chunk_id=2131743557056 order_id=386858218 status=NEW
[19:17:31.397] [INFO] [EXEC] STREAM_REPAIR_SKIP reason=stream_owned_inventory
[19:17:31.398] [INFO] [EXEC] STREAM_GLOBAL_SELL_SKIP reason=exit_recovery_inventory_no_sell
[19:17:31.399] [INFO] [EXEC] STREAM_GLOBAL_SELL_SKIP reason=place_sell
[19:17:32.434] [INFO] [EXEC] STREAM_SELL_STATUS stream_id=1 chunk_id=2131693264320 order_id=386858133 status=NEW
[19:17:32.698] [INFO] [EXEC] STREAM_SELL_STATUS stream_id=2 chunk_id=2131684755312 order_id=386858209 status=NEW
[19:17:32.969] [INFO] [EXEC] STREAM_SELL_STATUS stream_id=3 chunk_id=2131743557056 order_id=386858218 status=NEW
[19:17:32.971] [INFO] [EXEC] STREAM_REPAIR_SKIP reason=stream_owned_inventory
[19:17:33.696] [INFO] [EXEC] STREAM_SELL_STATUS stream_id=1 chunk_id=2131693264320 order_id=386858133 status=NEW
[19:17:33.958] [INFO] [EXEC] STREAM_SELL_STATUS stream_id=2 chunk_id=2131684755312 order_id=386858209 status=NEW
[19:17:34.220] [INFO] [EXEC] STREAM_SELL_STATUS stream_id=3 chunk_id=2131743557056 order_id=386858218 status=NEW
[19:17:34.224] [INFO] [EXEC] STREAM_REPAIR_SKIP reason=stream_owned_inventory
[19:17:34.225] [INFO] [EXEC] STREAM_GLOBAL_SELL_SKIP reason=exit_recovery_inventory_no_sell
[19:17:34.226] [INFO] [EXEC] STREAM_GLOBAL_SELL_SKIP reason=place_sell
[19:17:34.943] [INFO] [EXEC] STREAM_SELL_STATUS stream_id=1 chunk_id=2131693264320 order_id=386858133 status=NEW
[19:17:34.945] [WARNING] [EXEC] STREAM_SELL_TIMEOUT stream_id=1 chunk_id=2131693264320 order_id=386858133 age_ms=5769 timeout_ms=5000
[19:17:35.206] [INFO] [EXEC] STREAM_SELL_CANCEL_OLD stream_id=1 chunk_id=2131693264320 order_id=386858133
[19:17:35.209] [WARNING] [EXEC] STREAM_STOP_LOSS_EXIT stream_id=1 chunk_id=2131693264320 order_id=386858133 stop_price=80771.36
[19:17:35.731] [INFO] [EXEC] STREAM_SELL_STATUS stream_id=2 chunk_id=2131684755312 order_id=386858209 status=NEW
[19:17:35.733] [WARNING] [EXEC] STREAM_SELL_TIMEOUT stream_id=2 chunk_id=2131684755312 order_id=386858209 age_ms=5769 timeout_ms=5000
[19:17:36.474] [INFO] [EXEC] STREAM_SELL_CANCEL_OLD stream_id=2 chunk_id=2131684755312 order_id=386858209
[19:17:36.477] [WARNING] [EXEC] STREAM_STOP_LOSS_EXIT stream_id=2 chunk_id=2131684755312 order_id=386858209 stop_price=80771.36
[19:17:37.727] [INFO] [EXEC] STREAM_SELL_STATUS stream_id=3 chunk_id=2131743557056 order_id=386858218 status=NEW
[19:17:37.731] [WARNING] [EXEC] STREAM_SELL_TIMEOUT stream_id=3 chunk_id=2131743557056 order_id=386858218 age_ms=5769 timeout_ms=5000
[19:17:38.471] [INFO] [EXEC] STREAM_SELL_CANCEL_OLD stream_id=3 chunk_id=2131743557056 order_id=386858218
[19:17:38.475] [WARNING] [EXEC] STREAM_STOP_LOSS_EXIT stream_id=3 chunk_id=2131743557056 order_id=386858218 stop_price=80771.36
[19:17:39.215] [INFO] [EXEC] STREAM_REPAIR_SKIP reason=stream_owned_inventory
[19:17:39.218] [INFO] [EXEC] STREAM_GLOBAL_SELL_SKIP reason=exit_recovery_inventory_no_sell
[19:17:39.220] [INFO] [EXEC] STREAM_GLOBAL_SELL_SKIP reason=place_sell
[19:17:40.742] [INFO] [EXEC] STREAM_SELL_STATUS stream_id=1 chunk_id=2131693264320 order_id=386858482 status=FILLED
[19:17:40.745] [INFO] [EXEC] STREAM_SELL_FILLED stream_id=1 chunk_id=2131693264320 order_id=386858482
[19:17:40.748] [OK] [EXEC] FIFO CLOSE qty=0.003090 entry=80782.29 exit=80771.36 pnl=-0.033774
[19:17:40.751] [INFO] [EXEC] STREAM_PNL stream_id=1 pnl=-0.033774
[19:17:40.753] [INFO] [EXEC] STREAM_RECYCLED level_id=1
[19:17:40.754] [INFO] [EXEC] STREAM_RECYCLED stream_id=1
[19:17:41.499] [INFO] [EXEC] STREAM_SELL_STATUS stream_id=2 chunk_id=2131684755312 order_id=386858613 status=NEW
[19:17:41.502] [WARNING] [EXEC] STREAM_SELL_TIMEOUT stream_id=2 chunk_id=2131684755312 order_id=386858613 age_ms=5807 timeout_ms=5000
[19:17:41.781] [INFO] [EXEC] STREAM_SELL_CANCEL_OLD stream_id=2 chunk_id=2131684755312 order_id=386858613
[19:17:41.784] [WARNING] [EXEC] STREAM_STOP_LOSS_EXIT stream_id=2 chunk_id=2131684755312 order_id=386858613 stop_price=80758.72
[19:17:42.313] [INFO] [EXEC] STREAM_SELL_STATUS stream_id=3 chunk_id=2131743557056 order_id=386858665 status=NEW
[19:17:42.318] [WARNING] [EXEC] STREAM_SELL_TIMEOUT stream_id=3 chunk_id=2131743557056 order_id=386858665 age_ms=5807 timeout_ms=5000
[19:17:42.583] [INFO] [EXEC] STREAM_SELL_CANCEL_OLD stream_id=3 chunk_id=2131743557056 order_id=386858665
[19:17:42.587] [WARNING] [EXEC] STREAM_STOP_LOSS_EXIT stream_id=3 chunk_id=2131743557056 order_id=386858665 stop_price=80758.72
[19:17:42.860] [INFO] [EXEC] STREAM_REPAIR_SKIP reason=stream_owned_inventory
[19:17:42.863] [INFO] [EXEC] STREAM_GLOBAL_SELL_SKIP reason=exit_recovery_inventory_no_sell
[19:17:42.864] [INFO] [EXEC] STREAM_GLOBAL_SELL_SKIP reason=place_sell
[19:17:43.737] [INFO] [EXEC] STREAM_SELL_STATUS stream_id=2 chunk_id=2131684755312 order_id=386858761 status=FILLED
[19:17:43.743] [INFO] [EXEC] STREAM_SELL_FILLED stream_id=2 chunk_id=2131684755312 order_id=386858761
[19:17:43.745] [OK] [EXEC] FIFO CLOSE qty=0.003090 entry=80782.19 exit=80758.72 pnl=-0.072522
[19:17:43.748] [INFO] [EXEC] STREAM_PNL stream_id=2 pnl=-0.072522
[19:17:43.750] [INFO] [EXEC] STREAM_RECYCLED level_id=2
[19:17:43.752] [INFO] [EXEC] STREAM_RECYCLED stream_id=2
[19:17:44.020] [INFO] [EXEC] STREAM_SELL_STATUS stream_id=3 chunk_id=2131743557056 order_id=386858795 status=FILLED
[19:17:44.023] [INFO] [EXEC] STREAM_SELL_FILLED stream_id=3 chunk_id=2131743557056 order_id=386858795
[19:17:44.024] [OK] [EXEC] FIFO CLOSE qty=0.003090 entry=80782.09 exit=80758.72 pnl=-0.072213
[19:17:44.026] [INFO] [EXEC] STREAM_PNL stream_id=3 pnl=-0.072213
[19:17:44.027] [INFO] [EXEC] STREAM_RECYCLED level_id=3
[19:17:44.028] [INFO] [EXEC] STREAM_RECYCLED stream_id=3
[19:17:44.029] [WARNING] [HEALTH] block spread_too_young lifetime=0
[19:17:44.030] [WARNING] [HEALTH] unstable_spread lifetime=0
[19:17:44.030] [INFO] [EXEC] STREAM_GUARD_SIMPLE_PASS
[19:17:44.031] [INFO] [EXEC] STREAM_MODE_ACTIVE_SKIP_SINGLE_ENTRY
[19:17:44.294] [INFO] [EXEC] STREAM_BUY_PLACED level_id=1 order_id=386858887
[19:17:44.297] [OK] [EXEC] PLACE BUY price=80782.29 qty=0.003090
[19:17:44.561] [INFO] [EXEC] STREAM_BUY_PLACED level_id=2 order_id=386858889
[19:17:44.564] [OK] [EXEC] PLACE BUY price=80782.19 qty=0.003090
[19:17:44.827] [INFO] [EXEC] STREAM_BUY_PLACED level_id=3 order_id=386858891
[19:17:44.831] [OK] [EXEC] PLACE BUY price=80782.09 qty=0.003090
[19:17:45.481] [INFO] [EXEC] STREAM_BUY_FILLED level_id=1
[19:17:45.485] [OK] [EXEC] CHUNK ADD qty=0.003090 entry=80782.29
[19:17:45.486] [INFO] [EXEC] CHUNK COUNT n=1
[19:17:45.487] [INFO] [EXEC] STREAM_TARGET_USED ticks=80 sell_price=80783.09
[19:17:45.754] [INFO] [EXEC] STREAM_SELL_PLACED stream_id=1 chunk_id=2131743560896 order_id=386858954 price=80783.09 qty=0.003090
[19:17:46.023] [INFO] [EXEC] STREAM_BUY_FILLED level_id=2
[19:17:46.027] [OK] [EXEC] CHUNK ADD qty=0.003090 entry=80782.19
[19:17:46.029] [INFO] [EXEC] CHUNK COUNT n=2
[19:17:46.031] [INFO] [EXEC] STREAM_TARGET_USED ticks=80 sell_price=80782.99
[19:17:46.294] [INFO] [EXEC] STREAM_SELL_PLACED stream_id=2 chunk_id=2131743559744 order_id=386858955 price=80782.99 qty=0.003090
[19:17:46.560] [INFO] [EXEC] STREAM_BUY_FILLED level_id=3
[19:17:46.563] [OK] [EXEC] CHUNK ADD qty=0.003090 entry=80782.09
[19:17:46.565] [INFO] [EXEC] CHUNK COUNT n=3
[19:17:46.565] [INFO] [EXEC] STREAM_TARGET_USED ticks=80 sell_price=80782.89
[19:17:46.827] [INFO] [EXEC] STREAM_SELL_PLACED stream_id=3 chunk_id=2131743562240 order_id=386858960 price=80782.89 qty=0.003090
[19:17:47.105] [INFO] [EXEC] STREAM_SELL_STATUS stream_id=1 chunk_id=2131743560896 order_id=386858954 status=NEW
[19:17:47.415] [INFO] [EXEC] STREAM_SELL_STATUS stream_id=2 chunk_id=2131743559744 order_id=386858955 status=NEW
[19:17:47.678] [INFO] [EXEC] STREAM_SELL_STATUS stream_id=3 chunk_id=2131743562240 order_id=386858960 status=NEW
[19:17:47.682] [INFO] [EXEC] STREAM_REPAIR_SKIP reason=stream_owned_inventory
[19:17:47.683] [INFO] [EXEC] STREAM_GLOBAL_SELL_SKIP reason=exit_recovery_inventory_no_sell
[19:17:47.684] [INFO] [EXEC] STREAM_GLOBAL_SELL_SKIP reason=place_sell
[19:17:48.244] [INFO] [EXEC] STREAM_SELL_STATUS stream_id=1 chunk_id=2131743560896 order_id=386858954 status=NEW
[19:17:48.507] [INFO] [EXEC] STREAM_SELL_STATUS stream_id=2 chunk_id=2131743559744 order_id=386858955 status=NEW
[19:17:48.772] [INFO] [EXEC] STREAM_SELL_STATUS stream_id=3 chunk_id=2131743562240 order_id=386858960 status=NEW
[19:17:48.776] [INFO] [EXEC] STREAM_REPAIR_SKIP reason=stream_owned_inventory
[19:17:49.749] [INFO] [EXEC] STREAM_SELL_STATUS stream_id=1 chunk_id=2131743560896 order_id=386858954 status=NEW
[19:17:50.016] [INFO] [EXEC] STREAM_SELL_STATUS stream_id=2 chunk_id=2131743559744 order_id=386858955 status=NEW
[19:17:50.281] [INFO] [EXEC] STREAM_SELL_STATUS stream_id=3 chunk_id=2131743562240 order_id=386858960 status=NEW
[19:17:50.285] [INFO] [EXEC] STREAM_REPAIR_SKIP reason=stream_owned_inventory
[19:17:50.286] [INFO] [EXEC] STREAM_GLOBAL_SELL_SKIP reason=exit_recovery_inventory_no_sell
[19:17:50.287] [INFO] [EXEC] STREAM_GLOBAL_SELL_SKIP reason=place_sell
[19:17:51.007] [INFO] [EXEC] STREAM_SELL_STATUS stream_id=1 chunk_id=2131743560896 order_id=386858954 status=NEW
[19:17:51.009] [WARNING] [EXEC] STREAM_SELL_TIMEOUT stream_id=1 chunk_id=2131743560896 order_id=386858954 age_ms=5536 timeout_ms=5000
[19:17:51.269] [INFO] [EXEC] STREAM_SELL_CANCEL_OLD stream_id=1 chunk_id=2131743560896 order_id=386858954
[19:17:51.272] [WARNING] [EXEC] STREAM_STOP_LOSS_EXIT stream_id=1 chunk_id=2131743560896 order_id=386858954 stop_price=80755.16
[19:17:52.519] [INFO] [EXEC] STREAM_SELL_STATUS stream_id=2 chunk_id=2131743559744 order_id=386858955 status=NEW
[19:17:52.523] [WARNING] [EXEC] STREAM_SELL_TIMEOUT stream_id=2 chunk_id=2131743559744 order_id=386858955 age_ms=5536 timeout_ms=5000
[19:17:52.797] [INFO] [EXEC] STREAM_SELL_CANCEL_OLD stream_id=2 chunk_id=2131743559744 order_id=386858955
[19:17:52.801] [WARNING] [EXEC] STREAM_STOP_LOSS_EXIT stream_id=2 chunk_id=2131743559744 order_id=386858955 stop_price=80755.16
[19:17:53.346] [INFO] [EXEC] STREAM_SELL_STATUS stream_id=3 chunk_id=2131743562240 order_id=386858960 status=NEW
[19:17:53.350] [WARNING] [EXEC] STREAM_SELL_TIMEOUT stream_id=3 chunk_id=2131743562240 order_id=386858960 age_ms=5536 timeout_ms=5000
[19:17:53.613] [INFO] [EXEC] STREAM_SELL_CANCEL_OLD stream_id=3 chunk_id=2131743562240 order_id=386858960
[19:17:53.617] [WARNING] [EXEC] STREAM_STOP_LOSS_EXIT stream_id=3 chunk_id=2131743562240 order_id=386858960 stop_price=80755.16
[19:17:53.884] [INFO] [EXEC] STREAM_REPAIR_SKIP reason=stream_owned_inventory
[19:17:53.887] [INFO] [EXEC] STREAM_GLOBAL_SELL_SKIP reason=exit_recovery_inventory_no_sell
[19:17:53.890] [INFO] [EXEC] STREAM_GLOBAL_SELL_SKIP reason=place_sell
[19:17:55.275] [INFO] [EXEC] STREAM_SELL_STATUS stream_id=1 chunk_id=2131743560896 order_id=386859179 status=FILLED
[19:17:55.280] [INFO] [EXEC] STREAM_SELL_FILLED stream_id=1 chunk_id=2131743560896 order_id=386859179
[19:17:55.283] [OK] [EXEC] FIFO CLOSE qty=0.003090 entry=80782.29 exit=80755.16 pnl=-0.083832
[19:17:55.285] [INFO] [EXEC] STREAM_PNL stream_id=1 pnl=-0.083832
[19:17:55.286] [INFO] [EXEC] STREAM_RECYCLED level_id=1
[19:17:55.287] [INFO] [EXEC] STREAM_RECYCLED stream_id=1
[19:17:55.547] [INFO] [EXEC] STREAM_SELL_STATUS stream_id=2 chunk_id=2131743559744 order_id=386859194 status=FILLED
[19:17:55.551] [INFO] [EXEC] STREAM_SELL_FILLED stream_id=2 chunk_id=2131743559744 order_id=386859194
[19:17:55.552] [OK] [EXEC] FIFO CLOSE qty=0.003090 entry=80782.19 exit=80755.16 pnl=-0.083523
[19:17:55.553] [INFO] [EXEC] STREAM_PNL stream_id=2 pnl=-0.083523
[19:17:55.554] [INFO] [EXEC] STREAM_RECYCLED level_id=2
[19:17:55.555] [INFO] [EXEC] STREAM_RECYCLED stream_id=2
[19:17:55.819] [INFO] [EXEC] STREAM_SELL_STATUS stream_id=3 chunk_id=2131743562240 order_id=386859208 status=FILLED
[19:17:55.823] [INFO] [EXEC] STREAM_SELL_FILLED stream_id=3 chunk_id=2131743562240 order_id=386859208
[19:17:55.824] [OK] [EXEC] FIFO CLOSE qty=0.003090 entry=80782.09 exit=80755.16 pnl=-0.083214
[19:17:55.825] [INFO] [EXEC] STREAM_PNL stream_id=3 pnl=-0.083214
[19:17:55.826] [INFO] [EXEC] STREAM_RECYCLED level_id=3
[19:17:55.827] [INFO] [EXEC] STREAM_RECYCLED stream_id=3
[19:17:55.829] [INFO] [HEALTH] state=GOOD
[19:17:55.829] [INFO] [EXEC] STREAM_GUARD_SIMPLE_PASS
[19:17:55.830] [INFO] [EXEC] STREAM_MODE_ACTIVE_SKIP_SINGLE_ENTRY
[19:17:56.091] [INFO] [EXEC] STREAM_BUY_PLACED level_id=1 order_id=386859301
[19:17:56.094] [OK] [EXEC] PLACE BUY price=80782.29 qty=0.003090
[19:17:56.355] [INFO] [EXEC] STREAM_BUY_PLACED level_id=2 order_id=386859312
[19:17:56.356] [OK] [EXEC] PLACE BUY price=80782.19 qty=0.003090
[19:17:57.099] [INFO] [EXEC] STREAM_BUY_PLACED level_id=3 order_id=386859348
[19:17:57.102] [OK] [EXEC] PLACE BUY price=80782.09 qty=0.003090
[19:17:57.761] [INFO] [EXEC] STREAM_BUY_FILLED level_id=1
[19:17:57.764] [OK] [EXEC] CHUNK ADD qty=0.003090 entry=80782.29
[19:17:57.765] [INFO] [EXEC] CHUNK COUNT n=1
[19:17:57.767] [INFO] [EXEC] STREAM_TARGET_USED ticks=80 sell_price=80783.09
[19:17:58.063] [INFO] [EXEC] STREAM_SELL_PLACED stream_id=1 chunk_id=2131743559552 order_id=386859388 price=80783.09 qty=0.003090
[19:17:58.326] [INFO] [EXEC] STREAM_BUY_FILLED level_id=2
[19:17:58.330] [OK] [EXEC] CHUNK ADD qty=0.003090 entry=80782.19
[19:17:58.331] [INFO] [EXEC] CHUNK COUNT n=2
[19:17:58.332] [INFO] [EXEC] STREAM_TARGET_USED ticks=80 sell_price=80782.99
[19:17:58.592] [INFO] [EXEC] STREAM_SELL_PLACED stream_id=2 chunk_id=2131743562432 order_id=386859392 price=80782.99 qty=0.003090
[19:17:58.853] [INFO] [EXEC] STREAM_BUY_FILLED level_id=3
[19:17:58.857] [OK] [EXEC] CHUNK ADD qty=0.003090 entry=80782.09
[19:17:58.858] [INFO] [EXEC] CHUNK COUNT n=3
[19:17:58.859] [INFO] [EXEC] STREAM_TARGET_USED ticks=80 sell_price=80782.89
[19:17:59.118] [INFO] [EXEC] STREAM_SELL_PLACED stream_id=3 chunk_id=2131743564928 order_id=386859421 price=80782.89 qty=0.003090
[19:17:59.384] [INFO] [EXEC] STREAM_SELL_STATUS stream_id=1 chunk_id=2131743559552 order_id=386859388 status=NEW
[19:17:59.690] [INFO] [EXEC] STREAM_SELL_STATUS stream_id=2 chunk_id=2131743562432 order_id=386859392 status=NEW
[19:17:59.958] [INFO] [EXEC] STREAM_SELL_STATUS stream_id=3 chunk_id=2131743564928 order_id=386859421 status=NEW
[19:17:59.960] [INFO] [EXEC] STREAM_REPAIR_SKIP reason=stream_owned_inventory
[19:17:59.961] [INFO] [EXEC] STREAM_GLOBAL_SELL_SKIP reason=exit_recovery_inventory_no_sell
[19:17:59.962] [INFO] [EXEC] STREAM_GLOBAL_SELL_SKIP reason=place_sell
[19:18:00.763] [INFO] [EXEC] STREAM_SELL_STATUS stream_id=1 chunk_id=2131743559552 order_id=386859388 status=NEW
[19:18:01.025] [INFO] [EXEC] STREAM_SELL_STATUS stream_id=2 chunk_id=2131743562432 order_id=386859392 status=NEW
[19:18:01.298] [INFO] [EXEC] STREAM_SELL_STATUS stream_id=3 chunk_id=2131743564928 order_id=386859421 status=NEW
[19:18:01.302] [INFO] [EXEC] STREAM_REPAIR_SKIP reason=stream_owned_inventory
[19:18:02.019] [INFO] [EXEC] STREAM_SELL_STATUS stream_id=1 chunk_id=2131743559552 order_id=386859388 status=NEW
[19:18:02.289] [INFO] [EXEC] STREAM_SELL_STATUS stream_id=2 chunk_id=2131743562432 order_id=386859392 status=NEW
[19:18:02.548] [INFO] [EXEC] STREAM_SELL_STATUS stream_id=3 chunk_id=2131743564928 order_id=386859421 status=NEW
[19:18:02.552] [INFO] [EXEC] STREAM_REPAIR_SKIP reason=stream_owned_inventory
[19:18:02.554] [INFO] [EXEC] STREAM_GLOBAL_SELL_SKIP reason=exit_recovery_inventory_no_sell
[19:18:02.555] [INFO] [EXEC] STREAM_GLOBAL_SELL_SKIP reason=place_sell
[19:18:03.281] [INFO] [EXEC] STREAM_SELL_STATUS stream_id=1 chunk_id=2131743559552 order_id=386859388 status=NEW
[19:18:03.286] [WARNING] [EXEC] STREAM_SELL_TIMEOUT stream_id=1 chunk_id=2131743559552 order_id=386859388 age_ms=5514 timeout_ms=5000
[19:18:03.548] [INFO] [EXEC] STREAM_SELL_CANCEL_OLD stream_id=1 chunk_id=2131743559552 order_id=386859388
[19:18:03.549] [WARNING] [EXEC] STREAM_STOP_LOSS_EXIT stream_id=1 chunk_id=2131743559552 order_id=386859388 stop_price=80760.67
[19:18:04.073] [INFO] [EXEC] STREAM_SELL_STATUS stream_id=2 chunk_id=2131743562432 order_id=386859392 status=NEW
[19:18:04.076] [WARNING] [EXEC] STREAM_SELL_TIMEOUT stream_id=2 chunk_id=2131743562432 order_id=386859392 age_ms=5514 timeout_ms=5000
[19:18:04.339] [INFO] [EXEC] STREAM_SELL_CANCEL_OLD stream_id=2 chunk_id=2131743562432 order_id=386859392
[19:18:04.343] [WARNING] [EXEC] STREAM_STOP_LOSS_EXIT stream_id=2 chunk_id=2131743562432 order_id=386859392 stop_price=80760.67
[19:18:04.873] [INFO] [EXEC] STREAM_SELL_STATUS stream_id=3 chunk_id=2131743564928 order_id=386859421 status=NEW
[19:18:04.877] [WARNING] [EXEC] STREAM_SELL_TIMEOUT stream_id=3 chunk_id=2131743564928 order_id=386859421 age_ms=5514 timeout_ms=5000
[19:18:05.145] [INFO] [EXEC] STREAM_SELL_CANCEL_OLD stream_id=3 chunk_id=2131743564928 order_id=386859421
[19:18:05.150] [WARNING] [EXEC] STREAM_STOP_LOSS_EXIT stream_id=3 chunk_id=2131743564928 order_id=386859421 stop_price=80760.67
[19:18:05.437] [INFO] [EXEC] STREAM_REPAIR_SKIP reason=stream_owned_inventory
[19:18:05.441] [INFO] [EXEC] STREAM_GLOBAL_SELL_SKIP reason=exit_recovery_inventory_no_sell
[19:18:05.443] [INFO] [EXEC] STREAM_GLOBAL_SELL_SKIP reason=place_sell
[19:18:06.022] [INFO] [EXEC] STREAM_SELL_STATUS stream_id=1 chunk_id=2131743559552 order_id=386859540 status=NEW
[19:18:06.294] [INFO] [EXEC] STREAM_SELL_STATUS stream_id=2 chunk_id=2131743562432 order_id=386859572 status=NEW
[19:18:06.566] [INFO] [EXEC] STREAM_SELL_STATUS stream_id=3 chunk_id=2131743564928 order_id=386859587 status=NEW
[19:18:06.572] [INFO] [EXEC] STREAM_REPAIR_SKIP reason=stream_owned_inventory
[19:18:07.272] [INFO] [EXEC] STREAM_SELL_STATUS stream_id=1 chunk_id=2131743559552 order_id=386859540 status=NEW
[19:18:07.545] [INFO] [EXEC] STREAM_SELL_STATUS stream_id=2 chunk_id=2131743562432 order_id=386859572 status=FILLED
[19:18:07.548] [INFO] [EXEC] STREAM_SELL_FILLED stream_id=2 chunk_id=2131743562432 order_id=386859572
[19:18:07.550] [OK] [EXEC] FIFO CLOSE qty=0.003090 entry=80782.19 exit=80760.67 pnl=-0.066497
[19:18:07.551] [INFO] [EXEC] STREAM_PNL stream_id=2 pnl=-0.066497
[19:18:07.552] [INFO] [EXEC] STREAM_RECYCLED level_id=2
[19:18:07.552] [INFO] [EXEC] STREAM_RECYCLED stream_id=2
[19:18:07.814] [INFO] [EXEC] STREAM_SELL_STATUS stream_id=3 chunk_id=2131743564928 order_id=386859587 status=FILLED
[19:18:07.819] [INFO] [EXEC] STREAM_SELL_FILLED stream_id=3 chunk_id=2131743564928 order_id=386859587
[19:18:07.820] [OK] [EXEC] FIFO CLOSE qty=0.003090 entry=80782.09 exit=80760.67 pnl=-0.066188
[19:18:07.822] [INFO] [EXEC] STREAM_PNL stream_id=3 pnl=-0.066188
[19:18:07.824] [INFO] [EXEC] STREAM_RECYCLED level_id=3
[19:18:07.825] [INFO] [EXEC] STREAM_RECYCLED stream_id=3
[19:18:07.827] [INFO] [EXEC] STREAM_REPAIR_SKIP reason=stream_owned_inventory
[19:18:08.541] [INFO] [EXEC] STREAM_SELL_STATUS stream_id=1 chunk_id=2131743559552 order_id=386859540 status=FILLED
[19:18:08.545] [INFO] [EXEC] STREAM_SELL_FILLED stream_id=1 chunk_id=2131743559552 order_id=386859540
[19:18:08.547] [OK] [EXEC] FIFO CLOSE qty=0.003090 entry=80782.29 exit=80760.67 pnl=-0.066806
[19:18:08.548] [INFO] [EXEC] STREAM_PNL stream_id=1 pnl=-0.066806
[19:18:08.550] [INFO] [EXEC] STREAM_RECYCLED level_id=1
[19:18:08.551] [INFO] [EXEC] STREAM_RECYCLED stream_id=1
[19:18:08.553] [INFO] [HEALTH] state=DANGER
[19:18:08.553] [INFO] [EXEC] STREAM_GUARD_SIMPLE_PASS
[19:18:08.555] [INFO] [EXEC] STREAM_MODE_ACTIVE_SKIP_SINGLE_ENTRY
[19:18:08.817] [INFO] [EXEC] STREAM_BUY_PLACED level_id=1 order_id=386859638
[19:18:08.822] [OK] [EXEC] PLACE BUY price=80782.29 qty=0.003090
[19:18:09.083] [INFO] [EXEC] STREAM_BUY_PLACED level_id=2 order_id=386859650
[19:18:09.088] [OK] [EXEC] PLACE BUY price=80782.19 qty=0.003090
[19:18:09.353] [INFO] [EXEC] STREAM_BUY_PLACED level_id=3 order_id=386859692
[19:18:09.357] [OK] [EXEC] PLACE BUY price=80782.09 qty=0.003090
[19:18:10.045] [INFO] [EXEC] STREAM_BUY_FILLED level_id=1
[19:18:10.049] [OK] [EXEC] CHUNK ADD qty=0.003090 entry=80782.29
[19:18:10.051] [INFO] [EXEC] CHUNK COUNT n=1
[19:18:10.054] [INFO] [EXEC] STREAM_TARGET_USED ticks=80 sell_price=80783.09
[19:18:10.318] [INFO] [EXEC] STREAM_SELL_PLACED stream_id=1 chunk_id=2131744107616 order_id=386859716 price=80783.09 qty=0.003090
[19:18:10.590] [INFO] [EXEC] STREAM_BUY_FILLED level_id=2
[19:18:10.595] [OK] [EXEC] CHUNK ADD qty=0.003090 entry=80782.19
[19:18:10.597] [INFO] [EXEC] CHUNK COUNT n=2
[19:18:10.598] [INFO] [EXEC] STREAM_TARGET_USED ticks=80 sell_price=80782.99
[19:18:10.862] [INFO] [EXEC] STREAM_SELL_PLACED stream_id=2 chunk_id=2131744110016 order_id=386859815 price=80782.99 qty=0.003090
[19:18:11.125] [INFO] [EXEC] STREAM_BUY_FILLED level_id=3
[19:18:11.130] [OK] [EXEC] CHUNK ADD qty=0.003090 entry=80782.09
[19:18:11.133] [INFO] [EXEC] CHUNK COUNT n=3
[19:18:11.134] [INFO] [EXEC] STREAM_TARGET_USED ticks=80 sell_price=80782.89
[19:18:11.404] [INFO] [EXEC] STREAM_SELL_PLACED stream_id=3 chunk_id=2131744100752 order_id=386859841 price=80782.89 qty=0.003090
[19:18:11.675] [INFO] [EXEC] STREAM_SELL_STATUS stream_id=1 chunk_id=2131744107616 order_id=386859716 status=NEW
[19:18:11.939] [INFO] [EXEC] STREAM_SELL_STATUS stream_id=2 chunk_id=2131744110016 order_id=386859815 status=NEW
[19:18:12.220] [INFO] [EXEC] STREAM_SELL_STATUS stream_id=3 chunk_id=2131744100752 order_id=386859841 status=NEW
[19:18:12.225] [INFO] [EXEC] STREAM_REPAIR_SKIP reason=stream_owned_inventory
[19:18:12.225] [INFO] [EXEC] STREAM_GLOBAL_SELL_SKIP reason=exit_recovery_inventory_no_sell
[19:18:12.228] [INFO] [EXEC] STREAM_GLOBAL_SELL_SKIP reason=place_sell
[19:18:12.784] [INFO] START_CLICK received enabled=True api_ready=True running=True
[19:18:13.171] [WARNING] cancel all requested
[19:18:21.854] [WARNING] [EXEC] STOP_SAFE_MANUAL inventory=0.009270 active_order=0
[19:18:21.857] [WARNING] [EXEC] STREAM_STOP_OPEN_INVENTORY qty=0.009270 locked=0.000000 free=0.027817
[19:18:21.859] [WARNING] STOP
[19:18:22.161] [INFO] [EXEC] STREAM_REPAIR_SKIP reason=stream_owned_inventory
[19:18:22.166] [INFO] [EXEC] STREAM_STATS_UI cycles=24 wins=8 losses=16 pnl=-0.972207 winrate=33.33%
[19:18:22.990] [INFO] [EXEC] STREAM_REPAIR_SKIP reason=stream_owned_inventory
[19:18:27.460] [INFO] [EXEC] STREAM_STATS_UI cycles=24 wins=8 losses=16 pnl=-0.972207 winrate=33.33%
[19:18:27.573] [INFO] [EXEC] STREAM_REPAIR_SKIP reason=stream_owned_inventory
[19:18:33.507] [INFO] [EXEC] STREAM_STATS_UI cycles=24 wins=8 losses=16 pnl=-0.972207 winrate=33.33%
[19:18:33.704] [INFO] [EXEC] STREAM_REPAIR_SKIP reason=stream_owned_inventory
[19:18:38.597] [INFO] [EXEC] STREAM_STATS_UI cycles=24 wins=8 losses=16 pnl=-0.972207 winrate=33.33%
[19:18:39.157] [INFO] [EXEC] STREAM_REPAIR_SKIP reason=stream_owned_inventory
[19:18:43.909] [INFO] [EXEC] STREAM_STATS_UI cycles=24 wins=8 losses=16 pnl=-0.972207 winrate=33.33%
[19:18:44.157] [INFO] [EXEC] STREAM_REPAIR_SKIP reason=stream_owned_inventory
[19:18:48.990] [INFO] [EXEC] STREAM_STATS_UI cycles=24 wins=8 losses=16 pnl=-0.972207 winrate=33.33%
[19:18:49.678] [INFO] [EXEC] STREAM_REPAIR_SKIP reason=stream_owned_inventory
[19:18:54.569] [INFO] [EXEC] STREAM_STATS_UI cycles=24 wins=8 losses=16 pnl=-0.972207 winrate=33.33%
[19:18:54.829] [INFO] [EXEC] STREAM_REPAIR_SKIP reason=stream_owned_inventory
[19:18:59.697] [INFO] [EXEC] STREAM_STATS_UI cycles=24 wins=8 losses=16 pnl=-0.972207 winrate=33.33%
[19:19:00.664] [INFO] [EXEC] STREAM_REPAIR_SKIP reason=stream_owned_inventory
[19:19:05.299] [INFO] [EXEC] STREAM_STATS_UI cycles=24 wins=8 losses=16 pnl=-0.972207 winrate=33.33%
[19:19:05.858] [INFO] [EXEC] STREAM_REPAIR_SKIP reason=stream_owned_inventory
[19:19:10.815] [INFO] [EXEC] STREAM_STATS_UI cycles=24 wins=8 losses=16 pnl=-0.972207 winrate=33.33%
[19:19:11.526] [INFO] [EXEC] STREAM_REPAIR_SKIP reason=stream_owned_inventory
[19:19:15.875] [INFO] [EXEC] STREAM_STATS_UI cycles=24 wins=8 losses=16 pnl=-0.972207 winrate=33.33%
