[19:36:18.792] [OK] filters loaded
[19:36:19.177] [INFO] [EXEC] STREAM_STATS_UI cycles=0 wins=0 losses=0 pnl=+0.000000 winrate=0.00%
[19:36:20.779] [INFO] START_CLICK received enabled=True api_ready=True running=False
[19:36:20.780] [INFO] START_SETTINGS live_enabled=True guard_mode=FAST entry_mode=AGGRESSIVE exit_engine=True order_size=222.0
[19:36:20.780] [INFO] START_PROFILE order_size=222.0 min_spread=6.0 guard_mode=FAST entry_mode=AGGRESSIVE sell_timeout=2200 far_sell_ticks=80 taker_exit_after_ms=2500
[19:36:20.781] [INFO] SETTINGS_MERGE_PRESERVE existing_values=true missing_added=0
[19:36:21.259] [EXCHANGE] symbol=BTCU base=BTC quote=U status=TRADING permissions=[]
[19:36:21.264] [OK] START
[19:36:21.267] [OK] START_OK runtime_started
[19:36:21.267] [INFO] [EXEC] STREAMS_ENABLED count=20 range_ticks=200 step_ticks=10
[19:36:21.269] [INFO] [EXEC] GRID_BUDGET_SOURCE source=max_exposure_u budget=5000.00
[19:36:21.271] [INFO] [EXEC] STREAM_CREATE stream_id=1 buy_price=80737.43000000 budget=250.00 qty=0.00309000
[19:36:21.273] [INFO] [EXEC] STREAM_CREATE stream_id=2 buy_price=80737.34000000 budget=250.00 qty=0.00309000
[19:36:21.275] [INFO] [EXEC] STREAM_CREATE stream_id=3 buy_price=80737.23000000 budget=250.00 qty=0.00309000
[19:36:21.276] [INFO] [EXEC] STREAM_CREATE stream_id=4 buy_price=80737.14000000 budget=250.00 qty=0.00309000
[19:36:21.277] [INFO] [EXEC] STREAM_CREATE stream_id=5 buy_price=80737.04000000 budget=250.00 qty=0.00309000
[19:36:21.278] [INFO] [EXEC] STREAM_CREATE stream_id=6 buy_price=80736.93000000 budget=250.00 qty=0.00309000
[19:36:21.279] [INFO] [EXEC] STREAM_CREATE stream_id=7 buy_price=80736.84000000 budget=250.00 qty=0.00309000
[19:36:21.282] [INFO] [EXEC] STREAM_CREATE stream_id=8 buy_price=80736.73000000 budget=250.00 qty=0.00309000
[19:36:21.283] [INFO] [EXEC] STREAM_CREATE stream_id=9 buy_price=80736.64000000 budget=250.00 qty=0.00309000
[19:36:21.284] [INFO] [EXEC] STREAM_CREATE stream_id=10 buy_price=80736.54000000 budget=250.00 qty=0.00309000
[19:36:21.285] [INFO] [EXEC] STREAM_CREATE stream_id=11 buy_price=80736.43000000 budget=250.00 qty=0.00309000
[19:36:21.286] [INFO] [EXEC] STREAM_CREATE stream_id=12 buy_price=80736.34000000 budget=250.00 qty=0.00309000
[19:36:21.287] [INFO] [EXEC] STREAM_CREATE stream_id=13 buy_price=80736.23000000 budget=250.00 qty=0.00309000
[19:36:21.288] [INFO] [EXEC] STREAM_CREATE stream_id=14 buy_price=80736.14000000 budget=250.00 qty=0.00309000
[19:36:21.289] [INFO] [EXEC] STREAM_CREATE stream_id=15 buy_price=80736.04000000 budget=250.00 qty=0.00309000
[19:36:21.290] [INFO] [EXEC] STREAM_CREATE stream_id=16 buy_price=80735.93000000 budget=250.00 qty=0.00309000
[19:36:21.291] [INFO] [EXEC] STREAM_CREATE stream_id=17 buy_price=80735.84000000 budget=250.00 qty=0.00309000
[19:36:21.292] [INFO] [EXEC] STREAM_CREATE stream_id=18 buy_price=80735.73000000 budget=250.00 qty=0.00309000
[19:36:21.292] [INFO] [EXEC] STREAM_CREATE stream_id=19 buy_price=80735.64000000 budget=250.00 qty=0.00309000
[19:36:21.294] [INFO] [EXEC] STREAM_CREATE stream_id=20 buy_price=80735.54000000 budget=250.00 qty=0.00309000
[19:36:21.294] [INFO] [EXEC] STREAM_CREATE_DONE count=20 budget=5000.00 step_ticks=10
[19:36:21.564] [INFO] [EXEC] LIVE ON
[19:36:21.565] [INFO] [EXEC] WAIT READY
[19:36:21.566] [WARNING] [HEALTH] block spread_too_young lifetime=0
[19:36:21.567] [WARNING] [HEALTH] unstable_spread lifetime=0
[19:36:21.568] [INFO] [EXEC] STREAM_GUARD_SIMPLE_PASS
[19:36:21.569] [INFO] [EXEC] STREAM_MODE_ACTIVE_SKIP_SINGLE_ENTRY
[19:36:22.127] [INFO] [EXEC] STREAM_BUY_PLACED level_id=1 order_id=386907674
[19:36:22.130] [OK] [EXEC] PLACE BUY price=80737.43 qty=0.003090
[19:36:22.406] [INFO] [EXEC] STREAM_BUY_PLACED level_id=2 order_id=386907683
[19:36:22.408] [OK] [EXEC] PLACE BUY price=80737.34 qty=0.003090
[19:36:22.671] [INFO] [EXEC] STREAM_BUY_PLACED level_id=3 order_id=386907685
[19:36:22.674] [OK] [EXEC] PLACE BUY price=80737.23 qty=0.003090
[19:36:23.192] [WS] primary url=wss://stream.binance.com:9443/ws/btcu@bookTicker
[19:36:23.193] [WS] connecting primary
[19:36:23.195] [WS] connected
[19:36:24.415] [INFO] [EXEC] STREAM_GUARD_SIMPLE_PASS
[19:36:25.165] [INFO] [EXEC] STREAM_BUY_PLACED level_id=4 order_id=386907885
[19:36:25.166] [OK] [EXEC] PLACE BUY price=80737.14 qty=0.003090
[19:36:25.911] [INFO] [EXEC] STREAM_BUY_PLACED level_id=5 order_id=386907931
[19:36:25.915] [OK] [EXEC] PLACE BUY price=80737.04 qty=0.003090
[19:36:26.196] [INFO] [EXEC] STREAM_BUY_PLACED level_id=6 order_id=386907949
[19:36:26.199] [OK] [EXEC] PLACE BUY price=80736.93 qty=0.003090
[19:36:30.042] [INFO] [HEALTH] state=GOOD
[19:36:30.043] [INFO] [EXEC] STREAM_GUARD_SIMPLE_PASS
[19:36:30.046] [INFO] [EXEC] STREAM_MODE_ACTIVE_SKIP_SINGLE_ENTRY
[19:36:30.791] [INFO] [EXEC] STREAM_BUY_PLACED level_id=7 order_id=386908106
[19:36:30.794] [OK] [EXEC] PLACE BUY price=80736.84 qty=0.003090
[19:36:31.063] [INFO] [EXEC] STREAM_BUY_PLACED level_id=8 order_id=386908107
[19:36:31.066] [OK] [EXEC] PLACE BUY price=80736.73 qty=0.003090
[19:36:31.327] [INFO] [EXEC] STREAM_BUY_PLACED level_id=9 order_id=386908116
[19:36:31.328] [OK] [EXEC] PLACE BUY price=80736.64 qty=0.003090
[19:36:34.804] [INFO] [EXEC] STREAM_GUARD_SIMPLE_PASS
[19:36:34.807] [INFO] [EXEC] STREAM_MODE_ACTIVE_SKIP_SINGLE_ENTRY
[19:36:35.070] [INFO] [EXEC] STREAM_BUY_PLACED level_id=10 order_id=386908159
[19:36:35.073] [OK] [EXEC] PLACE BUY price=80736.54 qty=0.003090
[19:36:35.350] [INFO] [EXEC] STREAM_BUY_PLACED level_id=11 order_id=386908162
[19:36:35.352] [OK] [EXEC] PLACE BUY price=80736.43 qty=0.003090
[19:36:35.617] [INFO] [EXEC] STREAM_BUY_PLACED level_id=12 order_id=386908163
[19:36:35.620] [OK] [EXEC] PLACE BUY price=80736.34 qty=0.003090
[19:36:40.083] [INFO] [EXEC] STREAM_BUY_FILLED level_id=10
[19:36:40.086] [OK] [EXEC] CHUNK ADD qty=0.003090 entry=80736.54
[19:36:40.088] [INFO] [EXEC] CHUNK COUNT n=1
[19:36:40.089] [INFO] [EXEC] STREAM_TARGET_USED ticks=80 sell_price=80737.34
[19:36:40.368] [INFO] [EXEC] STREAM_SELL_PLACED stream_id=10 chunk_id=2573959701680 order_id=386908389 price=80737.34 qty=0.003090
[19:36:40.636] [INFO] [EXEC] STREAM_BUY_FILLED level_id=11
[19:36:40.640] [OK] [EXEC] CHUNK ADD qty=0.003090 entry=80736.43
[19:36:40.641] [INFO] [EXEC] CHUNK COUNT n=2
[19:36:40.643] [INFO] [EXEC] STREAM_TARGET_USED ticks=80 sell_price=80737.23
[19:36:41.380] [INFO] [EXEC] STREAM_SELL_PLACED stream_id=11 chunk_id=2574010461664 order_id=386908419 price=80737.23 qty=0.003090
[19:36:41.646] [INFO] [EXEC] STREAM_BUY_FILLED level_id=12
[19:36:41.648] [OK] [EXEC] CHUNK ADD qty=0.003090 entry=80736.34
[19:36:41.649] [INFO] [EXEC] CHUNK COUNT n=3
[19:36:41.650] [INFO] [EXEC] STREAM_TARGET_USED ticks=80 sell_price=80737.14
[19:36:41.917] [INFO] [EXEC] STREAM_SELL_PLACED stream_id=12 chunk_id=2574010460896 order_id=386908437 price=80737.14 qty=0.003090
[19:36:42.185] [INFO] [EXEC] STREAM_SELL_STATUS stream_id=10 chunk_id=2573959701680 order_id=386908389 status=NEW
[19:36:42.927] [INFO] [EXEC] STREAM_SELL_STATUS stream_id=11 chunk_id=2574010461664 order_id=386908419 status=NEW
[19:36:43.194] [INFO] [EXEC] STREAM_SELL_STATUS stream_id=12 chunk_id=2574010460896 order_id=386908437 status=NEW
[19:36:43.196] [INFO] [EXEC] STREAM_REPAIR_SKIP reason=stream_owned_inventory
[19:36:43.196] [INFO] [EXEC] STREAM_GLOBAL_SELL_SKIP reason=exit_recovery_inventory_no_sell
[19:36:43.197] [INFO] [EXEC] STREAM_GLOBAL_SELL_SKIP reason=place_sell
[19:36:44.693] [INFO] [EXEC] STREAM_BUY_FILLED level_id=1
[19:36:44.696] [OK] [EXEC] CHUNK ADD qty=0.003090 entry=80737.43
[19:36:44.698] [INFO] [EXEC] CHUNK COUNT n=4
[19:36:44.699] [INFO] [EXEC] STREAM_TARGET_USED ticks=80 sell_price=80738.23
[19:36:44.981] [INFO] [EXEC] STREAM_SELL_PLACED stream_id=1 chunk_id=2573959166048 order_id=386908514 price=80738.23 qty=0.003090
[19:36:45.245] [INFO] [EXEC] STREAM_BUY_FILLED level_id=2
[19:36:45.248] [OK] [EXEC] CHUNK ADD qty=0.003090 entry=80737.34
[19:36:45.251] [INFO] [EXEC] CHUNK COUNT n=5
[19:36:45.252] [INFO] [EXEC] STREAM_TARGET_USED ticks=80 sell_price=80738.14
[19:36:45.518] [INFO] [EXEC] STREAM_SELL_PLACED stream_id=2 chunk_id=2573959693328 order_id=386908517 price=80738.14 qty=0.003090
[19:36:45.800] [INFO] [EXEC] STREAM_BUY_FILLED level_id=3
[19:36:45.802] [OK] [EXEC] CHUNK ADD qty=0.003090 entry=80737.23
[19:36:45.804] [INFO] [EXEC] CHUNK COUNT n=6
[19:36:45.805] [INFO] [EXEC] STREAM_TARGET_USED ticks=80 sell_price=80738.03
[19:36:46.069] [INFO] [EXEC] STREAM_SELL_PLACED stream_id=3 chunk_id=2573959707104 order_id=386908534 price=80738.03 qty=0.003090
[19:36:46.337] [INFO] [EXEC] STREAM_BUY_FILLED level_id=4
[19:36:46.338] [OK] [EXEC] CHUNK ADD qty=0.003090 entry=80737.14
[19:36:46.339] [INFO] [EXEC] CHUNK COUNT n=7
[19:36:46.339] [INFO] [EXEC] STREAM_TARGET_USED ticks=80 sell_price=80737.94
[19:36:47.085] [INFO] [EXEC] STREAM_SELL_PLACED stream_id=4 chunk_id=2573959692800 order_id=386908557 price=80737.94 qty=0.003090
[19:36:47.353] [INFO] [EXEC] STREAM_BUY_FILLED level_id=5
[19:36:47.357] [OK] [EXEC] CHUNK ADD qty=0.003090 entry=80737.04
[19:36:47.357] [INFO] [EXEC] CHUNK COUNT n=8
[19:36:47.358] [INFO] [EXEC] STREAM_TARGET_USED ticks=80 sell_price=80737.84
[19:36:47.629] [INFO] [EXEC] STREAM_SELL_PLACED stream_id=5 chunk_id=2573959701104 order_id=386908559 price=80737.84 qty=0.003090
[19:36:47.891] [INFO] [EXEC] STREAM_BUY_FILLED level_id=6
[19:36:47.892] [OK] [EXEC] CHUNK ADD qty=0.003090 entry=80736.93
[19:36:47.893] [INFO] [EXEC] CHUNK COUNT n=9
[19:36:47.894] [INFO] [EXEC] STREAM_TARGET_USED ticks=80 sell_price=80737.73
[19:36:48.175] [INFO] [EXEC] STREAM_SELL_PLACED stream_id=6 chunk_id=2573959167872 order_id=386908590 price=80737.73 qty=0.003090
[19:36:48.470] [INFO] [EXEC] STREAM_BUY_FILLED level_id=7
[19:36:48.474] [OK] [EXEC] CHUNK ADD qty=0.003090 entry=80736.84
[19:36:48.475] [INFO] [EXEC] CHUNK COUNT n=10
[19:36:48.477] [INFO] [EXEC] STREAM_TARGET_USED ticks=80 sell_price=80737.64
[19:36:48.749] [INFO] [EXEC] STREAM_SELL_PLACED stream_id=7 chunk_id=2573959697504 order_id=386908606 price=80737.64 qty=0.003090
[19:36:49.012] [INFO] [EXEC] STREAM_BUY_FILLED level_id=8
[19:36:49.016] [OK] [EXEC] CHUNK ADD qty=0.003090 entry=80736.73
[19:36:49.017] [INFO] [EXEC] CHUNK COUNT n=11
[19:36:49.018] [INFO] [EXEC] STREAM_TARGET_USED ticks=80 sell_price=80737.53
[19:36:49.280] [INFO] [EXEC] STREAM_SELL_PLACED stream_id=8 chunk_id=2574010582656 order_id=386908615 price=80737.53 qty=0.003090
[19:36:49.549] [INFO] [EXEC] STREAM_BUY_FILLED level_id=9
[19:36:49.552] [OK] [EXEC] CHUNK ADD qty=0.003090 entry=80736.64
[19:36:49.556] [INFO] [EXEC] CHUNK COUNT n=12
[19:36:49.558] [INFO] [EXEC] STREAM_TARGET_USED ticks=80 sell_price=80737.44
[19:36:49.824] [INFO] [EXEC] STREAM_SELL_PLACED stream_id=9 chunk_id=2574010587840 order_id=386908658 price=80737.44 qty=0.003090
[19:36:50.087] [INFO] [EXEC] STREAM_SELL_STATUS stream_id=10 chunk_id=2573959701680 order_id=386908389 status=NEW
[19:36:50.351] [INFO] [EXEC] STREAM_SELL_STATUS stream_id=11 chunk_id=2574010461664 order_id=386908419 status=NEW
[19:36:50.614] [INFO] [EXEC] STREAM_SELL_STATUS stream_id=12 chunk_id=2574010460896 order_id=386908437 status=FILLED
[19:36:50.617] [INFO] [EXEC] STREAM_SELL_FILLED stream_id=12 chunk_id=2574010460896 order_id=386908437
[19:36:50.620] [OK] [EXEC] FIFO CLOSE qty=0.003090 entry=80736.34 exit=80737.14 pnl=+0.002472
[19:36:50.622] [INFO] [EXEC] STREAM_PNL stream_id=12 pnl=+0.002472
[19:36:50.625] [INFO] [EXEC] STREAM_RECYCLED level_id=12
[19:36:50.628] [INFO] [EXEC] STREAM_RECYCLED stream_id=12
[19:36:50.899] [INFO] [EXEC] STREAM_SELL_STATUS stream_id=1 chunk_id=2573959166048 order_id=386908514 status=FILLED
[19:36:50.902] [INFO] [EXEC] STREAM_SELL_FILLED stream_id=1 chunk_id=2573959166048 order_id=386908514
[19:36:50.903] [OK] [EXEC] FIFO CLOSE qty=0.003090 entry=80737.43 exit=80738.23 pnl=+0.002472
[19:36:50.904] [INFO] [EXEC] STREAM_PNL stream_id=1 pnl=+0.002472
[19:36:50.905] [INFO] [EXEC] STREAM_RECYCLED level_id=1
[19:36:50.906] [INFO] [EXEC] STREAM_RECYCLED stream_id=1
[19:36:51.174] [INFO] [EXEC] STREAM_SELL_STATUS stream_id=2 chunk_id=2573959693328 order_id=386908517 status=FILLED
[19:36:51.177] [INFO] [EXEC] STREAM_SELL_FILLED stream_id=2 chunk_id=2573959693328 order_id=386908517
[19:36:51.178] [OK] [EXEC] FIFO CLOSE qty=0.003090 entry=80737.34 exit=80738.14 pnl=+0.002472
[19:36:51.179] [INFO] [EXEC] STREAM_PNL stream_id=2 pnl=+0.002472
[19:36:51.181] [INFO] [EXEC] STREAM_RECYCLED level_id=2
[19:36:51.182] [INFO] [EXEC] STREAM_RECYCLED stream_id=2
[19:36:51.441] [INFO] [EXEC] STREAM_SELL_STATUS stream_id=3 chunk_id=2573959707104 order_id=386908534 status=FILLED
[19:36:51.443] [INFO] [EXEC] STREAM_SELL_FILLED stream_id=3 chunk_id=2573959707104 order_id=386908534
[19:36:51.444] [OK] [EXEC] FIFO CLOSE qty=0.003090 entry=80737.23 exit=80738.03 pnl=+0.002472
[19:36:51.445] [INFO] [EXEC] STREAM_PNL stream_id=3 pnl=+0.002472
[19:36:51.446] [INFO] [EXEC] STREAM_RECYCLED level_id=3
[19:36:51.447] [INFO] [EXEC] STREAM_RECYCLED stream_id=3
[19:36:51.722] [INFO] [EXEC] STREAM_SELL_STATUS stream_id=4 chunk_id=2573959692800 order_id=386908557 status=FILLED
[19:36:51.726] [INFO] [EXEC] STREAM_SELL_FILLED stream_id=4 chunk_id=2573959692800 order_id=386908557
[19:36:51.727] [OK] [EXEC] FIFO CLOSE qty=0.003090 entry=80737.14 exit=80737.94 pnl=+0.002472
[19:36:51.728] [INFO] [EXEC] STREAM_PNL stream_id=4 pnl=+0.002472
[19:36:51.730] [INFO] [EXEC] STREAM_RECYCLED level_id=4
[19:36:51.731] [INFO] [EXEC] STREAM_RECYCLED stream_id=4
[19:36:51.995] [INFO] [EXEC] STREAM_SELL_STATUS stream_id=5 chunk_id=2573959701104 order_id=386908559 status=FILLED
[19:36:51.997] [INFO] [EXEC] STREAM_SELL_FILLED stream_id=5 chunk_id=2573959701104 order_id=386908559
[19:36:51.998] [OK] [EXEC] FIFO CLOSE qty=0.003090 entry=80737.04 exit=80737.84 pnl=+0.002472
[19:36:51.999] [INFO] [EXEC] STREAM_PNL stream_id=5 pnl=+0.002472
[19:36:52.000] [INFO] [EXEC] STREAM_RECYCLED level_id=5
[19:36:52.001] [INFO] [EXEC] STREAM_RECYCLED stream_id=5
[19:36:52.262] [INFO] [EXEC] STREAM_SELL_STATUS stream_id=6 chunk_id=2573959167872 order_id=386908590 status=FILLED
[19:36:52.265] [INFO] [EXEC] STREAM_SELL_FILLED stream_id=6 chunk_id=2573959167872 order_id=386908590
[19:36:52.267] [OK] [EXEC] FIFO CLOSE qty=0.003090 entry=80736.93 exit=80737.73 pnl=+0.002472
[19:36:52.268] [INFO] [EXEC] STREAM_PNL stream_id=6 pnl=+0.002472
[19:36:52.269] [INFO] [EXEC] STREAM_RECYCLED level_id=6
[19:36:52.270] [INFO] [EXEC] STREAM_RECYCLED stream_id=6
[19:36:52.550] [INFO] [EXEC] STREAM_SELL_STATUS stream_id=7 chunk_id=2573959697504 order_id=386908606 status=FILLED
[19:36:52.552] [INFO] [EXEC] STREAM_SELL_FILLED stream_id=7 chunk_id=2573959697504 order_id=386908606
[19:36:52.553] [OK] [EXEC] FIFO CLOSE qty=0.003090 entry=80736.84 exit=80737.64 pnl=+0.002472
[19:36:52.554] [INFO] [EXEC] STREAM_PNL stream_id=7 pnl=+0.002472
[19:36:52.555] [INFO] [EXEC] STREAM_RECYCLED level_id=7
[19:36:52.556] [INFO] [EXEC] STREAM_RECYCLED stream_id=7
[19:36:52.822] [INFO] [EXEC] STREAM_SELL_STATUS stream_id=8 chunk_id=2574010582656 order_id=386908615 status=FILLED
[19:36:52.826] [INFO] [EXEC] STREAM_SELL_FILLED stream_id=8 chunk_id=2574010582656 order_id=386908615
[19:36:52.829] [OK] [EXEC] FIFO CLOSE qty=0.003090 entry=80736.73 exit=80737.53 pnl=+0.002472
[19:36:52.832] [INFO] [EXEC] STREAM_PNL stream_id=8 pnl=+0.002472
[19:36:52.835] [INFO] [EXEC] STREAM_RECYCLED level_id=8
[19:36:52.837] [INFO] [EXEC] STREAM_RECYCLED stream_id=8
[19:36:53.098] [INFO] [EXEC] STREAM_SELL_STATUS stream_id=9 chunk_id=2574010587840 order_id=386908658 status=FILLED
[19:36:53.100] [INFO] [EXEC] STREAM_SELL_FILLED stream_id=9 chunk_id=2574010587840 order_id=386908658
[19:36:53.102] [OK] [EXEC] FIFO CLOSE qty=0.003090 entry=80736.64 exit=80737.44 pnl=+0.002472
[19:36:53.103] [INFO] [EXEC] STREAM_PNL stream_id=9 pnl=+0.002472
[19:36:53.104] [INFO] [EXEC] STREAM_RECYCLED level_id=9
[19:36:53.104] [INFO] [EXEC] STREAM_RECYCLED stream_id=9
[19:36:53.106] [INFO] [EXEC] STREAM_REPAIR_SKIP reason=stream_owned_inventory
[19:36:53.107] [INFO] [EXEC] STREAM_GLOBAL_SELL_SKIP reason=exit_recovery_inventory_no_sell
[19:36:53.108] [INFO] [EXEC] STREAM_GLOBAL_SELL_SKIP reason=place_sell
[19:36:54.509] [INFO] [EXEC] STREAM_SELL_STATUS stream_id=10 chunk_id=2573959701680 order_id=386908389 status=FILLED
[19:36:54.512] [INFO] [EXEC] STREAM_SELL_FILLED stream_id=10 chunk_id=2573959701680 order_id=386908389
[19:36:54.513] [OK] [EXEC] FIFO CLOSE qty=0.003090 entry=80736.54 exit=80737.34 pnl=+0.002472
[19:36:54.514] [INFO] [EXEC] STREAM_PNL stream_id=10 pnl=+0.002472
[19:36:54.516] [INFO] [EXEC] STREAM_RECYCLED level_id=10
[19:36:54.517] [INFO] [EXEC] STREAM_RECYCLED stream_id=10
[19:36:54.798] [INFO] [EXEC] STREAM_SELL_STATUS stream_id=11 chunk_id=2574010461664 order_id=386908419 status=FILLED
[19:36:54.801] [INFO] [EXEC] STREAM_SELL_FILLED stream_id=11 chunk_id=2574010461664 order_id=386908419
[19:36:54.803] [OK] [EXEC] FIFO CLOSE qty=0.003090 entry=80736.43 exit=80737.23 pnl=+0.002472
[19:36:54.804] [INFO] [EXEC] STREAM_PNL stream_id=11 pnl=+0.002472
[19:36:54.805] [INFO] [EXEC] STREAM_RECYCLED level_id=11
[19:36:54.806] [INFO] [EXEC] STREAM_RECYCLED stream_id=11
[19:36:54.807] [WARNING] [HEALTH] block spread_too_young lifetime=0
[19:36:54.808] [WARNING] [HEALTH] unstable_spread lifetime=0
[19:36:54.809] [INFO] [EXEC] STREAM_GUARD_SIMPLE_PASS
[19:36:54.810] [INFO] [EXEC] STREAM_MODE_ACTIVE_SKIP_SINGLE_ENTRY
[19:36:55.074] [INFO] [EXEC] STREAM_BUY_PLACED level_id=1 order_id=386908969
[19:36:55.077] [OK] [EXEC] PLACE BUY price=80737.43 qty=0.003090
[19:36:55.341] [INFO] [EXEC] STREAM_BUY_PLACED level_id=2 order_id=386908975
[19:36:55.343] [OK] [EXEC] PLACE BUY price=80737.34 qty=0.003090
[19:36:55.609] [INFO] [EXEC] STREAM_BUY_PLACED level_id=3 order_id=386908990
[19:36:55.610] [OK] [EXEC] PLACE BUY price=80737.23 qty=0.003090
[19:36:56.764] [INFO] [EXEC] STREAM_GUARD_SIMPLE_PASS
[19:36:57.026] [INFO] [EXEC] STREAM_BUY_PLACED level_id=4 order_id=386909026
[19:36:57.030] [OK] [EXEC] PLACE BUY price=80737.14 qty=0.003090
[19:36:57.291] [INFO] [EXEC] STREAM_BUY_PLACED level_id=5 order_id=386909027
[19:36:57.295] [OK] [EXEC] PLACE BUY price=80737.04 qty=0.003090
[19:36:57.571] [INFO] [EXEC] STREAM_BUY_PLACED level_id=6 order_id=386909050
[19:36:57.575] [OK] [EXEC] PLACE BUY price=80736.93 qty=0.003090
[19:36:59.685] [WARNING] [HEALTH] block spread_too_young lifetime=0
[19:36:59.687] [WARNING] [HEALTH] unstable_spread lifetime=0
[19:36:59.689] [INFO] [EXEC] STREAM_GUARD_SIMPLE_PASS
[19:36:59.959] [INFO] [EXEC] STREAM_BUY_PLACED level_id=7 order_id=386909145
[19:36:59.963] [OK] [EXEC] PLACE BUY price=80736.84 qty=0.003090
[19:37:00.254] [INFO] [EXEC] STREAM_BUY_PLACED level_id=8 order_id=386909161
[19:37:00.257] [OK] [EXEC] PLACE BUY price=80736.73 qty=0.003090
[19:37:00.541] [INFO] [EXEC] STREAM_BUY_PLACED level_id=9 order_id=386909167
[19:37:00.545] [OK] [EXEC] PLACE BUY price=80736.64 qty=0.003090
[19:37:00.829] [INFO] START_CLICK received enabled=True api_ready=True running=True
[19:37:01.105] [WARNING] cancel all requested
[19:37:07.220] [WARNING] [EXEC] BALANCE_EXTERNAL_BTC free=0.027817 locked=0.000000
[19:37:07.223] [INFO] [EXEC] SELL ACCOUNTING RESET reconcile_stop
[19:37:07.223] [INFO] [EXEC] RECONCILE_FLAT reason=inventory_empty_safe_qty_zero
[19:37:07.224] [WARNING] STOP
[19:37:07.516] [INFO] [EXEC] STREAM_STATS_UI cycles=12 wins=12 losses=0 pnl=+0.029664 winrate=100.00%
