[16:19:45.608] [OK] filters loaded
[16:19:48.470] [OK] [PLAN] READY entry=81779.95 exit=81783.44 profit=0.213344 age=884ms
[16:19:49.165] [OK] [PLAN] HOT entry=81775.24 exit=81780.47 profit=0.319762 age=1578ms
[16:19:50.459] [OK] [PLAN] READY entry=81778.73 exit=81782.60 profit=0.236612 age=2873ms
[16:19:53.535] [OK] [PLAN] READY entry=81799.91 exit=81804.29 profit=0.267706 age=341ms
[16:19:56.763] [OK] [SETTINGS] settings saved
[16:19:58.596] [EXCHANGE] symbol=BTCU base=BTC quote=U status=TRADING permissions=[]
[16:19:58.600] [OK] START
[16:19:58.884] [INFO] [EXEC] LIVE ON
[16:19:58.888] [INFO] [EXEC] WAIT READY
[16:19:59.478] [OK] [EXEC] BUY ORDER SENT orderId=382795608 price=81804.00 qty=0.122240
[16:19:59.481] [OK] [EXEC] PLACE BUY price=81804.00 qty=0.122240
[16:19:59.484] [OK] [PLAN] HOT entry=81804.00 exit=81812.10 profit=0.990144 age=1113ms
[16:20:00.011] [WS] primary url=wss://stream.binance.com:9443/ws/btcu@bookTicker
[16:20:00.012] [WS] connecting primary
[16:20:00.012] [WS] connected
[16:20:00.013] [WS] LIVE bid=81804.00 ask=81812.19
[16:20:00.337] [OK] [EXEC] BUY PARTIAL filled=0.122240 total=0.122240
[16:20:00.340] [OK] [EXEC] BUY REMAINING qty=0.000000
[16:20:00.341] [OK] [EXEC] POSITION qty=0.122240
[16:20:00.342] [OK] [EXEC] BUY FILLED id=382795608
[16:20:00.949] [OK] [SYNC] order filled detected
[16:20:00.951] [OK] [SYNC] BUY filled on exchange
[16:20:01.638] [OK] [EXEC] PLACE SELL price=81819.77 qty=0.122240
[16:20:02.004] [OK] [EXEC] SELL ORDER SENT orderId=382795826
[16:20:02.835] [OK] [SYNC] order filled detected
[16:20:02.838] [OK] [SYNC] SELL filled on exchange
[16:20:02.838] [OK] [EXEC] REALIZED pnl=+1.927725
[16:20:03.785] [OK] [EXEC] BUY ORDER SENT orderId=382796222 price=81814.78 qty=0.122220
[16:20:03.788] [OK] [EXEC] PLACE BUY price=81814.78 qty=0.122220
[16:20:04.341] [OK] [SYNC] order filled detected
[16:20:04.344] [OK] [SYNC] BUY filled on exchange
[16:20:04.841] [OK] [EXEC] PLACE SELL price=81814.82 qty=0.122220
[16:20:05.129] [OK] [EXEC] SELL ORDER SENT orderId=382796416
[16:20:05.135] [WS] LIVE bid=81796.70 ask=81810.00
[16:20:06.270] [INFO] [EXEC] RECOVERY WAIT hard_sl_pending_recovery
[16:20:08.792] [WARNING] [EXEC] SELL TIMEOUT orderId=382796416
[16:20:08.793] [WARNING] [EXEC] CANCEL SELL orderId=382796416
[16:20:09.329] [INFO] [EXEC] SELL FINAL STATUS status=CANCELED orderId=382796416
[16:20:09.332] [INFO] [EXEC] SELL TIMEOUT check fast_exit
[16:20:09.333] [WARNING] [EXEC] FORCE EXIT hard_sl_triggered
[16:20:09.334] [ERROR] [EXEC] HARD SL triggered
[16:20:09.335] [WARNING] [EXEC] PANIC EXIT sl_mode
[16:20:09.336] [WARNING] [EXEC] FORCE EXIT price=81782.15
[16:20:09.337] [OK] [EXEC] PLACE SELL price=81782.15 qty=0.122220
[16:20:09.620] [WARNING] [EXEC] PANIC START price=81782.15
[16:20:09.626] [OK] [EXEC] SELL ORDER SENT orderId=382796772
[16:20:09.632] [WARNING] [EXEC] BLOCK reason=balance_low
[16:20:10.181] [OK] [SYNC] order filled detected
[16:20:10.183] [OK] [SYNC] SELL filled on exchange
[16:20:10.184] [OK] [EXEC] REALIZED pnl=-3.988039
[16:20:10.708] [WS] LIVE bid=81783.42 ask=81796.86
[16:20:15.671] [WS] LIVE bid=81794.83 ask=81803.62
[16:20:17.838] [OK] [EXEC] BUY ORDER SENT orderId=382797815 price=81799.28 qty=0.122250
[16:20:17.842] [OK] [EXEC] PLACE BUY price=81799.28 qty=0.122250
[16:20:20.911] [OK] [SYNC] order filled detected
[16:20:20.914] [OK] [SYNC] BUY filled on exchange
[16:20:20.915] [OK] [EXEC] PLACE SELL price=81806.22 qty=0.122250
[16:20:21.182] [OK] [EXEC] SELL ORDER SENT orderId=382797966
[16:20:21.191] [WS] LIVE bid=81802.91 ask=81809.99
[16:20:25.022] [OK] [SYNC] order filled detected
[16:20:25.025] [OK] [SYNC] SELL filled on exchange
[16:20:25.026] [OK] [EXEC] REALIZED pnl=+0.848415
[16:20:25.031] [WS] LIVE bid=81807.09 ask=81810.00
[16:20:28.183] [OK] [EXEC] BUY ORDER SENT orderId=382798544 price=81818.41 qty=0.122220
[16:20:28.187] [OK] [EXEC] PLACE BUY price=81818.41 qty=0.122220
[16:20:28.718] [OK] [SYNC] order filled detected
[16:20:28.720] [OK] [SYNC] BUY filled on exchange
[16:20:28.844] [OK] [EXEC] PLACE SELL price=81820.78 qty=0.122220
[16:20:29.114] [OK] [EXEC] SELL ORDER SENT orderId=382798662
[16:20:29.119] [OK] [PLAN] HOT entry=81807.30 exit=81820.78 profit=1.647660 age=939ms
[16:20:30.161] [WS] LIVE bid=81812.68 ask=81820.58
[16:20:30.672] [OK] [PLAN] READY entry=81814.68 exit=81818.78 profit=0.501102 age=2496ms
[16:20:31.693] [OK] [SYNC] order filled detected
[16:20:31.696] [OK] [SYNC] SELL filled on exchange
[16:20:31.697] [OK] [EXEC] REALIZED pnl=+0.289661
[16:20:32.924] [OK] [EXEC] BUY ORDER SENT orderId=382798936 price=81821.07 qty=0.122210
[16:20:32.928] [OK] [EXEC] PLACE BUY price=81821.07 qty=0.122210
[16:20:32.930] [OK] [PLAN] HOT entry=81821.07 exit=81827.00 profit=0.724705 age=4744ms
[16:20:33.488] [OK] [EXEC] BUY PARTIAL filled=0.122210 total=0.122210
[16:20:33.491] [OK] [EXEC] BUY REMAINING qty=0.000000
[16:20:33.494] [OK] [EXEC] POSITION qty=0.122210
[16:20:33.497] [OK] [EXEC] BUY FILLED id=382798936
[16:20:33.501] [OK] [PLAN] READY entry=81820.00 exit=81823.83 profit=0.468064 age=5316ms
[16:20:34.034] [OK] [SYNC] order filled detected
[16:20:34.037] [OK] [SYNC] BUY filled on exchange
[16:20:35.012] [OK] [EXEC] PLACE SELL price=81821.11 qty=0.122210
[16:20:35.294] [OK] [EXEC] SELL ORDER SENT orderId=382799117
[16:20:35.934] [WS] LIVE bid=81810.00 ask=81817.99
[16:20:36.022] [INFO] [EXEC] RECOVERY WAIT hard_sl_pending_recovery
[16:20:38.202] [WARNING] [EXEC] SELL TIMEOUT orderId=382799117
[16:20:38.205] [WARNING] [EXEC] CANCEL SELL orderId=382799117
[16:20:38.794] [INFO] [EXEC] SELL FINAL STATUS status=CANCELED orderId=382799117
[16:20:38.797] [INFO] [EXEC] SELL TIMEOUT check fast_exit
[16:20:38.798] [WARNING] [EXEC] FORCE EXIT hard_sl_triggered
[16:20:38.799] [ERROR] [EXEC] HARD SL triggered
[16:20:38.800] [WARNING] [EXEC] PANIC EXIT sl_mode
[16:20:38.801] [WARNING] [EXEC] FORCE EXIT price=81792.00
[16:20:38.802] [OK] [EXEC] PLACE SELL price=81792.00 qty=0.122210
[16:20:39.075] [WARNING] [EXEC] PANIC START price=81792.00
[16:20:39.079] [OK] [EXEC] SELL ORDER SENT orderId=382799473
[16:20:40.186] [WS] LIVE bid=81778.71 ask=81785.99
[16:20:41.262] [WARNING] [EXEC] PANIC WAIT still_open orderId=382799473
[16:20:41.265] [WARNING] [EXEC] PANIC HOLD active orderId=382799473
[16:20:41.268] [WARNING] [EXEC] BLOCK reason=balance_low
[16:20:42.241] [WARNING] [EXEC] PANIC HOLD active orderId=382799473
[16:20:45.798] [WARNING] [EXEC] PANIC WAIT still_open orderId=382799473
[16:20:45.802] [WARNING] [EXEC] PANIC HOLD active orderId=382799473
[16:20:46.327] [OK] [SYNC] order filled detected
[16:20:46.329] [OK] [SYNC] SELL filled on exchange
[16:20:46.330] [OK] [EXEC] REALIZED pnl=-3.552645
[16:20:46.333] [WS] LIVE bid=81779.10 ask=81785.99
[16:20:46.348] [WARNING] [EXEC] BLOCK reason=balance_low
[16:20:48.172] [OK] [EXEC] BUY ORDER SENT orderId=382800179 price=81780.01 qty=0.122270
[16:20:48.175] [OK] [EXEC] PLACE BUY price=81780.01 qty=0.122270
[16:20:50.276] [OK] [SYNC] order filled detected
[16:20:50.278] [OK] [SYNC] BUY filled on exchange
[16:20:50.793] [WS] LIVE bid=81772.79 ask=81785.85
[16:20:51.179] [OK] [EXEC] PLACE SELL price=81783.84 qty=0.122270
[16:20:51.466] [OK] [EXEC] SELL ORDER SENT orderId=382800395
[16:20:52.242] [OK] [EXEC] SELL FILLED id=382800395
[16:20:52.245] [OK] [EXEC] SELL FILLED qty=0.122270 remaining=0.000000
[16:20:52.248] [OK] [EXEC] REALIZED pnl=+0.475687
[16:20:52.251] [OK] [EXEC] PANIC FILLED
[16:20:52.253] [INFO] [EXEC] PANIC RESET
[16:20:52.257] [OK] [PLAN] READY entry=81781.39 exit=81785.64 profit=0.519648 age=789ms
[16:20:54.731] [OK] [EXEC] BUY ORDER SENT orderId=382800597 price=81780.92 qty=0.122270
[16:20:54.734] [OK] [EXEC] PLACE BUY price=81780.92 qty=0.122270
[16:20:55.764] [OK] [SYNC] order filled detected
[16:20:55.765] [OK] [SYNC] BUY filled on exchange
[16:20:56.150] [OK] [EXEC] PLACE SELL price=81785.44 qty=0.122270
[16:20:56.455] [OK] [EXEC] SELL ORDER SENT orderId=382800707
[16:20:56.461] [OK] [PLAN] HOT entry=81780.01 exit=81785.44 profit=0.663926 age=1682ms
[16:20:57.237] [WS] LIVE bid=81778.00 ask=81787.44
[16:20:57.272] [INFO] [EXEC] RECOVERY WAIT hard_sl_pending_recovery
[16:20:58.562] [OK] [SYNC] order filled detected
[16:20:58.563] [OK] [SYNC] SELL filled on exchange
[16:20:58.564] [OK] [EXEC] REALIZED pnl=+0.552660
[16:20:59.510] [WARNING] [EXEC] BLOCK reason=balance_low
[16:21:00.834] [WS] LIVE bid=81783.10 ask=81789.18
[16:21:01.984] [WARNING] [EXEC] BLOCK reason=balance_low
[16:21:05.936] [WS] LIVE bid=81765.87 ask=81775.57
[16:21:09.756] [OK] [EXEC] BUY ORDER SENT orderId=382801719 price=81767.87 qty=0.122290
[16:21:09.760] [OK] [EXEC] PLACE BUY price=81767.87 qty=0.122290
[16:21:10.913] [WS] LIVE bid=81767.87 ask=81771.85
[16:21:12.439] [OK] [SYNC] order filled detected
[16:21:12.442] [OK] [SYNC] BUY filled on exchange
[16:21:12.601] [OK] [EXEC] PLACE SELL price=81771.23 qty=0.122290
[16:21:12.901] [OK] [EXEC] SELL ORDER SENT orderId=382801930
[16:21:14.301] [OK] [SYNC] order filled detected
[16:21:14.304] [OK] [SYNC] SELL filled on exchange
[16:21:14.304] [OK] [EXEC] REALIZED pnl=+0.410894
[16:21:14.754] [OK] [EXEC] BUY ORDER SENT orderId=382802133 price=81774.50 qty=0.122280
[16:21:14.757] [OK] [EXEC] PLACE BUY price=81774.50 qty=0.122280
[16:21:15.952] [WS] LIVE bid=81789.20 ask=81794.00
[16:21:16.320] [OK] [PLAN] HOT entry=81791.21 exit=81797.82 profit=0.808139 age=1569ms
[16:21:19.838] [WARNING] [EXEC] BUY TIMEOUT orderId=382802133
[16:21:19.841] [WARNING] [EXEC] CANCEL BUY orderId=382802133
[16:21:20.106] [OK] [EXEC] BUY CANCELED confirmed
[16:21:20.388] [INFO] [EXEC] BUY FINAL STATUS status=CANCELED orderId=382802133
[16:21:20.392] [WARNING] [EXEC] BLOCK reason=buy_not_filled
[16:21:20.398] [WARNING] [EXEC] BLOCK reason=balance_low
[16:21:21.950] [WS] LIVE bid=81786.28 ask=81792.03
[16:21:23.710] [WARNING] [EXEC] BLOCK reason=balance_low
[16:21:26.553] [WS] LIVE bid=81772.79 ask=81782.34
[16:21:28.182] [OK] [EXEC] BUY ORDER SENT orderId=382803299 price=81776.73 qty=0.122280
[16:21:28.187] [OK] [EXEC] PLACE BUY price=81776.73 qty=0.122280
[16:21:29.744] [OK] [PLAN] HOT entry=81779.48 exit=81784.39 profit=0.600395 age=1563ms
[16:21:32.293] [WS] LIVE bid=81784.45 ask=81794.00
[16:21:33.196] [WARNING] [EXEC] BUY TIMEOUT orderId=382803299
[16:21:33.200] [WARNING] [EXEC] CANCEL BUY orderId=382803299
[16:21:33.482] [OK] [EXEC] BUY CANCELED confirmed
[16:21:33.746] [INFO] [EXEC] BUY FINAL STATUS status=CANCELED orderId=382803299
[16:21:33.750] [WARNING] [EXEC] BLOCK reason=buy_not_filled
[16:21:35.020] [OK] [EXEC] BUY ORDER SENT orderId=382803801 price=81791.41 qty=0.122260
[16:21:35.023] [OK] [EXEC] PLACE BUY price=81791.41 qty=0.122260
[16:21:35.027] [OK] [PLAN] HOT entry=81791.41 exit=81798.10 profit=0.817919 age=1826ms
[16:21:37.328] [WS] LIVE bid=81791.42 ask=81797.21
[16:21:39.454] [WARNING] [EXEC] BUY TIMEOUT orderId=382803801
[16:21:39.460] [WARNING] [EXEC] CANCEL BUY orderId=382803801
[16:21:39.727] [OK] [EXEC] BUY CANCELED confirmed
[16:21:39.993] [INFO] [EXEC] BUY FINAL STATUS status=CANCELED orderId=382803801
[16:21:39.996] [WARNING] [EXEC] BLOCK reason=buy_not_filled
[16:21:39.999] [WARNING] [EXEC] BLOCK reason=balance_low
[16:21:41.569] [WS] LIVE bid=81797.04 ask=81801.97
[16:21:43.268] [WARNING] [EXEC] BLOCK reason=balance_low
[16:21:47.336] [WS] LIVE bid=81772.79 ask=81786.09
[16:21:48.877] [OK] [EXEC] BUY ORDER SENT orderId=382804699 price=81772.93 qty=0.122280
[16:21:48.881] [OK] [EXEC] PLACE BUY price=81772.93 qty=0.122280
[16:21:49.445] [OK] [EXEC] BUY PARTIAL filled=0.122280 total=0.122280
[16:21:49.450] [OK] [EXEC] BUY REMAINING qty=0.000000
[16:21:49.452] [OK] [EXEC] POSITION qty=0.122280
[16:21:49.455] [OK] [EXEC] BUY FILLED id=382804699
[16:21:49.459] [OK] [PLAN] HOT entry=81767.87 exit=81777.85 profit=1.220454 age=573ms
[16:21:49.982] [OK] [SYNC] order filled detected
[16:21:49.984] [OK] [SYNC] BUY filled on exchange
[16:21:50.942] [OK] [EXEC] PLACE SELL price=81780.66 qty=0.122280
[16:21:51.236] [OK] [EXEC] SELL ORDER SENT orderId=382804899
[16:21:51.241] [OK] [PLAN] READY entry=81776.54 exit=81780.66 profit=0.503794 age=2344ms
[16:21:51.742] [WS] LIVE bid=81775.43 ask=81780.66
[16:21:52.608] [INFO] [EXEC] RECOVERY WAIT hard_sl_pending_recovery
[16:21:52.875] [OK] [PLAN] HOT entry=81767.86 exit=81777.02 profit=1.120176 age=4010ms
[16:21:54.034] [INFO] [EXEC] RECOVERY WAIT hard_sl_pending_recovery
[16:21:54.308] [WARNING] [EXEC] SELL TIMEOUT orderId=382804899
[16:21:54.311] [WARNING] [EXEC] CANCEL SELL orderId=382804899
[16:21:54.857] [INFO] [EXEC] SELL FINAL STATUS status=CANCELED orderId=382804899
[16:21:54.860] [INFO] [EXEC] SELL TIMEOUT check fast_exit
[16:21:54.861] [WARNING] [EXEC] FORCE EXIT hard_sl_triggered
[16:21:54.863] [ERROR] [EXEC] HARD SL triggered
[16:21:54.865] [WARNING] [EXEC] PANIC EXIT sl_mode
[16:21:54.868] [WARNING] [EXEC] FORCE EXIT price=81774.55
[16:21:54.870] [OK] [EXEC] PLACE SELL price=81774.55 qty=0.122280
[16:21:55.148] [WARNING] [EXEC] PANIC START price=81774.55
[16:21:55.151] [OK] [EXEC] SELL ORDER SENT orderId=382805106
[16:21:55.999] [OK] [EXEC] SELL FILLED id=382805106
[16:21:56.002] [OK] [EXEC] SELL FILLED qty=0.122280 remaining=0.000000
[16:21:56.005] [OK] [EXEC] REALIZED pnl=+0.198094
[16:21:56.007] [OK] [EXEC] PANIC FILLED
[16:21:56.009] [INFO] [EXEC] PANIC RESET
[16:21:57.090] [WS] LIVE bid=81773.56 ask=81779.08
[16:21:58.507] [OK] [EXEC] BUY ORDER SENT orderId=382805318 price=81767.87 qty=0.122290
[16:21:58.511] [OK] [EXEC] PLACE BUY price=81767.87 qty=0.122290
[16:22:02.072] [OK] [EXEC] BUY PARTIAL filled=0.122290 total=0.122290
[16:22:02.075] [OK] [EXEC] BUY REMAINING qty=0.000000
[16:22:02.076] [OK] [EXEC] POSITION qty=0.122290
[16:22:02.077] [OK] [EXEC] BUY FILLED id=382805318
[16:22:02.876] [WS] LIVE bid=81770.01 ask=81775.39
[16:22:02.916] [OK] [EXEC] PLACE SELL price=81775.51 qty=0.122290
[16:22:03.182] [OK] [EXEC] SELL ORDER SENT orderId=382805654
[16:22:04.729] [OK] [SYNC] order filled detected
[16:22:04.731] [OK] [SYNC] SELL filled on exchange
[16:22:04.732] [OK] [EXEC] REALIZED pnl=+0.934296
[16:22:05.327] [OK] [EXEC] BUY ORDER SENT orderId=382805814 price=81769.95 qty=0.122290
[16:22:05.329] [OK] [EXEC] PLACE BUY price=81769.95 qty=0.122290
[16:22:05.331] [OK] [PLAN] HOT entry=81769.95 exit=81783.09 profit=1.606891 age=2121ms
[16:22:07.545] [WS] LIVE bid=81770.02 ask=81772.98
[16:22:08.130] [OK] [SYNC] order filled detected
[16:22:08.133] [OK] [SYNC] BUY filled on exchange
[16:22:08.135] [OK] [EXEC] PLACE SELL price=81775.99 qty=0.122290
[16:22:08.398] [OK] [EXEC] SELL ORDER SENT orderId=382805953
[16:22:08.403] [WARNING] [EXEC] BLOCK reason=balance_low
[16:22:10.066] [INFO] [EXEC] RECOVERY WAIT hard_sl_pending_recovery
[16:22:10.975] [OK] [SYNC] order filled detected
[16:22:10.977] [OK] [SYNC] SELL filled on exchange
[16:22:10.978] [OK] [EXEC] REALIZED pnl=+0.738632
[16:22:10.984] [WARNING] [EXEC] BLOCK reason=balance_low
[16:22:12.652] [WS] LIVE bid=81779.15 ask=81783.37
[16:22:14.495] [WARNING] [EXEC] BLOCK reason=balance_low
[16:22:17.808] [WS] LIVE bid=81770.01 ask=81774.16
[16:22:20.775] [OK] [EXEC] BUY ORDER SENT orderId=382806663 price=81793.10 qty=0.122250
[16:22:20.778] [OK] [EXEC] PLACE BUY price=81793.10 qty=0.122250
[16:22:22.654] [OK] [SYNC] order filled detected
[16:22:22.657] [OK] [SYNC] BUY filled on exchange
[16:22:22.658] [OK] [EXEC] PLACE SELL price=81798.04 qty=0.122250
[16:22:22.923] [OK] [EXEC] SELL ORDER SENT orderId=382806810
[16:22:22.930] [WS] LIVE bid=81778.84 ask=81800.03
[16:22:22.950] [INFO] [EXEC] RECOVERY WAIT hard_sl_pending_recovery
[16:22:24.284] [OK] [SYNC] order filled detected
[16:22:24.286] [OK] [SYNC] SELL filled on exchange
[16:22:24.287] [OK] [EXEC] REALIZED pnl=+0.603915
[16:22:26.665] [OK] [EXEC] BUY ORDER SENT orderId=382807003 price=81790.06 qty=0.122260
[16:22:26.669] [OK] [EXEC] PLACE BUY price=81790.06 qty=0.122260
[16:22:28.080] [WS] LIVE bid=81794.01 ask=81801.05
[16:22:28.538] [OK] [EXEC] BUY PARTIAL filled=0.122260 total=0.122260
[16:22:28.542] [OK] [EXEC] BUY REMAINING qty=0.000000
[16:22:28.543] [OK] [EXEC] POSITION qty=0.122260
[16:22:28.544] [OK] [EXEC] BUY FILLED id=382807003
[16:22:28.546] [WARNING] [EXEC] BLOCK reason=balance_low
[16:22:29.085] [OK] [EXEC] PLACE SELL price=81790.57 qty=0.122260
[16:22:29.365] [OK] [EXEC] SELL ORDER SENT orderId=382807204
[16:22:29.952] [OK] [SYNC] order filled detected
[16:22:29.954] [OK] [SYNC] SELL filled on exchange
[16:22:29.955] [OK] [EXEC] REALIZED pnl=+0.062353
[16:22:33.185] [WS] LIVE bid=81789.28 ask=81794.39
[16:22:33.545] [WS] stale/lost
