[18:06:18.788] [OK] filters loaded
[18:06:20.445] [OK] [PLAN] HOT entry=82010.89 exit=82015.99 profit=1.243737 age=778ms
[18:06:21.232] [EXCHANGE] symbol=BTCU base=BTC quote=U status=TRADING permissions=[]
[18:06:21.236] [OK] START
[18:06:21.243] [INFO] [EXEC] LIVE ON
[18:06:21.245] [INFO] [EXEC] WAIT READY
[18:06:21.246] [WARNING] [HEALTH] unstable_spread lifetime=0
[18:06:21.247] [WARNING] [EXEC] BLOCK reason=market_health_bad
[18:06:22.016] [WS] primary url=wss://stream.binance.com:9443/ws/btcu@bookTicker
[18:06:22.017] [WS] connecting primary
[18:06:22.277] [WS] connected
[18:06:22.332] [WS] LIVE bid=82006.50 ask=82015.55
[18:06:23.726] [INFO] [EXEC] SELL ACCOUNTING RESET new_cycle
[18:06:23.729] [OK] [EXEC] BUY ORDER SENT orderId=383175547 price=82010.18 qty=0.243870
[18:06:23.731] [OK] [EXEC] PLACE BUY price=82010.18 qty=0.243870
[18:06:28.532] [WS] LIVE bid=82022.36 ask=82026.00
[18:06:29.526] [WARNING] [EXEC] BUY TIMEOUT orderId=383175547
[18:06:29.529] [WARNING] [EXEC] CANCEL BUY orderId=383175547
[18:06:29.788] [OK] [EXEC] BUY CANCELED confirmed
[18:06:30.057] [INFO] [EXEC] BUY FINAL STATUS status=CANCELED orderId=383175547
[18:06:30.060] [WARNING] [EXEC] BLOCK reason=buy_not_filled
[18:06:30.594] [WARNING] [EXEC] BLOCK reason=balance_low
[18:06:33.010] [WS] LIVE bid=82021.32 ask=82029.12
[18:06:35.776] [WARNING] [EXEC] BLOCK reason=balance_low
[18:06:38.088] [WS] LIVE bid=82016.29 ask=82025.40
[18:06:38.096] [INFO] [HEALTH] state=GOOD
[18:06:38.360] [INFO] [EXEC] SELL ACCOUNTING RESET new_cycle
[18:06:38.363] [OK] [EXEC] BUY ORDER SENT orderId=383176692 price=82021.12 qty=0.243830
[18:06:38.364] [OK] [EXEC] PLACE BUY price=82021.12 qty=0.243830
[18:06:42.183] [WARNING] [EXEC] BUY TIMEOUT orderId=383176692
[18:06:42.187] [WARNING] [EXEC] CANCEL BUY orderId=383176692
[18:06:42.448] [OK] [EXEC] BUY CANCELED confirmed
[18:06:42.721] [INFO] [EXEC] BUY FINAL STATUS status=CANCELED orderId=383176692
[18:06:42.725] [WARNING] [EXEC] BLOCK reason=buy_not_filled
[18:06:42.730] [OK] [PLAN] HOT entry=82025.08 exit=82030.95 profit=1.431223 age=1954ms
[18:06:43.219] [WS] LIVE bid=82023.91 ask=82032.95
[18:06:43.399] [INFO] [HEALTH] state=GOOD
[18:06:43.666] [INFO] [EXEC] SELL ACCOUNTING RESET new_cycle
[18:06:43.669] [OK] [EXEC] BUY ORDER SENT orderId=383176863 price=82024.66 qty=0.243820
[18:06:43.670] [OK] [EXEC] PLACE BUY price=82024.66 qty=0.243820
[18:06:44.677] [OK] [SYNC] order filled detected
[18:06:44.680] [OK] [SYNC] BUY filled on exchange
[18:06:44.681] [OK] [EXEC] BUY FILL UPDATE delta=0.243820 avg=82024.66
[18:06:44.682] [OK] [EXEC] CHUNK ADD qty=0.243820 entry=82024.66
[18:06:44.683] [INFO] [EXEC] CHUNK COUNT n=1
[18:06:44.684] [OK] [EXEC] INVENTORY qty=0.243820
[18:06:44.685] [OK] [EXEC] SELL REQUIRED inventory=0.243820
[18:06:45.539] [INFO] [EXEC] SELL CHECK inventory=0.243820 reported=0.000000 remaining=0.243820 chunks=1
[18:06:45.541] [OK] [EXEC] PLACE SELL price=82031.99 qty=0.243820
[18:06:45.801] [OK] [EXEC] SELL ORDER SENT orderId=383176986
[18:06:46.799] [OK] [SYNC] order filled detected
[18:06:46.802] [OK] [SYNC] SELL filled on exchange
[18:06:46.802] [OK] [EXEC] FIFO CLOSE qty=0.243820 entry=82024.66 exit=82031.99 pnl=+1.787201
[18:06:46.804] [INFO] [EXEC] CHUNK DRAINED
[18:06:46.807] [OK] [EXEC] REALIZED pnl=+1.787201
[18:06:46.809] [INFO] [EXEC] SELL ACCOUNTING RESET flat
[18:06:46.810] [OK] [EXEC] CYCLE CLOSED pnl=+1.787201
[18:06:46.811] [INFO] [EXEC] SESSION realized=+1.787201 wins=1 losses=0
[18:06:47.100] [INFO] [EXEC] SELL ACCOUNTING RESET new_cycle
[18:06:47.103] [OK] [EXEC] BUY ORDER SENT orderId=383177162 price=82043.15 qty=0.243770
[18:06:47.105] [OK] [EXEC] PLACE BUY price=82043.15 qty=0.243770
[18:06:48.476] [WS] LIVE bid=82044.30 ask=82049.99
[18:06:49.824] [OK] [SYNC] order filled detected
[18:06:49.827] [OK] [SYNC] BUY filled on exchange
[18:06:49.828] [OK] [EXEC] BUY FILL UPDATE delta=0.243770 avg=82043.15
[18:06:49.829] [OK] [EXEC] CHUNK ADD qty=0.243770 entry=82043.15
[18:06:49.831] [INFO] [EXEC] CHUNK COUNT n=1
[18:06:49.832] [OK] [EXEC] INVENTORY qty=0.243770
[18:06:49.833] [OK] [EXEC] SELL REQUIRED inventory=0.243770
[18:06:50.223] [INFO] [EXEC] SELL CHECK inventory=0.243770 reported=0.000000 remaining=0.243770 chunks=1
[18:06:50.226] [OK] [EXEC] PLACE SELL price=82045.31 qty=0.243770
[18:06:50.506] [OK] [EXEC] SELL ORDER SENT orderId=383177316
[18:06:50.514] [WARNING] [EXEC] BLOCK reason=balance_low
[18:06:51.526] [INFO] [EXEC] RECOVERY WAIT hard_sl_pending_recovery
[18:06:51.787] [OK] [EXEC] FIFO CLOSE qty=0.243770 entry=82043.15 exit=82045.31 pnl=+0.526543
[18:06:51.790] [INFO] [EXEC] CHUNK DRAINED
[18:06:51.792] [OK] [EXEC] REALIZED pnl=+0.526543
[18:06:51.793] [INFO] [EXEC] SELL ACCOUNTING RESET flat
[18:06:51.794] [OK] [EXEC] CYCLE CLOSED pnl=+0.526543
[18:06:51.795] [INFO] [EXEC] SESSION realized=+2.313744 wins=2 losses=0
[18:06:51.796] [INFO] [EXEC] SELL ACCOUNTING RESET flat
[18:06:51.797] [INFO] [EXEC] CYCLE SKIP no_fifo_pnl
[18:06:51.798] [OK] [EXEC] SELL FILLED id=383177316
[18:06:51.799] [OK] [EXEC] SELL FILLED qty=0.243770 remaining=0.000000
[18:06:51.800] [INFO] [EXEC] SELL ACCOUNTING RESET inventory_drained
[18:06:51.801] [INFO] [EXEC] INVENTORY DRAINED epsilon_cleanup qty=0.000000
[18:06:51.802] [INFO] [EXEC] SELL ACCOUNTING RESET flat
[18:06:51.803] [INFO] [EXEC] CYCLE SKIP no_fifo_pnl
[18:06:52.745] [WS] LIVE bid=82036.48 ask=82047.31
[18:06:54.537] [WARNING] [EXEC] BLOCK reason=balance_low
[18:06:58.067] [WS] LIVE bid=82034.00 ask=82047.73
[18:06:58.088] [INFO] [HEALTH] state=GOOD
[18:06:58.351] [INFO] [EXEC] SELL ACCOUNTING RESET new_cycle
[18:06:58.356] [OK] [EXEC] BUY ORDER SENT orderId=383177580 price=82041.83 qty=0.243770
[18:06:58.358] [OK] [EXEC] PLACE BUY price=82041.83 qty=0.243770
[18:07:00.339] [OK] [PLAN] HOT entry=82049.01 exit=82067.34 profit=4.467937 age=1948ms
[18:07:02.910] [WS] LIVE bid=82058.00 ask=82071.66
[18:07:03.794] [WARNING] [EXEC] BUY TIMEOUT orderId=383177580
[18:07:03.798] [WARNING] [EXEC] CANCEL BUY orderId=383177580
[18:07:04.062] [OK] [EXEC] BUY CANCELED confirmed
[18:07:04.358] [INFO] [EXEC] BUY FINAL STATUS status=CANCELED orderId=383177580
[18:07:04.362] [WARNING] [EXEC] BLOCK reason=buy_not_filled
[18:07:04.973] [INFO] [HEALTH] state=GOOD
[18:07:05.235] [INFO] [EXEC] SELL ACCOUNTING RESET new_cycle
[18:07:05.239] [OK] [EXEC] BUY ORDER SENT orderId=383178174 price=82061.71 qty=0.243710
[18:07:05.241] [OK] [EXEC] PLACE BUY price=82061.71 qty=0.243710
[18:07:06.797] [OK] [EXEC] BUY FILL UPDATE delta=0.243710 avg=82061.71
[18:07:06.800] [OK] [EXEC] CHUNK ADD qty=0.243710 entry=82061.71
[18:07:06.802] [INFO] [EXEC] CHUNK COUNT n=1
[18:07:06.803] [OK] [EXEC] INVENTORY qty=0.243710
[18:07:06.804] [OK] [EXEC] SELL REQUIRED inventory=0.243710
[18:07:06.805] [OK] [EXEC] BUY PARTIAL delta=0.243710 total=0.243710
[18:07:06.806] [OK] [EXEC] BUY REMAINING qty=0.000000
[18:07:06.807] [OK] [EXEC] BUY FILLED id=383178174
[18:07:07.829] [OK] [SYNC] order filled detected
[18:07:07.830] [OK] [SYNC] BUY filled on exchange
[18:07:08.106] [WS] LIVE bid=82058.01 ask=82067.05
[18:07:08.664] [INFO] [EXEC] SELL CHECK inventory=0.243710 reported=0.000000 remaining=0.243710 chunks=1
[18:07:08.668] [OK] [EXEC] PLACE SELL price=82061.75 qty=0.243710
[18:07:08.942] [OK] [EXEC] SELL ORDER SENT orderId=383178308
[18:07:11.063] [INFO] [EXEC] RECOVERY WAIT hard_sl_pending_recovery
[18:07:11.788] [WARNING] [EXEC] SELL TIMEOUT orderId=383178308
[18:07:11.791] [WARNING] [EXEC] CANCEL SELL orderId=383178308
[18:07:12.331] [INFO] [EXEC] SELL FINAL STATUS status=CANCELED orderId=383178308
[18:07:12.335] [INFO] [EXEC] SELL TIMEOUT check fast_exit
[18:07:12.337] [WARNING] [EXEC] FORCE EXIT hard_sl_triggered
[18:07:12.338] [ERROR] [EXEC] HARD SL triggered
[18:07:12.339] [WARNING] [EXEC] PANIC EXIT sl_mode
[18:07:12.340] [WARNING] [EXEC] FORCE EXIT price=82056.58
[18:07:12.342] [OK] [EXEC] PLACE SELL price=82056.58 qty=0.243710
[18:07:12.608] [WARNING] [EXEC] PANIC START price=82056.58
[18:07:12.611] [OK] [EXEC] SELL ORDER SENT orderId=383178563
[18:07:12.613] [WARNING] [EXEC] BLOCK reason=balance_low
[18:07:13.618] [OK] [SYNC] order filled detected
[18:07:13.620] [OK] [SYNC] SELL filled on exchange
[18:07:13.621] [OK] [EXEC] FIFO CLOSE qty=0.243710 entry=82061.71 exit=82056.58 pnl=-1.250232
[18:07:13.624] [INFO] [EXEC] CHUNK DRAINED
[18:07:13.627] [OK] [EXEC] REALIZED pnl=-1.250232
[18:07:13.627] [INFO] [EXEC] SELL ACCOUNTING RESET flat
[18:07:13.628] [OK] [EXEC] CYCLE CLOSED pnl=-1.250232
[18:07:13.629] [INFO] [EXEC] SESSION realized=+1.063512 wins=2 losses=1
[18:07:13.632] [WS] LIVE bid=82056.51 ask=82063.87
[18:07:14.044] [WARNING] [EXEC] BLOCK reason=balance_low
[18:07:18.129] [WS] LIVE bid=82052.34 ask=82058.00
[18:07:22.876] [INFO] [HEALTH] state=GOOD
[18:07:23.140] [INFO] [EXEC] SELL ACCOUNTING RESET new_cycle
[18:07:23.144] [OK] [EXEC] BUY ORDER SENT orderId=383179260 price=82044.01 qty=0.243770
[18:07:23.147] [OK] [EXEC] PLACE BUY price=82044.01 qty=0.243770
[18:07:23.154] [WS] LIVE bid=82042.00 ask=82053.95
[18:07:24.175] [OK] [EXEC] BUY FILL UPDATE delta=0.243770 avg=82044.01
[18:07:24.179] [OK] [EXEC] CHUNK ADD qty=0.243770 entry=82044.01
[18:07:24.180] [INFO] [EXEC] CHUNK COUNT n=1
[18:07:24.181] [OK] [EXEC] INVENTORY qty=0.243770
[18:07:24.184] [OK] [EXEC] SELL REQUIRED inventory=0.243770
[18:07:24.186] [OK] [EXEC] BUY PARTIAL delta=0.243770 total=0.243770
[18:07:24.188] [OK] [EXEC] BUY REMAINING qty=0.000000
[18:07:24.190] [OK] [EXEC] BUY FILLED id=383179260
[18:07:24.727] [OK] [SYNC] order filled detected
[18:07:24.730] [OK] [SYNC] BUY filled on exchange
[18:07:25.587] [INFO] [EXEC] SELL CHECK inventory=0.243770 reported=0.000000 remaining=0.243770 chunks=1
[18:07:25.591] [OK] [EXEC] PLACE SELL price=82044.05 qty=0.243770
[18:07:25.860] [OK] [EXEC] SELL ORDER SENT orderId=383179473
[18:07:28.147] [OK] [SYNC] order filled detected
[18:07:28.150] [OK] [SYNC] SELL filled on exchange
[18:07:28.150] [OK] [EXEC] FIFO CLOSE qty=0.243770 entry=82044.01 exit=82044.04 pnl=+0.007313
[18:07:28.153] [INFO] [EXEC] CHUNK DRAINED
[18:07:28.154] [OK] [EXEC] REALIZED pnl=+0.007313
[18:07:28.155] [INFO] [EXEC] SELL ACCOUNTING RESET flat
[18:07:28.156] [OK] [EXEC] CYCLE CLOSED pnl=+0.007313
[18:07:28.157] [INFO] [EXEC] SESSION realized=+1.070825 wins=3 losses=1
[18:07:28.425] [WS] LIVE bid=82036.46 ask=82049.99
[18:07:28.440] [INFO] [HEALTH] state=GOOD
[18:07:28.713] [INFO] [EXEC] SELL ACCOUNTING RESET new_cycle
[18:07:28.717] [OK] [EXEC] BUY ORDER SENT orderId=383179572 price=82041.01 qty=0.243780
[18:07:28.719] [OK] [EXEC] PLACE BUY price=82041.01 qty=0.243780
[18:07:31.175] [OK] [PLAN] HOT entry=82049.43 exit=82055.99 profit=1.599000 age=1984ms
[18:07:33.371] [WS] LIVE bid=82044.88 ask=82057.79
[18:07:34.264] [WARNING] [EXEC] BUY TIMEOUT orderId=383179572
[18:07:34.268] [WARNING] [EXEC] CANCEL BUY orderId=383179572
[18:07:34.553] [OK] [EXEC] BUY CANCELED confirmed
[18:07:34.817] [INFO] [EXEC] BUY FINAL STATUS status=CANCELED orderId=383179572
[18:07:34.821] [WARNING] [EXEC] BLOCK reason=buy_not_filled
[18:07:35.324] [INFO] [HEALTH] state=GOOD
[18:07:35.588] [INFO] [EXEC] SELL ACCOUNTING RESET new_cycle
[18:07:35.591] [OK] [EXEC] BUY ORDER SENT orderId=383179934 price=82044.00 qty=0.243770
[18:07:35.593] [OK] [EXEC] PLACE BUY price=82044.00 qty=0.243770
[18:07:35.595] [OK] [PLAN] READY entry=82044.00 exit=82047.99 profit=0.972642 age=6884ms
[18:07:38.456] [WS] LIVE bid=82048.33 ask=82057.76
[18:07:39.399] [WARNING] [EXEC] BUY TIMEOUT orderId=383179934
[18:07:39.403] [WARNING] [EXEC] CANCEL BUY orderId=383179934
[18:07:39.678] [OK] [EXEC] BUY CANCELED confirmed
[18:07:39.940] [INFO] [EXEC] BUY FINAL STATUS status=CANCELED orderId=383179934
[18:07:39.944] [WARNING] [EXEC] BLOCK reason=buy_not_filled
[18:07:39.946] [WARNING] [EXEC] BLOCK reason=balance_low
[18:07:43.523] [WS] LIVE bid=82050.20 ask=82065.99
[18:07:47.455] [WARNING] [EXEC] BLOCK reason=balance_low
[18:07:48.535] [WS] LIVE bid=82077.23 ask=82096.83
[18:07:49.204] [INFO] [HEALTH] state=GOOD
[18:07:49.471] [INFO] [EXEC] SELL ACCOUNTING RESET new_cycle
[18:07:49.476] [OK] [EXEC] BUY ORDER SENT orderId=383181190 price=82071.34 qty=0.243690
[18:07:49.478] [OK] [EXEC] PLACE BUY price=82071.34 qty=0.243690
[18:07:50.023] [OK] [SYNC] order filled detected
[18:07:50.026] [OK] [SYNC] BUY filled on exchange
[18:07:50.027] [OK] [EXEC] BUY FILL UPDATE delta=0.243690 avg=82071.34
[18:07:50.030] [OK] [EXEC] CHUNK ADD qty=0.243690 entry=82071.34
[18:07:50.031] [INFO] [EXEC] CHUNK COUNT n=1
[18:07:50.033] [OK] [EXEC] INVENTORY qty=0.243690
[18:07:50.033] [OK] [EXEC] SELL REQUIRED inventory=0.243690
[18:07:51.233] [INFO] [EXEC] SELL CHECK inventory=0.243690 reported=0.000000 remaining=0.243690 chunks=1
[18:07:51.236] [OK] [EXEC] PLACE SELL price=82071.38 qty=0.243690
[18:07:51.499] [OK] [EXEC] SELL ORDER SENT orderId=383181556
[18:07:51.504] [OK] [PLAN] HOT entry=82052.00 exit=82062.43 profit=2.542208 age=1754ms
[18:07:51.561] [INFO] [EXEC] RECOVERY WAIT hard_sl_pending_recovery
[18:07:53.935] [OK] [PLAN] READY entry=82051.66 exit=82055.95 profit=1.045645 age=4449ms
[18:07:54.466] [WS] LIVE bid=82050.16 ask=82057.95
[18:07:55.040] [INFO] [EXEC] RECOVERY WAIT hard_sl_pending_recovery
[18:07:55.314] [WARNING] [EXEC] SELL TIMEOUT orderId=383181556
[18:07:55.317] [WARNING] [EXEC] CANCEL SELL orderId=383181556
[18:07:55.858] [INFO] [EXEC] SELL FINAL STATUS status=CANCELED orderId=383181556
[18:07:55.861] [INFO] [EXEC] SELL TIMEOUT check fast_exit
[18:07:55.864] [WARNING] [EXEC] FORCE EXIT hard_sl_triggered
[18:07:55.866] [ERROR] [EXEC] HARD SL triggered
[18:07:55.869] [WARNING] [EXEC] PANIC EXIT sl_mode
[18:07:55.870] [WARNING] [EXEC] FORCE EXIT price=82056.94
[18:07:55.870] [OK] [EXEC] PLACE SELL price=82056.94 qty=0.243690
[18:07:56.200] [WARNING] [EXEC] PANIC START price=82056.94
[18:07:56.205] [OK] [EXEC] SELL ORDER SENT orderId=383181805
[18:07:56.212] [OK] [PLAN] HOT entry=82046.01 exit=82055.94 profit=2.420537 age=5836ms
[18:07:57.501] [OK] [EXEC] FIFO CLOSE qty=0.243690 entry=82071.34 exit=82056.94 pnl=-3.509136
[18:07:57.506] [INFO] [EXEC] CHUNK DRAINED
[18:07:57.509] [OK] [EXEC] REALIZED pnl=-3.509136
[18:07:57.512] [INFO] [EXEC] SELL ACCOUNTING RESET flat
[18:07:57.514] [OK] [EXEC] CYCLE CLOSED pnl=-3.509136
[18:07:57.515] [INFO] [EXEC] SESSION realized=-2.438311 wins=3 losses=2
[18:07:57.516] [INFO] [EXEC] SELL ACCOUNTING RESET flat
[18:07:57.517] [INFO] [EXEC] CYCLE SKIP no_fifo_pnl
[18:07:57.518] [OK] [EXEC] SELL FILLED id=383181805
[18:07:57.519] [OK] [EXEC] SELL FILLED qty=0.243690 remaining=0.000000
[18:07:57.520] [INFO] [EXEC] SELL ACCOUNTING RESET inventory_drained
[18:07:57.521] [INFO] [EXEC] INVENTORY DRAINED epsilon_cleanup qty=0.000000
[18:07:57.522] [INFO] [EXEC] SELL ACCOUNTING RESET flat
[18:07:57.523] [INFO] [EXEC] CYCLE SKIP no_fifo_pnl
[18:07:57.525] [OK] [PLAN] READY entry=82066.68 exit=82070.77 profit=0.996733 age=8003ms
[18:07:58.768] [INFO] [HEALTH] state=GOOD
[18:07:59.032] [INFO] [EXEC] SELL ACCOUNTING RESET new_cycle
[18:07:59.036] [OK] [EXEC] BUY ORDER SENT orderId=383182117 price=82060.01 qty=0.243720
[18:07:59.039] [OK] [EXEC] PLACE BUY price=82060.01 qty=0.243720
[18:07:59.573] [WS] LIVE bid=82058.00 ask=82065.99
[18:08:00.424] [OK] [EXEC] BUY FILL UPDATE delta=0.016880 avg=82060.01
[18:08:00.428] [OK] [EXEC] CHUNK ADD qty=0.016880 entry=82060.01
[18:08:00.429] [INFO] [EXEC] CHUNK COUNT n=1
[18:08:00.430] [OK] [EXEC] INVENTORY qty=0.016880
[18:08:00.431] [OK] [EXEC] SELL REQUIRED inventory=0.016880
[18:08:00.433] [OK] [EXEC] BUY PARTIAL delta=0.016880 total=0.016880
[18:08:00.436] [OK] [EXEC] BUY REMAINING qty=0.226840
[18:08:00.438] [OK] [PLAN] HOT entry=82070.55 exit=82084.56 profit=3.414097 age=917ms
[18:08:03.193] [INFO] [EXEC] SELL CHECK inventory=0.016880 reported=0.000000 remaining=0.016880 chunks=1
[18:08:03.197] [OK] [EXEC] PLACE SELL price=82079.99 qty=0.016880
[18:08:03.471] [OK] [EXEC] SELL ORDER SENT orderId=383182675
[18:08:05.040] [OK] [SYNC] order filled detected
[18:08:05.043] [OK] [SYNC] SELL filled on exchange
[18:08:05.043] [OK] [EXEC] FIFO CLOSE qty=0.016880 entry=82060.01 exit=82079.99 pnl=+0.337262
[18:08:05.046] [INFO] [EXEC] CHUNK DRAINED
[18:08:05.049] [OK] [EXEC] REALIZED pnl=+0.337262
[18:08:05.052] [INFO] [EXEC] SELL ACCOUNTING RESET flat
[18:08:05.055] [OK] [EXEC] CYCLE CLOSED pnl=+0.337262
[18:08:05.058] [INFO] [EXEC] SESSION realized=-2.101049 wins=4 losses=2
[18:08:05.062] [WS] LIVE bid=82078.31 ask=82085.46
[18:08:05.749] [INFO] [HEALTH] state=GOOD
[18:08:06.015] [ERROR] [EXEC] BUY REJECTED status=400 code=-2010 msg=Account has insufficient balance for requested action.
[18:08:06.019] [ERROR] [EXEC] BUY REJECTED body={"code":-2010,"msg":"Account has insufficient balance for requested action."}
[18:08:06.022] [WARNING] [EXEC] STOP retry storm prevented
[18:08:07.829] [WARNING] [EXEC] BLOCK reason=balance_low
[18:08:09.078] [WS] LIVE bid=82076.28 ask=82087.25
[18:08:11.269] [WARNING] [EXEC] BLOCK reason=balance_low
[18:08:14.138] [WS] LIVE bid=82069.85 ask=82079.25
[18:08:15.332] [WARNING] [EXEC] BLOCK reason=balance_low
[18:08:19.624] [WS] LIVE bid=82071.37 ask=82080.97
[18:08:24.874] [WS] LIVE bid=82076.37 ask=82081.99
[18:08:25.463] [WARNING] [EXEC] BLOCK reason=balance_low
[18:08:30.752] [WS] LIVE bid=82075.74 ask=82081.99
[18:08:32.823] [WARNING] [EXEC] BLOCK reason=balance_low
[18:08:35.757] [WS] LIVE bid=82066.00 ask=82073.39
[18:08:37.607] [WARNING] cancel all requested
[18:08:37.610] [WARNING] STOP
[18:08:38.702] [WARNING] [EXEC] BLOCK reason=balance_low
[18:08:38.705] [WS] stale/lost
[18:08:45.972] [WARNING] [EXEC] BLOCK reason=balance_low
