[20:22:06.438] [OK] filters loaded
[20:22:19.280] [OK] [SETTINGS] settings saved
[20:22:20.764] [EXCHANGE] symbol=BTCU base=BTC quote=U status=TRADING permissions=[]
[20:22:20.780] [OK] START
[20:22:20.780] [INFO] [EXEC] LIVE ON
[20:22:20.780] [INFO] [EXEC] WAIT READY
[20:22:20.780] [WARNING] [HEALTH] block spread_too_young lifetime=0
[20:22:20.780] [WARNING] [HEALTH] unstable_spread lifetime=0
[20:22:20.780] [WARNING] [EXEC] BLOCK reason=market_health_bad
[20:22:21.559] [WS] primary url=wss://stream.binance.com:9443/ws/btcu@bookTicker
[20:22:21.559] [WS] connecting primary
[20:22:22.280] [INFO] [EXEC] SELL ACCOUNTING RESET new_cycle
[20:22:22.295] [OK] [EXEC] BUY ORDER SENT orderId=383541689 price=81844.78 qty=0.067200
[20:22:22.295] [OK] [EXEC] PLACE BUY price=81844.78 qty=0.067200
[20:22:22.295] [OK] [PLAN] HOT entry=81844.78 exit=81860.22 profit=1.037568 age=873ms
[20:22:23.327] [WS] connected
[20:22:23.327] [WS] LIVE bid=81845.35 ask=81856.30
[20:22:26.077] [WARNING] [EXEC] BUY TIMEOUT orderId=383541689
[20:22:26.084] [WARNING] [EXEC] CANCEL BUY orderId=383541689
[20:22:26.341] [OK] [EXEC] BUY CANCELED confirmed
[20:22:26.606] [INFO] [EXEC] BUY FINAL STATUS status=CANCELED orderId=383541689
[20:22:26.606] [WARNING] [EXEC] BLOCK reason=buy_not_filled
[20:22:26.669] [INFO] [HEALTH] state=GOOD
[20:22:26.937] [INFO] [EXEC] SELL ACCOUNTING RESET new_cycle
[20:22:26.937] [OK] [EXEC] BUY ORDER SENT orderId=383541787 price=81847.36 qty=0.067190
[20:22:26.937] [OK] [EXEC] PLACE BUY price=81847.36 qty=0.067190
[20:22:26.956] [OK] [PLAN] HOT entry=81847.36 exit=81852.35 profit=0.335278 age=859ms
[20:22:28.010] [WS] LIVE bid=81847.36 ask=81854.32
[20:22:31.137] [WARNING] [EXEC] BUY TIMEOUT orderId=383541787
[20:22:31.137] [WARNING] [EXEC] CANCEL BUY orderId=383541787
[20:22:31.402] [OK] [EXEC] BUY CANCELED confirmed
[20:22:31.652] [INFO] [EXEC] BUY FINAL STATUS status=CANCELED orderId=383541787
[20:22:31.668] [WARNING] [EXEC] BLOCK reason=buy_not_filled
[20:22:31.684] [INFO] [HEALTH] state=GOOD
[20:22:31.943] [INFO] [EXEC] SELL ACCOUNTING RESET new_cycle
[20:22:31.951] [OK] [EXEC] BUY ORDER SENT orderId=383541848 price=81849.37 qty=0.067190
[20:22:31.951] [OK] [EXEC] PLACE BUY price=81849.37 qty=0.067190
[20:22:34.450] [WS] LIVE bid=81849.39 ask=81856.16
[20:22:34.965] [OK] [EXEC] BUY FILL UPDATE delta=0.067190 avg=81849.37
[20:22:34.970] [OK] [EXEC] CHUNK ADD qty=0.067190 entry=81849.37
[20:22:34.971] [INFO] [EXEC] CHUNK COUNT n=1
[20:22:34.971] [OK] [EXEC] INVENTORY qty=0.067190
[20:22:34.978] [OK] [EXEC] SELL REQUIRED inventory=0.067190
[20:22:34.978] [OK] [EXEC] BUY PARTIAL delta=0.067190 total=0.067190
[20:22:34.978] [OK] [EXEC] BUY REMAINING qty=0.000000
[20:22:34.983] [OK] [EXEC] BUY FILLED id=383541848
[20:22:35.513] [OK] [SYNC] order filled detected
[20:22:35.513] [OK] [SYNC] BUY filled on exchange
[20:22:36.668] [INFO] [EXEC] SELL CHECK inventory=0.067190 reported=0.000000 remaining=0.067190 chunks=1
[20:22:36.668] [OK] [EXEC] PLACE SELL price=81854.16 qty=0.067190
[20:22:36.940] [OK] [EXEC] SELL ORDER SENT orderId=383541911
[20:22:36.956] [OK] [PLAN] HOT entry=81845.40 exit=81854.16 profit=0.588584 age=1703ms
[20:22:37.744] [OK] [EXEC] FIFO CLOSE qty=0.067190 entry=81849.37 exit=81854.16 pnl=+0.321840
[20:22:37.744] [INFO] [EXEC] CHUNK DRAINED
[20:22:37.744] [OK] [EXEC] REALIZED pnl=+0.321840
[20:22:37.760] [INFO] [EXEC] SELL ACCOUNTING RESET flat
[20:22:37.760] [OK] [EXEC] CYCLE CLOSED pnl=+0.321840
[20:22:37.760] [INFO] [EXEC] SESSION realized=+0.321840 wins=1 losses=0
[20:22:37.760] [INFO] [EXEC] SELL ACCOUNTING RESET flat
[20:22:37.760] [INFO] [EXEC] CYCLE SKIP no_fifo_pnl
[20:22:37.760] [OK] [EXEC] SELL FILLED id=383541911
[20:22:37.760] [OK] [EXEC] SELL FILLED qty=0.067190 remaining=0.000000
[20:22:37.760] [INFO] [EXEC] SELL ACCOUNTING RESET inventory_drained
[20:22:37.760] [INFO] [EXEC] INVENTORY DRAINED epsilon_cleanup qty=0.000000
[20:22:37.760] [INFO] [EXEC] SELL ACCOUNTING RESET flat
[20:22:37.775] [INFO] [EXEC] CYCLE SKIP no_fifo_pnl
[20:22:38.762] [INFO] [HEALTH] state=GOOD
[20:22:39.024] [INFO] [EXEC] SELL ACCOUNTING RESET new_cycle
[20:22:39.024] [OK] [EXEC] BUY ORDER SENT orderId=383542040 price=81852.01 qty=0.067190
[20:22:39.024] [OK] [EXEC] PLACE BUY price=81852.01 qty=0.067190
[20:22:39.040] [OK] [PLAN] READY entry=81852.01 exit=81855.99 profit=0.267416 age=4062ms
[20:22:40.340] [WS] LIVE bid=81852.03 ask=81857.99
[20:22:43.346] [WARNING] [EXEC] BUY TIMEOUT orderId=383542040
[20:22:43.346] [WARNING] [EXEC] CANCEL BUY orderId=383542040
[20:22:43.627] [OK] [EXEC] BUY CANCELED confirmed
[20:22:43.894] [INFO] [EXEC] BUY FINAL STATUS status=CANCELED orderId=383542040
[20:22:43.894] [WARNING] [EXEC] BLOCK reason=buy_not_filled
[20:22:44.628] [WS] LIVE bid=81852.06 ask=81857.99
[20:22:49.592] [WS] LIVE bid=81852.06 ask=81858.00
[20:22:49.621] [INFO] [HEALTH] state=GOOD
[20:22:49.878] [INFO] [EXEC] SELL ACCOUNTING RESET new_cycle
[20:22:49.885] [OK] [EXEC] BUY ORDER SENT orderId=383542118 price=81854.06 qty=0.067190
[20:22:49.885] [OK] [EXEC] PLACE BUY price=81854.06 qty=0.067190
[20:22:51.708] [OK] [EXEC] BUY FILL UPDATE delta=0.002140 avg=81854.06
[20:22:51.709] [OK] [EXEC] CHUNK ADD qty=0.002140 entry=81854.06
[20:22:51.711] [INFO] [EXEC] CHUNK COUNT n=1
[20:22:51.712] [OK] [EXEC] INVENTORY qty=0.002140
[20:22:51.713] [OK] [EXEC] SELL REQUIRED inventory=0.002140
[20:22:51.714] [OK] [EXEC] BUY PARTIAL delta=0.002140 total=0.002140
[20:22:51.715] [OK] [EXEC] BUY REMAINING qty=0.065050
[20:22:51.717] [OK] [PLAN] HOT entry=81856.07 exit=81863.94 profit=0.528785 age=1829ms
[20:22:53.980] [INFO] [EXEC] SELL CHECK inventory=0.002140 reported=0.000000 remaining=0.002140 chunks=1
[20:22:53.984] [OK] [EXEC] PLACE SELL price=81875.50 qty=0.002140
[20:22:54.249] [OK] [EXEC] SELL ORDER SENT orderId=383542359
[20:22:55.059] [OK] [EXEC] FIFO CLOSE qty=0.002140 entry=81854.06 exit=81875.50 pnl=+0.045882
[20:22:55.061] [INFO] [EXEC] CHUNK DRAINED
[20:22:55.062] [OK] [EXEC] REALIZED pnl=+0.045882
[20:22:55.063] [INFO] [EXEC] SELL ACCOUNTING RESET flat
[20:22:55.063] [OK] [EXEC] CYCLE CLOSED pnl=+0.045882
[20:22:55.064] [INFO] [EXEC] SESSION realized=+0.367722 wins=2 losses=0
[20:22:55.066] [INFO] [EXEC] SELL ACCOUNTING RESET flat
[20:22:55.067] [INFO] [EXEC] CYCLE SKIP no_fifo_pnl
[20:22:55.067] [OK] [EXEC] SELL FILLED id=383542359
[20:22:55.068] [OK] [EXEC] SELL FILLED qty=0.002140 remaining=0.000000
[20:22:55.068] [INFO] [EXEC] SELL ACCOUNTING RESET inventory_drained
[20:22:55.069] [INFO] [EXEC] INVENTORY DRAINED epsilon_cleanup qty=0.000000
[20:22:55.069] [INFO] [EXEC] SELL ACCOUNTING RESET flat
[20:22:55.070] [INFO] [EXEC] CYCLE SKIP no_fifo_pnl
[20:22:55.345] [WS] LIVE bid=81866.01 ask=81873.34
[20:22:55.377] [INFO] [HEALTH] state=GOOD
[20:22:55.640] [INFO] [EXEC] SELL ACCOUNTING RESET new_cycle
[20:22:55.647] [OK] [EXEC] BUY ORDER SENT orderId=383542426 price=81869.08 qty=0.067180
[20:22:55.650] [OK] [EXEC] PLACE BUY price=81869.08 qty=0.067180
[20:22:57.095] [OK] [PLAN] READY entry=81871.09 exit=81875.50 profit=0.296220 age=7176ms
[20:22:59.451] [OK] [SYNC] order filled detected
[20:22:59.451] [OK] [SYNC] BUY filled on exchange
[20:22:59.451] [OK] [EXEC] BUY FILL UPDATE delta=0.067180 avg=81869.08
[20:22:59.451] [OK] [EXEC] CHUNK ADD qty=0.067180 entry=81869.08
[20:22:59.451] [INFO] [EXEC] CHUNK COUNT n=1
[20:22:59.451] [OK] [EXEC] INVENTORY qty=0.067180
[20:22:59.451] [OK] [EXEC] SELL REQUIRED inventory=0.067180
[20:23:00.218] [WS] LIVE bid=81866.01 ask=81874.17
[20:23:01.087] [INFO] [EXEC] SELL CHECK inventory=0.067180 reported=0.000000 remaining=0.067180 chunks=1
[20:23:01.093] [OK] [EXEC] PLACE SELL price=81869.12 qty=0.067180
[20:23:01.360] [OK] [EXEC] SELL ORDER SENT orderId=383542768
[20:23:01.907] [INFO] [EXEC] RECOVERY WAIT hard_sl_pending_recovery
[20:23:02.170] [OK] [PLAN] READY entry=81860.01 exit=81863.70 profit=0.247894 age=1079ms
[20:23:03.188] [INFO] [EXEC] RECOVERY WAIT hard_sl_pending_recovery
[20:23:03.453] [OK] [PLAN] HOT entry=81860.65 exit=81867.10 profit=0.433311 age=2360ms
[20:23:04.124] [INFO] [EXEC] RECOVERY WAIT hard_sl_pending_recovery
[20:23:04.405] [WARNING] [EXEC] SELL TIMEOUT orderId=383542768
[20:23:04.420] [WARNING] [EXEC] CANCEL SELL orderId=383542768
[20:23:04.939] [INFO] [EXEC] SELL FINAL STATUS status=CANCELED orderId=383542768
[20:23:04.954] [INFO] [EXEC] SELL TIMEOUT check fast_exit
[20:23:04.959] [WARNING] [EXEC] FORCE EXIT hard_sl_triggered
[20:23:04.960] [ERROR] [EXEC] HARD SL triggered
[20:23:04.960] [WARNING] [EXEC] PANIC EXIT sl_mode
[20:23:04.960] [WARNING] [EXEC] FORCE EXIT price=81868.10
[20:23:04.960] [OK] [EXEC] PLACE SELL price=81868.10 qty=0.067180
[20:23:05.219] [WARNING] [EXEC] PANIC START price=81868.10
[20:23:05.219] [OK] [EXEC] SELL ORDER SENT orderId=383542825
[20:23:05.750] [WS] LIVE bid=81858.68 ask=81868.10
[20:23:06.653] [OK] [PLAN] READY entry=81860.68 exit=81863.74 profit=0.205571 age=5561ms
[20:23:08.087] [WARNING] [EXEC] PANIC WAIT still_open orderId=383542825
[20:23:08.092] [WARNING] [EXEC] PANIC HOLD active orderId=383542825
[20:23:08.093] [OK] [PLAN] HOT entry=81860.69 exit=81865.78 profit=0.341946 age=6991ms
[20:23:08.917] [WARNING] [EXEC] PANIC HOLD active orderId=383542825
[20:23:08.923] [OK] [PLAN] READY entry=81860.70 exit=81863.96 profit=0.219007 age=7833ms
[20:23:10.694] [WARNING] [EXEC] PANIC HOLD active orderId=383542825
[20:23:11.728] [WS] LIVE bid=81858.00 ask=81865.96
[20:23:12.667] [WARNING] [EXEC] PANIC WAIT still_open orderId=383542825
[20:23:12.667] [WARNING] [EXEC] PANIC HOLD active orderId=383542825
[20:23:13.492] [OK] [PLAN] HOT entry=81854.79 exit=81859.68 profit=0.328559 age=12394ms
[20:23:14.967] [WARNING] [EXEC] PANIC HOLD active orderId=383542825
[20:23:15.986] [WS] LIVE bid=81853.24 ask=81862.67
[20:23:16.459] [WARNING] [EXEC] PANIC WAIT still_open orderId=383542825
[20:23:16.465] [WARNING] [EXEC] PANIC HOLD active orderId=383542825
[20:23:19.902] [WARNING] [EXEC] PANIC WAIT still_open orderId=383542825
[20:23:19.902] [WARNING] [EXEC] PANIC HOLD active orderId=383542825
[20:23:19.908] [OK] [PLAN] READY entry=81860.03 exit=81863.67 profit=0.244535 age=18803ms
[20:23:21.014] [WARNING] [EXEC] PANIC HOLD active orderId=383542825
[20:23:22.105] [WS] LIVE bid=81858.03 ask=81865.67
[20:23:22.480] [WARNING] [EXEC] PANIC HOLD active orderId=383542825
[20:23:23.519] [OK] [SYNC] order filled detected
[20:23:23.520] [OK] [SYNC] SELL filled on exchange
[20:23:23.520] [OK] [EXEC] FIFO CLOSE qty=0.067180 entry=81869.08 exit=81868.10 pnl=-0.065836
[20:23:23.520] [INFO] [EXEC] CHUNK DRAINED
[20:23:23.521] [OK] [EXEC] REALIZED pnl=-0.065836
[20:23:23.522] [INFO] [EXEC] SELL ACCOUNTING RESET flat
[20:23:23.522] [OK] [EXEC] CYCLE CLOSED pnl=-0.065836
[20:23:23.522] [INFO] [EXEC] SESSION realized=+0.301885 wins=2 losses=1
[20:23:23.717] [INFO] [HEALTH] state=GOOD
[20:23:23.980] [INFO] [EXEC] SELL ACCOUNTING RESET new_cycle
[20:23:23.985] [OK] [EXEC] BUY ORDER SENT orderId=383543370 price=81867.06 qty=0.067180
[20:23:23.987] [OK] [EXEC] PLACE BUY price=81867.06 qty=0.067180
[20:23:23.992] [OK] [PLAN] HOT entry=81867.06 exit=81880.00 profit=0.869309 age=22889ms
[20:23:26.644] [OK] [SYNC] order filled detected
[20:23:26.644] [OK] [SYNC] BUY filled on exchange
[20:23:26.650] [OK] [EXEC] BUY FILL UPDATE delta=0.067180 avg=81867.06
[20:23:26.650] [OK] [EXEC] CHUNK ADD qty=0.067180 entry=81867.06
[20:23:26.650] [INFO] [EXEC] CHUNK COUNT n=1
[20:23:26.658] [OK] [EXEC] INVENTORY qty=0.067180
[20:23:26.658] [OK] [EXEC] SELL REQUIRED inventory=0.067180
[20:23:26.664] [WS] LIVE bid=81867.09 ask=81876.99
[20:23:27.039] [INFO] [EXEC] SELL CHECK inventory=0.067180 reported=0.000000 remaining=0.067180 chunks=1
[20:23:27.039] [OK] [EXEC] PLACE SELL price=81867.10 qty=0.067180
[20:23:27.310] [OK] [EXEC] SELL ORDER SENT orderId=383543543
[20:23:30.059] [OK] [SYNC] order filled detected
[20:23:30.062] [OK] [SYNC] SELL filled on exchange
[20:23:30.062] [OK] [EXEC] FIFO CLOSE qty=0.067180 entry=81867.06 exit=81867.09 pnl=+0.002015
[20:23:30.064] [INFO] [EXEC] CHUNK DRAINED
[20:23:30.065] [OK] [EXEC] REALIZED pnl=+0.002015
[20:23:30.066] [INFO] [EXEC] SELL ACCOUNTING RESET flat
[20:23:30.067] [OK] [EXEC] CYCLE CLOSED pnl=+0.002015
[20:23:30.068] [INFO] [EXEC] SESSION realized=+0.303901 wins=3 losses=1
[20:23:31.135] [INFO] [HEALTH] state=GOOD
[20:23:31.416] [INFO] [EXEC] SELL ACCOUNTING RESET new_cycle
[20:23:31.416] [OK] [EXEC] BUY ORDER SENT orderId=383543616 price=81860.08 qty=0.067180
[20:23:31.416] [OK] [EXEC] PLACE BUY price=81860.08 qty=0.067180
[20:23:31.432] [WS] LIVE bid=81858.08 ask=81870.28
[20:23:31.744] [WARNING] cancel all requested
[20:23:32.597] [WARNING] [SYNC] desync fixed
[20:23:32.597] [WARNING] STOP
