[09:30:13.427] [OK] filters loaded
[09:30:15.087] [INFO] START_CLICK received enabled=True api_ready=True running=False
[09:30:15.088] [INFO] START_SETTINGS live_enabled=True guard_mode=FAST entry_mode=AGGRESSIVE exit_engine=True order_size=5000.0
[09:30:15.088] [INFO] START_PROFILE guard=FAST/True entry=AGGRESSIVE/repr=True exit=eng:True,timeout:3000 taker=True/2600 order=5000.0 spread=min:5.0,target:3.0
[09:30:15.581] [EXCHANGE] symbol=BTCU base=BTC quote=U status=TRADING permissions=[]
[09:30:15.585] [OK] START
[09:30:15.589] [OK] START_OK runtime_started
[09:30:15.879] [INFO] [EXEC] LIVE ON
[09:30:15.880] [INFO] [EXEC] WAIT READY
[09:30:15.881] [WARNING] [HEALTH] block spread_too_young lifetime=0
[09:30:15.882] [WARNING] [HEALTH] unstable_spread lifetime=0
[09:30:15.883] [WARNING] [EXEC] BLOCK_BUY reason=ws_stale mode=FAST ws_age=None spread=10.62 stable=1/1 mid_delta=0.00 bid_delta=0.00
[09:30:16.376] [WS] primary url=wss://stream.binance.com:9443/ws/btcu@bookTicker
[09:30:16.377] [WS] connecting primary
[09:30:16.391] [WS] connected
[09:30:17.437] [INFO] [EXEC] SELL ACCOUNTING RESET new_cycle
[09:30:17.440] [OK] [EXEC] BUY ORDER SENT orderId=384985316 price=80742.36 qty=0.061920
[09:30:17.441] [OK] [EXEC] PLACE BUY price=80742.36 qty=0.061920
[09:30:18.432] [INFO] [EXEC] ENTRY_REPRICE reason=wide_spread_cross old=80742.36 new=80753.32 count=1
[09:30:18.957] [OK] [EXEC] ENTRY_PLACE price=80753.32 qty=0.061920
[09:30:18.962] [OK] [PLAN] HOT entry=80754.29 exit=80767.99 profit=0.848167 age=1257ms
[09:30:19.949] [WARNING] [EXEC] BUY TIMEOUT orderId=384985631
[09:30:19.953] [WARNING] [EXEC] CANCEL BUY orderId=384985631
[09:30:20.218] [OK] [EXEC] BUY CANCELED confirmed
[09:30:20.485] [INFO] [EXEC] BUY FINAL STATUS status=CANCELED orderId=384985631
[09:30:20.489] [WARNING] [EXEC] BLOCK reason=buy_not_filled
[09:30:20.960] [INFO] [HEALTH] state=GOOD
[09:30:21.224] [INFO] [EXEC] SELL ACCOUNTING RESET new_cycle
[09:30:21.228] [OK] [EXEC] BUY ORDER SENT orderId=384985768 price=80756.69 qty=0.061910
[09:30:21.229] [OK] [EXEC] PLACE BUY price=80756.69 qty=0.061910
[09:30:22.217] [INFO] [EXEC] ENTRY_REPRICE reason=wide_spread_cross old=80756.69 new=80765.21 count=1
[09:30:22.745] [OK] [EXEC] ENTRY_PLACE price=80765.21 qty=0.061910
[09:30:24.002] [WARNING] [EXEC] BUY TIMEOUT orderId=384985804
[09:30:24.006] [WARNING] [EXEC] CANCEL BUY orderId=384985804
[09:30:24.270] [OK] [EXEC] BUY CANCELED confirmed
[09:30:24.538] [INFO] [EXEC] BUY FINAL STATUS status=CANCELED orderId=384985804
[09:30:24.541] [WARNING] [EXEC] BLOCK reason=buy_not_filled
[09:30:25.301] [INFO] [EXEC] SELL ACCOUNTING RESET new_cycle
[09:30:25.304] [OK] [EXEC] BUY ORDER SENT orderId=384986202 price=80806.57 qty=0.061870
[09:30:25.307] [OK] [EXEC] PLACE BUY price=80806.57 qty=0.061870
[09:30:26.297] [OK] [EXEC] BUY FILL UPDATE delta=0.061870 avg=80806.57
[09:30:26.301] [OK] [EXEC] CHUNK ADD qty=0.061870 entry=80806.57
[09:30:26.303] [INFO] [EXEC] CHUNK COUNT n=1
[09:30:26.305] [OK] [EXEC] INVENTORY qty=0.061870
[09:30:26.307] [OK] [EXEC] SELL REQUIRED inventory=0.061870
[09:30:26.309] [OK] [EXEC] BUY PARTIAL delta=0.061870 total=0.061870
[09:30:26.309] [OK] [EXEC] BUY REMAINING qty=0.000000
[09:30:26.310] [OK] [EXEC] BUY FILLED id=384986202
[09:30:26.840] [OK] [SYNC] order filled detected
[09:30:26.843] [OK] [SYNC] BUY filled on exchange
[09:30:27.563] [INFO] [EXEC] SELL CHECK inventory=0.061870 reported=0.000000 remaining=0.061870 chunks=1
[09:30:27.566] [OK] [EXEC] PLACE SELL price=80806.90 qty=0.061870
[09:30:27.885] [OK] [EXEC] SELL ORDER SENT orderId=384986668
[09:30:28.442] [OK] [SYNC] order filled detected
[09:30:28.443] [OK] [SYNC] SELL filled on exchange
[09:30:28.443] [OK] [EXEC] FIFO CLOSE qty=0.061870 entry=80806.57 exit=80806.90 pnl=+0.020417
[09:30:28.444] [INFO] [EXEC] CHUNK DRAINED
[09:30:28.445] [OK] [EXEC] REALIZED pnl=+0.020417
[09:30:28.445] [INFO] [EXEC] SELL ACCOUNTING RESET flat
[09:30:28.446] [OK] [EXEC] CYCLE CLOSED pnl=+0.020417
[09:30:28.446] [INFO] [EXEC] SESSION realized=+0.020417 wins=1 losses=0
[09:30:28.537] [INFO] [HEALTH] state=GOOD
[09:30:28.800] [INFO] [EXEC] SELL ACCOUNTING RESET new_cycle
[09:30:28.803] [OK] [EXEC] BUY ORDER SENT orderId=384986742 price=80805.82 qty=0.061870
[09:30:28.805] [OK] [EXEC] PLACE BUY price=80805.82 qty=0.061870
[09:30:29.827] [INFO] [EXEC] ENTRY_REPRICE reason=wide_spread_cross old=80805.82 new=80806.04 count=1
[09:30:30.354] [OK] [EXEC] ENTRY_PLACE price=80806.04 qty=0.061870
[09:30:31.331] [WARNING] [EXEC] BUY TIMEOUT orderId=384986863
[09:30:31.334] [WARNING] [EXEC] CANCEL BUY orderId=384986863
[09:30:31.601] [OK] [EXEC] BUY CANCELED confirmed
[09:30:31.869] [INFO] [EXEC] BUY FINAL STATUS status=CANCELED orderId=384986863
[09:30:31.872] [WARNING] [EXEC] BLOCK reason=buy_not_filled
[09:30:32.681] [INFO] [EXEC] SELL ACCOUNTING RESET new_cycle
[09:30:32.683] [OK] [EXEC] BUY ORDER SENT orderId=384987125 price=80794.07 qty=0.061880
[09:30:32.685] [OK] [EXEC] PLACE BUY price=80794.07 qty=0.061880
[09:30:35.101] [WARNING] [EXEC] BUY TIMEOUT orderId=384987125
[09:30:35.105] [WARNING] [EXEC] CANCEL BUY orderId=384987125
[09:30:35.367] [OK] [EXEC] BUY CANCELED confirmed
[09:30:35.632] [INFO] [EXEC] BUY FINAL STATUS status=CANCELED orderId=384987125
[09:30:35.635] [WARNING] [EXEC] BLOCK reason=buy_not_filled
[09:30:36.060] [INFO] [HEALTH] state=GOOD
[09:30:36.322] [INFO] [EXEC] SELL ACCOUNTING RESET new_cycle
[09:30:36.326] [OK] [EXEC] BUY ORDER SENT orderId=384987437 price=80817.58 qty=0.061860
[09:30:36.329] [OK] [EXEC] PLACE BUY price=80817.58 qty=0.061860
[09:30:37.329] [OK] [EXEC] BUY FILL UPDATE delta=0.061860 avg=80817.58
[09:30:37.333] [OK] [EXEC] CHUNK ADD qty=0.061860 entry=80817.58
[09:30:37.334] [INFO] [EXEC] CHUNK COUNT n=1
[09:30:37.335] [OK] [EXEC] INVENTORY qty=0.061860
[09:30:37.336] [OK] [EXEC] SELL REQUIRED inventory=0.061860
[09:30:37.337] [OK] [EXEC] BUY PARTIAL delta=0.061860 total=0.061860
[09:30:37.338] [OK] [EXEC] BUY REMAINING qty=0.000000
[09:30:37.339] [OK] [EXEC] BUY FILLED id=384987437
[09:30:37.861] [OK] [SYNC] order filled detected
[09:30:37.863] [OK] [SYNC] BUY filled on exchange
[09:30:38.601] [INFO] [EXEC] SELL CHECK inventory=0.061860 reported=0.000000 remaining=0.061850 chunks=1
[09:30:38.605] [OK] [EXEC] PLACE SELL price=80832.99 qty=0.061850
[09:30:38.867] [OK] [EXEC] SELL ORDER SENT orderId=384987713
[09:30:39.848] [INFO] [EXEC] SELL UPSIZE old=0.061850 new=0.061860
[09:30:39.851] [WARNING] [EXEC] SELL TIMEOUT orderId=384987713
[09:30:39.853] [WARNING] [EXEC] CANCEL SELL orderId=384987713
[09:30:40.380] [INFO] [EXEC] SELL FINAL STATUS status=CANCELED orderId=384987713
[09:30:40.383] [INFO] [EXEC] SELL TIMEOUT check fast_exit
[09:30:40.385] [INFO] [EXEC] FAST SAFE EXIT price=80823.52 entry=80817.58 bid=80823.51
[09:30:40.386] [WARNING] [EXEC] FAST_SAFE_EXIT_EXECUTE price=80823.52 qty=0.061860
[09:30:40.387] [WARNING] [EXEC] TAKER_EXIT_TRIGGER reason=fast_safe_exit age=980 qty=0.061860
[09:30:40.388] [WARNING] [EXEC] TAKER_EXIT_CANCEL_MAKER orderId=384987713
[09:30:41.928] [WARNING] [EXEC] TAKER_EXIT_ORDER_SENT id=384988013 price=80823.48 qty=0.061850
[09:30:42.453] [OK] [SYNC] order filled detected
[09:30:42.455] [OK] [SYNC] SELL filled on exchange
[09:30:42.456] [OK] [EXEC] FIFO CLOSE qty=0.061850 entry=80817.58 exit=80834.38 pnl=+1.038821
[09:30:42.458] [INFO] [EXEC] CHUNK DRAINED
[09:30:42.459] [OK] [EXEC] REALIZED pnl=+1.038821
[09:30:42.460] [INFO] [EXEC] SELL ACCOUNTING RESET flat
[09:30:42.461] [OK] [EXEC] CYCLE CLOSED pnl=+1.038821
[09:30:42.462] [INFO] [EXEC] SESSION realized=+1.059238 wins=2 losses=0
[09:30:43.392] [INFO] [HEALTH] state=GOOD
[09:30:43.654] [INFO] [EXEC] SELL ACCOUNTING RESET new_cycle
[09:30:43.658] [OK] [EXEC] BUY ORDER SENT orderId=384988161 price=80835.01 qty=0.061850
[09:30:43.660] [OK] [EXEC] PLACE BUY price=80835.01 qty=0.061850
[09:30:45.664] [WARNING] [EXEC] BUY TIMEOUT orderId=384988161
[09:30:45.668] [WARNING] [EXEC] CANCEL BUY orderId=384988161
[09:30:45.938] [OK] [EXEC] BUY CANCELED confirmed
[09:30:46.200] [INFO] [EXEC] BUY FINAL STATUS status=CANCELED orderId=384988161
[09:30:46.204] [WARNING] [EXEC] BLOCK reason=buy_not_filled
[09:30:46.933] [INFO] [EXEC] SELL ACCOUNTING RESET new_cycle
[09:30:46.936] [OK] [EXEC] BUY ORDER SENT orderId=384988568 price=80841.64 qty=0.061840
[09:30:46.938] [OK] [EXEC] PLACE BUY price=80841.64 qty=0.061840
[09:30:47.951] [INFO] [EXEC] ENTRY_REPRICE reason=wide_spread_cross old=80841.64 new=80862.26 count=1
[09:30:48.484] [OK] [EXEC] ENTRY_PLACE price=80862.26 qty=0.061840
[09:30:49.458] [OK] [EXEC] BUY FILL UPDATE delta=0.061840 avg=80862.26
[09:30:49.461] [OK] [EXEC] CHUNK ADD qty=0.061840 entry=80862.26
[09:30:49.464] [INFO] [EXEC] CHUNK COUNT n=1
[09:30:49.466] [OK] [EXEC] INVENTORY qty=0.061840
[09:30:49.468] [OK] [EXEC] SELL REQUIRED inventory=0.061840
[09:30:49.470] [OK] [EXEC] BUY PARTIAL delta=0.061840 total=0.061840
[09:30:49.471] [OK] [EXEC] BUY REMAINING qty=0.000000
[09:30:49.472] [OK] [EXEC] BUY FILLED id=384988790
[09:30:50.004] [OK] [SYNC] order filled detected
[09:30:50.006] [OK] [SYNC] BUY filled on exchange
[09:30:51.192] [INFO] [EXEC] SELL CHECK inventory=0.061840 reported=0.000000 remaining=0.061830 chunks=1
[09:30:51.196] [OK] [EXEC] PLACE SELL price=80867.34 qty=0.061830
[09:30:51.465] [OK] [EXEC] SELL ORDER SENT orderId=384989050
[09:30:51.471] [OK] [PLAN] HOT entry=80859.00 exit=80867.34 profit=0.515662 age=995ms
[09:30:52.685] [INFO] [EXEC] SELL UPSIZE old=0.061830 new=0.061840
[09:30:52.689] [WARNING] [EXEC] SELL TIMEOUT orderId=384989050
[09:30:52.693] [WARNING] [EXEC] CANCEL SELL orderId=384989050
[09:30:53.214] [INFO] [EXEC] SELL FINAL STATUS status=CANCELED orderId=384989050
[09:30:53.217] [INFO] [EXEC] SELL TIMEOUT check fast_exit
[09:30:53.219] [WARNING] [EXEC] FORCE EXIT hard_sl_triggered
[09:30:53.220] [ERROR] [EXEC] HARD SL triggered
[09:30:53.221] [WARNING] [EXEC] PANIC EXIT sl_mode
[09:30:53.486] [WARNING] [EXEC] FORCE EXIT price=80860.31
[09:30:53.488] [OK] [EXEC] PLACE SELL price=80860.31 qty=0.061830
[09:30:53.747] [WARNING] [EXEC] PANIC START price=80860.31
[09:30:53.750] [OK] [EXEC] SELL ORDER SENT orderId=384989237
[09:30:54.271] [OK] [SYNC] order filled detected
[09:30:54.274] [OK] [SYNC] SELL filled on exchange
[09:30:54.275] [OK] [EXEC] FIFO CLOSE qty=0.061830 entry=80862.26 exit=80860.31 pnl=-0.120569
[09:30:54.277] [INFO] [EXEC] CHUNK DRAINED
[09:30:54.279] [OK] [EXEC] REALIZED pnl=-0.120569
[09:30:54.282] [INFO] [EXEC] SELL ACCOUNTING RESET flat
[09:30:54.285] [OK] [EXEC] CYCLE CLOSED pnl=-0.120569
[09:30:54.289] [INFO] [EXEC] SESSION realized=+0.938669 wins=2 losses=1
[09:30:54.460] [INFO] [HEALTH] state=GOOD
[09:30:54.461] [WARNING] [EXEC] BLOCK_BUY reason=cooldown_loss_cycle mode=FAST ws_age=16 spread=17.96 stable=1/1 mid_delta=0.00 bid_delta=0.00
[09:30:57.743] [INFO] [EXEC] SELL ACCOUNTING RESET new_cycle
[09:30:57.750] [OK] [EXEC] BUY ORDER SENT orderId=384989474 price=80857.29 qty=0.061830
[09:30:57.752] [OK] [EXEC] PLACE BUY price=80857.29 qty=0.061830
[09:30:58.728] [OK] [EXEC] BUY FILL UPDATE delta=0.061830 avg=80857.29
[09:30:58.731] [OK] [EXEC] CHUNK ADD qty=0.061830 entry=80857.29
[09:30:58.734] [INFO] [EXEC] CHUNK COUNT n=1
[09:30:58.736] [OK] [EXEC] INVENTORY qty=0.061830
[09:30:58.738] [OK] [EXEC] SELL REQUIRED inventory=0.061830
[09:30:58.740] [OK] [EXEC] BUY PARTIAL delta=0.061830 total=0.061830
[09:30:58.742] [OK] [EXEC] BUY REMAINING qty=0.000000
[09:30:58.743] [OK] [EXEC] BUY FILLED id=384989474
[09:30:58.745] [OK] [PLAN] READY entry=80857.21 exit=80861.44 profit=0.261541 age=997ms
[09:30:59.267] [OK] [SYNC] order filled detected
[09:30:59.269] [OK] [SYNC] BUY filled on exchange
[09:31:00.012] [INFO] [EXEC] SELL CHECK inventory=0.061830 reported=0.000000 remaining=0.061830 chunks=1
[09:31:00.014] [OK] [EXEC] PLACE SELL price=80861.00 qty=0.061830
[09:31:00.285] [OK] [EXEC] SELL ORDER SENT orderId=384989728
[09:31:00.292] [OK] [PLAN] HOT entry=80856.40 exit=80861.00 profit=0.284418 age=2009ms
[09:31:00.815] [OK] [SYNC] order filled detected
[09:31:00.818] [OK] [SYNC] SELL filled on exchange
[09:31:00.819] [OK] [EXEC] FIFO CLOSE qty=0.061830 entry=80857.29 exit=80876.90 pnl=+1.212729
[09:31:00.822] [INFO] [EXEC] CHUNK DRAINED
[09:31:00.824] [OK] [EXEC] REALIZED pnl=+1.212729
[09:31:00.828] [INFO] [EXEC] SELL ACCOUNTING RESET flat
[09:31:00.830] [OK] [EXEC] CYCLE CLOSED pnl=+1.212729
[09:31:00.833] [INFO] [EXEC] SESSION realized=+2.151399 wins=3 losses=1
[09:31:00.983] [INFO] [HEALTH] state=GOOD
[09:31:01.244] [INFO] [EXEC] SELL ACCOUNTING RESET new_cycle
[09:31:01.248] [OK] [EXEC] BUY ORDER SENT orderId=384989912 price=80880.01 qty=0.061810
[09:31:01.250] [OK] [EXEC] PLACE BUY price=80880.01 qty=0.061810
[09:31:01.781] [OK] [SYNC] order filled detected
[09:31:01.783] [OK] [SYNC] BUY filled on exchange
[09:31:01.784] [OK] [EXEC] BUY FILL UPDATE delta=0.061810 avg=80880.01
[09:31:01.785] [OK] [EXEC] CHUNK ADD qty=0.061810 entry=80880.01
[09:31:01.787] [INFO] [EXEC] CHUNK COUNT n=1
[09:31:01.787] [OK] [EXEC] INVENTORY qty=0.061810
[09:31:01.790] [OK] [EXEC] SELL REQUIRED inventory=0.061810
[09:31:02.517] [INFO] [EXEC] SELL CHECK inventory=0.061810 reported=0.000000 remaining=0.061800 chunks=1
[09:31:02.520] [OK] [EXEC] PLACE SELL price=80884.81 qty=0.061800
[09:31:02.780] [OK] [EXEC] SELL ORDER SENT orderId=384990062
[09:31:03.992] [INFO] [EXEC] SELL UPSIZE old=0.061800 new=0.061810
[09:31:03.995] [WARNING] [EXEC] SELL TIMEOUT orderId=384990062
[09:31:03.997] [WARNING] [EXEC] CANCEL SELL orderId=384990062
[09:31:04.517] [INFO] [EXEC] SELL FINAL STATUS status=CANCELED orderId=384990062
[09:31:04.520] [INFO] [EXEC] SELL TIMEOUT check fast_exit
[09:31:04.522] [WARNING] [EXEC] FORCE EXIT hard_sl_triggered
[09:31:04.524] [ERROR] [EXEC] HARD SL triggered
[09:31:04.527] [WARNING] [EXEC] PANIC EXIT sl_mode
[09:31:04.791] [WARNING] [EXEC] FORCE EXIT price=80872.98
[09:31:04.795] [OK] [EXEC] PLACE SELL price=80872.98 qty=0.061800
[09:31:05.057] [WARNING] [EXEC] PANIC START price=80872.98
[09:31:05.059] [OK] [EXEC] SELL ORDER SENT orderId=384990177
[09:31:05.994] [INFO] [EXEC] SELL_UPSIZE_SKIPPED reason=exit_or_panic_active
[09:31:05.999] [OK] [PLAN] READY entry=80868.50 exit=80871.97 profit=0.214515 age=8263ms
[09:31:06.521] [OK] [SYNC] order filled detected
[09:31:06.523] [OK] [SYNC] SELL filled on exchange
[09:31:06.524] [OK] [EXEC] FIFO CLOSE qty=0.061800 entry=80880.01 exit=80872.98 pnl=-0.434454
[09:31:06.526] [INFO] [EXEC] CHUNK DRAINED
[09:31:06.527] [OK] [EXEC] REALIZED pnl=-0.434454
[09:31:06.528] [INFO] [EXEC] SELL ACCOUNTING RESET flat
[09:31:06.529] [OK] [EXEC] CYCLE CLOSED pnl=-0.434454
[09:31:06.530] [INFO] [EXEC] SESSION realized=+1.716945 wins=3 losses=2
[09:31:06.739] [INFO] [HEALTH] state=GOOD
[09:31:06.740] [WARNING] [EXEC] BLOCK_BUY reason=cooldown_loss_cycle mode=FAST ws_age=15 spread=7.44 stable=1/1 mid_delta=0.00 bid_delta=0.00
[09:31:06.747] [OK] [PLAN] HOT entry=80877.40 exit=80882.84 profit=0.336301 age=9270ms
[09:31:07.235] [WARNING] [HEALTH] block falling_market bid_ticks=-204.00 mid_ticks=-194.50
[09:31:07.237] [WARNING] [HEALTH] unstable_bid delta_ticks=-204.00
[09:31:07.238] [WARNING] [HEALTH] negative_momentum ticks=-194.50
[09:31:07.239] [WARNING] [EXEC] BLOCK_BUY reason=bid_unstable mode=FAST ws_age=77 spread=7.63 stable=2/1 mid_delta=-194.50 bid_delta=-204.00
[09:31:07.731] [WARNING] [HEALTH] block falling_market bid_ticks=-316.00 mid_ticks=-250.50
[09:31:07.733] [WARNING] [HEALTH] unstable_bid delta_ticks=-316.00
[09:31:07.734] [WARNING] [HEALTH] negative_momentum ticks=-250.50
[09:31:08.502] [INFO] [EXEC] SELL ACCOUNTING RESET new_cycle
[09:31:08.507] [OK] [EXEC] BUY ORDER SENT orderId=384990401 price=80877.20 qty=0.061820
[09:31:08.510] [OK] [EXEC] PLACE BUY price=80877.20 qty=0.061820
[09:31:08.514] [OK] [PLAN] READY entry=80877.20 exit=80881.00 profit=0.234916 age=10773ms
[09:31:09.058] [OK] [SYNC] order filled detected
[09:31:09.061] [OK] [SYNC] BUY filled on exchange
[09:31:09.062] [OK] [EXEC] BUY FILL UPDATE delta=0.061820 avg=80877.20
[09:31:09.064] [OK] [EXEC] CHUNK ADD qty=0.061820 entry=80877.20
[09:31:09.067] [INFO] [EXEC] CHUNK COUNT n=1
[09:31:09.069] [OK] [EXEC] INVENTORY qty=0.061820
[09:31:09.070] [OK] [EXEC] SELL REQUIRED inventory=0.061820
[09:31:09.777] [INFO] [EXEC] SELL CHECK inventory=0.061820 reported=0.000000 remaining=0.061810 chunks=1
[09:31:09.779] [OK] [EXEC] PLACE SELL price=80880.99 qty=0.061810
[09:31:10.049] [OK] [EXEC] SELL ORDER SENT orderId=384990506
[09:31:10.056] [OK] [PLAN] HOT entry=80875.55 exit=80880.99 profit=0.336301 age=11779ms
[09:31:10.583] [OK] [SYNC] order filled detected
[09:31:10.586] [OK] [SYNC] SELL filled on exchange
[09:31:10.587] [OK] [EXEC] FIFO CLOSE qty=0.061810 entry=80877.20 exit=80880.99 pnl=+0.234260
[09:31:10.590] [INFO] [EXEC] CHUNK DRAINED
[09:31:10.593] [OK] [EXEC] REALIZED pnl=+0.234260
[09:31:10.595] [INFO] [EXEC] SELL ACCOUNTING RESET flat
[09:31:10.597] [OK] [EXEC] CYCLE CLOSED pnl=+0.234260
[09:31:10.598] [INFO] [EXEC] SESSION realized=+1.951204 wins=4 losses=2
[09:31:11.012] [INFO] [EXEC] SELL ACCOUNTING RESET new_cycle
[09:31:11.016] [OK] [EXEC] BUY ORDER SENT orderId=384990573 price=80877.60 qty=0.061820
[09:31:11.018] [OK] [EXEC] PLACE BUY price=80877.60 qty=0.061820
[09:31:11.023] [OK] [PLAN] READY entry=80877.60 exit=80880.99 profit=0.209570 age=13282ms
[09:31:11.543] [OK] [SYNC] order filled detected
[09:31:11.546] [OK] [SYNC] BUY filled on exchange
[09:31:11.547] [OK] [EXEC] BUY FILL UPDATE delta=0.061820 avg=80877.60
[09:31:11.549] [OK] [EXEC] CHUNK ADD qty=0.061820 entry=80877.60
[09:31:11.550] [INFO] [EXEC] CHUNK COUNT n=1
[09:31:11.551] [OK] [EXEC] INVENTORY qty=0.061820
[09:31:11.552] [OK] [EXEC] SELL REQUIRED inventory=0.061820
[09:31:12.291] [INFO] [EXEC] SELL CHECK inventory=0.061820 reported=0.000000 remaining=0.061810 chunks=1
[09:31:12.294] [OK] [EXEC] PLACE SELL price=80880.99 qty=0.061810
[09:31:12.579] [OK] [EXEC] SELL ORDER SENT orderId=384990661
[09:31:12.585] [OK] [PLAN] HOT entry=80876.37 exit=80880.99 profit=0.285608 age=14294ms
[09:31:14.320] [INFO] [EXEC] SELL_UPSIZE_SKIPPED reason=exit_or_panic_active
[09:31:21.934] [OK] [PLAN] READY entry=80860.54 exit=80865.00 profit=0.275762 age=24194ms
[09:31:27.317] [OK] [PLAN] HOT entry=80858.49 exit=80864.99 profit=0.401895 age=29580ms
[09:31:33.671] [OK] [PLAN] READY entry=80855.37 exit=80859.67 profit=0.265869 age=1285ms
[09:31:34.713] [OK] [PLAN] HOT entry=80851.06 exit=80862.50 profit=0.707450 age=2321ms
[09:31:36.733] [OK] [PLAN] READY entry=80858.00 exit=80861.31 profit=0.204657 age=4337ms
[09:31:38.764] [OK] [PLAN] HOT entry=80851.06 exit=80859.50 profit=0.521930 age=6375ms
[09:31:43.557] [OK] [PLAN] READY entry=80837.20 exit=80840.88 profit=0.227608 age=10685ms
[09:31:48.403] [OK] [PLAN] READY entry=80827.01 exit=80830.92 profit=0.241873 age=1013ms
[09:31:52.702] [OK] [PLAN] HOT entry=80828.47 exit=80833.08 profit=0.285129 age=5320ms
[09:31:54.725] [OK] [PLAN] READY entry=80832.97 exit=80836.58 profit=0.223278 age=7338ms
[09:31:55.729] [OK] [PLAN] HOT entry=80834.20 exit=80840.45 profit=0.386562 age=8349ms
[09:31:56.750] [OK] [PLAN] READY entry=80835.86 exit=80839.77 profit=0.241834 age=9367ms
[09:32:01.287] [OK] [PLAN] HOT entry=80843.58 exit=80848.99 profit=0.334554 age=995ms
[09:32:02.301] [OK] [PLAN] READY entry=80844.66 exit=80848.99 profit=0.267767 age=2023ms
[09:32:05.528] [OK] [PLAN] HOT entry=80840.03 exit=80857.00 profit=1.049594 age=4773ms
[09:32:07.559] [OK] [PLAN] READY entry=80854.74 exit=80858.81 profit=0.251648 age=7281ms
[09:32:08.565] [OK] [PLAN] HOT entry=80848.44 exit=80861.14 profit=0.785368 age=8287ms
[09:32:10.580] [OK] [PLAN] READY entry=80860.73 exit=80864.94 profit=0.260304 age=10301ms
[09:32:17.943] [OK] [PLAN] HOT entry=80867.20 exit=80871.77 profit=0.282517 age=17663ms
[09:32:18.963] [OK] [PLAN] READY entry=80867.85 exit=80871.36 profit=0.216988 age=18687ms
[09:32:22.029] [OK] [PLAN] HOT entry=80867.83 exit=80872.54 profit=0.291172 age=1003ms
[09:32:25.815] [OK] [SYNC] order filled detected
[09:32:25.819] [OK] [SYNC] SELL filled on exchange
[09:32:25.820] [OK] [EXEC] FIFO CLOSE qty=0.061810 entry=80877.60 exit=80880.99 pnl=+0.209536
[09:32:25.823] [INFO] [EXEC] CHUNK DRAINED
[09:32:25.825] [OK] [EXEC] REALIZED pnl=+0.209536
[09:32:25.826] [INFO] [EXEC] SELL ACCOUNTING RESET flat
[09:32:25.827] [OK] [EXEC] CYCLE CLOSED pnl=+0.209536
[09:32:25.828] [INFO] [EXEC] SESSION realized=+2.160740 wins=5 losses=2
[09:32:25.831] [INFO] [HEALTH] state=GOOD
[09:32:26.090] [INFO] [EXEC] SELL ACCOUNTING RESET new_cycle
[09:32:26.093] [OK] [EXEC] BUY ORDER SENT orderId=384994427 price=80874.12 qty=0.061820
[09:32:26.095] [OK] [EXEC] PLACE BUY price=80874.12 qty=0.061820
[09:32:26.099] [OK] [PLAN] READY entry=80874.12 exit=80878.16 profit=0.249753 age=5070ms
[09:32:27.131] [INFO] [EXEC] ENTRY_REPRICE reason=wide_spread_cross old=80874.12 new=80877.47 count=1
[09:32:27.665] [OK] [EXEC] ENTRY_PLACE price=80877.47 qty=0.061820
[09:32:28.644] [WARNING] [EXEC] BUY TIMEOUT orderId=384994457
[09:32:28.647] [WARNING] [EXEC] CANCEL BUY orderId=384994457
[09:32:28.911] [OK] [EXEC] BUY CANCELED confirmed
[09:32:29.178] [INFO] [EXEC] BUY FINAL STATUS status=CANCELED orderId=384994457
[09:32:29.183] [WARNING] [EXEC] BLOCK reason=buy_not_filled
[09:32:29.910] [INFO] [EXEC] SELL ACCOUNTING RESET new_cycle
[09:32:29.914] [OK] [EXEC] BUY ORDER SENT orderId=384994479 price=80878.48 qty=0.061820
[09:32:29.916] [OK] [EXEC] PLACE BUY price=80878.48 qty=0.061820
[09:32:29.920] [OK] [PLAN] READY entry=80878.48 exit=80882.19 profit=0.229352 age=1268ms
[09:32:30.939] [OK] [EXEC] BUY FILL UPDATE delta=0.061820 avg=80878.48
[09:32:30.943] [OK] [EXEC] CHUNK ADD qty=0.061820 entry=80878.48
[09:32:30.945] [INFO] [EXEC] CHUNK COUNT n=1
[09:32:30.948] [OK] [EXEC] INVENTORY qty=0.061820
[09:32:30.954] [OK] [EXEC] SELL REQUIRED inventory=0.061820
[09:32:30.955] [OK] [EXEC] BUY PARTIAL delta=0.061820 total=0.061820
[09:32:30.957] [OK] [EXEC] BUY REMAINING qty=0.000000
[09:32:30.958] [OK] [EXEC] BUY FILLED id=384994479
[09:32:31.723] [OK] [SYNC] order filled detected
[09:32:31.726] [OK] [SYNC] BUY filled on exchange
[09:32:32.245] [INFO] [EXEC] SELL CHECK inventory=0.061820 reported=0.000000 remaining=0.061810 chunks=1
[09:32:32.247] [OK] [EXEC] PLACE SELL price=80878.50 qty=0.061810
[09:32:32.506] [OK] [EXEC] SELL ORDER SENT orderId=384994720
[09:32:33.711] [INFO] [EXEC] SELL UPSIZE old=0.061810 new=0.061820
[09:32:33.713] [WARNING] [EXEC] SELL TIMEOUT orderId=384994720
[09:32:33.713] [WARNING] [EXEC] CANCEL SELL orderId=384994720
[09:32:34.234] [INFO] [EXEC] SELL FINAL STATUS status=CANCELED orderId=384994720
[09:32:34.238] [INFO] [EXEC] SELL TIMEOUT check fast_exit
[09:32:34.239] [WARNING] [EXEC] FORCE EXIT hard_sl_triggered
[09:32:34.240] [ERROR] [EXEC] HARD SL triggered
[09:32:34.241] [WARNING] [EXEC] PANIC EXIT sl_mode
[09:32:34.519] [WARNING] [EXEC] FORCE EXIT price=80873.42
[09:32:34.521] [OK] [EXEC] PLACE SELL price=80873.42 qty=0.061810
[09:32:34.787] [WARNING] [EXEC] PANIC START price=80873.42
[09:32:34.792] [OK] [EXEC] SELL ORDER SENT orderId=384994949
[09:32:35.718] [INFO] [EXEC] SELL_UPSIZE_SKIPPED reason=exit_or_panic_active
[09:32:35.724] [OK] [PLAN] HOT entry=80851.83 exit=80856.52 profit=0.290030 age=3729ms
[09:32:39.246] [OK] [PLAN] READY entry=80852.77 exit=80856.95 profit=0.258491 age=7254ms
[09:32:41.322] [OK] [PLAN] HOT entry=80851.01 exit=80864.99 profit=0.864523 age=9330ms
[09:32:43.087] [OK] [EXEC] FIFO CLOSE qty=0.061810 entry=80878.48 exit=80873.42 pnl=-0.312759
[09:32:43.091] [INFO] [EXEC] CHUNK DRAINED
[09:32:43.093] [OK] [EXEC] REALIZED pnl=-0.312759
[09:32:43.096] [INFO] [EXEC] SELL ACCOUNTING RESET flat
[09:32:43.098] [OK] [EXEC] CYCLE CLOSED pnl=-0.312759
[09:32:43.100] [INFO] [EXEC] SESSION realized=+1.847982 wins=5 losses=3
[09:32:43.101] [OK] [EXEC] EXIT_FILLED
[09:32:43.102] [INFO] [EXEC] SELL ACCOUNTING RESET flat
[09:32:43.103] [INFO] [EXEC] CYCLE SKIP no_fifo_pnl
[09:32:43.104] [OK] [EXEC] SELL FILLED id=384994949
[09:32:43.105] [OK] [EXEC] SELL FILLED qty=0.061810 remaining=0.000000
[09:32:43.106] [INFO] [EXEC] SELL ACCOUNTING RESET inventory_drained
[09:32:43.107] [INFO] [EXEC] INVENTORY DRAINED epsilon_cleanup qty=0.000000
[09:32:43.108] [INFO] [EXEC] SELL ACCOUNTING RESET flat
[09:32:43.109] [INFO] [EXEC] CYCLE SKIP no_fifo_pnl
[09:32:43.574] [INFO] [HEALTH] state=GOOD
[09:32:43.575] [WARNING] [EXEC] BLOCK_BUY reason=cooldown_loss_cycle mode=FAST ws_age=16 spread=6.36 stable=1/1 mid_delta=0.00 bid_delta=0.00
[09:32:43.580] [OK] [PLAN] READY entry=80868.08 exit=80872.44 profit=0.269535 age=11846ms
[09:32:44.076] [WARNING] [HEALTH] block falling_market bid_ticks=-147.00 mid_ticks=-146.50
[09:32:44.079] [WARNING] [HEALTH] unstable_bid delta_ticks=-147.00
[09:32:44.082] [WARNING] [HEALTH] negative_momentum ticks=-146.50
[09:32:44.083] [WARNING] [EXEC] BLOCK_BUY reason=bid_unstable mode=FAST ws_age=125 spread=6.37 stable=2/1 mid_delta=-146.50 bid_delta=-147.00
[09:32:44.844] [INFO] [EXEC] SELL ACCOUNTING RESET new_cycle
[09:32:44.848] [OK] [EXEC] BUY ORDER SENT orderId=384995467 price=80866.61 qty=0.061830
[09:32:44.849] [OK] [EXEC] PLACE BUY price=80866.61 qty=0.061830
[09:32:45.863] [INFO] [EXEC] ENTRY_REPRICE reason=wide_spread_cross old=80866.61 new=80866.65 count=1
[09:32:46.390] [OK] [EXEC] ENTRY_PLACE price=80866.65 qty=0.061830
[09:32:47.375] [WARNING] [EXEC] BUY TIMEOUT orderId=384995507
[09:32:47.378] [WARNING] [EXEC] CANCEL BUY orderId=384995507
[09:32:47.647] [OK] [EXEC] BUY CANCELED confirmed
[09:32:47.909] [INFO] [EXEC] BUY FINAL STATUS status=CANCELED orderId=384995507
[09:32:47.912] [WARNING] [EXEC] BLOCK reason=buy_not_filled
[09:32:48.630] [INFO] [EXEC] SELL ACCOUNTING RESET new_cycle
[09:32:48.634] [OK] [EXEC] BUY ORDER SENT orderId=384995576 price=80867.66 qty=0.061820
[09:32:48.635] [OK] [EXEC] PLACE BUY price=80867.66 qty=0.061820
[09:32:49.625] [INFO] [EXEC] ENTRY_REPRICE reason=wide_spread_cross old=80867.66 new=80867.70 count=1
[09:32:50.162] [OK] [EXEC] ENTRY_PLACE price=80867.70 qty=0.061820
[09:32:50.727] [OK] [SYNC] order filled detected
[09:32:50.729] [OK] [SYNC] BUY filled on exchange
[09:32:50.730] [OK] [EXEC] BUY FILL UPDATE delta=0.061820 avg=80867.70
[09:32:50.733] [OK] [EXEC] CHUNK ADD qty=0.061820 entry=80867.70
[09:32:50.734] [INFO] [EXEC] CHUNK COUNT n=1
[09:32:50.734] [OK] [EXEC] INVENTORY qty=0.061820
[09:32:50.735] [OK] [EXEC] SELL REQUIRED inventory=0.061820
[09:32:51.389] [INFO] [EXEC] SELL CHECK inventory=0.061820 reported=0.000000 remaining=0.061810 chunks=1
[09:32:51.392] [OK] [EXEC] PLACE SELL price=80870.31 qty=0.061810
[09:32:51.670] [OK] [EXEC] SELL ORDER SENT orderId=384995717
[09:32:52.200] [OK] [SYNC] order filled detected
[09:32:52.203] [OK] [SYNC] SELL filled on exchange
[09:32:52.204] [OK] [EXEC] FIFO CLOSE qty=0.061810 entry=80867.70 exit=80870.31 pnl=+0.161324
[09:32:52.208] [INFO] [EXEC] CHUNK DRAINED
[09:32:52.210] [OK] [EXEC] REALIZED pnl=+0.161324
[09:32:52.213] [INFO] [EXEC] SELL ACCOUNTING RESET flat
[09:32:52.215] [OK] [EXEC] CYCLE CLOSED pnl=+0.161324
[09:32:52.218] [INFO] [EXEC] SESSION realized=+2.009306 wins=6 losses=3
[09:32:52.605] [INFO] [HEALTH] state=GOOD
[09:32:52.874] [INFO] [EXEC] SELL ACCOUNTING RESET new_cycle
[09:32:52.876] [OK] [EXEC] BUY ORDER SENT orderId=384995778 price=80865.92 qty=0.061830
[09:32:52.878] [OK] [EXEC] PLACE BUY price=80865.92 qty=0.061830
[09:32:53.878] [INFO] [EXEC] ENTRY_REPRICE reason=wide_spread_cross old=80865.92 new=80866.19 count=1
[09:32:54.409] [OK] [EXEC] ENTRY_PLACE price=80866.19 qty=0.061830
[09:32:55.367] [WARNING] [EXEC] BUY TIMEOUT orderId=384995826
[09:32:55.372] [WARNING] [EXEC] CANCEL BUY orderId=384995826
[09:32:55.635] [OK] [EXEC] BUY CANCELED confirmed
[09:32:55.896] [INFO] [EXEC] BUY FINAL STATUS status=CANCELED orderId=384995826
[09:32:55.900] [WARNING] [EXEC] BLOCK reason=buy_not_filled
[09:32:56.632] [INFO] [EXEC] SELL ACCOUNTING RESET new_cycle
[09:32:56.636] [OK] [EXEC] BUY ORDER SENT orderId=384995876 price=80868.03 qty=0.061820
[09:32:56.639] [OK] [EXEC] PLACE BUY price=80868.03 qty=0.061820
[09:32:56.644] [OK] [PLAN] READY entry=80868.03 exit=80871.37 profit=0.206479 age=1258ms
[09:32:57.635] [INFO] [EXEC] ENTRY_REPRICE reason=wide_spread_cross old=80868.03 new=80868.07 count=1
[09:32:58.165] [OK] [EXEC] ENTRY_PLACE price=80868.07 qty=0.061820
[09:32:59.134] [WARNING] [EXEC] BUY TIMEOUT orderId=384995933
[09:32:59.138] [WARNING] [EXEC] CANCEL BUY orderId=384995933
[09:32:59.406] [OK] [EXEC] BUY CANCELED confirmed
[09:32:59.675] [INFO] [EXEC] BUY FINAL STATUS status=CANCELED orderId=384995933
[09:32:59.679] [WARNING] [EXEC] BLOCK reason=buy_not_filled
[09:33:00.121] [INFO] [HEALTH] state=GOOD
[09:33:00.384] [INFO] [EXEC] SELL ACCOUNTING RESET new_cycle
[09:33:00.389] [OK] [EXEC] BUY ORDER SENT orderId=384996090 price=80859.36 qty=0.061830
[09:33:00.393] [OK] [EXEC] PLACE BUY price=80859.36 qty=0.061830
[09:33:00.397] [OK] [PLAN] HOT entry=80859.36 exit=80869.52 profit=0.628193 age=1253ms
[09:33:01.424] [WARNING] [EXEC] ENTRY_CANCEL reason=spread_dead
[09:33:03.134] [INFO] [EXEC] SELL ACCOUNTING RESET new_cycle
[09:33:03.139] [OK] [EXEC] BUY ORDER SENT orderId=384996315 price=80845.84 qty=0.061840
[09:33:03.142] [OK] [EXEC] PLACE BUY price=80845.84 qty=0.061840
[09:33:04.135] [INFO] [EXEC] ENTRY_REPRICE reason=wide_spread_cross old=80845.84 new=80845.88 count=1
[09:33:05.141] [OK] [EXEC] ENTRY_PLACE price=80845.88 qty=0.061840
[09:33:05.146] [OK] [PLAN] READY entry=80846.85 exit=80850.90 profit=0.250452 age=1007ms
[09:33:06.160] [WARNING] [EXEC] BUY TIMEOUT orderId=384996397
[09:33:06.162] [WARNING] [EXEC] CANCEL BUY orderId=384996397
[09:33:06.430] [OK] [EXEC] BUY CANCELED confirmed
[09:33:06.696] [INFO] [EXEC] BUY FINAL STATUS status=CANCELED orderId=384996397
[09:33:06.697] [WARNING] [EXEC] BLOCK reason=buy_not_filled
[09:33:07.164] [INFO] [HEALTH] state=GOOD
[09:33:07.429] [INFO] [EXEC] SELL ACCOUNTING RESET new_cycle
[09:33:07.432] [OK] [EXEC] BUY ORDER SENT orderId=384996456 price=80851.04 qty=0.061840
[09:33:07.434] [OK] [EXEC] PLACE BUY price=80851.04 qty=0.061840
[09:33:07.439] [OK] [PLAN] HOT entry=80851.04 exit=80855.55 profit=0.278898 age=4295ms
[09:33:08.440] [OK] [EXEC] BUY FILL UPDATE delta=0.061840 avg=80851.04
[09:33:08.444] [OK] [EXEC] CHUNK ADD qty=0.061840 entry=80851.04
[09:33:08.447] [INFO] [EXEC] CHUNK COUNT n=1
[09:33:08.450] [OK] [EXEC] INVENTORY qty=0.061840
[09:33:08.452] [OK] [EXEC] SELL REQUIRED inventory=0.061840
[09:33:08.454] [OK] [EXEC] BUY PARTIAL delta=0.061840 total=0.061840
[09:33:08.456] [OK] [EXEC] BUY REMAINING qty=0.000000
[09:33:08.457] [OK] [EXEC] BUY FILLED id=384996456
[09:33:08.460] [OK] [PLAN] READY entry=80852.05 exit=80855.33 profit=0.202835 age=5310ms
[09:33:08.997] [OK] [SYNC] order filled detected
[09:33:08.999] [OK] [SYNC] BUY filled on exchange
[09:33:09.720] [INFO] [EXEC] SELL CHECK inventory=0.061840 reported=0.000000 remaining=0.061830 chunks=1
[09:33:09.723] [OK] [EXEC] PLACE SELL price=80856.62 qty=0.061830
[09:33:09.987] [OK] [EXEC] SELL ORDER SENT orderId=384996578
[09:33:09.993] [OK] [PLAN] HOT entry=80849.85 exit=80856.62 profit=0.418657 age=6300ms
[09:33:10.525] [OK] [SYNC] order filled detected
[09:33:10.526] [OK] [SYNC] SELL filled on exchange
[09:33:10.526] [OK] [EXEC] FIFO CLOSE qty=0.061830 entry=80851.04 exit=80856.62 pnl=+0.345011
[09:33:10.527] [INFO] [EXEC] CHUNK DRAINED
[09:33:10.528] [OK] [EXEC] REALIZED pnl=+0.345011
[09:33:10.528] [INFO] [EXEC] SELL ACCOUNTING RESET flat
[09:33:10.529] [OK] [EXEC] CYCLE CLOSED pnl=+0.345011
[09:33:10.530] [INFO] [EXEC] SESSION realized=+2.354317 wins=7 losses=3
[09:33:10.943] [INFO] [EXEC] SELL ACCOUNTING RESET new_cycle
[09:33:10.947] [OK] [EXEC] BUY ORDER SENT orderId=384996688 price=80860.42 qty=0.061830
[09:33:10.950] [OK] [EXEC] PLACE BUY price=80860.42 qty=0.061830
[09:33:10.955] [OK] [PLAN] READY entry=80860.42 exit=80864.76 profit=0.268342 age=7810ms
[09:33:12.413] [OK] [EXEC] BUY FILL UPDATE delta=0.061830 avg=80860.42
[09:33:12.417] [OK] [EXEC] CHUNK ADD qty=0.061830 entry=80860.42
[09:33:12.418] [INFO] [EXEC] CHUNK COUNT n=1
[09:33:12.419] [OK] [EXEC] INVENTORY qty=0.061830
[09:33:12.420] [OK] [EXEC] SELL REQUIRED inventory=0.061830
[09:33:12.421] [OK] [EXEC] BUY PARTIAL delta=0.061830 total=0.061830
[09:33:12.422] [OK] [EXEC] BUY REMAINING qty=0.000000
[09:33:12.423] [OK] [EXEC] BUY FILLED id=384996688
[09:33:12.425] [OK] [PLAN] HOT entry=80859.20 exit=80864.80 profit=0.346248 age=8801ms
[09:33:12.947] [OK] [SYNC] order filled detected
[09:33:12.948] [OK] [SYNC] BUY filled on exchange
[09:33:14.218] [INFO] [EXEC] SELL CHECK inventory=0.061830 reported=0.000000 remaining=0.061830 chunks=1
[09:33:14.220] [OK] [EXEC] PLACE SELL price=80860.76 qty=0.061830
[09:33:14.480] [OK] [EXEC] SELL ORDER SENT orderId=384996833
[09:33:14.484] [OK] [PLAN] READY entry=80856.40 exit=80860.76 profit=0.269579 age=10831ms
[09:33:18.025] [WARNING] [EXEC] TAKER_EXIT_TRIGGER reason=timeout_after_ms age=3544 qty=0.061830
[09:33:18.029] [WARNING] [EXEC] TAKER_EXIT_CANCEL_MAKER orderId=384996833
[09:33:19.092] [WARNING] [EXEC] TAKER_EXIT_ORDER_SENT id=384996942 price=80854.31 qty=0.061830
[09:33:19.818] [WARNING] [SYNC] desync fixed
[09:33:19.821] [INFO] [EXEC] EXIT RECOVERY inventory_no_sell qty=0.061830
[09:33:20.358] [INFO] [EXEC] SELL CHECK inventory=0.061830 reported=0.000000 remaining=0.061830 chunks=1
[09:33:20.361] [OK] [EXEC] PLACE SELL price=80860.44 qty=0.061830
[09:33:20.620] [OK] [EXEC] SELL ORDER SENT orderId=384996985
[09:33:24.630] [OK] [EXEC] FIFO CLOSE qty=0.061830 entry=80860.42 exit=80860.44 pnl=+0.001237
[09:33:24.633] [INFO] [EXEC] CHUNK DRAINED
[09:33:24.635] [OK] [EXEC] REALIZED pnl=+0.001237
[09:33:24.637] [INFO] [EXEC] SELL ACCOUNTING RESET flat
[09:33:24.639] [OK] [EXEC] CYCLE CLOSED pnl=+0.001237
[09:33:24.642] [INFO] [EXEC] SESSION realized=+2.355554 wins=8 losses=3
[09:33:24.644] [OK] [EXEC] EXIT_FILLED
[09:33:24.646] [INFO] [EXEC] SELL ACCOUNTING RESET flat
[09:33:24.647] [INFO] [EXEC] CYCLE SKIP no_fifo_pnl
[09:33:24.648] [OK] [EXEC] SELL FILLED id=384996985
[09:33:24.649] [OK] [EXEC] SELL FILLED qty=0.061830 remaining=0.000000
[09:33:24.650] [INFO] [EXEC] SELL ACCOUNTING RESET inventory_drained
[09:33:24.651] [INFO] [EXEC] INVENTORY DRAINED epsilon_cleanup qty=0.000000
[09:33:24.652] [INFO] [EXEC] SELL ACCOUNTING RESET flat
[09:33:24.653] [INFO] [EXEC] CYCLE SKIP no_fifo_pnl
[09:33:25.106] [INFO] [HEALTH] state=GOOD
[09:33:25.377] [INFO] [EXEC] SELL ACCOUNTING RESET new_cycle
[09:33:25.380] [OK] [EXEC] BUY ORDER SENT orderId=384997106 price=80859.42 qty=0.061830
[09:33:25.382] [OK] [EXEC] PLACE BUY price=80859.42 qty=0.061830
[09:33:26.917] [OK] [SYNC] order filled detected
[09:33:26.920] [OK] [SYNC] BUY filled on exchange
[09:33:26.921] [OK] [EXEC] BUY FILL UPDATE delta=0.061830 avg=80859.42
[09:33:26.923] [OK] [EXEC] CHUNK ADD qty=0.061830 entry=80859.42
[09:33:26.925] [INFO] [EXEC] CHUNK COUNT n=1
[09:33:26.926] [OK] [EXEC] INVENTORY qty=0.061830
[09:33:26.927] [OK] [EXEC] SELL REQUIRED inventory=0.061830
[09:33:27.658] [INFO] [EXEC] SELL CHECK inventory=0.061830 reported=0.000000 remaining=0.061830 chunks=1
[09:33:27.659] [OK] [EXEC] PLACE SELL price=80861.63 qty=0.061830
[09:33:27.926] [OK] [EXEC] SELL ORDER SENT orderId=384997179
[09:33:28.955] [OK] [EXEC] FIFO CLOSE qty=0.061830 entry=80859.42 exit=80861.63 pnl=+0.136644
[09:33:28.960] [INFO] [EXEC] CHUNK DRAINED
[09:33:28.963] [OK] [EXEC] REALIZED pnl=+0.136644
[09:33:28.966] [INFO] [EXEC] SELL ACCOUNTING RESET flat
[09:33:28.968] [OK] [EXEC] CYCLE CLOSED pnl=+0.136644
[09:33:28.969] [INFO] [EXEC] SESSION realized=+2.492198 wins=9 losses=3
[09:33:28.970] [OK] [EXEC] EXIT_FILLED
[09:33:28.971] [INFO] [EXEC] SELL ACCOUNTING RESET flat
[09:33:28.972] [INFO] [EXEC] CYCLE SKIP no_fifo_pnl
[09:33:28.973] [OK] [EXEC] SELL FILLED id=384997179
[09:33:28.974] [OK] [EXEC] SELL FILLED qty=0.061830 remaining=0.000000
[09:33:28.976] [INFO] [EXEC] SELL ACCOUNTING RESET inventory_drained
[09:33:28.977] [INFO] [EXEC] INVENTORY DRAINED epsilon_cleanup qty=0.000000
[09:33:28.978] [INFO] [EXEC] SELL ACCOUNTING RESET flat
[09:33:28.979] [INFO] [EXEC] CYCLE SKIP no_fifo_pnl
[09:33:29.927] [INFO] [EXEC] SELL ACCOUNTING RESET new_cycle
[09:33:29.931] [OK] [EXEC] BUY ORDER SENT orderId=384997209 price=80858.65 qty=0.061830
[09:33:29.932] [OK] [EXEC] PLACE BUY price=80858.65 qty=0.061830
[09:33:30.934] [INFO] [EXEC] ENTRY_REPRICE reason=wide_spread_cross old=80858.65 new=80858.69 count=1
[09:33:31.459] [OK] [EXEC] ENTRY_PLACE price=80858.69 qty=0.061830
[09:33:32.740] [WARNING] [EXEC] BUY TIMEOUT orderId=384997296
[09:33:32.744] [WARNING] [EXEC] CANCEL BUY orderId=384997296
[09:33:33.014] [OK] [EXEC] BUY CANCELED confirmed
[09:33:33.280] [INFO] [EXEC] BUY FINAL STATUS status=CANCELED orderId=384997296
[09:33:33.284] [WARNING] [EXEC] BLOCK reason=buy_not_filled
[09:33:33.742] [INFO] [HEALTH] state=GOOD
[09:33:34.007] [INFO] [EXEC] SELL ACCOUNTING RESET new_cycle
[09:33:34.010] [OK] [EXEC] BUY ORDER SENT orderId=384997344 price=80862.63 qty=0.061830
[09:33:34.012] [OK] [EXEC] PLACE BUY price=80862.63 qty=0.061830
[09:33:35.011] [OK] [EXEC] BUY FILL UPDATE delta=0.000070 avg=80862.63
[09:33:35.015] [OK] [EXEC] CHUNK ADD qty=0.000070 entry=80862.63
[09:33:35.017] [INFO] [EXEC] CHUNK COUNT n=1
[09:33:35.018] [OK] [EXEC] INVENTORY qty=0.000070
[09:33:35.019] [OK] [EXEC] SELL REQUIRED inventory=0.000070
[09:33:35.020] [OK] [EXEC] BUY PARTIAL delta=0.000070 total=0.000070
[09:33:35.021] [OK] [EXEC] BUY REMAINING qty=0.061760
[09:33:35.023] [OK] [PLAN] READY entry=80863.63 exit=80867.02 profit=0.209604 age=1007ms
[09:33:35.559] [OK] [SYNC] order filled detected
[09:33:35.560] [OK] [SYNC] BUY filled on exchange
[09:33:35.561] [OK] [EXEC] BUY FILL UPDATE delta=0.061760 avg=80862.63
[09:33:35.562] [OK] [EXEC] CHUNK ADD qty=0.061760 entry=80862.63
[09:33:35.563] [INFO] [EXEC] CHUNK COUNT n=2
[09:33:35.565] [OK] [EXEC] INVENTORY qty=0.061830
[09:33:35.566] [OK] [EXEC] SELL REQUIRED inventory=0.061830
[09:33:36.285] [INFO] [EXEC] SELL CHECK inventory=0.061830 reported=0.000000 remaining=0.061830 chunks=2
[09:33:36.287] [OK] [EXEC] PLACE SELL price=80862.65 qty=0.061830
[09:33:36.545] [OK] [EXEC] SELL ORDER SENT orderId=384997436
[09:33:36.553] [OK] [PLAN] HOT entry=80854.62 exit=80862.03 profit=0.458160 age=2016ms
[09:33:37.096] [OK] [SYNC] order filled detected
[09:33:37.098] [OK] [SYNC] SELL filled on exchange
[09:33:37.099] [OK] [EXEC] FIFO CLOSE qty=0.000070 entry=80862.63 exit=80862.65 pnl=+0.000001
[09:33:37.102] [INFO] [EXEC] CHUNK DRAINED
[09:33:37.104] [OK] [EXEC] FIFO CLOSE qty=0.061760 entry=80862.63 exit=80862.65 pnl=+0.001235
[09:33:37.107] [INFO] [EXEC] CHUNK DRAINED
[09:33:37.109] [OK] [EXEC] REALIZED pnl=+0.001237
[09:33:37.111] [INFO] [EXEC] SELL ACCOUNTING RESET flat
[09:33:37.113] [OK] [EXEC] CYCLE CLOSED pnl=+0.001237
[09:33:37.115] [INFO] [EXEC] SESSION realized=+2.493435 wins=10 losses=3
[09:33:37.561] [INFO] [EXEC] SELL ACCOUNTING RESET new_cycle
[09:33:37.565] [OK] [EXEC] BUY ORDER SENT orderId=384997481 price=80859.93 qty=0.061830
[09:33:37.567] [OK] [EXEC] PLACE BUY price=80859.93 qty=0.061830
[09:33:38.576] [INFO] [EXEC] ENTRY_REPRICE reason=wide_spread_cross old=80859.93 new=80859.97 count=1
[09:33:39.115] [OK] [EXEC] ENTRY_PLACE price=80859.97 qty=0.061830
[09:33:39.122] [OK] [PLAN] READY entry=80860.94 exit=80864.53 profit=0.221970 age=4570ms
[09:33:40.071] [WARNING] [EXEC] BUY TIMEOUT orderId=384997501
[09:33:40.073] [WARNING] [EXEC] CANCEL BUY orderId=384997501
[09:33:40.332] [OK] [EXEC] BUY CANCELED confirmed
[09:33:40.598] [INFO] [EXEC] BUY FINAL STATUS status=CANCELED orderId=384997501
[09:33:40.601] [WARNING] [EXEC] BLOCK reason=buy_not_filled
[09:33:40.604] [OK] [PLAN] HOT entry=80867.00 exit=80871.77 profit=0.294881 age=6072ms
[09:33:41.083] [INFO] [HEALTH] state=GOOD
[09:33:41.349] [INFO] [EXEC] SELL ACCOUNTING RESET new_cycle
[09:33:41.352] [OK] [EXEC] BUY ORDER SENT orderId=384997606 price=80868.53 qty=0.061820
[09:33:41.355] [OK] [EXEC] PLACE BUY price=80868.53 qty=0.061820
[09:33:41.360] [OK] [PLAN] READY entry=80868.53 exit=80871.78 profit=0.200915 age=7342ms
[09:33:42.363] [OK] [EXEC] BUY FILL UPDATE delta=0.061820 avg=80868.53
[09:33:42.366] [OK] [EXEC] CHUNK ADD qty=0.061820 entry=80868.53
[09:33:42.367] [INFO] [EXEC] CHUNK COUNT n=1
[09:33:42.368] [OK] [EXEC] INVENTORY qty=0.061820
[09:33:42.370] [OK] [EXEC] SELL REQUIRED inventory=0.061820
[09:33:42.371] [OK] [EXEC] BUY PARTIAL delta=0.061820 total=0.061820
[09:33:42.372] [OK] [EXEC] BUY REMAINING qty=0.000000
[09:33:42.373] [OK] [EXEC] BUY FILLED id=384997606
[09:33:42.903] [OK] [SYNC] order filled detected
[09:33:42.905] [OK] [SYNC] BUY filled on exchange
[09:33:43.863] [INFO] [EXEC] SELL CHECK inventory=0.061820 reported=0.000000 remaining=0.061810 chunks=1
[09:33:43.866] [OK] [EXEC] PLACE SELL price=80869.71 qty=0.061810
[09:33:44.136] [OK] [EXEC] SELL ORDER SENT orderId=384997736
[09:33:45.111] [OK] [EXEC] FIFO CLOSE qty=0.061810 entry=80868.53 exit=80869.71 pnl=+0.072936
[09:33:45.115] [INFO] [EXEC] CHUNK DRAINED
[09:33:45.118] [OK] [EXEC] REALIZED pnl=+0.072936
[09:33:45.120] [INFO] [EXEC] SELL ACCOUNTING RESET flat
[09:33:45.123] [OK] [EXEC] CYCLE CLOSED pnl=+0.072936
[09:33:45.125] [INFO] [EXEC] SESSION realized=+2.566371 wins=11 losses=3
[09:33:45.126] [OK] [EXEC] EXIT_FILLED
[09:33:45.127] [INFO] [EXEC] SELL ACCOUNTING RESET flat
[09:33:45.128] [INFO] [EXEC] CYCLE SKIP no_fifo_pnl
[09:33:45.129] [OK] [EXEC] SELL FILLED id=384997736
[09:33:45.130] [OK] [EXEC] SELL FILLED qty=0.061810 remaining=0.000000
[09:33:45.131] [INFO] [EXEC] SELL ACCOUNTING RESET inventory_drained
[09:33:45.132] [INFO] [EXEC] INVENTORY DRAINED epsilon_cleanup qty=0.000000
[09:33:45.134] [INFO] [EXEC] SELL ACCOUNTING RESET flat
[09:33:45.135] [INFO] [EXEC] CYCLE SKIP no_fifo_pnl
[09:33:45.137] [OK] [PLAN] HOT entry=80861.75 exit=80879.00 profit=1.066567 age=1500ms
[09:33:45.872] [INFO] [EXEC] SELL ACCOUNTING RESET new_cycle
[09:33:45.875] [OK] [EXEC] BUY ORDER SENT orderId=384997819 price=80869.18 qty=0.061820
[09:33:45.876] [OK] [EXEC] PLACE BUY price=80869.18 qty=0.061820
[09:33:46.876] [OK] [EXEC] BUY FILL UPDATE delta=0.001300 avg=80869.18
[09:33:46.880] [OK] [EXEC] CHUNK ADD qty=0.001300 entry=80869.18
[09:33:46.882] [INFO] [EXEC] CHUNK COUNT n=1
[09:33:46.883] [OK] [EXEC] INVENTORY qty=0.001300
[09:33:46.885] [OK] [EXEC] SELL REQUIRED inventory=0.001300
[09:33:46.886] [OK] [EXEC] BUY PARTIAL delta=0.001300 total=0.001300
[09:33:46.888] [OK] [EXEC] BUY REMAINING qty=0.060520
[09:33:46.889] [INFO] [EXEC] ENTRY_REPRICE reason=wide_spread_cross old=80869.18 new=80869.22 count=1
[09:33:47.415] [OK] [EXEC] ENTRY_PLACE price=80869.22 qty=0.061820
[09:33:47.423] [OK] [PLAN] READY entry=80870.19 exit=80873.64 profit=0.213279 age=3254ms
[09:33:48.892] [INFO] [EXEC] SELL CHECK inventory=0.001300 reported=0.000000 remaining=0.001290 chunks=1
[09:33:48.895] [OK] [EXEC] PLACE SELL price=80878.99 qty=0.001290
[09:33:49.158] [OK] [EXEC] SELL ORDER SENT orderId=384997988
[09:33:49.167] [OK] [PLAN] HOT entry=80870.23 exit=80878.99 profit=0.541543 age=4765ms
[09:33:49.694] [OK] [SYNC] order filled detected
[09:33:49.697] [OK] [SYNC] SELL filled on exchange
[09:33:49.698] [OK] [EXEC] FIFO CLOSE qty=0.001290 entry=80869.18 exit=80879.52 pnl=+0.013339
[09:33:49.701] [INFO] [EXEC] CHUNK DRAINED
[09:33:49.705] [OK] [EXEC] REALIZED pnl=+0.013339
[09:33:49.708] [INFO] [EXEC] SELL ACCOUNTING RESET flat
[09:33:49.710] [OK] [EXEC] CYCLE CLOSED pnl=+0.013339
[09:33:49.711] [INFO] [EXEC] SESSION realized=+2.579709 wins=12 losses=3
[09:33:49.878] [INFO] [HEALTH] state=GOOD
[09:33:50.190] [INFO] [EXEC] SELL ACCOUNTING RESET new_cycle
[09:33:50.194] [OK] [EXEC] BUY ORDER SENT orderId=384998050 price=80875.00 qty=0.061820
[09:33:50.196] [OK] [EXEC] PLACE BUY price=80875.00 qty=0.061820
[09:33:52.153] [WARNING] [EXEC] BUY TIMEOUT orderId=384998050
[09:33:52.158] [WARNING] [EXEC] CANCEL BUY orderId=384998050
[09:33:52.418] [OK] [EXEC] BUY CANCELED confirmed
[09:33:52.715] [INFO] [EXEC] BUY FINAL STATUS status=CANCELED orderId=384998050
[09:33:52.719] [WARNING] [EXEC] BLOCK reason=buy_not_filled
[09:33:53.949] [INFO] [EXEC] SELL ACCOUNTING RESET new_cycle
[09:33:53.954] [OK] [EXEC] BUY ORDER SENT orderId=384998171 price=80877.49 qty=0.061820
[09:33:53.955] [OK] [EXEC] PLACE BUY price=80877.49 qty=0.061820
[09:33:54.724] [OK] [SYNC] order filled detected
[09:33:54.727] [OK] [SYNC] BUY filled on exchange
[09:33:54.728] [OK] [EXEC] BUY FILL UPDATE delta=0.061820 avg=80877.49
[09:33:54.730] [OK] [EXEC] CHUNK ADD qty=0.061820 entry=80877.49
[09:33:54.734] [INFO] [EXEC] CHUNK COUNT n=1
[09:33:54.739] [OK] [EXEC] INVENTORY qty=0.061820
[09:33:54.743] [OK] [EXEC] SELL REQUIRED inventory=0.061820
[09:33:55.289] [INFO] [EXEC] SELL CHECK inventory=0.061820 reported=0.000000 remaining=0.061810 chunks=1
[09:33:55.294] [OK] [EXEC] PLACE SELL price=80878.03 qty=0.061810
[09:33:55.583] [OK] [EXEC] SELL ORDER SENT orderId=384998221
[09:33:55.590] [OK] [PLAN] READY entry=80875.00 exit=80878.03 profit=0.187315 age=11407ms
[09:33:56.246] [OK] [SYNC] order filled detected
[09:33:56.249] [OK] [SYNC] SELL filled on exchange
[09:33:56.250] [OK] [EXEC] FIFO CLOSE qty=0.061810 entry=80877.49 exit=80878.03 pnl=+0.033377
[09:33:56.251] [INFO] [EXEC] CHUNK DRAINED
[09:33:56.253] [OK] [EXEC] REALIZED pnl=+0.033377
[09:33:56.255] [INFO] [EXEC] SELL ACCOUNTING RESET flat
[09:33:56.256] [OK] [EXEC] CYCLE CLOSED pnl=+0.033377
[09:33:56.258] [INFO] [EXEC] SESSION realized=+2.613087 wins=13 losses=3
[09:33:56.992] [INFO] [HEALTH] state=GOOD
[09:33:57.259] [INFO] [EXEC] SELL ACCOUNTING RESET new_cycle
[09:33:57.260] [OK] [EXEC] BUY ORDER SENT orderId=384998452 price=80881.08 qty=0.061810
[09:33:57.262] [OK] [EXEC] PLACE BUY price=80881.08 qty=0.061810
[09:33:58.262] [INFO] [EXEC] ENTRY_REPRICE reason=wide_spread_cross old=80881.08 new=80900.85 count=1
[09:33:58.806] [OK] [EXEC] ENTRY_PLACE price=80900.85 qty=0.061810
[09:33:58.812] [OK] [PLAN] HOT entry=80901.82 exit=80911.78 profit=0.615528 age=1007ms
[09:33:59.799] [WARNING] [EXEC] BUY TIMEOUT orderId=384998794
[09:33:59.804] [WARNING] [EXEC] CANCEL BUY orderId=384998794
[09:34:00.089] [OK] [EXEC] BUY CANCELED confirmed
[09:34:00.350] [INFO] [EXEC] BUY FINAL STATUS status=CANCELED orderId=384998794
[09:34:00.354] [WARNING] [EXEC] BLOCK reason=buy_not_filled
[09:34:01.085] [INFO] [EXEC] SELL ACCOUNTING RESET new_cycle
[09:34:01.090] [OK] [EXEC] BUY ORDER SENT orderId=384999035 price=80907.00 qty=0.061790
[09:34:01.091] [OK] [EXEC] PLACE BUY price=80907.00 qty=0.061790
[09:34:01.619] [OK] [SYNC] order filled detected
[09:34:01.622] [OK] [SYNC] BUY filled on exchange
[09:34:01.622] [OK] [EXEC] BUY FILL UPDATE delta=0.061790 avg=80907.00
[09:34:01.624] [OK] [EXEC] CHUNK ADD qty=0.061790 entry=80907.00
[09:34:01.626] [INFO] [EXEC] CHUNK COUNT n=1
[09:34:01.628] [OK] [EXEC] INVENTORY qty=0.061790
[09:34:01.629] [OK] [EXEC] SELL REQUIRED inventory=0.061790
[09:34:02.374] [INFO] [EXEC] SELL CHECK inventory=0.061790 reported=0.000000 remaining=0.061780 chunks=1
[09:34:02.381] [OK] [EXEC] PLACE SELL price=80907.02 qty=0.061780
[09:34:02.647] [OK] [EXEC] SELL ORDER SENT orderId=384999257
[09:34:03.178] [OK] [SYNC] order filled detected
[09:34:03.181] [OK] [SYNC] SELL filled on exchange
[09:34:03.182] [OK] [EXEC] FIFO CLOSE qty=0.061780 entry=80907.00 exit=80907.02 pnl=+0.001236
[09:34:03.186] [INFO] [EXEC] CHUNK DRAINED
[09:34:03.190] [OK] [EXEC] REALIZED pnl=+0.001236
[09:34:03.194] [INFO] [EXEC] SELL ACCOUNTING RESET flat
[09:34:03.198] [OK] [EXEC] CYCLE CLOSED pnl=+0.001236
[09:34:03.201] [INFO] [EXEC] SESSION realized=+2.614322 wins=14 losses=3
[09:34:03.831] [INFO] [HEALTH] state=GOOD
[09:34:04.093] [INFO] [EXEC] SELL ACCOUNTING RESET new_cycle
[09:34:04.098] [OK] [EXEC] BUY ORDER SENT orderId=384999322 price=80902.53 qty=0.061800
[09:34:04.101] [OK] [EXEC] PLACE BUY price=80902.53 qty=0.061800
[09:34:05.187] [INFO] [EXEC] ENTRY_REPRICE reason=wide_spread_cross old=80902.53 new=80906.03 count=1
[09:34:05.727] [OK] [EXEC] ENTRY_PLACE price=80906.03 qty=0.061800
[09:34:06.709] [WARNING] [EXEC] BUY TIMEOUT orderId=384999506
[09:34:06.713] [WARNING] [EXEC] CANCEL BUY orderId=384999506
[09:34:06.978] [OK] [EXEC] BUY CANCELED confirmed
[09:34:07.252] [INFO] [EXEC] BUY FINAL STATUS status=CANCELED orderId=384999506
[09:34:07.256] [WARNING] [EXEC] BLOCK reason=buy_not_filled
[09:34:07.888] [INFO] [EXEC] SELL ACCOUNTING RESET new_cycle
[09:34:07.892] [OK] [EXEC] BUY ORDER SENT orderId=384999783 price=80926.05 qty=0.061780
[09:34:07.894] [OK] [EXEC] PLACE BUY price=80926.05 qty=0.061780
[09:34:07.897] [OK] [PLAN] HOT entry=80926.05 exit=80938.99 profit=0.799433 age=1180ms
[09:34:08.900] [OK] [EXEC] BUY FILL UPDATE delta=0.000070 avg=80926.05
[09:34:08.906] [OK] [EXEC] CHUNK ADD qty=0.000070 entry=80926.05
[09:34:08.910] [INFO] [EXEC] CHUNK COUNT n=1
[09:34:08.913] [OK] [EXEC] INVENTORY qty=0.000070
[09:34:08.915] [OK] [EXEC] SELL REQUIRED inventory=0.000070
[09:34:08.917] [OK] [EXEC] BUY PARTIAL delta=0.000070 total=0.000070
[09:34:08.919] [OK] [EXEC] BUY REMAINING qty=0.061710
[09:34:08.920] [INFO] [EXEC] ENTRY_REPRICE reason=wide_spread_cross old=80926.05 new=80930.12 count=1
[09:34:09.470] [OK] [EXEC] ENTRY_PLACE price=80930.12 qty=0.061780
[09:34:10.138] [OK] [SYNC] order filled detected
[09:34:10.139] [OK] [SYNC] BUY filled on exchange
[09:34:10.140] [OK] [EXEC] BUY FILL UPDATE delta=0.061710 avg=80930.12
[09:34:10.141] [OK] [EXEC] CHUNK ADD qty=0.061710 entry=80930.12
[09:34:10.142] [INFO] [EXEC] CHUNK COUNT n=2
[09:34:10.143] [OK] [EXEC] INVENTORY qty=0.061780
[09:34:10.144] [OK] [EXEC] SELL REQUIRED inventory=0.061780
[09:34:10.704] [INFO] [EXEC] SELL CHECK inventory=0.061780 reported=0.000000 remaining=0.061780 chunks=2
[09:34:10.707] [OK] [EXEC] PLACE SELL price=80938.00 qty=0.061780
[09:34:10.966] [OK] [EXEC] SELL ORDER SENT orderId=384999992
[09:34:12.398] [OK] [PLAN] READY entry=80932.89 exit=80936.99 profit=0.253257 age=5669ms
[09:34:13.121] [OK] [PLAN] HOT entry=80917.98 exit=80933.94 profit=0.986168 age=6411ms
[09:34:13.659] [OK] [SYNC] order filled detected
[09:34:13.663] [OK] [SYNC] SELL filled on exchange
[09:34:13.663] [OK] [EXEC] FIFO CLOSE qty=0.000070 entry=80926.05 exit=80938.00 pnl=+0.000836
[09:34:13.667] [INFO] [EXEC] CHUNK DRAINED
[09:34:13.671] [OK] [EXEC] FIFO CLOSE qty=0.061710 entry=80930.12 exit=80938.00 pnl=+0.485990
[09:34:13.673] [INFO] [EXEC] CHUNK DRAINED
[09:34:13.675] [OK] [EXEC] REALIZED pnl=+0.486826
[09:34:13.677] [INFO] [EXEC] SELL ACCOUNTING RESET flat
[09:34:13.678] [OK] [EXEC] CYCLE CLOSED pnl=+0.486826
[09:34:13.679] [INFO] [EXEC] SESSION realized=+3.101149 wins=15 losses=3
[09:34:13.885] [INFO] [HEALTH] state=GOOD
[09:34:14.146] [INFO] [EXEC] SELL ACCOUNTING RESET new_cycle
[09:34:14.148] [OK] [EXEC] BUY ORDER SENT orderId=385000301 price=80930.73 qty=0.061780
[09:34:14.150] [OK] [EXEC] PLACE BUY price=80930.73 qty=0.061780
[09:34:15.144] [OK] [EXEC] BUY FILL UPDATE delta=0.061780 avg=80930.73
[09:34:15.147] [OK] [EXEC] CHUNK ADD qty=0.061780 entry=80930.73
[09:34:15.149] [INFO] [EXEC] CHUNK COUNT n=1
[09:34:15.151] [OK] [EXEC] INVENTORY qty=0.061780
[09:34:15.153] [OK] [EXEC] SELL REQUIRED inventory=0.061780
[09:34:15.154] [OK] [EXEC] BUY PARTIAL delta=0.061780 total=0.061780
[09:34:15.156] [OK] [EXEC] BUY REMAINING qty=0.000000
[09:34:15.158] [OK] [EXEC] BUY FILLED id=385000301
[09:34:15.699] [OK] [SYNC] order filled detected
[09:34:15.702] [OK] [SYNC] BUY filled on exchange
[09:34:16.403] [INFO] [EXEC] SELL CHECK inventory=0.061780 reported=0.000000 remaining=0.061780 chunks=1
[09:34:16.406] [OK] [EXEC] PLACE SELL price=80932.47 qty=0.061780
[09:34:16.670] [OK] [EXEC] SELL ORDER SENT orderId=385000482
[09:34:19.665] [WARNING] [EXEC] TAKER_EXIT_TRIGGER reason=timeout_after_ms age=2997 qty=0.061780
[09:34:19.669] [WARNING] [EXEC] TAKER_EXIT_CANCEL_MAKER orderId=385000482
[09:34:20.761] [WARNING] [EXEC] TAKER_EXIT_ORDER_SENT id=385000586 price=80921.25 qty=0.061780
[09:34:21.289] [WARNING] [SYNC] desync fixed
[09:34:21.435] [INFO] [EXEC] EXIT RECOVERY inventory_no_sell qty=0.061780
[09:34:21.985] [INFO] [EXEC] SELL CHECK inventory=0.061780 reported=0.000000 remaining=0.061780 chunks=1
[09:34:21.989] [OK] [EXEC] PLACE SELL price=80930.75 qty=0.061780
[09:34:22.255] [OK] [EXEC] SELL ORDER SENT orderId=385000695
[09:34:26.566] [WARNING] [EXEC] EXIT_FAIL reason=taker_force_flat_failed force_exit
[09:34:26.570] [WARNING] [EXEC] CANCEL SELL orderId=385000695 reason=taker_force_flat_failed
[09:34:27.125] [WARNING] [EXEC] PANIC EXIT taker_force_flat_failed
[09:34:27.396] [WARNING] [EXEC] FORCE EXIT price=80915.57
[09:34:27.401] [OK] [EXEC] PLACE SELL price=80915.57 qty=0.061780
[09:34:27.671] [WARNING] [EXEC] PANIC START price=80915.57
[09:34:27.674] [OK] [EXEC] SELL ORDER SENT orderId=385000911
[09:34:27.678] [OK] [PLAN] READY entry=80911.01 exit=80914.57 profit=0.219972 age=19858ms
[09:34:28.250] [OK] [SYNC] order filled detected
[09:34:28.252] [OK] [SYNC] SELL filled on exchange
[09:34:28.253] [OK] [EXEC] FIFO CLOSE qty=0.061780 entry=80930.73 exit=80916.09 pnl=-0.904386
[09:34:28.257] [INFO] [EXEC] CHUNK DRAINED
[09:34:28.260] [OK] [EXEC] REALIZED pnl=-0.904386
[09:34:28.262] [INFO] [EXEC] SELL ACCOUNTING RESET flat
[09:34:28.264] [OK] [EXEC] CYCLE CLOSED pnl=-0.904386
[09:34:28.267] [INFO] [EXEC] SESSION realized=+2.196762 wins=15 losses=4
[09:34:28.270] [INFO] [HEALTH] state=GOOD
[09:34:28.270] [WARNING] [EXEC] BLOCK_BUY reason=cooldown_loss_cycle mode=FAST ws_age=594 spread=7.31 stable=1/1 mid_delta=0.00 bid_delta=0.00
[09:34:28.273] [OK] [PLAN] HOT entry=80915.68 exit=80920.99 profit=0.328105 age=21821ms
[09:34:30.485] [WARNING] [HEALTH] block spread_too_young lifetime=0
[09:34:30.487] [WARNING] [HEALTH] unstable_spread lifetime=0
[09:34:30.489] [WARNING] [EXEC] BLOCK_BUY reason=spread_too_young mode=FAST ws_age=62 spread=6.01 stable=1/1 mid_delta=0.00 bid_delta=0.00
[09:34:30.995] [WARNING] [HEALTH] block falling_market bid_ticks=-77.00 mid_ticks=-38.50
[09:34:30.997] [WARNING] [HEALTH] unstable_bid delta_ticks=-77.00
[09:34:30.999] [WARNING] [HEALTH] negative_momentum ticks=-38.50
[09:34:31.001] [WARNING] [EXEC] BLOCK_BUY reason=bid_unstable mode=FAST ws_age=63 spread=6.78 stable=2/1 mid_delta=-38.50 bid_delta=-77.00
[09:34:31.004] [OK] [PLAN] HOT entry=80916.21 exit=80920.99 profit=0.295356 age=510ms
[09:34:31.507] [WARNING] [HEALTH] block falling_market bid_ticks=-121.00 mid_ticks=-159.00
[09:34:31.510] [WARNING] [HEALTH] unstable_bid delta_ticks=-121.00
[09:34:31.512] [WARNING] [HEALTH] negative_momentum ticks=-159.00
[09:34:31.514] [OK] [PLAN] READY entry=80915.00 exit=80919.02 profit=0.248396 age=1023ms
[09:34:32.284] [INFO] [EXEC] SELL ACCOUNTING RESET new_cycle
[09:34:32.287] [OK] [EXEC] BUY ORDER SENT orderId=385001043 price=80916.66 qty=0.061790
[09:34:32.291] [OK] [EXEC] PLACE BUY price=80916.66 qty=0.061790
[09:34:33.565] [OK] [EXEC] BUY FILL UPDATE delta=0.061790 avg=80916.66
[09:34:33.571] [OK] [EXEC] CHUNK ADD qty=0.061790 entry=80916.66
[09:34:33.575] [INFO] [EXEC] CHUNK COUNT n=1
[09:34:33.577] [OK] [EXEC] INVENTORY qty=0.061790
[09:34:33.579] [OK] [EXEC] SELL REQUIRED inventory=0.061790
[09:34:33.580] [OK] [EXEC] BUY PARTIAL delta=0.061790 total=0.061790
[09:34:33.582] [OK] [EXEC] BUY REMAINING qty=0.000000
[09:34:33.583] [OK] [EXEC] BUY FILLED id=385001043
[09:34:34.113] [OK] [SYNC] order filled detected
[09:34:34.115] [OK] [SYNC] BUY filled on exchange
[09:34:34.855] [INFO] [EXEC] SELL CHECK inventory=0.061790 reported=0.000000 remaining=0.061780 chunks=1
[09:34:34.859] [OK] [EXEC] PLACE SELL price=80918.32 qty=0.061780
[09:34:35.125] [OK] [EXEC] SELL ORDER SENT orderId=385001130
[09:34:35.685] [OK] [SYNC] order filled detected
[09:34:35.689] [OK] [SYNC] SELL filled on exchange
[09:34:35.691] [OK] [EXEC] FIFO CLOSE qty=0.061780 entry=80916.66 exit=80918.32 pnl=+0.102555
[09:34:35.694] [INFO] [EXEC] CHUNK DRAINED
[09:34:35.697] [OK] [EXEC] REALIZED pnl=+0.102555
[09:34:35.699] [INFO] [EXEC] SELL ACCOUNTING RESET flat
[09:34:35.702] [OK] [EXEC] CYCLE CLOSED pnl=+0.102555
[09:34:35.705] [INFO] [EXEC] SESSION realized=+2.299317 wins=16 losses=4
[09:34:36.831] [INFO] [HEALTH] state=GOOD
[09:34:37.108] [INFO] [EXEC] SELL ACCOUNTING RESET new_cycle
[09:34:37.113] [OK] [EXEC] BUY ORDER SENT orderId=385001261 price=80920.65 qty=0.061780
[09:34:37.117] [OK] [EXEC] PLACE BUY price=80920.65 qty=0.061780
[09:34:38.114] [INFO] [EXEC] ENTRY_REPRICE reason=wide_spread_cross old=80920.65 new=80922.04 count=1
[09:34:38.706] [OK] [EXEC] ENTRY_PLACE price=80922.04 qty=0.061780
[09:34:39.724] [OK] [EXEC] BUY FILL UPDATE delta=0.061780 avg=80922.04
[09:34:39.729] [OK] [EXEC] CHUNK ADD qty=0.061780 entry=80922.04
[09:34:39.732] [INFO] [EXEC] CHUNK COUNT n=1
[09:34:39.736] [OK] [EXEC] INVENTORY qty=0.061780
[09:34:39.739] [OK] [EXEC] SELL REQUIRED inventory=0.061780
[09:34:39.742] [OK] [EXEC] BUY PARTIAL delta=0.061780 total=0.061780
[09:34:39.744] [OK] [EXEC] BUY REMAINING qty=0.000000
[09:34:39.746] [OK] [EXEC] BUY FILLED id=385001314
[09:34:40.286] [OK] [SYNC] order filled detected
[09:34:40.289] [OK] [SYNC] BUY filled on exchange
[09:34:40.950] [INFO] [EXEC] SELL CHECK inventory=0.061780 reported=0.000000 remaining=0.061780 chunks=1
[09:34:40.954] [OK] [EXEC] PLACE SELL price=80922.06 qty=0.061780
[09:34:41.254] [OK] [EXEC] SELL ORDER SENT orderId=385001455
[09:34:42.279] [OK] [SYNC] order filled detected
[09:34:42.281] [OK] [SYNC] SELL filled on exchange
[09:34:42.282] [OK] [EXEC] FIFO CLOSE qty=0.061780 entry=80922.04 exit=80922.06 pnl=+0.001236
[09:34:42.285] [INFO] [EXEC] CHUNK DRAINED
[09:34:42.286] [OK] [EXEC] REALIZED pnl=+0.001236
[09:34:42.288] [INFO] [EXEC] SELL ACCOUNTING RESET flat
[09:34:42.289] [OK] [EXEC] CYCLE CLOSED pnl=+0.001236
[09:34:42.291] [INFO] [EXEC] SESSION realized=+2.300553 wins=17 losses=4
[09:34:42.669] [INFO] [HEALTH] state=GOOD
[09:34:42.932] [INFO] [EXEC] SELL ACCOUNTING RESET new_cycle
[09:34:42.937] [OK] [EXEC] BUY ORDER SENT orderId=385001586 price=80924.92 qty=0.061780
[09:34:42.941] [OK] [EXEC] PLACE BUY price=80924.92 qty=0.061780
[09:34:43.469] [OK] [SYNC] order filled detected
[09:34:43.472] [OK] [SYNC] BUY filled on exchange
[09:34:43.472] [OK] [EXEC] BUY FILL UPDATE delta=0.061780 avg=80924.92
[09:34:43.475] [OK] [EXEC] CHUNK ADD qty=0.061780 entry=80924.92
[09:34:43.477] [INFO] [EXEC] CHUNK COUNT n=1
[09:34:43.479] [OK] [EXEC] INVENTORY qty=0.061780
[09:34:43.480] [OK] [EXEC] SELL REQUIRED inventory=0.061780
[09:34:44.228] [INFO] [EXEC] SELL CHECK inventory=0.061780 reported=0.000000 remaining=0.061780 chunks=1
[09:34:44.232] [OK] [EXEC] PLACE SELL price=80924.94 qty=0.061780
[09:34:44.496] [OK] [EXEC] SELL ORDER SENT orderId=385001666
[09:34:44.504] [OK] [PLAN] READY entry=80919.18 exit=80923.29 profit=0.253957 age=1037ms
[09:34:47.500] [WARNING] [EXEC] TAKER_EXIT_TRIGGER reason=timeout_after_ms age=3006 qty=0.061780
[09:34:47.505] [WARNING] [EXEC] TAKER_EXIT_CANCEL_MAKER orderId=385001666
[09:34:48.583] [WARNING] [EXEC] TAKER_EXIT_ORDER_SENT id=385001856 price=80912.20 qty=0.061780
[09:34:49.589] [WARNING] [SYNC] desync fixed
[09:34:49.785] [INFO] [EXEC] EXIT RECOVERY inventory_no_sell qty=0.061780
[09:34:50.316] [INFO] [EXEC] SELL CHECK inventory=0.061780 reported=0.000000 remaining=0.061780 chunks=1
[09:34:50.320] [OK] [EXEC] PLACE SELL price=80924.94 qty=0.061780
[09:34:50.587] [OK] [EXEC] SELL ORDER SENT orderId=385001983
[09:34:51.553] [OK] [PLAN] HOT entry=80909.32 exit=80914.56 profit=0.323780 age=8622ms
[09:34:53.807] [OK] [PLAN] READY entry=80901.29 exit=80904.99 profit=0.228660 age=10873ms
[09:34:54.808] [WARNING] [EXEC] EXIT_FAIL reason=taker_force_flat_failed force_exit
[09:34:54.813] [WARNING] [EXEC] CANCEL SELL orderId=385001983 reason=taker_force_flat_failed
[09:34:55.333] [WARNING] [EXEC] PANIC EXIT taker_force_flat_failed
[09:34:55.603] [WARNING] [EXEC] FORCE EXIT price=80914.37
[09:34:55.606] [OK] [EXEC] PLACE SELL price=80914.37 qty=0.061780
[09:34:55.898] [WARNING] [EXEC] PANIC START price=80914.37
[09:34:55.900] [OK] [EXEC] SELL ORDER SENT orderId=385002304
[09:34:55.903] [OK] [PLAN] HOT entry=80908.77 exit=80913.37 profit=0.284234 age=11880ms
[09:34:56.419] [OK] [SYNC] order filled detected
[09:34:56.420] [OK] [SYNC] SELL filled on exchange
[09:34:56.420] [OK] [EXEC] FIFO CLOSE qty=0.061780 entry=80924.92 exit=80914.37 pnl=-0.651779
[09:34:56.422] [INFO] [EXEC] CHUNK DRAINED
[09:34:56.424] [OK] [EXEC] REALIZED pnl=-0.651779
[09:34:56.426] [INFO] [EXEC] SELL ACCOUNTING RESET flat
[09:34:56.427] [OK] [EXEC] CYCLE CLOSED pnl=-0.651779
[09:34:56.428] [INFO] [EXEC] SESSION realized=+1.648774 wins=17 losses=5
[09:34:56.592] [INFO] [HEALTH] state=GOOD
[09:34:56.594] [WARNING] [EXEC] BLOCK_BUY reason=cooldown_loss_cycle mode=FAST ws_age=172 spread=5.53 stable=1/1 mid_delta=0.00 bid_delta=0.00
[09:34:56.601] [OK] [PLAN] READY entry=80909.02 exit=80912.55 profit=0.218119 age=13923ms
[09:34:57.361] [INFO] [EXEC] SELL ACCOUNTING RESET new_cycle
[09:34:57.366] [OK] [EXEC] BUY ORDER SENT orderId=385002413 price=80909.02 qty=0.061790
[09:34:57.369] [OK] [EXEC] PLACE BUY price=80909.02 qty=0.061790
[09:34:58.389] [INFO] [EXEC] ENTRY_REPRICE reason=wide_spread_cross old=80909.02 new=80928.35 count=1
[09:34:58.921] [OK] [EXEC] ENTRY_PLACE price=80928.35 qty=0.061790
[09:34:58.929] [OK] [PLAN] HOT entry=80929.32 exit=80936.99 profit=0.473853 age=15450ms
[09:34:59.471] [OK] [SYNC] order filled detected
[09:34:59.472] [OK] [SYNC] BUY filled on exchange
[09:34:59.472] [OK] [EXEC] BUY FILL UPDATE delta=0.061790 avg=80928.35
[09:34:59.474] [OK] [EXEC] CHUNK ADD qty=0.061790 entry=80928.35
[09:34:59.476] [INFO] [EXEC] CHUNK COUNT n=1
[09:34:59.478] [OK] [EXEC] INVENTORY qty=0.061790
[09:34:59.480] [OK] [EXEC] SELL REQUIRED inventory=0.061790
[09:35:00.150] [INFO] [EXEC] SELL CHECK inventory=0.061790 reported=0.000000 remaining=0.061780 chunks=1
[09:35:00.154] [OK] [EXEC] PLACE SELL price=80936.99 qty=0.061780
[09:35:00.414] [OK] [EXEC] SELL ORDER SENT orderId=385002805
[09:35:00.963] [OK] [SYNC] order filled detected
[09:35:00.965] [OK] [SYNC] SELL filled on exchange
[09:35:00.966] [OK] [EXEC] FIFO CLOSE qty=0.061780 entry=80928.35 exit=80936.99 pnl=+0.533779
[09:35:00.969] [INFO] [EXEC] CHUNK DRAINED
[09:35:00.970] [OK] [EXEC] REALIZED pnl=+0.533779
[09:35:00.972] [INFO] [EXEC] SELL ACCOUNTING RESET flat
[09:35:00.973] [OK] [EXEC] CYCLE CLOSED pnl=+0.533779
[09:35:00.975] [INFO] [EXEC] SESSION realized=+2.182553 wins=18 losses=5
[09:35:01.378] [INFO] [EXEC] SELL ACCOUNTING RESET new_cycle
[09:35:01.383] [OK] [EXEC] BUY ORDER SENT orderId=385002891 price=80935.94 qty=0.061770
[09:35:01.387] [OK] [EXEC] PLACE BUY price=80935.94 qty=0.061770
[09:35:01.391] [OK] [PLAN] READY entry=80935.94 exit=80939.74 profit=0.234726 age=18446ms
[09:35:02.412] [INFO] [EXEC] ENTRY_REPRICE reason=wide_spread_cross old=80935.94 new=80936.23 count=1
[09:35:02.942] [OK] [EXEC] ENTRY_PLACE price=80936.23 qty=0.061770
[09:35:04.191] [WARNING] [EXEC] BUY TIMEOUT orderId=385002994
[09:35:04.198] [WARNING] [EXEC] CANCEL BUY orderId=385002994
[09:35:04.458] [OK] [EXEC] BUY CANCELED confirmed
[09:35:04.728] [INFO] [EXEC] BUY FINAL STATUS status=CANCELED orderId=385002994
[09:35:04.734] [WARNING] [EXEC] BLOCK reason=buy_not_filled
[09:35:05.705] [INFO] [HEALTH] state=GOOD
[09:35:05.966] [INFO] [EXEC] SELL ACCOUNTING RESET new_cycle
[09:35:05.971] [OK] [EXEC] BUY ORDER SENT orderId=385003207 price=80929.62 qty=0.061780
[09:35:05.974] [OK] [EXEC] PLACE BUY price=80929.62 qty=0.061780
[09:35:06.983] [OK] [SYNC] order filled detected
[09:35:06.985] [OK] [SYNC] BUY filled on exchange
[09:35:06.986] [OK] [EXEC] BUY FILL UPDATE delta=0.061780 avg=80929.62
[09:35:06.988] [OK] [EXEC] CHUNK ADD qty=0.061780 entry=80929.62
[09:35:06.990] [INFO] [EXEC] CHUNK COUNT n=1
[09:35:06.991] [OK] [EXEC] INVENTORY qty=0.061780
[09:35:06.993] [OK] [EXEC] SELL REQUIRED inventory=0.061780
[09:35:07.787] [INFO] [EXEC] SELL CHECK inventory=0.061780 reported=0.000000 remaining=0.061780 chunks=1
[09:35:07.790] [OK] [EXEC] PLACE SELL price=80930.54 qty=0.061780
[09:35:08.053] [OK] [EXEC] SELL ORDER SENT orderId=385003453
[09:35:08.056] [OK] [PLAN] HOT entry=80922.78 exit=80930.54 profit=0.479413 age=1530ms
[09:35:10.067] [OK] [PLAN] READY entry=80924.47 exit=80928.33 profit=0.238471 age=4075ms
[09:35:15.355] [OK] [PLAN] HOT entry=80922.13 exit=80927.64 profit=0.340408 age=1506ms
[09:35:18.440] [OK] [PLAN] READY entry=80923.87 exit=80927.79 profit=0.242178 age=1021ms
[09:35:19.481] [OK] [PLAN] HOT entry=80915.01 exit=80920.99 profit=0.369504 age=2041ms
[09:35:20.487] [OK] [PLAN] READY entry=80916.69 exit=80920.99 profit=0.265697 age=3068ms
[09:35:25.315] [OK] [PLAN] READY entry=80917.88 exit=80920.99 profit=0.192167 age=1008ms
[09:35:28.334] [OK] [PLAN] HOT entry=80907.01 exit=80913.00 profit=0.370122 age=1012ms
[09:35:35.665] [OK] [PLAN] HOT entry=80899.01 exit=80904.15 profit=0.317652 age=998ms
[09:35:45.078] [OK] [PLAN] HOT entry=80904.13 exit=80913.00 profit=0.548166 age=1012ms
[09:35:59.138] [OK] [PLAN] HOT entry=80915.36 exit=80920.53 profit=0.319454 age=1029ms
[09:36:00.199] [OK] [PLAN] READY entry=80914.69 exit=80917.73 profit=0.187842 age=2063ms
[09:36:01.197] [OK] [PLAN] HOT entry=80907.00 exit=80920.99 profit=0.864442 age=3084ms
[09:36:10.420] [OK] [PLAN] READY entry=80906.40 exit=80910.68 profit=0.264461 age=1039ms
[09:36:11.432] [OK] [PLAN] HOT entry=80899.01 exit=80913.00 profit=0.864582 age=2056ms
[09:36:13.211] [OK] [PLAN] READY entry=80907.75 exit=80912.10 profit=0.268786 age=3834ms
[09:36:27.611] [OK] [PLAN] HOT entry=80899.89 exit=80905.63 profit=0.354732 age=997ms
[09:36:28.612] [OK] [PLAN] READY entry=80900.99 exit=80905.26 profit=0.263886 age=2016ms
[09:36:32.779] [OK] [PLAN] HOT entry=80906.56 exit=80912.99 profit=0.397310 age=1156ms
[09:36:43.009] [OK] [PLAN] HOT entry=80901.83 exit=80913.20 profit=0.702666 age=1276ms
[09:36:55.421] [OK] [PLAN] READY entry=80910.30 exit=80913.91 profit=0.223062 age=1019ms
[09:36:58.505] [OK] [PLAN] HOT entry=80909.80 exit=80915.35 profit=0.342934 age=4102ms
[09:36:59.506] [OK] [PLAN] READY entry=80908.74 exit=80912.49 profit=0.231712 age=5101ms
[09:37:00.549] [OK] [PLAN] HOT entry=80909.64 exit=80914.84 profit=0.321308 age=6139ms
[09:37:04.357] [OK] [PLAN] HOT entry=80909.36 exit=80914.84 profit=0.338609 age=1019ms
[09:37:05.367] [OK] [PLAN] READY entry=80908.38 exit=80912.43 profit=0.250250 age=2024ms
[09:37:20.876] [OK] [PLAN] HOT entry=80899.84 exit=80904.99 profit=0.318270 age=17543ms
[09:37:26.465] [OK] [PLAN] READY entry=80907.62 exit=80912.08 profit=0.275583 age=23130ms
[09:37:30.071] [OK] [PLAN] HOT entry=80908.27 exit=80913.00 profit=0.292267 age=26735ms
[09:37:32.127] [OK] [PLAN] READY entry=80908.27 exit=80912.66 profit=0.271258 age=28785ms
[09:37:34.598] [OK] [PLAN] HOT entry=80899.01 exit=80913.00 profit=0.864582 age=31266ms
[09:37:35.871] [OK] [PLAN] READY entry=80902.81 exit=80907.29 profit=0.276864 age=32534ms
[09:37:36.904] [OK] [PLAN] HOT entry=80904.92 exit=80909.96 profit=0.311472 age=33571ms
[09:37:40.954] [OK] [PLAN] READY entry=80910.83 exit=80915.26 profit=0.273730 age=1022ms
[09:37:43.260] [INFO] START_CLICK received enabled=True api_ready=True running=True
[09:37:43.625] [WARNING] cancel all requested
[09:37:43.630] [WARNING] [EXEC] STOP canceled panic order, position remains open
[09:37:44.423] [WARNING] [SYNC] desync fixed
[09:37:44.425] [WARNING] [EXEC] STOP_SAFE_MANUAL inventory=0.061780 active_order=0
[09:37:44.427] [WARNING] STOP
