[09:15:22.541] [OK] filters loaded
[09:15:25.003] [INFO] START_CLICK received enabled=True api_ready=True running=False
[09:15:25.004] [INFO] START_SETTINGS live_enabled=True guard_mode=FAST entry_mode=AGGRESSIVE exit_engine=True order_size=5000.0
[09:15:25.004] [INFO] START_PROFILE guard=FAST/True entry=AGGRESSIVE/repr=True exit=eng:True,timeout:2200 taker=True/1800 order=5000.0 spread=min:5.0,target:3.0
[09:15:25.479] [EXCHANGE] symbol=BTCU base=BTC quote=U status=TRADING permissions=[]
[09:15:25.496] [OK] START
[09:15:25.500] [OK] START_OK runtime_started
[09:15:25.791] [INFO] [EXEC] LIVE ON
[09:15:25.791] [INFO] [EXEC] WAIT READY
[09:15:25.791] [WARNING] [HEALTH] block spread_too_young lifetime=0
[09:15:25.791] [WARNING] [HEALTH] unstable_spread lifetime=0
[09:15:25.791] [WARNING] [EXEC] BLOCK_BUY reason=ws_stale mode=FAST ws_age=None spread=13.50 stable=1/1 mid_delta=0.00 bid_delta=0.00
[09:15:26.304] [WS] primary url=wss://stream.binance.com:9443/ws/btcu@bookTicker
[09:15:26.305] [WS] connecting primary
[09:15:26.323] [WS] connected
[09:15:26.744] [WARNING] [HEALTH] block falling_market bid_ticks=0.00 mid_ticks=-7.50
[09:15:26.760] [OK] [PLAN] HOT entry=80771.00 exit=80782.35 profit=0.702565 age=953ms
[09:15:27.556] [INFO] [EXEC] SELL ACCOUNTING RESET new_cycle
[09:15:27.556] [OK] [EXEC] BUY ORDER SENT orderId=384957886 price=80771.20 qty=0.061900
[09:15:27.556] [OK] [EXEC] PLACE BUY price=80771.20 qty=0.061900
[09:15:28.551] [INFO] [EXEC] ENTRY_REPRICE reason=wide_spread_cross old=80771.20 new=80775.50 count=1
[09:15:29.091] [OK] [EXEC] ENTRY_PLACE price=80775.50 qty=0.061900
[09:15:30.088] [WARNING] [EXEC] BUY TIMEOUT orderId=384957893
[09:15:30.091] [WARNING] [EXEC] CANCEL BUY orderId=384957893
[09:15:30.369] [OK] [EXEC] BUY CANCELED confirmed
[09:15:30.646] [INFO] [EXEC] BUY FINAL STATUS status=CANCELED orderId=384957893
[09:15:30.648] [WARNING] [EXEC] BLOCK reason=buy_not_filled
[09:15:31.090] [INFO] [HEALTH] state=GOOD
[09:15:31.337] [INFO] [EXEC] SELL ACCOUNTING RESET new_cycle
[09:15:31.353] [OK] [EXEC] BUY ORDER SENT orderId=384957901 price=80771.67 qty=0.061900
[09:15:31.353] [OK] [EXEC] PLACE BUY price=80771.67 qty=0.061900
[09:15:33.166] [OK] [SYNC] order filled detected
[09:15:33.166] [OK] [SYNC] BUY filled on exchange
[09:15:33.166] [OK] [EXEC] BUY FILL UPDATE delta=0.061900 avg=80771.67
[09:15:33.166] [OK] [EXEC] CHUNK ADD qty=0.061900 entry=80771.67
[09:15:33.166] [INFO] [EXEC] CHUNK COUNT n=1
[09:15:33.166] [OK] [EXEC] INVENTORY qty=0.061900
[09:15:33.166] [OK] [EXEC] SELL REQUIRED inventory=0.061900
[09:15:33.942] [INFO] [EXEC] SELL CHECK inventory=0.061900 reported=0.000000 remaining=0.061890 chunks=1
[09:15:33.958] [OK] [EXEC] PLACE SELL price=80777.56 qty=0.061890
[09:15:34.212] [OK] [EXEC] SELL ORDER SENT orderId=384958036
[09:15:35.197] [INFO] [EXEC] SELL UPSIZE old=0.061890 new=0.061900
[09:15:35.212] [WARNING] [EXEC] SELL TIMEOUT orderId=384958036
[09:15:35.213] [WARNING] [EXEC] CANCEL SELL orderId=384958036
[09:15:35.745] [INFO] [EXEC] SELL FINAL STATUS status=CANCELED orderId=384958036
[09:15:35.745] [INFO] [EXEC] SELL TIMEOUT check fast_exit
[09:15:35.745] [WARNING] [EXEC] FORCE EXIT hard_sl_triggered
[09:15:35.745] [ERROR] [EXEC] HARD SL triggered
[09:15:35.745] [WARNING] [EXEC] PANIC EXIT sl_mode
[09:15:36.008] [WARNING] [EXEC] FORCE EXIT price=80770.49
[09:15:36.008] [OK] [EXEC] PLACE SELL price=80770.49 qty=0.061890
[09:15:36.275] [WARNING] [EXEC] PANIC START price=80770.49
[09:15:36.292] [OK] [EXEC] SELL ORDER SENT orderId=384958090
[09:15:36.807] [OK] [SYNC] order filled detected
[09:15:36.823] [OK] [SYNC] SELL filled on exchange
[09:15:36.823] [OK] [EXEC] FIFO CLOSE qty=0.061890 entry=80771.67 exit=80770.49 pnl=-0.073030
[09:15:36.823] [INFO] [EXEC] CHUNK DRAINED
[09:15:36.823] [OK] [EXEC] REALIZED pnl=-0.073030
[09:15:36.823] [INFO] [EXEC] SELL ACCOUNTING RESET flat
[09:15:36.823] [OK] [EXEC] CYCLE CLOSED pnl=-0.073030
[09:15:36.823] [INFO] [EXEC] SESSION realized=-0.073030 wins=0 losses=1
[09:15:36.964] [INFO] [HEALTH] state=GOOD
[09:15:36.964] [WARNING] [EXEC] BLOCK_BUY reason=cooldown_loss_cycle mode=FAST ws_age=93 spread=15.09 stable=1/1 mid_delta=0.00 bid_delta=0.00
[09:15:37.750] [INFO] [EXEC] SELL ACCOUNTING RESET new_cycle
[09:15:37.752] [OK] [EXEC] BUY ORDER SENT orderId=384958142 price=80771.00 qty=0.061900
[09:15:37.755] [OK] [EXEC] PLACE BUY price=80771.00 qty=0.061900
[09:15:39.759] [WARNING] [EXEC] BUY TIMEOUT orderId=384958142
[09:15:39.759] [WARNING] [EXEC] CANCEL BUY orderId=384958142
[09:15:40.023] [OK] [EXEC] BUY CANCELED confirmed
[09:15:40.306] [INFO] [EXEC] BUY FINAL STATUS status=CANCELED orderId=384958142
[09:15:40.306] [WARNING] [EXEC] BLOCK reason=buy_not_filled
[09:15:41.008] [INFO] [EXEC] SELL ACCOUNTING RESET new_cycle
[09:15:41.023] [OK] [EXEC] BUY ORDER SENT orderId=384958157 price=80771.00 qty=0.061900
[09:15:41.023] [OK] [EXEC] PLACE BUY price=80771.00 qty=0.061900
[09:15:42.790] [WARNING] [EXEC] BUY TIMEOUT orderId=384958157
[09:15:42.791] [WARNING] [EXEC] CANCEL BUY orderId=384958157
[09:15:43.073] [OK] [EXEC] BUY CANCELED confirmed
[09:15:43.338] [INFO] [EXEC] BUY FINAL STATUS status=CANCELED orderId=384958157
[09:15:43.338] [WARNING] [EXEC] BLOCK reason=buy_not_filled
[09:15:43.790] [INFO] [HEALTH] state=GOOD
[09:15:44.089] [INFO] [EXEC] SELL ACCOUNTING RESET new_cycle
[09:15:44.092] [OK] [EXEC] BUY ORDER SENT orderId=384958176 price=80771.00 qty=0.061900
[09:15:44.094] [OK] [EXEC] PLACE BUY price=80771.00 qty=0.061900
[09:15:46.112] [OK] [EXEC] BUY FILL UPDATE delta=0.061900 avg=80771.00
[09:15:46.112] [OK] [EXEC] CHUNK ADD qty=0.061900 entry=80771.00
[09:15:46.112] [INFO] [EXEC] CHUNK COUNT n=1
[09:15:46.112] [OK] [EXEC] INVENTORY qty=0.061900
[09:15:46.112] [OK] [EXEC] SELL REQUIRED inventory=0.061900
[09:15:46.112] [OK] [EXEC] BUY PARTIAL delta=0.061900 total=0.061900
[09:15:46.112] [OK] [EXEC] BUY REMAINING qty=0.000000
[09:15:46.112] [OK] [EXEC] BUY FILLED id=384958176
[09:15:46.880] [OK] [SYNC] order filled detected
[09:15:46.883] [OK] [SYNC] BUY filled on exchange
[09:15:47.440] [INFO] [EXEC] SELL CHECK inventory=0.061900 reported=0.000000 remaining=0.061890 chunks=1
[09:15:47.442] [OK] [EXEC] PLACE SELL price=80775.97 qty=0.061890
[09:15:47.712] [OK] [EXEC] SELL ORDER SENT orderId=384958196
[09:15:48.759] [INFO] [EXEC] SELL UPSIZE old=0.061890 new=0.061900
[09:15:48.759] [WARNING] [EXEC] SELL TIMEOUT orderId=384958196
[09:15:48.759] [WARNING] [EXEC] CANCEL SELL orderId=384958196
[09:15:49.322] [INFO] [EXEC] SELL FINAL STATUS status=CANCELED orderId=384958196
[09:15:49.322] [INFO] [EXEC] SELL TIMEOUT check fast_exit
[09:15:49.322] [WARNING] [EXEC] FORCE EXIT hard_sl_triggered
[09:15:49.322] [ERROR] [EXEC] HARD SL triggered
[09:15:49.322] [WARNING] [EXEC] PANIC EXIT sl_mode
[09:15:49.636] [WARNING] [EXEC] FORCE EXIT price=80776.46
[09:15:49.636] [OK] [EXEC] PLACE SELL price=80776.46 qty=0.061890
[09:15:49.940] [WARNING] [EXEC] PANIC START price=80776.46
[09:15:49.940] [OK] [EXEC] SELL ORDER SENT orderId=384958207
[09:15:50.981] [INFO] [EXEC] SELL_UPSIZE_SKIPPED reason=exit_or_panic_active
[09:15:56.339] [INFO] START_CLICK received enabled=True api_ready=True running=True
[09:15:56.682] [WARNING] cancel all requested
[09:15:56.682] [WARNING] [EXEC] STOP canceled panic order, position remains open
[09:15:57.478] [WARNING] [SYNC] desync fixed
[09:15:57.478] [WARNING] [EXEC] STOP_SAFE_MANUAL inventory=0.061900 active_order=0
[09:15:57.478] [WARNING] STOP
[09:16:04.985] [INFO] [SETTINGS] imported path=C:/Users/Art/Desktop/UB/config/settings.json
[09:16:07.117] [OK] [SETTINGS] settings saved
[09:16:07.889] [INFO] START_CLICK received enabled=True api_ready=True running=False
[09:16:07.889] [INFO] START_SETTINGS live_enabled=True guard_mode=FAST entry_mode=AGGRESSIVE exit_engine=True order_size=5000.0
[09:16:07.889] [INFO] START_PROFILE guard=FAST/True entry=AGGRESSIVE/repr=True exit=eng:True,timeout:2200 taker=True/1800 order=5000.0 spread=min:5.0,target:3.0
[09:16:08.387] [EXCHANGE] symbol=BTCU base=BTC quote=U status=TRADING permissions=[]
[09:16:08.392] [OK] START
[09:16:08.394] [OK] START_OK runtime_started
[09:16:08.394] [WARNING] [EXEC] START resume exit qty=0.061900
[09:16:09.434] [INFO] [EXEC] SELL CHECK inventory=0.061900 reported=0.000000 remaining=0.061890 chunks=1
[09:16:09.437] [OK] [EXEC] PLACE SELL price=80776.20 qty=0.061890
[09:16:09.698] [OK] [EXEC] SELL ORDER SENT orderId=384958475
[09:16:10.229] [WS] primary url=wss://stream.binance.com:9443/ws/btcu@bookTicker
[09:16:10.229] [WS] connecting primary
[09:16:10.229] [WS] connected
[09:16:10.663] [INFO] [EXEC] SELL UPSIZE old=0.061890 new=0.061900
[09:16:10.666] [WARNING] [EXEC] SELL TIMEOUT orderId=384958475
[09:16:10.666] [WARNING] [EXEC] CANCEL SELL orderId=384958475
[09:16:11.200] [INFO] [EXEC] SELL FINAL STATUS status=CANCELED orderId=384958475
[09:16:11.204] [INFO] [EXEC] SELL TIMEOUT check fast_exit
[09:16:11.207] [INFO] [EXEC] FAST SAFE EXIT price=80774.56 entry=80771.00 bid=80774.55
[09:16:11.209] [WARNING] [EXEC] FAST_SAFE_EXIT_EXECUTE price=80774.56 qty=0.061900
[09:16:11.210] [WARNING] [EXEC] TAKER_EXIT_TRIGGER reason=fast_safe_exit age=963 qty=0.061900
[09:16:11.212] [WARNING] [EXEC] TAKER_EXIT_CANCEL_MAKER orderId=384958475
[09:16:12.278] [WARNING] [EXEC] TAKER_EXIT_ORDER_SENT id=384958625 price=80774.53 qty=0.061890
[09:16:12.806] [OK] [SYNC] order filled detected
[09:16:12.821] [OK] [SYNC] SELL filled on exchange
[09:16:12.821] [OK] [EXEC] FIFO CLOSE qty=0.061890 entry=80771.00 exit=80775.83 pnl=+0.298929
[09:16:12.821] [INFO] [EXEC] CHUNK DRAINED
[09:16:12.821] [OK] [EXEC] REALIZED pnl=+0.298929
[09:16:12.821] [INFO] [EXEC] SELL ACCOUNTING RESET flat
[09:16:12.821] [OK] [EXEC] CYCLE CLOSED pnl=+0.298929
[09:16:12.821] [INFO] [EXEC] SESSION realized=+0.225898 wins=1 losses=1
[09:16:13.156] [INFO] [HEALTH] state=GOOD
[09:16:13.416] [INFO] [EXEC] SELL ACCOUNTING RESET new_cycle
[09:16:13.416] [OK] [EXEC] BUY ORDER SENT orderId=384958668 price=80779.00 qty=0.061890
[09:16:13.416] [OK] [EXEC] PLACE BUY price=80779.00 qty=0.061890
