[16:59:10.218] [OK] filters loaded
[16:59:13.206] [OK] [PLAN] READY entry=81579.68 exit=81583.99 profit=0.528277 age=81ms
[16:59:17.273] [OK] [PLAN] HOT entry=81574.78 exit=81579.61 profit=0.592061 age=138ms
[16:59:25.807] [OK] [PLAN] HOT entry=81562.93 exit=81570.30 profit=0.903562 age=810ms
[16:59:27.889] [OK] [PLAN] HOT entry=81556.67 exit=81565.42 profit=1.072838 age=127ms
[16:59:47.582] [OK] [PLAN] HOT entry=81560.68 exit=81567.70 profit=0.860652 age=47ms
[16:59:50.299] [EXCHANGE] symbol=BTCU base=BTC quote=U status=TRADING permissions=[]
[16:59:50.304] [OK] START
[16:59:50.312] [INFO] [EXEC] LIVE ON
[16:59:50.313] [INFO] [EXEC] WAIT READY
[16:59:51.160] [WS] primary url=wss://stream.binance.com:9443/ws/btcu@bookTicker
[16:59:51.162] [WS] connecting primary
[16:59:51.162] [WS] connected
[16:59:51.264] [WS] LIVE bid=81560.23 ask=81566.47
[16:59:53.875] [OK] [EXEC] BUY ORDER SENT orderId=382954194 price=81562.23 qty=0.122600
[16:59:53.880] [OK] [EXEC] PLACE BUY price=81562.23 qty=0.122600
[16:59:55.908] [OK] [SYNC] order filled detected
[16:59:55.912] [OK] [SYNC] BUY filled on exchange
[16:59:56.439] [OK] [EXEC] PLACE SELL price=81563.77 qty=0.122600
[16:59:56.700] [OK] [EXEC] SELL ORDER SENT orderId=382954403
[16:59:56.705] [OK] [PLAN] READY entry=81560.35 exit=81563.77 profit=0.419292 age=3241ms
[16:59:56.706] [WS] LIVE bid=81556.06 ask=81565.77
[16:59:57.293] [INFO] [EXEC] RECOVERY WAIT hard_sl_pending_recovery
[17:00:00.337] [INFO] [EXEC] CYCLE SKIP no_fifo_pnl
[17:00:00.340] [OK] [EXEC] SELL PARTIAL delta=0.122600
[17:00:00.342] [OK] [EXEC] INVENTORY remaining=0.000000
[17:00:00.347] [OK] [EXEC] SELL FILLED id=382954403
[17:00:00.348] [OK] [EXEC] SELL FILLED qty=0.122600 remaining=0.000000
[17:00:00.349] [INFO] [EXEC] CYCLE SKIP no_fifo_pnl
[17:00:02.151] [OK] [EXEC] BUY ORDER SENT orderId=382954928 price=81561.78 qty=0.122600
[17:00:02.154] [OK] [EXEC] PLACE BUY price=81561.78 qty=0.122600
[17:00:02.157] [OK] [PLAN] HOT entry=81561.78 exit=81566.82 profit=0.617904 age=1761ms
[17:00:02.724] [WS] LIVE bid=81550.02 ask=81564.11
[17:00:06.432] [WS] LIVE bid=81586.17 ask=81593.65
[17:00:07.355] [WARNING] [EXEC] BUY TIMEOUT orderId=382954928
[17:00:07.359] [WARNING] [EXEC] CANCEL BUY orderId=382954928
[17:00:07.624] [OK] [EXEC] BUY CANCELED confirmed
[17:00:07.910] [INFO] [EXEC] BUY FINAL STATUS status=CANCELED orderId=382954928
[17:00:07.914] [WARNING] [EXEC] BLOCK reason=buy_not_filled
[17:00:08.829] [OK] [EXEC] BUY ORDER SENT orderId=382955748 price=81602.91 qty=0.122540
[17:00:08.834] [OK] [EXEC] PLACE BUY price=81602.91 qty=0.122540
[17:00:11.457] [OK] [EXEC] CHUNK ADD qty=0.122540 entry=81602.91
[17:00:11.460] [INFO] [EXEC] CHUNK COUNT n=1
[17:00:11.462] [OK] [EXEC] BUY PARTIAL delta=0.122540 total=0.122540
[17:00:11.463] [OK] [EXEC] BUY REMAINING qty=0.000000
[17:00:11.464] [OK] [EXEC] INVENTORY qty=0.122540
[17:00:11.465] [OK] [EXEC] BUY FILLED id=382955748
[17:00:11.467] [OK] [PLAN] HOT entry=81595.13 exit=81602.60 profit=0.915448 age=2504ms
[17:00:12.616] [OK] [SYNC] order filled detected
[17:00:12.618] [OK] [SYNC] BUY filled on exchange
[17:00:12.621] [WS] LIVE bid=81580.01 ask=81595.69
[17:00:13.127] [OK] [EXEC] PLACE SELL price=81602.95 qty=0.122540
[17:00:13.401] [OK] [EXEC] SELL ORDER SENT orderId=382956285
[17:00:14.139] [INFO] [EXEC] RECOVERY WAIT hard_sl_pending_recovery
[17:00:14.406] [OK] [EXEC] FIFO CLOSE qty=0.122540 entry=81602.91 exit=81602.95 pnl=+0.004902
[17:00:14.409] [INFO] [EXEC] CHUNK CLOSED entry=81602.91
[17:00:14.411] [OK] [EXEC] REALIZED pnl=+0.004902
[17:00:14.414] [OK] [EXEC] CYCLE CLOSED pnl=+0.004902
[17:00:14.416] [INFO] [EXEC] SESSION realized=+0.004902 wins=1 losses=0
[17:00:14.417] [OK] [EXEC] SELL PARTIAL delta=0.122540
[17:00:14.418] [OK] [EXEC] INVENTORY remaining=0.000000
[17:00:14.420] [OK] [EXEC] SELL FILLED id=382956285
[17:00:14.422] [OK] [EXEC] SELL FILLED qty=0.122540 remaining=0.000000
[17:00:14.423] [INFO] [EXEC] CYCLE SKIP no_fifo_pnl
[17:00:16.714] [WS] LIVE bid=81587.04 ask=81593.99
[17:00:17.718] [OK] [EXEC] BUY ORDER SENT orderId=382956594 price=81582.01 qty=0.122570
[17:00:17.722] [OK] [EXEC] PLACE BUY price=81582.01 qty=0.122570
[17:00:19.935] [OK] [PLAN] HOT entry=81584.02 exit=81589.65 profit=0.690069 age=2200ms
[17:00:20.661] [OK] [EXEC] CHUNK ADD qty=0.122570 entry=81582.01
[17:00:20.665] [INFO] [EXEC] CHUNK COUNT n=1
[17:00:20.666] [OK] [EXEC] BUY PARTIAL delta=0.122570 total=0.122570
[17:00:20.667] [OK] [EXEC] BUY REMAINING qty=0.000000
[17:00:20.668] [OK] [EXEC] INVENTORY qty=0.122570
[17:00:20.670] [OK] [EXEC] BUY FILLED id=382956594
[17:00:21.748] [OK] [SYNC] order filled detected
[17:00:21.750] [OK] [SYNC] BUY filled on exchange
[17:00:21.756] [WS] LIVE bid=81575.01 ask=81582.61
[17:00:21.949] [OK] [EXEC] PLACE SELL price=81582.05 qty=0.122570
[17:00:22.226] [OK] [EXEC] SELL ORDER SENT orderId=382956881
[17:00:24.439] [INFO] [EXEC] RECOVERY WAIT hard_sl_pending_recovery
[17:00:25.034] [WARNING] [EXEC] SELL TIMEOUT orderId=382956881
[17:00:25.038] [WARNING] [EXEC] CANCEL SELL orderId=382956881
[17:00:25.642] [INFO] [EXEC] SELL FINAL STATUS status=CANCELED orderId=382956881
[17:00:25.645] [INFO] [EXEC] SELL TIMEOUT check fast_exit
[17:00:25.648] [WARNING] [EXEC] FORCE EXIT hard_sl_triggered
[17:00:25.649] [ERROR] [EXEC] HARD SL triggered
[17:00:25.650] [WARNING] [EXEC] PANIC EXIT sl_mode
[17:00:25.651] [WARNING] [EXEC] FORCE EXIT price=81574.05
[17:00:25.652] [OK] [EXEC] PLACE SELL price=81574.05 qty=0.122570
[17:00:25.932] [WARNING] [EXEC] PANIC START price=81574.05
[17:00:25.936] [OK] [EXEC] SELL ORDER SENT orderId=382957005
[17:00:25.942] [OK] [PLAN] HOT entry=81568.13 exit=81573.05 profit=0.603143 age=329ms
[17:00:26.962] [WS] LIVE bid=81553.92 ask=81567.52
[17:00:27.245] [OK] [PLAN] READY entry=81554.07 exit=81558.38 profit=0.528449 age=2540ms
[17:00:29.650] [WARNING] [EXEC] PANIC WAIT still_open orderId=382957005
[17:00:29.653] [WARNING] [EXEC] PANIC HOLD active orderId=382957005
[17:00:32.658] [WS] LIVE bid=81543.03 ask=81553.86
[17:00:33.149] [WARNING] [EXEC] PANIC WAIT still_open orderId=382957005
[17:00:33.153] [WARNING] [EXEC] PANIC HOLD active orderId=382957005
[17:00:33.158] [OK] [PLAN] HOT entry=81545.27 exit=81550.30 profit=0.616829 age=1555ms
[17:00:34.731] [WARNING] [EXEC] PANIC HOLD active orderId=382957005
[17:00:36.290] [WARNING] [EXEC] PANIC WAIT still_open orderId=382957005
[17:00:36.293] [WARNING] [EXEC] PANIC HOLD active orderId=382957005
[17:00:37.449] [WS] LIVE bid=81522.01 ask=81529.85
[17:00:38.327] [WARNING] [EXEC] PANIC HOLD active orderId=382957005
[17:00:38.333] [OK] [PLAN] READY entry=81528.07 exit=81532.54 profit=0.548246 age=6713ms
[17:00:39.717] [WARNING] [EXEC] PANIC WAIT still_open orderId=382957005
[17:00:39.720] [WARNING] [EXEC] PANIC HOLD active orderId=382957005
[17:00:39.723] [OK] [PLAN] HOT entry=81527.90 exit=81533.16 profit=0.645139 age=8121ms
[17:00:41.756] [WS] LIVE bid=81523.47 ask=81530.00
[17:00:42.224] [WARNING] [EXEC] PANIC HOLD active orderId=382957005
[17:00:42.230] [OK] [PLAN] READY entry=81524.00 exit=81527.21 profit=0.393739 age=10627ms
[17:00:44.569] [WARNING] [EXEC] PANIC WAIT still_open orderId=382957005
[17:00:44.572] [WARNING] [EXEC] PANIC HOLD active orderId=382957005
[17:00:45.353] [WARNING] [EXEC] PANIC STALE detected orderId=382957005
[17:00:45.356] [WARNING] [EXEC] PANIC ESCALATE old=81574.05 new=81507.29 qty=0.122570
[17:00:46.163] [WARNING] [EXEC] PANIC ESCALATE placed orderId=382958692
[17:00:47.244] [WS] LIVE bid=81498.01 ask=81506.87
[17:00:48.077] [WARNING] [EXEC] PANIC WAIT still_open orderId=382958692
[17:00:48.080] [WARNING] [EXEC] PANIC HOLD active orderId=382958692
[17:00:48.084] [OK] [PLAN] HOT entry=81500.00 exit=81504.87 profit=0.597500 age=2715ms
[17:00:49.744] [WARNING] [EXEC] PANIC HOLD active orderId=382958692
[17:00:49.751] [OK] [PLAN] READY entry=81500.00 exit=81504.11 profit=0.504256 age=4391ms
[17:00:50.669] [OK] [EXEC] FIFO CLOSE qty=0.122570 entry=81582.01 exit=81507.28 pnl=-9.159656
[17:00:50.673] [INFO] [EXEC] CHUNK CLOSED entry=81582.01
[17:00:50.675] [OK] [EXEC] REALIZED pnl=-9.159656
[17:00:50.678] [OK] [EXEC] CYCLE CLOSED pnl=-9.159656
[17:00:50.680] [INFO] [EXEC] SESSION realized=-9.154755 wins=1 losses=1
[17:00:50.681] [OK] [EXEC] SELL PARTIAL delta=0.122570
[17:00:50.682] [OK] [EXEC] INVENTORY remaining=0.000000
[17:00:50.683] [OK] [EXEC] SELL FILLED id=382958692
[17:00:50.684] [OK] [EXEC] SELL FILLED qty=0.122570 remaining=0.000000
[17:00:50.685] [OK] [EXEC] PANIC FILLED
[17:00:50.686] [INFO] [EXEC] PANIC RESET
[17:00:50.687] [INFO] [EXEC] CYCLE SKIP no_fifo_pnl
[17:00:50.689] [OK] [PLAN] HOT entry=81494.79 exit=81500.78 profit=0.734973 age=5313ms
[17:00:52.087] [WS] LIVE bid=81492.79 ask=81500.36
[17:00:53.191] [OK] [EXEC] BUY ORDER SENT orderId=382959282 price=81494.79 qty=0.122700
[17:00:53.195] [OK] [EXEC] PLACE BUY price=81494.79 qty=0.122700
[17:00:53.483] [OK] [PLAN] HOT entry=81496.80 exit=81503.62 profit=0.836814 age=298ms
[17:00:53.801] [OK] [EXEC] CHUNK ADD qty=0.122700 entry=81494.79
[17:00:53.805] [INFO] [EXEC] CHUNK COUNT n=1
[17:00:53.806] [OK] [EXEC] BUY PARTIAL delta=0.122700 total=0.122700
[17:00:53.807] [OK] [EXEC] BUY REMAINING qty=0.000000
[17:00:53.808] [OK] [EXEC] INVENTORY qty=0.122700
[17:00:53.810] [OK] [EXEC] BUY FILLED id=382959282
[17:00:53.814] [OK] [PLAN] READY entry=81496.80 exit=81500.44 profit=0.446628 age=618ms
[17:00:55.334] [OK] [SYNC] order filled detected
[17:00:55.337] [OK] [SYNC] BUY filled on exchange
[17:00:55.403] [OK] [EXEC] PLACE SELL price=81496.53 qty=0.122700
[17:00:55.676] [OK] [EXEC] SELL ORDER SENT orderId=382959505
[17:00:55.683] [OK] [PLAN] HOT entry=81492.02 exit=81496.53 profit=0.553422 age=2483ms
[17:00:56.965] [WS] LIVE bid=81491.50 ask=81496.53
[17:00:56.967] [INFO] [EXEC] RECOVERY WAIT hard_sl_pending_recovery
[17:00:57.230] [OK] [EXEC] FIFO CLOSE qty=0.000070 entry=81494.79 exit=81496.53 pnl=+0.000122
[17:00:57.234] [OK] [EXEC] REALIZED pnl=+0.000122
[17:00:57.237] [OK] [EXEC] SELL PARTIAL delta=0.000070
[17:00:57.239] [OK] [EXEC] INVENTORY remaining=0.122630
[17:00:58.252] [OK] [SYNC] order filled detected
[17:00:58.255] [OK] [SYNC] SELL filled on exchange
[17:00:58.256] [OK] [EXEC] FIFO CLOSE qty=0.122630 entry=81494.79 exit=81496.53 pnl=+0.213376
[17:00:58.257] [INFO] [EXEC] CHUNK CLOSED entry=81494.79
[17:00:58.258] [OK] [EXEC] REALIZED pnl=+0.213376
[17:00:58.259] [OK] [EXEC] CYCLE CLOSED pnl=+0.213498
[17:00:58.260] [INFO] [EXEC] SESSION realized=-8.941257 wins=2 losses=1
[17:01:01.696] [OK] [EXEC] BUY ORDER SENT orderId=382959774 price=81495.96 qty=0.122700
[17:01:01.700] [OK] [EXEC] PLACE BUY price=81495.96 qty=0.122700
[17:01:02.233] [OK] [EXEC] CHUNK ADD qty=0.122700 entry=81495.96
[17:01:02.237] [INFO] [EXEC] CHUNK COUNT n=1
[17:01:02.239] [OK] [EXEC] BUY PARTIAL delta=0.122700 total=0.122700
[17:01:02.242] [OK] [EXEC] BUY REMAINING qty=0.000000
[17:01:02.244] [OK] [EXEC] INVENTORY qty=0.122700
[17:01:02.246] [OK] [EXEC] BUY FILLED id=382959774
[17:01:02.250] [OK] [PLAN] HOT entry=81494.89 exit=81499.69 profit=0.588960 age=540ms
[17:01:02.811] [OK] [SYNC] order filled detected
[17:01:02.814] [OK] [SYNC] BUY filled on exchange
[17:01:03.372] [WS] LIVE bid=81492.89 ask=81501.69
[17:01:03.749] [WARNING] [EXEC] BLOCK reason=no_position_to_sell
[17:01:06.259] [WARNING] [EXEC] BLOCK reason=position_open_no_new_buy
[17:01:07.279] [OK] [PLAN] HOT entry=81495.69 exit=81502.97 profit=0.893256 age=627ms
[17:01:07.555] [WS] LIVE bid=81493.69 ask=81499.58
[17:01:10.093] [WARNING] [EXEC] BLOCK reason=position_open_no_new_buy
[17:01:10.755] [OK] [PLAN] HOT entry=81468.01 exit=81474.19 profit=0.758533 age=661ms
[17:01:13.142] [WS] LIVE bid=81466.01 ask=81473.10
[17:01:13.212] [WARNING] [EXEC] BLOCK reason=position_open_no_new_buy
[17:01:13.218] [OK] [PLAN] READY entry=81468.01 exit=81471.20 profit=0.391541 age=373ms
[17:01:14.097] [OK] [PLAN] HOT entry=81444.84 exit=81458.22 profit=1.642796 age=1255ms
[17:01:16.655] [WARNING] [EXEC] BLOCK reason=position_open_no_new_buy
[17:01:17.598] [WS] LIVE bid=81437.46 ask=81446.79
[17:01:19.645] [OK] [PLAN] HOT entry=81427.00 exit=81433.23 profit=0.765044 age=1334ms
[17:01:20.093] [WARNING] [EXEC] BLOCK reason=position_open_no_new_buy
[17:01:21.344] [OK] [PLAN] READY entry=81436.00 exit=81439.20 profit=0.392928 age=3031ms
[17:01:22.277] [OK] [PLAN] HOT entry=81437.18 exit=81446.23 profit=1.111250 age=3965ms
[17:01:23.609] [WARNING] [EXEC] BLOCK reason=position_open_no_new_buy
[17:01:23.615] [WS] LIVE bid=81430.06 ask=81450.00
[17:01:25.424] [OK] [PLAN] READY entry=81465.91 exit=81470.21 profit=0.527825 age=7114ms
[17:01:26.715] [WARNING] [EXEC] BLOCK reason=position_open_no_new_buy
[17:01:27.421] [OK] [PLAN] HOT entry=81474.68 exit=81482.77 profit=0.992886 age=9110ms
[17:01:27.742] [WS] LIVE bid=81472.68 ask=81484.77
[17:01:29.140] [OK] [PLAN] READY entry=81477.48 exit=81481.46 profit=0.488465 age=10828ms
[17:01:30.086] [WARNING] [EXEC] BLOCK reason=position_open_no_new_buy
[17:01:31.520] [WARNING] cancel all requested
[17:01:31.523] [WARNING] STOP
[17:01:31.528] [OK] [PLAN] HOT entry=81460.84 exit=81468.84 profit=0.982000 age=501ms
[17:01:32.311] [WS] stale/lost
[17:01:32.980] [OK] [PLAN] READY entry=81468.01 exit=81472.00 profit=0.489733 age=1953ms
[17:01:41.036] [OK] [PLAN] READY entry=81451.24 exit=81455.67 profit=0.543871 age=223ms
[17:01:41.973] [OK] [PLAN] HOT entry=81444.76 exit=81455.99 profit=1.378819 age=1161ms
