[13:48:47.400] [OK] filters loaded
[13:48:50.955] [OK] [PLAN] HOT entry=80998.46 exit=81007.70 profit=0.798521 age=784ms
[13:48:55.669] [OK] [PLAN] HOT entry=81002.76 exit=81012.17 profit=0.813118 age=437ms
[13:48:56.571] [OK] [PLAN] READY entry=81004.00 exit=81007.99 profit=0.344776 age=1342ms
[13:49:00.772] [OK] [PLAN] HOT entry=81002.06 exit=81007.99 profit=0.512411 age=802ms
[13:49:04.366] [OK] [PLAN] HOT entry=80999.85 exit=81005.19 profit=0.461429 age=512ms
[13:49:06.427] [OK] [PLAN] READY entry=80997.73 exit=81001.40 profit=0.317161 age=559ms
[13:49:07.324] [OK] [PLAN] HOT entry=81000.61 exit=81010.14 profit=0.823487 age=1453ms
[13:49:09.467] [OK] [PLAN] READY entry=80996.01 exit=80999.59 profit=0.309384 age=1020ms
[13:49:10.506] [OK] [PLAN] HOT entry=80997.84 exit=81007.99 profit=0.877163 age=2046ms
[13:49:15.947] [OK] [PLAN] HOT entry=80988.00 exit=80996.08 profit=0.698354 age=1021ms
[13:49:21.756] [OK] [SETTINGS] settings saved
[13:49:24.507] [EXCHANGE] symbol=BTCU base=BTC quote=U status=TRADING permissions=[]
[13:49:24.525] [OK] START
[13:49:25.295] [INFO] [EXEC] LIVE ON
[13:49:25.297] [INFO] [EXEC] WAIT READY
[13:49:25.302] [WS] primary url=wss://stream.binance.com:9443/ws/btcu@bookTicker
[13:49:25.303] [WS] connecting primary
[13:49:25.585] [WS] connected
[13:49:27.086] [OK] [EXEC] BUY ORDER SENT orderId=382095730 price=80980.14 qty=0.185230
[13:49:27.102] [OK] [EXEC] PLACE BUY price=80980.14 qty=0.185230
[13:49:27.102] [WS] LIVE bid=80987.48 ask=80993.57
[13:49:31.351] [WS] LIVE bid=80985.66 ask=80991.64
[13:49:32.803] [WARNING] [EXEC] BUY TIMEOUT orderId=382095730
[13:49:32.803] [WARNING] [EXEC] CANCEL BUY orderId=382095730
[13:49:33.085] [OK] [EXEC] BUY CANCELED confirmed
[13:49:33.357] [INFO] [EXEC] BUY FINAL STATUS status=CANCELED orderId=382095730
[13:49:33.360] [WARNING] [EXEC] BLOCK reason=buy_not_filled
[13:49:35.073] [OK] [EXEC] BUY ORDER SENT orderId=382096397 price=80988.00 qty=0.185210
[13:49:35.073] [OK] [EXEC] PLACE BUY price=80988.00 qty=0.185210
[13:49:35.600] [OK] [SYNC] order filled detected
[13:49:35.600] [OK] [SYNC] BUY filled on exchange
[13:49:35.878] [OK] [EXEC] PLACE SELL price=80988.04 qty=0.185210
[13:49:36.149] [OK] [EXEC] SELL ORDER SENT orderId=382096487
[13:49:36.153] [OK] [PLAN] READY entry=80983.86 exit=80987.40 profit=0.655679 age=1107ms
[13:49:36.652] [WS] LIVE bid=80985.18 ask=80994.00
[13:49:36.664] [WARNING] [EXEC] CANCEL SELL orderId=382096487
[13:49:36.935] [ERROR] [EXEC] HARD SL triggered
[13:49:36.939] [WARNING] [EXEC] PANIC EXIT sl_mode
[13:49:36.941] [WARNING] [EXEC] FORCE EXIT price=80992.13
[13:49:36.942] [OK] [EXEC] PLACE SELL price=80992.13 qty=0.185210
[13:49:37.204] [ERROR] [EXEC] PANIC SELL FAILED reason=Binance request failed status=400 code=-2010 msg=Account has insufficient balance for requested action. body={"code":-2010,"msg":"Account has insufficient balance for requested action."}
[13:49:38.225] [OK] [SYNC] order filled detected
[13:49:38.225] [OK] [SYNC] SELL filled on exchange
[13:49:38.225] [OK] [EXEC] REALIZED pnl=+0.007408
[13:49:38.520] [OK] [EXEC] BUY ORDER SENT orderId=382096726 price=80991.64 qty=0.185200
[13:49:38.525] [OK] [EXEC] PLACE BUY price=80991.64 qty=0.185200
[13:49:38.530] [OK] [PLAN] HOT entry=80991.64 exit=80997.18 profit=1.026008 age=3485ms
[13:49:39.521] [OK] [SYNC] order filled detected
[13:49:39.523] [OK] [SYNC] BUY filled on exchange
[13:49:39.939] [OK] [EXEC] PLACE SELL price=80991.68 qty=0.185200
[13:49:40.203] [OK] [EXEC] SELL ORDER SENT orderId=382096951
[13:49:40.787] [WARNING] [EXEC] CANCEL SELL orderId=382096951
[13:49:41.058] [ERROR] [EXEC] HARD SL triggered
[13:49:41.061] [WARNING] [EXEC] PANIC EXIT sl_mode
[13:49:41.063] [WARNING] [EXEC] FORCE EXIT price=80990.62
[13:49:41.065] [OK] [EXEC] PLACE SELL price=80990.62 qty=0.185200
[13:49:41.319] [ERROR] [EXEC] PANIC SELL FAILED reason=Binance request failed status=400 code=-2010 msg=Account has insufficient balance for requested action. body={"code":-2010,"msg":"Account has insufficient balance for requested action."}
[13:49:42.396] [OK] [SYNC] order filled detected
[13:49:42.412] [OK] [SYNC] SELL filled on exchange
[13:49:42.412] [OK] [EXEC] REALIZED pnl=+0.007408
[13:49:42.680] [WS] LIVE bid=80990.82 ask=80998.24
[13:49:43.834] [OK] [EXEC] BUY ORDER SENT orderId=382097319 price=80995.45 qty=0.185190
[13:49:43.842] [OK] [EXEC] PLACE BUY price=80995.45 qty=0.185190
[13:49:46.445] [WS] LIVE bid=81008.08 ask=81014.53
[13:49:48.631] [WARNING] [EXEC] BUY TIMEOUT orderId=382097319
[13:49:48.632] [WARNING] [EXEC] CANCEL BUY orderId=382097319
[13:49:48.892] [OK] [EXEC] BUY CANCELED confirmed
[13:49:49.165] [INFO] [EXEC] BUY FINAL STATUS status=CANCELED orderId=382097319
[13:49:49.168] [WARNING] [EXEC] BLOCK reason=buy_not_filled
[13:49:52.256] [OK] [EXEC] BUY ORDER SENT orderId=382097855 price=81007.74 qty=0.185160
[13:49:52.256] [OK] [EXEC] PLACE BUY price=81007.74 qty=0.185160
[13:49:53.083] [OK] [SYNC] order filled detected
[13:49:53.085] [OK] [SYNC] BUY filled on exchange
[13:49:53.086] [WS] LIVE bid=81010.00 ask=81014.53
[13:49:53.132] [OK] [EXEC] PLACE SELL price=81013.35 qty=0.185160
[13:49:53.398] [OK] [EXEC] SELL ORDER SENT orderId=382097943
[13:49:53.405] [OK] [PLAN] HOT entry=81004.42 exit=81013.35 profit=1.653568 age=1157ms
[13:49:53.460] [WARNING] [EXEC] CANCEL SELL orderId=382097943
[13:49:53.725] [ERROR] [EXEC] HARD SL triggered
[13:49:53.725] [WARNING] [EXEC] PANIC EXIT sl_mode
[13:49:53.725] [WARNING] [EXEC] FORCE EXIT price=81012.34
[13:49:53.725] [OK] [EXEC] PLACE SELL price=81012.34 qty=0.185160
[13:49:54.007] [OK] [EXEC] SELL ORDER SENT orderId=382097997
[13:49:57.273] [WARNING] [EXEC] SELL TIMEOUT orderId=382097997
[13:49:57.273] [WARNING] [EXEC] CANCEL SELL orderId=382097997
[13:49:57.811] [INFO] [EXEC] SELL FINAL STATUS status=CANCELED orderId=382097997
[13:49:57.815] [WARNING] [EXEC] PANIC EXIT final_recover_place_sell
[13:49:57.815] [WARNING] [EXEC] PANIC EXIT panic_final_recover
[13:49:57.816] [WARNING] [EXEC] FORCE EXIT price=81007.52
[13:49:57.817] [OK] [EXEC] PLACE SELL price=81007.52 qty=0.185160
[13:49:58.104] [OK] [EXEC] SELL ORDER SENT orderId=382098182
[13:49:58.109] [OK] [PLAN] READY entry=81002.76 exit=81006.52 profit=0.696239 age=5040ms
[13:49:59.120] [OK] [SYNC] order filled detected
[13:49:59.123] [OK] [SYNC] SELL filled on exchange
[13:49:59.124] [OK] [EXEC] REALIZED pnl=-0.040735
[13:49:59.125] [WS] LIVE bid=81002.00 ask=81012.33
[13:49:59.739] [OK] [EXEC] BUY ORDER SENT orderId=382098466 price=81007.55 qty=0.185160
[13:49:59.744] [OK] [EXEC] PLACE BUY price=81007.55 qty=0.185160
[13:50:00.632] [OK] [PLAN] HOT entry=81024.29 exit=81030.29 profit=1.110720 age=8391ms
[13:50:01.636] [OK] [SYNC] order filled detected
[13:50:01.639] [OK] [SYNC] BUY filled on exchange
[13:50:02.205] [OK] [EXEC] PLACE SELL price=81008.59 qty=0.185160
[13:50:02.476] [OK] [EXEC] SELL ORDER SENT orderId=382098876
[13:50:02.972] [WS] LIVE bid=81000.76 ask=81006.23
[13:50:04.319] [OK] [EXEC] SELL FILLED id=382098876
[13:50:04.319] [OK] [EXEC] SELL FILLED qty=0.185160 remaining=0.000000
[13:50:04.319] [OK] [EXEC] REALIZED pnl=+0.192566
[13:50:04.319] [OK] [PLAN] READY entry=81002.30 exit=81006.59 profit=0.794379 age=12079ms
[13:50:05.033] [OK] [EXEC] BUY ORDER SENT orderId=382099189 price=81002.77 qty=0.185170
[13:50:05.039] [OK] [EXEC] PLACE BUY price=81002.77 qty=0.185170
[13:50:05.046] [OK] [PLAN] HOT entry=81002.77 exit=81023.99 profit=3.929307 age=12797ms
[13:50:06.640] [OK] [PLAN] READY entry=81012.01 exit=81016.00 profit=0.738749 age=14377ms
[13:50:07.654] [WS] LIVE bid=81010.01 ask=81023.15
[13:50:08.196] [OK] [PLAN] HOT entry=81029.89 exit=81035.07 profit=0.958870 age=15954ms
[13:50:09.788] [WARNING] [EXEC] BUY TIMEOUT orderId=382099189
[13:50:09.805] [WARNING] [EXEC] CANCEL BUY orderId=382099189
[13:50:10.069] [OK] [EXEC] BUY CANCELED confirmed
[13:50:10.336] [INFO] [EXEC] BUY FINAL STATUS status=CANCELED orderId=382099189
[13:50:10.340] [WARNING] [EXEC] BLOCK reason=buy_not_filled
[13:50:12.351] [OK] [EXEC] BUY ORDER SENT orderId=382099913 price=81039.01 qty=0.185090
[13:50:12.351] [OK] [EXEC] PLACE BUY price=81039.01 qty=0.185090
[13:50:13.154] [OK] [SYNC] order filled detected
[13:50:13.156] [OK] [SYNC] BUY filled on exchange
[13:50:13.159] [WS] LIVE bid=81037.00 ask=81041.53
[13:50:13.352] [OK] [EXEC] PLACE SELL price=81039.99 qty=0.185090
[13:50:13.617] [OK] [EXEC] SELL ORDER SENT orderId=382100006
[13:50:14.645] [OK] [SYNC] order filled detected
[13:50:14.647] [OK] [SYNC] SELL filled on exchange
[13:50:14.647] [OK] [EXEC] REALIZED pnl=+0.181388
[13:50:15.866] [OK] [EXEC] BUY ORDER SENT orderId=382100069 price=81036.56 qty=0.185100
[13:50:15.871] [OK] [EXEC] PLACE BUY price=81036.56 qty=0.185100
[13:50:16.754] [OK] [EXEC] BUY FILLED id=382100069
[13:50:18.240] [OK] [SYNC] order filled detected
[13:50:18.240] [OK] [SYNC] BUY filled on exchange
[13:50:18.240] [WS] LIVE bid=81026.01 ask=81038.90
[13:50:18.380] [OK] [EXEC] PLACE SELL price=81036.60 qty=0.185100
[13:50:18.647] [OK] [EXEC] SELL ORDER SENT orderId=382100287
[13:50:20.258] [WARNING] [EXEC] CANCEL SELL orderId=382100287
[13:50:20.529] [ERROR] [EXEC] HARD SL triggered
[13:50:20.531] [WARNING] [EXEC] PANIC EXIT sl_mode
[13:50:20.534] [WARNING] [EXEC] FORCE EXIT price=81033.00
[13:50:20.536] [OK] [EXEC] PLACE SELL price=81033.00 qty=0.185100
[13:50:20.787] [OK] [EXEC] SELL ORDER SENT orderId=382100421
[13:50:22.128] [WS] LIVE bid=81028.57 ask=81033.00
[13:50:22.946] [OK] [PLAN] READY entry=81025.99 exit=81029.20 profit=0.594235 age=2424ms
[13:50:24.288] [WARNING] [EXEC] SELL TIMEOUT orderId=382100421
[13:50:24.304] [WARNING] [EXEC] CANCEL SELL orderId=382100421
[13:50:24.831] [INFO] [EXEC] SELL FINAL STATUS status=CANCELED orderId=382100421
[13:50:24.835] [WARNING] [EXEC] PANIC EXIT final_recover_place_sell
[13:50:24.835] [WARNING] [EXEC] PANIC EXIT panic_final_recover
[13:50:24.843] [WARNING] [EXEC] FORCE EXIT price=81023.08
[13:50:24.844] [OK] [EXEC] PLACE SELL price=81023.08 qty=0.185100
[13:50:25.100] [OK] [EXEC] SELL ORDER SENT orderId=382100770
[13:50:26.693] [OK] [SYNC] order filled detected
[13:50:26.693] [OK] [SYNC] SELL filled on exchange
[13:50:26.693] [OK] [EXEC] REALIZED pnl=-2.495148
[13:50:27.479] [OK] [EXEC] BUY ORDER SENT orderId=382100998 price=81012.01 qty=0.185150
[13:50:27.483] [OK] [EXEC] PLACE BUY price=81012.01 qty=0.185150
[13:50:27.489] [WS] LIVE bid=81018.22 ask=81024.89
[13:50:29.273] [OK] [SYNC] order filled detected
[13:50:29.275] [OK] [SYNC] BUY filled on exchange
[13:50:29.413] [OK] [EXEC] PLACE SELL price=81012.05 qty=0.185150
[13:50:29.679] [OK] [EXEC] SELL ORDER SENT orderId=382101238
[13:50:30.962] [OK] [PLAN] HOT entry=81000.88 exit=81005.52 profit=0.859235 age=1284ms
[13:50:32.240] [WS] LIVE bid=80987.06 ask=80992.41
[13:50:32.549] [WARNING] [EXEC] SELL TIMEOUT orderId=382101238
[13:50:32.553] [WARNING] [EXEC] CANCEL SELL orderId=382101238
[13:50:33.085] [INFO] [EXEC] SELL FINAL STATUS status=CANCELED orderId=382101238
[13:50:33.085] [WARNING] [EXEC] PANIC EXIT final_recover_place_sell
[13:50:33.085] [WARNING] [EXEC] PANIC EXIT panic_final_recover
[13:50:33.085] [WARNING] [EXEC] FORCE EXIT price=81001.08
[13:50:33.085] [OK] [EXEC] PLACE SELL price=81001.08 qty=0.185150
[13:50:33.350] [OK] [EXEC] SELL ORDER SENT orderId=382101523
[13:50:34.742] [OK] [PLAN] READY entry=80989.50 exit=80992.61 profit=0.575972 age=5079ms
[13:50:35.507] [WARNING] [EXEC] SELL TIMEOUT orderId=382101523
[13:50:35.507] [WARNING] [EXEC] CANCEL SELL orderId=382101523
[13:50:36.102] [INFO] [EXEC] SELL FINAL STATUS status=CANCELED orderId=382101523
[13:50:36.106] [WARNING] [EXEC] PANIC EXIT final_recover_place_sell
[13:50:36.107] [WARNING] [EXEC] PANIC EXIT panic_final_recover
[13:50:36.110] [WARNING] [EXEC] FORCE EXIT price=80992.58
[13:50:36.112] [OK] [EXEC] PLACE SELL price=80992.58 qty=0.185150
[13:50:36.365] [OK] [EXEC] SELL ORDER SENT orderId=382101784
[13:50:36.909] [OK] [SYNC] order filled detected
[13:50:36.911] [OK] [SYNC] SELL filled on exchange
[13:50:36.912] [OK] [EXEC] REALIZED pnl=-3.597465
[13:50:37.210] [WS] LIVE bid=80997.66 ask=81002.00
[13:50:38.038] [OK] [EXEC] BUY ORDER SENT orderId=382101900 price=80999.67 qty=0.185180
[13:50:38.045] [OK] [EXEC] PLACE BUY price=80999.67 qty=0.185180
[13:50:39.559] [OK] [EXEC] BUY FILLED id=382101900
[13:50:39.564] [OK] [PLAN] HOT entry=80999.48 exit=81004.15 profit=0.864791 age=1524ms
[13:50:40.091] [OK] [SYNC] order filled detected
[13:50:40.094] [OK] [SYNC] BUY filled on exchange
[13:50:40.131] [OK] [EXEC] PLACE SELL price=80999.71 qty=0.185180
[13:50:40.397] [OK] [EXEC] SELL ORDER SENT orderId=382102081
[13:50:42.180] [WARNING] [EXEC] CANCEL SELL orderId=382102081
[13:50:42.455] [ERROR] [EXEC] HARD SL triggered
[13:50:42.459] [WARNING] [EXEC] PANIC EXIT sl_mode
[13:50:42.460] [WARNING] [EXEC] FORCE EXIT price=80993.00
[13:50:42.462] [OK] [EXEC] PLACE SELL price=80993.00 qty=0.185180
[13:50:42.725] [OK] [EXEC] SELL ORDER SENT orderId=382102192
[13:50:43.490] [WS] LIVE bid=80989.34 ask=80994.88
[13:50:43.848] [OK] [EXEC] SELL FILLED id=382102192
[13:50:43.855] [OK] [EXEC] SELL FILLED qty=0.185180 remaining=0.000000
[13:50:43.856] [OK] [EXEC] REALIZED pnl=-1.235151
[13:50:46.052] [OK] [EXEC] BUY ORDER SENT orderId=382102336 price=80989.73 qty=0.185200
[13:50:46.056] [OK] [EXEC] PLACE BUY price=80989.73 qty=0.185200
[13:50:47.060] [OK] [SYNC] order filled detected
[13:50:47.063] [OK] [SYNC] BUY filled on exchange
[13:50:47.616] [OK] [EXEC] PLACE SELL price=80989.77 qty=0.185200
[13:50:47.881] [OK] [EXEC] SELL ORDER SENT orderId=382102605
[13:50:47.881] [OK] [PLAN] HOT entry=80957.86 exit=80979.05 profit=3.926083 age=1828ms
[13:50:48.370] [WS] LIVE bid=80963.07 ask=80981.05
[13:50:50.484] [OK] [PLAN] READY entry=80967.87 exit=80971.92 profit=0.750263 age=4430ms
[13:50:52.301] [WARNING] [EXEC] SELL TIMEOUT orderId=382102605
[13:50:52.306] [WARNING] [EXEC] CANCEL SELL orderId=382102605
[13:50:52.833] [INFO] [EXEC] SELL FINAL STATUS status=FILLED orderId=382102605
[13:50:52.837] [OK] [EXEC] SELL FILLED id=382102605
[13:50:52.838] [OK] [EXEC] SELL FILLED qty=0.185200 remaining=0.000000
[13:50:52.839] [OK] [EXEC] REALIZED pnl=+0.005556
[13:50:53.593] [WS] LIVE bid=80973.48 ask=80996.43
[13:50:53.928] [OK] [EXEC] BUY ORDER SENT orderId=382103109 price=80982.72 qty=0.185220
[13:50:53.929] [OK] [EXEC] PLACE BUY price=80982.72 qty=0.185220
[13:50:54.457] [OK] [SYNC] order filled detected
[13:50:54.460] [OK] [SYNC] BUY filled on exchange
[13:50:55.428] [OK] [EXEC] PLACE SELL price=80982.76 qty=0.185220
[13:50:55.694] [OK] [EXEC] SELL ORDER SENT orderId=382103275
[13:50:56.853] [OK] [SYNC] order filled detected
[13:50:56.855] [OK] [SYNC] SELL filled on exchange
[13:50:56.856] [OK] [EXEC] REALIZED pnl=+0.007409
[13:50:57.949] [WS] LIVE bid=80974.92 ask=80980.42
[13:50:58.959] [OK] [EXEC] BUY ORDER SENT orderId=382103434 price=80972.01 qty=0.185240
[13:50:58.962] [OK] [EXEC] PLACE BUY price=80972.01 qty=0.185240
[13:51:00.614] [OK] [SYNC] order filled detected
[13:51:00.618] [OK] [SYNC] BUY filled on exchange
[13:51:00.897] [OK] [EXEC] PLACE SELL price=80972.05 qty=0.185240
[13:51:01.162] [OK] [EXEC] SELL ORDER SENT orderId=382103661
[13:51:01.167] [OK] [PLAN] HOT entry=80946.37 exit=80953.23 profit=1.271158 age=1563ms
[13:51:02.573] [WS] LIVE bid=80938.00 ask=80951.47
[13:51:04.600] [WARNING] [EXEC] SELL TIMEOUT orderId=382103661
[13:51:04.615] [WARNING] [EXEC] CANCEL SELL orderId=382103661
[13:51:05.131] [INFO] [EXEC] SELL FINAL STATUS status=CANCELED orderId=382103661
[13:51:05.147] [WARNING] [EXEC] PANIC EXIT final_recover_place_sell
[13:51:05.147] [WARNING] [EXEC] PANIC EXIT panic_final_recover
[13:51:05.147] [WARNING] [EXEC] FORCE EXIT price=80944.24
[13:51:05.147] [OK] [EXEC] PLACE SELL price=80944.24 qty=0.185240
[13:51:05.423] [OK] [EXEC] SELL ORDER SENT orderId=382104303
[13:51:05.953] [OK] [SYNC] order filled detected
[13:51:05.956] [OK] [SYNC] SELL filled on exchange
[13:51:05.956] [OK] [EXEC] REALIZED pnl=-5.098760
[13:51:08.350] [OK] [EXEC] BUY ORDER SENT orderId=382104622 price=80963.13 qty=0.185260
[13:51:08.350] [OK] [EXEC] PLACE BUY price=80963.13 qty=0.185260
[13:51:08.888] [OK] [SYNC] order filled detected
[13:51:08.904] [OK] [SYNC] BUY filled on exchange
[13:51:08.904] [WS] LIVE bid=80954.04 ask=80969.88
[13:51:09.483] [OK] [EXEC] PLACE SELL price=80966.65 qty=0.185260
[13:51:09.751] [OK] [EXEC] SELL ORDER SENT orderId=382104689
[13:51:09.758] [OK] [PLAN] HOT entry=80959.58 exit=80966.65 profit=1.309859 age=1407ms
[13:51:10.601] [OK] [PLAN] READY entry=80960.37 exit=80964.45 profit=0.755902 age=2259ms
[13:51:12.834] [WARNING] [EXEC] SELL TIMEOUT orderId=382104689
[13:51:12.838] [WARNING] [EXEC] CANCEL SELL orderId=382104689
[13:51:13.365] [INFO] [EXEC] SELL FINAL STATUS status=CANCELED orderId=382104689
[13:51:13.368] [WARNING] [EXEC] PANIC EXIT final_recover_place_sell
[13:51:13.369] [WARNING] [EXEC] PANIC EXIT panic_final_recover
[13:51:13.371] [WARNING] [EXEC] FORCE EXIT price=80958.83
[13:51:13.374] [OK] [EXEC] PLACE SELL price=80958.83 qty=0.185260
[13:51:13.636] [OK] [EXEC] SELL ORDER SENT orderId=382105053
[13:51:13.643] [OK] [PLAN] HOT entry=80951.16 exit=80957.83 profit=1.235884 age=4495ms
[13:51:14.136] [WS] LIVE bid=80950.11 ask=80961.47
[13:51:14.756] [OK] [SYNC] order filled detected
[13:51:14.756] [OK] [SYNC] SELL filled on exchange
[13:51:14.772] [OK] [EXEC] REALIZED pnl=-0.785121
[13:51:15.035] [OK] [EXEC] BUY ORDER SENT orderId=382105236 price=80954.18 qty=0.185280
[13:51:15.039] [OK] [EXEC] PLACE BUY price=80954.18 qty=0.185280
[13:51:16.321] [OK] [EXEC] BUY FILLED id=382105236
[13:51:16.849] [OK] [SYNC] order filled detected
[13:51:16.852] [OK] [SYNC] BUY filled on exchange
[13:51:16.913] [OK] [EXEC] PLACE SELL price=80956.85 qty=0.185280
[13:51:17.178] [OK] [EXEC] SELL ORDER SENT orderId=382105424
[13:51:18.198] [WS] LIVE bid=80941.66 ask=80950.06
[13:51:19.360] [OK] [SYNC] order filled detected
[13:51:19.362] [OK] [SYNC] SELL filled on exchange
[13:51:19.363] [OK] [EXEC] REALIZED pnl=+0.494698
[13:51:21.948] [OK] [EXEC] BUY ORDER SENT orderId=382105929 price=80968.46 qty=0.185250
[13:51:21.953] [OK] [EXEC] PLACE BUY price=80968.46 qty=0.185250
[13:51:24.094] [WS] LIVE bid=80971.52 ask=80985.71
[13:51:24.431] [WARNING] cancel all requested
[13:51:25.209] [WARNING] [SYNC] desync fixed
[13:51:25.225] [WARNING] STOP
[13:51:25.997] [WS] stale/lost
[13:51:26.582] [OK] [PLAN] READY entry=80972.01 exit=80975.77 profit=0.696502 age=1355ms
[13:51:32.498] [OK] [PLAN] HOT entry=81007.26 exit=81011.79 profit=0.838775 age=572ms
[13:51:34.600] [OK] [PLAN] READY entry=81019.68 exit=81023.99 profit=0.797953 age=447ms
[13:51:35.514] [OK] [PLAN] HOT entry=81009.56 exit=81021.02 profit=2.121934 age=1357ms
[13:51:36.276] [OK] [PLAN] READY entry=81012.00 exit=81015.43 profit=0.635065 age=2121ms
[13:51:42.480] [OK] [PLAN] HOT entry=81028.56 exit=81035.07 profit=1.205066 age=633ms
[13:51:44.757] [OK] [PLAN] HOT entry=81002.75 exit=81008.33 profit=1.033249 age=329ms
[13:51:49.555] [OK] [PLAN] HOT entry=81012.00 exit=81027.91 profit=2.945737 age=767ms
[13:51:50.543] [OK] [PLAN] READY entry=81013.49 exit=81016.59 profit=0.573965 age=1771ms
[13:51:54.115] [OK] [PLAN] HOT entry=81012.00 exit=81016.64 profit=0.859096 age=48ms
[13:51:55.991] [OK] [PLAN] READY entry=81004.00 exit=81007.90 profit=0.722163 age=1925ms
[13:51:58.174] [OK] [PLAN] HOT entry=80972.43 exit=80983.80 profit=2.106179 age=144ms
[13:52:00.350] [OK] [PLAN] READY entry=80977.19 exit=80981.28 profit=0.757591 age=319ms
