[19:56:11.891] [OK] filters loaded
[19:56:13.967] [OK] [PLAN] HOT entry=81968.26 exit=81983.69 profit=0.188092 age=405ms
[19:56:15.840] [OK] [PLAN] HOT entry=81968.15 exit=81973.22 profit=0.061803 age=343ms
[19:56:19.364] [OK] [PLAN] READY entry=81970.84 exit=81974.90 profit=0.049491 age=3851ms
[19:56:33.312] [OK] [PLAN] READY entry=81971.09 exit=81975.10 profit=0.048882 age=776ms
[19:56:49.953] [OK] [PLAN] READY entry=81969.97 exit=81973.01 profit=0.037058 age=112ms
[19:56:58.522] [OK] [PLAN] HOT entry=81949.63 exit=81956.54 profit=0.084302 age=8679ms
[19:56:59.507] [OK] [PLAN] READY entry=81951.00 exit=81955.32 profit=0.052704 age=9666ms
[19:57:00.454] [OK] [PLAN] HOT entry=81959.51 exit=81965.56 profit=0.073810 age=10614ms
[19:57:02.799] [OK] [PLAN] READY entry=81957.30 exit=81961.73 profit=0.054046 age=12958ms
[19:57:03.636] [OK] [PLAN] HOT entry=81962.93 exit=81967.99 profit=0.061732 age=13797ms
[19:57:11.390] [OK] [PLAN] HOT entry=81944.77 exit=81949.91 profit=0.062708 age=1320ms
[19:57:12.562] [OK] [PLAN] READY entry=81944.76 exit=81948.85 profit=0.049898 age=2487ms
[19:57:13.595] [OK] [PLAN] HOT entry=81944.77 exit=81952.98 profit=0.100162 age=3523ms
[19:57:14.596] [OK] [PLAN] READY entry=81948.00 exit=81951.99 profit=0.048678 age=4526ms
[19:57:16.874] [OK] [PLAN] HOT entry=81954.37 exit=81959.99 profit=0.068564 age=6800ms
[19:57:22.703] [OK] [PLAN] READY entry=81953.72 exit=81957.97 profit=0.051850 age=12633ms
[19:57:31.880] [OK] [PLAN] HOT entry=81945.33 exit=81950.58 profit=0.064050 age=21804ms
[19:57:32.704] [OK] [PLAN] READY entry=81948.01 exit=81952.00 profit=0.048678 age=22632ms
[19:57:35.701] [OK] [PLAN] HOT entry=81955.28 exit=81959.99 profit=0.057462 age=680ms
[19:57:37.722] [OK] [PLAN] READY entry=81953.40 exit=81957.75 profit=0.053070 age=2716ms
[19:57:38.763] [OK] [PLAN] HOT entry=81952.29 exit=81957.23 profit=0.060268 age=3753ms
[19:57:41.596] [OK] [PLAN] HOT entry=81948.01 exit=81959.99 profit=0.146156 age=832ms
[19:57:42.303] [OK] [PLAN] READY entry=81948.01 exit=81951.12 profit=0.037942 age=1542ms
[19:57:52.229] [OK] [PLAN] READY entry=81948.04 exit=81952.17 profit=0.050386 age=109ms
[19:57:58.169] [OK] [PLAN] READY entry=81948.55 exit=81951.68 profit=0.038186 age=291ms
[19:58:03.898] [OK] [PLAN] HOT entry=81956.86 exit=81963.11 profit=0.076250 age=999ms
[19:58:05.068] [OK] [PLAN] READY entry=81956.01 exit=81959.99 profit=0.048556 age=2173ms
[19:58:08.901] [OK] [PLAN] HOT entry=81952.61 exit=81957.17 profit=0.055632 age=628ms
[19:58:11.388] [OK] [PLAN] READY entry=81956.00 exit=81959.99 profit=0.048678 age=3116ms
[19:58:17.597] [OK] [PLAN] READY entry=81948.01 exit=81951.99 profit=0.048556 age=87ms
[19:58:27.477] [OK] [PLAN] HOT entry=81951.22 exit=81958.16 profit=0.084668 age=370ms
[19:58:29.103] [OK] [PLAN] READY entry=81952.45 exit=81956.32 profit=0.047214 age=2002ms
[19:58:31.636] [OK] [PLAN] HOT entry=81944.76 exit=81953.31 profit=0.104310 age=4529ms
[19:58:35.795] [OK] [PLAN] READY entry=81934.67 exit=81939.00 profit=0.052826 age=1121ms
[19:58:39.176] [OK] [PLAN] HOT entry=81933.12 exit=81938.25 profit=0.062586 age=4502ms
[19:58:40.212] [OK] [PLAN] READY entry=81933.11 exit=81936.59 profit=0.042456 age=5538ms
[19:58:42.953] [OK] [PLAN] HOT entry=81924.59 exit=81930.25 profit=0.069052 age=8275ms
[19:58:48.266] [OK] [PLAN] HOT entry=81935.11 exit=81940.70 profit=0.068198 age=378ms
[19:58:50.525] [OK] [PLAN] READY entry=81933.75 exit=81937.80 profit=0.049410 age=2640ms
[19:58:57.843] [OK] [PLAN] READY entry=81941.30 exit=81945.79 profit=0.054778 age=996ms
[19:59:02.969] [OK] [PLAN] READY entry=81941.37 exit=81945.65 profit=0.052216 age=180ms
[19:59:05.881] [OK] [PLAN] HOT entry=81940.46 exit=81945.32 profit=0.059292 age=3094ms
[19:59:09.822] [OK] [PLAN] READY entry=81940.03 exit=81943.49 profit=0.042212 age=7036ms
[19:59:12.682] [OK] [PLAN] READY entry=81942.08 exit=81945.84 profit=0.045872 age=328ms
[19:59:16.367] [OK] [PLAN] HOT entry=81940.00 exit=81944.85 profit=0.059170 age=952ms
[19:59:20.499] [OK] [PLAN] HOT entry=81941.50 exit=81946.41 profit=0.059902 age=1066ms
[19:59:22.400] [OK] [PLAN] READY entry=81943.29 exit=81947.34 profit=0.049410 age=2969ms
[19:59:26.831] [OK] [PLAN] HOT entry=81940.01 exit=81951.98 profit=0.146034 age=362ms
[19:59:28.556] [OK] [PLAN] READY entry=81942.29 exit=81945.63 profit=0.040748 age=2088ms
[19:59:29.485] [OK] [PLAN] HOT entry=81942.31 exit=81948.95 profit=0.081008 age=3017ms
[19:59:34.573] [OK] [PLAN] READY entry=81941.32 exit=81944.42 profit=0.037820 age=8105ms
[19:59:39.603] [OK] [PLAN] HOT entry=81920.71 exit=81928.85 profit=0.099308 age=952ms
[19:59:42.496] [OK] [PLAN] HOT entry=81932.83 exit=81940.17 profit=0.089548 age=387ms
[19:59:44.403] [OK] [PLAN] HOT entry=81932.00 exit=81940.65 profit=0.105530 age=312ms
[19:59:47.166] [OK] [PLAN] READY entry=81928.76 exit=81932.82 profit=0.049532 age=3075ms
[19:59:48.257] [OK] [PLAN] HOT entry=81924.01 exit=81934.74 profit=0.130906 age=4165ms
[19:59:49.201] [OK] [PLAN] READY entry=81929.86 exit=81934.11 profit=0.051850 age=5110ms
[19:59:50.453] [OK] [PLAN] HOT entry=81929.55 exit=81935.90 profit=0.077470 age=6362ms
[19:59:56.118] [OK] [PLAN] HOT entry=81932.28 exit=81943.97 profit=0.142618 age=514ms
[19:59:59.352] [EXCHANGE] symbol=BTCU base=BTC quote=U status=TRADING permissions=[]
[19:59:59.352] [OK] START
[19:59:59.352] [INFO] [EXEC] LIVE ON
[19:59:59.352] [INFO] [EXEC] WAIT READY
[19:59:59.352] [WARNING] [HEALTH] block spread_too_young lifetime=0
[19:59:59.352] [WARNING] [HEALTH] unstable_spread lifetime=0
[19:59:59.352] [WARNING] [EXEC] BLOCK reason=market_health_bad
[19:59:59.352] [OK] [PLAN] READY entry=81940.01 exit=81943.93 profit=0.047824 age=448ms
[20:00:00.121] [WS] primary url=wss://stream.binance.com:9443/ws/btcu@bookTicker
[20:00:00.121] [WS] connecting primary
[20:00:00.143] [WS] connected
[20:00:01.469] [INFO] [EXEC] SELL ACCOUNTING RESET new_cycle
[20:00:01.469] [OK] [EXEC] BUY ORDER SENT orderId=383487649 price=81938.99 qty=0.012200
[20:00:01.469] [OK] [EXEC] PLACE BUY price=81938.99 qty=0.012200
[20:00:01.469] [OK] [PLAN] HOT entry=81938.99 exit=81950.77 profit=0.143716 age=2015ms
[20:00:01.854] [WS] LIVE bid=81936.82 ask=81947.80
[20:00:04.166] [OK] [PLAN] READY entry=81948.00 exit=81951.56 profit=0.043432 age=4631ms
[20:00:08.068] [OK] [SYNC] order filled detected
[20:00:08.069] [OK] [SYNC] BUY filled on exchange
[20:00:08.069] [OK] [EXEC] BUY FILL UPDATE delta=0.012200 avg=81938.99
[20:00:08.070] [OK] [EXEC] CHUNK ADD qty=0.012200 entry=81938.99
[20:00:08.070] [INFO] [EXEC] CHUNK COUNT n=1
[20:00:08.071] [OK] [EXEC] INVENTORY qty=0.012200
[20:00:08.074] [OK] [EXEC] SELL REQUIRED inventory=0.012200
[20:00:08.075] [WS] LIVE bid=81940.89 ask=81951.48
[20:00:08.658] [INFO] [EXEC] SELL CHECK inventory=0.012200 reported=0.000000 remaining=0.012200 chunks=1
[20:00:08.660] [OK] [EXEC] PLACE SELL price=81944.00 qty=0.012200
[20:00:08.975] [OK] [EXEC] SELL ORDER SENT orderId=383488318
[20:00:10.831] [OK] [SYNC] order filled detected
[20:00:10.832] [OK] [SYNC] SELL filled on exchange
[20:00:10.832] [OK] [EXEC] FIFO CLOSE qty=0.012200 entry=81938.99 exit=81944.00 pnl=+0.061122
[20:00:10.833] [INFO] [EXEC] CHUNK DRAINED
[20:00:10.834] [OK] [EXEC] REALIZED pnl=+0.061122
[20:00:10.834] [INFO] [EXEC] SELL ACCOUNTING RESET flat
[20:00:10.835] [OK] [EXEC] CYCLE CLOSED pnl=+0.061122
[20:00:10.835] [INFO] [EXEC] SESSION realized=+0.061122 wins=1 losses=0
[20:00:11.141] [WS] LIVE bid=81947.13 ask=81958.06
[20:00:12.327] [INFO] [HEALTH] state=GOOD
[20:00:12.616] [INFO] [EXEC] SELL ACCOUNTING RESET new_cycle
[20:00:12.617] [OK] [EXEC] BUY ORDER SENT orderId=383488559 price=81948.01 qty=0.012200
[20:00:12.618] [OK] [EXEC] PLACE BUY price=81948.01 qty=0.012200
[20:00:16.369] [WS] LIVE bid=81948.08 ask=81953.99
[20:00:16.684] [OK] [EXEC] BUY FILL UPDATE delta=0.012200 avg=81948.01
[20:00:16.685] [OK] [EXEC] CHUNK ADD qty=0.012200 entry=81948.01
[20:00:16.685] [INFO] [EXEC] CHUNK COUNT n=1
[20:00:16.686] [OK] [EXEC] INVENTORY qty=0.012200
[20:00:16.686] [OK] [EXEC] SELL REQUIRED inventory=0.012200
[20:00:16.687] [OK] [EXEC] BUY PARTIAL delta=0.012200 total=0.012200
[20:00:16.688] [OK] [EXEC] BUY REMAINING qty=0.000000
[20:00:16.688] [OK] [EXEC] BUY FILLED id=383488559
[20:00:17.238] [OK] [SYNC] order filled detected
[20:00:17.238] [OK] [SYNC] BUY filled on exchange
[20:00:18.939] [INFO] [EXEC] SELL CHECK inventory=0.012200 reported=0.000000 remaining=0.012200 chunks=1
[20:00:18.940] [OK] [EXEC] PLACE SELL price=81951.99 qty=0.012200
[20:00:19.203] [OK] [EXEC] SELL ORDER SENT orderId=383488779
[20:00:20.347] [INFO] [EXEC] RECOVERY WAIT hard_sl_pending_recovery
[20:00:22.510] [OK] [EXEC] FIFO CLOSE qty=0.012200 entry=81948.01 exit=81951.99 pnl=+0.048556
[20:00:22.511] [INFO] [EXEC] CHUNK DRAINED
[20:00:22.511] [OK] [EXEC] REALIZED pnl=+0.048556
[20:00:22.512] [INFO] [EXEC] SELL ACCOUNTING RESET flat
[20:00:22.512] [OK] [EXEC] CYCLE CLOSED pnl=+0.048556
[20:00:22.513] [INFO] [EXEC] SESSION realized=+0.109678 wins=2 losses=0
[20:00:22.513] [INFO] [EXEC] SELL ACCOUNTING RESET flat
[20:00:22.514] [INFO] [EXEC] CYCLE SKIP no_fifo_pnl
[20:00:22.514] [OK] [EXEC] SELL FILLED id=383488779
[20:00:22.515] [OK] [EXEC] SELL FILLED qty=0.012200 remaining=0.000000
[20:00:22.516] [INFO] [EXEC] SELL ACCOUNTING RESET inventory_drained
[20:00:22.516] [INFO] [EXEC] INVENTORY DRAINED epsilon_cleanup qty=0.000000
[20:00:22.517] [INFO] [EXEC] SELL ACCOUNTING RESET flat
[20:00:22.517] [INFO] [EXEC] CYCLE SKIP no_fifo_pnl
[20:00:23.288] [WS] LIVE bid=81950.86 ask=81960.60
[20:00:23.298] [INFO] [HEALTH] state=GOOD
[20:00:23.569] [INFO] [EXEC] SELL ACCOUNTING RESET new_cycle
[20:00:23.570] [OK] [EXEC] BUY ORDER SENT orderId=383489032 price=81960.31 qty=0.012200
[20:00:23.571] [OK] [EXEC] PLACE BUY price=81960.31 qty=0.012200
[20:00:23.573] [OK] [PLAN] HOT entry=81960.31 exit=81966.05 profit=0.070028 age=2205ms
[20:00:26.383] [OK] [PLAN] READY entry=81971.35 exit=81975.73 profit=0.053392 age=5016ms
[20:00:28.084] [WS] LIVE bid=81969.83 ask=81977.73
[20:00:29.104] [WARNING] [EXEC] BUY TIMEOUT orderId=383489032
[20:00:29.105] [WARNING] [EXEC] CANCEL BUY orderId=383489032
[20:00:29.470] [OK] [EXEC] BUY CANCELED confirmed
[20:00:29.734] [INFO] [EXEC] BUY FINAL STATUS status=CANCELED orderId=383489032
[20:00:29.737] [WARNING] [EXEC] BLOCK reason=buy_not_filled
[20:00:30.732] [INFO] [HEALTH] state=GOOD
[20:00:31.019] [INFO] [EXEC] SELL ACCOUNTING RESET new_cycle
[20:00:31.023] [OK] [EXEC] BUY ORDER SENT orderId=383489663 price=81977.85 qty=0.012190
[20:00:31.027] [OK] [EXEC] PLACE BUY price=81977.85 qty=0.012190
[20:00:31.935] [WS] LIVE bid=81977.86 ask=81983.32
[20:00:32.821] [OK] [PLAN] HOT entry=81981.99 exit=81987.33 profit=0.065095 age=1805ms
[20:00:33.867] [OK] [EXEC] BUY FILL UPDATE delta=0.012190 avg=81977.85
[20:00:33.870] [OK] [EXEC] CHUNK ADD qty=0.012190 entry=81977.85
[20:00:33.872] [INFO] [EXEC] CHUNK COUNT n=1
[20:00:33.873] [OK] [EXEC] INVENTORY qty=0.012190
[20:00:33.874] [OK] [EXEC] SELL REQUIRED inventory=0.012190
[20:00:33.875] [OK] [EXEC] BUY PARTIAL delta=0.012190 total=0.012190
[20:00:33.877] [OK] [EXEC] BUY REMAINING qty=0.000000
[20:00:33.878] [OK] [EXEC] BUY FILLED id=383489663
[20:00:35.132] [OK] [SYNC] order filled detected
[20:00:35.134] [OK] [SYNC] BUY filled on exchange
[20:00:35.455] [INFO] [EXEC] SELL CHECK inventory=0.012190 reported=0.000000 remaining=0.012190 chunks=1
[20:00:35.459] [OK] [EXEC] PLACE SELL price=81982.02 qty=0.012190
[20:00:35.738] [OK] [EXEC] SELL ORDER SENT orderId=383489842
[20:00:35.749] [OK] [PLAN] READY entry=81977.95 exit=81982.02 profit=0.049613 age=4440ms
[20:00:36.909] [OK] [SYNC] order filled detected
[20:00:36.911] [OK] [SYNC] SELL filled on exchange
[20:00:36.912] [OK] [EXEC] FIFO CLOSE qty=0.012190 entry=81977.85 exit=81982.02 pnl=+0.050832
[20:00:36.915] [INFO] [EXEC] CHUNK DRAINED
[20:00:36.918] [OK] [EXEC] REALIZED pnl=+0.050832
[20:00:36.920] [INFO] [EXEC] SELL ACCOUNTING RESET flat
[20:00:36.920] [OK] [EXEC] CYCLE CLOSED pnl=+0.050832
[20:00:36.922] [INFO] [EXEC] SESSION realized=+0.160510 wins=3 losses=0
[20:00:36.926] [WS] LIVE bid=81976.59 ask=81985.40
[20:00:38.989] [INFO] [HEALTH] state=GOOD
[20:00:39.273] [INFO] [EXEC] SELL ACCOUNTING RESET new_cycle
[20:00:39.278] [OK] [EXEC] BUY ORDER SENT orderId=383489940 price=81974.43 qty=0.012190
[20:00:39.281] [OK] [EXEC] PLACE BUY price=81974.43 qty=0.012190
[20:00:43.297] [WS] LIVE bid=81977.48 ask=81985.99
[20:00:44.126] [WARNING] [EXEC] BUY TIMEOUT orderId=383489940
[20:00:44.127] [WARNING] [EXEC] CANCEL BUY orderId=383489940
[20:00:44.391] [OK] [EXEC] BUY CANCELED confirmed
[20:00:44.659] [INFO] [EXEC] BUY FINAL STATUS status=CANCELED orderId=383489940
[20:00:44.661] [WARNING] [EXEC] BLOCK reason=buy_not_filled
[20:00:44.664] [OK] [PLAN] HOT entry=81980.00 exit=81984.99 profit=0.060828 age=1400ms
[20:00:45.203] [INFO] [HEALTH] state=GOOD
[20:00:45.475] [INFO] [EXEC] SELL ACCOUNTING RESET new_cycle
[20:00:45.478] [OK] [EXEC] BUY ORDER SENT orderId=383490233 price=81984.61 qty=0.012190
[20:00:45.480] [OK] [EXEC] PLACE BUY price=81984.61 qty=0.012190
[20:00:47.000] [WS] LIVE bid=81984.61 ask=81989.86
[20:00:47.361] [OK] [EXEC] BUY FILL UPDATE delta=0.000070 avg=81984.61
[20:00:47.363] [OK] [EXEC] CHUNK ADD qty=0.000070 entry=81984.61
[20:00:47.364] [INFO] [EXEC] CHUNK COUNT n=1
[20:00:47.366] [OK] [EXEC] INVENTORY qty=0.000070
[20:00:47.367] [OK] [EXEC] SELL REQUIRED inventory=0.000070
[20:00:47.368] [OK] [EXEC] BUY PARTIAL delta=0.000070 total=0.000070
[20:00:47.369] [OK] [EXEC] BUY REMAINING qty=0.012120
[20:00:49.468] [INFO] [EXEC] SELL CHECK inventory=0.000070 reported=0.000000 remaining=0.000070 chunks=1
[20:00:49.472] [OK] [EXEC] PLACE SELL price=81987.85 qty=0.000070
[20:00:49.738] [OK] [EXEC] SELL ORDER SENT orderId=383490289
[20:00:51.360] [OK] [SYNC] order filled detected
[20:00:51.361] [OK] [SYNC] SELL filled on exchange
[20:00:51.361] [OK] [EXEC] FIFO CLOSE qty=0.000070 entry=81984.61 exit=81987.85 pnl=+0.000227
[20:00:51.363] [INFO] [EXEC] CHUNK DRAINED
[20:00:51.364] [OK] [EXEC] REALIZED pnl=+0.000227
[20:00:51.366] [INFO] [EXEC] SELL ACCOUNTING RESET flat
[20:00:51.367] [OK] [EXEC] CYCLE CLOSED pnl=+0.000227
[20:00:51.368] [INFO] [EXEC] SESSION realized=+0.160737 wins=4 losses=0
[20:00:51.771] [INFO] [HEALTH] state=GOOD
[20:00:52.035] [INFO] [EXEC] SELL ACCOUNTING RESET new_cycle
[20:00:52.040] [OK] [EXEC] BUY ORDER SENT orderId=383490343 price=81986.81 qty=0.012190
[20:00:52.043] [OK] [EXEC] PLACE BUY price=81986.81 qty=0.012190
[20:00:53.332] [OK] [SYNC] order filled detected
[20:00:53.334] [OK] [SYNC] BUY filled on exchange
[20:00:53.334] [OK] [EXEC] BUY FILL UPDATE delta=0.012190 avg=81986.81
[20:00:53.336] [OK] [EXEC] CHUNK ADD qty=0.012190 entry=81986.81
[20:00:53.338] [INFO] [EXEC] CHUNK COUNT n=1
[20:00:53.341] [OK] [EXEC] INVENTORY qty=0.012190
[20:00:53.343] [OK] [EXEC] SELL REQUIRED inventory=0.012190
[20:00:53.347] [WS] LIVE bid=81986.81 ask=81992.78
[20:00:54.002] [INFO] [EXEC] SELL CHECK inventory=0.012190 reported=0.000000 remaining=0.012190 chunks=1
[20:00:54.004] [OK] [EXEC] PLACE SELL price=81989.46 qty=0.012190
[20:00:54.296] [OK] [EXEC] SELL ORDER SENT orderId=383490604
[20:00:54.927] [OK] [SYNC] order filled detected
[20:00:54.931] [OK] [SYNC] SELL filled on exchange
[20:00:54.932] [OK] [EXEC] FIFO CLOSE qty=0.012190 entry=81986.81 exit=81989.46 pnl=+0.032303
[20:00:54.935] [INFO] [EXEC] CHUNK DRAINED
[20:00:54.937] [OK] [EXEC] REALIZED pnl=+0.032303
[20:00:54.938] [INFO] [EXEC] SELL ACCOUNTING RESET flat
[20:00:54.939] [OK] [EXEC] CYCLE CLOSED pnl=+0.032303
[20:00:54.941] [INFO] [EXEC] SESSION realized=+0.193041 wins=5 losses=0
[20:00:56.227] [INFO] [EXEC] SELL ACCOUNTING RESET new_cycle
[20:00:56.231] [OK] [EXEC] BUY ORDER SENT orderId=383490658 price=81983.13 qty=0.012190
[20:00:56.235] [OK] [EXEC] PLACE BUY price=81983.13 qty=0.012190
[20:00:57.669] [WS] LIVE bid=81983.89 ask=81993.17
[20:00:57.968] [OK] [PLAN] HOT entry=81985.90 exit=81991.17 profit=0.064241 age=1880ms
[20:01:01.447] [WARNING] [EXEC] BUY TIMEOUT orderId=383490658
[20:01:01.449] [WARNING] [EXEC] CANCEL BUY orderId=383490658
[20:01:01.768] [OK] [EXEC] BUY CANCELED confirmed
[20:01:02.045] [INFO] [EXEC] BUY FINAL STATUS status=CANCELED orderId=383490658
[20:01:02.049] [WARNING] [EXEC] BLOCK reason=buy_not_filled
[20:01:03.127] [WS] LIVE bid=81998.34 ask=82006.96
[20:01:04.031] [INFO] [HEALTH] state=GOOD
[20:01:04.481] [INFO] [EXEC] SELL ACCOUNTING RESET new_cycle
[20:01:04.485] [OK] [EXEC] BUY ORDER SENT orderId=383491317 price=82004.00 qty=0.012190
[20:01:04.486] [OK] [EXEC] PLACE BUY price=82004.00 qty=0.012190
[20:01:04.490] [OK] [PLAN] READY entry=82004.00 exit=82008.00 profit=0.048760 age=8207ms
[20:01:05.020] [OK] [SYNC] order filled detected
[20:01:05.022] [OK] [SYNC] BUY filled on exchange
[20:01:05.023] [OK] [EXEC] BUY FILL UPDATE delta=0.012190 avg=82004.00
[20:01:05.026] [OK] [EXEC] CHUNK ADD qty=0.012190 entry=82004.00
[20:01:05.028] [INFO] [EXEC] CHUNK COUNT n=1
[20:01:05.031] [OK] [EXEC] INVENTORY qty=0.012190
[20:01:05.034] [OK] [EXEC] SELL REQUIRED inventory=0.012190
[20:01:05.481] [INFO] [EXEC] SELL CHECK inventory=0.012190 reported=0.000000 remaining=0.012190 chunks=1
[20:01:05.485] [OK] [EXEC] PLACE SELL price=82004.04 qty=0.012190
[20:01:05.746] [OK] [EXEC] SELL ORDER SENT orderId=383491450
[20:01:07.087] [INFO] [EXEC] RECOVERY WAIT hard_sl_pending_recovery
[20:01:08.656] [WS] LIVE bid=81994.00 ask=82001.99
[20:01:09.461] [INFO] [EXEC] RECOVERY WAIT hard_sl_pending_recovery
[20:01:09.728] [WARNING] [EXEC] SELL TIMEOUT orderId=383491450
[20:01:09.731] [WARNING] [EXEC] CANCEL SELL orderId=383491450
[20:01:10.346] [INFO] [EXEC] SELL FINAL STATUS status=CANCELED orderId=383491450
[20:01:10.351] [INFO] [EXEC] SELL TIMEOUT check fast_exit
[20:01:10.353] [WARNING] [EXEC] FORCE EXIT hard_sl_triggered
[20:01:10.356] [ERROR] [EXEC] HARD SL triggered
[20:01:10.359] [WARNING] [EXEC] PANIC EXIT sl_mode
[20:01:10.362] [WARNING] [EXEC] FORCE EXIT price=82000.99
[20:01:10.364] [OK] [EXEC] PLACE SELL price=82000.99 qty=0.012190
[20:01:10.748] [WARNING] [EXEC] PANIC START price=82000.99
[20:01:10.750] [OK] [EXEC] SELL ORDER SENT orderId=383491582
[20:01:13.391] [WS] LIVE bid=81994.85 ask=82000.98
[20:01:14.284] [WARNING] [EXEC] PANIC WAIT still_open orderId=383491582
[20:01:14.289] [WARNING] [EXEC] PANIC HOLD active orderId=383491582
[20:01:17.488] [WARNING] [EXEC] PANIC WAIT still_open orderId=383491582
[20:01:17.492] [WARNING] [EXEC] PANIC HOLD active orderId=383491582
[20:01:18.836] [WS] LIVE bid=81995.96 ask=82000.99
[20:01:19.620] [WARNING] [EXEC] PANIC HOLD active orderId=383491582
[20:01:20.523] [WARNING] [EXEC] PANIC WAIT still_open orderId=383491582
[20:01:20.526] [WARNING] [EXEC] PANIC HOLD active orderId=383491582
[20:01:21.702] [OK] [SYNC] order filled detected
[20:01:21.704] [OK] [SYNC] SELL filled on exchange
[20:01:21.705] [OK] [EXEC] FIFO CLOSE qty=0.012190 entry=82004.00 exit=82000.99 pnl=-0.036692
[20:01:21.707] [INFO] [EXEC] CHUNK DRAINED
[20:01:21.709] [OK] [EXEC] REALIZED pnl=-0.036692
[20:01:21.711] [INFO] [EXEC] SELL ACCOUNTING RESET flat
[20:01:21.714] [OK] [EXEC] CYCLE CLOSED pnl=-0.036692
[20:01:21.716] [INFO] [EXEC] SESSION realized=+0.156349 wins=5 losses=1
[20:01:23.171] [WS] LIVE bid=81996.50 ask=82001.99
[20:01:24.406] [INFO] [HEALTH] state=GOOD
[20:01:24.681] [INFO] [EXEC] SELL ACCOUNTING RESET new_cycle
[20:01:24.685] [OK] [EXEC] BUY ORDER SENT orderId=383491866 price=81992.00 qty=0.012190
[20:01:24.688] [OK] [EXEC] PLACE BUY price=81992.00 qty=0.012190
[20:01:26.402] [OK] [SYNC] order filled detected
[20:01:26.405] [OK] [SYNC] BUY filled on exchange
[20:01:26.406] [OK] [EXEC] BUY FILL UPDATE delta=0.012190 avg=81992.00
[20:01:26.407] [OK] [EXEC] CHUNK ADD qty=0.012190 entry=81992.00
[20:01:26.409] [INFO] [EXEC] CHUNK COUNT n=1
[20:01:26.410] [OK] [EXEC] INVENTORY qty=0.012190
[20:01:26.411] [OK] [EXEC] SELL REQUIRED inventory=0.012190
[20:01:26.686] [INFO] [EXEC] SELL CHECK inventory=0.012190 reported=0.000000 remaining=0.012190 chunks=1
[20:01:26.691] [OK] [EXEC] PLACE SELL price=81992.04 qty=0.012190
[20:01:26.988] [OK] [EXEC] SELL ORDER SENT orderId=383492124
[20:01:26.995] [OK] [PLAN] HOT entry=81980.00 exit=81985.74 profit=0.069971 age=2007ms
[20:01:28.140] [OK] [EXEC] FIFO CLOSE qty=0.012190 entry=81992.00 exit=81992.04 pnl=+0.000488
[20:01:28.143] [INFO] [EXEC] CHUNK DRAINED
[20:01:28.146] [OK] [EXEC] REALIZED pnl=+0.000488
[20:01:28.149] [INFO] [EXEC] SELL ACCOUNTING RESET flat
[20:01:28.151] [OK] [EXEC] CYCLE CLOSED pnl=+0.000488
[20:01:28.152] [INFO] [EXEC] SESSION realized=+0.156836 wins=6 losses=1
[20:01:28.154] [INFO] [EXEC] SELL ACCOUNTING RESET flat
[20:01:28.155] [INFO] [EXEC] CYCLE SKIP no_fifo_pnl
[20:01:28.156] [OK] [EXEC] SELL FILLED id=383492124
[20:01:28.158] [OK] [EXEC] SELL FILLED qty=0.012190 remaining=0.000000
[20:01:28.159] [INFO] [EXEC] SELL ACCOUNTING RESET inventory_drained
[20:01:28.161] [INFO] [EXEC] INVENTORY DRAINED epsilon_cleanup qty=0.000000
[20:01:28.162] [INFO] [EXEC] SELL ACCOUNTING RESET flat
[20:01:28.163] [INFO] [EXEC] CYCLE SKIP no_fifo_pnl
[20:01:28.430] [WS] LIVE bid=81986.22 ask=81994.00
[20:01:28.938] [INFO] [EXEC] SELL ACCOUNTING RESET new_cycle
[20:01:28.943] [OK] [EXEC] BUY ORDER SENT orderId=383492289 price=81987.54 qty=0.012190
[20:01:28.946] [OK] [EXEC] PLACE BUY price=81987.54 qty=0.012190
[20:01:28.951] [OK] [PLAN] READY entry=81987.54 exit=81991.99 profit=0.054246 age=4253ms
[20:01:33.603] [WARNING] [EXEC] BUY TIMEOUT orderId=383492289
[20:01:33.607] [WARNING] [EXEC] CANCEL BUY orderId=383492289
[20:01:33.874] [OK] [EXEC] BUY CANCELED confirmed
[20:01:34.144] [INFO] [EXEC] BUY FINAL STATUS status=CANCELED orderId=383492289
[20:01:34.148] [WARNING] [EXEC] BLOCK reason=buy_not_filled
[20:01:35.573] [WS] LIVE bid=81987.58 ask=81994.00
[20:01:40.337] [WS] LIVE bid=81987.60 ask=81994.00
[20:01:44.332] [WS] LIVE bid=81987.61 ask=81993.85
[20:01:45.192] [INFO] [HEALTH] state=GOOD
[20:01:45.460] [INFO] [EXEC] SELL ACCOUNTING RESET new_cycle
[20:01:45.465] [OK] [EXEC] BUY ORDER SENT orderId=383492592 price=81988.00 qty=0.012190
[20:01:45.468] [OK] [EXEC] PLACE BUY price=81988.00 qty=0.012190
[20:01:49.356] [OK] [SYNC] order filled detected
[20:01:49.360] [OK] [SYNC] BUY filled on exchange
[20:01:49.360] [OK] [EXEC] BUY FILL UPDATE delta=0.012190 avg=81988.00
[20:01:49.363] [OK] [EXEC] CHUNK ADD qty=0.012190 entry=81988.00
[20:01:49.366] [INFO] [EXEC] CHUNK COUNT n=1
[20:01:49.368] [OK] [EXEC] INVENTORY qty=0.012190
[20:01:49.369] [OK] [EXEC] SELL REQUIRED inventory=0.012190
[20:01:49.372] [WS] LIVE bid=81978.02 ask=81986.05
[20:01:50.360] [INFO] [EXEC] SELL CHECK inventory=0.012190 reported=0.000000 remaining=0.012190 chunks=1
[20:01:50.363] [OK] [EXEC] PLACE SELL price=81988.04 qty=0.012190
[20:01:50.628] [OK] [EXEC] SELL ORDER SENT orderId=383492743
[20:01:52.002] [INFO] [EXEC] RECOVERY WAIT hard_sl_pending_recovery
[20:01:52.271] [OK] [PLAN] READY entry=81980.04 exit=81983.10 profit=0.037301 age=1922ms
[20:01:54.613] [INFO] [EXEC] RECOVERY WAIT hard_sl_pending_recovery
[20:01:54.878] [WARNING] [EXEC] SELL TIMEOUT orderId=383492743
[20:01:54.882] [WARNING] [EXEC] CANCEL SELL orderId=383492743
[20:01:55.415] [INFO] [EXEC] SELL FINAL STATUS status=CANCELED orderId=383492743
[20:01:55.419] [INFO] [EXEC] SELL TIMEOUT check fast_exit
[20:01:55.422] [WARNING] [EXEC] FORCE EXIT hard_sl_triggered
[20:01:55.423] [ERROR] [EXEC] HARD SL triggered
[20:01:55.425] [WARNING] [EXEC] PANIC EXIT sl_mode
[20:01:55.426] [WARNING] [EXEC] FORCE EXIT price=81982.79
[20:01:55.427] [OK] [EXEC] PLACE SELL price=81982.79 qty=0.012190
[20:01:55.728] [WARNING] [EXEC] PANIC START price=81982.79
[20:01:55.732] [OK] [EXEC] SELL ORDER SENT orderId=383492849
[20:01:55.738] [WS] LIVE bid=81978.03 ask=81983.03
[20:01:57.697] [WARNING] [EXEC] PANIC WAIT still_open orderId=383492849
[20:01:57.701] [WARNING] [EXEC] PANIC HOLD active orderId=383492849
[20:02:00.364] [WS] LIVE bid=81974.33 ask=81982.77
[20:02:00.702] [WARNING] cancel all requested
[20:02:00.705] [WARNING] [EXEC] STOP canceled panic order, position remains open
[20:02:01.493] [WARNING] [SYNC] desync fixed
[20:02:01.494] [WARNING] [EXEC] STOP with open inventory qty=0.012190
[20:02:01.496] [WARNING] STOP
[20:02:02.613] [OK] [PLAN] HOT entry=81977.12 exit=81981.77 profit=0.056683 age=3033ms
[20:02:03.141] [WS] stale/lost
[20:02:05.130] [OK] [PLAN] READY entry=81977.39 exit=81981.26 profit=0.047175 age=5550ms
[20:02:17.740] [OK] [PLAN] READY entry=81978.63 exit=81981.78 profit=0.038399 age=35ms
[20:02:19.006] [OK] [PLAN] HOT entry=81972.84 exit=81981.78 profit=0.108979 age=1299ms
