[17:24:35.068] [OK] filters loaded
[17:25:02.865] [INFO] START_CLICK received enabled=True api_ready=True running=False
[17:25:02.866] [INFO] START_SETTINGS live_enabled=True guard_mode=FAST entry_mode=AGGRESSIVE exit_engine=True order_size=500.0
[17:25:02.866] [INFO] START_PROFILE order_size=500.0 min_spread=7.0 guard_mode=FAST entry_mode=AGGRESSIVE sell_timeout=2200 far_sell_ticks=30 taker_exit_after_ms=1600
[17:25:02.867] [INFO] SETTINGS_MERGE_PRESERVE existing_values=true missing_added=0
[17:25:03.678] [EXCHANGE] symbol=BTCU base=BTC quote=U status=TRADING permissions=[]
[17:25:03.686] [OK] START
[17:25:03.690] [OK] START_OK runtime_started
[17:25:03.691] [INFO] [EXEC] STREAMS_ENABLED count=20 range_ticks=200 step_ticks=10
[17:25:03.693] [INFO] [EXEC] GRID_BUDGET_DEPRECATED_USING_MAX_EXPOSURE
[17:25:03.694] [INFO] [EXEC] GRID_BUDGET_SOURCE source=max_exposure_u budget=5000.00
[17:25:03.695] [INFO] [EXEC] STREAM_CREATE stream_id=1 buy_price=80395.97000000 budget=250.00 qty=0.00310000
[17:25:03.696] [INFO] [EXEC] STREAM_CREATE stream_id=2 buy_price=80395.87000000 budget=250.00 qty=0.00310000
[17:25:03.697] [INFO] [EXEC] STREAM_CREATE stream_id=3 buy_price=80395.77000000 budget=250.00 qty=0.00310000
[17:25:03.697] [INFO] [EXEC] STREAM_CREATE stream_id=4 buy_price=80395.67000000 budget=250.00 qty=0.00310000
[17:25:03.697] [INFO] [EXEC] STREAM_CREATE stream_id=5 buy_price=80395.57000000 budget=250.00 qty=0.00310000
[17:25:03.697] [INFO] [EXEC] STREAM_CREATE stream_id=6 buy_price=80395.47000000 budget=250.00 qty=0.00310000
[17:25:03.697] [INFO] [EXEC] STREAM_CREATE stream_id=7 buy_price=80395.37000000 budget=250.00 qty=0.00310000
[17:25:03.697] [INFO] [EXEC] STREAM_CREATE stream_id=8 buy_price=80395.27000000 budget=250.00 qty=0.00310000
[17:25:03.697] [INFO] [EXEC] STREAM_CREATE stream_id=9 buy_price=80395.17000000 budget=250.00 qty=0.00310000
[17:25:03.697] [INFO] [EXEC] STREAM_CREATE stream_id=10 buy_price=80395.07000000 budget=250.00 qty=0.00310000
[17:25:03.697] [INFO] [EXEC] STREAM_CREATE stream_id=11 buy_price=80394.97000000 budget=250.00 qty=0.00310000
[17:25:03.697] [INFO] [EXEC] STREAM_CREATE stream_id=12 buy_price=80394.87000000 budget=250.00 qty=0.00310000
[17:25:03.697] [INFO] [EXEC] STREAM_CREATE stream_id=13 buy_price=80394.77000000 budget=250.00 qty=0.00310000
[17:25:03.713] [INFO] [EXEC] STREAM_CREATE stream_id=14 buy_price=80394.67000000 budget=250.00 qty=0.00310000
[17:25:03.713] [INFO] [EXEC] STREAM_CREATE stream_id=15 buy_price=80394.57000000 budget=250.00 qty=0.00310000
[17:25:03.713] [INFO] [EXEC] STREAM_CREATE stream_id=16 buy_price=80394.47000000 budget=250.00 qty=0.00310000
[17:25:03.713] [INFO] [EXEC] STREAM_CREATE stream_id=17 buy_price=80394.37000000 budget=250.00 qty=0.00310000
[17:25:03.713] [INFO] [EXEC] STREAM_CREATE stream_id=18 buy_price=80394.27000000 budget=250.00 qty=0.00310000
[17:25:03.713] [INFO] [EXEC] STREAM_CREATE stream_id=19 buy_price=80394.17000000 budget=250.00 qty=0.00310000
[17:25:03.713] [INFO] [EXEC] STREAM_CREATE stream_id=20 buy_price=80394.07000000 budget=250.00 qty=0.00310000
[17:25:03.713] [INFO] [EXEC] STREAM_CREATE_DONE count=20 budget=5000.00 step_ticks=10
[17:25:03.713] [INFO] [EXEC] LIVE ON
[17:25:03.713] [INFO] [EXEC] WAIT READY
[17:25:03.713] [INFO] [HEALTH] state=DANGER
[17:25:03.713] [WARNING] [EXEC] BLOCK_BUY reason=ws_stale mode=FAST ws_age=None spread=5.91 stable=1/1 mid_delta=0.00 bid_delta=0.00
[17:25:04.900] [WS] primary url=wss://stream.binance.com:9443/ws/btcu@bookTicker
[17:25:04.900] [WS] connecting primary
[17:25:04.900] [WS] connected
[17:25:04.954] [WARNING] [HEALTH] block spread_too_young lifetime=0
[17:25:04.954] [WARNING] [HEALTH] unstable_spread lifetime=0
[17:25:04.954] [WARNING] [EXEC] BLOCK_BUY reason=spread_too_young mode=FAST ws_age=62 spread=15.16 stable=1/1 mid_delta=0.00 bid_delta=0.00
[17:25:04.960] [OK] [PLAN] HOT entry=80380.01 exit=80395.16 profit=0.094233 age=1241ms
[17:25:05.465] [WARNING] [EXEC] BLOCK_BUY reason=market_health_bad mode=FAST ws_age=32 spread=5.42 stable=1/1 mid_delta=0.00 bid_delta=0.00
[17:25:06.493] [WARNING] [HEALTH] block spread_too_young lifetime=0
[17:25:06.493] [WARNING] [EXEC] BLOCK_BUY reason=spread_too_young mode=FAST ws_age=15 spread=12.84 stable=1/1 mid_delta=0.00 bid_delta=0.00
[17:25:06.989] [WARNING] [HEALTH] block falling_market bid_ticks=238.00 mid_ticks=-173.00
[17:25:06.989] [WARNING] [HEALTH] negative_momentum ticks=-173.00
[17:25:06.989] [WARNING] [EXEC] BLOCK_BUY reason=mid_momentum_negative mode=FAST ws_age=47 spread=4.62 stable=2/1 mid_delta=-173.00 bid_delta=238.00
[17:25:07.479] [WARNING] [EXEC] BLOCK_BUY reason=market_health_bad mode=FAST ws_age=30 spread=6.15 stable=2/1 mid_delta=360.50 bid_delta=284.00
[17:25:08.510] [WARNING] [HEALTH] block spread_too_young lifetime=0
[17:25:08.510] [WARNING] [HEALTH] unstable_spread lifetime=0
[17:25:08.510] [WARNING] [EXEC] BLOCK_BUY reason=spread_too_young mode=FAST ws_age=250 spread=7.69 stable=1/1 mid_delta=0.00 bid_delta=0.00
[17:25:09.011] [WARNING] [EXEC] BLOCK_BUY reason=market_health_bad mode=FAST ws_age=47 spread=4.54 stable=1/1 mid_delta=0.00 bid_delta=0.00
[17:25:10.551] [WARNING] [HEALTH] block falling_market bid_ticks=-488.00 mid_ticks=-794.00
[17:25:10.554] [WARNING] [HEALTH] unstable_bid delta_ticks=-488.00
[17:25:10.556] [WARNING] [HEALTH] negative_momentum ticks=-794.00
[17:25:10.556] [WARNING] [EXEC] BLOCK_BUY reason=bid_unstable mode=FAST ws_age=15 spread=0.81 stable=2/1 mid_delta=-794.00 bid_delta=-488.00
[17:25:10.556] [OK] [PLAN] READY entry=80390.58 exit=80391.38 profit=0.004968 age=6837ms
[17:25:11.045] [WARNING] [HEALTH] block spread_too_young lifetime=0
[17:25:11.047] [WARNING] [HEALTH] unstable_spread lifetime=0
[17:25:11.048] [WARNING] [EXEC] BLOCK_BUY reason=spread_too_young mode=FAST ws_age=171 spread=13.76 stable=2/1 mid_delta=695.50 bid_delta=48.00
[17:25:11.052] [OK] [PLAN] HOT entry=80391.06 exit=80404.81 profit=0.085388 age=7331ms
[17:25:11.557] [INFO] [EXEC] GRID_MODE_ACTIVE_SKIP_SINGLE_ENTRY
[17:25:12.093] [INFO] [EXEC] STREAM_BUY_PLACED level_id=1 order_id=386554094
[17:25:12.093] [OK] [EXEC] PLACE BUY price=80395.97 qty=0.003100
[17:25:12.353] [INFO] [EXEC] STREAM_BUY_PLACED level_id=2 order_id=386554111
[17:25:12.353] [OK] [EXEC] PLACE BUY price=80395.87 qty=0.003100
[17:25:12.635] [INFO] [EXEC] STREAM_BUY_PLACED level_id=3 order_id=386554143
[17:25:12.635] [OK] [EXEC] PLACE BUY price=80395.77 qty=0.003100
[17:25:13.368] [INFO] [EXEC] STREAM_BUY_FILLED level_id=1
[17:25:13.369] [OK] [EXEC] CHUNK ADD qty=0.003100 entry=80395.97
[17:25:13.369] [INFO] [EXEC] CHUNK COUNT n=1
[17:25:13.634] [INFO] [EXEC] STREAM_SELL_PLACED stream_id=1 chunk_id=2547453478192 order_id=386554236 price=80396.27 qty=0.003100
[17:25:13.900] [INFO] [EXEC] STREAM_BUY_FILLED level_id=2
[17:25:13.900] [OK] [EXEC] CHUNK ADD qty=0.003100 entry=80395.87
[17:25:13.900] [INFO] [EXEC] CHUNK COUNT n=2
[17:25:14.185] [INFO] [EXEC] STREAM_SELL_PLACED stream_id=2 chunk_id=2547453487696 order_id=386554270 price=80396.17 qty=0.003100
[17:25:14.452] [INFO] [EXEC] STREAM_BUY_FILLED level_id=3
[17:25:14.455] [OK] [EXEC] CHUNK ADD qty=0.003100 entry=80395.77
[17:25:14.456] [INFO] [EXEC] CHUNK COUNT n=3
[17:25:14.713] [INFO] [EXEC] STREAM_SELL_PLACED stream_id=3 chunk_id=2547453492736 order_id=386554289 price=80396.07 qty=0.003100
[17:25:14.978] [INFO] [EXEC] STREAM_SELL_STATUS stream_id=1 chunk_id=2547453478192 order_id=386554236 status=NEW
[17:25:15.228] [INFO] [EXEC] STREAM_SELL_STATUS stream_id=2 chunk_id=2547453487696 order_id=386554270 status=NEW
[17:25:15.526] [INFO] [EXEC] STREAM_SELL_STATUS stream_id=3 chunk_id=2547453492736 order_id=386554289 status=NEW
[17:25:15.526] [WARNING] [EXEC] STATE REPAIR reason=inventory_cannot_be_flat
[17:25:15.526] [INFO] [EXEC] EXIT RECOVERY inventory_no_sell qty=0.009300
[17:25:15.799] [WARNING] [EXEC] SELL_WATCHDOG_FAR_CANCEL orderId=386554236 price=80396.27 ask=80394.15 dist_ticks=212
[17:25:16.337] [INFO] [EXEC] SELL_FAR_CANCEL_FINAL_STATUS status=CANCELED
[17:25:18.432] [WARNING] [EXEC] SELL_QTY_CLAMP inventory=0.009300 free=0.003107 final=0.003107
[17:25:18.715] [INFO] [EXEC] STREAM_SELL_STATUS stream_id=1 chunk_id=2547453478192 order_id=386554236 status=CANCELED
[17:25:18.718] [WARNING] [EXEC] STREAM_SELL_RETRY stream_id=1 chunk_id=2547453478192 order_id=386554236 status=CANCELED
[17:25:18.998] [INFO] [EXEC] STREAM_SELL_STATUS stream_id=2 chunk_id=2547453487696 order_id=386554270 status=FILLED
[17:25:19.000] [INFO] [EXEC] STREAM_SELL_FILLED stream_id=2 chunk_id=2547453487696 order_id=386554270
[17:25:19.001] [OK] [EXEC] FIFO CLOSE qty=0.003100 entry=80395.87 exit=80396.17 pnl=+0.000930
[17:25:19.003] [INFO] [EXEC] STREAM_PNL stream_id=2 pnl=+0.000930
[17:25:19.004] [OK] [EXEC] REALIZED pnl=+0.000930
[17:25:19.005] [INFO] [EXEC] STREAM_RECYCLED level_id=2
[17:25:19.006] [INFO] [EXEC] STREAM_RECYCLED stream_id=2
[17:25:19.510] [INFO] [EXEC] STREAM_SELL_STATUS stream_id=3 chunk_id=2547453492736 order_id=386554289 status=FILLED
[17:25:19.510] [INFO] [EXEC] STREAM_SELL_FILLED stream_id=3 chunk_id=2547453492736 order_id=386554289
[17:25:19.510] [OK] [EXEC] FIFO CLOSE qty=0.003100 entry=80395.77 exit=80396.07 pnl=+0.000930
[17:25:19.510] [INFO] [EXEC] STREAM_PNL stream_id=3 pnl=+0.000930
[17:25:19.510] [OK] [EXEC] REALIZED pnl=+0.000930
[17:25:19.510] [INFO] [EXEC] STREAM_RECYCLED level_id=3
[17:25:19.510] [INFO] [EXEC] STREAM_RECYCLED stream_id=3
[17:25:19.986] [WARNING] [EXEC] PLACE_SELL_STUCK_RECOVERY qty=0.003090
[17:25:20.533] [INFO] [EXEC] SELL CHECK inventory=0.003100 reported=0.000000 remaining=0.003090 chunks=1
[17:25:20.534] [INFO] [EXEC] SELL_REPRICE_FRESH_APPLIED old=80396.27 new=80396.05 ask=80396.07 bid=80386.14
[17:25:20.535] [INFO] [EXEC] SELL_REPRICE_VALIDATION old=80396.27 new=80396.05 ask=80396.07 dist_ticks=2 source=fresh_snapshot
[17:25:20.536] [INFO] [EXEC] PLACE_SELL_SOURCE source=fresh_after_far_cancel price=80396.05
[17:25:20.536] [OK] [EXEC] PLACE SELL price=80396.05 qty=0.003090
[17:25:20.791] [OK] [EXEC] SELL ORDER SENT orderId=386554741
[17:25:21.456] [OK] [SYNC] order filled detected
[17:25:21.456] [OK] [SYNC] SELL filled on exchange
[17:25:21.456] [OK] [EXEC] FIFO CLOSE qty=0.003090 entry=80395.97 exit=80411.17 pnl=+0.046968
[17:25:21.474] [INFO] [EXEC] CHUNK DRAINED
[17:25:21.477] [OK] [EXEC] REALIZED pnl=+0.046968
[17:25:21.479] [INFO] [EXEC] SELL ACCOUNTING RESET flat
[17:25:21.481] [OK] [EXEC] CYCLE CLOSED pnl=+0.048828
[17:25:21.482] [INFO] [EXEC] SESSION realized=+0.048828 wins=1 losses=0
[17:25:21.484] [INFO] [HEALTH] state=DANGER
[17:25:21.484] [WARNING] [EXEC] BLOCK_BUY reason=market_health_bad mode=FAST ws_age=672 spread=5.74 stable=1/1 mid_delta=0.00 bid_delta=0.00
[17:25:21.991] [OK] [PLAN] READY entry=80411.18 exit=80414.64 profit=0.021487 age=18276ms
[17:25:22.766] [OK] [PLAN] HOT entry=80407.58 exit=80413.69 profit=0.037943 age=19049ms
[17:25:23.526] [WARNING] [HEALTH] block spread_too_young lifetime=0
[17:25:23.529] [WARNING] [HEALTH] unstable_bid delta_ticks=-309.00
[17:25:23.531] [WARNING] [HEALTH] negative_momentum ticks=-254.00
[17:25:23.532] [WARNING] [HEALTH] unstable_spread lifetime=0
[17:25:23.534] [WARNING] [EXEC] BLOCK_BUY reason=spread_too_young mode=FAST ws_age=47 spread=7.22 stable=2/1 mid_delta=-254.00 bid_delta=-309.00
[17:25:24.056] [INFO] [EXEC] GRID_MODE_ACTIVE_SKIP_SINGLE_ENTRY
[17:25:24.322] [INFO] [EXEC] STREAM_BUY_PLACED level_id=2 order_id=386554852
[17:25:24.322] [OK] [EXEC] PLACE BUY price=80395.87 qty=0.003100
[17:25:24.581] [INFO] [EXEC] STREAM_BUY_PLACED level_id=3 order_id=386554855
[17:25:24.584] [OK] [EXEC] PLACE BUY price=80395.77 qty=0.003100
[17:25:24.846] [INFO] [EXEC] STREAM_BUY_PLACED level_id=4 order_id=386554860
[17:25:24.846] [OK] [EXEC] PLACE BUY price=80395.67 qty=0.003100
[17:25:26.213] [WARNING] [EXEC] BLOCK_BUY reason=market_health_bad mode=FAST ws_age=1109 spread=6.33 stable=1/1 mid_delta=0.00 bid_delta=0.00
[17:25:27.659] [OK] [PLAN] READY entry=80402.01 exit=80405.27 profit=0.020245 age=23109ms
[17:25:29.406] [WARNING] [HEALTH] block spread_too_young lifetime=0
[17:25:29.408] [WARNING] [HEALTH] unstable_spread lifetime=0
[17:25:29.409] [WARNING] [EXEC] BLOCK_BUY reason=spread_too_young mode=FAST ws_age=1062 spread=11.83 stable=1/1 mid_delta=0.00 bid_delta=0.00
[17:25:29.412] [OK] [PLAN] HOT entry=80405.18 exit=80417.01 profit=0.073464 age=24906ms
[17:25:30.699] [INFO] [EXEC] GRID_MODE_ACTIVE_SKIP_SINGLE_ENTRY
[17:25:30.978] [INFO] [EXEC] STREAM_BUY_PLACED level_id=5 order_id=386555107
[17:25:30.979] [OK] [EXEC] PLACE BUY price=80395.57 qty=0.003100
[17:25:31.228] [INFO] [EXEC] STREAM_BUY_PLACED level_id=6 order_id=386555116
[17:25:31.244] [OK] [EXEC] PLACE BUY price=80395.47 qty=0.003100
[17:25:31.505] [INFO] [EXEC] STREAM_BUY_PLACED level_id=7 order_id=386555118
[17:25:31.507] [OK] [EXEC] PLACE BUY price=80395.37 qty=0.003100
[17:25:35.025] [WARNING] [EXEC] BLOCK_BUY reason=ws_stale mode=FAST ws_age=3469 spread=7.35 stable=1/1 mid_delta=0.00 bid_delta=0.00
[17:25:38.008] [INFO] [HEALTH] state=DANGER
[17:25:38.008] [WARNING] [EXEC] BLOCK_BUY reason=ws_stale mode=FAST ws_age=2156 spread=6.66 stable=1/1 mid_delta=0.00 bid_delta=0.00
[17:25:40.117] [WARNING] [HEALTH] block spread_too_young lifetime=0
[17:25:40.119] [WARNING] [HEALTH] unstable_spread lifetime=0
[17:25:40.120] [WARNING] [EXEC] BLOCK_BUY reason=spread_too_young mode=FAST ws_age=1953 spread=15.46 stable=1/1 mid_delta=0.00 bid_delta=0.00
[17:25:41.038] [INFO] [EXEC] STREAM_BUY_FILLED level_id=2
[17:25:41.042] [OK] [EXEC] CHUNK ADD qty=0.003100 entry=80395.87
[17:25:41.045] [INFO] [EXEC] CHUNK COUNT n=1
[17:25:41.320] [INFO] [EXEC] STREAM_SELL_PLACED stream_id=2 chunk_id=2547453384064 order_id=386555635 price=80396.17 qty=0.003100
[17:25:41.588] [INFO] [EXEC] STREAM_BUY_FILLED level_id=3
[17:25:41.588] [OK] [EXEC] CHUNK ADD qty=0.003100 entry=80395.77
[17:25:41.588] [INFO] [EXEC] CHUNK COUNT n=2
[17:25:41.858] [INFO] [EXEC] STREAM_SELL_PLACED stream_id=3 chunk_id=2547453386128 order_id=386555650 price=80396.07 qty=0.003100
[17:25:42.134] [INFO] [EXEC] STREAM_BUY_FILLED level_id=4
[17:25:42.134] [OK] [EXEC] CHUNK ADD qty=0.003100 entry=80395.67
[17:25:42.134] [INFO] [EXEC] CHUNK COUNT n=3
[17:25:42.412] [INFO] [EXEC] STREAM_SELL_PLACED stream_id=4 chunk_id=2547453390832 order_id=386555672 price=80395.97 qty=0.003100
[17:25:42.696] [INFO] [EXEC] STREAM_BUY_FILLED level_id=5
[17:25:42.696] [OK] [EXEC] CHUNK ADD qty=0.003100 entry=80395.57
[17:25:42.696] [INFO] [EXEC] CHUNK COUNT n=4
[17:25:42.965] [INFO] [EXEC] STREAM_SELL_PLACED stream_id=5 chunk_id=2547453381568 order_id=386555682 price=80395.87 qty=0.003100
[17:25:43.243] [INFO] [EXEC] STREAM_BUY_FILLED level_id=6
[17:25:43.244] [OK] [EXEC] CHUNK ADD qty=0.003100 entry=80395.47
[17:25:43.245] [INFO] [EXEC] CHUNK COUNT n=5
[17:25:43.513] [INFO] [EXEC] STREAM_SELL_PLACED stream_id=6 chunk_id=2547453382336 order_id=386555692 price=80395.77 qty=0.003100
[17:25:43.806] [INFO] [EXEC] STREAM_BUY_FILLED level_id=7
[17:25:43.806] [OK] [EXEC] CHUNK ADD qty=0.003100 entry=80395.37
[17:25:43.806] [INFO] [EXEC] CHUNK COUNT n=6
[17:25:44.088] [INFO] [EXEC] STREAM_SELL_PLACED stream_id=7 chunk_id=2547453490144 order_id=386555717 price=80395.67 qty=0.003100
[17:25:44.337] [INFO] [EXEC] STREAM_SELL_STATUS stream_id=2 chunk_id=2547453384064 order_id=386555635 status=FILLED
[17:25:44.353] [INFO] [EXEC] STREAM_SELL_FILLED stream_id=2 chunk_id=2547453384064 order_id=386555635
[17:25:44.353] [OK] [EXEC] FIFO CLOSE qty=0.003100 entry=80395.87 exit=80396.17 pnl=+0.000930
[17:25:44.353] [INFO] [EXEC] STREAM_PNL stream_id=2 pnl=+0.000930
[17:25:44.353] [OK] [EXEC] REALIZED pnl=+0.000930
[17:25:44.353] [INFO] [EXEC] STREAM_RECYCLED level_id=2
[17:25:44.353] [INFO] [EXEC] STREAM_RECYCLED stream_id=2
[17:25:44.623] [INFO] [EXEC] STREAM_SELL_STATUS stream_id=3 chunk_id=2547453386128 order_id=386555650 status=FILLED
[17:25:44.626] [INFO] [EXEC] STREAM_SELL_FILLED stream_id=3 chunk_id=2547453386128 order_id=386555650
[17:25:44.628] [OK] [EXEC] FIFO CLOSE qty=0.003100 entry=80395.77 exit=80396.07 pnl=+0.000930
[17:25:44.629] [INFO] [EXEC] STREAM_PNL stream_id=3 pnl=+0.000930
[17:25:44.630] [OK] [EXEC] REALIZED pnl=+0.000930
[17:25:44.631] [INFO] [EXEC] STREAM_RECYCLED level_id=3
[17:25:44.632] [INFO] [EXEC] STREAM_RECYCLED stream_id=3
[17:25:44.893] [INFO] [EXEC] STREAM_SELL_STATUS stream_id=4 chunk_id=2547453390832 order_id=386555672 status=FILLED
[17:25:44.909] [INFO] [EXEC] STREAM_SELL_FILLED stream_id=4 chunk_id=2547453390832 order_id=386555672
[17:25:44.909] [OK] [EXEC] FIFO CLOSE qty=0.003100 entry=80395.67 exit=80395.97 pnl=+0.000930
[17:25:44.909] [INFO] [EXEC] STREAM_PNL stream_id=4 pnl=+0.000930
[17:25:44.909] [OK] [EXEC] REALIZED pnl=+0.000930
[17:25:44.909] [INFO] [EXEC] STREAM_RECYCLED level_id=4
[17:25:44.909] [INFO] [EXEC] STREAM_RECYCLED stream_id=4
[17:25:45.212] [INFO] [EXEC] STREAM_SELL_STATUS stream_id=5 chunk_id=2547453381568 order_id=386555682 status=FILLED
[17:25:45.212] [INFO] [EXEC] STREAM_SELL_FILLED stream_id=5 chunk_id=2547453381568 order_id=386555682
[17:25:45.212] [OK] [EXEC] FIFO CLOSE qty=0.003100 entry=80395.57 exit=80395.87 pnl=+0.000930
[17:25:45.228] [INFO] [EXEC] STREAM_PNL stream_id=5 pnl=+0.000930
[17:25:45.231] [OK] [EXEC] REALIZED pnl=+0.000930
[17:25:45.233] [INFO] [EXEC] STREAM_RECYCLED level_id=5
[17:25:45.236] [INFO] [EXEC] STREAM_RECYCLED stream_id=5
[17:25:45.496] [INFO] [EXEC] STREAM_SELL_STATUS stream_id=6 chunk_id=2547453382336 order_id=386555692 status=FILLED
[17:25:45.500] [INFO] [EXEC] STREAM_SELL_FILLED stream_id=6 chunk_id=2547453382336 order_id=386555692
[17:25:45.501] [OK] [EXEC] FIFO CLOSE qty=0.003100 entry=80395.47 exit=80395.77 pnl=+0.000930
[17:25:45.502] [INFO] [EXEC] STREAM_PNL stream_id=6 pnl=+0.000930
[17:25:45.503] [OK] [EXEC] REALIZED pnl=+0.000930
[17:25:45.504] [INFO] [EXEC] STREAM_RECYCLED level_id=6
[17:25:45.505] [INFO] [EXEC] STREAM_RECYCLED stream_id=6
[17:25:45.771] [INFO] [EXEC] STREAM_SELL_STATUS stream_id=7 chunk_id=2547453490144 order_id=386555717 status=PARTIALLY_FILLED
[17:25:45.776] [WARNING] [EXEC] STATE REPAIR reason=inventory_cannot_be_flat
[17:25:45.779] [INFO] [EXEC] EXIT RECOVERY inventory_no_sell qty=0.003100
[17:25:46.039] [INFO] [EXEC] ADOPT SELL orderId=386555717 qty=0.003100 price=80395.67
[17:25:47.578] [WARNING] [EXEC] SELL_QTY_CLAMP inventory=0.003100 free=0.000017 final=0.000017
[17:25:47.838] [INFO] [EXEC] STREAM_SELL_STATUS stream_id=7 chunk_id=2547453490144 order_id=386555717 status=PARTIALLY_FILLED
[17:25:48.106] [INFO] [EXEC] SELL_WATCHDOG_SYNC orderId=386555717 status=PARTIALLY_FILLED
[17:25:48.107] [WARNING] [EXEC] SELL_WATCHDOG_FAR_CANCEL orderId=386555717 price=80395.67 ask=80392.88 dist_ticks=278
[17:25:48.635] [INFO] [EXEC] SELL_FAR_CANCEL_FINAL_STATUS status=CANCELED
[17:25:49.369] [INFO] [EXEC] STREAM_SELL_STATUS stream_id=7 chunk_id=2547453490144 order_id=386555717 status=CANCELED
[17:25:49.370] [WARNING] [EXEC] STREAM_SELL_RETRY stream_id=7 chunk_id=2547453490144 order_id=386555717 status=CANCELED
[17:25:49.639] [WARNING] [EXEC] SELL_QTY_CLAMP inventory=0.003100 free=0.003047 final=0.003047
[17:25:49.642] [WARNING] [EXEC] PLACE_SELL_STUCK_RECOVERY qty=0.003047
[17:25:50.162] [INFO] [EXEC] SELL CHECK inventory=0.003100 reported=0.000000 remaining=0.003047 chunks=1
[17:25:50.163] [INFO] [EXEC] SELL_REPRICE_FRESH_APPLIED old=80395.67 new=80389.94 ask=80389.96 bid=80378.21
[17:25:50.165] [INFO] [EXEC] SELL_REPRICE_VALIDATION old=80395.67 new=80389.94 ask=80389.96 dist_ticks=2 source=fresh_snapshot
[17:25:50.165] [WARNING] [EXEC] SELL_FLOOR_BLOCKED price=80389.94 floor=80395.38 entry=80395.37 reason=below_min_profit source=fresh_after_far_cancel
[17:25:50.165] [INFO] [EXEC] PLACE_SELL_SOURCE source=fresh_after_far_cancel price=80395.38
[17:25:50.165] [OK] [EXEC] PLACE SELL price=80395.38 qty=0.003047
[17:25:50.437] [WARNING] [EXEC] SELL_HOLD_RECOVERY_START orderId=386556170 entry=80395.37 floor=80395.38 ask=80389.96
[17:25:50.440] [OK] [EXEC] SELL ORDER SENT orderId=386556170
[17:25:51.370] [INFO] [EXEC] SELL UPSIZE old=0.003047 new=0.003100
[17:25:51.370] [WARNING] [EXEC] SELL TIMEOUT orderId=386556170
[17:25:51.370] [WARNING] [EXEC] CANCEL SELL orderId=386556170
[17:25:51.929] [INFO] [EXEC] SELL FINAL STATUS status=CANCELED orderId=386556170
[17:25:51.933] [INFO] [EXEC] SELL TIMEOUT check fast_exit
[17:25:51.936] [WARNING] [EXEC] FORCE EXIT hard_sl_triggered
[17:25:51.938] [ERROR] [EXEC] HARD SL triggered
[17:25:51.941] [WARNING] [EXEC] PANIC EXIT sl_mode
[17:25:52.196] [WARNING] [EXEC] FORCE EXIT price=80388.47
[17:25:52.212] [INFO] [EXEC] PLACE_SELL_SOURCE source=panic price=80388.47
[17:25:52.212] [OK] [EXEC] PLACE SELL price=80388.47 qty=0.003047
[17:25:52.483] [WARNING] [EXEC] PANIC START price=80388.47
[17:25:52.488] [OK] [EXEC] SELL ORDER SENT orderId=386556270
[17:25:53.674] [INFO] [EXEC] SELL_WATCHDOG_SYNC orderId=386556270 status=NEW
[17:25:53.678] [WARNING] [EXEC] SELL_WATCHDOG_FAR_CANCEL orderId=386556270 price=80388.47 ask=80385.99 dist_ticks=247
[17:25:54.224] [INFO] [EXEC] SELL_FAR_CANCEL_FINAL_STATUS status=CANCELED
[17:25:55.173] [WARNING] [EXEC] SELL_QTY_CLAMP inventory=0.003100 free=0.003047 final=0.003047
[17:25:55.173] [INFO] [EXEC] SELL CHECK inventory=0.003100 reported=0.000000 remaining=0.003047 chunks=1
[17:25:55.173] [INFO] [EXEC] SELL_REPRICE_FRESH_APPLIED old=80388.47 new=80381.81 ask=80381.83 bid=80372.79
[17:25:55.189] [INFO] [EXEC] SELL_REPRICE_VALIDATION old=80388.47 new=80381.81 ask=80381.83 dist_ticks=2 source=fresh_snapshot
[17:25:55.189] [WARNING] [EXEC] SELL_FLOOR_BLOCKED price=80381.81 floor=80395.38 entry=80395.37 reason=below_min_profit source=fresh_after_far_cancel
[17:25:55.189] [INFO] [EXEC] PLACE_SELL_SOURCE source=fresh_after_far_cancel price=80395.38
[17:25:55.189] [OK] [EXEC] PLACE SELL price=80395.38 qty=0.003047
[17:25:55.463] [OK] [EXEC] SELL ORDER SENT orderId=386556387
[17:25:56.448] [INFO] [EXEC] SELL_UPSIZE_SKIPPED reason=exit_or_panic_active
[17:25:57.464] [INFO] [EXEC] SELL_WATCHDOG_SYNC orderId=386556387 status=NEW
[17:25:57.466] [INFO] [EXEC] SELL_WATCHDOG_FAR_IGNORE orderId=386556387 reason=protected_sell dist_ticks=938
[17:25:58.239] [WARNING] [EXEC] SELL_QTY_CLAMP inventory=0.003100 free=0.003047 final=0.003047
[17:25:58.510] [INFO] [EXEC] SELL_WATCHDOG_SYNC orderId=386556387 status=NEW
[17:26:00.775] [INFO] [EXEC] HOLD_PROTECTED_SKIP_EXIT_ESCALATION reason=force_flat_after_ms orderId=386556387 hold_age=5305 soft=5000 hard=12000
[17:26:01.806] [INFO] [EXEC] SELL_WATCHDOG_SYNC orderId=386556387 status=NEW
[17:26:01.806] [WARNING] [EXEC] SMART_EXIT_ACTIVE
[17:26:01.806] [WARNING] [EXEC] SMART_EXIT_BREAK_HOLD reason=too_far age=6321 dist_ticks=1510
[17:26:02.337] [WARNING] [EXEC] SMART_EXIT_TO_PANIC reason=taker_trigger_failed_after_break_hold
[17:26:03.025] [WARNING] [SYNC] desync fixed
[17:26:03.025] [WARNING] [EXEC] SMART_EXIT_ORPHAN_INVENTORY qty=0.003100
[17:26:03.025] [WARNING] [EXEC] SMART_EXIT_PANIC_RETRY reason=inventory_no_sell attempt=1
[17:26:03.025] [WARNING] [EXEC] EXIT_FAIL reason=smart_exit_inventory_no_sell force_exit
[17:26:03.025] [WARNING] [EXEC] PANIC HOLD active orderId=386556270
[17:26:03.245] [WARNING] [EXEC] SMART_EXIT_ORPHAN_INVENTORY qty=0.003100
[17:26:03.248] [WARNING] [EXEC] SMART_EXIT_PANIC_RETRY reason=inventory_no_sell attempt=3
[17:26:03.249] [WARNING] [EXEC] EXIT_FAIL reason=smart_exit_inventory_no_sell force_exit
[17:26:03.250] [WARNING] [EXEC] PANIC HOLD active orderId=386556270
[17:26:03.777] [WARNING] [EXEC] SMART_EXIT_ORPHAN_INVENTORY qty=0.003100
[17:26:03.780] [WARNING] [EXEC] SMART_EXIT_PANIC_RETRY reason=inventory_no_sell attempt=5
[17:26:03.782] [WARNING] [EXEC] EXIT_FAIL reason=smart_exit_inventory_no_sell force_exit
[17:26:03.783] [WARNING] [EXEC] PANIC HOLD active orderId=386556270
[17:26:04.539] [WARNING] [EXEC] SELL_QTY_CLAMP inventory=0.003100 free=0.003047 final=0.003047
[17:26:04.541] [WARNING] [EXEC] SMART_EXIT_ORPHAN_INVENTORY qty=0.003100
[17:26:04.541] [WARNING] [EXEC] SMART_EXIT_PANIC_RETRY reason=inventory_no_sell attempt=7
[17:26:04.541] [WARNING] [EXEC] EXIT_FAIL reason=smart_exit_inventory_no_sell force_exit
[17:26:04.541] [WARNING] [EXEC] PANIC HOLD active orderId=386556270
[17:26:05.048] [WARNING] [EXEC] SMART_EXIT_ORPHAN_INVENTORY qty=0.003100
[17:26:05.052] [ERROR] [EXEC] SMART_EXIT_MAX_ATTEMPTS attempts=9 qty=0.003100
[17:26:05.544] [WARNING] [EXEC] SMART_EXIT_ORPHAN_INVENTORY qty=0.003100
[17:26:05.548] [ERROR] [EXEC] SMART_EXIT_MAX_ATTEMPTS attempts=10 qty=0.003100
[17:26:06.045] [WARNING] [EXEC] SMART_EXIT_ORPHAN_INVENTORY qty=0.003100
[17:26:06.049] [ERROR] [EXEC] SMART_EXIT_MAX_ATTEMPTS attempts=11 qty=0.003100
[17:26:06.548] [WARNING] [EXEC] SMART_EXIT_ORPHAN_INVENTORY qty=0.003100
[17:26:06.552] [ERROR] [EXEC] SMART_EXIT_MAX_ATTEMPTS attempts=12 qty=0.003100
[17:26:07.046] [WARNING] [EXEC] SMART_EXIT_ORPHAN_INVENTORY qty=0.003100
[17:26:07.049] [ERROR] [EXEC] SMART_EXIT_MAX_ATTEMPTS attempts=13 qty=0.003100
[17:26:07.543] [WARNING] [EXEC] SELL_QTY_CLAMP inventory=0.003100 free=0.003047 final=0.003047
[17:26:07.547] [WARNING] [EXEC] SMART_EXIT_ORPHAN_INVENTORY qty=0.003100
[17:26:07.549] [ERROR] [EXEC] SMART_EXIT_MAX_ATTEMPTS attempts=14 qty=0.003100
[17:26:08.057] [WARNING] [EXEC] SMART_EXIT_ORPHAN_INVENTORY qty=0.003100
[17:26:08.061] [ERROR] [EXEC] SMART_EXIT_MAX_ATTEMPTS attempts=15 qty=0.003100
[17:26:08.558] [WARNING] [EXEC] SMART_EXIT_ORPHAN_INVENTORY qty=0.003100
[17:26:08.565] [ERROR] [EXEC] SMART_EXIT_MAX_ATTEMPTS attempts=16 qty=0.003100
[17:26:09.072] [WARNING] [EXEC] SMART_EXIT_ORPHAN_INVENTORY qty=0.003100
[17:26:09.075] [ERROR] [EXEC] SMART_EXIT_MAX_ATTEMPTS attempts=17 qty=0.003100
[17:26:09.591] [WARNING] [EXEC] SMART_EXIT_ORPHAN_INVENTORY qty=0.003100
[17:26:09.594] [ERROR] [EXEC] SMART_EXIT_MAX_ATTEMPTS attempts=18 qty=0.003100
[17:26:10.354] [WARNING] [EXEC] SMART_EXIT_ORPHAN_INVENTORY qty=0.003100
[17:26:10.354] [ERROR] [EXEC] SMART_EXIT_MAX_ATTEMPTS attempts=19 qty=0.003100
[17:26:10.870] [WARNING] [EXEC] SELL_QTY_CLAMP inventory=0.003100 free=0.003047 final=0.003047
[17:26:10.874] [WARNING] [EXEC] SMART_EXIT_ORPHAN_INVENTORY qty=0.003100
[17:26:10.876] [ERROR] [EXEC] SMART_EXIT_MAX_ATTEMPTS attempts=20 qty=0.003100
[17:26:11.385] [WARNING] [EXEC] SMART_EXIT_ORPHAN_INVENTORY qty=0.003100
[17:26:11.386] [ERROR] [EXEC] SMART_EXIT_MAX_ATTEMPTS attempts=21 qty=0.003100
[17:26:11.890] [WARNING] [EXEC] SMART_EXIT_ORPHAN_INVENTORY qty=0.003100
[17:26:11.890] [ERROR] [EXEC] SMART_EXIT_MAX_ATTEMPTS attempts=22 qty=0.003100
[17:26:12.385] [WARNING] [EXEC] SMART_EXIT_ORPHAN_INVENTORY qty=0.003100
[17:26:12.385] [ERROR] [EXEC] SMART_EXIT_MAX_ATTEMPTS attempts=23 qty=0.003100
[17:26:12.905] [WARNING] [EXEC] SMART_EXIT_ORPHAN_INVENTORY qty=0.003100
[17:26:12.907] [ERROR] [EXEC] SMART_EXIT_MAX_ATTEMPTS attempts=24 qty=0.003100
[17:26:13.433] [WARNING] [EXEC] SMART_EXIT_ORPHAN_INVENTORY qty=0.003100
[17:26:13.436] [ERROR] [EXEC] SMART_EXIT_MAX_ATTEMPTS attempts=25 qty=0.003100
[17:26:13.946] [WARNING] [EXEC] SELL_QTY_CLAMP inventory=0.003100 free=0.003047 final=0.003047
[17:26:13.949] [WARNING] [EXEC] SMART_EXIT_ORPHAN_INVENTORY qty=0.003100
[17:26:13.949] [ERROR] [EXEC] SMART_EXIT_MAX_ATTEMPTS attempts=26 qty=0.003100
[17:26:14.446] [WARNING] [EXEC] SMART_EXIT_ORPHAN_INVENTORY qty=0.003100
[17:26:14.447] [ERROR] [EXEC] SMART_EXIT_MAX_ATTEMPTS attempts=27 qty=0.003100
[17:26:14.948] [WARNING] [EXEC] SMART_EXIT_ORPHAN_INVENTORY qty=0.003100
[17:26:14.952] [ERROR] [EXEC] SMART_EXIT_MAX_ATTEMPTS attempts=28 qty=0.003100
[17:26:15.432] [WARNING] [EXEC] SMART_EXIT_ORPHAN_INVENTORY qty=0.003100
[17:26:15.432] [ERROR] [EXEC] SMART_EXIT_MAX_ATTEMPTS attempts=29 qty=0.003100
[17:26:16.107] [WARNING] [EXEC] SMART_EXIT_ORPHAN_INVENTORY qty=0.003100
[17:26:16.107] [ERROR] [EXEC] SMART_EXIT_MAX_ATTEMPTS attempts=30 qty=0.003100
[17:26:16.465] [WARNING] [EXEC] SMART_EXIT_ORPHAN_INVENTORY qty=0.003100
[17:26:16.468] [ERROR] [EXEC] SMART_EXIT_MAX_ATTEMPTS attempts=31 qty=0.003100
[17:26:16.967] [WARNING] [EXEC] SELL_QTY_CLAMP inventory=0.003100 free=0.003047 final=0.003047
[17:26:16.967] [WARNING] [EXEC] SMART_EXIT_ORPHAN_INVENTORY qty=0.003100
[17:26:16.972] [ERROR] [EXEC] SMART_EXIT_MAX_ATTEMPTS attempts=32 qty=0.003100
[17:26:17.463] [WARNING] [EXEC] SMART_EXIT_ORPHAN_INVENTORY qty=0.003100
[17:26:17.463] [ERROR] [EXEC] SMART_EXIT_MAX_ATTEMPTS attempts=33 qty=0.003100
[17:26:17.986] [WARNING] [EXEC] SMART_EXIT_ORPHAN_INVENTORY qty=0.003100
[17:26:17.989] [ERROR] [EXEC] SMART_EXIT_MAX_ATTEMPTS attempts=34 qty=0.003100
[17:26:18.479] [WARNING] [EXEC] SMART_EXIT_ORPHAN_INVENTORY qty=0.003100
[17:26:18.482] [ERROR] [EXEC] SMART_EXIT_MAX_ATTEMPTS attempts=35 qty=0.003100
[17:26:18.981] [WARNING] [EXEC] SMART_EXIT_ORPHAN_INVENTORY qty=0.003100
[17:26:18.984] [ERROR] [EXEC] SMART_EXIT_MAX_ATTEMPTS attempts=36 qty=0.003100
[17:26:19.494] [WARNING] [EXEC] SMART_EXIT_ORPHAN_INVENTORY qty=0.003100
[17:26:19.494] [ERROR] [EXEC] SMART_EXIT_MAX_ATTEMPTS attempts=37 qty=0.003100
[17:26:20.010] [WARNING] [EXEC] SELL_QTY_CLAMP inventory=0.003100 free=0.003047 final=0.003047
[17:26:20.015] [WARNING] [EXEC] SMART_EXIT_ORPHAN_INVENTORY qty=0.003100
[17:26:20.017] [ERROR] [EXEC] SMART_EXIT_MAX_ATTEMPTS attempts=38 qty=0.003100
[17:26:20.526] [WARNING] [EXEC] SMART_EXIT_ORPHAN_INVENTORY qty=0.003100
[17:26:20.526] [ERROR] [EXEC] SMART_EXIT_MAX_ATTEMPTS attempts=39 qty=0.003100
[17:26:21.026] [WARNING] [EXEC] SMART_EXIT_ORPHAN_INVENTORY qty=0.003100
[17:26:21.026] [ERROR] [EXEC] SMART_EXIT_MAX_ATTEMPTS attempts=40 qty=0.003100
[17:26:21.525] [WARNING] [EXEC] SMART_EXIT_ORPHAN_INVENTORY qty=0.003100
[17:26:21.525] [ERROR] [EXEC] SMART_EXIT_MAX_ATTEMPTS attempts=41 qty=0.003100
[17:26:22.122] [WARNING] [EXEC] SMART_EXIT_ORPHAN_INVENTORY qty=0.003100
[17:26:22.122] [ERROR] [EXEC] SMART_EXIT_MAX_ATTEMPTS attempts=42 qty=0.003100
[17:26:22.535] [WARNING] [EXEC] SMART_EXIT_ORPHAN_INVENTORY qty=0.003100
[17:26:22.538] [ERROR] [EXEC] SMART_EXIT_MAX_ATTEMPTS attempts=43 qty=0.003100
[17:26:23.042] [WARNING] [EXEC] SELL_QTY_CLAMP inventory=0.003100 free=0.003047 final=0.003047
[17:26:23.058] [WARNING] [EXEC] SMART_EXIT_ORPHAN_INVENTORY qty=0.003100
[17:26:23.060] [ERROR] [EXEC] SMART_EXIT_MAX_ATTEMPTS attempts=44 qty=0.003100
[17:26:23.557] [WARNING] [EXEC] SMART_EXIT_ORPHAN_INVENTORY qty=0.003100
[17:26:23.561] [ERROR] [EXEC] SMART_EXIT_MAX_ATTEMPTS attempts=45 qty=0.003100
[17:26:24.306] [WARNING] [EXEC] SMART_EXIT_ORPHAN_INVENTORY qty=0.003100
[17:26:24.306] [ERROR] [EXEC] SMART_EXIT_MAX_ATTEMPTS attempts=46 qty=0.003100
[17:26:24.791] [WARNING] [EXEC] SMART_EXIT_ORPHAN_INVENTORY qty=0.003100
[17:26:24.791] [ERROR] [EXEC] SMART_EXIT_MAX_ATTEMPTS attempts=47 qty=0.003100
[17:26:25.309] [WARNING] [EXEC] SMART_EXIT_ORPHAN_INVENTORY qty=0.003100
[17:26:25.312] [ERROR] [EXEC] SMART_EXIT_MAX_ATTEMPTS attempts=48 qty=0.003100
[17:26:25.838] [WARNING] [EXEC] SMART_EXIT_ORPHAN_INVENTORY qty=0.003100
[17:26:25.838] [ERROR] [EXEC] SMART_EXIT_MAX_ATTEMPTS attempts=49 qty=0.003100
[17:26:26.127] [WARNING] [EXEC] SELL_QTY_CLAMP inventory=0.003100 free=0.003047 final=0.003047
[17:26:26.130] [WARNING] [EXEC] SMART_EXIT_ORPHAN_INVENTORY qty=0.003100
[17:26:26.131] [ERROR] [EXEC] SMART_EXIT_MAX_ATTEMPTS attempts=50 qty=0.003100
[17:26:26.665] [WARNING] [EXEC] SMART_EXIT_ORPHAN_INVENTORY qty=0.003100
[17:26:26.665] [ERROR] [EXEC] SMART_EXIT_MAX_ATTEMPTS attempts=51 qty=0.003100
[17:26:27.165] [WARNING] [EXEC] SMART_EXIT_ORPHAN_INVENTORY qty=0.003100
[17:26:27.165] [ERROR] [EXEC] SMART_EXIT_MAX_ATTEMPTS attempts=52 qty=0.003100
[17:26:27.650] [WARNING] [EXEC] SMART_EXIT_ORPHAN_INVENTORY qty=0.003100
[17:26:27.650] [ERROR] [EXEC] SMART_EXIT_MAX_ATTEMPTS attempts=53 qty=0.003100
[17:26:28.415] [WARNING] [EXEC] SMART_EXIT_ORPHAN_INVENTORY qty=0.003100
[17:26:28.415] [ERROR] [EXEC] SMART_EXIT_MAX_ATTEMPTS attempts=54 qty=0.003100
[17:26:28.933] [WARNING] [EXEC] SMART_EXIT_ORPHAN_INVENTORY qty=0.003100
[17:26:28.936] [ERROR] [EXEC] SMART_EXIT_MAX_ATTEMPTS attempts=55 qty=0.003100
[17:26:29.447] [WARNING] [EXEC] SELL_QTY_CLAMP inventory=0.003100 free=0.003047 final=0.003047
[17:26:29.448] [WARNING] [EXEC] SMART_EXIT_ORPHAN_INVENTORY qty=0.003100
[17:26:29.448] [ERROR] [EXEC] SMART_EXIT_MAX_ATTEMPTS attempts=56 qty=0.003100
[17:26:29.949] [WARNING] [EXEC] SMART_EXIT_ORPHAN_INVENTORY qty=0.003100
[17:26:29.951] [ERROR] [EXEC] SMART_EXIT_MAX_ATTEMPTS attempts=57 qty=0.003100
[17:26:30.447] [WARNING] [EXEC] SMART_EXIT_ORPHAN_INVENTORY qty=0.003100
[17:26:30.447] [ERROR] [EXEC] SMART_EXIT_MAX_ATTEMPTS attempts=58 qty=0.003100
[17:26:30.969] [WARNING] [EXEC] SMART_EXIT_ORPHAN_INVENTORY qty=0.003100
[17:26:30.972] [ERROR] [EXEC] SMART_EXIT_MAX_ATTEMPTS attempts=59 qty=0.003100
[17:26:31.478] [WARNING] [EXEC] SMART_EXIT_ORPHAN_INVENTORY qty=0.003100
[17:26:31.478] [ERROR] [EXEC] SMART_EXIT_MAX_ATTEMPTS attempts=60 qty=0.003100
[17:26:31.980] [WARNING] [EXEC] SMART_EXIT_ORPHAN_INVENTORY qty=0.003100
[17:26:31.984] [ERROR] [EXEC] SMART_EXIT_MAX_ATTEMPTS attempts=61 qty=0.003100
[17:26:32.479] [WARNING] [EXEC] SELL_QTY_CLAMP inventory=0.003100 free=0.003047 final=0.003047
[17:26:32.484] [WARNING] [EXEC] SMART_EXIT_ORPHAN_INVENTORY qty=0.003100
[17:26:32.485] [ERROR] [EXEC] SMART_EXIT_MAX_ATTEMPTS attempts=62 qty=0.003100
[17:26:32.985] [WARNING] [EXEC] SMART_EXIT_ORPHAN_INVENTORY qty=0.003100
[17:26:32.988] [ERROR] [EXEC] SMART_EXIT_MAX_ATTEMPTS attempts=63 qty=0.003100
[17:26:34.136] [WARNING] [EXEC] SMART_EXIT_ORPHAN_INVENTORY qty=0.003100
[17:26:34.139] [ERROR] [EXEC] SMART_EXIT_MAX_ATTEMPTS attempts=64 qty=0.003100
[17:26:35.024] [WARNING] [EXEC] SMART_EXIT_ORPHAN_INVENTORY qty=0.003100
[17:26:35.024] [ERROR] [EXEC] SMART_EXIT_MAX_ATTEMPTS attempts=65 qty=0.003100
[17:26:35.525] [WARNING] [EXEC] SELL_QTY_CLAMP inventory=0.003100 free=0.003047 final=0.003047
[17:26:35.525] [WARNING] [EXEC] SMART_EXIT_ORPHAN_INVENTORY qty=0.003100
[17:26:35.525] [ERROR] [EXEC] SMART_EXIT_MAX_ATTEMPTS attempts=66 qty=0.003100
[17:26:36.024] [WARNING] [EXEC] SMART_EXIT_ORPHAN_INVENTORY qty=0.003100
[17:26:36.024] [ERROR] [EXEC] SMART_EXIT_MAX_ATTEMPTS attempts=67 qty=0.003100
[17:26:36.510] [WARNING] [EXEC] SMART_EXIT_ORPHAN_INVENTORY qty=0.003100
[17:26:36.510] [ERROR] [EXEC] SMART_EXIT_MAX_ATTEMPTS attempts=68 qty=0.003100
[17:26:37.041] [WARNING] [EXEC] SMART_EXIT_ORPHAN_INVENTORY qty=0.003100
[17:26:37.041] [ERROR] [EXEC] SMART_EXIT_MAX_ATTEMPTS attempts=69 qty=0.003100
[17:26:38.041] [WARNING] [EXEC] SMART_EXIT_ORPHAN_INVENTORY qty=0.003100
[17:26:38.041] [ERROR] [EXEC] SMART_EXIT_MAX_ATTEMPTS attempts=70 qty=0.003100
[17:26:38.572] [WARNING] [EXEC] SELL_QTY_CLAMP inventory=0.003100 free=0.003047 final=0.003047
[17:26:38.576] [WARNING] [EXEC] SMART_EXIT_ORPHAN_INVENTORY qty=0.003100
[17:26:38.580] [ERROR] [EXEC] SMART_EXIT_MAX_ATTEMPTS attempts=71 qty=0.003100
[17:26:39.071] [WARNING] [EXEC] SMART_EXIT_ORPHAN_INVENTORY qty=0.003100
[17:26:39.073] [ERROR] [EXEC] SMART_EXIT_MAX_ATTEMPTS attempts=72 qty=0.003100
[17:26:39.556] [WARNING] [EXEC] SMART_EXIT_ORPHAN_INVENTORY qty=0.003100
[17:26:39.556] [ERROR] [EXEC] SMART_EXIT_MAX_ATTEMPTS attempts=73 qty=0.003100
[17:26:40.154] [WARNING] [EXEC] SMART_EXIT_ORPHAN_INVENTORY qty=0.003100
[17:26:40.155] [ERROR] [EXEC] SMART_EXIT_MAX_ATTEMPTS attempts=74 qty=0.003100
[17:26:40.573] [WARNING] [EXEC] SMART_EXIT_ORPHAN_INVENTORY qty=0.003100
[17:26:40.573] [ERROR] [EXEC] SMART_EXIT_MAX_ATTEMPTS attempts=75 qty=0.003100
[17:26:40.850] [WARNING] [EXEC] SMART_EXIT_ORPHAN_INVENTORY qty=0.003100
[17:26:40.851] [ERROR] [EXEC] SMART_EXIT_MAX_ATTEMPTS attempts=76 qty=0.003100
[17:26:41.338] [WARNING] [EXEC] SMART_EXIT_ORPHAN_INVENTORY qty=0.003100
[17:26:41.338] [ERROR] [EXEC] SMART_EXIT_MAX_ATTEMPTS attempts=77 qty=0.003100
[17:26:41.854] [WARNING] [EXEC] SELL_QTY_CLAMP inventory=0.003100 free=0.003047 final=0.003047
[17:26:41.860] [WARNING] [EXEC] SMART_EXIT_ORPHAN_INVENTORY qty=0.003100
[17:26:41.860] [ERROR] [EXEC] SMART_EXIT_MAX_ATTEMPTS attempts=78 qty=0.003100
[17:26:42.356] [WARNING] [EXEC] SMART_EXIT_ORPHAN_INVENTORY qty=0.003100
[17:26:42.360] [ERROR] [EXEC] SMART_EXIT_MAX_ATTEMPTS attempts=79 qty=0.003100
[17:26:42.873] [WARNING] [EXEC] SMART_EXIT_ORPHAN_INVENTORY qty=0.003100
[17:26:42.876] [ERROR] [EXEC] SMART_EXIT_MAX_ATTEMPTS attempts=80 qty=0.003100
[17:26:43.386] [WARNING] [EXEC] SMART_EXIT_ORPHAN_INVENTORY qty=0.003100
[17:26:43.389] [ERROR] [EXEC] SMART_EXIT_MAX_ATTEMPTS attempts=81 qty=0.003100
[17:26:43.891] [WARNING] [EXEC] SMART_EXIT_ORPHAN_INVENTORY qty=0.003100
[17:26:43.894] [ERROR] [EXEC] SMART_EXIT_MAX_ATTEMPTS attempts=82 qty=0.003100
[17:26:44.387] [WARNING] [EXEC] SMART_EXIT_ORPHAN_INVENTORY qty=0.003100
[17:26:44.388] [ERROR] [EXEC] SMART_EXIT_MAX_ATTEMPTS attempts=83 qty=0.003100
[17:26:44.886] [WARNING] [EXEC] SELL_QTY_CLAMP inventory=0.003100 free=0.003047 final=0.003047
[17:26:44.886] [WARNING] [EXEC] SMART_EXIT_ORPHAN_INVENTORY qty=0.003100
[17:26:44.891] [ERROR] [EXEC] SMART_EXIT_MAX_ATTEMPTS attempts=84 qty=0.003100
[17:26:45.399] [WARNING] [EXEC] SMART_EXIT_ORPHAN_INVENTORY qty=0.003100
[17:26:45.401] [ERROR] [EXEC] SMART_EXIT_MAX_ATTEMPTS attempts=85 qty=0.003100
[17:26:46.149] [WARNING] [EXEC] SMART_EXIT_ORPHAN_INVENTORY qty=0.003100
[17:26:46.149] [ERROR] [EXEC] SMART_EXIT_MAX_ATTEMPTS attempts=86 qty=0.003100
[17:26:46.666] [WARNING] [EXEC] SMART_EXIT_ORPHAN_INVENTORY qty=0.003100
[17:26:46.666] [ERROR] [EXEC] SMART_EXIT_MAX_ATTEMPTS attempts=87 qty=0.003100
[17:26:47.184] [WARNING] [EXEC] SMART_EXIT_ORPHAN_INVENTORY qty=0.003100
[17:26:47.188] [ERROR] [EXEC] SMART_EXIT_MAX_ATTEMPTS attempts=88 qty=0.003100
[17:26:47.698] [WARNING] [EXEC] SMART_EXIT_ORPHAN_INVENTORY qty=0.003100
[17:26:47.702] [ERROR] [EXEC] SMART_EXIT_MAX_ATTEMPTS attempts=89 qty=0.003100
[17:26:48.198] [WARNING] [EXEC] SELL_QTY_CLAMP inventory=0.003100 free=0.003047 final=0.003047
[17:26:48.203] [WARNING] [EXEC] SMART_EXIT_ORPHAN_INVENTORY qty=0.003100
[17:26:48.204] [ERROR] [EXEC] SMART_EXIT_MAX_ATTEMPTS attempts=90 qty=0.003100
[17:26:48.714] [WARNING] [EXEC] SMART_EXIT_ORPHAN_INVENTORY qty=0.003100
[17:26:48.717] [ERROR] [EXEC] SMART_EXIT_MAX_ATTEMPTS attempts=91 qty=0.003100
[17:26:49.212] [WARNING] [EXEC] SMART_EXIT_ORPHAN_INVENTORY qty=0.003100
[17:26:49.212] [ERROR] [EXEC] SMART_EXIT_MAX_ATTEMPTS attempts=92 qty=0.003100
[17:26:49.712] [WARNING] [EXEC] SMART_EXIT_ORPHAN_INVENTORY qty=0.003100
[17:26:49.712] [ERROR] [EXEC] SMART_EXIT_MAX_ATTEMPTS attempts=93 qty=0.003100
[17:26:50.205] [WARNING] [EXEC] SMART_EXIT_ORPHAN_INVENTORY qty=0.003100
[17:26:50.207] [ERROR] [EXEC] SMART_EXIT_MAX_ATTEMPTS attempts=94 qty=0.003100
[17:26:50.713] [WARNING] [EXEC] SMART_EXIT_ORPHAN_INVENTORY qty=0.003100
[17:26:50.714] [ERROR] [EXEC] SMART_EXIT_MAX_ATTEMPTS attempts=95 qty=0.003100
[17:26:51.228] [WARNING] [EXEC] SELL_QTY_CLAMP inventory=0.003100 free=0.003047 final=0.003047
[17:26:51.228] [WARNING] [EXEC] SMART_EXIT_ORPHAN_INVENTORY qty=0.003100
[17:26:51.228] [ERROR] [EXEC] SMART_EXIT_MAX_ATTEMPTS attempts=96 qty=0.003100
[17:26:51.713] [WARNING] [EXEC] SMART_EXIT_ORPHAN_INVENTORY qty=0.003100
[17:26:51.714] [ERROR] [EXEC] SMART_EXIT_MAX_ATTEMPTS attempts=97 qty=0.003100
[17:26:52.479] [WARNING] [EXEC] SMART_EXIT_ORPHAN_INVENTORY qty=0.003100
[17:26:52.483] [ERROR] [EXEC] SMART_EXIT_MAX_ATTEMPTS attempts=98 qty=0.003100
[17:26:52.999] [WARNING] [EXEC] SMART_EXIT_ORPHAN_INVENTORY qty=0.003100
[17:26:53.002] [ERROR] [EXEC] SMART_EXIT_MAX_ATTEMPTS attempts=99 qty=0.003100
[17:26:53.526] [WARNING] [EXEC] SMART_EXIT_ORPHAN_INVENTORY qty=0.003100
[17:26:53.530] [ERROR] [EXEC] SMART_EXIT_MAX_ATTEMPTS attempts=100 qty=0.003100
[17:26:54.039] [WARNING] [EXEC] SMART_EXIT_ORPHAN_INVENTORY qty=0.003100
[17:26:54.042] [ERROR] [EXEC] SMART_EXIT_MAX_ATTEMPTS attempts=101 qty=0.003100
[17:26:54.541] [WARNING] [EXEC] SELL_QTY_CLAMP inventory=0.003100 free=0.003047 final=0.003047
[17:26:54.549] [WARNING] [EXEC] SMART_EXIT_ORPHAN_INVENTORY qty=0.003100
[17:26:54.552] [ERROR] [EXEC] SMART_EXIT_MAX_ATTEMPTS attempts=102 qty=0.003100
[17:26:55.037] [WARNING] [EXEC] SMART_EXIT_ORPHAN_INVENTORY qty=0.003100
[17:26:55.038] [ERROR] [EXEC] SMART_EXIT_MAX_ATTEMPTS attempts=103 qty=0.003100
[17:26:55.526] [WARNING] [EXEC] SMART_EXIT_ORPHAN_INVENTORY qty=0.003100
[17:26:55.529] [ERROR] [EXEC] SMART_EXIT_MAX_ATTEMPTS attempts=104 qty=0.003100
[17:26:56.058] [WARNING] [EXEC] SMART_EXIT_ORPHAN_INVENTORY qty=0.003100
[17:26:56.058] [ERROR] [EXEC] SMART_EXIT_MAX_ATTEMPTS attempts=105 qty=0.003100
[17:26:56.572] [WARNING] [EXEC] SMART_EXIT_ORPHAN_INVENTORY qty=0.003100
[17:26:56.575] [ERROR] [EXEC] SMART_EXIT_MAX_ATTEMPTS attempts=106 qty=0.003100
[17:26:57.074] [WARNING] [EXEC] SMART_EXIT_ORPHAN_INVENTORY qty=0.003100
[17:26:57.077] [ERROR] [EXEC] SMART_EXIT_MAX_ATTEMPTS attempts=107 qty=0.003100
[17:26:57.587] [WARNING] [EXEC] SELL_QTY_CLAMP inventory=0.003100 free=0.003047 final=0.003047
[17:26:57.588] [WARNING] [EXEC] SMART_EXIT_ORPHAN_INVENTORY qty=0.003100
[17:26:57.588] [ERROR] [EXEC] SMART_EXIT_MAX_ATTEMPTS attempts=108 qty=0.003100
[17:26:58.135] [WARNING] [EXEC] SMART_EXIT_ORPHAN_INVENTORY qty=0.003100
[17:26:58.150] [ERROR] [EXEC] SMART_EXIT_MAX_ATTEMPTS attempts=109 qty=0.003100
[17:26:58.575] [WARNING] [EXEC] SMART_EXIT_ORPHAN_INVENTORY qty=0.003100
[17:26:58.578] [ERROR] [EXEC] SMART_EXIT_MAX_ATTEMPTS attempts=110 qty=0.003100
[17:26:59.074] [WARNING] [EXEC] SMART_EXIT_ORPHAN_INVENTORY qty=0.003100
[17:26:59.077] [ERROR] [EXEC] SMART_EXIT_MAX_ATTEMPTS attempts=111 qty=0.003100
[17:26:59.590] [WARNING] [EXEC] SMART_EXIT_ORPHAN_INVENTORY qty=0.003100
[17:26:59.593] [ERROR] [EXEC] SMART_EXIT_MAX_ATTEMPTS attempts=112 qty=0.003100
[17:27:00.095] [WARNING] [EXEC] SMART_EXIT_ORPHAN_INVENTORY qty=0.003100
[17:27:00.097] [ERROR] [EXEC] SMART_EXIT_MAX_ATTEMPTS attempts=113 qty=0.003100
[17:27:00.619] [WARNING] [EXEC] SELL_QTY_CLAMP inventory=0.003100 free=0.003047 final=0.003047
[17:27:00.619] [WARNING] [EXEC] SMART_EXIT_ORPHAN_INVENTORY qty=0.003100
[17:27:00.619] [ERROR] [EXEC] SMART_EXIT_MAX_ATTEMPTS attempts=114 qty=0.003100
[17:27:01.119] [WARNING] [EXEC] SMART_EXIT_ORPHAN_INVENTORY qty=0.003100
[17:27:01.119] [ERROR] [EXEC] SMART_EXIT_MAX_ATTEMPTS attempts=115 qty=0.003100
[17:27:01.649] [WARNING] [EXEC] SMART_EXIT_ORPHAN_INVENTORY qty=0.003100
[17:27:01.651] [ERROR] [EXEC] SMART_EXIT_MAX_ATTEMPTS attempts=116 qty=0.003100
[17:27:02.136] [WARNING] [EXEC] SMART_EXIT_ORPHAN_INVENTORY qty=0.003100
[17:27:02.140] [ERROR] [EXEC] SMART_EXIT_MAX_ATTEMPTS attempts=117 qty=0.003100
[17:27:02.636] [WARNING] [EXEC] SMART_EXIT_ORPHAN_INVENTORY qty=0.003100
[17:27:02.638] [ERROR] [EXEC] SMART_EXIT_MAX_ATTEMPTS attempts=118 qty=0.003100
[17:27:03.139] [WARNING] [EXEC] SMART_EXIT_ORPHAN_INVENTORY qty=0.003100
[17:27:03.145] [ERROR] [EXEC] SMART_EXIT_MAX_ATTEMPTS attempts=119 qty=0.003100
[17:27:03.665] [WARNING] [EXEC] SELL_QTY_CLAMP inventory=0.003100 free=0.003047 final=0.003047
[17:27:03.666] [WARNING] [EXEC] SMART_EXIT_ORPHAN_INVENTORY qty=0.003100
[17:27:03.666] [ERROR] [EXEC] SMART_EXIT_MAX_ATTEMPTS attempts=120 qty=0.003100
[17:27:04.417] [WARNING] [EXEC] SMART_EXIT_ORPHAN_INVENTORY qty=0.003100
[17:27:04.422] [ERROR] [EXEC] SMART_EXIT_MAX_ATTEMPTS attempts=121 qty=0.003100
[17:27:04.932] [WARNING] [EXEC] SMART_EXIT_ORPHAN_INVENTORY qty=0.003100
[17:27:04.936] [ERROR] [EXEC] SMART_EXIT_MAX_ATTEMPTS attempts=122 qty=0.003100
[17:27:05.431] [WARNING] [EXEC] SMART_EXIT_ORPHAN_INVENTORY qty=0.003100
[17:27:05.431] [ERROR] [EXEC] SMART_EXIT_MAX_ATTEMPTS attempts=123 qty=0.003100
[17:27:05.931] [WARNING] [EXEC] SMART_EXIT_ORPHAN_INVENTORY qty=0.003100
[17:27:05.931] [ERROR] [EXEC] SMART_EXIT_MAX_ATTEMPTS attempts=124 qty=0.003100
[17:27:06.418] [WARNING] [EXEC] SMART_EXIT_ORPHAN_INVENTORY qty=0.003100
[17:27:06.422] [ERROR] [EXEC] SMART_EXIT_MAX_ATTEMPTS attempts=125 qty=0.003100
[17:27:06.948] [WARNING] [EXEC] SELL_QTY_CLAMP inventory=0.003100 free=0.003047 final=0.003047
[17:27:06.953] [WARNING] [EXEC] SMART_EXIT_ORPHAN_INVENTORY qty=0.003100
[17:27:06.953] [ERROR] [EXEC] SMART_EXIT_MAX_ATTEMPTS attempts=126 qty=0.003100
[17:27:07.447] [WARNING] [EXEC] SMART_EXIT_ORPHAN_INVENTORY qty=0.003100
[17:27:07.447] [ERROR] [EXEC] SMART_EXIT_MAX_ATTEMPTS attempts=127 qty=0.003100
[17:27:07.966] [WARNING] [EXEC] SMART_EXIT_ORPHAN_INVENTORY qty=0.003100
[17:27:07.971] [ERROR] [EXEC] SMART_EXIT_MAX_ATTEMPTS attempts=128 qty=0.003100
[17:27:08.478] [WARNING] [EXEC] SMART_EXIT_ORPHAN_INVENTORY qty=0.003100
[17:27:08.478] [ERROR] [EXEC] SMART_EXIT_MAX_ATTEMPTS attempts=129 qty=0.003100
[17:27:08.986] [WARNING] [EXEC] SMART_EXIT_ORPHAN_INVENTORY qty=0.003100
[17:27:08.988] [ERROR] [EXEC] SMART_EXIT_MAX_ATTEMPTS attempts=130 qty=0.003100
[17:27:09.494] [WARNING] [EXEC] SMART_EXIT_ORPHAN_INVENTORY qty=0.003100
[17:27:09.494] [ERROR] [EXEC] SMART_EXIT_MAX_ATTEMPTS attempts=131 qty=0.003100
[17:27:10.215] [WARNING] [EXEC] SELL_QTY_CLAMP inventory=0.003100 free=0.003047 final=0.003047
[17:27:10.220] [WARNING] [EXEC] SMART_EXIT_ORPHAN_INVENTORY qty=0.003100
[17:27:10.224] [ERROR] [EXEC] SMART_EXIT_MAX_ATTEMPTS attempts=132 qty=0.003100
[17:27:10.494] [INFO] START_CLICK received enabled=True api_ready=True running=True
[17:27:10.803] [WARNING] cancel all requested
[17:27:10.806] [WARNING] [EXEC] STOP_SAFE_MANUAL inventory=0.003100 active_order=0
[17:27:10.807] [WARNING] STOP
[17:27:13.340] [WARNING] [EXEC] SELL_QTY_CLAMP inventory=0.003100 free=0.003047 final=0.003047
