[07:31:22.060] [OK] START
[07:31:32.893] [WARNING] cancel all requested
[07:32:07.529] [OK] START
[07:32:08.277] [WARNING] [HEALTH] block spread_too_young lifetime=0
[07:32:08.277] [WARNING] [HEALTH] unstable_spread lifetime=0
[07:32:35.486] [WARNING] [HEALTH] block spread_too_young lifetime=0
[07:32:35.486] [WARNING] [HEALTH] unstable_spread lifetime=0
[07:32:41.846] [WARNING] [HEALTH] block spread_too_young lifetime=0
[07:32:41.846] [WARNING] [HEALTH] unstable_spread lifetime=0
[07:33:14.754] [WARNING] [HEALTH] block spread_too_young lifetime=0
[07:33:14.770] [WARNING] [HEALTH] unstable_spread lifetime=0
[07:33:29.348] [WARNING] [HEALTH] block spread_too_young lifetime=0
[07:33:29.348] [WARNING] [HEALTH] unstable_spread lifetime=0
[07:34:49.277] [WARNING] [HEALTH] block spread_too_young lifetime=0
[07:34:49.277] [WARNING] [HEALTH] unstable_spread lifetime=0
[07:35:37.688] [WARNING] cancel all requested
[07:35:58.388] [WARNING] STOP
[07:59:59.104] [OK] SESSION RESULT cycles=0 wins=0 losses=0 winrate=0.00% realized=+0.000000 avg=+0.000000 max_loss=+0.000000 max_win=+0.000000 stop_loss_count=0 api_errors=0
[08:00:11.442] [OK] START
[08:00:13.058] [WARNING] [HEALTH] block spread_too_young lifetime=0
[08:00:13.058] [WARNING] [HEALTH] unstable_spread lifetime=0
[08:00:13.559] [WARNING] [HEALTH] block spread_too_young lifetime=499
[08:00:14.574] [WARNING] [HEALTH] block spread_too_young lifetime=0
[08:00:16.176] [WARNING] cancel all requested
[08:00:16.441] [WARNING] STOP
[08:15:35.933] [WARNING] [HEALTH] block spread_too_young lifetime=0
[08:15:35.933] [WARNING] [HEALTH] unstable_spread lifetime=0
